  Determining projects to restore...
  All projects are up-to-date for restore.
  osu.Game -> /app/osu.Game/bin/Debug/net8.0/osu.Game.dll
  osu.Game.Rulesets.Catch -> /app/osu.Game.Rulesets.Catch/bin/Debug/net8.0/osu.Game.Rulesets.Catch.dll
  osu.Game.Rulesets.Catch.Tests -> /app/osu.Game.Rulesets.Catch.Tests/bin/Debug/net8.0/osu.Game.Rulesets.Catch.Tests.dll
Test run for /app/osu.Game.Rulesets.Catch.Tests/bin/Debug/net8.0/osu.Game.Rulesets.Catch.Tests.dll (.NETCoreApp,Version=v8.0)
Microsoft (R) Test Execution Command Line Tool Version 17.8.0 (x64)
Copyright (c) Microsoft Corporation.  All rights reserved.

Starting test execution, please wait...
A total of 1 test files matched the specified pattern.
  Failed Test("37902",[osu.Game.Rulesets.Catch.Mods.CatchModDoubleTime, osu.Game.Rulesets.Catch.Mods.CatchModHardRock, osu.Game.Rulesets.Catch.Mods.CatchModHidden]) [1 s]
  Error Message:
   Multiple failures or warnings in test:
  1) The conversion generated differing hitobjects for object at time: 13067:
Expected: {"StartTime":13067.0,"Position":320.0,"HyperDash":false}
Received: {"StartTime":13067.0,"Position":387.95868,"HyperDash":false}

  2) The conversion generated differing hitobjects for object at time: 13367:
Expected: {"StartTime":13367.0,"Position":464.0,"HyperDash":false}
Received: {"StartTime":13367.0,"Position":396.04132,"HyperDash":false}

  3) The conversion generated differing hitobjects for object at time: 13667:
Expected: {"StartTime":13667.0,"Position":484.0,"HyperDash":false}
Received: {"StartTime":13667.0,"Position":464.0,"HyperDash":false}

  4) The conversion generated differing hitobjects for object at time: 13966:
Expected: {"StartTime":13966.0,"Position":444.0,"HyperDash":false}
Received: {"StartTime":13966.0,"Position":484.0,"HyperDash":false}

  5) The conversion generated differing hitobjects for object at time: 14416:
Expected: {"StartTime":14490.0,"Position":453.15857,"HyperDash":false}
Received: {"StartTime":14490.5,"Position":466.11426,"HyperDash":false}

  6) The conversion generated differing hitobjects for object at time: 14416:
Expected: {"StartTime":14640.0,"Position":425.82608,"HyperDash":false}
Received: {"StartTime":14640.947518368572,"Position":449.69577,"HyperDash":false}

  7) The conversion generated differing hitobjects for object at time: 14416:
Expected: {"StartTime":14790.0,"Position":427.06616,"HyperDash":false}
Received: {"StartTime":14790.895036737142,"Position":400.92535,"HyperDash":false}

  8) The conversion generated differing hitobjects for object at time: 14416:
Expected: {"StartTime":14940.0,"Position":376.18622,"HyperDash":false}
Received: {"StartTime":14940.842555105713,"Position":380.08994,"HyperDash":false}

  9) The conversion generated differing hitobjects for object at time: 14416:
Expected: {"StartTime":15072.0,"Position":302.94257,"HyperDash":false}
Received: {"StartTime":15072.790073474283,"Position":312.90353,"HyperDash":false}

  10) The conversion generated differing hitobjects for object at time: 15466:
Expected: {"StartTime":15466.0,"Position":216.0,"HyperDash":false}
Received: {"StartTime":15466.0,"Position":143.00687,"HyperDash":false}

  11) The conversion generated differing hitobjects for object at time: 15766:
Expected: {"StartTime":15766.0,"Position":72.0,"HyperDash":false}
Received: {"StartTime":15766.0,"Position":144.99313,"HyperDash":false}

  12) The conversion generated differing hitobjects for object at time: 16066:
Expected: {"StartTime":16066.0,"Position":92.0,"HyperDash":false}
Received: {"StartTime":16066.0,"Position":72.0,"HyperDash":false}

  13) The conversion generated differing hitobjects for object at time: 16366:
Expected: {"StartTime":16366.0,"Position":52.0,"HyperDash":false}
Received: {"StartTime":16366.0,"Position":66.0,"HyperDash":false}

  14) The conversion generated differing hitobjects for object at time: 16815:
Expected: {"StartTime":16889.0,"Position":79.642746,"HyperDash":false}
Received: {"StartTime":16889.5,"Position":88.73607,"HyperDash":false}

  15) The conversion generated differing hitobjects for object at time: 16815:
Expected: {"StartTime":17039.0,"Position":108.5208,"HyperDash":false}
Received: {"StartTime":17039.94751836857,"Position":116.75418,"HyperDash":false}

  16) The conversion generated differing hitobjects for object at time: 16815:
Expected: {"StartTime":17189.0,"Position":172.40273,"HyperDash":false}
Received: {"StartTime":17189.895036737144,"Position":155.54431,"HyperDash":false}

  17) The conversion generated differing hitobjects for object at time: 16815:
Expected: {"StartTime":17339.0,"Position":180.85876,"HyperDash":false}
Received: {"StartTime":17339.84255510571,"Position":213.94089,"HyperDash":false}

  18) The conversion generated differing hitobjects for object at time: 16815:
Expected: {"StartTime":17471.0,"Position":249.03986,"HyperDash":false}
Received: {"StartTime":17471.790073474283,"Position":218.07224,"HyperDash":false}

  19) The conversion generated differing hitobjects for object at time: 17865:
Expected: {"StartTime":17865.0,"Position":320.0,"HyperDash":false}
Received: {"StartTime":17865.0,"Position":378.04865,"HyperDash":false}

  20) The conversion generated differing hitobjects for object at time: 18165:
Expected: {"StartTime":18165.0,"Position":432.0,"HyperDash":false}
Received: {"StartTime":18165.0,"Position":373.95135,"HyperDash":false}

  21) The conversion generated differing hitobjects for object at time: 18465:
Expected: {"StartTime":18465.0,"Position":448.0,"HyperDash":false}
Received: {"StartTime":18465.0,"Position":506.04865,"HyperDash":false}

  22) The conversion generated differing hitobjects for object at time: 18915:
Expected: {"StartTime":18915.0,"Position":484.0,"HyperDash":false}
Received: {"StartTime":18915.0,"Position":506.04865,"HyperDash":false}

  23) The conversion generated differing hitobjects for object at time: 19215:
Expected: {"StartTime":19289.0,"Position":501.08197,"HyperDash":false}
Received: {"StartTime":19289.5,"Position":487.03336,"HyperDash":false}

  24) The conversion generated differing hitobjects for object at time: 19215:
Expected: {"StartTime":19439.0,"Position":481.1128,"HyperDash":false}
Received: {"StartTime":19439.94751836857,"Position":498.95953,"HyperDash":false}

  25) The conversion generated differing hitobjects for object at time: 19215:
Expected: {"StartTime":19739.0,"Position":405.20148,"HyperDash":false}
Received: {"StartTime":19739.84255510571,"Position":411.1021,"HyperDash":false}

  26) The conversion generated differing hitobjects for object at time: 19215:
Expected: {"StartTime":19871.0,"Position":365.26773,"HyperDash":false}
Received: {"StartTime":19871.790073474283,"Position":353.2285,"HyperDash":false}

  27) The conversion generated differing hitobjects for object at time: 20264:
Expected: {"StartTime":20264.0,"Position":248.0,"HyperDash":false}
Received: {"StartTime":20264.0,"Position":178.76862,"HyperDash":false}

  28) The conversion generated differing hitobjects for object at time: 20564:
Expected: {"StartTime":20564.0,"Position":268.0,"HyperDash":false}
Received: {"StartTime":20564.0,"Position":317.23138,"HyperDash":false}

  29) The conversion generated differing hitobjects for object at time: 20864:
Expected: {"StartTime":20864.0,"Position":104.0,"HyperDash":false}
Received: {"StartTime":20864.0,"Position":176.0,"HyperDash":false}

  30) The conversion generated differing hitobjects for object at time: 21164:
Expected: {"StartTime":21164.0,"Position":248.0,"HyperDash":false}
Received: {"StartTime":21164.0,"Position":196.0,"HyperDash":false}

  31) The conversion generated differing hitobjects for object at time: 21614:
Expected: {"StartTime":21838.0,"Position":60.566063,"HyperDash":false}
Received: {"StartTime":21838.94751836857,"Position":92.6115,"HyperDash":false}

  32) The conversion generated differing hitobjects for object at time: 21614:
Expected: {"StartTime":21988.0,"Position":82.8251,"HyperDash":false}
Received: {"StartTime":21988.895036737144,"Position":103.91485,"HyperDash":false}

  33) The conversion generated differing hitobjects for object at time: 21614:
Expected: {"StartTime":22138.0,"Position":149.06264,"HyperDash":false}
Received: {"StartTime":22138.84255510571,"Position":136.147,"HyperDash":false}

  34) The conversion generated differing hitobjects for object at time: 21614:
Expected: {"StartTime":22270.0,"Position":185.73007,"HyperDash":false}
Received: {"StartTime":22270.790073474283,"Position":155.76501,"HyperDash":false}

  35) The conversion generated differing hitobjects for object at time: 22663:
Expected: {"StartTime":22737.0,"Position":291.67392,"HyperDash":false}
Received: {"StartTime":22737.5,"Position":306.97894,"HyperDash":false}

  36) The conversion generated differing hitobjects for object at time: 22663:
Expected: {"StartTime":22887.0,"Position":338.98523,"HyperDash":false}
Received: {"StartTime":22887.94751836857,"Position":354.227,"HyperDash":false}

  37) The conversion generated differing hitobjects for object at time: 22663:
Expected: {"StartTime":23037.0,"Position":383.77863,"HyperDash":false}
Received: {"StartTime":23037.895036737144,"Position":374.94406,"HyperDash":false}

  38) The conversion generated differing hitobjects for object at time: 22663:
Expected: {"StartTime":23187.0,"Position":404.46628,"HyperDash":false}
Received: {"StartTime":23187.84255510571,"Position":411.55,"HyperDash":false}

  39) The conversion generated differing hitobjects for object at time: 22663:
Expected: {"StartTime":23337.0,"Position":430.5013,"HyperDash":false}
Received: {"StartTime":23337.790073474283,"Position":426.5287,"HyperDash":false}

  40) The conversion generated differing hitobjects for object at time: 22663:
Expected: {"StartTime":23469.0,"Position":448.32254,"HyperDash":false}
Received: {"StartTime":23469.737591842855,"Position":461.32678,"HyperDash":false}

  41) The conversion generated differing hitobjects for object at time: 23863:
Expected: {"StartTime":24237.0,"Position":326.45322,"HyperDash":false}
Received: {"StartTime":24237.895036737144,"Position":351.31934,"HyperDash":false}

  42) The conversion generated differing hitobjects for object at time: 23863:
Expected: {"StartTime":24537.0,"Position":265.3847,"HyperDash":false}
Received: {"StartTime":24537.790073474283,"Position":260.30182,"HyperDash":false}

  43) The conversion generated differing hitobjects for object at time: 25063:
Expected: {"StartTime":25063.0,"Position":184.0,"HyperDash":false}
Received: {"StartTime":25063.0,"Position":187.58356,"HyperDash":false}

  44) The conversion generated differing hitobjects for object at time: 25662:
Expected: {"StartTime":25662.0,"Position":204.0,"HyperDash":false}
Received: {"StartTime":25662.0,"Position":180.41644,"HyperDash":false}

  45) The conversion generated differing hitobjects for object at time: 26262:
Expected: {"StartTime":26262.0,"Position":320.0,"HyperDash":false}
Received: {"StartTime":26262.0,"Position":459.58356,"HyperDash":false}

  46) The conversion generated differing hitobjects for object at time: 26862:
Expected: {"StartTime":26862.0,"Position":300.0,"HyperDash":false}
Received: {"StartTime":26862.0,"Position":180.41644,"HyperDash":false}

  47) The conversion generated differing hitobjects for object at time: 27612:
Expected: {"StartTime":27686.0,"Position":93.658714,"HyperDash":false}
Received: {"StartTime":27686.5,"Position":106.67656,"HyperDash":false}

  48) The conversion generated differing hitobjects for object at time: 27612:
Expected: {"StartTime":27986.0,"Position":125.09254,"HyperDash":false}
Received: {"StartTime":27986.895036737144,"Position":107.18126,"HyperDash":false}

  49) The conversion generated differing hitobjects for object at time: 27612:
Expected: {"StartTime":28268.0,"Position":210.64793,"HyperDash":false}
Received: {"StartTime":28268.790073474283,"Position":205.6865,"HyperDash":false}

  50) The conversion generated differing hitobjects for object at time: 28661:
Expected: {"StartTime":28735.0,"Position":302.1624,"HyperDash":false}
Received: {"StartTime":28735.5,"Position":299.13943,"HyperDash":false}

  51) The conversion generated differing hitobjects for object at time: 28661:
Expected: {"StartTime":28885.0,"Position":289.77716,"HyperDash":false}
Received: {"StartTime":28885.94751836857,"Position":278.71606,"HyperDash":false}

  52) The conversion generated differing hitobjects for object at time: 28661:
Expected: {"StartTime":29035.0,"Position":254.2413,"HyperDash":false}
Received: {"StartTime":29035.895036737144,"Position":285.15793,"HyperDash":false}

  53) The conversion generated differing hitobjects for object at time: 28661:
Expected: {"StartTime":29185.0,"Position":252.40117,"HyperDash":false}
Received: {"StartTime":29185.84255510571,"Position":256.31305,"HyperDash":false}

  54) The conversion generated differing hitobjects for object at time: 28661:
Expected: {"StartTime":29335.0,"Position":210.73592,"HyperDash":false}
Received: {"StartTime":29335.790073474283,"Position":189.66722,"HyperDash":false}

  55) The conversion generated differing hitobjects for object at time: 28661:
Expected: {"StartTime":29467.0,"Position":186.31813,"HyperDash":false}
Received: {"StartTime":29467.737591842855,"Position":172.28827,"HyperDash":false}

  56) The conversion generated differing hitobjects for object at time: 29861:
Expected: {"StartTime":29935.0,"Position":47.352173,"HyperDash":false}
Received: {"StartTime":29935.5,"Position":72.26605,"HyperDash":false}

  57) The conversion generated differing hitobjects for object at time: 29861:
Expected: {"StartTime":30085.0,"Position":33.71809,"HyperDash":false}
Received: {"StartTime":30085.94751836857,"Position":55.671394,"HyperDash":false}

  58) The conversion generated differing hitobjects for object at time: 29861:
Expected: {"StartTime":30235.0,"Position":57.53698,"HyperDash":false}
Received: {"StartTime":30235.895036737144,"Position":63.524178,"HyperDash":false}

  59) The conversion generated differing hitobjects for object at time: 29861:
Expected: {"StartTime":30385.0,"Position":39.74385,"HyperDash":false}
Received: {"StartTime":30385.84255510571,"Position":57.754913,"HyperDash":false}

  60) The conversion generated differing hitobjects for object at time: 29861:
Expected: {"StartTime":30667.0,"Position":81.55949,"HyperDash":false}
Received: {"StartTime":30667.737591842855,"Position":65.57733,"HyperDash":false}

  61) The conversion generated differing hitobjects for object at time: 31060:
Expected: {"StartTime":31060.0,"Position":160.0,"HyperDash":false}
Received: {"StartTime":31060.0,"Position":226.01537,"HyperDash":false}

  62) The conversion generated differing hitobjects for object at time: 31660:
Expected: {"StartTime":31660.0,"Position":432.0,"HyperDash":false}
Received: {"StartTime":31660.0,"Position":365.98462,"HyperDash":false}

  63) The conversion generated differing hitobjects for object at time: 32260:
Expected: {"StartTime":32260.0,"Position":412.0,"HyperDash":false}
Received: {"StartTime":32260.0,"Position":498.01538,"HyperDash":false}

  64) The conversion generated differing hitobjects for object at time: 32860:
Expected: {"StartTime":32860.0,"Position":432.0,"HyperDash":false}
Received: {"StartTime":32860.0,"Position":365.98462,"HyperDash":false}

  65) The conversion generated differing hitobjects for object at time: 33610:
Expected: {"StartTime":33834.0,"Position":193.20868,"HyperDash":false}
Received: {"StartTime":33834.94751836857,"Position":187.0,"HyperDash":false}

  66) The conversion generated differing hitobjects for object at time: 33610:
Expected: {"StartTime":33984.0,"Position":175.87479,"HyperDash":false}
Received: {"StartTime":33984.89503673714,"Position":167.0,"HyperDash":false}

  67) The conversion generated differing hitobjects for object at time: 33610:
Expected: {"StartTime":34116.0,"Position":211.94824,"HyperDash":false}
Received: {"StartTime":34116.842555105715,"Position":235.9979,"HyperDash":false}

  68) The conversion generated differing hitobjects for object at time: 34359:
Expected: {"StartTime":34359.0,"Position":376.0,"HyperDash":false}
Received: {"StartTime":34359.0,"Position":245.0,"HyperDash":false}

  69) The conversion generated differing hitobjects for object at time: 34659:
Expected: {"StartTime":34659.0,"Position":256.0,"HyperDash":false}
Received: {"StartTime":34659.0,"Position":276.0,"HyperDash":false}

  70) The conversion generated differing hitobjects for object at time: 34809:
Expected: {"StartTime":34883.0,"Position":283.70786,"HyperDash":false}
Received: {"StartTime":34883.5,"Position":293.0,"HyperDash":false}

  71) The conversion generated differing hitobjects for object at time: 34809:
Expected: {"StartTime":35033.0,"Position":327.79132,"HyperDash":false}
Received: {"StartTime":35033.94751836857,"Position":332.0,"HyperDash":false}

  72) The conversion generated differing hitobjects for object at time: 34809:
Expected: {"StartTime":35183.0,"Position":331.1252,"HyperDash":false}
Received: {"StartTime":35183.89503673714,"Position":319.0,"HyperDash":false}

  73) The conversion generated differing hitobjects for object at time: 34809:
Expected: {"StartTime":35315.0,"Position":273.05176,"HyperDash":false}
Received: {"StartTime":35315.842555105715,"Position":306.0021,"HyperDash":false}

  74) The conversion generated differing hitobjects for object at time: 35559:
Expected: {"StartTime":35559.0,"Position":128.0,"HyperDash":false}
Received: {"StartTime":35559.0,"Position":272.0,"HyperDash":false}

  75) The conversion generated differing hitobjects for object at time: 35859:
Expected: {"StartTime":35859.0,"Position":256.0,"HyperDash":false}
Received: {"StartTime":35859.0,"Position":276.0,"HyperDash":false}

  76) The conversion generated differing hitobjects for object at time: 36009:
Expected: {"StartTime":36083.0,"Position":230.29216,"HyperDash":false}
Received: {"StartTime":36083.5,"Position":214.0,"HyperDash":false}

  77) The conversion generated differing hitobjects for object at time: 36009:
Expected: {"StartTime":36233.0,"Position":193.20868,"HyperDash":false}
Received: {"StartTime":36233.94751836857,"Position":181.0,"HyperDash":false}

  78) The conversion generated differing hitobjects for object at time: 36009:
Expected: {"StartTime":36383.0,"Position":191.87479,"HyperDash":false}
Received: {"StartTime":36383.89503673714,"Position":198.0,"HyperDash":false}

  79) The conversion generated differing hitobjects for object at time: 36009:
Expected: {"StartTime":36515.0,"Position":241.94824,"HyperDash":false}
Received: {"StartTime":36515.842555105715,"Position":235.9979,"HyperDash":false}

  80) The conversion generated differing hitobjects for object at time: 36758:
Expected: {"StartTime":36758.0,"Position":376.0,"HyperDash":false}
Received: {"StartTime":36758.0,"Position":240.0,"HyperDash":false}

  81) The conversion generated differing hitobjects for object at time: 37058:
Expected: {"StartTime":37132.0,"Position":343.61197,"HyperDash":false}
Received: {"StartTime":37132.5,"Position":369.92874,"HyperDash":false}

  82) The conversion generated differing hitobjects for object at time: 37058:
Expected: {"StartTime":37282.0,"Position":386.73532,"HyperDash":false}
Received: {"StartTime":37282.94751836857,"Position":414.98547,"HyperDash":false}

  83) The conversion generated differing hitobjects for object at time: 37058:
Expected: {"StartTime":37432.0,"Position":438.33456,"HyperDash":false}
Received: {"StartTime":37432.89503673714,"Position":424.46957,"HyperDash":false}

  84) The conversion generated differing hitobjects for object at time: 37058:
Expected: {"StartTime":37582.0,"Position":467.3238,"HyperDash":false}
Received: {"StartTime":37582.842555105715,"Position":440.3711,"HyperDash":false}

  85) The conversion generated differing hitobjects for object at time: 37058:
Expected: {"StartTime":37732.0,"Position":439.41284,"HyperDash":false}
Received: {"StartTime":37732.79007347429,"Position":467.3711,"HyperDash":false}

  86) The conversion generated differing hitobjects for object at time: 37058:
Expected: {"StartTime":37882.0,"Position":421.56195,"HyperDash":false}
Received: {"StartTime":37882.73759184286,"Position":434.46957,"HyperDash":false}

  87) The conversion generated differing hitobjects for object at time: 37058:
Expected: {"StartTime":38182.0,"Position":348.0527,"HyperDash":false}
Received: {"StartTime":38182.63262858,"Position":344.92874,"HyperDash":false}

  88) The conversion generated differing hitobjects for object at time: 37058:
Expected: {"StartTime":38482.0,"Position":402.92593,"HyperDash":false}
Received: {"StartTime":38482.52766531714,"Position":413.98547,"HyperDash":false}

  89) The conversion generated differing hitobjects for object at time: 37058:
Expected: {"StartTime":38764.0,"Position":446.1127,"HyperDash":false}
Received: {"StartTime":38764.42270205428,"Position":436.11603,"HyperDash":false}

  90) The conversion generated differing hitobjects for object at time: 39607:
Expected: {"StartTime":39607.0,"Position":440.0,"HyperDash":false}
Received: {"StartTime":39607.0,"Position":425.16086,"HyperDash":false}

  91) The conversion generated differing hitobjects for object at time: 39907:
Expected: {"StartTime":39907.0,"Position":296.0,"HyperDash":false}
Received: {"StartTime":39907.0,"Position":310.83914,"HyperDash":false}

  92) The conversion generated differing hitobjects for object at time: 40207:
Expected: {"StartTime":40207.0,"Position":316.0,"HyperDash":false}
Received: {"StartTime":40207.0,"Position":281.16086,"HyperDash":false}

  93) The conversion generated differing hitobjects for object at time: 40357:
Expected: {"StartTime":40431.0,"Position":212.25084,"HyperDash":false}
Received: {"StartTime":40431.5,"Position":228.0,"HyperDash":false}

  94) The conversion generated differing hitobjects for object at time: 40357:
Expected: {"StartTime":40563.0,"Position":200.10367,"HyperDash":false}
Received: {"StartTime":40563.94751836857,"Position":169.0021,"HyperDash":false}

  95) The conversion generated differing hitobjects for object at time: 41107:
Expected: {"StartTime":41107.0,"Position":64.0,"HyperDash":false}
Received: {"StartTime":41107.0,"Position":20.0,"HyperDash":false}

  96) The conversion generated differing hitobjects for object at time: 41407:
Expected: {"StartTime":41407.0,"Position":256.0,"HyperDash":false}
Received: {"StartTime":41407.0,"Position":160.0,"HyperDash":false}

  97) The conversion generated differing hitobjects for object at time: 41557:
Expected: {"StartTime":41631.0,"Position":213.74916,"HyperDash":false}
Received: {"StartTime":41631.5,"Position":217.0,"HyperDash":false}

  98) The conversion generated differing hitobjects for object at time: 41557:
Expected: {"StartTime":41763.0,"Position":251.89633,"HyperDash":false}
Received: {"StartTime":41763.94751836857,"Position":258.9979,"HyperDash":false}

  99) The conversion generated differing hitobjects for object at time: 42307:
Expected: {"StartTime":42307.0,"Position":392.0,"HyperDash":false}
Received: {"StartTime":42307.0,"Position":428.0,"HyperDash":false}

  100) The conversion generated differing hitobjects for object at time: 42756:
Expected: {"StartTime":42830.0,"Position":220.25084,"HyperDash":false}
Received: {"StartTime":42830.5,"Position":247.0,"HyperDash":false}

  101) The conversion generated differing hitobjects for object at time: 42756:
Expected: {"StartTime":42962.0,"Position":205.10367,"HyperDash":false}
Received: {"StartTime":42962.94751836857,"Position":177.0021,"HyperDash":false}

  102) The conversion generated differing hitobjects for object at time: 43356:
Expected: {"StartTime":43356.0,"Position":172.0,"HyperDash":false}
Received: {"StartTime":43356.0,"Position":160.0,"HyperDash":false}

  103) The conversion generated differing hitobjects for object at time: 43506:
Expected: {"StartTime":43506.0,"Position":144.0,"HyperDash":false}
Received: {"StartTime":43506.0,"Position":156.0,"HyperDash":false}

  104) The conversion generated differing hitobjects for object at time: 43656:
Expected: {"StartTime":43656.0,"Position":172.0,"HyperDash":false}
Received: {"StartTime":43656.0,"Position":160.0,"HyperDash":false}

  105) The conversion generated differing hitobjects for object at time: 43956:
Expected: {"StartTime":43956.0,"Position":288.0,"HyperDash":false}
Received: {"StartTime":43956.0,"Position":300.0,"HyperDash":false}

  106) The conversion generated differing hitobjects for object at time: 44256:
Expected: {"StartTime":44256.0,"Position":250.0,"HyperDash":false}
Received: {"StartTime":44256.0,"Position":225.0,"HyperDash":false}

  107) The conversion generated differing hitobjects for object at time: 44856:
Expected: {"StartTime":44856.0,"Position":282.0,"HyperDash":false}
Received: {"StartTime":44856.0,"Position":322.0,"HyperDash":false}

  108) The conversion generated differing hitobjects for object at time: 45605:
Expected: {"StartTime":45679.0,"Position":263.6996,"HyperDash":false}
Received: {"StartTime":45679.5,"Position":291.0,"HyperDash":false}

  109) The conversion generated differing hitobjects for object at time: 45605:
Expected: {"StartTime":45829.0,"Position":275.23364,"HyperDash":false}
Received: {"StartTime":45829.94751836857,"Position":300.0,"HyperDash":false}

  110) The conversion generated differing hitobjects for object at time: 45605:
Expected: {"StartTime":45979.0,"Position":286.8331,"HyperDash":false}
Received: {"StartTime":45979.89503673714,"Position":265.0,"HyperDash":false}

  111) The conversion generated differing hitobjects for object at time: 45605:
Expected: {"StartTime":46129.0,"Position":293.10013,"HyperDash":false}
Received: {"StartTime":46129.842555105715,"Position":276.0,"HyperDash":false}

  112) The conversion generated differing hitobjects for object at time: 45605:
Expected: {"StartTime":46261.0,"Position":261.95862,"HyperDash":false}
Received: {"StartTime":46261.79007347429,"Position":280.9979,"HyperDash":false}

  113) The conversion generated differing hitobjects for object at time: 46655:
Expected: {"StartTime":46655.0,"Position":376.0,"HyperDash":false}
Received: {"StartTime":46655.0,"Position":446.0,"HyperDash":false}

  114) The conversion generated differing hitobjects for object at time: 47255:
Expected: {"StartTime":47255.0,"Position":459.0,"HyperDash":false}
Received: {"StartTime":47255.0,"Position":446.0,"HyperDash":false}

  115) The conversion generated differing hitobjects for object at time: 48005:
Expected: {"StartTime":48079.0,"Position":381.74918,"HyperDash":false}
Received: {"StartTime":48079.5,"Position":413.0,"HyperDash":false}

  116) The conversion generated differing hitobjects for object at time: 48005:
Expected: {"StartTime":48211.0,"Position":410.10367,"HyperDash":false}
Received: {"StartTime":48211.94751836857,"Position":395.0021,"HyperDash":false}

  117) The conversion generated differing hitobjects for object at time: 48454:
Expected: {"StartTime":48454.0,"Position":232.0,"HyperDash":false}
Received: {"StartTime":48454.0,"Position":296.0,"HyperDash":false}

  118) The conversion generated differing hitobjects for object at time: 48604:
Expected: {"StartTime":48604.0,"Position":304.0,"HyperDash":false}
Received: {"StartTime":48604.0,"Position":312.0,"HyperDash":false}

  119) The conversion generated differing hitobjects for object at time: 48754:
Expected: {"StartTime":48754.0,"Position":224.0,"HyperDash":false}
Received: {"StartTime":48754.0,"Position":216.0,"HyperDash":false}

  120) The conversion generated differing hitobjects for object at time: 49054:
Expected: {"StartTime":49054.0,"Position":160.0,"HyperDash":false}
Received: {"StartTime":49054.0,"Position":168.0,"HyperDash":false}

  121) The conversion generated differing hitobjects for object at time: 49354:
Expected: {"StartTime":49354.0,"Position":80.0,"HyperDash":false}
Received: {"StartTime":49354.0,"Position":72.0,"HyperDash":false}

  122) The conversion generated differing hitobjects for object at time: 49654:
Expected: {"StartTime":49654.0,"Position":16.0,"HyperDash":false}
Received: {"StartTime":49654.0,"Position":24.0,"HyperDash":false}

  123) The conversion generated differing hitobjects for object at time: 49954:
Expected: {"StartTime":49954.0,"Position":80.0,"HyperDash":false}
Received: {"StartTime":49954.0,"Position":72.0,"HyperDash":false}

  124) The conversion generated differing hitobjects for object at time: 50704:
Expected: {"StartTime":50760.0,"Position":160.79195,"HyperDash":false}
Received: {"StartTime":50760.5,"Position":136.9979,"HyperDash":false}

  125) The conversion generated differing hitobjects for object at time: 51003:
Expected: {"StartTime":51059.0,"Position":255.79195,"HyperDash":false}
Received: {"StartTime":51059.5,"Position":245.9979,"HyperDash":false}

  126) The conversion generated differing hitobjects for object at time: 51453:
Expected: {"StartTime":51453.0,"Position":400.0,"HyperDash":false}
Received: {"StartTime":51453.0,"Position":414.0,"HyperDash":false}

  127) The conversion generated differing hitobjects for object at time: 51753:
Expected: {"StartTime":51753.0,"Position":432.0,"HyperDash":false}
Received: {"StartTime":51753.0,"Position":418.0,"HyperDash":false}

  128) The conversion generated differing hitobjects for object at time: 52353:
Expected: {"StartTime":52353.0,"Position":507.0,"HyperDash":false}
Received: {"StartTime":52353.0,"Position":499.0,"HyperDash":false}

  129) The conversion generated differing hitobjects for object at time: 52503:
Expected: {"StartTime":52503.0,"Position":508.0,"HyperDash":false}
Received: {"StartTime":52503.0,"Position":468.0,"HyperDash":false}

  130) The conversion generated differing hitobjects for object at time: 52803:
Expected: {"StartTime":53027.0,"Position":471.83298,"HyperDash":false}
Received: {"StartTime":53027.94751836857,"Position":454.0,"HyperDash":false}

  131) The conversion generated differing hitobjects for object at time: 52803:
Expected: {"StartTime":53159.0,"Position":476.06903,"HyperDash":false}
Received: {"StartTime":53159.89503673714,"Position":463.0021,"HyperDash":false}

  132) The conversion generated differing hitobjects for object at time: 53403:
Expected: {"StartTime":53403.0,"Position":368.0,"HyperDash":false}
Received: {"StartTime":53403.0,"Position":362.0,"HyperDash":false}

  133) The conversion generated differing hitobjects for object at time: 53553:
Expected: {"StartTime":53627.0,"Position":341.4955,"HyperDash":false}
Received: {"StartTime":53627.5,"Position":353.2102,"HyperDash":false}

  134) The conversion generated differing hitobjects for object at time: 53553:
Expected: {"StartTime":53777.0,"Position":295.8305,"HyperDash":false}
Received: {"StartTime":53777.94751836857,"Position":308.70248,"HyperDash":false}

  135) The conversion generated differing hitobjects for object at time: 53553:
Expected: {"StartTime":53927.0,"Position":294.62567,"HyperDash":false}
Received: {"StartTime":53927.89503673714,"Position":300.70248,"HyperDash":false}

  136) The conversion generated differing hitobjects for object at time: 54452:
Expected: {"StartTime":54526.0,"Position":361.6083,"HyperDash":false}
Received: {"StartTime":54526.5,"Position":355.47726,"HyperDash":false}

  137) The conversion generated differing hitobjects for object at time: 54452:
Expected: {"StartTime":54676.0,"Position":309.5409,"HyperDash":false}
Received: {"StartTime":54676.94751836857,"Position":321.33023,"HyperDash":false}

  138) The conversion generated differing hitobjects for object at time: 54452:
Expected: {"StartTime":54826.0,"Position":280.76968,"HyperDash":false}
Received: {"StartTime":54826.89503673714,"Position":292.60538,"HyperDash":false}

  139) The conversion generated differing hitobjects for object at time: 54452:
Expected: {"StartTime":54976.0,"Position":235.98103,"HyperDash":false}
Received: {"StartTime":54976.842555105715,"Position":244.88097,"HyperDash":false}

  140) The conversion generated differing hitobjects for object at time: 54452:
Expected: {"StartTime":55108.0,"Position":198.93166,"HyperDash":false}
Received: {"StartTime":55108.79007347429,"Position":180.8924,"HyperDash":false}

  141) The conversion generated differing hitobjects for object at time: 60000:
Expected: {"StartTime":60074.0,"Position":256.3498,"HyperDash":false}
Received: {"StartTime":60074.75,"Position":276.5,"HyperDash":false}

  142) The conversion generated differing hitobjects for object at time: 60000:
Expected: {"StartTime":60149.0,"Position":264.8665,"HyperDash":false}
Received: {"StartTime":60149.5,"Position":281.0,"HyperDash":false}

  143) The conversion generated differing hitobjects for object at time: 60000:
Expected: {"StartTime":60224.0,"Position":286.38318,"HyperDash":false}
Received: {"StartTime":60224.25,"Position":308.5,"HyperDash":false}

  144) The conversion generated differing hitobjects for object at time: 60000:
Expected: {"StartTime":60374.0,"Position":314.41656,"HyperDash":false}
Received: {"StartTime":60374.89503673714,"Position":303.5,"HyperDash":false}

  145) The conversion generated differing hitobjects for object at time: 60000:
Expected: {"StartTime":60449.0,"Position":335.93323,"HyperDash":false}
Received: {"StartTime":60449.89503673714,"Position":325.0,"HyperDash":false}

  146) The conversion generated differing hitobjects for object at time: 60000:
Expected: {"StartTime":60524.0,"Position":344.44992,"HyperDash":false}
Received: {"StartTime":60524.89503673714,"Position":326.5,"HyperDash":false}

  147) The conversion generated differing hitobjects for object at time: 60000:
Expected: {"StartTime":60656.0,"Position":381.4793,"HyperDash":false}
Received: {"StartTime":60656.79007347429,"Position":370.49896,"HyperDash":false}

  148) The conversion generated differing hitobjects for object at time: 61050:
Expected: {"StartTime":61124.0,"Position":413.0,"HyperDash":false}
Received: {"StartTime":61124.75,"Position":417.0,"HyperDash":false}

  149) The conversion generated differing hitobjects for object at time: 61050:
Expected: {"StartTime":61199.0,"Position":430.0,"HyperDash":false}
Received: {"StartTime":61199.5,"Position":415.0,"HyperDash":false}

  150) The conversion generated differing hitobjects for object at time: 61050:
Expected: {"StartTime":61274.0,"Position":403.0,"HyperDash":false}
Received: {"StartTime":61274.25,"Position":432.0,"HyperDash":false}

  151) The conversion generated differing hitobjects for object at time: 61050:
Expected: {"StartTime":61424.0,"Position":404.0,"HyperDash":false}
Received: {"StartTime":61424.89503673714,"Position":430.0,"HyperDash":false}

  152) The conversion generated differing hitobjects for object at time: 61050:
Expected: {"StartTime":61499.0,"Position":419.0,"HyperDash":false}
Received: {"StartTime":61499.89503673714,"Position":404.0,"HyperDash":false}

  153) The conversion generated differing hitobjects for object at time: 61050:
Expected: {"StartTime":61574.0,"Position":426.0,"HyperDash":false}
Received: {"StartTime":61574.89503673714,"Position":416.0,"HyperDash":false}

  154) The conversion generated differing hitobjects for object at time: 61050:
Expected: {"StartTime":61715.0,"Position":396.0,"HyperDash":false}
Received: {"StartTime":61715.79007347429,"Position":419.0,"HyperDash":false}

  155) The conversion generated differing hitobjects for object at time: 61050:
Expected: {"StartTime":61781.0,"Position":420.0,"HyperDash":false}
Received: {"StartTime":61781.79007347429,"Position":426.0,"HyperDash":false}

  156) The conversion generated differing hitobjects for object at time: 61050:
Expected: {"StartTime":61847.0,"Position":421.0,"HyperDash":false}
Received: {"StartTime":61847.79007347429,"Position":413.0,"HyperDash":false}

  157) The conversion generated differing hitobjects for object at time: 62250:
Expected: {"StartTime":62324.0,"Position":403.65295,"HyperDash":false}
Received: {"StartTime":62324.75,"Position":384.5,"HyperDash":false}

  158) The conversion generated differing hitobjects for object at time: 62250:
Expected: {"StartTime":62399.0,"Position":373.13904,"HyperDash":false}
Received: {"StartTime":62399.5,"Position":395.0,"HyperDash":false}

  159) The conversion generated differing hitobjects for object at time: 62250:
Expected: {"StartTime":62474.0,"Position":359.62512,"HyperDash":false}
Received: {"StartTime":62474.25,"Position":383.5,"HyperDash":false}

  160) The conversion generated differing hitobjects for object at time: 62250:
Expected: {"StartTime":62624.0,"Position":362.59732,"HyperDash":false}
Received: {"StartTime":62624.89503673714,"Position":336.5,"HyperDash":false}

  161) The conversion generated differing hitobjects for object at time: 62250:
Expected: {"StartTime":62699.0,"Position":334.08344,"HyperDash":false}
Received: {"StartTime":62699.89503673714,"Position":323.0,"HyperDash":false}

  162) The conversion generated differing hitobjects for object at time: 62250:
Expected: {"StartTime":62774.0,"Position":344.56952,"HyperDash":false}
Received: {"StartTime":62774.89503673714,"Position":318.5,"HyperDash":false}

  163) The conversion generated differing hitobjects for object at time: 62250:
Expected: {"StartTime":62981.0,"Position":275.03116,"HyperDash":false}
Received: {"StartTime":62981.79007347429,"Position":310.00104,"HyperDash":false}

  164) The conversion generated differing hitobjects for object at time: 62250:
Expected: {"StartTime":63047.0,"Position":265.01892,"HyperDash":false}
Received: {"StartTime":63047.79007347429,"Position":297.0016,"HyperDash":false}

  165) The conversion generated differing hitobjects for object at time: 63449:
Expected: {"StartTime":63523.0,"Position":246.0,"HyperDash":false}
Received: {"StartTime":63523.75,"Position":226.0,"HyperDash":false}

  166) The conversion generated differing hitobjects for object at time: 63449:
Expected: {"StartTime":63598.0,"Position":233.0,"HyperDash":false}
Received: {"StartTime":63598.5,"Position":214.0,"HyperDash":false}

  167) The conversion generated differing hitobjects for object at time: 63449:
Expected: {"StartTime":63673.0,"Position":236.0,"HyperDash":false}
Received: {"StartTime":63673.25,"Position":215.0,"HyperDash":false}

  168) The conversion generated differing hitobjects for object at time: 63449:
Expected: {"StartTime":63823.0,"Position":219.0,"HyperDash":false}
Received: {"StartTime":63823.89503673714,"Position":233.0,"HyperDash":false}

  169) The conversion generated differing hitobjects for object at time: 63449:
Expected: {"StartTime":63898.0,"Position":231.0,"HyperDash":false}
Received: {"StartTime":63898.89503673714,"Position":236.0,"HyperDash":false}

  170) The conversion generated differing hitobjects for object at time: 63449:
Expected: {"StartTime":63973.0,"Position":242.0,"HyperDash":false}
Received: {"StartTime":63973.89503673714,"Position":230.0,"HyperDash":false}

  171) The conversion generated differing hitobjects for object at time: 63449:
Expected: {"StartTime":64123.0,"Position":228.0,"HyperDash":false}
Received: {"StartTime":64123.79007347429,"Position":232.0,"HyperDash":false}

  172) The conversion generated differing hitobjects for object at time: 63449:
Expected: {"StartTime":64198.0,"Position":215.0,"HyperDash":false}
Received: {"StartTime":64198.79007347429,"Position":242.0,"HyperDash":false}

  173) The conversion generated differing hitobjects for object at time: 63449:
Expected: {"StartTime":64273.0,"Position":243.0,"HyperDash":false}
Received: {"StartTime":64273.79007347429,"Position":215.0,"HyperDash":false}

  174) The conversion generated differing hitobjects for object at time: 63449:
Expected: {"StartTime":64405.0,"Position":249.0,"HyperDash":false}
Received: {"StartTime":64405.68511021142,"Position":216.0,"HyperDash":false}

  175) The conversion generated differing hitobjects for object at time: 64799:
Expected: {"StartTime":65023.0,"Position":84.25028,"HyperDash":false}
Received: {"StartTime":65023.94751836857,"Position":102.0,"HyperDash":false}

  176) The conversion generated differing hitobjects for object at time: 64799:
Expected: {"StartTime":65473.0,"Position":122.08342,"HyperDash":false}
Received: {"StartTime":65473.79007347429,"Position":147.0,"HyperDash":false}

  177) The conversion generated differing hitobjects for object at time: 64799:
Expected: {"StartTime":65605.0,"Position":79.03449,"HyperDash":false}
Received: {"StartTime":65605.73759184286,"Position":92.0021,"HyperDash":false}

  178) The conversion generated differing hitobjects for object at time: 65998:
Expected: {"StartTime":65998.0,"Position":56.0,"HyperDash":false}
Received: {"StartTime":65998.0,"Position":52.0,"HyperDash":false}

  179) The conversion generated differing hitobjects for object at time: 66298:
Expected: {"StartTime":66298.0,"Position":36.0,"HyperDash":false}
Received: {"StartTime":66298.0,"Position":60.0,"HyperDash":false}

  180) The conversion generated differing hitobjects for object at time: 66598:
Expected: {"StartTime":66598.0,"Position":63.0,"HyperDash":false}
Received: {"StartTime":66598.0,"Position":52.0,"HyperDash":false}

  181) The conversion generated differing hitobjects for object at time: 66898:
Expected: {"StartTime":66898.0,"Position":200.0,"HyperDash":false}
Received: {"StartTime":66898.0,"Position":204.0,"HyperDash":false}

  182) The conversion generated differing hitobjects for object at time: 67198:
Expected: {"StartTime":67198.0,"Position":287.0,"HyperDash":false}
Received: {"StartTime":67198.0,"Position":100.85421,"HyperDash":false}

  183) The conversion generated differing hitobjects for object at time: 67198:
Expected: {"StartTime":67272.0,"Position":341.0,"HyperDash":false}
Received: {"StartTime":67272.96875,"Position":24.537123,"HyperDash":false}

  184) The conversion generated differing hitobjects for object at time: 67198:
Expected: {"StartTime":67347.0,"Position":145.0,"HyperDash":false}
Received: {"StartTime":67347.9375,"Position":66.82564,"HyperDash":false}

  185) The conversion generated differing hitobjects for object at time: 67198:
Expected: {"StartTime":67422.0,"Position":84.0,"HyperDash":false}
Received: {"StartTime":67422.90625,"Position":97.38554,"HyperDash":false}

  186) The conversion generated differing hitobjects for object at time: 67198:
Expected: {"StartTime":67497.0,"Position":189.0,"HyperDash":false}
Received: {"StartTime":67497.875,"Position":267.34024,"HyperDash":false}

  187) The conversion generated differing hitobjects for object at time: 67198:
Expected: {"StartTime":67572.0,"Position":498.0,"HyperDash":false}
Received: {"StartTime":67572.84375,"Position":116.205284,"HyperDash":false}

  188) The conversion generated differing hitobjects for object at time: 67198:
Expected: {"StartTime":67647.0,"Position":416.0,"HyperDash":false}
Received: {"StartTime":67647.8125,"Position":451.5478,"HyperDash":false}

  189) The conversion generated differing hitobjects for object at time: 67198:
Expected: {"StartTime":67722.0,"Position":211.0,"HyperDash":false}
Received: {"StartTime":67722.78125,"Position":414.1756,"HyperDash":false}

  190) The conversion generated differing hitobjects for object at time: 67198:
Expected: {"StartTime":67797.0,"Position":167.0,"HyperDash":false}
Received: {"StartTime":67797.75,"Position":88.95756,"HyperDash":false}

  191) The conversion generated differing hitobjects for object at time: 67198:
Expected: {"StartTime":67872.0,"Position":466.0,"HyperDash":false}
Received: {"StartTime":67872.71875,"Position":257.85693,"HyperDash":false}

  192) The conversion generated differing hitobjects for object at time: 67198:
Expected: {"StartTime":67947.0,"Position":114.0,"HyperDash":false}
Received: {"StartTime":67947.6875,"Position":175.06075,"HyperDash":false}

  193) The conversion generated differing hitobjects for object at time: 67198:
Expected: {"StartTime":68022.0,"Position":125.0,"HyperDash":false}
Received: {"StartTime":68022.65625,"Position":38.951332,"HyperDash":false}

  194) The conversion generated differing hitobjects for object at time: 67198:
Expected: {"StartTime":68097.0,"Position":457.0,"HyperDash":false}
Received: {"StartTime":68097.625,"Position":283.61685,"HyperDash":false}

  195) The conversion generated differing hitobjects for object at time: 67198:
Expected: {"StartTime":68172.0,"Position":131.0,"HyperDash":false}
Received: {"StartTime":68172.59375,"Position":138.07207,"HyperDash":false}

  196) The conversion generated differing hitobjects for object at time: 67198:
Expected: {"StartTime":68247.0,"Position":337.0,"HyperDash":false}
Received: {"StartTime":68247.5625,"Position":102.145996,"HyperDash":false}

  197) The conversion generated differing hitobjects for object at time: 67198:
Expected: {"StartTime":68322.0,"Position":39.0,"HyperDash":false}
Received: {"StartTime":68322.53125,"Position":494.07382,"HyperDash":false}

  198) The conversion generated differing hitobjects for object at time: 67198:
Expected: {"StartTime":68397.0,"Position":311.0,"HyperDash":false}
Received: {"StartTime":68397.5,"Position":54.913254,"HyperDash":false}

  199) The conversion generated differing hitobjects for object at time: 67198:
Expected: {"StartTime":68472.0,"Position":208.0,"HyperDash":false}
Received: {"StartTime":68472.46875,"Position":29.14941,"HyperDash":false}

  200) The conversion generated differing hitobjects for object at time: 67198:
Expected: {"StartTime":68547.0,"Position":357.0,"HyperDash":false}
Received: {"StartTime":68547.4375,"Position":69.43052,"HyperDash":false}

  201) The conversion generated differing hitobjects for object at time: 67198:
Expected: {"StartTime":68622.0,"Position":240.0,"HyperDash":false}
Received: {"StartTime":68622.40625,"Position":110.0262,"HyperDash":false}

  202) The conversion generated differing hitobjects for object at time: 67198:
Expected: {"StartTime":68697.0,"Position":35.0,"HyperDash":false}
Received: {"StartTime":68697.375,"Position":167.15698,"HyperDash":false}

  203) The conversion generated differing hitobjects for object at time: 67198:
Expected: {"StartTime":68772.0,"Position":254.0,"HyperDash":false}
Received: {"StartTime":68772.34375,"Position":56.166637,"HyperDash":false}

  204) The conversion generated differing hitobjects for object at time: 67198:
Expected: {"StartTime":68847.0,"Position":292.0,"HyperDash":false}
Received: {"StartTime":68847.3125,"Position":10.146959,"HyperDash":false}

  205) The conversion generated differing hitobjects for object at time: 67198:
Expected: {"StartTime":68922.0,"Position":369.0,"HyperDash":false}
Received: {"StartTime":68922.28125,"Position":308.95013,"HyperDash":false}

  206) The conversion generated differing hitobjects for object at time: 67198:
Expected: {"StartTime":68997.0,"Position":14.0,"HyperDash":false}
Received: {"StartTime":68997.25,"Position":288.25006,"HyperDash":false}

  207) The conversion generated differing hitobjects for object at time: 67198:
Expected: {"StartTime":69072.0,"Position":390.0,"HyperDash":false}
Received: {"StartTime":69072.21875,"Position":57.25569,"HyperDash":false}

  208) The conversion generated differing hitobjects for object at time: 67198:
Expected: {"StartTime":69147.0,"Position":286.0,"HyperDash":false}
Received: {"StartTime":69147.1875,"Position":258.17734,"HyperDash":false}

  209) The conversion generated differing hitobjects for object at time: 67198:
Expected: {"StartTime":69222.0,"Position":92.0,"HyperDash":false}
Received: {"StartTime":69222.15625,"Position":180.98752,"HyperDash":false}

  210) The conversion generated differing hitobjects for object at time: 67198:
Expected: {"StartTime":69297.0,"Position":170.0,"HyperDash":false}
Received: {"StartTime":69297.125,"Position":198.62968,"HyperDash":false}

  211) The conversion generated differing hitobjects for object at time: 67198:
Expected: {"StartTime":69372.0,"Position":93.0,"HyperDash":false}
Received: {"StartTime":69372.09375,"Position":211.70355,"HyperDash":false}

  212) The conversion generated differing hitobjects for object at time: 67198:
Expected: {"StartTime":69447.0,"Position":139.0,"HyperDash":false}
Received: {"StartTime":69447.0625,"Position":503.37738,"HyperDash":false}

  213) The conversion generated differing hitobjects for object at time: 67198:
Expected: {"StartTime":69522.0,"Position":301.0,"HyperDash":false}
Received: {"StartTime":69522.03125,"Position":324.80487,"HyperDash":false}

  214) The conversion generated differing hitobjects for object at time: 67198:
Expected: {"StartTime":69597.0,"Position":137.0,"HyperDash":false}
Received: {"StartTime":69597.0,"Position":20.679,"HyperDash":false}

  215) The conversion generated differing hitobjects for object at time: 70197:
Expected: {"StartTime":70197.0,"Position":340.0,"HyperDash":false}
Received: {"StartTime":70197.0,"Position":332.0,"HyperDash":false}

  216) The conversion generated differing hitobjects for object at time: 70797:
Expected: {"StartTime":70797.0,"Position":300.0,"HyperDash":false}
Received: {"StartTime":70797.0,"Position":340.0,"HyperDash":false}

  217) The conversion generated differing hitobjects for object at time: 71996:
Expected: {"StartTime":72070.0,"Position":79.25084,"HyperDash":false}
Received: {"StartTime":72070.5,"Position":62.0,"HyperDash":false}

  218) The conversion generated differing hitobjects for object at time: 71996:
Expected: {"StartTime":72202.0,"Position":54.896324,"HyperDash":false}
Received: {"StartTime":72202.94751836857,"Position":60.997894,"HyperDash":false}

  219) The conversion generated differing hitobjects for object at time: 72446:
Expected: {"StartTime":72446.0,"Position":192.0,"HyperDash":false}
Received: {"StartTime":72446.0,"Position":84.0,"HyperDash":false}

  220) The conversion generated differing hitobjects for object at time: 72746:
Expected: {"StartTime":72746.0,"Position":16.0,"HyperDash":false}
Received: {"StartTime":72746.0,"Position":124.0,"HyperDash":false}

  221) The conversion generated differing hitobjects for object at time: 73046:
Expected: {"StartTime":73120.0,"Position":123.73828,"HyperDash":false}
Received: {"StartTime":73120.5,"Position":117.85817,"HyperDash":false}

  222) The conversion generated differing hitobjects for object at time: 73046:
Expected: {"StartTime":73270.0,"Position":144.83455,"HyperDash":false}
Received: {"StartTime":73270.94751836857,"Position":127.06842,"HyperDash":false}

  223) The conversion generated differing hitobjects for object at time: 73046:
Expected: {"StartTime":73420.0,"Position":208.08932,"HyperDash":false}
Received: {"StartTime":73420.89503673714,"Position":194.29895,"HyperDash":false}

  224) The conversion generated differing hitobjects for object at time: 73046:
Expected: {"StartTime":73570.0,"Position":248.49951,"HyperDash":false}
Received: {"StartTime":73570.84255510572,"Position":239.66536,"HyperDash":false}

  225) The conversion generated differing hitobjects for object at time: 73046:
Expected: {"StartTime":73720.0,"Position":275.39838,"HyperDash":false}
Received: {"StartTime":73720.79007347429,"Position":302.5174,"HyperDash":false}

  226) The conversion generated differing hitobjects for object at time: 73046:
Expected: {"StartTime":74002.0,"Position":402.45825,"HyperDash":false}
Received: {"StartTime":74002.68511021143,"Position":389.48575,"HyperDash":false}

  227) The conversion generated differing hitobjects for object at time: 74395:
Expected: {"StartTime":74469.0,"Position":417.7021,"HyperDash":false}
Received: {"StartTime":74469.5,"Position":422.59286,"HyperDash":false}

  228) The conversion generated differing hitobjects for object at time: 74395:
Expected: {"StartTime":74619.0,"Position":387.30612,"HyperDash":false}
Received: {"StartTime":74619.94751836857,"Position":393.07172,"HyperDash":false}

  229) The conversion generated differing hitobjects for object at time: 74395:
Expected: {"StartTime":74769.0,"Position":366.88937,"HyperDash":false}
Received: {"StartTime":74769.89503673714,"Position":381.07172,"HyperDash":false}

  230) The conversion generated differing hitobjects for object at time: 74395:
Expected: {"StartTime":74919.0,"Position":408.54318,"HyperDash":false}
Received: {"StartTime":74919.84255510572,"Position":423.59286,"HyperDash":false}

  231) The conversion generated differing hitobjects for object at time: 74395:
Expected: {"StartTime":75069.0,"Position":394.62265,"HyperDash":false}
Received: {"StartTime":75069.79007347429,"Position":404.59286,"HyperDash":false}

  232) The conversion generated differing hitobjects for object at time: 74395:
Expected: {"StartTime":75201.0,"Position":363.6833,"HyperDash":false}
Received: {"StartTime":75201.73759184286,"Position":378.6535,"HyperDash":false}

  233) The conversion generated differing hitobjects for object at time: 75595:
Expected: {"StartTime":75595.0,"Position":280.0,"HyperDash":false}
Received: {"StartTime":75595.0,"Position":209.22086,"HyperDash":false}

  234) The conversion generated differing hitobjects for object at time: 75895:
Expected: {"StartTime":75895.0,"Position":136.0,"HyperDash":false}
Received: {"StartTime":75895.0,"Position":206.77914,"HyperDash":false}

  235) The conversion generated differing hitobjects for object at time: 76195:
Expected: {"StartTime":76195.0,"Position":280.0,"HyperDash":false}
Received: {"StartTime":76195.0,"Position":209.22086,"HyperDash":false}

  236) The conversion generated differing hitobjects for object at time: 76495:
Expected: {"StartTime":76495.0,"Position":228.0,"HyperDash":false}
Received: {"StartTime":76495.0,"Position":209.22086,"HyperDash":false}

  237) The conversion generated differing hitobjects for object at time: 76794:
Expected: {"StartTime":76794.0,"Position":21.0,"HyperDash":false}
Received: {"StartTime":76794.0,"Position":49.742367,"HyperDash":false}

  238) The conversion generated differing hitobjects for object at time: 76794:
Expected: {"StartTime":76859.0,"Position":193.0,"HyperDash":false}
Received: {"StartTime":76859.59375,"Position":21.982801,"HyperDash":false}

  239) The conversion generated differing hitobjects for object at time: 76794:
Expected: {"StartTime":76925.0,"Position":52.0,"HyperDash":false}
Received: {"StartTime":76925.1875,"Position":193.14543,"HyperDash":false}

  240) The conversion generated differing hitobjects for object at time: 76794:
Expected: {"StartTime":76990.0,"Position":466.0,"HyperDash":false}
Received: {"StartTime":76990.78125,"Position":52.373398,"HyperDash":false}

  241) The conversion generated differing hitobjects for object at time: 76794:
Expected: {"StartTime":77056.0,"Position":135.0,"HyperDash":false}
Received: {"StartTime":77056.375,"Position":466.94418,"HyperDash":false}

  242) The conversion generated differing hitobjects for object at time: 76794:
Expected: {"StartTime":77121.0,"Position":121.0,"HyperDash":false}
Received: {"StartTime":77121.96875,"Position":135.82364,"HyperDash":false}

  243) The conversion generated differing hitobjects for object at time: 76794:
Expected: {"StartTime":77187.0,"Position":427.0,"HyperDash":false}
Received: {"StartTime":77187.5625,"Position":121.83784,"HyperDash":false}

  244) The conversion generated differing hitobjects for object at time: 76794:
Expected: {"StartTime":77253.0,"Position":176.0,"HyperDash":false}
Received: {"StartTime":77253.15625,"Position":427.2158,"HyperDash":false}

  245) The conversion generated differing hitobjects for object at time: 76794:
Expected: {"StartTime":77318.0,"Position":96.0,"HyperDash":false}
Received: {"StartTime":77318.75,"Position":176.63023,"HyperDash":false}

  246) The conversion generated differing hitobjects for object at time: 76794:
Expected: {"StartTime":77384.0,"Position":345.0,"HyperDash":false}
Received: {"StartTime":77384.34375,"Position":96.78114,"HyperDash":false}

  247) The conversion generated differing hitobjects for object at time: 76794:
Expected: {"StartTime":77449.0,"Position":11.0,"HyperDash":false}
Received: {"StartTime":77449.9375,"Position":345.52972,"HyperDash":false}

  248) The conversion generated differing hitobjects for object at time: 76794:
Expected: {"StartTime":77515.0,"Position":393.0,"HyperDash":false}
Received: {"StartTime":77515.53125,"Position":11.262323,"HyperDash":false}

  249) The conversion generated differing hitobjects for object at time: 76794:
Expected: {"StartTime":77581.0,"Position":440.0,"HyperDash":false}
Received: {"StartTime":77581.125,"Position":393.57883,"HyperDash":false}

  250) The conversion generated differing hitobjects for object at time: 76794:
Expected: {"StartTime":77646.0,"Position":179.0,"HyperDash":false}
Received: {"StartTime":77646.71875,"Position":440.78238,"HyperDash":false}

  251) The conversion generated differing hitobjects for object at time: 76794:
Expected: {"StartTime":77712.0,"Position":470.0,"HyperDash":false}
Received: {"StartTime":77712.3125,"Position":179.13107,"HyperDash":false}

  252) The conversion generated differing hitobjects for object at time: 76794:
Expected: {"StartTime":77777.0,"Position":89.0,"HyperDash":false}
Received: {"StartTime":77777.90625,"Position":470.75793,"HyperDash":false}

  253) The conversion generated differing hitobjects for object at time: 76794:
Expected: {"StartTime":77843.0,"Position":408.0,"HyperDash":false}
Received: {"StartTime":77843.5,"Position":89.20745,"HyperDash":false}

  254) The conversion generated differing hitobjects for object at time: 76794:
Expected: {"StartTime":77909.0,"Position":243.0,"HyperDash":false}
Received: {"StartTime":77909.09375,"Position":408.11163,"HyperDash":false}

  255) The conversion generated differing hitobjects for object at time: 76794:
Expected: {"StartTime":77974.0,"Position":78.0,"HyperDash":false}
Received: {"StartTime":77974.6875,"Position":243.81137,"HyperDash":false}

  256) The conversion generated differing hitobjects for object at time: 76794:
Expected: {"StartTime":78040.0,"Position":172.0,"HyperDash":false}
Received: {"StartTime":78040.28125,"Position":78.670616,"HyperDash":false}

  257) The conversion generated differing hitobjects for object at time: 76794:
Expected: {"StartTime":78105.0,"Position":450.0,"HyperDash":false}
Received: {"StartTime":78105.875,"Position":172.62685,"HyperDash":false}

  258) The conversion generated differing hitobjects for object at time: 76794:
Expected: {"StartTime":78171.0,"Position":231.0,"HyperDash":false}
Received: {"StartTime":78171.46875,"Position":450.28925,"HyperDash":false}

  259) The conversion generated differing hitobjects for object at time: 76794:
Expected: {"StartTime":78237.0,"Position":118.0,"HyperDash":false}
Received: {"StartTime":78237.0625,"Position":231.12106,"HyperDash":false}

  260) The conversion generated differing hitobjects for object at time: 76794:
Expected: {"StartTime":78302.0,"Position":511.0,"HyperDash":false}
Received: {"StartTime":78302.65625,"Position":118.395454,"HyperDash":false}

  261) The conversion generated differing hitobjects for object at time: 76794:
Expected: {"StartTime":78368.0,"Position":333.0,"HyperDash":false}
Received: {"StartTime":78368.25,"Position":511.68475,"HyperDash":false}

  262) The conversion generated differing hitobjects for object at time: 76794:
Expected: {"StartTime":78433.0,"Position":234.0,"HyperDash":false}
Received: {"StartTime":78433.84375,"Position":333.3889,"HyperDash":false}

  263) The conversion generated differing hitobjects for object at time: 76794:
Expected: {"StartTime":78499.0,"Position":228.0,"HyperDash":false}
Received: {"StartTime":78499.4375,"Position":234.55354,"HyperDash":false}

  264) The conversion generated differing hitobjects for object at time: 76794:
Expected: {"StartTime":78565.0,"Position":302.0,"HyperDash":false}
Received: {"StartTime":78565.03125,"Position":228.1319,"HyperDash":false}

  265) The conversion generated differing hitobjects for object at time: 76794:
Expected: {"StartTime":78630.0,"Position":390.0,"HyperDash":false}
Received: {"StartTime":78630.625,"Position":302.10934,"HyperDash":false}

  266) The conversion generated differing hitobjects for object at time: 76794:
Expected: {"StartTime":78696.0,"Position":75.0,"HyperDash":false}
Received: {"StartTime":78696.21875,"Position":390.52966,"HyperDash":false}

  267) The conversion generated differing hitobjects for object at time: 76794:
Expected: {"StartTime":78761.0,"Position":506.0,"HyperDash":false}
Received: {"StartTime":78761.8125,"Position":75.90616,"HyperDash":false}

  268) The conversion generated differing hitobjects for object at time: 76794:
Expected: {"StartTime":78827.0,"Position":3.0,"HyperDash":false}
Received: {"StartTime":78827.40625,"Position":506.0429,"HyperDash":false}

  269) The conversion generated differing hitobjects for object at time: 76794:
Expected: {"StartTime":78893.0,"Position":289.0,"HyperDash":false}
Received: {"StartTime":78893.0,"Position":3.9165795,"HyperDash":false}

  270) The conversion generated differing hitobjects for object at time: 79194:
Expected: {"StartTime":79268.0,"Position":249.6807,"HyperDash":false}
Received: {"StartTime":79268.5,"Position":255.6293,"HyperDash":false}

  271) The conversion generated differing hitobjects for object at time: 79194:
Expected: {"StartTime":79550.0,"Position":208.71361,"HyperDash":false}
Received: {"StartTime":79550.89503673714,"Position":191.65172,"HyperDash":false}

  272) The conversion generated differing hitobjects for object at time: 79793:
Expected: {"StartTime":80017.0,"Position":52.034813,"HyperDash":false}
Received: {"StartTime":80017.94751836857,"Position":83.96805,"HyperDash":false}

  273) The conversion generated differing hitobjects for object at time: 79793:
Expected: {"StartTime":80149.0,"Position":53.908833,"HyperDash":false}
Received: {"StartTime":80149.89503673714,"Position":75.901306,"HyperDash":false}

  274) The conversion generated differing hitobjects for object at time: 80543:
Expected: {"StartTime":80543.0,"Position":76.0,"HyperDash":false}
Received: {"StartTime":80543.0,"Position":55.9438,"HyperDash":false}

  275) The conversion generated differing hitobjects for object at time: 81443:
Expected: {"StartTime":81443.0,"Position":180.0,"HyperDash":false}
Received: {"StartTime":81443.0,"Position":200.0562,"HyperDash":false}

  276) The conversion generated differing hitobjects for object at time: 81593:
Expected: {"StartTime":81667.0,"Position":218.64323,"HyperDash":false}
Received: {"StartTime":81667.5,"Position":224.9542,"HyperDash":false}

  277) The conversion generated differing hitobjects for object at time: 81593:
Expected: {"StartTime":82117.0,"Position":362.17828,"HyperDash":false}
Received: {"StartTime":82117.84255510572,"Position":349.29938,"HyperDash":false}

  278) The conversion generated differing hitobjects for object at time: 81593:
Expected: {"StartTime":82267.0,"Position":338.39355,"HyperDash":false}
Received: {"StartTime":82267.79007347429,"Position":354.29938,"HyperDash":false}

  279) The conversion generated differing hitobjects for object at time: 81593:
Expected: {"StartTime":82417.0,"Position":321.71973,"HyperDash":false}
Received: {"StartTime":82417.73759184286,"Position":335.63586,"HyperDash":false}

  280) The conversion generated differing hitobjects for object at time: 81593:
Expected: {"StartTime":82567.0,"Position":256.63016,"HyperDash":false}
Received: {"StartTime":82567.68511021143,"Position":273.57132,"HyperDash":false}

  281) The conversion generated differing hitobjects for object at time: 81593:
Expected: {"StartTime":82699.0,"Position":228.9382,"HyperDash":false}
Received: {"StartTime":82699.63262858,"Position":215.91467,"HyperDash":false}

  282) The conversion generated differing hitobjects for object at time: 82942:
Expected: {"StartTime":82942.0,"Position":200.0,"HyperDash":false}
Received: {"StartTime":82942.0,"Position":211.0,"HyperDash":false}

  283) The conversion generated differing hitobjects for object at time: 83242:
Expected: {"StartTime":83242.0,"Position":180.0,"HyperDash":false}
Received: {"StartTime":83242.0,"Position":220.0,"HyperDash":false}

  284) The conversion generated differing hitobjects for object at time: 83842:
Expected: {"StartTime":83842.0,"Position":220.0,"HyperDash":false}
Received: {"StartTime":83842.0,"Position":200.0,"HyperDash":false}

  285) The conversion generated differing hitobjects for object at time: 83992:
Expected: {"StartTime":84066.0,"Position":214.89598,"HyperDash":false}
Received: {"StartTime":84066.5,"Position":222.98775,"HyperDash":false}

  286) The conversion generated differing hitobjects for object at time: 83992:
Expected: {"StartTime":84216.0,"Position":225.30554,"HyperDash":false}
Received: {"StartTime":84216.94751836857,"Position":241.46042,"HyperDash":false}

  287) The conversion generated differing hitobjects for object at time: 83992:
Expected: {"StartTime":84348.0,"Position":288.04718,"HyperDash":false}
Received: {"StartTime":84348.89503673714,"Position":279.11346,"HyperDash":false}

  288) The conversion generated differing hitobjects for object at time: 84592:
Expected: {"StartTime":84666.0,"Position":386.711,"HyperDash":false}
Received: {"StartTime":84666.5,"Position":377.98898,"HyperDash":false}

  289) The conversion generated differing hitobjects for object at time: 84592:
Expected: {"StartTime":84816.0,"Position":433.20578,"HyperDash":false}
Received: {"StartTime":84816.94751836857,"Position":405.36615,"HyperDash":false}

  290) The conversion generated differing hitobjects for object at time: 84592:
Expected: {"StartTime":84948.0,"Position":466.8295,"HyperDash":false}
Received: {"StartTime":84948.89503673714,"Position":442.87802,"HyperDash":false}

  291) The conversion generated differing hitobjects for object at time: 85341:
Expected: {"StartTime":85341.0,"Position":464.0,"HyperDash":false}
Received: {"StartTime":85341.0,"Position":470.4197,"HyperDash":false}

  292) The conversion generated differing hitobjects for object at time: 85641:
Expected: {"StartTime":85641.0,"Position":480.0,"HyperDash":false}
Received: {"StartTime":85641.0,"Position":473.5803,"HyperDash":false}

  293) The conversion generated differing hitobjects for object at time: 85941:
Expected: {"StartTime":85941.0,"Position":464.0,"HyperDash":false}
Received: {"StartTime":85941.0,"Position":470.4197,"HyperDash":false}

  294) The conversion generated differing hitobjects for object at time: 86241:
Expected: {"StartTime":86241.0,"Position":336.0,"HyperDash":false}
Received: {"StartTime":86241.0,"Position":329.5803,"HyperDash":false}

  295) The conversion generated differing hitobjects for object at time: 86391:
Expected: {"StartTime":86465.0,"Position":384.34097,"HyperDash":false}
Received: {"StartTime":86465.5,"Position":381.0293,"HyperDash":false}

  296) The conversion generated differing hitobjects for object at time: 86391:
Expected: {"StartTime":86615.0,"Position":323.67743,"HyperDash":false}
Received: {"StartTime":86615.94751836857,"Position":332.42642,"HyperDash":false}

  297) The conversion generated differing hitobjects for object at time: 86391:
Expected: {"StartTime":86915.0,"Position":246.93858,"HyperDash":false}
Received: {"StartTime":86915.84255510572,"Position":250.76169,"HyperDash":false}

  298) The conversion generated differing hitobjects for object at time: 86391:
Expected: {"StartTime":87065.0,"Position":225.6241,"HyperDash":false}
Received: {"StartTime":87065.79007347429,"Position":242.76169,"HyperDash":false}

  299) The conversion generated differing hitobjects for object at time: 86391:
Expected: {"StartTime":87215.0,"Position":291.0559,"HyperDash":false}
Received: {"StartTime":87215.73759184286,"Position":297.13785,"HyperDash":false}

  300) The conversion generated differing hitobjects for object at time: 86391:
Expected: {"StartTime":87365.0,"Position":325.3685,"HyperDash":false}
Received: {"StartTime":87365.68511021143,"Position":332.42642,"HyperDash":false}

  301) The conversion generated differing hitobjects for object at time: 86391:
Expected: {"StartTime":87497.0,"Position":364.03424,"HyperDash":false}
Received: {"StartTime":87497.63262858,"Position":354.05783,"HyperDash":false}

  302) The conversion generated differing hitobjects for object at time: 87741:
Expected: {"StartTime":87741.0,"Position":400.0,"HyperDash":false}
Received: {"StartTime":87741.0,"Position":416.0,"HyperDash":false}

  303) The conversion generated differing hitobjects for object at time: 88041:
Expected: {"StartTime":88041.0,"Position":420.0,"HyperDash":false}
Received: {"StartTime":88041.0,"Position":380.0,"HyperDash":false}

  304) The conversion generated differing hitobjects for object at time: 88640:
Expected: {"StartTime":88640.0,"Position":314.0,"HyperDash":false}
Received: {"StartTime":88640.0,"Position":302.0,"HyperDash":false}

  305) The conversion generated differing hitobjects for object at time: 88940:
Expected: {"StartTime":88940.0,"Position":0.0,"HyperDash":false}
Received: {"StartTime":88940.0,"Position":363.27173,"HyperDash":false}

  306) The conversion generated differing hitobjects for object at time: 88940:
Expected: {"StartTime":89033.0,"Position":111.0,"HyperDash":false}
Received: {"StartTime":89033.75,"Position":96.42669,"HyperDash":false}

  307) The conversion generated differing hitobjects for object at time: 88940:
Expected: {"StartTime":89127.0,"Position":358.0,"HyperDash":false}
Received: {"StartTime":89127.5,"Position":104.723854,"HyperDash":false}

  308) The conversion generated differing hitobjects for object at time: 88940:
Expected: {"StartTime":89221.0,"Position":476.0,"HyperDash":false}
Received: {"StartTime":89221.25,"Position":173.08621,"HyperDash":false}

  309) The conversion generated differing hitobjects for object at time: 88940:
Expected: {"StartTime":89315.0,"Position":87.0,"HyperDash":false}
Received: {"StartTime":89315.0,"Position":373.5174,"HyperDash":false}

  310) The conversion generated differing hitobjects for object at time: 88940:
Expected: {"StartTime":89408.0,"Position":33.0,"HyperDash":false}
Received: {"StartTime":89408.75,"Position":424.80417,"HyperDash":false}

  311) The conversion generated differing hitobjects for object at time: 88940:
Expected: {"StartTime":89502.0,"Position":166.0,"HyperDash":false}
Received: {"StartTime":89502.5,"Position":268.77887,"HyperDash":false}

  312) The conversion generated differing hitobjects for object at time: 88940:
Expected: {"StartTime":89596.0,"Position":275.0,"HyperDash":false}
Received: {"StartTime":89596.25,"Position":373.08627,"HyperDash":false}

  313) The conversion generated differing hitobjects for object at time: 88940:
Expected: {"StartTime":89690.0,"Position":119.0,"HyperDash":false}
Received: {"StartTime":89690.0,"Position":436.78787,"HyperDash":false}

  314) The conversion generated differing hitobjects for object at time: 90140:
Expected: {"StartTime":90140.0,"Position":76.0,"HyperDash":false}
Received: {"StartTime":90140.0,"Position":69.0,"HyperDash":false}

  315) The conversion generated differing hitobjects for object at time: 90290:
Expected: {"StartTime":90290.0,"Position":36.0,"HyperDash":false}
Received: {"StartTime":90290.0,"Position":73.0,"HyperDash":false}

  316) The conversion generated differing hitobjects for object at time: 90740:
Expected: {"StartTime":90814.0,"Position":176.32181,"HyperDash":false}
Received: {"StartTime":90814.5,"Position":190.61316,"HyperDash":false}

  317) The conversion generated differing hitobjects for object at time: 90740:
Expected: {"StartTime":90964.0,"Position":213.57458,"HyperDash":false}
Received: {"StartTime":90964.94751836857,"Position":235.72333,"HyperDash":false}

  318) The conversion generated differing hitobjects for object at time: 90740:
Expected: {"StartTime":91114.0,"Position":240.839,"HyperDash":false}
Received: {"StartTime":91114.89503673714,"Position":228.72333,"HyperDash":false}

  319) The conversion generated differing hitobjects for object at time: 90740:
Expected: {"StartTime":91264.0,"Position":182.7456,"HyperDash":false}
Received: {"StartTime":91264.84255510572,"Position":191.61316,"HyperDash":false}

  320) The conversion generated differing hitobjects for object at time: 90740:
Expected: {"StartTime":91414.0,"Position":183.5337,"HyperDash":false}
Received: {"StartTime":91414.79007347429,"Position":177.61316,"HyperDash":false}

  321) The conversion generated differing hitobjects for object at time: 90740:
Expected: {"StartTime":91546.0,"Position":220.04214,"HyperDash":false}
Received: {"StartTime":91546.73759184286,"Position":211.06242,"HyperDash":false}

  322) The conversion generated differing hitobjects for object at time: 91939:
Expected: {"StartTime":91939.0,"Position":264.0,"HyperDash":false}
Received: {"StartTime":91939.0,"Position":291.7785,"HyperDash":false}

  323) The conversion generated differing hitobjects for object at time: 92089:
Expected: {"StartTime":92089.0,"Position":259.0,"HyperDash":false}
Received: {"StartTime":92089.0,"Position":236.2215,"HyperDash":false}

  324) The conversion generated differing hitobjects for object at time: 92389:
Expected: {"StartTime":92389.0,"Position":408.0,"HyperDash":false}
Received: {"StartTime":92389.0,"Position":435.7785,"HyperDash":false}

  325) The conversion generated differing hitobjects for object at time: 92539:
Expected: {"StartTime":92539.0,"Position":328.0,"HyperDash":false}
Received: {"StartTime":92539.0,"Position":368.0,"HyperDash":false}

  326) The conversion generated differing hitobjects for object at time: 92689:
Expected: {"StartTime":92689.0,"Position":400.0,"HyperDash":false}
Received: {"StartTime":92689.0,"Position":432.0,"HyperDash":false}

  327) The conversion generated differing hitobjects for object at time: 92839:
Expected: {"StartTime":92839.0,"Position":464.0,"HyperDash":false}
Received: {"StartTime":92839.0,"Position":452.0,"HyperDash":false}

  328) The conversion generated differing hitobjects for object at time: 92989:
Expected: {"StartTime":92989.0,"Position":484.0,"HyperDash":false}
Received: {"StartTime":92989.0,"Position":496.0,"HyperDash":false}

  329) The conversion generated differing hitobjects for object at time: 93139:
Expected: {"StartTime":93139.0,"Position":496.0,"HyperDash":false}
Received: {"StartTime":93139.0,"Position":486.0,"HyperDash":false}

  330) The conversion generated differing hitobjects for object at time: 93439:
Expected: {"StartTime":93513.0,"Position":508.47055,"HyperDash":false}
Received: {"StartTime":93513.5,"Position":491.3792,"HyperDash":false}

  331) The conversion generated differing hitobjects for object at time: 93439:
Expected: {"StartTime":93663.0,"Position":447.88858,"HyperDash":false}
Received: {"StartTime":93663.94751836857,"Position":477.69147,"HyperDash":false}

  332) The conversion generated differing hitobjects for object at time: 93439:
Expected: {"StartTime":93813.0,"Position":434.92087,"HyperDash":false}
Received: {"StartTime":93813.89503673714,"Position":405.73785,"HyperDash":false}

  333) The conversion generated differing hitobjects for object at time: 93439:
Expected: {"StartTime":93963.0,"Position":378.64227,"HyperDash":false}
Received: {"StartTime":93963.84255510572,"Position":387.50592,"HyperDash":false}

  334) The conversion generated differing hitobjects for object at time: 93439:
Expected: {"StartTime":94113.0,"Position":325.10306,"HyperDash":false}
Received: {"StartTime":94113.79007347429,"Position":307.02008,"HyperDash":false}

  335) The conversion generated differing hitobjects for object at time: 93439:
Expected: {"StartTime":94245.0,"Position":278.1643,"HyperDash":false}
Received: {"StartTime":94245.73759184286,"Position":293.13196,"HyperDash":false}

  336) The conversion generated differing hitobjects for object at time: 94788:
Expected: {"StartTime":94862.0,"Position":178.0,"HyperDash":false}
Received: {"StartTime":94862.5,"Position":163.0,"HyperDash":false}

  337) The conversion generated differing hitobjects for object at time: 94788:
Expected: {"StartTime":94994.0,"Position":156.0,"HyperDash":false}
Received: {"StartTime":94994.94751836857,"Position":167.0,"HyperDash":false}

  338) The conversion generated differing hitobjects for object at time: 95238:
Expected: {"StartTime":95238.0,"Position":180.0,"HyperDash":false}
Received: {"StartTime":95238.0,"Position":155.0,"HyperDash":false}

  339) The conversion generated differing hitobjects for object at time: 95388:
Expected: {"StartTime":95388.0,"Position":140.0,"HyperDash":false}
Received: {"StartTime":95388.0,"Position":180.0,"HyperDash":false}

  340) The conversion generated differing hitobjects for object at time: 95538:
Expected: {"StartTime":95612.0,"Position":178.7418,"HyperDash":false}
Received: {"StartTime":95612.5,"Position":158.80804,"HyperDash":false}

  341) The conversion generated differing hitobjects for object at time: 96138:
Expected: {"StartTime":96212.0,"Position":337.7064,"HyperDash":false}
Received: {"StartTime":96212.5,"Position":317.95566,"HyperDash":false}

  342) The conversion generated differing hitobjects for object at time: 96138:
Expected: {"StartTime":96344.0,"Position":376.61664,"HyperDash":false}
Received: {"StartTime":96344.94751836857,"Position":380.7115,"HyperDash":false}

  343) The conversion generated differing hitobjects for object at time: 96737:
Expected: {"StartTime":96737.0,"Position":464.0,"HyperDash":false}
Received: {"StartTime":96737.0,"Position":488.83936,"HyperDash":false}

  344) The conversion generated differing hitobjects for object at time: 96887:
Expected: {"StartTime":96887.0,"Position":416.0,"HyperDash":false}
Received: {"StartTime":96887.0,"Position":391.16064,"HyperDash":false}

  345) The conversion generated differing hitobjects for object at time: 97187:
Expected: {"StartTime":97261.0,"Position":447.4056,"HyperDash":false}
Received: {"StartTime":97261.5,"Position":454.36212,"HyperDash":false}

  346) The conversion generated differing hitobjects for object at time: 97187:
Expected: {"StartTime":97411.0,"Position":435.74255,"HyperDash":false}
Received: {"StartTime":97411.94751836857,"Position":439.6209,"HyperDash":false}

  347) The conversion generated differing hitobjects for object at time: 97187:
Expected: {"StartTime":97561.0,"Position":379.24393,"HyperDash":false}
Received: {"StartTime":97561.89503673714,"Position":389.1047,"HyperDash":false}

  348) The conversion generated differing hitobjects for object at time: 97187:
Expected: {"StartTime":97711.0,"Position":344.4165,"HyperDash":false}
Received: {"StartTime":97711.84255510572,"Position":351.31976,"HyperDash":false}

  349) The conversion generated differing hitobjects for object at time: 97187:
Expected: {"StartTime":97843.0,"Position":304.0325,"HyperDash":false}
Received: {"StartTime":97843.79007347429,"Position":311.99335,"HyperDash":false}

  350) The conversion generated differing hitobjects for object at time: 98237:
Expected: {"StartTime":98237.0,"Position":200.0,"HyperDash":false}
Received: {"StartTime":98237.0,"Position":131.96454,"HyperDash":false}

  351) The conversion generated differing hitobjects for object at time: 98537:
Expected: {"StartTime":98537.0,"Position":56.0,"HyperDash":false}
Received: {"StartTime":98537.0,"Position":124.03546,"HyperDash":false}

  352) The conversion generated differing hitobjects for object at time: 98837:
Expected: {"StartTime":98837.0,"Position":76.0,"HyperDash":false}
Received: {"StartTime":98837.0,"Position":56.0,"HyperDash":false}

  353) The conversion generated differing hitobjects for object at time: 99137:
Expected: {"StartTime":99211.0,"Position":60.74916,"HyperDash":false}
Received: {"StartTime":99211.5,"Position":67.0,"HyperDash":false}

  354) The conversion generated differing hitobjects for object at time: 99137:
Expected: {"StartTime":99343.0,"Position":88.103676,"HyperDash":false}
Received: {"StartTime":99343.94751836857,"Position":79.002106,"HyperDash":false}

  355) The conversion generated differing hitobjects for object at time: 99586:
Expected: {"StartTime":99660.0,"Position":61.48453,"HyperDash":false}
Received: {"StartTime":99660.5,"Position":47.552616,"HyperDash":false}

  356) The conversion generated differing hitobjects for object at time: 99586:
Expected: {"StartTime":99810.0,"Position":92.0094,"HyperDash":false}
Received: {"StartTime":99810.94751836857,"Position":70.217964,"HyperDash":false}

  357) The conversion generated differing hitobjects for object at time: 99586:
Expected: {"StartTime":100110.0,"Position":56.583565,"HyperDash":false}
Received: {"StartTime":100110.84255510572,"Position":39.552616,"HyperDash":false}

  358) The conversion generated differing hitobjects for object at time: 99586:
Expected: {"StartTime":100260.0,"Position":65.53404,"HyperDash":false}
Received: {"StartTime":100260.79007347429,"Position":59.552616,"HyperDash":false}

  359) The conversion generated differing hitobjects for object at time: 99586:
Expected: {"StartTime":100392.0,"Position":74.364655,"HyperDash":false}
Received: {"StartTime":100392.73759184286,"Position":97.38928,"HyperDash":false}

  360) The conversion generated differing hitobjects for object at time: 100636:
Expected: {"StartTime":100636.0,"Position":144.0,"HyperDash":false}
Received: {"StartTime":100636.0,"Position":180.03197,"HyperDash":false}

  361) The conversion generated differing hitobjects for object at time: 100936:
Expected: {"StartTime":100936.0,"Position":288.0,"HyperDash":false}
Received: {"StartTime":100936.0,"Position":251.96803,"HyperDash":false}

  362) The conversion generated differing hitobjects for object at time: 101236:
Expected: {"StartTime":101236.0,"Position":268.0,"HyperDash":false}
Received: {"StartTime":101236.0,"Position":324.03198,"HyperDash":false}

  363) The conversion generated differing hitobjects for object at time: 101536:
Expected: {"StartTime":101610.0,"Position":381.60236,"HyperDash":false}
Received: {"StartTime":101610.5,"Position":391.89093,"HyperDash":false}

  364) The conversion generated differing hitobjects for object at time: 101536:
Expected: {"StartTime":101760.0,"Position":420.92108,"HyperDash":false}
Received: {"StartTime":101760.94751836857,"Position":431.09387,"HyperDash":false}

  365) The conversion generated differing hitobjects for object at time: 101536:
Expected: {"StartTime":101910.0,"Position":480.7513,"HyperDash":false}
Received: {"StartTime":101910.89503673714,"Position":472.82037,"HyperDash":false}

  366) The conversion generated differing hitobjects for object at time: 102435:
Expected: {"StartTime":102509.0,"Position":478.3312,"HyperDash":false}
Received: {"StartTime":102509.5,"Position":488.04077,"HyperDash":false}

  367) The conversion generated differing hitobjects for object at time: 102435:
Expected: {"StartTime":102659.0,"Position":441.66714,"HyperDash":false}
Received: {"StartTime":102659.94751836857,"Position":419.4726,"HyperDash":false}

  368) The conversion generated differing hitobjects for object at time: 102435:
Expected: {"StartTime":102809.0,"Position":373.61783,"HyperDash":false}
Received: {"StartTime":102809.89503673714,"Position":360.52148,"HyperDash":false}

  369) The conversion generated differing hitobjects for object at time: 102435:
Expected: {"StartTime":102941.0,"Position":366.17487,"HyperDash":false}
Received: {"StartTime":102941.84255510572,"Position":358.14636,"HyperDash":false}

  370) The conversion generated differing hitobjects for object at time: 103335:
Expected: {"StartTime":103335.0,"Position":288.0,"HyperDash":false}
Received: {"StartTime":103335.0,"Position":273.263,"HyperDash":false}

  371) The conversion generated differing hitobjects for object at time: 103635:
Expected: {"StartTime":103635.0,"Position":272.0,"HyperDash":false}
Received: {"StartTime":103635.0,"Position":286.737,"HyperDash":false}

  372) The conversion generated differing hitobjects for object at time: 103935:
Expected: {"StartTime":103935.0,"Position":176.0,"HyperDash":false}
Received: {"StartTime":103935.0,"Position":161.263,"HyperDash":false}

  373) The conversion generated differing hitobjects for object at time: 104385:
Expected: {"StartTime":104385.0,"Position":64.0,"HyperDash":false}
Received: {"StartTime":104385.0,"Position":78.737,"HyperDash":false}

  374) The conversion generated differing hitobjects for object at time: 104535:
Expected: {"StartTime":104535.0,"Position":120.0,"HyperDash":false}
Received: {"StartTime":104535.0,"Position":161.263,"HyperDash":false}

  375) The conversion generated differing hitobjects for object at time: 104685:
Expected: {"StartTime":104685.0,"Position":104.0,"HyperDash":false}
Received: {"StartTime":104685.0,"Position":78.737,"HyperDash":false}

  376) The conversion generated differing hitobjects for object at time: 104835:
Expected: {"StartTime":104835.0,"Position":140.0,"HyperDash":false}
Received: {"StartTime":104835.0,"Position":161.263,"HyperDash":false}

  377) The conversion generated differing hitobjects for object at time: 104985:
Expected: {"StartTime":104985.0,"Position":140.0,"HyperDash":false}
Received: {"StartTime":104985.0,"Position":78.737,"HyperDash":false}

  378) The conversion generated differing hitobjects for object at time: 105135:
Expected: {"StartTime":105209.0,"Position":126.27806,"HyperDash":false}
Received: {"StartTime":105209.5,"Position":120.35793,"HyperDash":false}

  379) The conversion generated differing hitobjects for object at time: 105135:
Expected: {"StartTime":105359.0,"Position":146.53558,"HyperDash":false}
Received: {"StartTime":105359.94751836857,"Position":151.74728,"HyperDash":false}

  380) The conversion generated differing hitobjects for object at time: 105135:
Expected: {"StartTime":105509.0,"Position":149.91396,"HyperDash":false}
Received: {"StartTime":105509.89503673714,"Position":172.74728,"HyperDash":false}

  381) The conversion generated differing hitobjects for object at time: 105135:
Expected: {"StartTime":105659.0,"Position":122.398125,"HyperDash":false}
Received: {"StartTime":105659.84255510572,"Position":118.35793,"HyperDash":false}

  382) The conversion generated differing hitobjects for object at time: 105135:
Expected: {"StartTime":105809.0,"Position":138.33615,"HyperDash":false}
Received: {"StartTime":105809.79007347429,"Position":108.35793,"HyperDash":false}

  383) The conversion generated differing hitobjects for object at time: 105135:
Expected: {"StartTime":105941.0,"Position":165.70126,"HyperDash":false}
Received: {"StartTime":105941.73759184286,"Position":146.72774,"HyperDash":false}

  384) The conversion generated differing hitobjects for object at time: 106334:
Expected: {"StartTime":106408.0,"Position":283.69974,"HyperDash":false}
Received: {"StartTime":106408.5,"Position":273.99158,"HyperDash":false}

  385) The conversion generated differing hitobjects for object at time: 106334:
Expected: {"StartTime":106558.0,"Position":330.48483,"HyperDash":false}
Received: {"StartTime":106558.94751836857,"Position":325.6907,"HyperDash":false}

  386) The conversion generated differing hitobjects for object at time: 106334:
Expected: {"StartTime":106708.0,"Position":384.7983,"HyperDash":false}
Received: {"StartTime":106708.89503673714,"Position":364.91525,"HyperDash":false}

  387) The conversion generated differing hitobjects for object at time: 106334:
Expected: {"StartTime":106840.0,"Position":405.13672,"HyperDash":false}
Received: {"StartTime":106840.84255510572,"Position":393.17853,"HyperDash":false}

  388) The conversion generated differing hitobjects for object at time: 107234:
Expected: {"StartTime":107308.0,"Position":456.62112,"HyperDash":false}
Received: {"StartTime":107308.5,"Position":469.67206,"HyperDash":false}

  389) The conversion generated differing hitobjects for object at time: 107234:
Expected: {"StartTime":107458.0,"Position":457.49258,"HyperDash":false}
Received: {"StartTime":107458.94751836857,"Position":463.44952,"HyperDash":false}

  390) The conversion generated differing hitobjects for object at time: 107234:
Expected: {"StartTime":107608.0,"Position":448.0888,"HyperDash":false}
Received: {"StartTime":107608.89503673714,"Position":459.00793,"HyperDash":false}

  391) The conversion generated differing hitobjects for object at time: 107234:
Expected: {"StartTime":107740.0,"Position":423.22385,"HyperDash":false}
Received: {"StartTime":107740.84255510572,"Position":420.17816,"HyperDash":false}

  392) The conversion generated differing hitobjects for object at time: 108134:
Expected: {"StartTime":108134.0,"Position":24.0,"HyperDash":false}
Received: {"StartTime":108134.0,"Position":200.0,"HyperDash":false}

  393) The conversion generated differing hitobjects for object at time: 108433:
Expected: {"StartTime":108433.0,"Position":88.0,"HyperDash":false}
Received: {"StartTime":108433.0,"Position":56.0,"HyperDash":false}


  Stack Trace:
     at osu.Game.Tests.Beatmaps.BeatmapConversionTest`2.Test(String name, Type[] mods) in /app/osu.Game/Tests/Beatmaps/BeatmapConversionTest.cs:line 50
   at osu.Game.Rulesets.Catch.Tests.CatchBeatmapConversionTest.Test(String name, Type[] mods) in /app/osu.Game.Rulesets.Catch.Tests/CatchBeatmapConversionTest.cs:line 58
   at InvokeStub_CatchBeatmapConversionTest.Test(Object, Span`1)

1)    at osu.Game.Tests.Beatmaps.BeatmapConversionTest`2.<>c__DisplayClass4_1.<Test>b__2() in /app/osu.Game/Tests/Beatmaps/BeatmapConversionTest.cs:line 98
   at NUnit.Framework.Assert.Multiple(TestDelegate testDelegate)
   at osu.Game.Tests.Beatmaps.BeatmapConversionTest`2.<>c__DisplayClass4_0.<Test>b__1() in /app/osu.Game/Tests/Beatmaps/BeatmapConversionTest.cs:line 77
   at NUnit.Framework.Assert.Multiple(TestDelegate testDelegate)
   at osu.Game.Tests.Beatmaps.BeatmapConversionTest`2.Test(String name, Type[] mods) in /app/osu.Game/Tests/Beatmaps/BeatmapConversionTest.cs:line 50
   at osu.Game.Rulesets.Catch.Tests.CatchBeatmapConversionTest.Test(String name, Type[] mods) in /app/osu.Game.Rulesets.Catch.Tests/CatchBeatmapConversionTest.cs:line 58
   at InvokeStub_CatchBeatmapConversionTest.Test(Object, Span`1)

2)    at osu.Game.Tests.Beatmaps.BeatmapConversionTest`2.<>c__DisplayClass4_1.<Test>b__2() in /app/osu.Game/Tests/Beatmaps/BeatmapConversionTest.cs:line 98
   at NUnit.Framework.Assert.Multiple(TestDelegate testDelegate)
   at osu.Game.Tests.Beatmaps.BeatmapConversionTest`2.<>c__DisplayClass4_0.<Test>b__1() in /app/osu.Game/Tests/Beatmaps/BeatmapConversionTest.cs:line 77
   at NUnit.Framework.Assert.Multiple(TestDelegate testDelegate)
   at osu.Game.Tests.Beatmaps.BeatmapConversionTest`2.Test(String name, Type[] mods) in /app/osu.Game/Tests/Beatmaps/BeatmapConversionTest.cs:line 50
   at osu.Game.Rulesets.Catch.Tests.CatchBeatmapConversionTest.Test(String name, Type[] mods) in /app/osu.Game.Rulesets.Catch.Tests/CatchBeatmapConversionTest.cs:line 58
   at InvokeStub_CatchBeatmapConversionTest.Test(Object, Span`1)

3)    at osu.Game.Tests.Beatmaps.BeatmapConversionTest`2.<>c__DisplayClass4_1.<Test>b__2() in /app/osu.Game/Tests/Beatmaps/BeatmapConversionTest.cs:line 98
   at NUnit.Framework.Assert.Multiple(TestDelegate testDelegate)
   at osu.Game.Tests.Beatmaps.BeatmapConversionTest`2.<>c__DisplayClass4_0.<Test>b__1() in /app/osu.Game/Tests/Beatmaps/BeatmapConversionTest.cs:line 77
   at NUnit.Framework.Assert.Multiple(TestDelegate testDelegate)
   at osu.Game.Tests.Beatmaps.BeatmapConversionTest`2.Test(String name, Type[] mods) in /app/osu.Game/Tests/Beatmaps/BeatmapConversionTest.cs:line 50
   at osu.Game.Rulesets.Catch.Tests.CatchBeatmapConversionTest.Test(String name, Type[] mods) in /app/osu.Game.Rulesets.Catch.Tests/CatchBeatmapConversionTest.cs:line 58
   at InvokeStub_CatchBeatmapConversionTest.Test(Object, Span`1)

4)    at osu.Game.Tests.Beatmaps.BeatmapConversionTest`2.<>c__DisplayClass4_1.<Test>b__2() in /app/osu.Game/Tests/Beatmaps/BeatmapConversionTest.cs:line 98
   at NUnit.Framework.Assert.Multiple(TestDelegate testDelegate)
   at osu.Game.Tests.Beatmaps.BeatmapConversionTest`2.<>c__DisplayClass4_0.<Test>b__1() in /app/osu.Game/Tests/Beatmaps/BeatmapConversionTest.cs:line 77
   at NUnit.Framework.Assert.Multiple(TestDelegate testDelegate)
   at osu.Game.Tests.Beatmaps.BeatmapConversionTest`2.Test(String name, Type[] mods) in /app/osu.Game/Tests/Beatmaps/BeatmapConversionTest.cs:line 50
   at osu.Game.Rulesets.Catch.Tests.CatchBeatmapConversionTest.Test(String name, Type[] mods) in /app/osu.Game.Rulesets.Catch.Tests/CatchBeatmapConversionTest.cs:line 58
   at InvokeStub_CatchBeatmapConversionTest.Test(Object, Span`1)

5)    at osu.Game.Tests.Beatmaps.BeatmapConversionTest`2.<>c__DisplayClass4_1.<Test>b__2() in /app/osu.Game/Tests/Beatmaps/BeatmapConversionTest.cs:line 98
   at NUnit.Framework.Assert.Multiple(TestDelegate testDelegate)
   at osu.Game.Tests.Beatmaps.BeatmapConversionTest`2.<>c__DisplayClass4_0.<Test>b__1() in /app/osu.Game/Tests/Beatmaps/BeatmapConversionTest.cs:line 77
   at NUnit.Framework.Assert.Multiple(TestDelegate testDelegate)
   at osu.Game.Tests.Beatmaps.BeatmapConversionTest`2.Test(String name, Type[] mods) in /app/osu.Game/Tests/Beatmaps/BeatmapConversionTest.cs:line 50
   at osu.Game.Rulesets.Catch.Tests.CatchBeatmapConversionTest.Test(String name, Type[] mods) in /app/osu.Game.Rulesets.Catch.Tests/CatchBeatmapConversionTest.cs:line 58
   at InvokeStub_CatchBeatmapConversionTest.Test(Object, Span`1)

6)    at osu.Game.Tests.Beatmaps.BeatmapConversionTest`2.<>c__DisplayClass4_1.<Test>b__2() in /app/osu.Game/Tests/Beatmaps/BeatmapConversionTest.cs:line 98
   at NUnit.Framework.Assert.Multiple(TestDelegate testDelegate)
   at osu.Game.Tests.Beatmaps.BeatmapConversionTest`2.<>c__DisplayClass4_0.<Test>b__1() in /app/osu.Game/Tests/Beatmaps/BeatmapConversionTest.cs:line 77
   at NUnit.Framework.Assert.Multiple(TestDelegate testDelegate)
   at osu.Game.Tests.Beatmaps.BeatmapConversionTest`2.Test(String name, Type[] mods) in /app/osu.Game/Tests/Beatmaps/BeatmapConversionTest.cs:line 50
   at osu.Game.Rulesets.Catch.Tests.CatchBeatmapConversionTest.Test(String name, Type[] mods) in /app/osu.Game.Rulesets.Catch.Tests/CatchBeatmapConversionTest.cs:line 58
   at InvokeStub_CatchBeatmapConversionTest.Test(Object, Span`1)

7)    at osu.Game.Tests.Beatmaps.BeatmapConversionTest`2.<>c__DisplayClass4_1.<Test>b__2() in /app/osu.Game/Tests/Beatmaps/BeatmapConversionTest.cs:line 98
   at NUnit.Framework.Assert.Multiple(TestDelegate testDelegate)
   at osu.Game.Tests.Beatmaps.BeatmapConversionTest`2.<>c__DisplayClass4_0.<Test>b__1() in /app/osu.Game/Tests/Beatmaps/BeatmapConversionTest.cs:line 77
   at NUnit.Framework.Assert.Multiple(TestDelegate testDelegate)
   at osu.Game.Tests.Beatmaps.BeatmapConversionTest`2.Test(String name, Type[] mods) in /app/osu.Game/Tests/Beatmaps/BeatmapConversionTest.cs:line 50
   at osu.Game.Rulesets.Catch.Tests.CatchBeatmapConversionTest.Test(String name, Type[] mods) in /app/osu.Game.Rulesets.Catch.Tests/CatchBeatmapConversionTest.cs:line 58
   at InvokeStub_CatchBeatmapConversionTest.Test(Object, Span`1)

8)    at osu.Game.Tests.Beatmaps.BeatmapConversionTest`2.<>c__DisplayClass4_1.<Test>b__2() in /app/osu.Game/Tests/Beatmaps/BeatmapConversionTest.cs:line 98
   at NUnit.Framework.Assert.Multiple(TestDelegate testDelegate)
   at osu.Game.Tests.Beatmaps.BeatmapConversionTest`2.<>c__DisplayClass4_0.<Test>b__1() in /app/osu.Game/Tests/Beatmaps/BeatmapConversionTest.cs:line 77
   at NUnit.Framework.Assert.Multiple(TestDelegate testDelegate)
   at osu.Game.Tests.Beatmaps.BeatmapConversionTest`2.Test(String name, Type[] mods) in /app/osu.Game/Tests/Beatmaps/BeatmapConversionTest.cs:line 50
   at osu.Game.Rulesets.Catch.Tests.CatchBeatmapConversionTest.Test(String name, Type[] mods) in /app/osu.Game.Rulesets.Catch.Tests/CatchBeatmapConversionTest.cs:line 58
   at InvokeStub_CatchBeatmapConversionTest.Test(Object, Span`1)

9)    at osu.Game.Tests.Beatmaps.BeatmapConversionTest`2.<>c__DisplayClass4_1.<Test>b__2() in /app/osu.Game/Tests/Beatmaps/BeatmapConversionTest.cs:line 98
   at NUnit.Framework.Assert.Multiple(TestDelegate testDelegate)
   at osu.Game.Tests.Beatmaps.BeatmapConversionTest`2.<>c__DisplayClass4_0.<Test>b__1() in /app/osu.Game/Tests/Beatmaps/BeatmapConversionTest.cs:line 77
   at NUnit.Framework.Assert.Multiple(TestDelegate testDelegate)
   at osu.Game.Tests.Beatmaps.BeatmapConversionTest`2.Test(String name, Type[] mods) in /app/osu.Game/Tests/Beatmaps/BeatmapConversionTest.cs:line 50
   at osu.Game.Rulesets.Catch.Tests.CatchBeatmapConversionTest.Test(String name, Type[] mods) in /app/osu.Game.Rulesets.Catch.Tests/CatchBeatmapConversionTest.cs:line 58
   at InvokeStub_CatchBeatmapConversionTest.Test(Object, Span`1)

10)    at osu.Game.Tests.Beatmaps.BeatmapConversionTest`2.<>c__DisplayClass4_1.<Test>b__2() in /app/osu.Game/Tests/Beatmaps/BeatmapConversionTest.cs:line 98
   at NUnit.Framework.Assert.Multiple(TestDelegate testDelegate)
   at osu.Game.Tests.Beatmaps.BeatmapConversionTest`2.<>c__DisplayClass4_0.<Test>b__1() in /app/osu.Game/Tests/Beatmaps/BeatmapConversionTest.cs:line 77
   at NUnit.Framework.Assert.Multiple(TestDelegate testDelegate)
   at osu.Game.Tests.Beatmaps.BeatmapConversionTest`2.Test(String name, Type[] mods) in /app/osu.Game/Tests/Beatmaps/BeatmapConversionTest.cs:line 50
   at osu.Game.Rulesets.Catch.Tests.CatchBeatmapConversionTest.Test(String name, Type[] mods) in /app/osu.Game.Rulesets.Catch.Tests/CatchBeatmapConversionTest.cs:line 58
   at InvokeStub_CatchBeatmapConversionTest.Test(Object, Span`1)

11)    at osu.Game.Tests.Beatmaps.BeatmapConversionTest`2.<>c__DisplayClass4_1.<Test>b__2() in /app/osu.Game/Tests/Beatmaps/BeatmapConversionTest.cs:line 98
   at NUnit.Framework.Assert.Multiple(TestDelegate testDelegate)
   at osu.Game.Tests.Beatmaps.BeatmapConversionTest`2.<>c__DisplayClass4_0.<Test>b__1() in /app/osu.Game/Tests/Beatmaps/BeatmapConversionTest.cs:line 77
   at NUnit.Framework.Assert.Multiple(TestDelegate testDelegate)
   at osu.Game.Tests.Beatmaps.BeatmapConversionTest`2.Test(String name, Type[] mods) in /app/osu.Game/Tests/Beatmaps/BeatmapConversionTest.cs:line 50
   at osu.Game.Rulesets.Catch.Tests.CatchBeatmapConversionTest.Test(String name, Type[] mods) in /app/osu.Game.Rulesets.Catch.Tests/CatchBeatmapConversionTest.cs:line 58
   at InvokeStub_CatchBeatmapConversionTest.Test(Object, Span`1)

12)    at osu.Game.Tests.Beatmaps.BeatmapConversionTest`2.<>c__DisplayClass4_1.<Test>b__2() in /app/osu.Game/Tests/Beatmaps/BeatmapConversionTest.cs:line 98
   at NUnit.Framework.Assert.Multiple(TestDelegate testDelegate)
   at osu.Game.Tests.Beatmaps.BeatmapConversionTest`2.<>c__DisplayClass4_0.<Test>b__1() in /app/osu.Game/Tests/Beatmaps/BeatmapConversionTest.cs:line 77
   at NUnit.Framework.Assert.Multiple(TestDelegate testDelegate)
   at osu.Game.Tests.Beatmaps.BeatmapConversionTest`2.Test(String name, Type[] mods) in /app/osu.Game/Tests/Beatmaps/BeatmapConversionTest.cs:line 50
   at osu.Game.Rulesets.Catch.Tests.CatchBeatmapConversionTest.Test(String name, Type[] mods) in /app/osu.Game.Rulesets.Catch.Tests/CatchBeatmapConversionTest.cs:line 58
   at InvokeStub_CatchBeatmapConversionTest.Test(Object, Span`1)

13)    at osu.Game.Tests.Beatmaps.BeatmapConversionTest`2.<>c__DisplayClass4_1.<Test>b__2() in /app/osu.Game/Tests/Beatmaps/BeatmapConversionTest.cs:line 98
   at NUnit.Framework.Assert.Multiple(TestDelegate testDelegate)
   at osu.Game.Tests.Beatmaps.BeatmapConversionTest`2.<>c__DisplayClass4_0.<Test>b__1() in /app/osu.Game/Tests/Beatmaps/BeatmapConversionTest.cs:line 77
   at NUnit.Framework.Assert.Multiple(TestDelegate testDelegate)
   at osu.Game.Tests.Beatmaps.BeatmapConversionTest`2.Test(String name, Type[] mods) in /app/osu.Game/Tests/Beatmaps/BeatmapConversionTest.cs:line 50
   at osu.Game.Rulesets.Catch.Tests.CatchBeatmapConversionTest.Test(String name, Type[] mods) in /app/osu.Game.Rulesets.Catch.Tests/CatchBeatmapConversionTest.cs:line 58
   at InvokeStub_CatchBeatmapConversionTest.Test(Object, Span`1)

14)    at osu.Game.Tests.Beatmaps.BeatmapConversionTest`2.<>c__DisplayClass4_1.<Test>b__2() in /app/osu.Game/Tests/Beatmaps/BeatmapConversionTest.cs:line 98
   at NUnit.Framework.Assert.Multiple(TestDelegate testDelegate)
   at osu.Game.Tests.Beatmaps.BeatmapConversionTest`2.<>c__DisplayClass4_0.<Test>b__1() in /app/osu.Game/Tests/Beatmaps/BeatmapConversionTest.cs:line 77
   at NUnit.Framework.Assert.Multiple(TestDelegate testDelegate)
   at osu.Game.Tests.Beatmaps.BeatmapConversionTest`2.Test(String name, Type[] mods) in /app/osu.Game/Tests/Beatmaps/BeatmapConversionTest.cs:line 50
   at osu.Game.Rulesets.Catch.Tests.CatchBeatmapConversionTest.Test(String name, Type[] mods) in /app/osu.Game.Rulesets.Catch.Tests/CatchBeatmapConversionTest.cs:line 58
   at InvokeStub_CatchBeatmapConversionTest.Test(Object, Span`1)

15)    at osu.Game.Tests.Beatmaps.BeatmapConversionTest`2.<>c__DisplayClass4_1.<Test>b__2() in /app/osu.Game/Tests/Beatmaps/BeatmapConversionTest.cs:line 98
   at NUnit.Framework.Assert.Multiple(TestDelegate testDelegate)
   at osu.Game.Tests.Beatmaps.BeatmapConversionTest`2.<>c__DisplayClass4_0.<Test>b__1() in /app/osu.Game/Tests/Beatmaps/BeatmapConversionTest.cs:line 77
   at NUnit.Framework.Assert.Multiple(TestDelegate testDelegate)
   at osu.Game.Tests.Beatmaps.BeatmapConversionTest`2.Test(String name, Type[] mods) in /app/osu.Game/Tests/Beatmaps/BeatmapConversionTest.cs:line 50
   at osu.Game.Rulesets.Catch.Tests.CatchBeatmapConversionTest.Test(String name, Type[] mods) in /app/osu.Game.Rulesets.Catch.Tests/CatchBeatmapConversionTest.cs:line 58
   at InvokeStub_CatchBeatmapConversionTest.Test(Object, Span`1)

16)    at osu.Game.Tests.Beatmaps.BeatmapConversionTest`2.<>c__DisplayClass4_1.<Test>b__2() in /app/osu.Game/Tests/Beatmaps/BeatmapConversionTest.cs:line 98
   at NUnit.Framework.Assert.Multiple(TestDelegate testDelegate)
   at osu.Game.Tests.Beatmaps.BeatmapConversionTest`2.<>c__DisplayClass4_0.<Test>b__1() in /app/osu.Game/Tests/Beatmaps/BeatmapConversionTest.cs:line 77
   at NUnit.Framework.Assert.Multiple(TestDelegate testDelegate)
   at osu.Game.Tests.Beatmaps.BeatmapConversionTest`2.Test(String name, Type[] mods) in /app/osu.Game/Tests/Beatmaps/BeatmapConversionTest.cs:line 50
   at osu.Game.Rulesets.Catch.Tests.CatchBeatmapConversionTest.Test(String name, Type[] mods) in /app/osu.Game.Rulesets.Catch.Tests/CatchBeatmapConversionTest.cs:line 58
   at InvokeStub_CatchBeatmapConversionTest.Test(Object, Span`1)

17)    at osu.Game.Tests.Beatmaps.BeatmapConversionTest`2.<>c__DisplayClass4_1.<Test>b__2() in /app/osu.Game/Tests/Beatmaps/BeatmapConversionTest.cs:line 98
   at NUnit.Framework.Assert.Multiple(TestDelegate testDelegate)
   at osu.Game.Tests.Beatmaps.BeatmapConversionTest`2.<>c__DisplayClass4_0.<Test>b__1() in /app/osu.Game/Tests/Beatmaps/BeatmapConversionTest.cs:line 77
   at NUnit.Framework.Assert.Multiple(TestDelegate testDelegate)
   at osu.Game.Tests.Beatmaps.BeatmapConversionTest`2.Test(String name, Type[] mods) in /app/osu.Game/Tests/Beatmaps/BeatmapConversionTest.cs:line 50
   at osu.Game.Rulesets.Catch.Tests.CatchBeatmapConversionTest.Test(String name, Type[] mods) in /app/osu.Game.Rulesets.Catch.Tests/CatchBeatmapConversionTest.cs:line 58
   at InvokeStub_CatchBeatmapConversionTest.Test(Object, Span`1)

18)    at osu.Game.Tests.Beatmaps.BeatmapConversionTest`2.<>c__DisplayClass4_1.<Test>b__2() in /app/osu.Game/Tests/Beatmaps/BeatmapConversionTest.cs:line 98
   at NUnit.Framework.Assert.Multiple(TestDelegate testDelegate)
   at osu.Game.Tests.Beatmaps.BeatmapConversionTest`2.<>c__DisplayClass4_0.<Test>b__1() in /app/osu.Game/Tests/Beatmaps/BeatmapConversionTest.cs:line 77
   at NUnit.Framework.Assert.Multiple(TestDelegate testDelegate)
   at osu.Game.Tests.Beatmaps.BeatmapConversionTest`2.Test(String name, Type[] mods) in /app/osu.Game/Tests/Beatmaps/BeatmapConversionTest.cs:line 50
   at osu.Game.Rulesets.Catch.Tests.CatchBeatmapConversionTest.Test(String name, Type[] mods) in /app/osu.Game.Rulesets.Catch.Tests/CatchBeatmapConversionTest.cs:line 58
   at InvokeStub_CatchBeatmapConversionTest.Test(Object, Span`1)

19)    at osu.Game.Tests.Beatmaps.BeatmapConversionTest`2.<>c__DisplayClass4_1.<Test>b__2() in /app/osu.Game/Tests/Beatmaps/BeatmapConversionTest.cs:line 98
   at NUnit.Framework.Assert.Multiple(TestDelegate testDelegate)
   at osu.Game.Tests.Beatmaps.BeatmapConversionTest`2.<>c__DisplayClass4_0.<Test>b__1() in /app/osu.Game/Tests/Beatmaps/BeatmapConversionTest.cs:line 77
   at NUnit.Framework.Assert.Multiple(TestDelegate testDelegate)
   at osu.Game.Tests.Beatmaps.BeatmapConversionTest`2.Test(String name, Type[] mods) in /app/osu.Game/Tests/Beatmaps/BeatmapConversionTest.cs:line 50
   at osu.Game.Rulesets.Catch.Tests.CatchBeatmapConversionTest.Test(String name, Type[] mods) in /app/osu.Game.Rulesets.Catch.Tests/CatchBeatmapConversionTest.cs:line 58
   at InvokeStub_CatchBeatmapConversionTest.Test(Object, Span`1)

20)    at osu.Game.Tests.Beatmaps.BeatmapConversionTest`2.<>c__DisplayClass4_1.<Test>b__2() in /app/osu.Game/Tests/Beatmaps/BeatmapConversionTest.cs:line 98
   at NUnit.Framework.Assert.Multiple(TestDelegate testDelegate)
   at osu.Game.Tests.Beatmaps.BeatmapConversionTest`2.<>c__DisplayClass4_0.<Test>b__1() in /app/osu.Game/Tests/Beatmaps/BeatmapConversionTest.cs:line 77
   at NUnit.Framework.Assert.Multiple(TestDelegate testDelegate)
   at osu.Game.Tests.Beatmaps.BeatmapConversionTest`2.Test(String name, Type[] mods) in /app/osu.Game/Tests/Beatmaps/BeatmapConversionTest.cs:line 50
   at osu.Game.Rulesets.Catch.Tests.CatchBeatmapConversionTest.Test(String name, Type[] mods) in /app/osu.Game.Rulesets.Catch.Tests/CatchBeatmapConversionTest.cs:line 58
   at InvokeStub_CatchBeatmapConversionTest.Test(Object, Span`1)

21)    at osu.Game.Tests.Beatmaps.BeatmapConversionTest`2.<>c__DisplayClass4_1.<Test>b__2() in /app/osu.Game/Tests/Beatmaps/BeatmapConversionTest.cs:line 98
   at NUnit.Framework.Assert.Multiple(TestDelegate testDelegate)
   at osu.Game.Tests.Beatmaps.BeatmapConversionTest`2.<>c__DisplayClass4_0.<Test>b__1() in /app/osu.Game/Tests/Beatmaps/BeatmapConversionTest.cs:line 77
   at NUnit.Framework.Assert.Multiple(TestDelegate testDelegate)
   at osu.Game.Tests.Beatmaps.BeatmapConversionTest`2.Test(String name, Type[] mods) in /app/osu.Game/Tests/Beatmaps/BeatmapConversionTest.cs:line 50
   at osu.Game.Rulesets.Catch.Tests.CatchBeatmapConversionTest.Test(String name, Type[] mods) in /app/osu.Game.Rulesets.Catch.Tests/CatchBeatmapConversionTest.cs:line 58
   at InvokeStub_CatchBeatmapConversionTest.Test(Object, Span`1)

22)    at osu.Game.Tests.Beatmaps.BeatmapConversionTest`2.<>c__DisplayClass4_1.<Test>b__2() in /app/osu.Game/Tests/Beatmaps/BeatmapConversionTest.cs:line 98
   at NUnit.Framework.Assert.Multiple(TestDelegate testDelegate)
   at osu.Game.Tests.Beatmaps.BeatmapConversionTest`2.<>c__DisplayClass4_0.<Test>b__1() in /app/osu.Game/Tests/Beatmaps/BeatmapConversionTest.cs:line 77
   at NUnit.Framework.Assert.Multiple(TestDelegate testDelegate)
   at osu.Game.Tests.Beatmaps.BeatmapConversionTest`2.Test(String name, Type[] mods) in /app/osu.Game/Tests/Beatmaps/BeatmapConversionTest.cs:line 50
   at osu.Game.Rulesets.Catch.Tests.CatchBeatmapConversionTest.Test(String name, Type[] mods) in /app/osu.Game.Rulesets.Catch.Tests/CatchBeatmapConversionTest.cs:line 58
   at InvokeStub_CatchBeatmapConversionTest.Test(Object, Span`1)

23)    at osu.Game.Tests.Beatmaps.BeatmapConversionTest`2.<>c__DisplayClass4_1.<Test>b__2() in /app/osu.Game/Tests/Beatmaps/BeatmapConversionTest.cs:line 98
   at NUnit.Framework.Assert.Multiple(TestDelegate testDelegate)
   at osu.Game.Tests.Beatmaps.BeatmapConversionTest`2.<>c__DisplayClass4_0.<Test>b__1() in /app/osu.Game/Tests/Beatmaps/BeatmapConversionTest.cs:line 77
   at NUnit.Framework.Assert.Multiple(TestDelegate testDelegate)
   at osu.Game.Tests.Beatmaps.BeatmapConversionTest`2.Test(String name, Type[] mods) in /app/osu.Game/Tests/Beatmaps/BeatmapConversionTest.cs:line 50
   at osu.Game.Rulesets.Catch.Tests.CatchBeatmapConversionTest.Test(String name, Type[] mods) in /app/osu.Game.Rulesets.Catch.Tests/CatchBeatmapConversionTest.cs:line 58
   at InvokeStub_CatchBeatmapConversionTest.Test(Object, Span`1)

24)    at osu.Game.Tests.Beatmaps.BeatmapConversionTest`2.<>c__DisplayClass4_1.<Test>b__2() in /app/osu.Game/Tests/Beatmaps/BeatmapConversionTest.cs:line 98
   at NUnit.Framework.Assert.Multiple(TestDelegate testDelegate)
   at osu.Game.Tests.Beatmaps.BeatmapConversionTest`2.<>c__DisplayClass4_0.<Test>b__1() in /app/osu.Game/Tests/Beatmaps/BeatmapConversionTest.cs:line 77
   at NUnit.Framework.Assert.Multiple(TestDelegate testDelegate)
   at osu.Game.Tests.Beatmaps.BeatmapConversionTest`2.Test(String name, Type[] mods) in /app/osu.Game/Tests/Beatmaps/BeatmapConversionTest.cs:line 50
   at osu.Game.Rulesets.Catch.Tests.CatchBeatmapConversionTest.Test(String name, Type[] mods) in /app/osu.Game.Rulesets.Catch.Tests/CatchBeatmapConversionTest.cs:line 58
   at InvokeStub_CatchBeatmapConversionTest.Test(Object, Span`1)

25)    at osu.Game.Tests.Beatmaps.BeatmapConversionTest`2.<>c__DisplayClass4_1.<Test>b__2() in /app/osu.Game/Tests/Beatmaps/BeatmapConversionTest.cs:line 98
   at NUnit.Framework.Assert.Multiple(TestDelegate testDelegate)
   at osu.Game.Tests.Beatmaps.BeatmapConversionTest`2.<>c__DisplayClass4_0.<Test>b__1() in /app/osu.Game/Tests/Beatmaps/BeatmapConversionTest.cs:line 77
   at NUnit.Framework.Assert.Multiple(TestDelegate testDelegate)
   at osu.Game.Tests.Beatmaps.BeatmapConversionTest`2.Test(String name, Type[] mods) in /app/osu.Game/Tests/Beatmaps/BeatmapConversionTest.cs:line 50
   at osu.Game.Rulesets.Catch.Tests.CatchBeatmapConversionTest.Test(String name, Type[] mods) in /app/osu.Game.Rulesets.Catch.Tests/CatchBeatmapConversionTest.cs:line 58
   at InvokeStub_CatchBeatmapConversionTest.Test(Object, Span`1)

26)    at osu.Game.Tests.Beatmaps.BeatmapConversionTest`2.<>c__DisplayClass4_1.<Test>b__2() in /app/osu.Game/Tests/Beatmaps/BeatmapConversionTest.cs:line 98
   at NUnit.Framework.Assert.Multiple(TestDelegate testDelegate)
   at osu.Game.Tests.Beatmaps.BeatmapConversionTest`2.<>c__DisplayClass4_0.<Test>b__1() in /app/osu.Game/Tests/Beatmaps/BeatmapConversionTest.cs:line 77
   at NUnit.Framework.Assert.Multiple(TestDelegate testDelegate)
   at osu.Game.Tests.Beatmaps.BeatmapConversionTest`2.Test(String name, Type[] mods) in /app/osu.Game/Tests/Beatmaps/BeatmapConversionTest.cs:line 50
   at osu.Game.Rulesets.Catch.Tests.CatchBeatmapConversionTest.Test(String name, Type[] mods) in /app/osu.Game.Rulesets.Catch.Tests/CatchBeatmapConversionTest.cs:line 58
   at InvokeStub_CatchBeatmapConversionTest.Test(Object, Span`1)

27)    at osu.Game.Tests.Beatmaps.BeatmapConversionTest`2.<>c__DisplayClass4_1.<Test>b__2() in /app/osu.Game/Tests/Beatmaps/BeatmapConversionTest.cs:line 98
   at NUnit.Framework.Assert.Multiple(TestDelegate testDelegate)
   at osu.Game.Tests.Beatmaps.BeatmapConversionTest`2.<>c__DisplayClass4_0.<Test>b__1() in /app/osu.Game/Tests/Beatmaps/BeatmapConversionTest.cs:line 77
   at NUnit.Framework.Assert.Multiple(TestDelegate testDelegate)
   at osu.Game.Tests.Beatmaps.BeatmapConversionTest`2.Test(String name, Type[] mods) in /app/osu.Game/Tests/Beatmaps/BeatmapConversionTest.cs:line 50
   at osu.Game.Rulesets.Catch.Tests.CatchBeatmapConversionTest.Test(String name, Type[] mods) in /app/osu.Game.Rulesets.Catch.Tests/CatchBeatmapConversionTest.cs:line 58
   at InvokeStub_CatchBeatmapConversionTest.Test(Object, Span`1)

28)    at osu.Game.Tests.Beatmaps.BeatmapConversionTest`2.<>c__DisplayClass4_1.<Test>b__2() in /app/osu.Game/Tests/Beatmaps/BeatmapConversionTest.cs:line 98
   at NUnit.Framework.Assert.Multiple(TestDelegate testDelegate)
   at osu.Game.Tests.Beatmaps.BeatmapConversionTest`2.<>c__DisplayClass4_0.<Test>b__1() in /app/osu.Game/Tests/Beatmaps/BeatmapConversionTest.cs:line 77
   at NUnit.Framework.Assert.Multiple(TestDelegate testDelegate)
   at osu.Game.Tests.Beatmaps.BeatmapConversionTest`2.Test(String name, Type[] mods) in /app/osu.Game/Tests/Beatmaps/BeatmapConversionTest.cs:line 50
   at osu.Game.Rulesets.Catch.Tests.CatchBeatmapConversionTest.Test(String name, Type[] mods) in /app/osu.Game.Rulesets.Catch.Tests/CatchBeatmapConversionTest.cs:line 58
   at InvokeStub_CatchBeatmapConversionTest.Test(Object, Span`1)

29)    at osu.Game.Tests.Beatmaps.BeatmapConversionTest`2.<>c__DisplayClass4_1.<Test>b__2() in /app/osu.Game/Tests/Beatmaps/BeatmapConversionTest.cs:line 98
   at NUnit.Framework.Assert.Multiple(TestDelegate testDelegate)
   at osu.Game.Tests.Beatmaps.BeatmapConversionTest`2.<>c__DisplayClass4_0.<Test>b__1() in /app/osu.Game/Tests/Beatmaps/BeatmapConversionTest.cs:line 77
   at NUnit.Framework.Assert.Multiple(TestDelegate testDelegate)
   at osu.Game.Tests.Beatmaps.BeatmapConversionTest`2.Test(String name, Type[] mods) in /app/osu.Game/Tests/Beatmaps/BeatmapConversionTest.cs:line 50
   at osu.Game.Rulesets.Catch.Tests.CatchBeatmapConversionTest.Test(String name, Type[] mods) in /app/osu.Game.Rulesets.Catch.Tests/CatchBeatmapConversionTest.cs:line 58
   at InvokeStub_CatchBeatmapConversionTest.Test(Object, Span`1)

30)    at osu.Game.Tests.Beatmaps.BeatmapConversionTest`2.<>c__DisplayClass4_1.<Test>b__2() in /app/osu.Game/Tests/Beatmaps/BeatmapConversionTest.cs:line 98
   at NUnit.Framework.Assert.Multiple(TestDelegate testDelegate)
   at osu.Game.Tests.Beatmaps.BeatmapConversionTest`2.<>c__DisplayClass4_0.<Test>b__1() in /app/osu.Game/Tests/Beatmaps/BeatmapConversionTest.cs:line 77
   at NUnit.Framework.Assert.Multiple(TestDelegate testDelegate)
   at osu.Game.Tests.Beatmaps.BeatmapConversionTest`2.Test(String name, Type[] mods) in /app/osu.Game/Tests/Beatmaps/BeatmapConversionTest.cs:line 50
   at osu.Game.Rulesets.Catch.Tests.CatchBeatmapConversionTest.Test(String name, Type[] mods) in /app/osu.Game.Rulesets.Catch.Tests/CatchBeatmapConversionTest.cs:line 58
   at InvokeStub_CatchBeatmapConversionTest.Test(Object, Span`1)

31)    at osu.Game.Tests.Beatmaps.BeatmapConversionTest`2.<>c__DisplayClass4_1.<Test>b__2() in /app/osu.Game/Tests/Beatmaps/BeatmapConversionTest.cs:line 98
   at NUnit.Framework.Assert.Multiple(TestDelegate testDelegate)
   at osu.Game.Tests.Beatmaps.BeatmapConversionTest`2.<>c__DisplayClass4_0.<Test>b__1() in /app/osu.Game/Tests/Beatmaps/BeatmapConversionTest.cs:line 77
   at NUnit.Framework.Assert.Multiple(TestDelegate testDelegate)
   at osu.Game.Tests.Beatmaps.BeatmapConversionTest`2.Test(String name, Type[] mods) in /app/osu.Game/Tests/Beatmaps/BeatmapConversionTest.cs:line 50
   at osu.Game.Rulesets.Catch.Tests.CatchBeatmapConversionTest.Test(String name, Type[] mods) in /app/osu.Game.Rulesets.Catch.Tests/CatchBeatmapConversionTest.cs:line 58
   at InvokeStub_CatchBeatmapConversionTest.Test(Object, Span`1)

32)    at osu.Game.Tests.Beatmaps.BeatmapConversionTest`2.<>c__DisplayClass4_1.<Test>b__2() in /app/osu.Game/Tests/Beatmaps/BeatmapConversionTest.cs:line 98
   at NUnit.Framework.Assert.Multiple(TestDelegate testDelegate)
   at osu.Game.Tests.Beatmaps.BeatmapConversionTest`2.<>c__DisplayClass4_0.<Test>b__1() in /app/osu.Game/Tests/Beatmaps/BeatmapConversionTest.cs:line 77
   at NUnit.Framework.Assert.Multiple(TestDelegate testDelegate)
   at osu.Game.Tests.Beatmaps.BeatmapConversionTest`2.Test(String name, Type[] mods) in /app/osu.Game/Tests/Beatmaps/BeatmapConversionTest.cs:line 50
   at osu.Game.Rulesets.Catch.Tests.CatchBeatmapConversionTest.Test(String name, Type[] mods) in /app/osu.Game.Rulesets.Catch.Tests/CatchBeatmapConversionTest.cs:line 58
   at InvokeStub_CatchBeatmapConversionTest.Test(Object, Span`1)

33)    at osu.Game.Tests.Beatmaps.BeatmapConversionTest`2.<>c__DisplayClass4_1.<Test>b__2() in /app/osu.Game/Tests/Beatmaps/BeatmapConversionTest.cs:line 98
   at NUnit.Framework.Assert.Multiple(TestDelegate testDelegate)
   at osu.Game.Tests.Beatmaps.BeatmapConversionTest`2.<>c__DisplayClass4_0.<Test>b__1() in /app/osu.Game/Tests/Beatmaps/BeatmapConversionTest.cs:line 77
   at NUnit.Framework.Assert.Multiple(TestDelegate testDelegate)
   at osu.Game.Tests.Beatmaps.BeatmapConversionTest`2.Test(String name, Type[] mods) in /app/osu.Game/Tests/Beatmaps/BeatmapConversionTest.cs:line 50
   at osu.Game.Rulesets.Catch.Tests.CatchBeatmapConversionTest.Test(String name, Type[] mods) in /app/osu.Game.Rulesets.Catch.Tests/CatchBeatmapConversionTest.cs:line 58
   at InvokeStub_CatchBeatmapConversionTest.Test(Object, Span`1)

34)    at osu.Game.Tests.Beatmaps.BeatmapConversionTest`2.<>c__DisplayClass4_1.<Test>b__2() in /app/osu.Game/Tests/Beatmaps/BeatmapConversionTest.cs:line 98
   at NUnit.Framework.Assert.Multiple(TestDelegate testDelegate)
   at osu.Game.Tests.Beatmaps.BeatmapConversionTest`2.<>c__DisplayClass4_0.<Test>b__1() in /app/osu.Game/Tests/Beatmaps/BeatmapConversionTest.cs:line 77
   at NUnit.Framework.Assert.Multiple(TestDelegate testDelegate)
   at osu.Game.Tests.Beatmaps.BeatmapConversionTest`2.Test(String name, Type[] mods) in /app/osu.Game/Tests/Beatmaps/BeatmapConversionTest.cs:line 50
   at osu.Game.Rulesets.Catch.Tests.CatchBeatmapConversionTest.Test(String name, Type[] mods) in /app/osu.Game.Rulesets.Catch.Tests/CatchBeatmapConversionTest.cs:line 58
   at InvokeStub_CatchBeatmapConversionTest.Test(Object, Span`1)

35)    at osu.Game.Tests.Beatmaps.BeatmapConversionTest`2.<>c__DisplayClass4_1.<Test>b__2() in /app/osu.Game/Tests/Beatmaps/BeatmapConversionTest.cs:line 98
   at NUnit.Framework.Assert.Multiple(TestDelegate testDelegate)
   at osu.Game.Tests.Beatmaps.BeatmapConversionTest`2.<>c__DisplayClass4_0.<Test>b__1() in /app/osu.Game/Tests/Beatmaps/BeatmapConversionTest.cs:line 77
   at NUnit.Framework.Assert.Multiple(TestDelegate testDelegate)
   at osu.Game.Tests.Beatmaps.BeatmapConversionTest`2.Test(String name, Type[] mods) in /app/osu.Game/Tests/Beatmaps/BeatmapConversionTest.cs:line 50
   at osu.Game.Rulesets.Catch.Tests.CatchBeatmapConversionTest.Test(String name, Type[] mods) in /app/osu.Game.Rulesets.Catch.Tests/CatchBeatmapConversionTest.cs:line 58
   at InvokeStub_CatchBeatmapConversionTest.Test(Object, Span`1)

36)    at osu.Game.Tests.Beatmaps.BeatmapConversionTest`2.<>c__DisplayClass4_1.<Test>b__2() in /app/osu.Game/Tests/Beatmaps/BeatmapConversionTest.cs:line 98
   at NUnit.Framework.Assert.Multiple(TestDelegate testDelegate)
   at osu.Game.Tests.Beatmaps.BeatmapConversionTest`2.<>c__DisplayClass4_0.<Test>b__1() in /app/osu.Game/Tests/Beatmaps/BeatmapConversionTest.cs:line 77
   at NUnit.Framework.Assert.Multiple(TestDelegate testDelegate)
   at osu.Game.Tests.Beatmaps.BeatmapConversionTest`2.Test(String name, Type[] mods) in /app/osu.Game/Tests/Beatmaps/BeatmapConversionTest.cs:line 50
   at osu.Game.Rulesets.Catch.Tests.CatchBeatmapConversionTest.Test(String name, Type[] mods) in /app/osu.Game.Rulesets.Catch.Tests/CatchBeatmapConversionTest.cs:line 58
   at InvokeStub_CatchBeatmapConversionTest.Test(Object, Span`1)

37)    at osu.Game.Tests.Beatmaps.BeatmapConversionTest`2.<>c__DisplayClass4_1.<Test>b__2() in /app/osu.Game/Tests/Beatmaps/BeatmapConversionTest.cs:line 98
   at NUnit.Framework.Assert.Multiple(TestDelegate testDelegate)
   at osu.Game.Tests.Beatmaps.BeatmapConversionTest`2.<>c__DisplayClass4_0.<Test>b__1() in /app/osu.Game/Tests/Beatmaps/BeatmapConversionTest.cs:line 77
   at NUnit.Framework.Assert.Multiple(TestDelegate testDelegate)
   at osu.Game.Tests.Beatmaps.BeatmapConversionTest`2.Test(String name, Type[] mods) in /app/osu.Game/Tests/Beatmaps/BeatmapConversionTest.cs:line 50
   at osu.Game.Rulesets.Catch.Tests.CatchBeatmapConversionTest.Test(String name, Type[] mods) in /app/osu.Game.Rulesets.Catch.Tests/CatchBeatmapConversionTest.cs:line 58
   at InvokeStub_CatchBeatmapConversionTest.Test(Object, Span`1)

38)    at osu.Game.Tests.Beatmaps.BeatmapConversionTest`2.<>c__DisplayClass4_1.<Test>b__2() in /app/osu.Game/Tests/Beatmaps/BeatmapConversionTest.cs:line 98
   at NUnit.Framework.Assert.Multiple(TestDelegate testDelegate)
   at osu.Game.Tests.Beatmaps.BeatmapConversionTest`2.<>c__DisplayClass4_0.<Test>b__1() in /app/osu.Game/Tests/Beatmaps/BeatmapConversionTest.cs:line 77
   at NUnit.Framework.Assert.Multiple(TestDelegate testDelegate)
   at osu.Game.Tests.Beatmaps.BeatmapConversionTest`2.Test(String name, Type[] mods) in /app/osu.Game/Tests/Beatmaps/BeatmapConversionTest.cs:line 50
   at osu.Game.Rulesets.Catch.Tests.CatchBeatmapConversionTest.Test(String name, Type[] mods) in /app/osu.Game.Rulesets.Catch.Tests/CatchBeatmapConversionTest.cs:line 58
   at InvokeStub_CatchBeatmapConversionTest.Test(Object, Span`1)

39)    at osu.Game.Tests.Beatmaps.BeatmapConversionTest`2.<>c__DisplayClass4_1.<Test>b__2() in /app/osu.Game/Tests/Beatmaps/BeatmapConversionTest.cs:line 98
   at NUnit.Framework.Assert.Multiple(TestDelegate testDelegate)
   at osu.Game.Tests.Beatmaps.BeatmapConversionTest`2.<>c__DisplayClass4_0.<Test>b__1() in /app/osu.Game/Tests/Beatmaps/BeatmapConversionTest.cs:line 77
   at NUnit.Framework.Assert.Multiple(TestDelegate testDelegate)
   at osu.Game.Tests.Beatmaps.BeatmapConversionTest`2.Test(String name, Type[] mods) in /app/osu.Game/Tests/Beatmaps/BeatmapConversionTest.cs:line 50
   at osu.Game.Rulesets.Catch.Tests.CatchBeatmapConversionTest.Test(String name, Type[] mods) in /app/osu.Game.Rulesets.Catch.Tests/CatchBeatmapConversionTest.cs:line 58
   at InvokeStub_CatchBeatmapConversionTest.Test(Object, Span`1)

40)    at osu.Game.Tests.Beatmaps.BeatmapConversionTest`2.<>c__DisplayClass4_1.<Test>b__2() in /app/osu.Game/Tests/Beatmaps/BeatmapConversionTest.cs:line 98
   at NUnit.Framework.Assert.Multiple(TestDelegate testDelegate)
   at osu.Game.Tests.Beatmaps.BeatmapConversionTest`2.<>c__DisplayClass4_0.<Test>b__1() in /app/osu.Game/Tests/Beatmaps/BeatmapConversionTest.cs:line 77
   at NUnit.Framework.Assert.Multiple(TestDelegate testDelegate)
   at osu.Game.Tests.Beatmaps.BeatmapConversionTest`2.Test(String name, Type[] mods) in /app/osu.Game/Tests/Beatmaps/BeatmapConversionTest.cs:line 50
   at osu.Game.Rulesets.Catch.Tests.CatchBeatmapConversionTest.Test(String name, Type[] mods) in /app/osu.Game.Rulesets.Catch.Tests/CatchBeatmapConversionTest.cs:line 58
   at InvokeStub_CatchBeatmapConversionTest.Test(Object, Span`1)

41)    at osu.Game.Tests.Beatmaps.BeatmapConversionTest`2.<>c__DisplayClass4_1.<Test>b__2() in /app/osu.Game/Tests/Beatmaps/BeatmapConversionTest.cs:line 98
   at NUnit.Framework.Assert.Multiple(TestDelegate testDelegate)
   at osu.Game.Tests.Beatmaps.BeatmapConversionTest`2.<>c__DisplayClass4_0.<Test>b__1() in /app/osu.Game/Tests/Beatmaps/BeatmapConversionTest.cs:line 77
   at NUnit.Framework.Assert.Multiple(TestDelegate testDelegate)
   at osu.Game.Tests.Beatmaps.BeatmapConversionTest`2.Test(String name, Type[] mods) in /app/osu.Game/Tests/Beatmaps/BeatmapConversionTest.cs:line 50
   at osu.Game.Rulesets.Catch.Tests.CatchBeatmapConversionTest.Test(String name, Type[] mods) in /app/osu.Game.Rulesets.Catch.Tests/CatchBeatmapConversionTest.cs:line 58
   at InvokeStub_CatchBeatmapConversionTest.Test(Object, Span`1)

42)    at osu.Game.Tests.Beatmaps.BeatmapConversionTest`2.<>c__DisplayClass4_1.<Test>b__2() in /app/osu.Game/Tests/Beatmaps/BeatmapConversionTest.cs:line 98
   at NUnit.Framework.Assert.Multiple(TestDelegate testDelegate)
   at osu.Game.Tests.Beatmaps.BeatmapConversionTest`2.<>c__DisplayClass4_0.<Test>b__1() in /app/osu.Game/Tests/Beatmaps/BeatmapConversionTest.cs:line 77
   at NUnit.Framework.Assert.Multiple(TestDelegate testDelegate)
   at osu.Game.Tests.Beatmaps.BeatmapConversionTest`2.Test(String name, Type[] mods) in /app/osu.Game/Tests/Beatmaps/BeatmapConversionTest.cs:line 50
   at osu.Game.Rulesets.Catch.Tests.CatchBeatmapConversionTest.Test(String name, Type[] mods) in /app/osu.Game.Rulesets.Catch.Tests/CatchBeatmapConversionTest.cs:line 58
   at InvokeStub_CatchBeatmapConversionTest.Test(Object, Span`1)

43)    at osu.Game.Tests.Beatmaps.BeatmapConversionTest`2.<>c__DisplayClass4_1.<Test>b__2() in /app/osu.Game/Tests/Beatmaps/BeatmapConversionTest.cs:line 98
   at NUnit.Framework.Assert.Multiple(TestDelegate testDelegate)
   at osu.Game.Tests.Beatmaps.BeatmapConversionTest`2.<>c__DisplayClass4_0.<Test>b__1() in /app/osu.Game/Tests/Beatmaps/BeatmapConversionTest.cs:line 77
   at NUnit.Framework.Assert.Multiple(TestDelegate testDelegate)
   at osu.Game.Tests.Beatmaps.BeatmapConversionTest`2.Test(String name, Type[] mods) in /app/osu.Game/Tests/Beatmaps/BeatmapConversionTest.cs:line 50
   at osu.Game.Rulesets.Catch.Tests.CatchBeatmapConversionTest.Test(String name, Type[] mods) in /app/osu.Game.Rulesets.Catch.Tests/CatchBeatmapConversionTest.cs:line 58
   at InvokeStub_CatchBeatmapConversionTest.Test(Object, Span`1)

44)    at osu.Game.Tests.Beatmaps.BeatmapConversionTest`2.<>c__DisplayClass4_1.<Test>b__2() in /app/osu.Game/Tests/Beatmaps/BeatmapConversionTest.cs:line 98
   at NUnit.Framework.Assert.Multiple(TestDelegate testDelegate)
   at osu.Game.Tests.Beatmaps.BeatmapConversionTest`2.<>c__DisplayClass4_0.<Test>b__1() in /app/osu.Game/Tests/Beatmaps/BeatmapConversionTest.cs:line 77
   at NUnit.Framework.Assert.Multiple(TestDelegate testDelegate)
   at osu.Game.Tests.Beatmaps.BeatmapConversionTest`2.Test(String name, Type[] mods) in /app/osu.Game/Tests/Beatmaps/BeatmapConversionTest.cs:line 50
   at osu.Game.Rulesets.Catch.Tests.CatchBeatmapConversionTest.Test(String name, Type[] mods) in /app/osu.Game.Rulesets.Catch.Tests/CatchBeatmapConversionTest.cs:line 58
   at InvokeStub_CatchBeatmapConversionTest.Test(Object, Span`1)

45)    at osu.Game.Tests.Beatmaps.BeatmapConversionTest`2.<>c__DisplayClass4_1.<Test>b__2() in /app/osu.Game/Tests/Beatmaps/BeatmapConversionTest.cs:line 98
   at NUnit.Framework.Assert.Multiple(TestDelegate testDelegate)
   at osu.Game.Tests.Beatmaps.BeatmapConversionTest`2.<>c__DisplayClass4_0.<Test>b__1() in /app/osu.Game/Tests/Beatmaps/BeatmapConversionTest.cs:line 77
   at NUnit.Framework.Assert.Multiple(TestDelegate testDelegate)
   at osu.Game.Tests.Beatmaps.BeatmapConversionTest`2.Test(String name, Type[] mods) in /app/osu.Game/Tests/Beatmaps/BeatmapConversionTest.cs:line 50
   at osu.Game.Rulesets.Catch.Tests.CatchBeatmapConversionTest.Test(String name, Type[] mods) in /app/osu.Game.Rulesets.Catch.Tests/CatchBeatmapConversionTest.cs:line 58
   at InvokeStub_CatchBeatmapConversionTest.Test(Object, Span`1)

46)    at osu.Game.Tests.Beatmaps.BeatmapConversionTest`2.<>c__DisplayClass4_1.<Test>b__2() in /app/osu.Game/Tests/Beatmaps/BeatmapConversionTest.cs:line 98
   at NUnit.Framework.Assert.Multiple(TestDelegate testDelegate)
   at osu.Game.Tests.Beatmaps.BeatmapConversionTest`2.<>c__DisplayClass4_0.<Test>b__1() in /app/osu.Game/Tests/Beatmaps/BeatmapConversionTest.cs:line 77
   at NUnit.Framework.Assert.Multiple(TestDelegate testDelegate)
   at osu.Game.Tests.Beatmaps.BeatmapConversionTest`2.Test(String name, Type[] mods) in /app/osu.Game/Tests/Beatmaps/BeatmapConversionTest.cs:line 50
   at osu.Game.Rulesets.Catch.Tests.CatchBeatmapConversionTest.Test(String name, Type[] mods) in /app/osu.Game.Rulesets.Catch.Tests/CatchBeatmapConversionTest.cs:line 58
   at InvokeStub_CatchBeatmapConversionTest.Test(Object, Span`1)

47)    at osu.Game.Tests.Beatmaps.BeatmapConversionTest`2.<>c__DisplayClass4_1.<Test>b__2() in /app/osu.Game/Tests/Beatmaps/BeatmapConversionTest.cs:line 98
   at NUnit.Framework.Assert.Multiple(TestDelegate testDelegate)
   at osu.Game.Tests.Beatmaps.BeatmapConversionTest`2.<>c__DisplayClass4_0.<Test>b__1() in /app/osu.Game/Tests/Beatmaps/BeatmapConversionTest.cs:line 77
   at NUnit.Framework.Assert.Multiple(TestDelegate testDelegate)
   at osu.Game.Tests.Beatmaps.BeatmapConversionTest`2.Test(String name, Type[] mods) in /app/osu.Game/Tests/Beatmaps/BeatmapConversionTest.cs:line 50
   at osu.Game.Rulesets.Catch.Tests.CatchBeatmapConversionTest.Test(String name, Type[] mods) in /app/osu.Game.Rulesets.Catch.Tests/CatchBeatmapConversionTest.cs:line 58
   at InvokeStub_CatchBeatmapConversionTest.Test(Object, Span`1)

48)    at osu.Game.Tests.Beatmaps.BeatmapConversionTest`2.<>c__DisplayClass4_1.<Test>b__2() in /app/osu.Game/Tests/Beatmaps/BeatmapConversionTest.cs:line 98
   at NUnit.Framework.Assert.Multiple(TestDelegate testDelegate)
   at osu.Game.Tests.Beatmaps.BeatmapConversionTest`2.<>c__DisplayClass4_0.<Test>b__1() in /app/osu.Game/Tests/Beatmaps/BeatmapConversionTest.cs:line 77
   at NUnit.Framework.Assert.Multiple(TestDelegate testDelegate)
   at osu.Game.Tests.Beatmaps.BeatmapConversionTest`2.Test(String name, Type[] mods) in /app/osu.Game/Tests/Beatmaps/BeatmapConversionTest.cs:line 50
   at osu.Game.Rulesets.Catch.Tests.CatchBeatmapConversionTest.Test(String name, Type[] mods) in /app/osu.Game.Rulesets.Catch.Tests/CatchBeatmapConversionTest.cs:line 58
   at InvokeStub_CatchBeatmapConversionTest.Test(Object, Span`1)

49)    at osu.Game.Tests.Beatmaps.BeatmapConversionTest`2.<>c__DisplayClass4_1.<Test>b__2() in /app/osu.Game/Tests/Beatmaps/BeatmapConversionTest.cs:line 98
   at NUnit.Framework.Assert.Multiple(TestDelegate testDelegate)
   at osu.Game.Tests.Beatmaps.BeatmapConversionTest`2.<>c__DisplayClass4_0.<Test>b__1() in /app/osu.Game/Tests/Beatmaps/BeatmapConversionTest.cs:line 77
   at NUnit.Framework.Assert.Multiple(TestDelegate testDelegate)
   at osu.Game.Tests.Beatmaps.BeatmapConversionTest`2.Test(String name, Type[] mods) in /app/osu.Game/Tests/Beatmaps/BeatmapConversionTest.cs:line 50
   at osu.Game.Rulesets.Catch.Tests.CatchBeatmapConversionTest.Test(String name, Type[] mods) in /app/osu.Game.Rulesets.Catch.Tests/CatchBeatmapConversionTest.cs:line 58
   at InvokeStub_CatchBeatmapConversionTest.Test(Object, Span`1)

50)    at osu.Game.Tests.Beatmaps.BeatmapConversionTest`2.<>c__DisplayClass4_1.<Test>b__2() in /app/osu.Game/Tests/Beatmaps/BeatmapConversionTest.cs:line 98
   at NUnit.Framework.Assert.Multiple(TestDelegate testDelegate)
   at osu.Game.Tests.Beatmaps.BeatmapConversionTest`2.<>c__DisplayClass4_0.<Test>b__1() in /app/osu.Game/Tests/Beatmaps/BeatmapConversionTest.cs:line 77
   at NUnit.Framework.Assert.Multiple(TestDelegate testDelegate)
   at osu.Game.Tests.Beatmaps.BeatmapConversionTest`2.Test(String name, Type[] mods) in /app/osu.Game/Tests/Beatmaps/BeatmapConversionTest.cs:line 50
   at osu.Game.Rulesets.Catch.Tests.CatchBeatmapConversionTest.Test(String name, Type[] mods) in /app/osu.Game.Rulesets.Catch.Tests/CatchBeatmapConversionTest.cs:line 58
   at InvokeStub_CatchBeatmapConversionTest.Test(Object, Span`1)

51)    at osu.Game.Tests.Beatmaps.BeatmapConversionTest`2.<>c__DisplayClass4_1.<Test>b__2() in /app/osu.Game/Tests/Beatmaps/BeatmapConversionTest.cs:line 98
   at NUnit.Framework.Assert.Multiple(TestDelegate testDelegate)
   at osu.Game.Tests.Beatmaps.BeatmapConversionTest`2.<>c__DisplayClass4_0.<Test>b__1() in /app/osu.Game/Tests/Beatmaps/BeatmapConversionTest.cs:line 77
   at NUnit.Framework.Assert.Multiple(TestDelegate testDelegate)
   at osu.Game.Tests.Beatmaps.BeatmapConversionTest`2.Test(String name, Type[] mods) in /app/osu.Game/Tests/Beatmaps/BeatmapConversionTest.cs:line 50
   at osu.Game.Rulesets.Catch.Tests.CatchBeatmapConversionTest.Test(String name, Type[] mods) in /app/osu.Game.Rulesets.Catch.Tests/CatchBeatmapConversionTest.cs:line 58
   at InvokeStub_CatchBeatmapConversionTest.Test(Object, Span`1)

52)    at osu.Game.Tests.Beatmaps.BeatmapConversionTest`2.<>c__DisplayClass4_1.<Test>b__2() in /app/osu.Game/Tests/Beatmaps/BeatmapConversionTest.cs:line 98
   at NUnit.Framework.Assert.Multiple(TestDelegate testDelegate)
   at osu.Game.Tests.Beatmaps.BeatmapConversionTest`2.<>c__DisplayClass4_0.<Test>b__1() in /app/osu.Game/Tests/Beatmaps/BeatmapConversionTest.cs:line 77
   at NUnit.Framework.Assert.Multiple(TestDelegate testDelegate)
   at osu.Game.Tests.Beatmaps.BeatmapConversionTest`2.Test(String name, Type[] mods) in /app/osu.Game/Tests/Beatmaps/BeatmapConversionTest.cs:line 50
   at osu.Game.Rulesets.Catch.Tests.CatchBeatmapConversionTest.Test(String name, Type[] mods) in /app/osu.Game.Rulesets.Catch.Tests/CatchBeatmapConversionTest.cs:line 58
   at InvokeStub_CatchBeatmapConversionTest.Test(Object, Span`1)

53)    at osu.Game.Tests.Beatmaps.BeatmapConversionTest`2.<>c__DisplayClass4_1.<Test>b__2() in /app/osu.Game/Tests/Beatmaps/BeatmapConversionTest.cs:line 98
   at NUnit.Framework.Assert.Multiple(TestDelegate testDelegate)
   at osu.Game.Tests.Beatmaps.BeatmapConversionTest`2.<>c__DisplayClass4_0.<Test>b__1() in /app/osu.Game/Tests/Beatmaps/BeatmapConversionTest.cs:line 77
   at NUnit.Framework.Assert.Multiple(TestDelegate testDelegate)
   at osu.Game.Tests.Beatmaps.BeatmapConversionTest`2.Test(String name, Type[] mods) in /app/osu.Game/Tests/Beatmaps/BeatmapConversionTest.cs:line 50
   at osu.Game.Rulesets.Catch.Tests.CatchBeatmapConversionTest.Test(String name, Type[] mods) in /app/osu.Game.Rulesets.Catch.Tests/CatchBeatmapConversionTest.cs:line 58
   at InvokeStub_CatchBeatmapConversionTest.Test(Object, Span`1)

54)    at osu.Game.Tests.Beatmaps.BeatmapConversionTest`2.<>c__DisplayClass4_1.<Test>b__2() in /app/osu.Game/Tests/Beatmaps/BeatmapConversionTest.cs:line 98
   at NUnit.Framework.Assert.Multiple(TestDelegate testDelegate)
   at osu.Game.Tests.Beatmaps.BeatmapConversionTest`2.<>c__DisplayClass4_0.<Test>b__1() in /app/osu.Game/Tests/Beatmaps/BeatmapConversionTest.cs:line 77
   at NUnit.Framework.Assert.Multiple(TestDelegate testDelegate)
   at osu.Game.Tests.Beatmaps.BeatmapConversionTest`2.Test(String name, Type[] mods) in /app/osu.Game/Tests/Beatmaps/BeatmapConversionTest.cs:line 50
   at osu.Game.Rulesets.Catch.Tests.CatchBeatmapConversionTest.Test(String name, Type[] mods) in /app/osu.Game.Rulesets.Catch.Tests/CatchBeatmapConversionTest.cs:line 58
   at InvokeStub_CatchBeatmapConversionTest.Test(Object, Span`1)

55)    at osu.Game.Tests.Beatmaps.BeatmapConversionTest`2.<>c__DisplayClass4_1.<Test>b__2() in /app/osu.Game/Tests/Beatmaps/BeatmapConversionTest.cs:line 98
   at NUnit.Framework.Assert.Multiple(TestDelegate testDelegate)
   at osu.Game.Tests.Beatmaps.BeatmapConversionTest`2.<>c__DisplayClass4_0.<Test>b__1() in /app/osu.Game/Tests/Beatmaps/BeatmapConversionTest.cs:line 77
   at NUnit.Framework.Assert.Multiple(TestDelegate testDelegate)
   at osu.Game.Tests.Beatmaps.BeatmapConversionTest`2.Test(String name, Type[] mods) in /app/osu.Game/Tests/Beatmaps/BeatmapConversionTest.cs:line 50
   at osu.Game.Rulesets.Catch.Tests.CatchBeatmapConversionTest.Test(String name, Type[] mods) in /app/osu.Game.Rulesets.Catch.Tests/CatchBeatmapConversionTest.cs:line 58
   at InvokeStub_CatchBeatmapConversionTest.Test(Object, Span`1)

56)    at osu.Game.Tests.Beatmaps.BeatmapConversionTest`2.<>c__DisplayClass4_1.<Test>b__2() in /app/osu.Game/Tests/Beatmaps/BeatmapConversionTest.cs:line 98
   at NUnit.Framework.Assert.Multiple(TestDelegate testDelegate)
   at osu.Game.Tests.Beatmaps.BeatmapConversionTest`2.<>c__DisplayClass4_0.<Test>b__1() in /app/osu.Game/Tests/Beatmaps/BeatmapConversionTest.cs:line 77
   at NUnit.Framework.Assert.Multiple(TestDelegate testDelegate)
   at osu.Game.Tests.Beatmaps.BeatmapConversionTest`2.Test(String name, Type[] mods) in /app/osu.Game/Tests/Beatmaps/BeatmapConversionTest.cs:line 50
   at osu.Game.Rulesets.Catch.Tests.CatchBeatmapConversionTest.Test(String name, Type[] mods) in /app/osu.Game.Rulesets.Catch.Tests/CatchBeatmapConversionTest.cs:line 58
   at InvokeStub_CatchBeatmapConversionTest.Test(Object, Span`1)

57)    at osu.Game.Tests.Beatmaps.BeatmapConversionTest`2.<>c__DisplayClass4_1.<Test>b__2() in /app/osu.Game/Tests/Beatmaps/BeatmapConversionTest.cs:line 98
   at NUnit.Framework.Assert.Multiple(TestDelegate testDelegate)
   at osu.Game.Tests.Beatmaps.BeatmapConversionTest`2.<>c__DisplayClass4_0.<Test>b__1() in /app/osu.Game/Tests/Beatmaps/BeatmapConversionTest.cs:line 77
   at NUnit.Framework.Assert.Multiple(TestDelegate testDelegate)
   at osu.Game.Tests.Beatmaps.BeatmapConversionTest`2.Test(String name, Type[] mods) in /app/osu.Game/Tests/Beatmaps/BeatmapConversionTest.cs:line 50
   at osu.Game.Rulesets.Catch.Tests.CatchBeatmapConversionTest.Test(String name, Type[] mods) in /app/osu.Game.Rulesets.Catch.Tests/CatchBeatmapConversionTest.cs:line 58
   at InvokeStub_CatchBeatmapConversionTest.Test(Object, Span`1)

58)    at osu.Game.Tests.Beatmaps.BeatmapConversionTest`2.<>c__DisplayClass4_1.<Test>b__2() in /app/osu.Game/Tests/Beatmaps/BeatmapConversionTest.cs:line 98
   at NUnit.Framework.Assert.Multiple(TestDelegate testDelegate)
   at osu.Game.Tests.Beatmaps.BeatmapConversionTest`2.<>c__DisplayClass4_0.<Test>b__1() in /app/osu.Game/Tests/Beatmaps/BeatmapConversionTest.cs:line 77
   at NUnit.Framework.Assert.Multiple(TestDelegate testDelegate)
   at osu.Game.Tests.Beatmaps.BeatmapConversionTest`2.Test(String name, Type[] mods) in /app/osu.Game/Tests/Beatmaps/BeatmapConversionTest.cs:line 50
   at osu.Game.Rulesets.Catch.Tests.CatchBeatmapConversionTest.Test(String name, Type[] mods) in /app/osu.Game.Rulesets.Catch.Tests/CatchBeatmapConversionTest.cs:line 58
   at InvokeStub_CatchBeatmapConversionTest.Test(Object, Span`1)

59)    at osu.Game.Tests.Beatmaps.BeatmapConversionTest`2.<>c__DisplayClass4_1.<Test>b__2() in /app/osu.Game/Tests/Beatmaps/BeatmapConversionTest.cs:line 98
   at NUnit.Framework.Assert.Multiple(TestDelegate testDelegate)
   at osu.Game.Tests.Beatmaps.BeatmapConversionTest`2.<>c__DisplayClass4_0.<Test>b__1() in /app/osu.Game/Tests/Beatmaps/BeatmapConversionTest.cs:line 77
   at NUnit.Framework.Assert.Multiple(TestDelegate testDelegate)
   at osu.Game.Tests.Beatmaps.BeatmapConversionTest`2.Test(String name, Type[] mods) in /app/osu.Game/Tests/Beatmaps/BeatmapConversionTest.cs:line 50
   at osu.Game.Rulesets.Catch.Tests.CatchBeatmapConversionTest.Test(String name, Type[] mods) in /app/osu.Game.Rulesets.Catch.Tests/CatchBeatmapConversionTest.cs:line 58
   at InvokeStub_CatchBeatmapConversionTest.Test(Object, Span`1)

60)    at osu.Game.Tests.Beatmaps.BeatmapConversionTest`2.<>c__DisplayClass4_1.<Test>b__2() in /app/osu.Game/Tests/Beatmaps/BeatmapConversionTest.cs:line 98
   at NUnit.Framework.Assert.Multiple(TestDelegate testDelegate)
   at osu.Game.Tests.Beatmaps.BeatmapConversionTest`2.<>c__DisplayClass4_0.<Test>b__1() in /app/osu.Game/Tests/Beatmaps/BeatmapConversionTest.cs:line 77
   at NUnit.Framework.Assert.Multiple(TestDelegate testDelegate)
   at osu.Game.Tests.Beatmaps.BeatmapConversionTest`2.Test(String name, Type[] mods) in /app/osu.Game/Tests/Beatmaps/BeatmapConversionTest.cs:line 50
   at osu.Game.Rulesets.Catch.Tests.CatchBeatmapConversionTest.Test(String name, Type[] mods) in /app/osu.Game.Rulesets.Catch.Tests/CatchBeatmapConversionTest.cs:line 58
   at InvokeStub_CatchBeatmapConversionTest.Test(Object, Span`1)

61)    at osu.Game.Tests.Beatmaps.BeatmapConversionTest`2.<>c__DisplayClass4_1.<Test>b__2() in /app/osu.Game/Tests/Beatmaps/BeatmapConversionTest.cs:line 98
   at NUnit.Framework.Assert.Multiple(TestDelegate testDelegate)
   at osu.Game.Tests.Beatmaps.BeatmapConversionTest`2.<>c__DisplayClass4_0.<Test>b__1() in /app/osu.Game/Tests/Beatmaps/BeatmapConversionTest.cs:line 77
   at NUnit.Framework.Assert.Multiple(TestDelegate testDelegate)
   at osu.Game.Tests.Beatmaps.BeatmapConversionTest`2.Test(String name, Type[] mods) in /app/osu.Game/Tests/Beatmaps/BeatmapConversionTest.cs:line 50
   at osu.Game.Rulesets.Catch.Tests.CatchBeatmapConversionTest.Test(String name, Type[] mods) in /app/osu.Game.Rulesets.Catch.Tests/CatchBeatmapConversionTest.cs:line 58
   at InvokeStub_CatchBeatmapConversionTest.Test(Object, Span`1)

62)    at osu.Game.Tests.Beatmaps.BeatmapConversionTest`2.<>c__DisplayClass4_1.<Test>b__2() in /app/osu.Game/Tests/Beatmaps/BeatmapConversionTest.cs:line 98
   at NUnit.Framework.Assert.Multiple(TestDelegate testDelegate)
   at osu.Game.Tests.Beatmaps.BeatmapConversionTest`2.<>c__DisplayClass4_0.<Test>b__1() in /app/osu.Game/Tests/Beatmaps/BeatmapConversionTest.cs:line 77
   at NUnit.Framework.Assert.Multiple(TestDelegate testDelegate)
   at osu.Game.Tests.Beatmaps.BeatmapConversionTest`2.Test(String name, Type[] mods) in /app/osu.Game/Tests/Beatmaps/BeatmapConversionTest.cs:line 50
   at osu.Game.Rulesets.Catch.Tests.CatchBeatmapConversionTest.Test(String name, Type[] mods) in /app/osu.Game.Rulesets.Catch.Tests/CatchBeatmapConversionTest.cs:line 58
   at InvokeStub_CatchBeatmapConversionTest.Test(Object, Span`1)

63)    at osu.Game.Tests.Beatmaps.BeatmapConversionTest`2.<>c__DisplayClass4_1.<Test>b__2() in /app/osu.Game/Tests/Beatmaps/BeatmapConversionTest.cs:line 98
   at NUnit.Framework.Assert.Multiple(TestDelegate testDelegate)
   at osu.Game.Tests.Beatmaps.BeatmapConversionTest`2.<>c__DisplayClass4_0.<Test>b__1() in /app/osu.Game/Tests/Beatmaps/BeatmapConversionTest.cs:line 77
   at NUnit.Framework.Assert.Multiple(TestDelegate testDelegate)
   at osu.Game.Tests.Beatmaps.BeatmapConversionTest`2.Test(String name, Type[] mods) in /app/osu.Game/Tests/Beatmaps/BeatmapConversionTest.cs:line 50
   at osu.Game.Rulesets.Catch.Tests.CatchBeatmapConversionTest.Test(String name, Type[] mods) in /app/osu.Game.Rulesets.Catch.Tests/CatchBeatmapConversionTest.cs:line 58
   at InvokeStub_CatchBeatmapConversionTest.Test(Object, Span`1)

64)    at osu.Game.Tests.Beatmaps.BeatmapConversionTest`2.<>c__DisplayClass4_1.<Test>b__2() in /app/osu.Game/Tests/Beatmaps/BeatmapConversionTest.cs:line 98
   at NUnit.Framework.Assert.Multiple(TestDelegate testDelegate)
   at osu.Game.Tests.Beatmaps.BeatmapConversionTest`2.<>c__DisplayClass4_0.<Test>b__1() in /app/osu.Game/Tests/Beatmaps/BeatmapConversionTest.cs:line 77
   at NUnit.Framework.Assert.Multiple(TestDelegate testDelegate)
   at osu.Game.Tests.Beatmaps.BeatmapConversionTest`2.Test(String name, Type[] mods) in /app/osu.Game/Tests/Beatmaps/BeatmapConversionTest.cs:line 50
   at osu.Game.Rulesets.Catch.Tests.CatchBeatmapConversionTest.Test(String name, Type[] mods) in /app/osu.Game.Rulesets.Catch.Tests/CatchBeatmapConversionTest.cs:line 58
   at InvokeStub_CatchBeatmapConversionTest.Test(Object, Span`1)

65)    at osu.Game.Tests.Beatmaps.BeatmapConversionTest`2.<>c__DisplayClass4_1.<Test>b__2() in /app/osu.Game/Tests/Beatmaps/BeatmapConversionTest.cs:line 98
   at NUnit.Framework.Assert.Multiple(TestDelegate testDelegate)
   at osu.Game.Tests.Beatmaps.BeatmapConversionTest`2.<>c__DisplayClass4_0.<Test>b__1() in /app/osu.Game/Tests/Beatmaps/BeatmapConversionTest.cs:line 77
   at NUnit.Framework.Assert.Multiple(TestDelegate testDelegate)
   at osu.Game.Tests.Beatmaps.BeatmapConversionTest`2.Test(String name, Type[] mods) in /app/osu.Game/Tests/Beatmaps/BeatmapConversionTest.cs:line 50
   at osu.Game.Rulesets.Catch.Tests.CatchBeatmapConversionTest.Test(String name, Type[] mods) in /app/osu.Game.Rulesets.Catch.Tests/CatchBeatmapConversionTest.cs:line 58
   at InvokeStub_CatchBeatmapConversionTest.Test(Object, Span`1)

66)    at osu.Game.Tests.Beatmaps.BeatmapConversionTest`2.<>c__DisplayClass4_1.<Test>b__2() in /app/osu.Game/Tests/Beatmaps/BeatmapConversionTest.cs:line 98
   at NUnit.Framework.Assert.Multiple(TestDelegate testDelegate)
   at osu.Game.Tests.Beatmaps.BeatmapConversionTest`2.<>c__DisplayClass4_0.<Test>b__1() in /app/osu.Game/Tests/Beatmaps/BeatmapConversionTest.cs:line 77
   at NUnit.Framework.Assert.Multiple(TestDelegate testDelegate)
   at osu.Game.Tests.Beatmaps.BeatmapConversionTest`2.Test(String name, Type[] mods) in /app/osu.Game/Tests/Beatmaps/BeatmapConversionTest.cs:line 50
   at osu.Game.Rulesets.Catch.Tests.CatchBeatmapConversionTest.Test(String name, Type[] mods) in /app/osu.Game.Rulesets.Catch.Tests/CatchBeatmapConversionTest.cs:line 58
   at InvokeStub_CatchBeatmapConversionTest.Test(Object, Span`1)

67)    at osu.Game.Tests.Beatmaps.BeatmapConversionTest`2.<>c__DisplayClass4_1.<Test>b__2() in /app/osu.Game/Tests/Beatmaps/BeatmapConversionTest.cs:line 98
   at NUnit.Framework.Assert.Multiple(TestDelegate testDelegate)
   at osu.Game.Tests.Beatmaps.BeatmapConversionTest`2.<>c__DisplayClass4_0.<Test>b__1() in /app/osu.Game/Tests/Beatmaps/BeatmapConversionTest.cs:line 77
   at NUnit.Framework.Assert.Multiple(TestDelegate testDelegate)
   at osu.Game.Tests.Beatmaps.BeatmapConversionTest`2.Test(String name, Type[] mods) in /app/osu.Game/Tests/Beatmaps/BeatmapConversionTest.cs:line 50
   at osu.Game.Rulesets.Catch.Tests.CatchBeatmapConversionTest.Test(String name, Type[] mods) in /app/osu.Game.Rulesets.Catch.Tests/CatchBeatmapConversionTest.cs:line 58
   at InvokeStub_CatchBeatmapConversionTest.Test(Object, Span`1)

68)    at osu.Game.Tests.Beatmaps.BeatmapConversionTest`2.<>c__DisplayClass4_1.<Test>b__2() in /app/osu.Game/Tests/Beatmaps/BeatmapConversionTest.cs:line 98
   at NUnit.Framework.Assert.Multiple(TestDelegate testDelegate)
   at osu.Game.Tests.Beatmaps.BeatmapConversionTest`2.<>c__DisplayClass4_0.<Test>b__1() in /app/osu.Game/Tests/Beatmaps/BeatmapConversionTest.cs:line 77
   at NUnit.Framework.Assert.Multiple(TestDelegate testDelegate)
   at osu.Game.Tests.Beatmaps.BeatmapConversionTest`2.Test(String name, Type[] mods) in /app/osu.Game/Tests/Beatmaps/BeatmapConversionTest.cs:line 50
   at osu.Game.Rulesets.Catch.Tests.CatchBeatmapConversionTest.Test(String name, Type[] mods) in /app/osu.Game.Rulesets.Catch.Tests/CatchBeatmapConversionTest.cs:line 58
   at InvokeStub_CatchBeatmapConversionTest.Test(Object, Span`1)

69)    at osu.Game.Tests.Beatmaps.BeatmapConversionTest`2.<>c__DisplayClass4_1.<Test>b__2() in /app/osu.Game/Tests/Beatmaps/BeatmapConversionTest.cs:line 98
   at NUnit.Framework.Assert.Multiple(TestDelegate testDelegate)
   at osu.Game.Tests.Beatmaps.BeatmapConversionTest`2.<>c__DisplayClass4_0.<Test>b__1() in /app/osu.Game/Tests/Beatmaps/BeatmapConversionTest.cs:line 77
   at NUnit.Framework.Assert.Multiple(TestDelegate testDelegate)
   at osu.Game.Tests.Beatmaps.BeatmapConversionTest`2.Test(String name, Type[] mods) in /app/osu.Game/Tests/Beatmaps/BeatmapConversionTest.cs:line 50
   at osu.Game.Rulesets.Catch.Tests.CatchBeatmapConversionTest.Test(String name, Type[] mods) in /app/osu.Game.Rulesets.Catch.Tests/CatchBeatmapConversionTest.cs:line 58
   at InvokeStub_CatchBeatmapConversionTest.Test(Object, Span`1)

70)    at osu.Game.Tests.Beatmaps.BeatmapConversionTest`2.<>c__DisplayClass4_1.<Test>b__2() in /app/osu.Game/Tests/Beatmaps/BeatmapConversionTest.cs:line 98
   at NUnit.Framework.Assert.Multiple(TestDelegate testDelegate)
   at osu.Game.Tests.Beatmaps.BeatmapConversionTest`2.<>c__DisplayClass4_0.<Test>b__1() in /app/osu.Game/Tests/Beatmaps/BeatmapConversionTest.cs:line 77
   at NUnit.Framework.Assert.Multiple(TestDelegate testDelegate)
   at osu.Game.Tests.Beatmaps.BeatmapConversionTest`2.Test(String name, Type[] mods) in /app/osu.Game/Tests/Beatmaps/BeatmapConversionTest.cs:line 50
   at osu.Game.Rulesets.Catch.Tests.CatchBeatmapConversionTest.Test(String name, Type[] mods) in /app/osu.Game.Rulesets.Catch.Tests/CatchBeatmapConversionTest.cs:line 58
   at InvokeStub_CatchBeatmapConversionTest.Test(Object, Span`1)

71)    at osu.Game.Tests.Beatmaps.BeatmapConversionTest`2.<>c__DisplayClass4_1.<Test>b__2() in /app/osu.Game/Tests/Beatmaps/BeatmapConversionTest.cs:line 98
   at NUnit.Framework.Assert.Multiple(TestDelegate testDelegate)
   at osu.Game.Tests.Beatmaps.BeatmapConversionTest`2.<>c__DisplayClass4_0.<Test>b__1() in /app/osu.Game/Tests/Beatmaps/BeatmapConversionTest.cs:line 77
   at NUnit.Framework.Assert.Multiple(TestDelegate testDelegate)
   at osu.Game.Tests.Beatmaps.BeatmapConversionTest`2.Test(String name, Type[] mods) in /app/osu.Game/Tests/Beatmaps/BeatmapConversionTest.cs:line 50
   at osu.Game.Rulesets.Catch.Tests.CatchBeatmapConversionTest.Test(String name, Type[] mods) in /app/osu.Game.Rulesets.Catch.Tests/CatchBeatmapConversionTest.cs:line 58
   at InvokeStub_CatchBeatmapConversionTest.Test(Object, Span`1)

72)    at osu.Game.Tests.Beatmaps.BeatmapConversionTest`2.<>c__DisplayClass4_1.<Test>b__2() in /app/osu.Game/Tests/Beatmaps/BeatmapConversionTest.cs:line 98
   at NUnit.Framework.Assert.Multiple(TestDelegate testDelegate)
   at osu.Game.Tests.Beatmaps.BeatmapConversionTest`2.<>c__DisplayClass4_0.<Test>b__1() in /app/osu.Game/Tests/Beatmaps/BeatmapConversionTest.cs:line 77
   at NUnit.Framework.Assert.Multiple(TestDelegate testDelegate)
   at osu.Game.Tests.Beatmaps.BeatmapConversionTest`2.Test(String name, Type[] mods) in /app/osu.Game/Tests/Beatmaps/BeatmapConversionTest.cs:line 50
   at osu.Game.Rulesets.Catch.Tests.CatchBeatmapConversionTest.Test(String name, Type[] mods) in /app/osu.Game.Rulesets.Catch.Tests/CatchBeatmapConversionTest.cs:line 58
   at InvokeStub_CatchBeatmapConversionTest.Test(Object, Span`1)

73)    at osu.Game.Tests.Beatmaps.BeatmapConversionTest`2.<>c__DisplayClass4_1.<Test>b__2() in /app/osu.Game/Tests/Beatmaps/BeatmapConversionTest.cs:line 98
   at NUnit.Framework.Assert.Multiple(TestDelegate testDelegate)
   at osu.Game.Tests.Beatmaps.BeatmapConversionTest`2.<>c__DisplayClass4_0.<Test>b__1() in /app/osu.Game/Tests/Beatmaps/BeatmapConversionTest.cs:line 77
   at NUnit.Framework.Assert.Multiple(TestDelegate testDelegate)
   at osu.Game.Tests.Beatmaps.BeatmapConversionTest`2.Test(String name, Type[] mods) in /app/osu.Game/Tests/Beatmaps/BeatmapConversionTest.cs:line 50
   at osu.Game.Rulesets.Catch.Tests.CatchBeatmapConversionTest.Test(String name, Type[] mods) in /app/osu.Game.Rulesets.Catch.Tests/CatchBeatmapConversionTest.cs:line 58
   at InvokeStub_CatchBeatmapConversionTest.Test(Object, Span`1)

74)    at osu.Game.Tests.Beatmaps.BeatmapConversionTest`2.<>c__DisplayClass4_1.<Test>b__2() in /app/osu.Game/Tests/Beatmaps/BeatmapConversionTest.cs:line 98
   at NUnit.Framework.Assert.Multiple(TestDelegate testDelegate)
   at osu.Game.Tests.Beatmaps.BeatmapConversionTest`2.<>c__DisplayClass4_0.<Test>b__1() in /app/osu.Game/Tests/Beatmaps/BeatmapConversionTest.cs:line 77
   at NUnit.Framework.Assert.Multiple(TestDelegate testDelegate)
   at osu.Game.Tests.Beatmaps.BeatmapConversionTest`2.Test(String name, Type[] mods) in /app/osu.Game/Tests/Beatmaps/BeatmapConversionTest.cs:line 50
   at osu.Game.Rulesets.Catch.Tests.CatchBeatmapConversionTest.Test(String name, Type[] mods) in /app/osu.Game.Rulesets.Catch.Tests/CatchBeatmapConversionTest.cs:line 58
   at InvokeStub_CatchBeatmapConversionTest.Test(Object, Span`1)

75)    at osu.Game.Tests.Beatmaps.BeatmapConversionTest`2.<>c__DisplayClass4_1.<Test>b__2() in /app/osu.Game/Tests/Beatmaps/BeatmapConversionTest.cs:line 98
   at NUnit.Framework.Assert.Multiple(TestDelegate testDelegate)
   at osu.Game.Tests.Beatmaps.BeatmapConversionTest`2.<>c__DisplayClass4_0.<Test>b__1() in /app/osu.Game/Tests/Beatmaps/BeatmapConversionTest.cs:line 77
   at NUnit.Framework.Assert.Multiple(TestDelegate testDelegate)
   at osu.Game.Tests.Beatmaps.BeatmapConversionTest`2.Test(String name, Type[] mods) in /app/osu.Game/Tests/Beatmaps/BeatmapConversionTest.cs:line 50
   at osu.Game.Rulesets.Catch.Tests.CatchBeatmapConversionTest.Test(String name, Type[] mods) in /app/osu.Game.Rulesets.Catch.Tests/CatchBeatmapConversionTest.cs:line 58
   at InvokeStub_CatchBeatmapConversionTest.Test(Object, Span`1)

76)    at osu.Game.Tests.Beatmaps.BeatmapConversionTest`2.<>c__DisplayClass4_1.<Test>b__2() in /app/osu.Game/Tests/Beatmaps/BeatmapConversionTest.cs:line 98
   at NUnit.Framework.Assert.Multiple(TestDelegate testDelegate)
   at osu.Game.Tests.Beatmaps.BeatmapConversionTest`2.<>c__DisplayClass4_0.<Test>b__1() in /app/osu.Game/Tests/Beatmaps/BeatmapConversionTest.cs:line 77
   at NUnit.Framework.Assert.Multiple(TestDelegate testDelegate)
   at osu.Game.Tests.Beatmaps.BeatmapConversionTest`2.Test(String name, Type[] mods) in /app/osu.Game/Tests/Beatmaps/BeatmapConversionTest.cs:line 50
   at osu.Game.Rulesets.Catch.Tests.CatchBeatmapConversionTest.Test(String name, Type[] mods) in /app/osu.Game.Rulesets.Catch.Tests/CatchBeatmapConversionTest.cs:line 58
   at InvokeStub_CatchBeatmapConversionTest.Test(Object, Span`1)

77)    at osu.Game.Tests.Beatmaps.BeatmapConversionTest`2.<>c__DisplayClass4_1.<Test>b__2() in /app/osu.Game/Tests/Beatmaps/BeatmapConversionTest.cs:line 98
   at NUnit.Framework.Assert.Multiple(TestDelegate testDelegate)
   at osu.Game.Tests.Beatmaps.BeatmapConversionTest`2.<>c__DisplayClass4_0.<Test>b__1() in /app/osu.Game/Tests/Beatmaps/BeatmapConversionTest.cs:line 77
   at NUnit.Framework.Assert.Multiple(TestDelegate testDelegate)
   at osu.Game.Tests.Beatmaps.BeatmapConversionTest`2.Test(String name, Type[] mods) in /app/osu.Game/Tests/Beatmaps/BeatmapConversionTest.cs:line 50
   at osu.Game.Rulesets.Catch.Tests.CatchBeatmapConversionTest.Test(String name, Type[] mods) in /app/osu.Game.Rulesets.Catch.Tests/CatchBeatmapConversionTest.cs:line 58
   at InvokeStub_CatchBeatmapConversionTest.Test(Object, Span`1)

78)    at osu.Game.Tests.Beatmaps.BeatmapConversionTest`2.<>c__DisplayClass4_1.<Test>b__2() in /app/osu.Game/Tests/Beatmaps/BeatmapConversionTest.cs:line 98
   at NUnit.Framework.Assert.Multiple(TestDelegate testDelegate)
   at osu.Game.Tests.Beatmaps.BeatmapConversionTest`2.<>c__DisplayClass4_0.<Test>b__1() in /app/osu.Game/Tests/Beatmaps/BeatmapConversionTest.cs:line 77
   at NUnit.Framework.Assert.Multiple(TestDelegate testDelegate)
   at osu.Game.Tests.Beatmaps.BeatmapConversionTest`2.Test(String name, Type[] mods) in /app/osu.Game/Tests/Beatmaps/BeatmapConversionTest.cs:line 50
   at osu.Game.Rulesets.Catch.Tests.CatchBeatmapConversionTest.Test(String name, Type[] mods) in /app/osu.Game.Rulesets.Catch.Tests/CatchBeatmapConversionTest.cs:line 58
   at InvokeStub_CatchBeatmapConversionTest.Test(Object, Span`1)

79)    at osu.Game.Tests.Beatmaps.BeatmapConversionTest`2.<>c__DisplayClass4_1.<Test>b__2() in /app/osu.Game/Tests/Beatmaps/BeatmapConversionTest.cs:line 98
   at NUnit.Framework.Assert.Multiple(TestDelegate testDelegate)
   at osu.Game.Tests.Beatmaps.BeatmapConversionTest`2.<>c__DisplayClass4_0.<Test>b__1() in /app/osu.Game/Tests/Beatmaps/BeatmapConversionTest.cs:line 77
   at NUnit.Framework.Assert.Multiple(TestDelegate testDelegate)
   at osu.Game.Tests.Beatmaps.BeatmapConversionTest`2.Test(String name, Type[] mods) in /app/osu.Game/Tests/Beatmaps/BeatmapConversionTest.cs:line 50
   at osu.Game.Rulesets.Catch.Tests.CatchBeatmapConversionTest.Test(String name, Type[] mods) in /app/osu.Game.Rulesets.Catch.Tests/CatchBeatmapConversionTest.cs:line 58
   at InvokeStub_CatchBeatmapConversionTest.Test(Object, Span`1)

80)    at osu.Game.Tests.Beatmaps.BeatmapConversionTest`2.<>c__DisplayClass4_1.<Test>b__2() in /app/osu.Game/Tests/Beatmaps/BeatmapConversionTest.cs:line 98
   at NUnit.Framework.Assert.Multiple(TestDelegate testDelegate)
   at osu.Game.Tests.Beatmaps.BeatmapConversionTest`2.<>c__DisplayClass4_0.<Test>b__1() in /app/osu.Game/Tests/Beatmaps/BeatmapConversionTest.cs:line 77
   at NUnit.Framework.Assert.Multiple(TestDelegate testDelegate)
   at osu.Game.Tests.Beatmaps.BeatmapConversionTest`2.Test(String name, Type[] mods) in /app/osu.Game/Tests/Beatmaps/BeatmapConversionTest.cs:line 50
   at osu.Game.Rulesets.Catch.Tests.CatchBeatmapConversionTest.Test(String name, Type[] mods) in /app/osu.Game.Rulesets.Catch.Tests/CatchBeatmapConversionTest.cs:line 58
   at InvokeStub_CatchBeatmapConversionTest.Test(Object, Span`1)

81)    at osu.Game.Tests.Beatmaps.BeatmapConversionTest`2.<>c__DisplayClass4_1.<Test>b__2() in /app/osu.Game/Tests/Beatmaps/BeatmapConversionTest.cs:line 98
   at NUnit.Framework.Assert.Multiple(TestDelegate testDelegate)
   at osu.Game.Tests.Beatmaps.BeatmapConversionTest`2.<>c__DisplayClass4_0.<Test>b__1() in /app/osu.Game/Tests/Beatmaps/BeatmapConversionTest.cs:line 77
   at NUnit.Framework.Assert.Multiple(TestDelegate testDelegate)
   at osu.Game.Tests.Beatmaps.BeatmapConversionTest`2.Test(String name, Type[] mods) in /app/osu.Game/Tests/Beatmaps/BeatmapConversionTest.cs:line 50
   at osu.Game.Rulesets.Catch.Tests.CatchBeatmapConversionTest.Test(String name, Type[] mods) in /app/osu.Game.Rulesets.Catch.Tests/CatchBeatmapConversionTest.cs:line 58
   at InvokeStub_CatchBeatmapConversionTest.Test(Object, Span`1)

82)    at osu.Game.Tests.Beatmaps.BeatmapConversionTest`2.<>c__DisplayClass4_1.<Test>b__2() in /app/osu.Game/Tests/Beatmaps/BeatmapConversionTest.cs:line 98
   at NUnit.Framework.Assert.Multiple(TestDelegate testDelegate)
   at osu.Game.Tests.Beatmaps.BeatmapConversionTest`2.<>c__DisplayClass4_0.<Test>b__1() in /app/osu.Game/Tests/Beatmaps/BeatmapConversionTest.cs:line 77
   at NUnit.Framework.Assert.Multiple(TestDelegate testDelegate)
   at osu.Game.Tests.Beatmaps.BeatmapConversionTest`2.Test(String name, Type[] mods) in /app/osu.Game/Tests/Beatmaps/BeatmapConversionTest.cs:line 50
   at osu.Game.Rulesets.Catch.Tests.CatchBeatmapConversionTest.Test(String name, Type[] mods) in /app/osu.Game.Rulesets.Catch.Tests/CatchBeatmapConversionTest.cs:line 58
   at InvokeStub_CatchBeatmapConversionTest.Test(Object, Span`1)

83)    at osu.Game.Tests.Beatmaps.BeatmapConversionTest`2.<>c__DisplayClass4_1.<Test>b__2() in /app/osu.Game/Tests/Beatmaps/BeatmapConversionTest.cs:line 98
   at NUnit.Framework.Assert.Multiple(TestDelegate testDelegate)
   at osu.Game.Tests.Beatmaps.BeatmapConversionTest`2.<>c__DisplayClass4_0.<Test>b__1() in /app/osu.Game/Tests/Beatmaps/BeatmapConversionTest.cs:line 77
   at NUnit.Framework.Assert.Multiple(TestDelegate testDelegate)
   at osu.Game.Tests.Beatmaps.BeatmapConversionTest`2.Test(String name, Type[] mods) in /app/osu.Game/Tests/Beatmaps/BeatmapConversionTest.cs:line 50
   at osu.Game.Rulesets.Catch.Tests.CatchBeatmapConversionTest.Test(String name, Type[] mods) in /app/osu.Game.Rulesets.Catch.Tests/CatchBeatmapConversionTest.cs:line 58
   at InvokeStub_CatchBeatmapConversionTest.Test(Object, Span`1)

84)    at osu.Game.Tests.Beatmaps.BeatmapConversionTest`2.<>c__DisplayClass4_1.<Test>b__2() in /app/osu.Game/Tests/Beatmaps/BeatmapConversionTest.cs:line 98
   at NUnit.Framework.Assert.Multiple(TestDelegate testDelegate)
   at osu.Game.Tests.Beatmaps.BeatmapConversionTest`2.<>c__DisplayClass4_0.<Test>b__1() in /app/osu.Game/Tests/Beatmaps/BeatmapConversionTest.cs:line 77
   at NUnit.Framework.Assert.Multiple(TestDelegate testDelegate)
   at osu.Game.Tests.Beatmaps.BeatmapConversionTest`2.Test(String name, Type[] mods) in /app/osu.Game/Tests/Beatmaps/BeatmapConversionTest.cs:line 50
   at osu.Game.Rulesets.Catch.Tests.CatchBeatmapConversionTest.Test(String name, Type[] mods) in /app/osu.Game.Rulesets.Catch.Tests/CatchBeatmapConversionTest.cs:line 58
   at InvokeStub_CatchBeatmapConversionTest.Test(Object, Span`1)

85)    at osu.Game.Tests.Beatmaps.BeatmapConversionTest`2.<>c__DisplayClass4_1.<Test>b__2() in /app/osu.Game/Tests/Beatmaps/BeatmapConversionTest.cs:line 98
   at NUnit.Framework.Assert.Multiple(TestDelegate testDelegate)
   at osu.Game.Tests.Beatmaps.BeatmapConversionTest`2.<>c__DisplayClass4_0.<Test>b__1() in /app/osu.Game/Tests/Beatmaps/BeatmapConversionTest.cs:line 77
   at NUnit.Framework.Assert.Multiple(TestDelegate testDelegate)
   at osu.Game.Tests.Beatmaps.BeatmapConversionTest`2.Test(String name, Type[] mods) in /app/osu.Game/Tests/Beatmaps/BeatmapConversionTest.cs:line 50
   at osu.Game.Rulesets.Catch.Tests.CatchBeatmapConversionTest.Test(String name, Type[] mods) in /app/osu.Game.Rulesets.Catch.Tests/CatchBeatmapConversionTest.cs:line 58
   at InvokeStub_CatchBeatmapConversionTest.Test(Object, Span`1)

86)    at osu.Game.Tests.Beatmaps.BeatmapConversionTest`2.<>c__DisplayClass4_1.<Test>b__2() in /app/osu.Game/Tests/Beatmaps/BeatmapConversionTest.cs:line 98
   at NUnit.Framework.Assert.Multiple(TestDelegate testDelegate)
   at osu.Game.Tests.Beatmaps.BeatmapConversionTest`2.<>c__DisplayClass4_0.<Test>b__1() in /app/osu.Game/Tests/Beatmaps/BeatmapConversionTest.cs:line 77
   at NUnit.Framework.Assert.Multiple(TestDelegate testDelegate)
   at osu.Game.Tests.Beatmaps.BeatmapConversionTest`2.Test(String name, Type[] mods) in /app/osu.Game/Tests/Beatmaps/BeatmapConversionTest.cs:line 50
   at osu.Game.Rulesets.Catch.Tests.CatchBeatmapConversionTest.Test(String name, Type[] mods) in /app/osu.Game.Rulesets.Catch.Tests/CatchBeatmapConversionTest.cs:line 58
   at InvokeStub_CatchBeatmapConversionTest.Test(Object, Span`1)

87)    at osu.Game.Tests.Beatmaps.BeatmapConversionTest`2.<>c__DisplayClass4_1.<Test>b__2() in /app/osu.Game/Tests/Beatmaps/BeatmapConversionTest.cs:line 98
   at NUnit.Framework.Assert.Multiple(TestDelegate testDelegate)
   at osu.Game.Tests.Beatmaps.BeatmapConversionTest`2.<>c__DisplayClass4_0.<Test>b__1() in /app/osu.Game/Tests/Beatmaps/BeatmapConversionTest.cs:line 77
   at NUnit.Framework.Assert.Multiple(TestDelegate testDelegate)
   at osu.Game.Tests.Beatmaps.BeatmapConversionTest`2.Test(String name, Type[] mods) in /app/osu.Game/Tests/Beatmaps/BeatmapConversionTest.cs:line 50
   at osu.Game.Rulesets.Catch.Tests.CatchBeatmapConversionTest.Test(String name, Type[] mods) in /app/osu.Game.Rulesets.Catch.Tests/CatchBeatmapConversionTest.cs:line 58
   at InvokeStub_CatchBeatmapConversionTest.Test(Object, Span`1)

88)    at osu.Game.Tests.Beatmaps.BeatmapConversionTest`2.<>c__DisplayClass4_1.<Test>b__2() in /app/osu.Game/Tests/Beatmaps/BeatmapConversionTest.cs:line 98
   at NUnit.Framework.Assert.Multiple(TestDelegate testDelegate)
   at osu.Game.Tests.Beatmaps.BeatmapConversionTest`2.<>c__DisplayClass4_0.<Test>b__1() in /app/osu.Game/Tests/Beatmaps/BeatmapConversionTest.cs:line 77
   at NUnit.Framework.Assert.Multiple(TestDelegate testDelegate)
   at osu.Game.Tests.Beatmaps.BeatmapConversionTest`2.Test(String name, Type[] mods) in /app/osu.Game/Tests/Beatmaps/BeatmapConversionTest.cs:line 50
   at osu.Game.Rulesets.Catch.Tests.CatchBeatmapConversionTest.Test(String name, Type[] mods) in /app/osu.Game.Rulesets.Catch.Tests/CatchBeatmapConversionTest.cs:line 58
   at InvokeStub_CatchBeatmapConversionTest.Test(Object, Span`1)

89)    at osu.Game.Tests.Beatmaps.BeatmapConversionTest`2.<>c__DisplayClass4_1.<Test>b__2() in /app/osu.Game/Tests/Beatmaps/BeatmapConversionTest.cs:line 98
   at NUnit.Framework.Assert.Multiple(TestDelegate testDelegate)
   at osu.Game.Tests.Beatmaps.BeatmapConversionTest`2.<>c__DisplayClass4_0.<Test>b__1() in /app/osu.Game/Tests/Beatmaps/BeatmapConversionTest.cs:line 77
   at NUnit.Framework.Assert.Multiple(TestDelegate testDelegate)
   at osu.Game.Tests.Beatmaps.BeatmapConversionTest`2.Test(String name, Type[] mods) in /app/osu.Game/Tests/Beatmaps/BeatmapConversionTest.cs:line 50
   at osu.Game.Rulesets.Catch.Tests.CatchBeatmapConversionTest.Test(String name, Type[] mods) in /app/osu.Game.Rulesets.Catch.Tests/CatchBeatmapConversionTest.cs:line 58
   at InvokeStub_CatchBeatmapConversionTest.Test(Object, Span`1)

90)    at osu.Game.Tests.Beatmaps.BeatmapConversionTest`2.<>c__DisplayClass4_1.<Test>b__2() in /app/osu.Game/Tests/Beatmaps/BeatmapConversionTest.cs:line 98
   at NUnit.Framework.Assert.Multiple(TestDelegate testDelegate)
   at osu.Game.Tests.Beatmaps.BeatmapConversionTest`2.<>c__DisplayClass4_0.<Test>b__1() in /app/osu.Game/Tests/Beatmaps/BeatmapConversionTest.cs:line 77
   at NUnit.Framework.Assert.Multiple(TestDelegate testDelegate)
   at osu.Game.Tests.Beatmaps.BeatmapConversionTest`2.Test(String name, Type[] mods) in /app/osu.Game/Tests/Beatmaps/BeatmapConversionTest.cs:line 50
   at osu.Game.Rulesets.Catch.Tests.CatchBeatmapConversionTest.Test(String name, Type[] mods) in /app/osu.Game.Rulesets.Catch.Tests/CatchBeatmapConversionTest.cs:line 58
   at InvokeStub_CatchBeatmapConversionTest.Test(Object, Span`1)

91)    at osu.Game.Tests.Beatmaps.BeatmapConversionTest`2.<>c__DisplayClass4_1.<Test>b__2() in /app/osu.Game/Tests/Beatmaps/BeatmapConversionTest.cs:line 98
   at NUnit.Framework.Assert.Multiple(TestDelegate testDelegate)
   at osu.Game.Tests.Beatmaps.BeatmapConversionTest`2.<>c__DisplayClass4_0.<Test>b__1() in /app/osu.Game/Tests/Beatmaps/BeatmapConversionTest.cs:line 77
   at NUnit.Framework.Assert.Multiple(TestDelegate testDelegate)
   at osu.Game.Tests.Beatmaps.BeatmapConversionTest`2.Test(String name, Type[] mods) in /app/osu.Game/Tests/Beatmaps/BeatmapConversionTest.cs:line 50
   at osu.Game.Rulesets.Catch.Tests.CatchBeatmapConversionTest.Test(String name, Type[] mods) in /app/osu.Game.Rulesets.Catch.Tests/CatchBeatmapConversionTest.cs:line 58
   at InvokeStub_CatchBeatmapConversionTest.Test(Object, Span`1)

92)    at osu.Game.Tests.Beatmaps.BeatmapConversionTest`2.<>c__DisplayClass4_1.<Test>b__2() in /app/osu.Game/Tests/Beatmaps/BeatmapConversionTest.cs:line 98
   at NUnit.Framework.Assert.Multiple(TestDelegate testDelegate)
   at osu.Game.Tests.Beatmaps.BeatmapConversionTest`2.<>c__DisplayClass4_0.<Test>b__1() in /app/osu.Game/Tests/Beatmaps/BeatmapConversionTest.cs:line 77
   at NUnit.Framework.Assert.Multiple(TestDelegate testDelegate)
   at osu.Game.Tests.Beatmaps.BeatmapConversionTest`2.Test(String name, Type[] mods) in /app/osu.Game/Tests/Beatmaps/BeatmapConversionTest.cs:line 50
   at osu.Game.Rulesets.Catch.Tests.CatchBeatmapConversionTest.Test(String name, Type[] mods) in /app/osu.Game.Rulesets.Catch.Tests/CatchBeatmapConversionTest.cs:line 58
   at InvokeStub_CatchBeatmapConversionTest.Test(Object, Span`1)

93)    at osu.Game.Tests.Beatmaps.BeatmapConversionTest`2.<>c__DisplayClass4_1.<Test>b__2() in /app/osu.Game/Tests/Beatmaps/BeatmapConversionTest.cs:line 98
   at NUnit.Framework.Assert.Multiple(TestDelegate testDelegate)
   at osu.Game.Tests.Beatmaps.BeatmapConversionTest`2.<>c__DisplayClass4_0.<Test>b__1() in /app/osu.Game/Tests/Beatmaps/BeatmapConversionTest.cs:line 77
   at NUnit.Framework.Assert.Multiple(TestDelegate testDelegate)
   at osu.Game.Tests.Beatmaps.BeatmapConversionTest`2.Test(String name, Type[] mods) in /app/osu.Game/Tests/Beatmaps/BeatmapConversionTest.cs:line 50
   at osu.Game.Rulesets.Catch.Tests.CatchBeatmapConversionTest.Test(String name, Type[] mods) in /app/osu.Game.Rulesets.Catch.Tests/CatchBeatmapConversionTest.cs:line 58
   at InvokeStub_CatchBeatmapConversionTest.Test(Object, Span`1)

94)    at osu.Game.Tests.Beatmaps.BeatmapConversionTest`2.<>c__DisplayClass4_1.<Test>b__2() in /app/osu.Game/Tests/Beatmaps/BeatmapConversionTest.cs:line 98
   at NUnit.Framework.Assert.Multiple(TestDelegate testDelegate)
   at osu.Game.Tests.Beatmaps.BeatmapConversionTest`2.<>c__DisplayClass4_0.<Test>b__1() in /app/osu.Game/Tests/Beatmaps/BeatmapConversionTest.cs:line 77
   at NUnit.Framework.Assert.Multiple(TestDelegate testDelegate)
   at osu.Game.Tests.Beatmaps.BeatmapConversionTest`2.Test(String name, Type[] mods) in /app/osu.Game/Tests/Beatmaps/BeatmapConversionTest.cs:line 50
   at osu.Game.Rulesets.Catch.Tests.CatchBeatmapConversionTest.Test(String name, Type[] mods) in /app/osu.Game.Rulesets.Catch.Tests/CatchBeatmapConversionTest.cs:line 58
   at InvokeStub_CatchBeatmapConversionTest.Test(Object, Span`1)

95)    at osu.Game.Tests.Beatmaps.BeatmapConversionTest`2.<>c__DisplayClass4_1.<Test>b__2() in /app/osu.Game/Tests/Beatmaps/BeatmapConversionTest.cs:line 98
   at NUnit.Framework.Assert.Multiple(TestDelegate testDelegate)
   at osu.Game.Tests.Beatmaps.BeatmapConversionTest`2.<>c__DisplayClass4_0.<Test>b__1() in /app/osu.Game/Tests/Beatmaps/BeatmapConversionTest.cs:line 77
   at NUnit.Framework.Assert.Multiple(TestDelegate testDelegate)
   at osu.Game.Tests.Beatmaps.BeatmapConversionTest`2.Test(String name, Type[] mods) in /app/osu.Game/Tests/Beatmaps/BeatmapConversionTest.cs:line 50
   at osu.Game.Rulesets.Catch.Tests.CatchBeatmapConversionTest.Test(String name, Type[] mods) in /app/osu.Game.Rulesets.Catch.Tests/CatchBeatmapConversionTest.cs:line 58
   at InvokeStub_CatchBeatmapConversionTest.Test(Object, Span`1)

96)    at osu.Game.Tests.Beatmaps.BeatmapConversionTest`2.<>c__DisplayClass4_1.<Test>b__2() in /app/osu.Game/Tests/Beatmaps/BeatmapConversionTest.cs:line 98
   at NUnit.Framework.Assert.Multiple(TestDelegate testDelegate)
   at osu.Game.Tests.Beatmaps.BeatmapConversionTest`2.<>c__DisplayClass4_0.<Test>b__1() in /app/osu.Game/Tests/Beatmaps/BeatmapConversionTest.cs:line 77
   at NUnit.Framework.Assert.Multiple(TestDelegate testDelegate)
   at osu.Game.Tests.Beatmaps.BeatmapConversionTest`2.Test(String name, Type[] mods) in /app/osu.Game/Tests/Beatmaps/BeatmapConversionTest.cs:line 50
   at osu.Game.Rulesets.Catch.Tests.CatchBeatmapConversionTest.Test(String name, Type[] mods) in /app/osu.Game.Rulesets.Catch.Tests/CatchBeatmapConversionTest.cs:line 58
   at InvokeStub_CatchBeatmapConversionTest.Test(Object, Span`1)

97)    at osu.Game.Tests.Beatmaps.BeatmapConversionTest`2.<>c__DisplayClass4_1.<Test>b__2() in /app/osu.Game/Tests/Beatmaps/BeatmapConversionTest.cs:line 98
   at NUnit.Framework.Assert.Multiple(TestDelegate testDelegate)
   at osu.Game.Tests.Beatmaps.BeatmapConversionTest`2.<>c__DisplayClass4_0.<Test>b__1() in /app/osu.Game/Tests/Beatmaps/BeatmapConversionTest.cs:line 77
   at NUnit.Framework.Assert.Multiple(TestDelegate testDelegate)
   at osu.Game.Tests.Beatmaps.BeatmapConversionTest`2.Test(String name, Type[] mods) in /app/osu.Game/Tests/Beatmaps/BeatmapConversionTest.cs:line 50
   at osu.Game.Rulesets.Catch.Tests.CatchBeatmapConversionTest.Test(String name, Type[] mods) in /app/osu.Game.Rulesets.Catch.Tests/CatchBeatmapConversionTest.cs:line 58
   at InvokeStub_CatchBeatmapConversionTest.Test(Object, Span`1)

98)    at osu.Game.Tests.Beatmaps.BeatmapConversionTest`2.<>c__DisplayClass4_1.<Test>b__2() in /app/osu.Game/Tests/Beatmaps/BeatmapConversionTest.cs:line 98
   at NUnit.Framework.Assert.Multiple(TestDelegate testDelegate)
   at osu.Game.Tests.Beatmaps.BeatmapConversionTest`2.<>c__DisplayClass4_0.<Test>b__1() in /app/osu.Game/Tests/Beatmaps/BeatmapConversionTest.cs:line 77
   at NUnit.Framework.Assert.Multiple(TestDelegate testDelegate)
   at osu.Game.Tests.Beatmaps.BeatmapConversionTest`2.Test(String name, Type[] mods) in /app/osu.Game/Tests/Beatmaps/BeatmapConversionTest.cs:line 50
   at osu.Game.Rulesets.Catch.Tests.CatchBeatmapConversionTest.Test(String name, Type[] mods) in /app/osu.Game.Rulesets.Catch.Tests/CatchBeatmapConversionTest.cs:line 58
   at InvokeStub_CatchBeatmapConversionTest.Test(Object, Span`1)

99)    at osu.Game.Tests.Beatmaps.BeatmapConversionTest`2.<>c__DisplayClass4_1.<Test>b__2() in /app/osu.Game/Tests/Beatmaps/BeatmapConversionTest.cs:line 98
   at NUnit.Framework.Assert.Multiple(TestDelegate testDelegate)
   at osu.Game.Tests.Beatmaps.BeatmapConversionTest`2.<>c__DisplayClass4_0.<Test>b__1() in /app/osu.Game/Tests/Beatmaps/BeatmapConversionTest.cs:line 77
   at NUnit.Framework.Assert.Multiple(TestDelegate testDelegate)
   at osu.Game.Tests.Beatmaps.BeatmapConversionTest`2.Test(String name, Type[] mods) in /app/osu.Game/Tests/Beatmaps/BeatmapConversionTest.cs:line 50
   at osu.Game.Rulesets.Catch.Tests.CatchBeatmapConversionTest.Test(String name, Type[] mods) in /app/osu.Game.Rulesets.Catch.Tests/CatchBeatmapConversionTest.cs:line 58
   at InvokeStub_CatchBeatmapConversionTest.Test(Object, Span`1)

100)    at osu.Game.Tests.Beatmaps.BeatmapConversionTest`2.<>c__DisplayClass4_1.<Test>b__2() in /app/osu.Game/Tests/Beatmaps/BeatmapConversionTest.cs:line 98
   at NUnit.Framework.Assert.Multiple(TestDelegate testDelegate)
   at osu.Game.Tests.Beatmaps.BeatmapConversionTest`2.<>c__DisplayClass4_0.<Test>b__1() in /app/osu.Game/Tests/Beatmaps/BeatmapConversionTest.cs:line 77
   at NUnit.Framework.Assert.Multiple(TestDelegate testDelegate)
   at osu.Game.Tests.Beatmaps.BeatmapConversionTest`2.Test(String name, Type[] mods) in /app/osu.Game/Tests/Beatmaps/BeatmapConversionTest.cs:line 50
   at osu.Game.Rulesets.Catch.Tests.CatchBeatmapConversionTest.Test(String name, Type[] mods) in /app/osu.Game.Rulesets.Catch.Tests/CatchBeatmapConversionTest.cs:line 58
   at InvokeStub_CatchBeatmapConversionTest.Test(Object, Span`1)

101)    at osu.Game.Tests.Beatmaps.BeatmapConversionTest`2.<>c__DisplayClass4_1.<Test>b__2() in /app/osu.Game/Tests/Beatmaps/BeatmapConversionTest.cs:line 98
   at NUnit.Framework.Assert.Multiple(TestDelegate testDelegate)
   at osu.Game.Tests.Beatmaps.BeatmapConversionTest`2.<>c__DisplayClass4_0.<Test>b__1() in /app/osu.Game/Tests/Beatmaps/BeatmapConversionTest.cs:line 77
   at NUnit.Framework.Assert.Multiple(TestDelegate testDelegate)
   at osu.Game.Tests.Beatmaps.BeatmapConversionTest`2.Test(String name, Type[] mods) in /app/osu.Game/Tests/Beatmaps/BeatmapConversionTest.cs:line 50
   at osu.Game.Rulesets.Catch.Tests.CatchBeatmapConversionTest.Test(String name, Type[] mods) in /app/osu.Game.Rulesets.Catch.Tests/CatchBeatmapConversionTest.cs:line 58
   at InvokeStub_CatchBeatmapConversionTest.Test(Object, Span`1)

102)    at osu.Game.Tests.Beatmaps.BeatmapConversionTest`2.<>c__DisplayClass4_1.<Test>b__2() in /app/osu.Game/Tests/Beatmaps/BeatmapConversionTest.cs:line 98
   at NUnit.Framework.Assert.Multiple(TestDelegate testDelegate)
   at osu.Game.Tests.Beatmaps.BeatmapConversionTest`2.<>c__DisplayClass4_0.<Test>b__1() in /app/osu.Game/Tests/Beatmaps/BeatmapConversionTest.cs:line 77
   at NUnit.Framework.Assert.Multiple(TestDelegate testDelegate)
   at osu.Game.Tests.Beatmaps.BeatmapConversionTest`2.Test(String name, Type[] mods) in /app/osu.Game/Tests/Beatmaps/BeatmapConversionTest.cs:line 50
   at osu.Game.Rulesets.Catch.Tests.CatchBeatmapConversionTest.Test(String name, Type[] mods) in /app/osu.Game.Rulesets.Catch.Tests/CatchBeatmapConversionTest.cs:line 58
   at InvokeStub_CatchBeatmapConversionTest.Test(Object, Span`1)

103)    at osu.Game.Tests.Beatmaps.BeatmapConversionTest`2.<>c__DisplayClass4_1.<Test>b__2() in /app/osu.Game/Tests/Beatmaps/BeatmapConversionTest.cs:line 98
   at NUnit.Framework.Assert.Multiple(TestDelegate testDelegate)
   at osu.Game.Tests.Beatmaps.BeatmapConversionTest`2.<>c__DisplayClass4_0.<Test>b__1() in /app/osu.Game/Tests/Beatmaps/BeatmapConversionTest.cs:line 77
   at NUnit.Framework.Assert.Multiple(TestDelegate testDelegate)
   at osu.Game.Tests.Beatmaps.BeatmapConversionTest`2.Test(String name, Type[] mods) in /app/osu.Game/Tests/Beatmaps/BeatmapConversionTest.cs:line 50
   at osu.Game.Rulesets.Catch.Tests.CatchBeatmapConversionTest.Test(String name, Type[] mods) in /app/osu.Game.Rulesets.Catch.Tests/CatchBeatmapConversionTest.cs:line 58
   at InvokeStub_CatchBeatmapConversionTest.Test(Object, Span`1)

104)    at osu.Game.Tests.Beatmaps.BeatmapConversionTest`2.<>c__DisplayClass4_1.<Test>b__2() in /app/osu.Game/Tests/Beatmaps/BeatmapConversionTest.cs:line 98
   at NUnit.Framework.Assert.Multiple(TestDelegate testDelegate)
   at osu.Game.Tests.Beatmaps.BeatmapConversionTest`2.<>c__DisplayClass4_0.<Test>b__1() in /app/osu.Game/Tests/Beatmaps/BeatmapConversionTest.cs:line 77
   at NUnit.Framework.Assert.Multiple(TestDelegate testDelegate)
   at osu.Game.Tests.Beatmaps.BeatmapConversionTest`2.Test(String name, Type[] mods) in /app/osu.Game/Tests/Beatmaps/BeatmapConversionTest.cs:line 50
   at osu.Game.Rulesets.Catch.Tests.CatchBeatmapConversionTest.Test(String name, Type[] mods) in /app/osu.Game.Rulesets.Catch.Tests/CatchBeatmapConversionTest.cs:line 58
   at InvokeStub_CatchBeatmapConversionTest.Test(Object, Span`1)

105)    at osu.Game.Tests.Beatmaps.BeatmapConversionTest`2.<>c__DisplayClass4_1.<Test>b__2() in /app/osu.Game/Tests/Beatmaps/BeatmapConversionTest.cs:line 98
   at NUnit.Framework.Assert.Multiple(TestDelegate testDelegate)
   at osu.Game.Tests.Beatmaps.BeatmapConversionTest`2.<>c__DisplayClass4_0.<Test>b__1() in /app/osu.Game/Tests/Beatmaps/BeatmapConversionTest.cs:line 77
   at NUnit.Framework.Assert.Multiple(TestDelegate testDelegate)
   at osu.Game.Tests.Beatmaps.BeatmapConversionTest`2.Test(String name, Type[] mods) in /app/osu.Game/Tests/Beatmaps/BeatmapConversionTest.cs:line 50
   at osu.Game.Rulesets.Catch.Tests.CatchBeatmapConversionTest.Test(String name, Type[] mods) in /app/osu.Game.Rulesets.Catch.Tests/CatchBeatmapConversionTest.cs:line 58
   at InvokeStub_CatchBeatmapConversionTest.Test(Object, Span`1)

106)    at osu.Game.Tests.Beatmaps.BeatmapConversionTest`2.<>c__DisplayClass4_1.<Test>b__2() in /app/osu.Game/Tests/Beatmaps/BeatmapConversionTest.cs:line 98
   at NUnit.Framework.Assert.Multiple(TestDelegate testDelegate)
   at osu.Game.Tests.Beatmaps.BeatmapConversionTest`2.<>c__DisplayClass4_0.<Test>b__1() in /app/osu.Game/Tests/Beatmaps/BeatmapConversionTest.cs:line 77
   at NUnit.Framework.Assert.Multiple(TestDelegate testDelegate)
   at osu.Game.Tests.Beatmaps.BeatmapConversionTest`2.Test(String name, Type[] mods) in /app/osu.Game/Tests/Beatmaps/BeatmapConversionTest.cs:line 50
   at osu.Game.Rulesets.Catch.Tests.CatchBeatmapConversionTest.Test(String name, Type[] mods) in /app/osu.Game.Rulesets.Catch.Tests/CatchBeatmapConversionTest.cs:line 58
   at InvokeStub_CatchBeatmapConversionTest.Test(Object, Span`1)

107)    at osu.Game.Tests.Beatmaps.BeatmapConversionTest`2.<>c__DisplayClass4_1.<Test>b__2() in /app/osu.Game/Tests/Beatmaps/BeatmapConversionTest.cs:line 98
   at NUnit.Framework.Assert.Multiple(TestDelegate testDelegate)
   at osu.Game.Tests.Beatmaps.BeatmapConversionTest`2.<>c__DisplayClass4_0.<Test>b__1() in /app/osu.Game/Tests/Beatmaps/BeatmapConversionTest.cs:line 77
   at NUnit.Framework.Assert.Multiple(TestDelegate testDelegate)
   at osu.Game.Tests.Beatmaps.BeatmapConversionTest`2.Test(String name, Type[] mods) in /app/osu.Game/Tests/Beatmaps/BeatmapConversionTest.cs:line 50
   at osu.Game.Rulesets.Catch.Tests.CatchBeatmapConversionTest.Test(String name, Type[] mods) in /app/osu.Game.Rulesets.Catch.Tests/CatchBeatmapConversionTest.cs:line 58
   at InvokeStub_CatchBeatmapConversionTest.Test(Object, Span`1)

108)    at osu.Game.Tests.Beatmaps.BeatmapConversionTest`2.<>c__DisplayClass4_1.<Test>b__2() in /app/osu.Game/Tests/Beatmaps/BeatmapConversionTest.cs:line 98
   at NUnit.Framework.Assert.Multiple(TestDelegate testDelegate)
   at osu.Game.Tests.Beatmaps.BeatmapConversionTest`2.<>c__DisplayClass4_0.<Test>b__1() in /app/osu.Game/Tests/Beatmaps/BeatmapConversionTest.cs:line 77
   at NUnit.Framework.Assert.Multiple(TestDelegate testDelegate)
   at osu.Game.Tests.Beatmaps.BeatmapConversionTest`2.Test(String name, Type[] mods) in /app/osu.Game/Tests/Beatmaps/BeatmapConversionTest.cs:line 50
   at osu.Game.Rulesets.Catch.Tests.CatchBeatmapConversionTest.Test(String name, Type[] mods) in /app/osu.Game.Rulesets.Catch.Tests/CatchBeatmapConversionTest.cs:line 58
   at InvokeStub_CatchBeatmapConversionTest.Test(Object, Span`1)

109)    at osu.Game.Tests.Beatmaps.BeatmapConversionTest`2.<>c__DisplayClass4_1.<Test>b__2() in /app/osu.Game/Tests/Beatmaps/BeatmapConversionTest.cs:line 98
   at NUnit.Framework.Assert.Multiple(TestDelegate testDelegate)
   at osu.Game.Tests.Beatmaps.BeatmapConversionTest`2.<>c__DisplayClass4_0.<Test>b__1() in /app/osu.Game/Tests/Beatmaps/BeatmapConversionTest.cs:line 77
   at NUnit.Framework.Assert.Multiple(TestDelegate testDelegate)
   at osu.Game.Tests.Beatmaps.BeatmapConversionTest`2.Test(String name, Type[] mods) in /app/osu.Game/Tests/Beatmaps/BeatmapConversionTest.cs:line 50
   at osu.Game.Rulesets.Catch.Tests.CatchBeatmapConversionTest.Test(String name, Type[] mods) in /app/osu.Game.Rulesets.Catch.Tests/CatchBeatmapConversionTest.cs:line 58
   at InvokeStub_CatchBeatmapConversionTest.Test(Object, Span`1)

110)    at osu.Game.Tests.Beatmaps.BeatmapConversionTest`2.<>c__DisplayClass4_1.<Test>b__2() in /app/osu.Game/Tests/Beatmaps/BeatmapConversionTest.cs:line 98
   at NUnit.Framework.Assert.Multiple(TestDelegate testDelegate)
   at osu.Game.Tests.Beatmaps.BeatmapConversionTest`2.<>c__DisplayClass4_0.<Test>b__1() in /app/osu.Game/Tests/Beatmaps/BeatmapConversionTest.cs:line 77
   at NUnit.Framework.Assert.Multiple(TestDelegate testDelegate)
   at osu.Game.Tests.Beatmaps.BeatmapConversionTest`2.Test(String name, Type[] mods) in /app/osu.Game/Tests/Beatmaps/BeatmapConversionTest.cs:line 50
   at osu.Game.Rulesets.Catch.Tests.CatchBeatmapConversionTest.Test(String name, Type[] mods) in /app/osu.Game.Rulesets.Catch.Tests/CatchBeatmapConversionTest.cs:line 58
   at InvokeStub_CatchBeatmapConversionTest.Test(Object, Span`1)

111)    at osu.Game.Tests.Beatmaps.BeatmapConversionTest`2.<>c__DisplayClass4_1.<Test>b__2() in /app/osu.Game/Tests/Beatmaps/BeatmapConversionTest.cs:line 98
   at NUnit.Framework.Assert.Multiple(TestDelegate testDelegate)
   at osu.Game.Tests.Beatmaps.BeatmapConversionTest`2.<>c__DisplayClass4_0.<Test>b__1() in /app/osu.Game/Tests/Beatmaps/BeatmapConversionTest.cs:line 77
   at NUnit.Framework.Assert.Multiple(TestDelegate testDelegate)
   at osu.Game.Tests.Beatmaps.BeatmapConversionTest`2.Test(String name, Type[] mods) in /app/osu.Game/Tests/Beatmaps/BeatmapConversionTest.cs:line 50
   at osu.Game.Rulesets.Catch.Tests.CatchBeatmapConversionTest.Test(String name, Type[] mods) in /app/osu.Game.Rulesets.Catch.Tests/CatchBeatmapConversionTest.cs:line 58
   at InvokeStub_CatchBeatmapConversionTest.Test(Object, Span`1)

112)    at osu.Game.Tests.Beatmaps.BeatmapConversionTest`2.<>c__DisplayClass4_1.<Test>b__2() in /app/osu.Game/Tests/Beatmaps/BeatmapConversionTest.cs:line 98
   at NUnit.Framework.Assert.Multiple(TestDelegate testDelegate)
   at osu.Game.Tests.Beatmaps.BeatmapConversionTest`2.<>c__DisplayClass4_0.<Test>b__1() in /app/osu.Game/Tests/Beatmaps/BeatmapConversionTest.cs:line 77
   at NUnit.Framework.Assert.Multiple(TestDelegate testDelegate)
   at osu.Game.Tests.Beatmaps.BeatmapConversionTest`2.Test(String name, Type[] mods) in /app/osu.Game/Tests/Beatmaps/BeatmapConversionTest.cs:line 50
   at osu.Game.Rulesets.Catch.Tests.CatchBeatmapConversionTest.Test(String name, Type[] mods) in /app/osu.Game.Rulesets.Catch.Tests/CatchBeatmapConversionTest.cs:line 58
   at InvokeStub_CatchBeatmapConversionTest.Test(Object, Span`1)

113)    at osu.Game.Tests.Beatmaps.BeatmapConversionTest`2.<>c__DisplayClass4_1.<Test>b__2() in /app/osu.Game/Tests/Beatmaps/BeatmapConversionTest.cs:line 98
   at NUnit.Framework.Assert.Multiple(TestDelegate testDelegate)
   at osu.Game.Tests.Beatmaps.BeatmapConversionTest`2.<>c__DisplayClass4_0.<Test>b__1() in /app/osu.Game/Tests/Beatmaps/BeatmapConversionTest.cs:line 77
   at NUnit.Framework.Assert.Multiple(TestDelegate testDelegate)
   at osu.Game.Tests.Beatmaps.BeatmapConversionTest`2.Test(String name, Type[] mods) in /app/osu.Game/Tests/Beatmaps/BeatmapConversionTest.cs:line 50
   at osu.Game.Rulesets.Catch.Tests.CatchBeatmapConversionTest.Test(String name, Type[] mods) in /app/osu.Game.Rulesets.Catch.Tests/CatchBeatmapConversionTest.cs:line 58
   at InvokeStub_CatchBeatmapConversionTest.Test(Object, Span`1)

114)    at osu.Game.Tests.Beatmaps.BeatmapConversionTest`2.<>c__DisplayClass4_1.<Test>b__2() in /app/osu.Game/Tests/Beatmaps/BeatmapConversionTest.cs:line 98
   at NUnit.Framework.Assert.Multiple(TestDelegate testDelegate)
   at osu.Game.Tests.Beatmaps.BeatmapConversionTest`2.<>c__DisplayClass4_0.<Test>b__1() in /app/osu.Game/Tests/Beatmaps/BeatmapConversionTest.cs:line 77
   at NUnit.Framework.Assert.Multiple(TestDelegate testDelegate)
   at osu.Game.Tests.Beatmaps.BeatmapConversionTest`2.Test(String name, Type[] mods) in /app/osu.Game/Tests/Beatmaps/BeatmapConversionTest.cs:line 50
   at osu.Game.Rulesets.Catch.Tests.CatchBeatmapConversionTest.Test(String name, Type[] mods) in /app/osu.Game.Rulesets.Catch.Tests/CatchBeatmapConversionTest.cs:line 58
   at InvokeStub_CatchBeatmapConversionTest.Test(Object, Span`1)

115)    at osu.Game.Tests.Beatmaps.BeatmapConversionTest`2.<>c__DisplayClass4_1.<Test>b__2() in /app/osu.Game/Tests/Beatmaps/BeatmapConversionTest.cs:line 98
   at NUnit.Framework.Assert.Multiple(TestDelegate testDelegate)
   at osu.Game.Tests.Beatmaps.BeatmapConversionTest`2.<>c__DisplayClass4_0.<Test>b__1() in /app/osu.Game/Tests/Beatmaps/BeatmapConversionTest.cs:line 77
   at NUnit.Framework.Assert.Multiple(TestDelegate testDelegate)
   at osu.Game.Tests.Beatmaps.BeatmapConversionTest`2.Test(String name, Type[] mods) in /app/osu.Game/Tests/Beatmaps/BeatmapConversionTest.cs:line 50
   at osu.Game.Rulesets.Catch.Tests.CatchBeatmapConversionTest.Test(String name, Type[] mods) in /app/osu.Game.Rulesets.Catch.Tests/CatchBeatmapConversionTest.cs:line 58
   at InvokeStub_CatchBeatmapConversionTest.Test(Object, Span`1)

116)    at osu.Game.Tests.Beatmaps.BeatmapConversionTest`2.<>c__DisplayClass4_1.<Test>b__2() in /app/osu.Game/Tests/Beatmaps/BeatmapConversionTest.cs:line 98
   at NUnit.Framework.Assert.Multiple(TestDelegate testDelegate)
   at osu.Game.Tests.Beatmaps.BeatmapConversionTest`2.<>c__DisplayClass4_0.<Test>b__1() in /app/osu.Game/Tests/Beatmaps/BeatmapConversionTest.cs:line 77
   at NUnit.Framework.Assert.Multiple(TestDelegate testDelegate)
   at osu.Game.Tests.Beatmaps.BeatmapConversionTest`2.Test(String name, Type[] mods) in /app/osu.Game/Tests/Beatmaps/BeatmapConversionTest.cs:line 50
   at osu.Game.Rulesets.Catch.Tests.CatchBeatmapConversionTest.Test(String name, Type[] mods) in /app/osu.Game.Rulesets.Catch.Tests/CatchBeatmapConversionTest.cs:line 58
   at InvokeStub_CatchBeatmapConversionTest.Test(Object, Span`1)

117)    at osu.Game.Tests.Beatmaps.BeatmapConversionTest`2.<>c__DisplayClass4_1.<Test>b__2() in /app/osu.Game/Tests/Beatmaps/BeatmapConversionTest.cs:line 98
   at NUnit.Framework.Assert.Multiple(TestDelegate testDelegate)
   at osu.Game.Tests.Beatmaps.BeatmapConversionTest`2.<>c__DisplayClass4_0.<Test>b__1() in /app/osu.Game/Tests/Beatmaps/BeatmapConversionTest.cs:line 77
   at NUnit.Framework.Assert.Multiple(TestDelegate testDelegate)
   at osu.Game.Tests.Beatmaps.BeatmapConversionTest`2.Test(String name, Type[] mods) in /app/osu.Game/Tests/Beatmaps/BeatmapConversionTest.cs:line 50
   at osu.Game.Rulesets.Catch.Tests.CatchBeatmapConversionTest.Test(String name, Type[] mods) in /app/osu.Game.Rulesets.Catch.Tests/CatchBeatmapConversionTest.cs:line 58
   at InvokeStub_CatchBeatmapConversionTest.Test(Object, Span`1)

118)    at osu.Game.Tests.Beatmaps.BeatmapConversionTest`2.<>c__DisplayClass4_1.<Test>b__2() in /app/osu.Game/Tests/Beatmaps/BeatmapConversionTest.cs:line 98
   at NUnit.Framework.Assert.Multiple(TestDelegate testDelegate)
   at osu.Game.Tests.Beatmaps.BeatmapConversionTest`2.<>c__DisplayClass4_0.<Test>b__1() in /app/osu.Game/Tests/Beatmaps/BeatmapConversionTest.cs:line 77
   at NUnit.Framework.Assert.Multiple(TestDelegate testDelegate)
   at osu.Game.Tests.Beatmaps.BeatmapConversionTest`2.Test(String name, Type[] mods) in /app/osu.Game/Tests/Beatmaps/BeatmapConversionTest.cs:line 50
   at osu.Game.Rulesets.Catch.Tests.CatchBeatmapConversionTest.Test(String name, Type[] mods) in /app/osu.Game.Rulesets.Catch.Tests/CatchBeatmapConversionTest.cs:line 58
   at InvokeStub_CatchBeatmapConversionTest.Test(Object, Span`1)

119)    at osu.Game.Tests.Beatmaps.BeatmapConversionTest`2.<>c__DisplayClass4_1.<Test>b__2() in /app/osu.Game/Tests/Beatmaps/BeatmapConversionTest.cs:line 98
   at NUnit.Framework.Assert.Multiple(TestDelegate testDelegate)
   at osu.Game.Tests.Beatmaps.BeatmapConversionTest`2.<>c__DisplayClass4_0.<Test>b__1() in /app/osu.Game/Tests/Beatmaps/BeatmapConversionTest.cs:line 77
   at NUnit.Framework.Assert.Multiple(TestDelegate testDelegate)
   at osu.Game.Tests.Beatmaps.BeatmapConversionTest`2.Test(String name, Type[] mods) in /app/osu.Game/Tests/Beatmaps/BeatmapConversionTest.cs:line 50
   at osu.Game.Rulesets.Catch.Tests.CatchBeatmapConversionTest.Test(String name, Type[] mods) in /app/osu.Game.Rulesets.Catch.Tests/CatchBeatmapConversionTest.cs:line 58
   at InvokeStub_CatchBeatmapConversionTest.Test(Object, Span`1)

120)    at osu.Game.Tests.Beatmaps.BeatmapConversionTest`2.<>c__DisplayClass4_1.<Test>b__2() in /app/osu.Game/Tests/Beatmaps/BeatmapConversionTest.cs:line 98
   at NUnit.Framework.Assert.Multiple(TestDelegate testDelegate)
   at osu.Game.Tests.Beatmaps.BeatmapConversionTest`2.<>c__DisplayClass4_0.<Test>b__1() in /app/osu.Game/Tests/Beatmaps/BeatmapConversionTest.cs:line 77
   at NUnit.Framework.Assert.Multiple(TestDelegate testDelegate)
   at osu.Game.Tests.Beatmaps.BeatmapConversionTest`2.Test(String name, Type[] mods) in /app/osu.Game/Tests/Beatmaps/BeatmapConversionTest.cs:line 50
   at osu.Game.Rulesets.Catch.Tests.CatchBeatmapConversionTest.Test(String name, Type[] mods) in /app/osu.Game.Rulesets.Catch.Tests/CatchBeatmapConversionTest.cs:line 58
   at InvokeStub_CatchBeatmapConversionTest.Test(Object, Span`1)

121)    at osu.Game.Tests.Beatmaps.BeatmapConversionTest`2.<>c__DisplayClass4_1.<Test>b__2() in /app/osu.Game/Tests/Beatmaps/BeatmapConversionTest.cs:line 98
   at NUnit.Framework.Assert.Multiple(TestDelegate testDelegate)
   at osu.Game.Tests.Beatmaps.BeatmapConversionTest`2.<>c__DisplayClass4_0.<Test>b__1() in /app/osu.Game/Tests/Beatmaps/BeatmapConversionTest.cs:line 77
   at NUnit.Framework.Assert.Multiple(TestDelegate testDelegate)
   at osu.Game.Tests.Beatmaps.BeatmapConversionTest`2.Test(String name, Type[] mods) in /app/osu.Game/Tests/Beatmaps/BeatmapConversionTest.cs:line 50
   at osu.Game.Rulesets.Catch.Tests.CatchBeatmapConversionTest.Test(String name, Type[] mods) in /app/osu.Game.Rulesets.Catch.Tests/CatchBeatmapConversionTest.cs:line 58
   at InvokeStub_CatchBeatmapConversionTest.Test(Object, Span`1)

122)    at osu.Game.Tests.Beatmaps.BeatmapConversionTest`2.<>c__DisplayClass4_1.<Test>b__2() in /app/osu.Game/Tests/Beatmaps/BeatmapConversionTest.cs:line 98
   at NUnit.Framework.Assert.Multiple(TestDelegate testDelegate)
   at osu.Game.Tests.Beatmaps.BeatmapConversionTest`2.<>c__DisplayClass4_0.<Test>b__1() in /app/osu.Game/Tests/Beatmaps/BeatmapConversionTest.cs:line 77
   at NUnit.Framework.Assert.Multiple(TestDelegate testDelegate)
   at osu.Game.Tests.Beatmaps.BeatmapConversionTest`2.Test(String name, Type[] mods) in /app/osu.Game/Tests/Beatmaps/BeatmapConversionTest.cs:line 50
   at osu.Game.Rulesets.Catch.Tests.CatchBeatmapConversionTest.Test(String name, Type[] mods) in /app/osu.Game.Rulesets.Catch.Tests/CatchBeatmapConversionTest.cs:line 58
   at InvokeStub_CatchBeatmapConversionTest.Test(Object, Span`1)

123)    at osu.Game.Tests.Beatmaps.BeatmapConversionTest`2.<>c__DisplayClass4_1.<Test>b__2() in /app/osu.Game/Tests/Beatmaps/BeatmapConversionTest.cs:line 98
   at NUnit.Framework.Assert.Multiple(TestDelegate testDelegate)
   at osu.Game.Tests.Beatmaps.BeatmapConversionTest`2.<>c__DisplayClass4_0.<Test>b__1() in /app/osu.Game/Tests/Beatmaps/BeatmapConversionTest.cs:line 77
   at NUnit.Framework.Assert.Multiple(TestDelegate testDelegate)
   at osu.Game.Tests.Beatmaps.BeatmapConversionTest`2.Test(String name, Type[] mods) in /app/osu.Game/Tests/Beatmaps/BeatmapConversionTest.cs:line 50
   at osu.Game.Rulesets.Catch.Tests.CatchBeatmapConversionTest.Test(String name, Type[] mods) in /app/osu.Game.Rulesets.Catch.Tests/CatchBeatmapConversionTest.cs:line 58
   at InvokeStub_CatchBeatmapConversionTest.Test(Object, Span`1)

124)    at osu.Game.Tests.Beatmaps.BeatmapConversionTest`2.<>c__DisplayClass4_1.<Test>b__2() in /app/osu.Game/Tests/Beatmaps/BeatmapConversionTest.cs:line 98
   at NUnit.Framework.Assert.Multiple(TestDelegate testDelegate)
   at osu.Game.Tests.Beatmaps.BeatmapConversionTest`2.<>c__DisplayClass4_0.<Test>b__1() in /app/osu.Game/Tests/Beatmaps/BeatmapConversionTest.cs:line 77
   at NUnit.Framework.Assert.Multiple(TestDelegate testDelegate)
   at osu.Game.Tests.Beatmaps.BeatmapConversionTest`2.Test(String name, Type[] mods) in /app/osu.Game/Tests/Beatmaps/BeatmapConversionTest.cs:line 50
   at osu.Game.Rulesets.Catch.Tests.CatchBeatmapConversionTest.Test(String name, Type[] mods) in /app/osu.Game.Rulesets.Catch.Tests/CatchBeatmapConversionTest.cs:line 58
   at InvokeStub_CatchBeatmapConversionTest.Test(Object, Span`1)

125)    at osu.Game.Tests.Beatmaps.BeatmapConversionTest`2.<>c__DisplayClass4_1.<Test>b__2() in /app/osu.Game/Tests/Beatmaps/BeatmapConversionTest.cs:line 98
   at NUnit.Framework.Assert.Multiple(TestDelegate testDelegate)
   at osu.Game.Tests.Beatmaps.BeatmapConversionTest`2.<>c__DisplayClass4_0.<Test>b__1() in /app/osu.Game/Tests/Beatmaps/BeatmapConversionTest.cs:line 77
   at NUnit.Framework.Assert.Multiple(TestDelegate testDelegate)
   at osu.Game.Tests.Beatmaps.BeatmapConversionTest`2.Test(String name, Type[] mods) in /app/osu.Game/Tests/Beatmaps/BeatmapConversionTest.cs:line 50
   at osu.Game.Rulesets.Catch.Tests.CatchBeatmapConversionTest.Test(String name, Type[] mods) in /app/osu.Game.Rulesets.Catch.Tests/CatchBeatmapConversionTest.cs:line 58
   at InvokeStub_CatchBeatmapConversionTest.Test(Object, Span`1)

126)    at osu.Game.Tests.Beatmaps.BeatmapConversionTest`2.<>c__DisplayClass4_1.<Test>b__2() in /app/osu.Game/Tests/Beatmaps/BeatmapConversionTest.cs:line 98
   at NUnit.Framework.Assert.Multiple(TestDelegate testDelegate)
   at osu.Game.Tests.Beatmaps.BeatmapConversionTest`2.<>c__DisplayClass4_0.<Test>b__1() in /app/osu.Game/Tests/Beatmaps/BeatmapConversionTest.cs:line 77
   at NUnit.Framework.Assert.Multiple(TestDelegate testDelegate)
   at osu.Game.Tests.Beatmaps.BeatmapConversionTest`2.Test(String name, Type[] mods) in /app/osu.Game/Tests/Beatmaps/BeatmapConversionTest.cs:line 50
   at osu.Game.Rulesets.Catch.Tests.CatchBeatmapConversionTest.Test(String name, Type[] mods) in /app/osu.Game.Rulesets.Catch.Tests/CatchBeatmapConversionTest.cs:line 58
   at InvokeStub_CatchBeatmapConversionTest.Test(Object, Span`1)

127)    at osu.Game.Tests.Beatmaps.BeatmapConversionTest`2.<>c__DisplayClass4_1.<Test>b__2() in /app/osu.Game/Tests/Beatmaps/BeatmapConversionTest.cs:line 98
   at NUnit.Framework.Assert.Multiple(TestDelegate testDelegate)
   at osu.Game.Tests.Beatmaps.BeatmapConversionTest`2.<>c__DisplayClass4_0.<Test>b__1() in /app/osu.Game/Tests/Beatmaps/BeatmapConversionTest.cs:line 77
   at NUnit.Framework.Assert.Multiple(TestDelegate testDelegate)
   at osu.Game.Tests.Beatmaps.BeatmapConversionTest`2.Test(String name, Type[] mods) in /app/osu.Game/Tests/Beatmaps/BeatmapConversionTest.cs:line 50
   at osu.Game.Rulesets.Catch.Tests.CatchBeatmapConversionTest.Test(String name, Type[] mods) in /app/osu.Game.Rulesets.Catch.Tests/CatchBeatmapConversionTest.cs:line 58
   at InvokeStub_CatchBeatmapConversionTest.Test(Object, Span`1)

128)    at osu.Game.Tests.Beatmaps.BeatmapConversionTest`2.<>c__DisplayClass4_1.<Test>b__2() in /app/osu.Game/Tests/Beatmaps/BeatmapConversionTest.cs:line 98
   at NUnit.Framework.Assert.Multiple(TestDelegate testDelegate)
   at osu.Game.Tests.Beatmaps.BeatmapConversionTest`2.<>c__DisplayClass4_0.<Test>b__1() in /app/osu.Game/Tests/Beatmaps/BeatmapConversionTest.cs:line 77
   at NUnit.Framework.Assert.Multiple(TestDelegate testDelegate)
   at osu.Game.Tests.Beatmaps.BeatmapConversionTest`2.Test(String name, Type[] mods) in /app/osu.Game/Tests/Beatmaps/BeatmapConversionTest.cs:line 50
   at osu.Game.Rulesets.Catch.Tests.CatchBeatmapConversionTest.Test(String name, Type[] mods) in /app/osu.Game.Rulesets.Catch.Tests/CatchBeatmapConversionTest.cs:line 58
   at InvokeStub_CatchBeatmapConversionTest.Test(Object, Span`1)

129)    at osu.Game.Tests.Beatmaps.BeatmapConversionTest`2.<>c__DisplayClass4_1.<Test>b__2() in /app/osu.Game/Tests/Beatmaps/BeatmapConversionTest.cs:line 98
   at NUnit.Framework.Assert.Multiple(TestDelegate testDelegate)
   at osu.Game.Tests.Beatmaps.BeatmapConversionTest`2.<>c__DisplayClass4_0.<Test>b__1() in /app/osu.Game/Tests/Beatmaps/BeatmapConversionTest.cs:line 77
   at NUnit.Framework.Assert.Multiple(TestDelegate testDelegate)
   at osu.Game.Tests.Beatmaps.BeatmapConversionTest`2.Test(String name, Type[] mods) in /app/osu.Game/Tests/Beatmaps/BeatmapConversionTest.cs:line 50
   at osu.Game.Rulesets.Catch.Tests.CatchBeatmapConversionTest.Test(String name, Type[] mods) in /app/osu.Game.Rulesets.Catch.Tests/CatchBeatmapConversionTest.cs:line 58
   at InvokeStub_CatchBeatmapConversionTest.Test(Object, Span`1)

130)    at osu.Game.Tests.Beatmaps.BeatmapConversionTest`2.<>c__DisplayClass4_1.<Test>b__2() in /app/osu.Game/Tests/Beatmaps/BeatmapConversionTest.cs:line 98
   at NUnit.Framework.Assert.Multiple(TestDelegate testDelegate)
   at osu.Game.Tests.Beatmaps.BeatmapConversionTest`2.<>c__DisplayClass4_0.<Test>b__1() in /app/osu.Game/Tests/Beatmaps/BeatmapConversionTest.cs:line 77
   at NUnit.Framework.Assert.Multiple(TestDelegate testDelegate)
   at osu.Game.Tests.Beatmaps.BeatmapConversionTest`2.Test(String name, Type[] mods) in /app/osu.Game/Tests/Beatmaps/BeatmapConversionTest.cs:line 50
   at osu.Game.Rulesets.Catch.Tests.CatchBeatmapConversionTest.Test(String name, Type[] mods) in /app/osu.Game.Rulesets.Catch.Tests/CatchBeatmapConversionTest.cs:line 58
   at InvokeStub_CatchBeatmapConversionTest.Test(Object, Span`1)

131)    at osu.Game.Tests.Beatmaps.BeatmapConversionTest`2.<>c__DisplayClass4_1.<Test>b__2() in /app/osu.Game/Tests/Beatmaps/BeatmapConversionTest.cs:line 98
   at NUnit.Framework.Assert.Multiple(TestDelegate testDelegate)
   at osu.Game.Tests.Beatmaps.BeatmapConversionTest`2.<>c__DisplayClass4_0.<Test>b__1() in /app/osu.Game/Tests/Beatmaps/BeatmapConversionTest.cs:line 77
   at NUnit.Framework.Assert.Multiple(TestDelegate testDelegate)
   at osu.Game.Tests.Beatmaps.BeatmapConversionTest`2.Test(String name, Type[] mods) in /app/osu.Game/Tests/Beatmaps/BeatmapConversionTest.cs:line 50
   at osu.Game.Rulesets.Catch.Tests.CatchBeatmapConversionTest.Test(String name, Type[] mods) in /app/osu.Game.Rulesets.Catch.Tests/CatchBeatmapConversionTest.cs:line 58
   at InvokeStub_CatchBeatmapConversionTest.Test(Object, Span`1)

132)    at osu.Game.Tests.Beatmaps.BeatmapConversionTest`2.<>c__DisplayClass4_1.<Test>b__2() in /app/osu.Game/Tests/Beatmaps/BeatmapConversionTest.cs:line 98
   at NUnit.Framework.Assert.Multiple(TestDelegate testDelegate)
   at osu.Game.Tests.Beatmaps.BeatmapConversionTest`2.<>c__DisplayClass4_0.<Test>b__1() in /app/osu.Game/Tests/Beatmaps/BeatmapConversionTest.cs:line 77
   at NUnit.Framework.Assert.Multiple(TestDelegate testDelegate)
   at osu.Game.Tests.Beatmaps.BeatmapConversionTest`2.Test(String name, Type[] mods) in /app/osu.Game/Tests/Beatmaps/BeatmapConversionTest.cs:line 50
   at osu.Game.Rulesets.Catch.Tests.CatchBeatmapConversionTest.Test(String name, Type[] mods) in /app/osu.Game.Rulesets.Catch.Tests/CatchBeatmapConversionTest.cs:line 58
   at InvokeStub_CatchBeatmapConversionTest.Test(Object, Span`1)

133)    at osu.Game.Tests.Beatmaps.BeatmapConversionTest`2.<>c__DisplayClass4_1.<Test>b__2() in /app/osu.Game/Tests/Beatmaps/BeatmapConversionTest.cs:line 98
   at NUnit.Framework.Assert.Multiple(TestDelegate testDelegate)
   at osu.Game.Tests.Beatmaps.BeatmapConversionTest`2.<>c__DisplayClass4_0.<Test>b__1() in /app/osu.Game/Tests/Beatmaps/BeatmapConversionTest.cs:line 77
   at NUnit.Framework.Assert.Multiple(TestDelegate testDelegate)
   at osu.Game.Tests.Beatmaps.BeatmapConversionTest`2.Test(String name, Type[] mods) in /app/osu.Game/Tests/Beatmaps/BeatmapConversionTest.cs:line 50
   at osu.Game.Rulesets.Catch.Tests.CatchBeatmapConversionTest.Test(String name, Type[] mods) in /app/osu.Game.Rulesets.Catch.Tests/CatchBeatmapConversionTest.cs:line 58
   at InvokeStub_CatchBeatmapConversionTest.Test(Object, Span`1)

134)    at osu.Game.Tests.Beatmaps.BeatmapConversionTest`2.<>c__DisplayClass4_1.<Test>b__2() in /app/osu.Game/Tests/Beatmaps/BeatmapConversionTest.cs:line 98
   at NUnit.Framework.Assert.Multiple(TestDelegate testDelegate)
   at osu.Game.Tests.Beatmaps.BeatmapConversionTest`2.<>c__DisplayClass4_0.<Test>b__1() in /app/osu.Game/Tests/Beatmaps/BeatmapConversionTest.cs:line 77
   at NUnit.Framework.Assert.Multiple(TestDelegate testDelegate)
   at osu.Game.Tests.Beatmaps.BeatmapConversionTest`2.Test(String name, Type[] mods) in /app/osu.Game/Tests/Beatmaps/BeatmapConversionTest.cs:line 50
   at osu.Game.Rulesets.Catch.Tests.CatchBeatmapConversionTest.Test(String name, Type[] mods) in /app/osu.Game.Rulesets.Catch.Tests/CatchBeatmapConversionTest.cs:line 58
   at InvokeStub_CatchBeatmapConversionTest.Test(Object, Span`1)

135)    at osu.Game.Tests.Beatmaps.BeatmapConversionTest`2.<>c__DisplayClass4_1.<Test>b__2() in /app/osu.Game/Tests/Beatmaps/BeatmapConversionTest.cs:line 98
   at NUnit.Framework.Assert.Multiple(TestDelegate testDelegate)
   at osu.Game.Tests.Beatmaps.BeatmapConversionTest`2.<>c__DisplayClass4_0.<Test>b__1() in /app/osu.Game/Tests/Beatmaps/BeatmapConversionTest.cs:line 77
   at NUnit.Framework.Assert.Multiple(TestDelegate testDelegate)
   at osu.Game.Tests.Beatmaps.BeatmapConversionTest`2.Test(String name, Type[] mods) in /app/osu.Game/Tests/Beatmaps/BeatmapConversionTest.cs:line 50
   at osu.Game.Rulesets.Catch.Tests.CatchBeatmapConversionTest.Test(String name, Type[] mods) in /app/osu.Game.Rulesets.Catch.Tests/CatchBeatmapConversionTest.cs:line 58
   at InvokeStub_CatchBeatmapConversionTest.Test(Object, Span`1)

136)    at osu.Game.Tests.Beatmaps.BeatmapConversionTest`2.<>c__DisplayClass4_1.<Test>b__2() in /app/osu.Game/Tests/Beatmaps/BeatmapConversionTest.cs:line 98
   at NUnit.Framework.Assert.Multiple(TestDelegate testDelegate)
   at osu.Game.Tests.Beatmaps.BeatmapConversionTest`2.<>c__DisplayClass4_0.<Test>b__1() in /app/osu.Game/Tests/Beatmaps/BeatmapConversionTest.cs:line 77
   at NUnit.Framework.Assert.Multiple(TestDelegate testDelegate)
   at osu.Game.Tests.Beatmaps.BeatmapConversionTest`2.Test(String name, Type[] mods) in /app/osu.Game/Tests/Beatmaps/BeatmapConversionTest.cs:line 50
   at osu.Game.Rulesets.Catch.Tests.CatchBeatmapConversionTest.Test(String name, Type[] mods) in /app/osu.Game.Rulesets.Catch.Tests/CatchBeatmapConversionTest.cs:line 58
   at InvokeStub_CatchBeatmapConversionTest.Test(Object, Span`1)

137)    at osu.Game.Tests.Beatmaps.BeatmapConversionTest`2.<>c__DisplayClass4_1.<Test>b__2() in /app/osu.Game/Tests/Beatmaps/BeatmapConversionTest.cs:line 98
   at NUnit.Framework.Assert.Multiple(TestDelegate testDelegate)
   at osu.Game.Tests.Beatmaps.BeatmapConversionTest`2.<>c__DisplayClass4_0.<Test>b__1() in /app/osu.Game/Tests/Beatmaps/BeatmapConversionTest.cs:line 77
   at NUnit.Framework.Assert.Multiple(TestDelegate testDelegate)
   at osu.Game.Tests.Beatmaps.BeatmapConversionTest`2.Test(String name, Type[] mods) in /app/osu.Game/Tests/Beatmaps/BeatmapConversionTest.cs:line 50
   at osu.Game.Rulesets.Catch.Tests.CatchBeatmapConversionTest.Test(String name, Type[] mods) in /app/osu.Game.Rulesets.Catch.Tests/CatchBeatmapConversionTest.cs:line 58
   at InvokeStub_CatchBeatmapConversionTest.Test(Object, Span`1)

138)    at osu.Game.Tests.Beatmaps.BeatmapConversionTest`2.<>c__DisplayClass4_1.<Test>b__2() in /app/osu.Game/Tests/Beatmaps/BeatmapConversionTest.cs:line 98
   at NUnit.Framework.Assert.Multiple(TestDelegate testDelegate)
   at osu.Game.Tests.Beatmaps.BeatmapConversionTest`2.<>c__DisplayClass4_0.<Test>b__1() in /app/osu.Game/Tests/Beatmaps/BeatmapConversionTest.cs:line 77
   at NUnit.Framework.Assert.Multiple(TestDelegate testDelegate)
   at osu.Game.Tests.Beatmaps.BeatmapConversionTest`2.Test(String name, Type[] mods) in /app/osu.Game/Tests/Beatmaps/BeatmapConversionTest.cs:line 50
   at osu.Game.Rulesets.Catch.Tests.CatchBeatmapConversionTest.Test(String name, Type[] mods) in /app/osu.Game.Rulesets.Catch.Tests/CatchBeatmapConversionTest.cs:line 58
   at InvokeStub_CatchBeatmapConversionTest.Test(Object, Span`1)

139)    at osu.Game.Tests.Beatmaps.BeatmapConversionTest`2.<>c__DisplayClass4_1.<Test>b__2() in /app/osu.Game/Tests/Beatmaps/BeatmapConversionTest.cs:line 98
   at NUnit.Framework.Assert.Multiple(TestDelegate testDelegate)
   at osu.Game.Tests.Beatmaps.BeatmapConversionTest`2.<>c__DisplayClass4_0.<Test>b__1() in /app/osu.Game/Tests/Beatmaps/BeatmapConversionTest.cs:line 77
   at NUnit.Framework.Assert.Multiple(TestDelegate testDelegate)
   at osu.Game.Tests.Beatmaps.BeatmapConversionTest`2.Test(String name, Type[] mods) in /app/osu.Game/Tests/Beatmaps/BeatmapConversionTest.cs:line 50
   at osu.Game.Rulesets.Catch.Tests.CatchBeatmapConversionTest.Test(String name, Type[] mods) in /app/osu.Game.Rulesets.Catch.Tests/CatchBeatmapConversionTest.cs:line 58
   at InvokeStub_CatchBeatmapConversionTest.Test(Object, Span`1)

140)    at osu.Game.Tests.Beatmaps.BeatmapConversionTest`2.<>c__DisplayClass4_1.<Test>b__2() in /app/osu.Game/Tests/Beatmaps/BeatmapConversionTest.cs:line 98
   at NUnit.Framework.Assert.Multiple(TestDelegate testDelegate)
   at osu.Game.Tests.Beatmaps.BeatmapConversionTest`2.<>c__DisplayClass4_0.<Test>b__1() in /app/osu.Game/Tests/Beatmaps/BeatmapConversionTest.cs:line 77
   at NUnit.Framework.Assert.Multiple(TestDelegate testDelegate)
   at osu.Game.Tests.Beatmaps.BeatmapConversionTest`2.Test(String name, Type[] mods) in /app/osu.Game/Tests/Beatmaps/BeatmapConversionTest.cs:line 50
   at osu.Game.Rulesets.Catch.Tests.CatchBeatmapConversionTest.Test(String name, Type[] mods) in /app/osu.Game.Rulesets.Catch.Tests/CatchBeatmapConversionTest.cs:line 58
   at InvokeStub_CatchBeatmapConversionTest.Test(Object, Span`1)

141)    at osu.Game.Tests.Beatmaps.BeatmapConversionTest`2.<>c__DisplayClass4_1.<Test>b__2() in /app/osu.Game/Tests/Beatmaps/BeatmapConversionTest.cs:line 98
   at NUnit.Framework.Assert.Multiple(TestDelegate testDelegate)
   at osu.Game.Tests.Beatmaps.BeatmapConversionTest`2.<>c__DisplayClass4_0.<Test>b__1() in /app/osu.Game/Tests/Beatmaps/BeatmapConversionTest.cs:line 77
   at NUnit.Framework.Assert.Multiple(TestDelegate testDelegate)
   at osu.Game.Tests.Beatmaps.BeatmapConversionTest`2.Test(String name, Type[] mods) in /app/osu.Game/Tests/Beatmaps/BeatmapConversionTest.cs:line 50
   at osu.Game.Rulesets.Catch.Tests.CatchBeatmapConversionTest.Test(String name, Type[] mods) in /app/osu.Game.Rulesets.Catch.Tests/CatchBeatmapConversionTest.cs:line 58
   at InvokeStub_CatchBeatmapConversionTest.Test(Object, Span`1)

142)    at osu.Game.Tests.Beatmaps.BeatmapConversionTest`2.<>c__DisplayClass4_1.<Test>b__2() in /app/osu.Game/Tests/Beatmaps/BeatmapConversionTest.cs:line 98
   at NUnit.Framework.Assert.Multiple(TestDelegate testDelegate)
   at osu.Game.Tests.Beatmaps.BeatmapConversionTest`2.<>c__DisplayClass4_0.<Test>b__1() in /app/osu.Game/Tests/Beatmaps/BeatmapConversionTest.cs:line 77
   at NUnit.Framework.Assert.Multiple(TestDelegate testDelegate)
   at osu.Game.Tests.Beatmaps.BeatmapConversionTest`2.Test(String name, Type[] mods) in /app/osu.Game/Tests/Beatmaps/BeatmapConversionTest.cs:line 50
   at osu.Game.Rulesets.Catch.Tests.CatchBeatmapConversionTest.Test(String name, Type[] mods) in /app/osu.Game.Rulesets.Catch.Tests/CatchBeatmapConversionTest.cs:line 58
   at InvokeStub_CatchBeatmapConversionTest.Test(Object, Span`1)

143)    at osu.Game.Tests.Beatmaps.BeatmapConversionTest`2.<>c__DisplayClass4_1.<Test>b__2() in /app/osu.Game/Tests/Beatmaps/BeatmapConversionTest.cs:line 98
   at NUnit.Framework.Assert.Multiple(TestDelegate testDelegate)
   at osu.Game.Tests.Beatmaps.BeatmapConversionTest`2.<>c__DisplayClass4_0.<Test>b__1() in /app/osu.Game/Tests/Beatmaps/BeatmapConversionTest.cs:line 77
   at NUnit.Framework.Assert.Multiple(TestDelegate testDelegate)
   at osu.Game.Tests.Beatmaps.BeatmapConversionTest`2.Test(String name, Type[] mods) in /app/osu.Game/Tests/Beatmaps/BeatmapConversionTest.cs:line 50
   at osu.Game.Rulesets.Catch.Tests.CatchBeatmapConversionTest.Test(String name, Type[] mods) in /app/osu.Game.Rulesets.Catch.Tests/CatchBeatmapConversionTest.cs:line 58
   at InvokeStub_CatchBeatmapConversionTest.Test(Object, Span`1)

144)    at osu.Game.Tests.Beatmaps.BeatmapConversionTest`2.<>c__DisplayClass4_1.<Test>b__2() in /app/osu.Game/Tests/Beatmaps/BeatmapConversionTest.cs:line 98
   at NUnit.Framework.Assert.Multiple(TestDelegate testDelegate)
   at osu.Game.Tests.Beatmaps.BeatmapConversionTest`2.<>c__DisplayClass4_0.<Test>b__1() in /app/osu.Game/Tests/Beatmaps/BeatmapConversionTest.cs:line 77
   at NUnit.Framework.Assert.Multiple(TestDelegate testDelegate)
   at osu.Game.Tests.Beatmaps.BeatmapConversionTest`2.Test(String name, Type[] mods) in /app/osu.Game/Tests/Beatmaps/BeatmapConversionTest.cs:line 50
   at osu.Game.Rulesets.Catch.Tests.CatchBeatmapConversionTest.Test(String name, Type[] mods) in /app/osu.Game.Rulesets.Catch.Tests/CatchBeatmapConversionTest.cs:line 58
   at InvokeStub_CatchBeatmapConversionTest.Test(Object, Span`1)

145)    at osu.Game.Tests.Beatmaps.BeatmapConversionTest`2.<>c__DisplayClass4_1.<Test>b__2() in /app/osu.Game/Tests/Beatmaps/BeatmapConversionTest.cs:line 98
   at NUnit.Framework.Assert.Multiple(TestDelegate testDelegate)
   at osu.Game.Tests.Beatmaps.BeatmapConversionTest`2.<>c__DisplayClass4_0.<Test>b__1() in /app/osu.Game/Tests/Beatmaps/BeatmapConversionTest.cs:line 77
   at NUnit.Framework.Assert.Multiple(TestDelegate testDelegate)
   at osu.Game.Tests.Beatmaps.BeatmapConversionTest`2.Test(String name, Type[] mods) in /app/osu.Game/Tests/Beatmaps/BeatmapConversionTest.cs:line 50
   at osu.Game.Rulesets.Catch.Tests.CatchBeatmapConversionTest.Test(String name, Type[] mods) in /app/osu.Game.Rulesets.Catch.Tests/CatchBeatmapConversionTest.cs:line 58
   at InvokeStub_CatchBeatmapConversionTest.Test(Object, Span`1)

146)    at osu.Game.Tests.Beatmaps.BeatmapConversionTest`2.<>c__DisplayClass4_1.<Test>b__2() in /app/osu.Game/Tests/Beatmaps/BeatmapConversionTest.cs:line 98
   at NUnit.Framework.Assert.Multiple(TestDelegate testDelegate)
   at osu.Game.Tests.Beatmaps.BeatmapConversionTest`2.<>c__DisplayClass4_0.<Test>b__1() in /app/osu.Game/Tests/Beatmaps/BeatmapConversionTest.cs:line 77
   at NUnit.Framework.Assert.Multiple(TestDelegate testDelegate)
   at osu.Game.Tests.Beatmaps.BeatmapConversionTest`2.Test(String name, Type[] mods) in /app/osu.Game/Tests/Beatmaps/BeatmapConversionTest.cs:line 50
   at osu.Game.Rulesets.Catch.Tests.CatchBeatmapConversionTest.Test(String name, Type[] mods) in /app/osu.Game.Rulesets.Catch.Tests/CatchBeatmapConversionTest.cs:line 58
   at InvokeStub_CatchBeatmapConversionTest.Test(Object, Span`1)

147)    at osu.Game.Tests.Beatmaps.BeatmapConversionTest`2.<>c__DisplayClass4_1.<Test>b__2() in /app/osu.Game/Tests/Beatmaps/BeatmapConversionTest.cs:line 98
   at NUnit.Framework.Assert.Multiple(TestDelegate testDelegate)
   at osu.Game.Tests.Beatmaps.BeatmapConversionTest`2.<>c__DisplayClass4_0.<Test>b__1() in /app/osu.Game/Tests/Beatmaps/BeatmapConversionTest.cs:line 77
   at NUnit.Framework.Assert.Multiple(TestDelegate testDelegate)
   at osu.Game.Tests.Beatmaps.BeatmapConversionTest`2.Test(String name, Type[] mods) in /app/osu.Game/Tests/Beatmaps/BeatmapConversionTest.cs:line 50
   at osu.Game.Rulesets.Catch.Tests.CatchBeatmapConversionTest.Test(String name, Type[] mods) in /app/osu.Game.Rulesets.Catch.Tests/CatchBeatmapConversionTest.cs:line 58
   at InvokeStub_CatchBeatmapConversionTest.Test(Object, Span`1)

148)    at osu.Game.Tests.Beatmaps.BeatmapConversionTest`2.<>c__DisplayClass4_1.<Test>b__2() in /app/osu.Game/Tests/Beatmaps/BeatmapConversionTest.cs:line 98
   at NUnit.Framework.Assert.Multiple(TestDelegate testDelegate)
   at osu.Game.Tests.Beatmaps.BeatmapConversionTest`2.<>c__DisplayClass4_0.<Test>b__1() in /app/osu.Game/Tests/Beatmaps/BeatmapConversionTest.cs:line 77
   at NUnit.Framework.Assert.Multiple(TestDelegate testDelegate)
   at osu.Game.Tests.Beatmaps.BeatmapConversionTest`2.Test(String name, Type[] mods) in /app/osu.Game/Tests/Beatmaps/BeatmapConversionTest.cs:line 50
   at osu.Game.Rulesets.Catch.Tests.CatchBeatmapConversionTest.Test(String name, Type[] mods) in /app/osu.Game.Rulesets.Catch.Tests/CatchBeatmapConversionTest.cs:line 58
   at InvokeStub_CatchBeatmapConversionTest.Test(Object, Span`1)

149)    at osu.Game.Tests.Beatmaps.BeatmapConversionTest`2.<>c__DisplayClass4_1.<Test>b__2() in /app/osu.Game/Tests/Beatmaps/BeatmapConversionTest.cs:line 98
   at NUnit.Framework.Assert.Multiple(TestDelegate testDelegate)
   at osu.Game.Tests.Beatmaps.BeatmapConversionTest`2.<>c__DisplayClass4_0.<Test>b__1() in /app/osu.Game/Tests/Beatmaps/BeatmapConversionTest.cs:line 77
   at NUnit.Framework.Assert.Multiple(TestDelegate testDelegate)
   at osu.Game.Tests.Beatmaps.BeatmapConversionTest`2.Test(String name, Type[] mods) in /app/osu.Game/Tests/Beatmaps/BeatmapConversionTest.cs:line 50
   at osu.Game.Rulesets.Catch.Tests.CatchBeatmapConversionTest.Test(String name, Type[] mods) in /app/osu.Game.Rulesets.Catch.Tests/CatchBeatmapConversionTest.cs:line 58
   at InvokeStub_CatchBeatmapConversionTest.Test(Object, Span`1)

150)    at osu.Game.Tests.Beatmaps.BeatmapConversionTest`2.<>c__DisplayClass4_1.<Test>b__2() in /app/osu.Game/Tests/Beatmaps/BeatmapConversionTest.cs:line 98
   at NUnit.Framework.Assert.Multiple(TestDelegate testDelegate)
   at osu.Game.Tests.Beatmaps.BeatmapConversionTest`2.<>c__DisplayClass4_0.<Test>b__1() in /app/osu.Game/Tests/Beatmaps/BeatmapConversionTest.cs:line 77
   at NUnit.Framework.Assert.Multiple(TestDelegate testDelegate)
   at osu.Game.Tests.Beatmaps.BeatmapConversionTest`2.Test(String name, Type[] mods) in /app/osu.Game/Tests/Beatmaps/BeatmapConversionTest.cs:line 50
   at osu.Game.Rulesets.Catch.Tests.CatchBeatmapConversionTest.Test(String name, Type[] mods) in /app/osu.Game.Rulesets.Catch.Tests/CatchBeatmapConversionTest.cs:line 58
   at InvokeStub_CatchBeatmapConversionTest.Test(Object, Span`1)

151)    at osu.Game.Tests.Beatmaps.BeatmapConversionTest`2.<>c__DisplayClass4_1.<Test>b__2() in /app/osu.Game/Tests/Beatmaps/BeatmapConversionTest.cs:line 98
   at NUnit.Framework.Assert.Multiple(TestDelegate testDelegate)
   at osu.Game.Tests.Beatmaps.BeatmapConversionTest`2.<>c__DisplayClass4_0.<Test>b__1() in /app/osu.Game/Tests/Beatmaps/BeatmapConversionTest.cs:line 77
   at NUnit.Framework.Assert.Multiple(TestDelegate testDelegate)
   at osu.Game.Tests.Beatmaps.BeatmapConversionTest`2.Test(String name, Type[] mods) in /app/osu.Game/Tests/Beatmaps/BeatmapConversionTest.cs:line 50
   at osu.Game.Rulesets.Catch.Tests.CatchBeatmapConversionTest.Test(String name, Type[] mods) in /app/osu.Game.Rulesets.Catch.Tests/CatchBeatmapConversionTest.cs:line 58
   at InvokeStub_CatchBeatmapConversionTest.Test(Object, Span`1)

152)    at osu.Game.Tests.Beatmaps.BeatmapConversionTest`2.<>c__DisplayClass4_1.<Test>b__2() in /app/osu.Game/Tests/Beatmaps/BeatmapConversionTest.cs:line 98
   at NUnit.Framework.Assert.Multiple(TestDelegate testDelegate)
   at osu.Game.Tests.Beatmaps.BeatmapConversionTest`2.<>c__DisplayClass4_0.<Test>b__1() in /app/osu.Game/Tests/Beatmaps/BeatmapConversionTest.cs:line 77
   at NUnit.Framework.Assert.Multiple(TestDelegate testDelegate)
   at osu.Game.Tests.Beatmaps.BeatmapConversionTest`2.Test(String name, Type[] mods) in /app/osu.Game/Tests/Beatmaps/BeatmapConversionTest.cs:line 50
   at osu.Game.Rulesets.Catch.Tests.CatchBeatmapConversionTest.Test(String name, Type[] mods) in /app/osu.Game.Rulesets.Catch.Tests/CatchBeatmapConversionTest.cs:line 58
   at InvokeStub_CatchBeatmapConversionTest.Test(Object, Span`1)

153)    at osu.Game.Tests.Beatmaps.BeatmapConversionTest`2.<>c__DisplayClass4_1.<Test>b__2() in /app/osu.Game/Tests/Beatmaps/BeatmapConversionTest.cs:line 98
   at NUnit.Framework.Assert.Multiple(TestDelegate testDelegate)
   at osu.Game.Tests.Beatmaps.BeatmapConversionTest`2.<>c__DisplayClass4_0.<Test>b__1() in /app/osu.Game/Tests/Beatmaps/BeatmapConversionTest.cs:line 77
   at NUnit.Framework.Assert.Multiple(TestDelegate testDelegate)
   at osu.Game.Tests.Beatmaps.BeatmapConversionTest`2.Test(String name, Type[] mods) in /app/osu.Game/Tests/Beatmaps/BeatmapConversionTest.cs:line 50
   at osu.Game.Rulesets.Catch.Tests.CatchBeatmapConversionTest.Test(String name, Type[] mods) in /app/osu.Game.Rulesets.Catch.Tests/CatchBeatmapConversionTest.cs:line 58
   at InvokeStub_CatchBeatmapConversionTest.Test(Object, Span`1)

154)    at osu.Game.Tests.Beatmaps.BeatmapConversionTest`2.<>c__DisplayClass4_1.<Test>b__2() in /app/osu.Game/Tests/Beatmaps/BeatmapConversionTest.cs:line 98
   at NUnit.Framework.Assert.Multiple(TestDelegate testDelegate)
   at osu.Game.Tests.Beatmaps.BeatmapConversionTest`2.<>c__DisplayClass4_0.<Test>b__1() in /app/osu.Game/Tests/Beatmaps/BeatmapConversionTest.cs:line 77
   at NUnit.Framework.Assert.Multiple(TestDelegate testDelegate)
   at osu.Game.Tests.Beatmaps.BeatmapConversionTest`2.Test(String name, Type[] mods) in /app/osu.Game/Tests/Beatmaps/BeatmapConversionTest.cs:line 50
   at osu.Game.Rulesets.Catch.Tests.CatchBeatmapConversionTest.Test(String name, Type[] mods) in /app/osu.Game.Rulesets.Catch.Tests/CatchBeatmapConversionTest.cs:line 58
   at InvokeStub_CatchBeatmapConversionTest.Test(Object, Span`1)

155)    at osu.Game.Tests.Beatmaps.BeatmapConversionTest`2.<>c__DisplayClass4_1.<Test>b__2() in /app/osu.Game/Tests/Beatmaps/BeatmapConversionTest.cs:line 98
   at NUnit.Framework.Assert.Multiple(TestDelegate testDelegate)
   at osu.Game.Tests.Beatmaps.BeatmapConversionTest`2.<>c__DisplayClass4_0.<Test>b__1() in /app/osu.Game/Tests/Beatmaps/BeatmapConversionTest.cs:line 77
   at NUnit.Framework.Assert.Multiple(TestDelegate testDelegate)
   at osu.Game.Tests.Beatmaps.BeatmapConversionTest`2.Test(String name, Type[] mods) in /app/osu.Game/Tests/Beatmaps/BeatmapConversionTest.cs:line 50
   at osu.Game.Rulesets.Catch.Tests.CatchBeatmapConversionTest.Test(String name, Type[] mods) in /app/osu.Game.Rulesets.Catch.Tests/CatchBeatmapConversionTest.cs:line 58
   at InvokeStub_CatchBeatmapConversionTest.Test(Object, Span`1)

156)    at osu.Game.Tests.Beatmaps.BeatmapConversionTest`2.<>c__DisplayClass4_1.<Test>b__2() in /app/osu.Game/Tests/Beatmaps/BeatmapConversionTest.cs:line 98
   at NUnit.Framework.Assert.Multiple(TestDelegate testDelegate)
   at osu.Game.Tests.Beatmaps.BeatmapConversionTest`2.<>c__DisplayClass4_0.<Test>b__1() in /app/osu.Game/Tests/Beatmaps/BeatmapConversionTest.cs:line 77
   at NUnit.Framework.Assert.Multiple(TestDelegate testDelegate)
   at osu.Game.Tests.Beatmaps.BeatmapConversionTest`2.Test(String name, Type[] mods) in /app/osu.Game/Tests/Beatmaps/BeatmapConversionTest.cs:line 50
   at osu.Game.Rulesets.Catch.Tests.CatchBeatmapConversionTest.Test(String name, Type[] mods) in /app/osu.Game.Rulesets.Catch.Tests/CatchBeatmapConversionTest.cs:line 58
   at InvokeStub_CatchBeatmapConversionTest.Test(Object, Span`1)

157)    at osu.Game.Tests.Beatmaps.BeatmapConversionTest`2.<>c__DisplayClass4_1.<Test>b__2() in /app/osu.Game/Tests/Beatmaps/BeatmapConversionTest.cs:line 98
   at NUnit.Framework.Assert.Multiple(TestDelegate testDelegate)
   at osu.Game.Tests.Beatmaps.BeatmapConversionTest`2.<>c__DisplayClass4_0.<Test>b__1() in /app/osu.Game/Tests/Beatmaps/BeatmapConversionTest.cs:line 77
   at NUnit.Framework.Assert.Multiple(TestDelegate testDelegate)
   at osu.Game.Tests.Beatmaps.BeatmapConversionTest`2.Test(String name, Type[] mods) in /app/osu.Game/Tests/Beatmaps/BeatmapConversionTest.cs:line 50
   at osu.Game.Rulesets.Catch.Tests.CatchBeatmapConversionTest.Test(String name, Type[] mods) in /app/osu.Game.Rulesets.Catch.Tests/CatchBeatmapConversionTest.cs:line 58
   at InvokeStub_CatchBeatmapConversionTest.Test(Object, Span`1)

158)    at osu.Game.Tests.Beatmaps.BeatmapConversionTest`2.<>c__DisplayClass4_1.<Test>b__2() in /app/osu.Game/Tests/Beatmaps/BeatmapConversionTest.cs:line 98
   at NUnit.Framework.Assert.Multiple(TestDelegate testDelegate)
   at osu.Game.Tests.Beatmaps.BeatmapConversionTest`2.<>c__DisplayClass4_0.<Test>b__1() in /app/osu.Game/Tests/Beatmaps/BeatmapConversionTest.cs:line 77
   at NUnit.Framework.Assert.Multiple(TestDelegate testDelegate)
   at osu.Game.Tests.Beatmaps.BeatmapConversionTest`2.Test(String name, Type[] mods) in /app/osu.Game/Tests/Beatmaps/BeatmapConversionTest.cs:line 50
   at osu.Game.Rulesets.Catch.Tests.CatchBeatmapConversionTest.Test(String name, Type[] mods) in /app/osu.Game.Rulesets.Catch.Tests/CatchBeatmapConversionTest.cs:line 58
   at InvokeStub_CatchBeatmapConversionTest.Test(Object, Span`1)

159)    at osu.Game.Tests.Beatmaps.BeatmapConversionTest`2.<>c__DisplayClass4_1.<Test>b__2() in /app/osu.Game/Tests/Beatmaps/BeatmapConversionTest.cs:line 98
   at NUnit.Framework.Assert.Multiple(TestDelegate testDelegate)
   at osu.Game.Tests.Beatmaps.BeatmapConversionTest`2.<>c__DisplayClass4_0.<Test>b__1() in /app/osu.Game/Tests/Beatmaps/BeatmapConversionTest.cs:line 77
   at NUnit.Framework.Assert.Multiple(TestDelegate testDelegate)
   at osu.Game.Tests.Beatmaps.BeatmapConversionTest`2.Test(String name, Type[] mods) in /app/osu.Game/Tests/Beatmaps/BeatmapConversionTest.cs:line 50
   at osu.Game.Rulesets.Catch.Tests.CatchBeatmapConversionTest.Test(String name, Type[] mods) in /app/osu.Game.Rulesets.Catch.Tests/CatchBeatmapConversionTest.cs:line 58
   at InvokeStub_CatchBeatmapConversionTest.Test(Object, Span`1)

160)    at osu.Game.Tests.Beatmaps.BeatmapConversionTest`2.<>c__DisplayClass4_1.<Test>b__2() in /app/osu.Game/Tests/Beatmaps/BeatmapConversionTest.cs:line 98
   at NUnit.Framework.Assert.Multiple(TestDelegate testDelegate)
   at osu.Game.Tests.Beatmaps.BeatmapConversionTest`2.<>c__DisplayClass4_0.<Test>b__1() in /app/osu.Game/Tests/Beatmaps/BeatmapConversionTest.cs:line 77
   at NUnit.Framework.Assert.Multiple(TestDelegate testDelegate)
   at osu.Game.Tests.Beatmaps.BeatmapConversionTest`2.Test(String name, Type[] mods) in /app/osu.Game/Tests/Beatmaps/BeatmapConversionTest.cs:line 50
   at osu.Game.Rulesets.Catch.Tests.CatchBeatmapConversionTest.Test(String name, Type[] mods) in /app/osu.Game.Rulesets.Catch.Tests/CatchBeatmapConversionTest.cs:line 58
   at InvokeStub_CatchBeatmapConversionTest.Test(Object, Span`1)

161)    at osu.Game.Tests.Beatmaps.BeatmapConversionTest`2.<>c__DisplayClass4_1.<Test>b__2() in /app/osu.Game/Tests/Beatmaps/BeatmapConversionTest.cs:line 98
   at NUnit.Framework.Assert.Multiple(TestDelegate testDelegate)
   at osu.Game.Tests.Beatmaps.BeatmapConversionTest`2.<>c__DisplayClass4_0.<Test>b__1() in /app/osu.Game/Tests/Beatmaps/BeatmapConversionTest.cs:line 77
   at NUnit.Framework.Assert.Multiple(TestDelegate testDelegate)
   at osu.Game.Tests.Beatmaps.BeatmapConversionTest`2.Test(String name, Type[] mods) in /app/osu.Game/Tests/Beatmaps/BeatmapConversionTest.cs:line 50
   at osu.Game.Rulesets.Catch.Tests.CatchBeatmapConversionTest.Test(String name, Type[] mods) in /app/osu.Game.Rulesets.Catch.Tests/CatchBeatmapConversionTest.cs:line 58
   at InvokeStub_CatchBeatmapConversionTest.Test(Object, Span`1)

162)    at osu.Game.Tests.Beatmaps.BeatmapConversionTest`2.<>c__DisplayClass4_1.<Test>b__2() in /app/osu.Game/Tests/Beatmaps/BeatmapConversionTest.cs:line 98
   at NUnit.Framework.Assert.Multiple(TestDelegate testDelegate)
   at osu.Game.Tests.Beatmaps.BeatmapConversionTest`2.<>c__DisplayClass4_0.<Test>b__1() in /app/osu.Game/Tests/Beatmaps/BeatmapConversionTest.cs:line 77
   at NUnit.Framework.Assert.Multiple(TestDelegate testDelegate)
   at osu.Game.Tests.Beatmaps.BeatmapConversionTest`2.Test(String name, Type[] mods) in /app/osu.Game/Tests/Beatmaps/BeatmapConversionTest.cs:line 50
   at osu.Game.Rulesets.Catch.Tests.CatchBeatmapConversionTest.Test(String name, Type[] mods) in /app/osu.Game.Rulesets.Catch.Tests/CatchBeatmapConversionTest.cs:line 58
   at InvokeStub_CatchBeatmapConversionTest.Test(Object, Span`1)

163)    at osu.Game.Tests.Beatmaps.BeatmapConversionTest`2.<>c__DisplayClass4_1.<Test>b__2() in /app/osu.Game/Tests/Beatmaps/BeatmapConversionTest.cs:line 98
   at NUnit.Framework.Assert.Multiple(TestDelegate testDelegate)
   at osu.Game.Tests.Beatmaps.BeatmapConversionTest`2.<>c__DisplayClass4_0.<Test>b__1() in /app/osu.Game/Tests/Beatmaps/BeatmapConversionTest.cs:line 77
   at NUnit.Framework.Assert.Multiple(TestDelegate testDelegate)
   at osu.Game.Tests.Beatmaps.BeatmapConversionTest`2.Test(String name, Type[] mods) in /app/osu.Game/Tests/Beatmaps/BeatmapConversionTest.cs:line 50
   at osu.Game.Rulesets.Catch.Tests.CatchBeatmapConversionTest.Test(String name, Type[] mods) in /app/osu.Game.Rulesets.Catch.Tests/CatchBeatmapConversionTest.cs:line 58
   at InvokeStub_CatchBeatmapConversionTest.Test(Object, Span`1)

164)    at osu.Game.Tests.Beatmaps.BeatmapConversionTest`2.<>c__DisplayClass4_1.<Test>b__2() in /app/osu.Game/Tests/Beatmaps/BeatmapConversionTest.cs:line 98
   at NUnit.Framework.Assert.Multiple(TestDelegate testDelegate)
   at osu.Game.Tests.Beatmaps.BeatmapConversionTest`2.<>c__DisplayClass4_0.<Test>b__1() in /app/osu.Game/Tests/Beatmaps/BeatmapConversionTest.cs:line 77
   at NUnit.Framework.Assert.Multiple(TestDelegate testDelegate)
   at osu.Game.Tests.Beatmaps.BeatmapConversionTest`2.Test(String name, Type[] mods) in /app/osu.Game/Tests/Beatmaps/BeatmapConversionTest.cs:line 50
   at osu.Game.Rulesets.Catch.Tests.CatchBeatmapConversionTest.Test(String name, Type[] mods) in /app/osu.Game.Rulesets.Catch.Tests/CatchBeatmapConversionTest.cs:line 58
   at InvokeStub_CatchBeatmapConversionTest.Test(Object, Span`1)

165)    at osu.Game.Tests.Beatmaps.BeatmapConversionTest`2.<>c__DisplayClass4_1.<Test>b__2() in /app/osu.Game/Tests/Beatmaps/BeatmapConversionTest.cs:line 98
   at NUnit.Framework.Assert.Multiple(TestDelegate testDelegate)
   at osu.Game.Tests.Beatmaps.BeatmapConversionTest`2.<>c__DisplayClass4_0.<Test>b__1() in /app/osu.Game/Tests/Beatmaps/BeatmapConversionTest.cs:line 77
   at NUnit.Framework.Assert.Multiple(TestDelegate testDelegate)
   at osu.Game.Tests.Beatmaps.BeatmapConversionTest`2.Test(String name, Type[] mods) in /app/osu.Game/Tests/Beatmaps/BeatmapConversionTest.cs:line 50
   at osu.Game.Rulesets.Catch.Tests.CatchBeatmapConversionTest.Test(String name, Type[] mods) in /app/osu.Game.Rulesets.Catch.Tests/CatchBeatmapConversionTest.cs:line 58
   at InvokeStub_CatchBeatmapConversionTest.Test(Object, Span`1)

166)    at osu.Game.Tests.Beatmaps.BeatmapConversionTest`2.<>c__DisplayClass4_1.<Test>b__2() in /app/osu.Game/Tests/Beatmaps/BeatmapConversionTest.cs:line 98
   at NUnit.Framework.Assert.Multiple(TestDelegate testDelegate)
   at osu.Game.Tests.Beatmaps.BeatmapConversionTest`2.<>c__DisplayClass4_0.<Test>b__1() in /app/osu.Game/Tests/Beatmaps/BeatmapConversionTest.cs:line 77
   at NUnit.Framework.Assert.Multiple(TestDelegate testDelegate)
   at osu.Game.Tests.Beatmaps.BeatmapConversionTest`2.Test(String name, Type[] mods) in /app/osu.Game/Tests/Beatmaps/BeatmapConversionTest.cs:line 50
   at osu.Game.Rulesets.Catch.Tests.CatchBeatmapConversionTest.Test(String name, Type[] mods) in /app/osu.Game.Rulesets.Catch.Tests/CatchBeatmapConversionTest.cs:line 58
   at InvokeStub_CatchBeatmapConversionTest.Test(Object, Span`1)

167)    at osu.Game.Tests.Beatmaps.BeatmapConversionTest`2.<>c__DisplayClass4_1.<Test>b__2() in /app/osu.Game/Tests/Beatmaps/BeatmapConversionTest.cs:line 98
   at NUnit.Framework.Assert.Multiple(TestDelegate testDelegate)
   at osu.Game.Tests.Beatmaps.BeatmapConversionTest`2.<>c__DisplayClass4_0.<Test>b__1() in /app/osu.Game/Tests/Beatmaps/BeatmapConversionTest.cs:line 77
   at NUnit.Framework.Assert.Multiple(TestDelegate testDelegate)
   at osu.Game.Tests.Beatmaps.BeatmapConversionTest`2.Test(String name, Type[] mods) in /app/osu.Game/Tests/Beatmaps/BeatmapConversionTest.cs:line 50
   at osu.Game.Rulesets.Catch.Tests.CatchBeatmapConversionTest.Test(String name, Type[] mods) in /app/osu.Game.Rulesets.Catch.Tests/CatchBeatmapConversionTest.cs:line 58
   at InvokeStub_CatchBeatmapConversionTest.Test(Object, Span`1)

168)    at osu.Game.Tests.Beatmaps.BeatmapConversionTest`2.<>c__DisplayClass4_1.<Test>b__2() in /app/osu.Game/Tests/Beatmaps/BeatmapConversionTest.cs:line 98
   at NUnit.Framework.Assert.Multiple(TestDelegate testDelegate)
   at osu.Game.Tests.Beatmaps.BeatmapConversionTest`2.<>c__DisplayClass4_0.<Test>b__1() in /app/osu.Game/Tests/Beatmaps/BeatmapConversionTest.cs:line 77
   at NUnit.Framework.Assert.Multiple(TestDelegate testDelegate)
   at osu.Game.Tests.Beatmaps.BeatmapConversionTest`2.Test(String name, Type[] mods) in /app/osu.Game/Tests/Beatmaps/BeatmapConversionTest.cs:line 50
   at osu.Game.Rulesets.Catch.Tests.CatchBeatmapConversionTest.Test(String name, Type[] mods) in /app/osu.Game.Rulesets.Catch.Tests/CatchBeatmapConversionTest.cs:line 58
   at InvokeStub_CatchBeatmapConversionTest.Test(Object, Span`1)

169)    at osu.Game.Tests.Beatmaps.BeatmapConversionTest`2.<>c__DisplayClass4_1.<Test>b__2() in /app/osu.Game/Tests/Beatmaps/BeatmapConversionTest.cs:line 98
   at NUnit.Framework.Assert.Multiple(TestDelegate testDelegate)
   at osu.Game.Tests.Beatmaps.BeatmapConversionTest`2.<>c__DisplayClass4_0.<Test>b__1() in /app/osu.Game/Tests/Beatmaps/BeatmapConversionTest.cs:line 77
   at NUnit.Framework.Assert.Multiple(TestDelegate testDelegate)
   at osu.Game.Tests.Beatmaps.BeatmapConversionTest`2.Test(String name, Type[] mods) in /app/osu.Game/Tests/Beatmaps/BeatmapConversionTest.cs:line 50
   at osu.Game.Rulesets.Catch.Tests.CatchBeatmapConversionTest.Test(String name, Type[] mods) in /app/osu.Game.Rulesets.Catch.Tests/CatchBeatmapConversionTest.cs:line 58
   at InvokeStub_CatchBeatmapConversionTest.Test(Object, Span`1)

170)    at osu.Game.Tests.Beatmaps.BeatmapConversionTest`2.<>c__DisplayClass4_1.<Test>b__2() in /app/osu.Game/Tests/Beatmaps/BeatmapConversionTest.cs:line 98
   at NUnit.Framework.Assert.Multiple(TestDelegate testDelegate)
   at osu.Game.Tests.Beatmaps.BeatmapConversionTest`2.<>c__DisplayClass4_0.<Test>b__1() in /app/osu.Game/Tests/Beatmaps/BeatmapConversionTest.cs:line 77
   at NUnit.Framework.Assert.Multiple(TestDelegate testDelegate)
   at osu.Game.Tests.Beatmaps.BeatmapConversionTest`2.Test(String name, Type[] mods) in /app/osu.Game/Tests/Beatmaps/BeatmapConversionTest.cs:line 50
   at osu.Game.Rulesets.Catch.Tests.CatchBeatmapConversionTest.Test(String name, Type[] mods) in /app/osu.Game.Rulesets.Catch.Tests/CatchBeatmapConversionTest.cs:line 58
   at InvokeStub_CatchBeatmapConversionTest.Test(Object, Span`1)

171)    at osu.Game.Tests.Beatmaps.BeatmapConversionTest`2.<>c__DisplayClass4_1.<Test>b__2() in /app/osu.Game/Tests/Beatmaps/BeatmapConversionTest.cs:line 98
   at NUnit.Framework.Assert.Multiple(TestDelegate testDelegate)
   at osu.Game.Tests.Beatmaps.BeatmapConversionTest`2.<>c__DisplayClass4_0.<Test>b__1() in /app/osu.Game/Tests/Beatmaps/BeatmapConversionTest.cs:line 77
   at NUnit.Framework.Assert.Multiple(TestDelegate testDelegate)
   at osu.Game.Tests.Beatmaps.BeatmapConversionTest`2.Test(String name, Type[] mods) in /app/osu.Game/Tests/Beatmaps/BeatmapConversionTest.cs:line 50
   at osu.Game.Rulesets.Catch.Tests.CatchBeatmapConversionTest.Test(String name, Type[] mods) in /app/osu.Game.Rulesets.Catch.Tests/CatchBeatmapConversionTest.cs:line 58
   at InvokeStub_CatchBeatmapConversionTest.Test(Object, Span`1)

172)    at osu.Game.Tests.Beatmaps.BeatmapConversionTest`2.<>c__DisplayClass4_1.<Test>b__2() in /app/osu.Game/Tests/Beatmaps/BeatmapConversionTest.cs:line 98
   at NUnit.Framework.Assert.Multiple(TestDelegate testDelegate)
   at osu.Game.Tests.Beatmaps.BeatmapConversionTest`2.<>c__DisplayClass4_0.<Test>b__1() in /app/osu.Game/Tests/Beatmaps/BeatmapConversionTest.cs:line 77
   at NUnit.Framework.Assert.Multiple(TestDelegate testDelegate)
   at osu.Game.Tests.Beatmaps.BeatmapConversionTest`2.Test(String name, Type[] mods) in /app/osu.Game/Tests/Beatmaps/BeatmapConversionTest.cs:line 50
   at osu.Game.Rulesets.Catch.Tests.CatchBeatmapConversionTest.Test(String name, Type[] mods) in /app/osu.Game.Rulesets.Catch.Tests/CatchBeatmapConversionTest.cs:line 58
   at InvokeStub_CatchBeatmapConversionTest.Test(Object, Span`1)

173)    at osu.Game.Tests.Beatmaps.BeatmapConversionTest`2.<>c__DisplayClass4_1.<Test>b__2() in /app/osu.Game/Tests/Beatmaps/BeatmapConversionTest.cs:line 98
   at NUnit.Framework.Assert.Multiple(TestDelegate testDelegate)
   at osu.Game.Tests.Beatmaps.BeatmapConversionTest`2.<>c__DisplayClass4_0.<Test>b__1() in /app/osu.Game/Tests/Beatmaps/BeatmapConversionTest.cs:line 77
   at NUnit.Framework.Assert.Multiple(TestDelegate testDelegate)
   at osu.Game.Tests.Beatmaps.BeatmapConversionTest`2.Test(String name, Type[] mods) in /app/osu.Game/Tests/Beatmaps/BeatmapConversionTest.cs:line 50
   at osu.Game.Rulesets.Catch.Tests.CatchBeatmapConversionTest.Test(String name, Type[] mods) in /app/osu.Game.Rulesets.Catch.Tests/CatchBeatmapConversionTest.cs:line 58
   at InvokeStub_CatchBeatmapConversionTest.Test(Object, Span`1)

174)    at osu.Game.Tests.Beatmaps.BeatmapConversionTest`2.<>c__DisplayClass4_1.<Test>b__2() in /app/osu.Game/Tests/Beatmaps/BeatmapConversionTest.cs:line 98
   at NUnit.Framework.Assert.Multiple(TestDelegate testDelegate)
   at osu.Game.Tests.Beatmaps.BeatmapConversionTest`2.<>c__DisplayClass4_0.<Test>b__1() in /app/osu.Game/Tests/Beatmaps/BeatmapConversionTest.cs:line 77
   at NUnit.Framework.Assert.Multiple(TestDelegate testDelegate)
   at osu.Game.Tests.Beatmaps.BeatmapConversionTest`2.Test(String name, Type[] mods) in /app/osu.Game/Tests/Beatmaps/BeatmapConversionTest.cs:line 50
   at osu.Game.Rulesets.Catch.Tests.CatchBeatmapConversionTest.Test(String name, Type[] mods) in /app/osu.Game.Rulesets.Catch.Tests/CatchBeatmapConversionTest.cs:line 58
   at InvokeStub_CatchBeatmapConversionTest.Test(Object, Span`1)

175)    at osu.Game.Tests.Beatmaps.BeatmapConversionTest`2.<>c__DisplayClass4_1.<Test>b__2() in /app/osu.Game/Tests/Beatmaps/BeatmapConversionTest.cs:line 98
   at NUnit.Framework.Assert.Multiple(TestDelegate testDelegate)
   at osu.Game.Tests.Beatmaps.BeatmapConversionTest`2.<>c__DisplayClass4_0.<Test>b__1() in /app/osu.Game/Tests/Beatmaps/BeatmapConversionTest.cs:line 77
   at NUnit.Framework.Assert.Multiple(TestDelegate testDelegate)
   at osu.Game.Tests.Beatmaps.BeatmapConversionTest`2.Test(String name, Type[] mods) in /app/osu.Game/Tests/Beatmaps/BeatmapConversionTest.cs:line 50
   at osu.Game.Rulesets.Catch.Tests.CatchBeatmapConversionTest.Test(String name, Type[] mods) in /app/osu.Game.Rulesets.Catch.Tests/CatchBeatmapConversionTest.cs:line 58
   at InvokeStub_CatchBeatmapConversionTest.Test(Object, Span`1)

176)    at osu.Game.Tests.Beatmaps.BeatmapConversionTest`2.<>c__DisplayClass4_1.<Test>b__2() in /app/osu.Game/Tests/Beatmaps/BeatmapConversionTest.cs:line 98
   at NUnit.Framework.Assert.Multiple(TestDelegate testDelegate)
   at osu.Game.Tests.Beatmaps.BeatmapConversionTest`2.<>c__DisplayClass4_0.<Test>b__1() in /app/osu.Game/Tests/Beatmaps/BeatmapConversionTest.cs:line 77
   at NUnit.Framework.Assert.Multiple(TestDelegate testDelegate)
   at osu.Game.Tests.Beatmaps.BeatmapConversionTest`2.Test(String name, Type[] mods) in /app/osu.Game/Tests/Beatmaps/BeatmapConversionTest.cs:line 50
   at osu.Game.Rulesets.Catch.Tests.CatchBeatmapConversionTest.Test(String name, Type[] mods) in /app/osu.Game.Rulesets.Catch.Tests/CatchBeatmapConversionTest.cs:line 58
   at InvokeStub_CatchBeatmapConversionTest.Test(Object, Span`1)

177)    at osu.Game.Tests.Beatmaps.BeatmapConversionTest`2.<>c__DisplayClass4_1.<Test>b__2() in /app/osu.Game/Tests/Beatmaps/BeatmapConversionTest.cs:line 98
   at NUnit.Framework.Assert.Multiple(TestDelegate testDelegate)
   at osu.Game.Tests.Beatmaps.BeatmapConversionTest`2.<>c__DisplayClass4_0.<Test>b__1() in /app/osu.Game/Tests/Beatmaps/BeatmapConversionTest.cs:line 77
   at NUnit.Framework.Assert.Multiple(TestDelegate testDelegate)
   at osu.Game.Tests.Beatmaps.BeatmapConversionTest`2.Test(String name, Type[] mods) in /app/osu.Game/Tests/Beatmaps/BeatmapConversionTest.cs:line 50
   at osu.Game.Rulesets.Catch.Tests.CatchBeatmapConversionTest.Test(String name, Type[] mods) in /app/osu.Game.Rulesets.Catch.Tests/CatchBeatmapConversionTest.cs:line 58
   at InvokeStub_CatchBeatmapConversionTest.Test(Object, Span`1)

178)    at osu.Game.Tests.Beatmaps.BeatmapConversionTest`2.<>c__DisplayClass4_1.<Test>b__2() in /app/osu.Game/Tests/Beatmaps/BeatmapConversionTest.cs:line 98
   at NUnit.Framework.Assert.Multiple(TestDelegate testDelegate)
   at osu.Game.Tests.Beatmaps.BeatmapConversionTest`2.<>c__DisplayClass4_0.<Test>b__1() in /app/osu.Game/Tests/Beatmaps/BeatmapConversionTest.cs:line 77
   at NUnit.Framework.Assert.Multiple(TestDelegate testDelegate)
   at osu.Game.Tests.Beatmaps.BeatmapConversionTest`2.Test(String name, Type[] mods) in /app/osu.Game/Tests/Beatmaps/BeatmapConversionTest.cs:line 50
   at osu.Game.Rulesets.Catch.Tests.CatchBeatmapConversionTest.Test(String name, Type[] mods) in /app/osu.Game.Rulesets.Catch.Tests/CatchBeatmapConversionTest.cs:line 58
   at InvokeStub_CatchBeatmapConversionTest.Test(Object, Span`1)

179)    at osu.Game.Tests.Beatmaps.BeatmapConversionTest`2.<>c__DisplayClass4_1.<Test>b__2() in /app/osu.Game/Tests/Beatmaps/BeatmapConversionTest.cs:line 98
   at NUnit.Framework.Assert.Multiple(TestDelegate testDelegate)
   at osu.Game.Tests.Beatmaps.BeatmapConversionTest`2.<>c__DisplayClass4_0.<Test>b__1() in /app/osu.Game/Tests/Beatmaps/BeatmapConversionTest.cs:line 77
   at NUnit.Framework.Assert.Multiple(TestDelegate testDelegate)
   at osu.Game.Tests.Beatmaps.BeatmapConversionTest`2.Test(String name, Type[] mods) in /app/osu.Game/Tests/Beatmaps/BeatmapConversionTest.cs:line 50
   at osu.Game.Rulesets.Catch.Tests.CatchBeatmapConversionTest.Test(String name, Type[] mods) in /app/osu.Game.Rulesets.Catch.Tests/CatchBeatmapConversionTest.cs:line 58
   at InvokeStub_CatchBeatmapConversionTest.Test(Object, Span`1)

180)    at osu.Game.Tests.Beatmaps.BeatmapConversionTest`2.<>c__DisplayClass4_1.<Test>b__2() in /app/osu.Game/Tests/Beatmaps/BeatmapConversionTest.cs:line 98
   at NUnit.Framework.Assert.Multiple(TestDelegate testDelegate)
   at osu.Game.Tests.Beatmaps.BeatmapConversionTest`2.<>c__DisplayClass4_0.<Test>b__1() in /app/osu.Game/Tests/Beatmaps/BeatmapConversionTest.cs:line 77
   at NUnit.Framework.Assert.Multiple(TestDelegate testDelegate)
   at osu.Game.Tests.Beatmaps.BeatmapConversionTest`2.Test(String name, Type[] mods) in /app/osu.Game/Tests/Beatmaps/BeatmapConversionTest.cs:line 50
   at osu.Game.Rulesets.Catch.Tests.CatchBeatmapConversionTest.Test(String name, Type[] mods) in /app/osu.Game.Rulesets.Catch.Tests/CatchBeatmapConversionTest.cs:line 58
   at InvokeStub_CatchBeatmapConversionTest.Test(Object, Span`1)

181)    at osu.Game.Tests.Beatmaps.BeatmapConversionTest`2.<>c__DisplayClass4_1.<Test>b__2() in /app/osu.Game/Tests/Beatmaps/BeatmapConversionTest.cs:line 98
   at NUnit.Framework.Assert.Multiple(TestDelegate testDelegate)
   at osu.Game.Tests.Beatmaps.BeatmapConversionTest`2.<>c__DisplayClass4_0.<Test>b__1() in /app/osu.Game/Tests/Beatmaps/BeatmapConversionTest.cs:line 77
   at NUnit.Framework.Assert.Multiple(TestDelegate testDelegate)
   at osu.Game.Tests.Beatmaps.BeatmapConversionTest`2.Test(String name, Type[] mods) in /app/osu.Game/Tests/Beatmaps/BeatmapConversionTest.cs:line 50
   at osu.Game.Rulesets.Catch.Tests.CatchBeatmapConversionTest.Test(String name, Type[] mods) in /app/osu.Game.Rulesets.Catch.Tests/CatchBeatmapConversionTest.cs:line 58
   at InvokeStub_CatchBeatmapConversionTest.Test(Object, Span`1)

182)    at osu.Game.Tests.Beatmaps.BeatmapConversionTest`2.<>c__DisplayClass4_1.<Test>b__2() in /app/osu.Game/Tests/Beatmaps/BeatmapConversionTest.cs:line 98
   at NUnit.Framework.Assert.Multiple(TestDelegate testDelegate)
   at osu.Game.Tests.Beatmaps.BeatmapConversionTest`2.<>c__DisplayClass4_0.<Test>b__1() in /app/osu.Game/Tests/Beatmaps/BeatmapConversionTest.cs:line 77
   at NUnit.Framework.Assert.Multiple(TestDelegate testDelegate)
   at osu.Game.Tests.Beatmaps.BeatmapConversionTest`2.Test(String name, Type[] mods) in /app/osu.Game/Tests/Beatmaps/BeatmapConversionTest.cs:line 50
   at osu.Game.Rulesets.Catch.Tests.CatchBeatmapConversionTest.Test(String name, Type[] mods) in /app/osu.Game.Rulesets.Catch.Tests/CatchBeatmapConversionTest.cs:line 58
   at InvokeStub_CatchBeatmapConversionTest.Test(Object, Span`1)

183)    at osu.Game.Tests.Beatmaps.BeatmapConversionTest`2.<>c__DisplayClass4_1.<Test>b__2() in /app/osu.Game/Tests/Beatmaps/BeatmapConversionTest.cs:line 98
   at NUnit.Framework.Assert.Multiple(TestDelegate testDelegate)
   at osu.Game.Tests.Beatmaps.BeatmapConversionTest`2.<>c__DisplayClass4_0.<Test>b__1() in /app/osu.Game/Tests/Beatmaps/BeatmapConversionTest.cs:line 77
   at NUnit.Framework.Assert.Multiple(TestDelegate testDelegate)
   at osu.Game.Tests.Beatmaps.BeatmapConversionTest`2.Test(String name, Type[] mods) in /app/osu.Game/Tests/Beatmaps/BeatmapConversionTest.cs:line 50
   at osu.Game.Rulesets.Catch.Tests.CatchBeatmapConversionTest.Test(String name, Type[] mods) in /app/osu.Game.Rulesets.Catch.Tests/CatchBeatmapConversionTest.cs:line 58
   at InvokeStub_CatchBeatmapConversionTest.Test(Object, Span`1)

184)    at osu.Game.Tests.Beatmaps.BeatmapConversionTest`2.<>c__DisplayClass4_1.<Test>b__2() in /app/osu.Game/Tests/Beatmaps/BeatmapConversionTest.cs:line 98
   at NUnit.Framework.Assert.Multiple(TestDelegate testDelegate)
   at osu.Game.Tests.Beatmaps.BeatmapConversionTest`2.<>c__DisplayClass4_0.<Test>b__1() in /app/osu.Game/Tests/Beatmaps/BeatmapConversionTest.cs:line 77
   at NUnit.Framework.Assert.Multiple(TestDelegate testDelegate)
   at osu.Game.Tests.Beatmaps.BeatmapConversionTest`2.Test(String name, Type[] mods) in /app/osu.Game/Tests/Beatmaps/BeatmapConversionTest.cs:line 50
   at osu.Game.Rulesets.Catch.Tests.CatchBeatmapConversionTest.Test(String name, Type[] mods) in /app/osu.Game.Rulesets.Catch.Tests/CatchBeatmapConversionTest.cs:line 58
   at InvokeStub_CatchBeatmapConversionTest.Test(Object, Span`1)

185)    at osu.Game.Tests.Beatmaps.BeatmapConversionTest`2.<>c__DisplayClass4_1.<Test>b__2() in /app/osu.Game/Tests/Beatmaps/BeatmapConversionTest.cs:line 98
   at NUnit.Framework.Assert.Multiple(TestDelegate testDelegate)
   at osu.Game.Tests.Beatmaps.BeatmapConversionTest`2.<>c__DisplayClass4_0.<Test>b__1() in /app/osu.Game/Tests/Beatmaps/BeatmapConversionTest.cs:line 77
   at NUnit.Framework.Assert.Multiple(TestDelegate testDelegate)
   at osu.Game.Tests.Beatmaps.BeatmapConversionTest`2.Test(String name, Type[] mods) in /app/osu.Game/Tests/Beatmaps/BeatmapConversionTest.cs:line 50
   at osu.Game.Rulesets.Catch.Tests.CatchBeatmapConversionTest.Test(String name, Type[] mods) in /app/osu.Game.Rulesets.Catch.Tests/CatchBeatmapConversionTest.cs:line 58
   at InvokeStub_CatchBeatmapConversionTest.Test(Object, Span`1)

186)    at osu.Game.Tests.Beatmaps.BeatmapConversionTest`2.<>c__DisplayClass4_1.<Test>b__2() in /app/osu.Game/Tests/Beatmaps/BeatmapConversionTest.cs:line 98
   at NUnit.Framework.Assert.Multiple(TestDelegate testDelegate)
   at osu.Game.Tests.Beatmaps.BeatmapConversionTest`2.<>c__DisplayClass4_0.<Test>b__1() in /app/osu.Game/Tests/Beatmaps/BeatmapConversionTest.cs:line 77
   at NUnit.Framework.Assert.Multiple(TestDelegate testDelegate)
   at osu.Game.Tests.Beatmaps.BeatmapConversionTest`2.Test(String name, Type[] mods) in /app/osu.Game/Tests/Beatmaps/BeatmapConversionTest.cs:line 50
   at osu.Game.Rulesets.Catch.Tests.CatchBeatmapConversionTest.Test(String name, Type[] mods) in /app/osu.Game.Rulesets.Catch.Tests/CatchBeatmapConversionTest.cs:line 58
   at InvokeStub_CatchBeatmapConversionTest.Test(Object, Span`1)

187)    at osu.Game.Tests.Beatmaps.BeatmapConversionTest`2.<>c__DisplayClass4_1.<Test>b__2() in /app/osu.Game/Tests/Beatmaps/BeatmapConversionTest.cs:line 98
   at NUnit.Framework.Assert.Multiple(TestDelegate testDelegate)
   at osu.Game.Tests.Beatmaps.BeatmapConversionTest`2.<>c__DisplayClass4_0.<Test>b__1() in /app/osu.Game/Tests/Beatmaps/BeatmapConversionTest.cs:line 77
   at NUnit.Framework.Assert.Multiple(TestDelegate testDelegate)
   at osu.Game.Tests.Beatmaps.BeatmapConversionTest`2.Test(String name, Type[] mods) in /app/osu.Game/Tests/Beatmaps/BeatmapConversionTest.cs:line 50
   at osu.Game.Rulesets.Catch.Tests.CatchBeatmapConversionTest.Test(String name, Type[] mods) in /app/osu.Game.Rulesets.Catch.Tests/CatchBeatmapConversionTest.cs:line 58
   at InvokeStub_CatchBeatmapConversionTest.Test(Object, Span`1)

188)    at osu.Game.Tests.Beatmaps.BeatmapConversionTest`2.<>c__DisplayClass4_1.<Test>b__2() in /app/osu.Game/Tests/Beatmaps/BeatmapConversionTest.cs:line 98
   at NUnit.Framework.Assert.Multiple(TestDelegate testDelegate)
   at osu.Game.Tests.Beatmaps.BeatmapConversionTest`2.<>c__DisplayClass4_0.<Test>b__1() in /app/osu.Game/Tests/Beatmaps/BeatmapConversionTest.cs:line 77
   at NUnit.Framework.Assert.Multiple(TestDelegate testDelegate)
   at osu.Game.Tests.Beatmaps.BeatmapConversionTest`2.Test(String name, Type[] mods) in /app/osu.Game/Tests/Beatmaps/BeatmapConversionTest.cs:line 50
   at osu.Game.Rulesets.Catch.Tests.CatchBeatmapConversionTest.Test(String name, Type[] mods) in /app/osu.Game.Rulesets.Catch.Tests/CatchBeatmapConversionTest.cs:line 58
   at InvokeStub_CatchBeatmapConversionTest.Test(Object, Span`1)

189)    at osu.Game.Tests.Beatmaps.BeatmapConversionTest`2.<>c__DisplayClass4_1.<Test>b__2() in /app/osu.Game/Tests/Beatmaps/BeatmapConversionTest.cs:line 98
   at NUnit.Framework.Assert.Multiple(TestDelegate testDelegate)
   at osu.Game.Tests.Beatmaps.BeatmapConversionTest`2.<>c__DisplayClass4_0.<Test>b__1() in /app/osu.Game/Tests/Beatmaps/BeatmapConversionTest.cs:line 77
   at NUnit.Framework.Assert.Multiple(TestDelegate testDelegate)
   at osu.Game.Tests.Beatmaps.BeatmapConversionTest`2.Test(String name, Type[] mods) in /app/osu.Game/Tests/Beatmaps/BeatmapConversionTest.cs:line 50
   at osu.Game.Rulesets.Catch.Tests.CatchBeatmapConversionTest.Test(String name, Type[] mods) in /app/osu.Game.Rulesets.Catch.Tests/CatchBeatmapConversionTest.cs:line 58
   at InvokeStub_CatchBeatmapConversionTest.Test(Object, Span`1)

190)    at osu.Game.Tests.Beatmaps.BeatmapConversionTest`2.<>c__DisplayClass4_1.<Test>b__2() in /app/osu.Game/Tests/Beatmaps/BeatmapConversionTest.cs:line 98
   at NUnit.Framework.Assert.Multiple(TestDelegate testDelegate)
   at osu.Game.Tests.Beatmaps.BeatmapConversionTest`2.<>c__DisplayClass4_0.<Test>b__1() in /app/osu.Game/Tests/Beatmaps/BeatmapConversionTest.cs:line 77
   at NUnit.Framework.Assert.Multiple(TestDelegate testDelegate)
   at osu.Game.Tests.Beatmaps.BeatmapConversionTest`2.Test(String name, Type[] mods) in /app/osu.Game/Tests/Beatmaps/BeatmapConversionTest.cs:line 50
   at osu.Game.Rulesets.Catch.Tests.CatchBeatmapConversionTest.Test(String name, Type[] mods) in /app/osu.Game.Rulesets.Catch.Tests/CatchBeatmapConversionTest.cs:line 58
   at InvokeStub_CatchBeatmapConversionTest.Test(Object, Span`1)

191)    at osu.Game.Tests.Beatmaps.BeatmapConversionTest`2.<>c__DisplayClass4_1.<Test>b__2() in /app/osu.Game/Tests/Beatmaps/BeatmapConversionTest.cs:line 98
   at NUnit.Framework.Assert.Multiple(TestDelegate testDelegate)
   at osu.Game.Tests.Beatmaps.BeatmapConversionTest`2.<>c__DisplayClass4_0.<Test>b__1() in /app/osu.Game/Tests/Beatmaps/BeatmapConversionTest.cs:line 77
   at NUnit.Framework.Assert.Multiple(TestDelegate testDelegate)
   at osu.Game.Tests.Beatmaps.BeatmapConversionTest`2.Test(String name, Type[] mods) in /app/osu.Game/Tests/Beatmaps/BeatmapConversionTest.cs:line 50
   at osu.Game.Rulesets.Catch.Tests.CatchBeatmapConversionTest.Test(String name, Type[] mods) in /app/osu.Game.Rulesets.Catch.Tests/CatchBeatmapConversionTest.cs:line 58
   at InvokeStub_CatchBeatmapConversionTest.Test(Object, Span`1)

192)    at osu.Game.Tests.Beatmaps.BeatmapConversionTest`2.<>c__DisplayClass4_1.<Test>b__2() in /app/osu.Game/Tests/Beatmaps/BeatmapConversionTest.cs:line 98
   at NUnit.Framework.Assert.Multiple(TestDelegate testDelegate)
   at osu.Game.Tests.Beatmaps.BeatmapConversionTest`2.<>c__DisplayClass4_0.<Test>b__1() in /app/osu.Game/Tests/Beatmaps/BeatmapConversionTest.cs:line 77
   at NUnit.Framework.Assert.Multiple(TestDelegate testDelegate)
   at osu.Game.Tests.Beatmaps.BeatmapConversionTest`2.Test(String name, Type[] mods) in /app/osu.Game/Tests/Beatmaps/BeatmapConversionTest.cs:line 50
   at osu.Game.Rulesets.Catch.Tests.CatchBeatmapConversionTest.Test(String name, Type[] mods) in /app/osu.Game.Rulesets.Catch.Tests/CatchBeatmapConversionTest.cs:line 58
   at InvokeStub_CatchBeatmapConversionTest.Test(Object, Span`1)

193)    at osu.Game.Tests.Beatmaps.BeatmapConversionTest`2.<>c__DisplayClass4_1.<Test>b__2() in /app/osu.Game/Tests/Beatmaps/BeatmapConversionTest.cs:line 98
   at NUnit.Framework.Assert.Multiple(TestDelegate testDelegate)
   at osu.Game.Tests.Beatmaps.BeatmapConversionTest`2.<>c__DisplayClass4_0.<Test>b__1() in /app/osu.Game/Tests/Beatmaps/BeatmapConversionTest.cs:line 77
   at NUnit.Framework.Assert.Multiple(TestDelegate testDelegate)
   at osu.Game.Tests.Beatmaps.BeatmapConversionTest`2.Test(String name, Type[] mods) in /app/osu.Game/Tests/Beatmaps/BeatmapConversionTest.cs:line 50
   at osu.Game.Rulesets.Catch.Tests.CatchBeatmapConversionTest.Test(String name, Type[] mods) in /app/osu.Game.Rulesets.Catch.Tests/CatchBeatmapConversionTest.cs:line 58
   at InvokeStub_CatchBeatmapConversionTest.Test(Object, Span`1)

194)    at osu.Game.Tests.Beatmaps.BeatmapConversionTest`2.<>c__DisplayClass4_1.<Test>b__2() in /app/osu.Game/Tests/Beatmaps/BeatmapConversionTest.cs:line 98
   at NUnit.Framework.Assert.Multiple(TestDelegate testDelegate)
   at osu.Game.Tests.Beatmaps.BeatmapConversionTest`2.<>c__DisplayClass4_0.<Test>b__1() in /app/osu.Game/Tests/Beatmaps/BeatmapConversionTest.cs:line 77
   at NUnit.Framework.Assert.Multiple(TestDelegate testDelegate)
   at osu.Game.Tests.Beatmaps.BeatmapConversionTest`2.Test(String name, Type[] mods) in /app/osu.Game/Tests/Beatmaps/BeatmapConversionTest.cs:line 50
   at osu.Game.Rulesets.Catch.Tests.CatchBeatmapConversionTest.Test(String name, Type[] mods) in /app/osu.Game.Rulesets.Catch.Tests/CatchBeatmapConversionTest.cs:line 58
   at InvokeStub_CatchBeatmapConversionTest.Test(Object, Span`1)

195)    at osu.Game.Tests.Beatmaps.BeatmapConversionTest`2.<>c__DisplayClass4_1.<Test>b__2() in /app/osu.Game/Tests/Beatmaps/BeatmapConversionTest.cs:line 98
   at NUnit.Framework.Assert.Multiple(TestDelegate testDelegate)
   at osu.Game.Tests.Beatmaps.BeatmapConversionTest`2.<>c__DisplayClass4_0.<Test>b__1() in /app/osu.Game/Tests/Beatmaps/BeatmapConversionTest.cs:line 77
   at NUnit.Framework.Assert.Multiple(TestDelegate testDelegate)
   at osu.Game.Tests.Beatmaps.BeatmapConversionTest`2.Test(String name, Type[] mods) in /app/osu.Game/Tests/Beatmaps/BeatmapConversionTest.cs:line 50
   at osu.Game.Rulesets.Catch.Tests.CatchBeatmapConversionTest.Test(String name, Type[] mods) in /app/osu.Game.Rulesets.Catch.Tests/CatchBeatmapConversionTest.cs:line 58
   at InvokeStub_CatchBeatmapConversionTest.Test(Object, Span`1)

196)    at osu.Game.Tests.Beatmaps.BeatmapConversionTest`2.<>c__DisplayClass4_1.<Test>b__2() in /app/osu.Game/Tests/Beatmaps/BeatmapConversionTest.cs:line 98
   at NUnit.Framework.Assert.Multiple(TestDelegate testDelegate)
   at osu.Game.Tests.Beatmaps.BeatmapConversionTest`2.<>c__DisplayClass4_0.<Test>b__1() in /app/osu.Game/Tests/Beatmaps/BeatmapConversionTest.cs:line 77
   at NUnit.Framework.Assert.Multiple(TestDelegate testDelegate)
   at osu.Game.Tests.Beatmaps.BeatmapConversionTest`2.Test(String name, Type[] mods) in /app/osu.Game/Tests/Beatmaps/BeatmapConversionTest.cs:line 50
   at osu.Game.Rulesets.Catch.Tests.CatchBeatmapConversionTest.Test(String name, Type[] mods) in /app/osu.Game.Rulesets.Catch.Tests/CatchBeatmapConversionTest.cs:line 58
   at InvokeStub_CatchBeatmapConversionTest.Test(Object, Span`1)

197)    at osu.Game.Tests.Beatmaps.BeatmapConversionTest`2.<>c__DisplayClass4_1.<Test>b__2() in /app/osu.Game/Tests/Beatmaps/BeatmapConversionTest.cs:line 98
   at NUnit.Framework.Assert.Multiple(TestDelegate testDelegate)
   at osu.Game.Tests.Beatmaps.BeatmapConversionTest`2.<>c__DisplayClass4_0.<Test>b__1() in /app/osu.Game/Tests/Beatmaps/BeatmapConversionTest.cs:line 77
   at NUnit.Framework.Assert.Multiple(TestDelegate testDelegate)
   at osu.Game.Tests.Beatmaps.BeatmapConversionTest`2.Test(String name, Type[] mods) in /app/osu.Game/Tests/Beatmaps/BeatmapConversionTest.cs:line 50
   at osu.Game.Rulesets.Catch.Tests.CatchBeatmapConversionTest.Test(String name, Type[] mods) in /app/osu.Game.Rulesets.Catch.Tests/CatchBeatmapConversionTest.cs:line 58
   at InvokeStub_CatchBeatmapConversionTest.Test(Object, Span`1)

198)    at osu.Game.Tests.Beatmaps.BeatmapConversionTest`2.<>c__DisplayClass4_1.<Test>b__2() in /app/osu.Game/Tests/Beatmaps/BeatmapConversionTest.cs:line 98
   at NUnit.Framework.Assert.Multiple(TestDelegate testDelegate)
   at osu.Game.Tests.Beatmaps.BeatmapConversionTest`2.<>c__DisplayClass4_0.<Test>b__1() in /app/osu.Game/Tests/Beatmaps/BeatmapConversionTest.cs:line 77
   at NUnit.Framework.Assert.Multiple(TestDelegate testDelegate)
   at osu.Game.Tests.Beatmaps.BeatmapConversionTest`2.Test(String name, Type[] mods) in /app/osu.Game/Tests/Beatmaps/BeatmapConversionTest.cs:line 50
   at osu.Game.Rulesets.Catch.Tests.CatchBeatmapConversionTest.Test(String name, Type[] mods) in /app/osu.Game.Rulesets.Catch.Tests/CatchBeatmapConversionTest.cs:line 58
   at InvokeStub_CatchBeatmapConversionTest.Test(Object, Span`1)

199)    at osu.Game.Tests.Beatmaps.BeatmapConversionTest`2.<>c__DisplayClass4_1.<Test>b__2() in /app/osu.Game/Tests/Beatmaps/BeatmapConversionTest.cs:line 98
   at NUnit.Framework.Assert.Multiple(TestDelegate testDelegate)
   at osu.Game.Tests.Beatmaps.BeatmapConversionTest`2.<>c__DisplayClass4_0.<Test>b__1() in /app/osu.Game/Tests/Beatmaps/BeatmapConversionTest.cs:line 77
   at NUnit.Framework.Assert.Multiple(TestDelegate testDelegate)
   at osu.Game.Tests.Beatmaps.BeatmapConversionTest`2.Test(String name, Type[] mods) in /app/osu.Game/Tests/Beatmaps/BeatmapConversionTest.cs:line 50
   at osu.Game.Rulesets.Catch.Tests.CatchBeatmapConversionTest.Test(String name, Type[] mods) in /app/osu.Game.Rulesets.Catch.Tests/CatchBeatmapConversionTest.cs:line 58
   at InvokeStub_CatchBeatmapConversionTest.Test(Object, Span`1)

200)    at osu.Game.Tests.Beatmaps.BeatmapConversionTest`2.<>c__DisplayClass4_1.<Test>b__2() in /app/osu.Game/Tests/Beatmaps/BeatmapConversionTest.cs:line 98
   at NUnit.Framework.Assert.Multiple(TestDelegate testDelegate)
   at osu.Game.Tests.Beatmaps.BeatmapConversionTest`2.<>c__DisplayClass4_0.<Test>b__1() in /app/osu.Game/Tests/Beatmaps/BeatmapConversionTest.cs:line 77
   at NUnit.Framework.Assert.Multiple(TestDelegate testDelegate)
   at osu.Game.Tests.Beatmaps.BeatmapConversionTest`2.Test(String name, Type[] mods) in /app/osu.Game/Tests/Beatmaps/BeatmapConversionTest.cs:line 50
   at osu.Game.Rulesets.Catch.Tests.CatchBeatmapConversionTest.Test(String name, Type[] mods) in /app/osu.Game.Rulesets.Catch.Tests/CatchBeatmapConversionTest.cs:line 58
   at InvokeStub_CatchBeatmapConversionTest.Test(Object, Span`1)

201)    at osu.Game.Tests.Beatmaps.BeatmapConversionTest`2.<>c__DisplayClass4_1.<Test>b__2() in /app/osu.Game/Tests/Beatmaps/BeatmapConversionTest.cs:line 98
   at NUnit.Framework.Assert.Multiple(TestDelegate testDelegate)
   at osu.Game.Tests.Beatmaps.BeatmapConversionTest`2.<>c__DisplayClass4_0.<Test>b__1() in /app/osu.Game/Tests/Beatmaps/BeatmapConversionTest.cs:line 77
   at NUnit.Framework.Assert.Multiple(TestDelegate testDelegate)
   at osu.Game.Tests.Beatmaps.BeatmapConversionTest`2.Test(String name, Type[] mods) in /app/osu.Game/Tests/Beatmaps/BeatmapConversionTest.cs:line 50
   at osu.Game.Rulesets.Catch.Tests.CatchBeatmapConversionTest.Test(String name, Type[] mods) in /app/osu.Game.Rulesets.Catch.Tests/CatchBeatmapConversionTest.cs:line 58
   at InvokeStub_CatchBeatmapConversionTest.Test(Object, Span`1)

202)    at osu.Game.Tests.Beatmaps.BeatmapConversionTest`2.<>c__DisplayClass4_1.<Test>b__2() in /app/osu.Game/Tests/Beatmaps/BeatmapConversionTest.cs:line 98
   at NUnit.Framework.Assert.Multiple(TestDelegate testDelegate)
   at osu.Game.Tests.Beatmaps.BeatmapConversionTest`2.<>c__DisplayClass4_0.<Test>b__1() in /app/osu.Game/Tests/Beatmaps/BeatmapConversionTest.cs:line 77
   at NUnit.Framework.Assert.Multiple(TestDelegate testDelegate)
   at osu.Game.Tests.Beatmaps.BeatmapConversionTest`2.Test(String name, Type[] mods) in /app/osu.Game/Tests/Beatmaps/BeatmapConversionTest.cs:line 50
   at osu.Game.Rulesets.Catch.Tests.CatchBeatmapConversionTest.Test(String name, Type[] mods) in /app/osu.Game.Rulesets.Catch.Tests/CatchBeatmapConversionTest.cs:line 58
   at InvokeStub_CatchBeatmapConversionTest.Test(Object, Span`1)

203)    at osu.Game.Tests.Beatmaps.BeatmapConversionTest`2.<>c__DisplayClass4_1.<Test>b__2() in /app/osu.Game/Tests/Beatmaps/BeatmapConversionTest.cs:line 98
   at NUnit.Framework.Assert.Multiple(TestDelegate testDelegate)
   at osu.Game.Tests.Beatmaps.BeatmapConversionTest`2.<>c__DisplayClass4_0.<Test>b__1() in /app/osu.Game/Tests/Beatmaps/BeatmapConversionTest.cs:line 77
   at NUnit.Framework.Assert.Multiple(TestDelegate testDelegate)
   at osu.Game.Tests.Beatmaps.BeatmapConversionTest`2.Test(String name, Type[] mods) in /app/osu.Game/Tests/Beatmaps/BeatmapConversionTest.cs:line 50
   at osu.Game.Rulesets.Catch.Tests.CatchBeatmapConversionTest.Test(String name, Type[] mods) in /app/osu.Game.Rulesets.Catch.Tests/CatchBeatmapConversionTest.cs:line 58
   at InvokeStub_CatchBeatmapConversionTest.Test(Object, Span`1)

204)    at osu.Game.Tests.Beatmaps.BeatmapConversionTest`2.<>c__DisplayClass4_1.<Test>b__2() in /app/osu.Game/Tests/Beatmaps/BeatmapConversionTest.cs:line 98
   at NUnit.Framework.Assert.Multiple(TestDelegate testDelegate)
   at osu.Game.Tests.Beatmaps.BeatmapConversionTest`2.<>c__DisplayClass4_0.<Test>b__1() in /app/osu.Game/Tests/Beatmaps/BeatmapConversionTest.cs:line 77
   at NUnit.Framework.Assert.Multiple(TestDelegate testDelegate)
   at osu.Game.Tests.Beatmaps.BeatmapConversionTest`2.Test(String name, Type[] mods) in /app/osu.Game/Tests/Beatmaps/BeatmapConversionTest.cs:line 50
   at osu.Game.Rulesets.Catch.Tests.CatchBeatmapConversionTest.Test(String name, Type[] mods) in /app/osu.Game.Rulesets.Catch.Tests/CatchBeatmapConversionTest.cs:line 58
   at InvokeStub_CatchBeatmapConversionTest.Test(Object, Span`1)

205)    at osu.Game.Tests.Beatmaps.BeatmapConversionTest`2.<>c__DisplayClass4_1.<Test>b__2() in /app/osu.Game/Tests/Beatmaps/BeatmapConversionTest.cs:line 98
   at NUnit.Framework.Assert.Multiple(TestDelegate testDelegate)
   at osu.Game.Tests.Beatmaps.BeatmapConversionTest`2.<>c__DisplayClass4_0.<Test>b__1() in /app/osu.Game/Tests/Beatmaps/BeatmapConversionTest.cs:line 77
   at NUnit.Framework.Assert.Multiple(TestDelegate testDelegate)
   at osu.Game.Tests.Beatmaps.BeatmapConversionTest`2.Test(String name, Type[] mods) in /app/osu.Game/Tests/Beatmaps/BeatmapConversionTest.cs:line 50
   at osu.Game.Rulesets.Catch.Tests.CatchBeatmapConversionTest.Test(String name, Type[] mods) in /app/osu.Game.Rulesets.Catch.Tests/CatchBeatmapConversionTest.cs:line 58
   at InvokeStub_CatchBeatmapConversionTest.Test(Object, Span`1)

206)    at osu.Game.Tests.Beatmaps.BeatmapConversionTest`2.<>c__DisplayClass4_1.<Test>b__2() in /app/osu.Game/Tests/Beatmaps/BeatmapConversionTest.cs:line 98
   at NUnit.Framework.Assert.Multiple(TestDelegate testDelegate)
   at osu.Game.Tests.Beatmaps.BeatmapConversionTest`2.<>c__DisplayClass4_0.<Test>b__1() in /app/osu.Game/Tests/Beatmaps/BeatmapConversionTest.cs:line 77
   at NUnit.Framework.Assert.Multiple(TestDelegate testDelegate)
   at osu.Game.Tests.Beatmaps.BeatmapConversionTest`2.Test(String name, Type[] mods) in /app/osu.Game/Tests/Beatmaps/BeatmapConversionTest.cs:line 50
   at osu.Game.Rulesets.Catch.Tests.CatchBeatmapConversionTest.Test(String name, Type[] mods) in /app/osu.Game.Rulesets.Catch.Tests/CatchBeatmapConversionTest.cs:line 58
   at InvokeStub_CatchBeatmapConversionTest.Test(Object, Span`1)

207)    at osu.Game.Tests.Beatmaps.BeatmapConversionTest`2.<>c__DisplayClass4_1.<Test>b__2() in /app/osu.Game/Tests/Beatmaps/BeatmapConversionTest.cs:line 98
   at NUnit.Framework.Assert.Multiple(TestDelegate testDelegate)
   at osu.Game.Tests.Beatmaps.BeatmapConversionTest`2.<>c__DisplayClass4_0.<Test>b__1() in /app/osu.Game/Tests/Beatmaps/BeatmapConversionTest.cs:line 77
   at NUnit.Framework.Assert.Multiple(TestDelegate testDelegate)
   at osu.Game.Tests.Beatmaps.BeatmapConversionTest`2.Test(String name, Type[] mods) in /app/osu.Game/Tests/Beatmaps/BeatmapConversionTest.cs:line 50
   at osu.Game.Rulesets.Catch.Tests.CatchBeatmapConversionTest.Test(String name, Type[] mods) in /app/osu.Game.Rulesets.Catch.Tests/CatchBeatmapConversionTest.cs:line 58
   at InvokeStub_CatchBeatmapConversionTest.Test(Object, Span`1)

208)    at osu.Game.Tests.Beatmaps.BeatmapConversionTest`2.<>c__DisplayClass4_1.<Test>b__2() in /app/osu.Game/Tests/Beatmaps/BeatmapConversionTest.cs:line 98
   at NUnit.Framework.Assert.Multiple(TestDelegate testDelegate)
   at osu.Game.Tests.Beatmaps.BeatmapConversionTest`2.<>c__DisplayClass4_0.<Test>b__1() in /app/osu.Game/Tests/Beatmaps/BeatmapConversionTest.cs:line 77
   at NUnit.Framework.Assert.Multiple(TestDelegate testDelegate)
   at osu.Game.Tests.Beatmaps.BeatmapConversionTest`2.Test(String name, Type[] mods) in /app/osu.Game/Tests/Beatmaps/BeatmapConversionTest.cs:line 50
   at osu.Game.Rulesets.Catch.Tests.CatchBeatmapConversionTest.Test(String name, Type[] mods) in /app/osu.Game.Rulesets.Catch.Tests/CatchBeatmapConversionTest.cs:line 58
   at InvokeStub_CatchBeatmapConversionTest.Test(Object, Span`1)

209)    at osu.Game.Tests.Beatmaps.BeatmapConversionTest`2.<>c__DisplayClass4_1.<Test>b__2() in /app/osu.Game/Tests/Beatmaps/BeatmapConversionTest.cs:line 98
   at NUnit.Framework.Assert.Multiple(TestDelegate testDelegate)
   at osu.Game.Tests.Beatmaps.BeatmapConversionTest`2.<>c__DisplayClass4_0.<Test>b__1() in /app/osu.Game/Tests/Beatmaps/BeatmapConversionTest.cs:line 77
   at NUnit.Framework.Assert.Multiple(TestDelegate testDelegate)
   at osu.Game.Tests.Beatmaps.BeatmapConversionTest`2.Test(String name, Type[] mods) in /app/osu.Game/Tests/Beatmaps/BeatmapConversionTest.cs:line 50
   at osu.Game.Rulesets.Catch.Tests.CatchBeatmapConversionTest.Test(String name, Type[] mods) in /app/osu.Game.Rulesets.Catch.Tests/CatchBeatmapConversionTest.cs:line 58
   at InvokeStub_CatchBeatmapConversionTest.Test(Object, Span`1)

210)    at osu.Game.Tests.Beatmaps.BeatmapConversionTest`2.<>c__DisplayClass4_1.<Test>b__2() in /app/osu.Game/Tests/Beatmaps/BeatmapConversionTest.cs:line 98
   at NUnit.Framework.Assert.Multiple(TestDelegate testDelegate)
   at osu.Game.Tests.Beatmaps.BeatmapConversionTest`2.<>c__DisplayClass4_0.<Test>b__1() in /app/osu.Game/Tests/Beatmaps/BeatmapConversionTest.cs:line 77
   at NUnit.Framework.Assert.Multiple(TestDelegate testDelegate)
   at osu.Game.Tests.Beatmaps.BeatmapConversionTest`2.Test(String name, Type[] mods) in /app/osu.Game/Tests/Beatmaps/BeatmapConversionTest.cs:line 50
   at osu.Game.Rulesets.Catch.Tests.CatchBeatmapConversionTest.Test(String name, Type[] mods) in /app/osu.Game.Rulesets.Catch.Tests/CatchBeatmapConversionTest.cs:line 58
   at InvokeStub_CatchBeatmapConversionTest.Test(Object, Span`1)

211)    at osu.Game.Tests.Beatmaps.BeatmapConversionTest`2.<>c__DisplayClass4_1.<Test>b__2() in /app/osu.Game/Tests/Beatmaps/BeatmapConversionTest.cs:line 98
   at NUnit.Framework.Assert.Multiple(TestDelegate testDelegate)
   at osu.Game.Tests.Beatmaps.BeatmapConversionTest`2.<>c__DisplayClass4_0.<Test>b__1() in /app/osu.Game/Tests/Beatmaps/BeatmapConversionTest.cs:line 77
   at NUnit.Framework.Assert.Multiple(TestDelegate testDelegate)
   at osu.Game.Tests.Beatmaps.BeatmapConversionTest`2.Test(String name, Type[] mods) in /app/osu.Game/Tests/Beatmaps/BeatmapConversionTest.cs:line 50
   at osu.Game.Rulesets.Catch.Tests.CatchBeatmapConversionTest.Test(String name, Type[] mods) in /app/osu.Game.Rulesets.Catch.Tests/CatchBeatmapConversionTest.cs:line 58
   at InvokeStub_CatchBeatmapConversionTest.Test(Object, Span`1)

212)    at osu.Game.Tests.Beatmaps.BeatmapConversionTest`2.<>c__DisplayClass4_1.<Test>b__2() in /app/osu.Game/Tests/Beatmaps/BeatmapConversionTest.cs:line 98
   at NUnit.Framework.Assert.Multiple(TestDelegate testDelegate)
   at osu.Game.Tests.Beatmaps.BeatmapConversionTest`2.<>c__DisplayClass4_0.<Test>b__1() in /app/osu.Game/Tests/Beatmaps/BeatmapConversionTest.cs:line 77
   at NUnit.Framework.Assert.Multiple(TestDelegate testDelegate)
   at osu.Game.Tests.Beatmaps.BeatmapConversionTest`2.Test(String name, Type[] mods) in /app/osu.Game/Tests/Beatmaps/BeatmapConversionTest.cs:line 50
   at osu.Game.Rulesets.Catch.Tests.CatchBeatmapConversionTest.Test(String name, Type[] mods) in /app/osu.Game.Rulesets.Catch.Tests/CatchBeatmapConversionTest.cs:line 58
   at InvokeStub_CatchBeatmapConversionTest.Test(Object, Span`1)

213)    at osu.Game.Tests.Beatmaps.BeatmapConversionTest`2.<>c__DisplayClass4_1.<Test>b__2() in /app/osu.Game/Tests/Beatmaps/BeatmapConversionTest.cs:line 98
   at NUnit.Framework.Assert.Multiple(TestDelegate testDelegate)
   at osu.Game.Tests.Beatmaps.BeatmapConversionTest`2.<>c__DisplayClass4_0.<Test>b__1() in /app/osu.Game/Tests/Beatmaps/BeatmapConversionTest.cs:line 77
   at NUnit.Framework.Assert.Multiple(TestDelegate testDelegate)
   at osu.Game.Tests.Beatmaps.BeatmapConversionTest`2.Test(String name, Type[] mods) in /app/osu.Game/Tests/Beatmaps/BeatmapConversionTest.cs:line 50
   at osu.Game.Rulesets.Catch.Tests.CatchBeatmapConversionTest.Test(String name, Type[] mods) in /app/osu.Game.Rulesets.Catch.Tests/CatchBeatmapConversionTest.cs:line 58
   at InvokeStub_CatchBeatmapConversionTest.Test(Object, Span`1)

214)    at osu.Game.Tests.Beatmaps.BeatmapConversionTest`2.<>c__DisplayClass4_1.<Test>b__2() in /app/osu.Game/Tests/Beatmaps/BeatmapConversionTest.cs:line 98
   at NUnit.Framework.Assert.Multiple(TestDelegate testDelegate)
   at osu.Game.Tests.Beatmaps.BeatmapConversionTest`2.<>c__DisplayClass4_0.<Test>b__1() in /app/osu.Game/Tests/Beatmaps/BeatmapConversionTest.cs:line 77
   at NUnit.Framework.Assert.Multiple(TestDelegate testDelegate)
   at osu.Game.Tests.Beatmaps.BeatmapConversionTest`2.Test(String name, Type[] mods) in /app/osu.Game/Tests/Beatmaps/BeatmapConversionTest.cs:line 50
   at osu.Game.Rulesets.Catch.Tests.CatchBeatmapConversionTest.Test(String name, Type[] mods) in /app/osu.Game.Rulesets.Catch.Tests/CatchBeatmapConversionTest.cs:line 58
   at InvokeStub_CatchBeatmapConversionTest.Test(Object, Span`1)

215)    at osu.Game.Tests.Beatmaps.BeatmapConversionTest`2.<>c__DisplayClass4_1.<Test>b__2() in /app/osu.Game/Tests/Beatmaps/BeatmapConversionTest.cs:line 98
   at NUnit.Framework.Assert.Multiple(TestDelegate testDelegate)
   at osu.Game.Tests.Beatmaps.BeatmapConversionTest`2.<>c__DisplayClass4_0.<Test>b__1() in /app/osu.Game/Tests/Beatmaps/BeatmapConversionTest.cs:line 77
   at NUnit.Framework.Assert.Multiple(TestDelegate testDelegate)
   at osu.Game.Tests.Beatmaps.BeatmapConversionTest`2.Test(String name, Type[] mods) in /app/osu.Game/Tests/Beatmaps/BeatmapConversionTest.cs:line 50
   at osu.Game.Rulesets.Catch.Tests.CatchBeatmapConversionTest.Test(String name, Type[] mods) in /app/osu.Game.Rulesets.Catch.Tests/CatchBeatmapConversionTest.cs:line 58
   at InvokeStub_CatchBeatmapConversionTest.Test(Object, Span`1)

216)    at osu.Game.Tests.Beatmaps.BeatmapConversionTest`2.<>c__DisplayClass4_1.<Test>b__2() in /app/osu.Game/Tests/Beatmaps/BeatmapConversionTest.cs:line 98
   at NUnit.Framework.Assert.Multiple(TestDelegate testDelegate)
   at osu.Game.Tests.Beatmaps.BeatmapConversionTest`2.<>c__DisplayClass4_0.<Test>b__1() in /app/osu.Game/Tests/Beatmaps/BeatmapConversionTest.cs:line 77
   at NUnit.Framework.Assert.Multiple(TestDelegate testDelegate)
   at osu.Game.Tests.Beatmaps.BeatmapConversionTest`2.Test(String name, Type[] mods) in /app/osu.Game/Tests/Beatmaps/BeatmapConversionTest.cs:line 50
   at osu.Game.Rulesets.Catch.Tests.CatchBeatmapConversionTest.Test(String name, Type[] mods) in /app/osu.Game.Rulesets.Catch.Tests/CatchBeatmapConversionTest.cs:line 58
   at InvokeStub_CatchBeatmapConversionTest.Test(Object, Span`1)

217)    at osu.Game.Tests.Beatmaps.BeatmapConversionTest`2.<>c__DisplayClass4_1.<Test>b__2() in /app/osu.Game/Tests/Beatmaps/BeatmapConversionTest.cs:line 98
   at NUnit.Framework.Assert.Multiple(TestDelegate testDelegate)
   at osu.Game.Tests.Beatmaps.BeatmapConversionTest`2.<>c__DisplayClass4_0.<Test>b__1() in /app/osu.Game/Tests/Beatmaps/BeatmapConversionTest.cs:line 77
   at NUnit.Framework.Assert.Multiple(TestDelegate testDelegate)
   at osu.Game.Tests.Beatmaps.BeatmapConversionTest`2.Test(String name, Type[] mods) in /app/osu.Game/Tests/Beatmaps/BeatmapConversionTest.cs:line 50
   at osu.Game.Rulesets.Catch.Tests.CatchBeatmapConversionTest.Test(String name, Type[] mods) in /app/osu.Game.Rulesets.Catch.Tests/CatchBeatmapConversionTest.cs:line 58
   at InvokeStub_CatchBeatmapConversionTest.Test(Object, Span`1)

218)    at osu.Game.Tests.Beatmaps.BeatmapConversionTest`2.<>c__DisplayClass4_1.<Test>b__2() in /app/osu.Game/Tests/Beatmaps/BeatmapConversionTest.cs:line 98
   at NUnit.Framework.Assert.Multiple(TestDelegate testDelegate)
   at osu.Game.Tests.Beatmaps.BeatmapConversionTest`2.<>c__DisplayClass4_0.<Test>b__1() in /app/osu.Game/Tests/Beatmaps/BeatmapConversionTest.cs:line 77
   at NUnit.Framework.Assert.Multiple(TestDelegate testDelegate)
   at osu.Game.Tests.Beatmaps.BeatmapConversionTest`2.Test(String name, Type[] mods) in /app/osu.Game/Tests/Beatmaps/BeatmapConversionTest.cs:line 50
   at osu.Game.Rulesets.Catch.Tests.CatchBeatmapConversionTest.Test(String name, Type[] mods) in /app/osu.Game.Rulesets.Catch.Tests/CatchBeatmapConversionTest.cs:line 58
   at InvokeStub_CatchBeatmapConversionTest.Test(Object, Span`1)

219)    at osu.Game.Tests.Beatmaps.BeatmapConversionTest`2.<>c__DisplayClass4_1.<Test>b__2() in /app/osu.Game/Tests/Beatmaps/BeatmapConversionTest.cs:line 98
   at NUnit.Framework.Assert.Multiple(TestDelegate testDelegate)
   at osu.Game.Tests.Beatmaps.BeatmapConversionTest`2.<>c__DisplayClass4_0.<Test>b__1() in /app/osu.Game/Tests/Beatmaps/BeatmapConversionTest.cs:line 77
   at NUnit.Framework.Assert.Multiple(TestDelegate testDelegate)
   at osu.Game.Tests.Beatmaps.BeatmapConversionTest`2.Test(String name, Type[] mods) in /app/osu.Game/Tests/Beatmaps/BeatmapConversionTest.cs:line 50
   at osu.Game.Rulesets.Catch.Tests.CatchBeatmapConversionTest.Test(String name, Type[] mods) in /app/osu.Game.Rulesets.Catch.Tests/CatchBeatmapConversionTest.cs:line 58
   at InvokeStub_CatchBeatmapConversionTest.Test(Object, Span`1)

220)    at osu.Game.Tests.Beatmaps.BeatmapConversionTest`2.<>c__DisplayClass4_1.<Test>b__2() in /app/osu.Game/Tests/Beatmaps/BeatmapConversionTest.cs:line 98
   at NUnit.Framework.Assert.Multiple(TestDelegate testDelegate)
   at osu.Game.Tests.Beatmaps.BeatmapConversionTest`2.<>c__DisplayClass4_0.<Test>b__1() in /app/osu.Game/Tests/Beatmaps/BeatmapConversionTest.cs:line 77
   at NUnit.Framework.Assert.Multiple(TestDelegate testDelegate)
   at osu.Game.Tests.Beatmaps.BeatmapConversionTest`2.Test(String name, Type[] mods) in /app/osu.Game/Tests/Beatmaps/BeatmapConversionTest.cs:line 50
   at osu.Game.Rulesets.Catch.Tests.CatchBeatmapConversionTest.Test(String name, Type[] mods) in /app/osu.Game.Rulesets.Catch.Tests/CatchBeatmapConversionTest.cs:line 58
   at InvokeStub_CatchBeatmapConversionTest.Test(Object, Span`1)

221)    at osu.Game.Tests.Beatmaps.BeatmapConversionTest`2.<>c__DisplayClass4_1.<Test>b__2() in /app/osu.Game/Tests/Beatmaps/BeatmapConversionTest.cs:line 98
   at NUnit.Framework.Assert.Multiple(TestDelegate testDelegate)
   at osu.Game.Tests.Beatmaps.BeatmapConversionTest`2.<>c__DisplayClass4_0.<Test>b__1() in /app/osu.Game/Tests/Beatmaps/BeatmapConversionTest.cs:line 77
   at NUnit.Framework.Assert.Multiple(TestDelegate testDelegate)
   at osu.Game.Tests.Beatmaps.BeatmapConversionTest`2.Test(String name, Type[] mods) in /app/osu.Game/Tests/Beatmaps/BeatmapConversionTest.cs:line 50
   at osu.Game.Rulesets.Catch.Tests.CatchBeatmapConversionTest.Test(String name, Type[] mods) in /app/osu.Game.Rulesets.Catch.Tests/CatchBeatmapConversionTest.cs:line 58
   at InvokeStub_CatchBeatmapConversionTest.Test(Object, Span`1)

222)    at osu.Game.Tests.Beatmaps.BeatmapConversionTest`2.<>c__DisplayClass4_1.<Test>b__2() in /app/osu.Game/Tests/Beatmaps/BeatmapConversionTest.cs:line 98
   at NUnit.Framework.Assert.Multiple(TestDelegate testDelegate)
   at osu.Game.Tests.Beatmaps.BeatmapConversionTest`2.<>c__DisplayClass4_0.<Test>b__1() in /app/osu.Game/Tests/Beatmaps/BeatmapConversionTest.cs:line 77
   at NUnit.Framework.Assert.Multiple(TestDelegate testDelegate)
   at osu.Game.Tests.Beatmaps.BeatmapConversionTest`2.Test(String name, Type[] mods) in /app/osu.Game/Tests/Beatmaps/BeatmapConversionTest.cs:line 50
   at osu.Game.Rulesets.Catch.Tests.CatchBeatmapConversionTest.Test(String name, Type[] mods) in /app/osu.Game.Rulesets.Catch.Tests/CatchBeatmapConversionTest.cs:line 58
   at InvokeStub_CatchBeatmapConversionTest.Test(Object, Span`1)

223)    at osu.Game.Tests.Beatmaps.BeatmapConversionTest`2.<>c__DisplayClass4_1.<Test>b__2() in /app/osu.Game/Tests/Beatmaps/BeatmapConversionTest.cs:line 98
   at NUnit.Framework.Assert.Multiple(TestDelegate testDelegate)
   at osu.Game.Tests.Beatmaps.BeatmapConversionTest`2.<>c__DisplayClass4_0.<Test>b__1() in /app/osu.Game/Tests/Beatmaps/BeatmapConversionTest.cs:line 77
   at NUnit.Framework.Assert.Multiple(TestDelegate testDelegate)
   at osu.Game.Tests.Beatmaps.BeatmapConversionTest`2.Test(String name, Type[] mods) in /app/osu.Game/Tests/Beatmaps/BeatmapConversionTest.cs:line 50
   at osu.Game.Rulesets.Catch.Tests.CatchBeatmapConversionTest.Test(String name, Type[] mods) in /app/osu.Game.Rulesets.Catch.Tests/CatchBeatmapConversionTest.cs:line 58
   at InvokeStub_CatchBeatmapConversionTest.Test(Object, Span`1)

224)    at osu.Game.Tests.Beatmaps.BeatmapConversionTest`2.<>c__DisplayClass4_1.<Test>b__2() in /app/osu.Game/Tests/Beatmaps/BeatmapConversionTest.cs:line 98
   at NUnit.Framework.Assert.Multiple(TestDelegate testDelegate)
   at osu.Game.Tests.Beatmaps.BeatmapConversionTest`2.<>c__DisplayClass4_0.<Test>b__1() in /app/osu.Game/Tests/Beatmaps/BeatmapConversionTest.cs:line 77
   at NUnit.Framework.Assert.Multiple(TestDelegate testDelegate)
   at osu.Game.Tests.Beatmaps.BeatmapConversionTest`2.Test(String name, Type[] mods) in /app/osu.Game/Tests/Beatmaps/BeatmapConversionTest.cs:line 50
   at osu.Game.Rulesets.Catch.Tests.CatchBeatmapConversionTest.Test(String name, Type[] mods) in /app/osu.Game.Rulesets.Catch.Tests/CatchBeatmapConversionTest.cs:line 58
   at InvokeStub_CatchBeatmapConversionTest.Test(Object, Span`1)

225)    at osu.Game.Tests.Beatmaps.BeatmapConversionTest`2.<>c__DisplayClass4_1.<Test>b__2() in /app/osu.Game/Tests/Beatmaps/BeatmapConversionTest.cs:line 98
   at NUnit.Framework.Assert.Multiple(TestDelegate testDelegate)
   at osu.Game.Tests.Beatmaps.BeatmapConversionTest`2.<>c__DisplayClass4_0.<Test>b__1() in /app/osu.Game/Tests/Beatmaps/BeatmapConversionTest.cs:line 77
   at NUnit.Framework.Assert.Multiple(TestDelegate testDelegate)
   at osu.Game.Tests.Beatmaps.BeatmapConversionTest`2.Test(String name, Type[] mods) in /app/osu.Game/Tests/Beatmaps/BeatmapConversionTest.cs:line 50
   at osu.Game.Rulesets.Catch.Tests.CatchBeatmapConversionTest.Test(String name, Type[] mods) in /app/osu.Game.Rulesets.Catch.Tests/CatchBeatmapConversionTest.cs:line 58
   at InvokeStub_CatchBeatmapConversionTest.Test(Object, Span`1)

226)    at osu.Game.Tests.Beatmaps.BeatmapConversionTest`2.<>c__DisplayClass4_1.<Test>b__2() in /app/osu.Game/Tests/Beatmaps/BeatmapConversionTest.cs:line 98
   at NUnit.Framework.Assert.Multiple(TestDelegate testDelegate)
   at osu.Game.Tests.Beatmaps.BeatmapConversionTest`2.<>c__DisplayClass4_0.<Test>b__1() in /app/osu.Game/Tests/Beatmaps/BeatmapConversionTest.cs:line 77
   at NUnit.Framework.Assert.Multiple(TestDelegate testDelegate)
   at osu.Game.Tests.Beatmaps.BeatmapConversionTest`2.Test(String name, Type[] mods) in /app/osu.Game/Tests/Beatmaps/BeatmapConversionTest.cs:line 50
   at osu.Game.Rulesets.Catch.Tests.CatchBeatmapConversionTest.Test(String name, Type[] mods) in /app/osu.Game.Rulesets.Catch.Tests/CatchBeatmapConversionTest.cs:line 58
   at InvokeStub_CatchBeatmapConversionTest.Test(Object, Span`1)

227)    at osu.Game.Tests.Beatmaps.BeatmapConversionTest`2.<>c__DisplayClass4_1.<Test>b__2() in /app/osu.Game/Tests/Beatmaps/BeatmapConversionTest.cs:line 98
   at NUnit.Framework.Assert.Multiple(TestDelegate testDelegate)
   at osu.Game.Tests.Beatmaps.BeatmapConversionTest`2.<>c__DisplayClass4_0.<Test>b__1() in /app/osu.Game/Tests/Beatmaps/BeatmapConversionTest.cs:line 77
   at NUnit.Framework.Assert.Multiple(TestDelegate testDelegate)
   at osu.Game.Tests.Beatmaps.BeatmapConversionTest`2.Test(String name, Type[] mods) in /app/osu.Game/Tests/Beatmaps/BeatmapConversionTest.cs:line 50
   at osu.Game.Rulesets.Catch.Tests.CatchBeatmapConversionTest.Test(String name, Type[] mods) in /app/osu.Game.Rulesets.Catch.Tests/CatchBeatmapConversionTest.cs:line 58
   at InvokeStub_CatchBeatmapConversionTest.Test(Object, Span`1)

228)    at osu.Game.Tests.Beatmaps.BeatmapConversionTest`2.<>c__DisplayClass4_1.<Test>b__2() in /app/osu.Game/Tests/Beatmaps/BeatmapConversionTest.cs:line 98
   at NUnit.Framework.Assert.Multiple(TestDelegate testDelegate)
   at osu.Game.Tests.Beatmaps.BeatmapConversionTest`2.<>c__DisplayClass4_0.<Test>b__1() in /app/osu.Game/Tests/Beatmaps/BeatmapConversionTest.cs:line 77
   at NUnit.Framework.Assert.Multiple(TestDelegate testDelegate)
   at osu.Game.Tests.Beatmaps.BeatmapConversionTest`2.Test(String name, Type[] mods) in /app/osu.Game/Tests/Beatmaps/BeatmapConversionTest.cs:line 50
   at osu.Game.Rulesets.Catch.Tests.CatchBeatmapConversionTest.Test(String name, Type[] mods) in /app/osu.Game.Rulesets.Catch.Tests/CatchBeatmapConversionTest.cs:line 58
   at InvokeStub_CatchBeatmapConversionTest.Test(Object, Span`1)

229)    at osu.Game.Tests.Beatmaps.BeatmapConversionTest`2.<>c__DisplayClass4_1.<Test>b__2() in /app/osu.Game/Tests/Beatmaps/BeatmapConversionTest.cs:line 98
   at NUnit.Framework.Assert.Multiple(TestDelegate testDelegate)
   at osu.Game.Tests.Beatmaps.BeatmapConversionTest`2.<>c__DisplayClass4_0.<Test>b__1() in /app/osu.Game/Tests/Beatmaps/BeatmapConversionTest.cs:line 77
   at NUnit.Framework.Assert.Multiple(TestDelegate testDelegate)
   at osu.Game.Tests.Beatmaps.BeatmapConversionTest`2.Test(String name, Type[] mods) in /app/osu.Game/Tests/Beatmaps/BeatmapConversionTest.cs:line 50
   at osu.Game.Rulesets.Catch.Tests.CatchBeatmapConversionTest.Test(String name, Type[] mods) in /app/osu.Game.Rulesets.Catch.Tests/CatchBeatmapConversionTest.cs:line 58
   at InvokeStub_CatchBeatmapConversionTest.Test(Object, Span`1)

230)    at osu.Game.Tests.Beatmaps.BeatmapConversionTest`2.<>c__DisplayClass4_1.<Test>b__2() in /app/osu.Game/Tests/Beatmaps/BeatmapConversionTest.cs:line 98
   at NUnit.Framework.Assert.Multiple(TestDelegate testDelegate)
   at osu.Game.Tests.Beatmaps.BeatmapConversionTest`2.<>c__DisplayClass4_0.<Test>b__1() in /app/osu.Game/Tests/Beatmaps/BeatmapConversionTest.cs:line 77
   at NUnit.Framework.Assert.Multiple(TestDelegate testDelegate)
   at osu.Game.Tests.Beatmaps.BeatmapConversionTest`2.Test(String name, Type[] mods) in /app/osu.Game/Tests/Beatmaps/BeatmapConversionTest.cs:line 50
   at osu.Game.Rulesets.Catch.Tests.CatchBeatmapConversionTest.Test(String name, Type[] mods) in /app/osu.Game.Rulesets.Catch.Tests/CatchBeatmapConversionTest.cs:line 58
   at InvokeStub_CatchBeatmapConversionTest.Test(Object, Span`1)

231)    at osu.Game.Tests.Beatmaps.BeatmapConversionTest`2.<>c__DisplayClass4_1.<Test>b__2() in /app/osu.Game/Tests/Beatmaps/BeatmapConversionTest.cs:line 98
   at NUnit.Framework.Assert.Multiple(TestDelegate testDelegate)
   at osu.Game.Tests.Beatmaps.BeatmapConversionTest`2.<>c__DisplayClass4_0.<Test>b__1() in /app/osu.Game/Tests/Beatmaps/BeatmapConversionTest.cs:line 77
   at NUnit.Framework.Assert.Multiple(TestDelegate testDelegate)
   at osu.Game.Tests.Beatmaps.BeatmapConversionTest`2.Test(String name, Type[] mods) in /app/osu.Game/Tests/Beatmaps/BeatmapConversionTest.cs:line 50
   at osu.Game.Rulesets.Catch.Tests.CatchBeatmapConversionTest.Test(String name, Type[] mods) in /app/osu.Game.Rulesets.Catch.Tests/CatchBeatmapConversionTest.cs:line 58
   at InvokeStub_CatchBeatmapConversionTest.Test(Object, Span`1)

232)    at osu.Game.Tests.Beatmaps.BeatmapConversionTest`2.<>c__DisplayClass4_1.<Test>b__2() in /app/osu.Game/Tests/Beatmaps/BeatmapConversionTest.cs:line 98
   at NUnit.Framework.Assert.Multiple(TestDelegate testDelegate)
   at osu.Game.Tests.Beatmaps.BeatmapConversionTest`2.<>c__DisplayClass4_0.<Test>b__1() in /app/osu.Game/Tests/Beatmaps/BeatmapConversionTest.cs:line 77
   at NUnit.Framework.Assert.Multiple(TestDelegate testDelegate)
   at osu.Game.Tests.Beatmaps.BeatmapConversionTest`2.Test(String name, Type[] mods) in /app/osu.Game/Tests/Beatmaps/BeatmapConversionTest.cs:line 50
   at osu.Game.Rulesets.Catch.Tests.CatchBeatmapConversionTest.Test(String name, Type[] mods) in /app/osu.Game.Rulesets.Catch.Tests/CatchBeatmapConversionTest.cs:line 58
   at InvokeStub_CatchBeatmapConversionTest.Test(Object, Span`1)

233)    at osu.Game.Tests.Beatmaps.BeatmapConversionTest`2.<>c__DisplayClass4_1.<Test>b__2() in /app/osu.Game/Tests/Beatmaps/BeatmapConversionTest.cs:line 98
   at NUnit.Framework.Assert.Multiple(TestDelegate testDelegate)
   at osu.Game.Tests.Beatmaps.BeatmapConversionTest`2.<>c__DisplayClass4_0.<Test>b__1() in /app/osu.Game/Tests/Beatmaps/BeatmapConversionTest.cs:line 77
   at NUnit.Framework.Assert.Multiple(TestDelegate testDelegate)
   at osu.Game.Tests.Beatmaps.BeatmapConversionTest`2.Test(String name, Type[] mods) in /app/osu.Game/Tests/Beatmaps/BeatmapConversionTest.cs:line 50
   at osu.Game.Rulesets.Catch.Tests.CatchBeatmapConversionTest.Test(String name, Type[] mods) in /app/osu.Game.Rulesets.Catch.Tests/CatchBeatmapConversionTest.cs:line 58
   at InvokeStub_CatchBeatmapConversionTest.Test(Object, Span`1)

234)    at osu.Game.Tests.Beatmaps.BeatmapConversionTest`2.<>c__DisplayClass4_1.<Test>b__2() in /app/osu.Game/Tests/Beatmaps/BeatmapConversionTest.cs:line 98
   at NUnit.Framework.Assert.Multiple(TestDelegate testDelegate)
   at osu.Game.Tests.Beatmaps.BeatmapConversionTest`2.<>c__DisplayClass4_0.<Test>b__1() in /app/osu.Game/Tests/Beatmaps/BeatmapConversionTest.cs:line 77
   at NUnit.Framework.Assert.Multiple(TestDelegate testDelegate)
   at osu.Game.Tests.Beatmaps.BeatmapConversionTest`2.Test(String name, Type[] mods) in /app/osu.Game/Tests/Beatmaps/BeatmapConversionTest.cs:line 50
   at osu.Game.Rulesets.Catch.Tests.CatchBeatmapConversionTest.Test(String name, Type[] mods) in /app/osu.Game.Rulesets.Catch.Tests/CatchBeatmapConversionTest.cs:line 58
   at InvokeStub_CatchBeatmapConversionTest.Test(Object, Span`1)

235)    at osu.Game.Tests.Beatmaps.BeatmapConversionTest`2.<>c__DisplayClass4_1.<Test>b__2() in /app/osu.Game/Tests/Beatmaps/BeatmapConversionTest.cs:line 98
   at NUnit.Framework.Assert.Multiple(TestDelegate testDelegate)
   at osu.Game.Tests.Beatmaps.BeatmapConversionTest`2.<>c__DisplayClass4_0.<Test>b__1() in /app/osu.Game/Tests/Beatmaps/BeatmapConversionTest.cs:line 77
   at NUnit.Framework.Assert.Multiple(TestDelegate testDelegate)
   at osu.Game.Tests.Beatmaps.BeatmapConversionTest`2.Test(String name, Type[] mods) in /app/osu.Game/Tests/Beatmaps/BeatmapConversionTest.cs:line 50
   at osu.Game.Rulesets.Catch.Tests.CatchBeatmapConversionTest.Test(String name, Type[] mods) in /app/osu.Game.Rulesets.Catch.Tests/CatchBeatmapConversionTest.cs:line 58
   at InvokeStub_CatchBeatmapConversionTest.Test(Object, Span`1)

236)    at osu.Game.Tests.Beatmaps.BeatmapConversionTest`2.<>c__DisplayClass4_1.<Test>b__2() in /app/osu.Game/Tests/Beatmaps/BeatmapConversionTest.cs:line 98
   at NUnit.Framework.Assert.Multiple(TestDelegate testDelegate)
   at osu.Game.Tests.Beatmaps.BeatmapConversionTest`2.<>c__DisplayClass4_0.<Test>b__1() in /app/osu.Game/Tests/Beatmaps/BeatmapConversionTest.cs:line 77
   at NUnit.Framework.Assert.Multiple(TestDelegate testDelegate)
   at osu.Game.Tests.Beatmaps.BeatmapConversionTest`2.Test(String name, Type[] mods) in /app/osu.Game/Tests/Beatmaps/BeatmapConversionTest.cs:line 50
   at osu.Game.Rulesets.Catch.Tests.CatchBeatmapConversionTest.Test(String name, Type[] mods) in /app/osu.Game.Rulesets.Catch.Tests/CatchBeatmapConversionTest.cs:line 58
   at InvokeStub_CatchBeatmapConversionTest.Test(Object, Span`1)

237)    at osu.Game.Tests.Beatmaps.BeatmapConversionTest`2.<>c__DisplayClass4_1.<Test>b__2() in /app/osu.Game/Tests/Beatmaps/BeatmapConversionTest.cs:line 98
   at NUnit.Framework.Assert.Multiple(TestDelegate testDelegate)
   at osu.Game.Tests.Beatmaps.BeatmapConversionTest`2.<>c__DisplayClass4_0.<Test>b__1() in /app/osu.Game/Tests/Beatmaps/BeatmapConversionTest.cs:line 77
   at NUnit.Framework.Assert.Multiple(TestDelegate testDelegate)
   at osu.Game.Tests.Beatmaps.BeatmapConversionTest`2.Test(String name, Type[] mods) in /app/osu.Game/Tests/Beatmaps/BeatmapConversionTest.cs:line 50
   at osu.Game.Rulesets.Catch.Tests.CatchBeatmapConversionTest.Test(String name, Type[] mods) in /app/osu.Game.Rulesets.Catch.Tests/CatchBeatmapConversionTest.cs:line 58
   at InvokeStub_CatchBeatmapConversionTest.Test(Object, Span`1)

238)    at osu.Game.Tests.Beatmaps.BeatmapConversionTest`2.<>c__DisplayClass4_1.<Test>b__2() in /app/osu.Game/Tests/Beatmaps/BeatmapConversionTest.cs:line 98
   at NUnit.Framework.Assert.Multiple(TestDelegate testDelegate)
   at osu.Game.Tests.Beatmaps.BeatmapConversionTest`2.<>c__DisplayClass4_0.<Test>b__1() in /app/osu.Game/Tests/Beatmaps/BeatmapConversionTest.cs:line 77
   at NUnit.Framework.Assert.Multiple(TestDelegate testDelegate)
   at osu.Game.Tests.Beatmaps.BeatmapConversionTest`2.Test(String name, Type[] mods) in /app/osu.Game/Tests/Beatmaps/BeatmapConversionTest.cs:line 50
   at osu.Game.Rulesets.Catch.Tests.CatchBeatmapConversionTest.Test(String name, Type[] mods) in /app/osu.Game.Rulesets.Catch.Tests/CatchBeatmapConversionTest.cs:line 58
   at InvokeStub_CatchBeatmapConversionTest.Test(Object, Span`1)

239)    at osu.Game.Tests.Beatmaps.BeatmapConversionTest`2.<>c__DisplayClass4_1.<Test>b__2() in /app/osu.Game/Tests/Beatmaps/BeatmapConversionTest.cs:line 98
   at NUnit.Framework.Assert.Multiple(TestDelegate testDelegate)
   at osu.Game.Tests.Beatmaps.BeatmapConversionTest`2.<>c__DisplayClass4_0.<Test>b__1() in /app/osu.Game/Tests/Beatmaps/BeatmapConversionTest.cs:line 77
   at NUnit.Framework.Assert.Multiple(TestDelegate testDelegate)
   at osu.Game.Tests.Beatmaps.BeatmapConversionTest`2.Test(String name, Type[] mods) in /app/osu.Game/Tests/Beatmaps/BeatmapConversionTest.cs:line 50
   at osu.Game.Rulesets.Catch.Tests.CatchBeatmapConversionTest.Test(String name, Type[] mods) in /app/osu.Game.Rulesets.Catch.Tests/CatchBeatmapConversionTest.cs:line 58
   at InvokeStub_CatchBeatmapConversionTest.Test(Object, Span`1)

240)    at osu.Game.Tests.Beatmaps.BeatmapConversionTest`2.<>c__DisplayClass4_1.<Test>b__2() in /app/osu.Game/Tests/Beatmaps/BeatmapConversionTest.cs:line 98
   at NUnit.Framework.Assert.Multiple(TestDelegate testDelegate)
   at osu.Game.Tests.Beatmaps.BeatmapConversionTest`2.<>c__DisplayClass4_0.<Test>b__1() in /app/osu.Game/Tests/Beatmaps/BeatmapConversionTest.cs:line 77
   at NUnit.Framework.Assert.Multiple(TestDelegate testDelegate)
   at osu.Game.Tests.Beatmaps.BeatmapConversionTest`2.Test(String name, Type[] mods) in /app/osu.Game/Tests/Beatmaps/BeatmapConversionTest.cs:line 50
   at osu.Game.Rulesets.Catch.Tests.CatchBeatmapConversionTest.Test(String name, Type[] mods) in /app/osu.Game.Rulesets.Catch.Tests/CatchBeatmapConversionTest.cs:line 58
   at InvokeStub_CatchBeatmapConversionTest.Test(Object, Span`1)

241)    at osu.Game.Tests.Beatmaps.BeatmapConversionTest`2.<>c__DisplayClass4_1.<Test>b__2() in /app/osu.Game/Tests/Beatmaps/BeatmapConversionTest.cs:line 98
   at NUnit.Framework.Assert.Multiple(TestDelegate testDelegate)
   at osu.Game.Tests.Beatmaps.BeatmapConversionTest`2.<>c__DisplayClass4_0.<Test>b__1() in /app/osu.Game/Tests/Beatmaps/BeatmapConversionTest.cs:line 77
   at NUnit.Framework.Assert.Multiple(TestDelegate testDelegate)
   at osu.Game.Tests.Beatmaps.BeatmapConversionTest`2.Test(String name, Type[] mods) in /app/osu.Game/Tests/Beatmaps/BeatmapConversionTest.cs:line 50
   at osu.Game.Rulesets.Catch.Tests.CatchBeatmapConversionTest.Test(String name, Type[] mods) in /app/osu.Game.Rulesets.Catch.Tests/CatchBeatmapConversionTest.cs:line 58
   at InvokeStub_CatchBeatmapConversionTest.Test(Object, Span`1)

242)    at osu.Game.Tests.Beatmaps.BeatmapConversionTest`2.<>c__DisplayClass4_1.<Test>b__2() in /app/osu.Game/Tests/Beatmaps/BeatmapConversionTest.cs:line 98
   at NUnit.Framework.Assert.Multiple(TestDelegate testDelegate)
   at osu.Game.Tests.Beatmaps.BeatmapConversionTest`2.<>c__DisplayClass4_0.<Test>b__1() in /app/osu.Game/Tests/Beatmaps/BeatmapConversionTest.cs:line 77
   at NUnit.Framework.Assert.Multiple(TestDelegate testDelegate)
   at osu.Game.Tests.Beatmaps.BeatmapConversionTest`2.Test(String name, Type[] mods) in /app/osu.Game/Tests/Beatmaps/BeatmapConversionTest.cs:line 50
   at osu.Game.Rulesets.Catch.Tests.CatchBeatmapConversionTest.Test(String name, Type[] mods) in /app/osu.Game.Rulesets.Catch.Tests/CatchBeatmapConversionTest.cs:line 58
   at InvokeStub_CatchBeatmapConversionTest.Test(Object, Span`1)

243)    at osu.Game.Tests.Beatmaps.BeatmapConversionTest`2.<>c__DisplayClass4_1.<Test>b__2() in /app/osu.Game/Tests/Beatmaps/BeatmapConversionTest.cs:line 98
   at NUnit.Framework.Assert.Multiple(TestDelegate testDelegate)
   at osu.Game.Tests.Beatmaps.BeatmapConversionTest`2.<>c__DisplayClass4_0.<Test>b__1() in /app/osu.Game/Tests/Beatmaps/BeatmapConversionTest.cs:line 77
   at NUnit.Framework.Assert.Multiple(TestDelegate testDelegate)
   at osu.Game.Tests.Beatmaps.BeatmapConversionTest`2.Test(String name, Type[] mods) in /app/osu.Game/Tests/Beatmaps/BeatmapConversionTest.cs:line 50
   at osu.Game.Rulesets.Catch.Tests.CatchBeatmapConversionTest.Test(String name, Type[] mods) in /app/osu.Game.Rulesets.Catch.Tests/CatchBeatmapConversionTest.cs:line 58
   at InvokeStub_CatchBeatmapConversionTest.Test(Object, Span`1)

244)    at osu.Game.Tests.Beatmaps.BeatmapConversionTest`2.<>c__DisplayClass4_1.<Test>b__2() in /app/osu.Game/Tests/Beatmaps/BeatmapConversionTest.cs:line 98
   at NUnit.Framework.Assert.Multiple(TestDelegate testDelegate)
   at osu.Game.Tests.Beatmaps.BeatmapConversionTest`2.<>c__DisplayClass4_0.<Test>b__1() in /app/osu.Game/Tests/Beatmaps/BeatmapConversionTest.cs:line 77
   at NUnit.Framework.Assert.Multiple(TestDelegate testDelegate)
   at osu.Game.Tests.Beatmaps.BeatmapConversionTest`2.Test(String name, Type[] mods) in /app/osu.Game/Tests/Beatmaps/BeatmapConversionTest.cs:line 50
   at osu.Game.Rulesets.Catch.Tests.CatchBeatmapConversionTest.Test(String name, Type[] mods) in /app/osu.Game.Rulesets.Catch.Tests/CatchBeatmapConversionTest.cs:line 58
   at InvokeStub_CatchBeatmapConversionTest.Test(Object, Span`1)

245)    at osu.Game.Tests.Beatmaps.BeatmapConversionTest`2.<>c__DisplayClass4_1.<Test>b__2() in /app/osu.Game/Tests/Beatmaps/BeatmapConversionTest.cs:line 98
   at NUnit.Framework.Assert.Multiple(TestDelegate testDelegate)
   at osu.Game.Tests.Beatmaps.BeatmapConversionTest`2.<>c__DisplayClass4_0.<Test>b__1() in /app/osu.Game/Tests/Beatmaps/BeatmapConversionTest.cs:line 77
   at NUnit.Framework.Assert.Multiple(TestDelegate testDelegate)
   at osu.Game.Tests.Beatmaps.BeatmapConversionTest`2.Test(String name, Type[] mods) in /app/osu.Game/Tests/Beatmaps/BeatmapConversionTest.cs:line 50
   at osu.Game.Rulesets.Catch.Tests.CatchBeatmapConversionTest.Test(String name, Type[] mods) in /app/osu.Game.Rulesets.Catch.Tests/CatchBeatmapConversionTest.cs:line 58
   at InvokeStub_CatchBeatmapConversionTest.Test(Object, Span`1)

246)    at osu.Game.Tests.Beatmaps.BeatmapConversionTest`2.<>c__DisplayClass4_1.<Test>b__2() in /app/osu.Game/Tests/Beatmaps/BeatmapConversionTest.cs:line 98
   at NUnit.Framework.Assert.Multiple(TestDelegate testDelegate)
   at osu.Game.Tests.Beatmaps.BeatmapConversionTest`2.<>c__DisplayClass4_0.<Test>b__1() in /app/osu.Game/Tests/Beatmaps/BeatmapConversionTest.cs:line 77
   at NUnit.Framework.Assert.Multiple(TestDelegate testDelegate)
   at osu.Game.Tests.Beatmaps.BeatmapConversionTest`2.Test(String name, Type[] mods) in /app/osu.Game/Tests/Beatmaps/BeatmapConversionTest.cs:line 50
   at osu.Game.Rulesets.Catch.Tests.CatchBeatmapConversionTest.Test(String name, Type[] mods) in /app/osu.Game.Rulesets.Catch.Tests/CatchBeatmapConversionTest.cs:line 58
   at InvokeStub_CatchBeatmapConversionTest.Test(Object, Span`1)

247)    at osu.Game.Tests.Beatmaps.BeatmapConversionTest`2.<>c__DisplayClass4_1.<Test>b__2() in /app/osu.Game/Tests/Beatmaps/BeatmapConversionTest.cs:line 98
   at NUnit.Framework.Assert.Multiple(TestDelegate testDelegate)
   at osu.Game.Tests.Beatmaps.BeatmapConversionTest`2.<>c__DisplayClass4_0.<Test>b__1() in /app/osu.Game/Tests/Beatmaps/BeatmapConversionTest.cs:line 77
   at NUnit.Framework.Assert.Multiple(TestDelegate testDelegate)
   at osu.Game.Tests.Beatmaps.BeatmapConversionTest`2.Test(String name, Type[] mods) in /app/osu.Game/Tests/Beatmaps/BeatmapConversionTest.cs:line 50
   at osu.Game.Rulesets.Catch.Tests.CatchBeatmapConversionTest.Test(String name, Type[] mods) in /app/osu.Game.Rulesets.Catch.Tests/CatchBeatmapConversionTest.cs:line 58
   at InvokeStub_CatchBeatmapConversionTest.Test(Object, Span`1)

248)    at osu.Game.Tests.Beatmaps.BeatmapConversionTest`2.<>c__DisplayClass4_1.<Test>b__2() in /app/osu.Game/Tests/Beatmaps/BeatmapConversionTest.cs:line 98
   at NUnit.Framework.Assert.Multiple(TestDelegate testDelegate)
   at osu.Game.Tests.Beatmaps.BeatmapConversionTest`2.<>c__DisplayClass4_0.<Test>b__1() in /app/osu.Game/Tests/Beatmaps/BeatmapConversionTest.cs:line 77
   at NUnit.Framework.Assert.Multiple(TestDelegate testDelegate)
   at osu.Game.Tests.Beatmaps.BeatmapConversionTest`2.Test(String name, Type[] mods) in /app/osu.Game/Tests/Beatmaps/BeatmapConversionTest.cs:line 50
   at osu.Game.Rulesets.Catch.Tests.CatchBeatmapConversionTest.Test(String name, Type[] mods) in /app/osu.Game.Rulesets.Catch.Tests/CatchBeatmapConversionTest.cs:line 58
   at InvokeStub_CatchBeatmapConversionTest.Test(Object, Span`1)

249)    at osu.Game.Tests.Beatmaps.BeatmapConversionTest`2.<>c__DisplayClass4_1.<Test>b__2() in /app/osu.Game/Tests/Beatmaps/BeatmapConversionTest.cs:line 98
   at NUnit.Framework.Assert.Multiple(TestDelegate testDelegate)
   at osu.Game.Tests.Beatmaps.BeatmapConversionTest`2.<>c__DisplayClass4_0.<Test>b__1() in /app/osu.Game/Tests/Beatmaps/BeatmapConversionTest.cs:line 77
   at NUnit.Framework.Assert.Multiple(TestDelegate testDelegate)
   at osu.Game.Tests.Beatmaps.BeatmapConversionTest`2.Test(String name, Type[] mods) in /app/osu.Game/Tests/Beatmaps/BeatmapConversionTest.cs:line 50
   at osu.Game.Rulesets.Catch.Tests.CatchBeatmapConversionTest.Test(String name, Type[] mods) in /app/osu.Game.Rulesets.Catch.Tests/CatchBeatmapConversionTest.cs:line 58
   at InvokeStub_CatchBeatmapConversionTest.Test(Object, Span`1)

250)    at osu.Game.Tests.Beatmaps.BeatmapConversionTest`2.<>c__DisplayClass4_1.<Test>b__2() in /app/osu.Game/Tests/Beatmaps/BeatmapConversionTest.cs:line 98
   at NUnit.Framework.Assert.Multiple(TestDelegate testDelegate)
   at osu.Game.Tests.Beatmaps.BeatmapConversionTest`2.<>c__DisplayClass4_0.<Test>b__1() in /app/osu.Game/Tests/Beatmaps/BeatmapConversionTest.cs:line 77
   at NUnit.Framework.Assert.Multiple(TestDelegate testDelegate)
   at osu.Game.Tests.Beatmaps.BeatmapConversionTest`2.Test(String name, Type[] mods) in /app/osu.Game/Tests/Beatmaps/BeatmapConversionTest.cs:line 50
   at osu.Game.Rulesets.Catch.Tests.CatchBeatmapConversionTest.Test(String name, Type[] mods) in /app/osu.Game.Rulesets.Catch.Tests/CatchBeatmapConversionTest.cs:line 58
   at InvokeStub_CatchBeatmapConversionTest.Test(Object, Span`1)

251)    at osu.Game.Tests.Beatmaps.BeatmapConversionTest`2.<>c__DisplayClass4_1.<Test>b__2() in /app/osu.Game/Tests/Beatmaps/BeatmapConversionTest.cs:line 98
   at NUnit.Framework.Assert.Multiple(TestDelegate testDelegate)
   at osu.Game.Tests.Beatmaps.BeatmapConversionTest`2.<>c__DisplayClass4_0.<Test>b__1() in /app/osu.Game/Tests/Beatmaps/BeatmapConversionTest.cs:line 77
   at NUnit.Framework.Assert.Multiple(TestDelegate testDelegate)
   at osu.Game.Tests.Beatmaps.BeatmapConversionTest`2.Test(String name, Type[] mods) in /app/osu.Game/Tests/Beatmaps/BeatmapConversionTest.cs:line 50
   at osu.Game.Rulesets.Catch.Tests.CatchBeatmapConversionTest.Test(String name, Type[] mods) in /app/osu.Game.Rulesets.Catch.Tests/CatchBeatmapConversionTest.cs:line 58
   at InvokeStub_CatchBeatmapConversionTest.Test(Object, Span`1)

252)    at osu.Game.Tests.Beatmaps.BeatmapConversionTest`2.<>c__DisplayClass4_1.<Test>b__2() in /app/osu.Game/Tests/Beatmaps/BeatmapConversionTest.cs:line 98
   at NUnit.Framework.Assert.Multiple(TestDelegate testDelegate)
   at osu.Game.Tests.Beatmaps.BeatmapConversionTest`2.<>c__DisplayClass4_0.<Test>b__1() in /app/osu.Game/Tests/Beatmaps/BeatmapConversionTest.cs:line 77
   at NUnit.Framework.Assert.Multiple(TestDelegate testDelegate)
   at osu.Game.Tests.Beatmaps.BeatmapConversionTest`2.Test(String name, Type[] mods) in /app/osu.Game/Tests/Beatmaps/BeatmapConversionTest.cs:line 50
   at osu.Game.Rulesets.Catch.Tests.CatchBeatmapConversionTest.Test(String name, Type[] mods) in /app/osu.Game.Rulesets.Catch.Tests/CatchBeatmapConversionTest.cs:line 58
   at InvokeStub_CatchBeatmapConversionTest.Test(Object, Span`1)

253)    at osu.Game.Tests.Beatmaps.BeatmapConversionTest`2.<>c__DisplayClass4_1.<Test>b__2() in /app/osu.Game/Tests/Beatmaps/BeatmapConversionTest.cs:line 98
   at NUnit.Framework.Assert.Multiple(TestDelegate testDelegate)
   at osu.Game.Tests.Beatmaps.BeatmapConversionTest`2.<>c__DisplayClass4_0.<Test>b__1() in /app/osu.Game/Tests/Beatmaps/BeatmapConversionTest.cs:line 77
   at NUnit.Framework.Assert.Multiple(TestDelegate testDelegate)
   at osu.Game.Tests.Beatmaps.BeatmapConversionTest`2.Test(String name, Type[] mods) in /app/osu.Game/Tests/Beatmaps/BeatmapConversionTest.cs:line 50
   at osu.Game.Rulesets.Catch.Tests.CatchBeatmapConversionTest.Test(String name, Type[] mods) in /app/osu.Game.Rulesets.Catch.Tests/CatchBeatmapConversionTest.cs:line 58
   at InvokeStub_CatchBeatmapConversionTest.Test(Object, Span`1)

254)    at osu.Game.Tests.Beatmaps.BeatmapConversionTest`2.<>c__DisplayClass4_1.<Test>b__2() in /app/osu.Game/Tests/Beatmaps/BeatmapConversionTest.cs:line 98
   at NUnit.Framework.Assert.Multiple(TestDelegate testDelegate)
   at osu.Game.Tests.Beatmaps.BeatmapConversionTest`2.<>c__DisplayClass4_0.<Test>b__1() in /app/osu.Game/Tests/Beatmaps/BeatmapConversionTest.cs:line 77
   at NUnit.Framework.Assert.Multiple(TestDelegate testDelegate)
   at osu.Game.Tests.Beatmaps.BeatmapConversionTest`2.Test(String name, Type[] mods) in /app/osu.Game/Tests/Beatmaps/BeatmapConversionTest.cs:line 50
   at osu.Game.Rulesets.Catch.Tests.CatchBeatmapConversionTest.Test(String name, Type[] mods) in /app/osu.Game.Rulesets.Catch.Tests/CatchBeatmapConversionTest.cs:line 58
   at InvokeStub_CatchBeatmapConversionTest.Test(Object, Span`1)

255)    at osu.Game.Tests.Beatmaps.BeatmapConversionTest`2.<>c__DisplayClass4_1.<Test>b__2() in /app/osu.Game/Tests/Beatmaps/BeatmapConversionTest.cs:line 98
   at NUnit.Framework.Assert.Multiple(TestDelegate testDelegate)
   at osu.Game.Tests.Beatmaps.BeatmapConversionTest`2.<>c__DisplayClass4_0.<Test>b__1() in /app/osu.Game/Tests/Beatmaps/BeatmapConversionTest.cs:line 77
   at NUnit.Framework.Assert.Multiple(TestDelegate testDelegate)
   at osu.Game.Tests.Beatmaps.BeatmapConversionTest`2.Test(String name, Type[] mods) in /app/osu.Game/Tests/Beatmaps/BeatmapConversionTest.cs:line 50
   at osu.Game.Rulesets.Catch.Tests.CatchBeatmapConversionTest.Test(String name, Type[] mods) in /app/osu.Game.Rulesets.Catch.Tests/CatchBeatmapConversionTest.cs:line 58
   at InvokeStub_CatchBeatmapConversionTest.Test(Object, Span`1)

256)    at osu.Game.Tests.Beatmaps.BeatmapConversionTest`2.<>c__DisplayClass4_1.<Test>b__2() in /app/osu.Game/Tests/Beatmaps/BeatmapConversionTest.cs:line 98
   at NUnit.Framework.Assert.Multiple(TestDelegate testDelegate)
   at osu.Game.Tests.Beatmaps.BeatmapConversionTest`2.<>c__DisplayClass4_0.<Test>b__1() in /app/osu.Game/Tests/Beatmaps/BeatmapConversionTest.cs:line 77
   at NUnit.Framework.Assert.Multiple(TestDelegate testDelegate)
   at osu.Game.Tests.Beatmaps.BeatmapConversionTest`2.Test(String name, Type[] mods) in /app/osu.Game/Tests/Beatmaps/BeatmapConversionTest.cs:line 50
   at osu.Game.Rulesets.Catch.Tests.CatchBeatmapConversionTest.Test(String name, Type[] mods) in /app/osu.Game.Rulesets.Catch.Tests/CatchBeatmapConversionTest.cs:line 58
   at InvokeStub_CatchBeatmapConversionTest.Test(Object, Span`1)

257)    at osu.Game.Tests.Beatmaps.BeatmapConversionTest`2.<>c__DisplayClass4_1.<Test>b__2() in /app/osu.Game/Tests/Beatmaps/BeatmapConversionTest.cs:line 98
   at NUnit.Framework.Assert.Multiple(TestDelegate testDelegate)
   at osu.Game.Tests.Beatmaps.BeatmapConversionTest`2.<>c__DisplayClass4_0.<Test>b__1() in /app/osu.Game/Tests/Beatmaps/BeatmapConversionTest.cs:line 77
   at NUnit.Framework.Assert.Multiple(TestDelegate testDelegate)
   at osu.Game.Tests.Beatmaps.BeatmapConversionTest`2.Test(String name, Type[] mods) in /app/osu.Game/Tests/Beatmaps/BeatmapConversionTest.cs:line 50
   at osu.Game.Rulesets.Catch.Tests.CatchBeatmapConversionTest.Test(String name, Type[] mods) in /app/osu.Game.Rulesets.Catch.Tests/CatchBeatmapConversionTest.cs:line 58
   at InvokeStub_CatchBeatmapConversionTest.Test(Object, Span`1)

258)    at osu.Game.Tests.Beatmaps.BeatmapConversionTest`2.<>c__DisplayClass4_1.<Test>b__2() in /app/osu.Game/Tests/Beatmaps/BeatmapConversionTest.cs:line 98
   at NUnit.Framework.Assert.Multiple(TestDelegate testDelegate)
   at osu.Game.Tests.Beatmaps.BeatmapConversionTest`2.<>c__DisplayClass4_0.<Test>b__1() in /app/osu.Game/Tests/Beatmaps/BeatmapConversionTest.cs:line 77
   at NUnit.Framework.Assert.Multiple(TestDelegate testDelegate)
   at osu.Game.Tests.Beatmaps.BeatmapConversionTest`2.Test(String name, Type[] mods) in /app/osu.Game/Tests/Beatmaps/BeatmapConversionTest.cs:line 50
   at osu.Game.Rulesets.Catch.Tests.CatchBeatmapConversionTest.Test(String name, Type[] mods) in /app/osu.Game.Rulesets.Catch.Tests/CatchBeatmapConversionTest.cs:line 58
   at InvokeStub_CatchBeatmapConversionTest.Test(Object, Span`1)

259)    at osu.Game.Tests.Beatmaps.BeatmapConversionTest`2.<>c__DisplayClass4_1.<Test>b__2() in /app/osu.Game/Tests/Beatmaps/BeatmapConversionTest.cs:line 98
   at NUnit.Framework.Assert.Multiple(TestDelegate testDelegate)
   at osu.Game.Tests.Beatmaps.BeatmapConversionTest`2.<>c__DisplayClass4_0.<Test>b__1() in /app/osu.Game/Tests/Beatmaps/BeatmapConversionTest.cs:line 77
   at NUnit.Framework.Assert.Multiple(TestDelegate testDelegate)
   at osu.Game.Tests.Beatmaps.BeatmapConversionTest`2.Test(String name, Type[] mods) in /app/osu.Game/Tests/Beatmaps/BeatmapConversionTest.cs:line 50
   at osu.Game.Rulesets.Catch.Tests.CatchBeatmapConversionTest.Test(String name, Type[] mods) in /app/osu.Game.Rulesets.Catch.Tests/CatchBeatmapConversionTest.cs:line 58
   at InvokeStub_CatchBeatmapConversionTest.Test(Object, Span`1)

260)    at osu.Game.Tests.Beatmaps.BeatmapConversionTest`2.<>c__DisplayClass4_1.<Test>b__2() in /app/osu.Game/Tests/Beatmaps/BeatmapConversionTest.cs:line 98
   at NUnit.Framework.Assert.Multiple(TestDelegate testDelegate)
   at osu.Game.Tests.Beatmaps.BeatmapConversionTest`2.<>c__DisplayClass4_0.<Test>b__1() in /app/osu.Game/Tests/Beatmaps/BeatmapConversionTest.cs:line 77
   at NUnit.Framework.Assert.Multiple(TestDelegate testDelegate)
   at osu.Game.Tests.Beatmaps.BeatmapConversionTest`2.Test(String name, Type[] mods) in /app/osu.Game/Tests/Beatmaps/BeatmapConversionTest.cs:line 50
   at osu.Game.Rulesets.Catch.Tests.CatchBeatmapConversionTest.Test(String name, Type[] mods) in /app/osu.Game.Rulesets.Catch.Tests/CatchBeatmapConversionTest.cs:line 58
   at InvokeStub_CatchBeatmapConversionTest.Test(Object, Span`1)

261)    at osu.Game.Tests.Beatmaps.BeatmapConversionTest`2.<>c__DisplayClass4_1.<Test>b__2() in /app/osu.Game/Tests/Beatmaps/BeatmapConversionTest.cs:line 98
   at NUnit.Framework.Assert.Multiple(TestDelegate testDelegate)
   at osu.Game.Tests.Beatmaps.BeatmapConversionTest`2.<>c__DisplayClass4_0.<Test>b__1() in /app/osu.Game/Tests/Beatmaps/BeatmapConversionTest.cs:line 77
   at NUnit.Framework.Assert.Multiple(TestDelegate testDelegate)
   at osu.Game.Tests.Beatmaps.BeatmapConversionTest`2.Test(String name, Type[] mods) in /app/osu.Game/Tests/Beatmaps/BeatmapConversionTest.cs:line 50
   at osu.Game.Rulesets.Catch.Tests.CatchBeatmapConversionTest.Test(String name, Type[] mods) in /app/osu.Game.Rulesets.Catch.Tests/CatchBeatmapConversionTest.cs:line 58
   at InvokeStub_CatchBeatmapConversionTest.Test(Object, Span`1)

262)    at osu.Game.Tests.Beatmaps.BeatmapConversionTest`2.<>c__DisplayClass4_1.<Test>b__2() in /app/osu.Game/Tests/Beatmaps/BeatmapConversionTest.cs:line 98
   at NUnit.Framework.Assert.Multiple(TestDelegate testDelegate)
   at osu.Game.Tests.Beatmaps.BeatmapConversionTest`2.<>c__DisplayClass4_0.<Test>b__1() in /app/osu.Game/Tests/Beatmaps/BeatmapConversionTest.cs:line 77
   at NUnit.Framework.Assert.Multiple(TestDelegate testDelegate)
   at osu.Game.Tests.Beatmaps.BeatmapConversionTest`2.Test(String name, Type[] mods) in /app/osu.Game/Tests/Beatmaps/BeatmapConversionTest.cs:line 50
   at osu.Game.Rulesets.Catch.Tests.CatchBeatmapConversionTest.Test(String name, Type[] mods) in /app/osu.Game.Rulesets.Catch.Tests/CatchBeatmapConversionTest.cs:line 58
   at InvokeStub_CatchBeatmapConversionTest.Test(Object, Span`1)

263)    at osu.Game.Tests.Beatmaps.BeatmapConversionTest`2.<>c__DisplayClass4_1.<Test>b__2() in /app/osu.Game/Tests/Beatmaps/BeatmapConversionTest.cs:line 98
   at NUnit.Framework.Assert.Multiple(TestDelegate testDelegate)
   at osu.Game.Tests.Beatmaps.BeatmapConversionTest`2.<>c__DisplayClass4_0.<Test>b__1() in /app/osu.Game/Tests/Beatmaps/BeatmapConversionTest.cs:line 77
   at NUnit.Framework.Assert.Multiple(TestDelegate testDelegate)
   at osu.Game.Tests.Beatmaps.BeatmapConversionTest`2.Test(String name, Type[] mods) in /app/osu.Game/Tests/Beatmaps/BeatmapConversionTest.cs:line 50
   at osu.Game.Rulesets.Catch.Tests.CatchBeatmapConversionTest.Test(String name, Type[] mods) in /app/osu.Game.Rulesets.Catch.Tests/CatchBeatmapConversionTest.cs:line 58
   at InvokeStub_CatchBeatmapConversionTest.Test(Object, Span`1)

264)    at osu.Game.Tests.Beatmaps.BeatmapConversionTest`2.<>c__DisplayClass4_1.<Test>b__2() in /app/osu.Game/Tests/Beatmaps/BeatmapConversionTest.cs:line 98
   at NUnit.Framework.Assert.Multiple(TestDelegate testDelegate)
   at osu.Game.Tests.Beatmaps.BeatmapConversionTest`2.<>c__DisplayClass4_0.<Test>b__1() in /app/osu.Game/Tests/Beatmaps/BeatmapConversionTest.cs:line 77
   at NUnit.Framework.Assert.Multiple(TestDelegate testDelegate)
   at osu.Game.Tests.Beatmaps.BeatmapConversionTest`2.Test(String name, Type[] mods) in /app/osu.Game/Tests/Beatmaps/BeatmapConversionTest.cs:line 50
   at osu.Game.Rulesets.Catch.Tests.CatchBeatmapConversionTest.Test(String name, Type[] mods) in /app/osu.Game.Rulesets.Catch.Tests/CatchBeatmapConversionTest.cs:line 58
   at InvokeStub_CatchBeatmapConversionTest.Test(Object, Span`1)

265)    at osu.Game.Tests.Beatmaps.BeatmapConversionTest`2.<>c__DisplayClass4_1.<Test>b__2() in /app/osu.Game/Tests/Beatmaps/BeatmapConversionTest.cs:line 98
   at NUnit.Framework.Assert.Multiple(TestDelegate testDelegate)
   at osu.Game.Tests.Beatmaps.BeatmapConversionTest`2.<>c__DisplayClass4_0.<Test>b__1() in /app/osu.Game/Tests/Beatmaps/BeatmapConversionTest.cs:line 77
   at NUnit.Framework.Assert.Multiple(TestDelegate testDelegate)
   at osu.Game.Tests.Beatmaps.BeatmapConversionTest`2.Test(String name, Type[] mods) in /app/osu.Game/Tests/Beatmaps/BeatmapConversionTest.cs:line 50
   at osu.Game.Rulesets.Catch.Tests.CatchBeatmapConversionTest.Test(String name, Type[] mods) in /app/osu.Game.Rulesets.Catch.Tests/CatchBeatmapConversionTest.cs:line 58
   at InvokeStub_CatchBeatmapConversionTest.Test(Object, Span`1)

266)    at osu.Game.Tests.Beatmaps.BeatmapConversionTest`2.<>c__DisplayClass4_1.<Test>b__2() in /app/osu.Game/Tests/Beatmaps/BeatmapConversionTest.cs:line 98
   at NUnit.Framework.Assert.Multiple(TestDelegate testDelegate)
   at osu.Game.Tests.Beatmaps.BeatmapConversionTest`2.<>c__DisplayClass4_0.<Test>b__1() in /app/osu.Game/Tests/Beatmaps/BeatmapConversionTest.cs:line 77
   at NUnit.Framework.Assert.Multiple(TestDelegate testDelegate)
   at osu.Game.Tests.Beatmaps.BeatmapConversionTest`2.Test(String name, Type[] mods) in /app/osu.Game/Tests/Beatmaps/BeatmapConversionTest.cs:line 50
   at osu.Game.Rulesets.Catch.Tests.CatchBeatmapConversionTest.Test(String name, Type[] mods) in /app/osu.Game.Rulesets.Catch.Tests/CatchBeatmapConversionTest.cs:line 58
   at InvokeStub_CatchBeatmapConversionTest.Test(Object, Span`1)

267)    at osu.Game.Tests.Beatmaps.BeatmapConversionTest`2.<>c__DisplayClass4_1.<Test>b__2() in /app/osu.Game/Tests/Beatmaps/BeatmapConversionTest.cs:line 98
   at NUnit.Framework.Assert.Multiple(TestDelegate testDelegate)
   at osu.Game.Tests.Beatmaps.BeatmapConversionTest`2.<>c__DisplayClass4_0.<Test>b__1() in /app/osu.Game/Tests/Beatmaps/BeatmapConversionTest.cs:line 77
   at NUnit.Framework.Assert.Multiple(TestDelegate testDelegate)
   at osu.Game.Tests.Beatmaps.BeatmapConversionTest`2.Test(String name, Type[] mods) in /app/osu.Game/Tests/Beatmaps/BeatmapConversionTest.cs:line 50
   at osu.Game.Rulesets.Catch.Tests.CatchBeatmapConversionTest.Test(String name, Type[] mods) in /app/osu.Game.Rulesets.Catch.Tests/CatchBeatmapConversionTest.cs:line 58
   at InvokeStub_CatchBeatmapConversionTest.Test(Object, Span`1)

268)    at osu.Game.Tests.Beatmaps.BeatmapConversionTest`2.<>c__DisplayClass4_1.<Test>b__2() in /app/osu.Game/Tests/Beatmaps/BeatmapConversionTest.cs:line 98
   at NUnit.Framework.Assert.Multiple(TestDelegate testDelegate)
   at osu.Game.Tests.Beatmaps.BeatmapConversionTest`2.<>c__DisplayClass4_0.<Test>b__1() in /app/osu.Game/Tests/Beatmaps/BeatmapConversionTest.cs:line 77
   at NUnit.Framework.Assert.Multiple(TestDelegate testDelegate)
   at osu.Game.Tests.Beatmaps.BeatmapConversionTest`2.Test(String name, Type[] mods) in /app/osu.Game/Tests/Beatmaps/BeatmapConversionTest.cs:line 50
   at osu.Game.Rulesets.Catch.Tests.CatchBeatmapConversionTest.Test(String name, Type[] mods) in /app/osu.Game.Rulesets.Catch.Tests/CatchBeatmapConversionTest.cs:line 58
   at InvokeStub_CatchBeatmapConversionTest.Test(Object, Span`1)

269)    at osu.Game.Tests.Beatmaps.BeatmapConversionTest`2.<>c__DisplayClass4_1.<Test>b__2() in /app/osu.Game/Tests/Beatmaps/BeatmapConversionTest.cs:line 98
   at NUnit.Framework.Assert.Multiple(TestDelegate testDelegate)
   at osu.Game.Tests.Beatmaps.BeatmapConversionTest`2.<>c__DisplayClass4_0.<Test>b__1() in /app/osu.Game/Tests/Beatmaps/BeatmapConversionTest.cs:line 77
   at NUnit.Framework.Assert.Multiple(TestDelegate testDelegate)
   at osu.Game.Tests.Beatmaps.BeatmapConversionTest`2.Test(String name, Type[] mods) in /app/osu.Game/Tests/Beatmaps/BeatmapConversionTest.cs:line 50
   at osu.Game.Rulesets.Catch.Tests.CatchBeatmapConversionTest.Test(String name, Type[] mods) in /app/osu.Game.Rulesets.Catch.Tests/CatchBeatmapConversionTest.cs:line 58
   at InvokeStub_CatchBeatmapConversionTest.Test(Object, Span`1)

270)    at osu.Game.Tests.Beatmaps.BeatmapConversionTest`2.<>c__DisplayClass4_1.<Test>b__2() in /app/osu.Game/Tests/Beatmaps/BeatmapConversionTest.cs:line 98
   at NUnit.Framework.Assert.Multiple(TestDelegate testDelegate)
   at osu.Game.Tests.Beatmaps.BeatmapConversionTest`2.<>c__DisplayClass4_0.<Test>b__1() in /app/osu.Game/Tests/Beatmaps/BeatmapConversionTest.cs:line 77
   at NUnit.Framework.Assert.Multiple(TestDelegate testDelegate)
   at osu.Game.Tests.Beatmaps.BeatmapConversionTest`2.Test(String name, Type[] mods) in /app/osu.Game/Tests/Beatmaps/BeatmapConversionTest.cs:line 50
   at osu.Game.Rulesets.Catch.Tests.CatchBeatmapConversionTest.Test(String name, Type[] mods) in /app/osu.Game.Rulesets.Catch.Tests/CatchBeatmapConversionTest.cs:line 58
   at InvokeStub_CatchBeatmapConversionTest.Test(Object, Span`1)

271)    at osu.Game.Tests.Beatmaps.BeatmapConversionTest`2.<>c__DisplayClass4_1.<Test>b__2() in /app/osu.Game/Tests/Beatmaps/BeatmapConversionTest.cs:line 98
   at NUnit.Framework.Assert.Multiple(TestDelegate testDelegate)
   at osu.Game.Tests.Beatmaps.BeatmapConversionTest`2.<>c__DisplayClass4_0.<Test>b__1() in /app/osu.Game/Tests/Beatmaps/BeatmapConversionTest.cs:line 77
   at NUnit.Framework.Assert.Multiple(TestDelegate testDelegate)
   at osu.Game.Tests.Beatmaps.BeatmapConversionTest`2.Test(String name, Type[] mods) in /app/osu.Game/Tests/Beatmaps/BeatmapConversionTest.cs:line 50
   at osu.Game.Rulesets.Catch.Tests.CatchBeatmapConversionTest.Test(String name, Type[] mods) in /app/osu.Game.Rulesets.Catch.Tests/CatchBeatmapConversionTest.cs:line 58
   at InvokeStub_CatchBeatmapConversionTest.Test(Object, Span`1)

272)    at osu.Game.Tests.Beatmaps.BeatmapConversionTest`2.<>c__DisplayClass4_1.<Test>b__2() in /app/osu.Game/Tests/Beatmaps/BeatmapConversionTest.cs:line 98
   at NUnit.Framework.Assert.Multiple(TestDelegate testDelegate)
   at osu.Game.Tests.Beatmaps.BeatmapConversionTest`2.<>c__DisplayClass4_0.<Test>b__1() in /app/osu.Game/Tests/Beatmaps/BeatmapConversionTest.cs:line 77
   at NUnit.Framework.Assert.Multiple(TestDelegate testDelegate)
   at osu.Game.Tests.Beatmaps.BeatmapConversionTest`2.Test(String name, Type[] mods) in /app/osu.Game/Tests/Beatmaps/BeatmapConversionTest.cs:line 50
   at osu.Game.Rulesets.Catch.Tests.CatchBeatmapConversionTest.Test(String name, Type[] mods) in /app/osu.Game.Rulesets.Catch.Tests/CatchBeatmapConversionTest.cs:line 58
   at InvokeStub_CatchBeatmapConversionTest.Test(Object, Span`1)

273)    at osu.Game.Tests.Beatmaps.BeatmapConversionTest`2.<>c__DisplayClass4_1.<Test>b__2() in /app/osu.Game/Tests/Beatmaps/BeatmapConversionTest.cs:line 98
   at NUnit.Framework.Assert.Multiple(TestDelegate testDelegate)
   at osu.Game.Tests.Beatmaps.BeatmapConversionTest`2.<>c__DisplayClass4_0.<Test>b__1() in /app/osu.Game/Tests/Beatmaps/BeatmapConversionTest.cs:line 77
   at NUnit.Framework.Assert.Multiple(TestDelegate testDelegate)
   at osu.Game.Tests.Beatmaps.BeatmapConversionTest`2.Test(String name, Type[] mods) in /app/osu.Game/Tests/Beatmaps/BeatmapConversionTest.cs:line 50
   at osu.Game.Rulesets.Catch.Tests.CatchBeatmapConversionTest.Test(String name, Type[] mods) in /app/osu.Game.Rulesets.Catch.Tests/CatchBeatmapConversionTest.cs:line 58
   at InvokeStub_CatchBeatmapConversionTest.Test(Object, Span`1)

274)    at osu.Game.Tests.Beatmaps.BeatmapConversionTest`2.<>c__DisplayClass4_1.<Test>b__2() in /app/osu.Game/Tests/Beatmaps/BeatmapConversionTest.cs:line 98
   at NUnit.Framework.Assert.Multiple(TestDelegate testDelegate)
   at osu.Game.Tests.Beatmaps.BeatmapConversionTest`2.<>c__DisplayClass4_0.<Test>b__1() in /app/osu.Game/Tests/Beatmaps/BeatmapConversionTest.cs:line 77
   at NUnit.Framework.Assert.Multiple(TestDelegate testDelegate)
   at osu.Game.Tests.Beatmaps.BeatmapConversionTest`2.Test(String name, Type[] mods) in /app/osu.Game/Tests/Beatmaps/BeatmapConversionTest.cs:line 50
   at osu.Game.Rulesets.Catch.Tests.CatchBeatmapConversionTest.Test(String name, Type[] mods) in /app/osu.Game.Rulesets.Catch.Tests/CatchBeatmapConversionTest.cs:line 58
   at InvokeStub_CatchBeatmapConversionTest.Test(Object, Span`1)

275)    at osu.Game.Tests.Beatmaps.BeatmapConversionTest`2.<>c__DisplayClass4_1.<Test>b__2() in /app/osu.Game/Tests/Beatmaps/BeatmapConversionTest.cs:line 98
   at NUnit.Framework.Assert.Multiple(TestDelegate testDelegate)
   at osu.Game.Tests.Beatmaps.BeatmapConversionTest`2.<>c__DisplayClass4_0.<Test>b__1() in /app/osu.Game/Tests/Beatmaps/BeatmapConversionTest.cs:line 77
   at NUnit.Framework.Assert.Multiple(TestDelegate testDelegate)
   at osu.Game.Tests.Beatmaps.BeatmapConversionTest`2.Test(String name, Type[] mods) in /app/osu.Game/Tests/Beatmaps/BeatmapConversionTest.cs:line 50
   at osu.Game.Rulesets.Catch.Tests.CatchBeatmapConversionTest.Test(String name, Type[] mods) in /app/osu.Game.Rulesets.Catch.Tests/CatchBeatmapConversionTest.cs:line 58
   at InvokeStub_CatchBeatmapConversionTest.Test(Object, Span`1)

276)    at osu.Game.Tests.Beatmaps.BeatmapConversionTest`2.<>c__DisplayClass4_1.<Test>b__2() in /app/osu.Game/Tests/Beatmaps/BeatmapConversionTest.cs:line 98
   at NUnit.Framework.Assert.Multiple(TestDelegate testDelegate)
   at osu.Game.Tests.Beatmaps.BeatmapConversionTest`2.<>c__DisplayClass4_0.<Test>b__1() in /app/osu.Game/Tests/Beatmaps/BeatmapConversionTest.cs:line 77
   at NUnit.Framework.Assert.Multiple(TestDelegate testDelegate)
   at osu.Game.Tests.Beatmaps.BeatmapConversionTest`2.Test(String name, Type[] mods) in /app/osu.Game/Tests/Beatmaps/BeatmapConversionTest.cs:line 50
   at osu.Game.Rulesets.Catch.Tests.CatchBeatmapConversionTest.Test(String name, Type[] mods) in /app/osu.Game.Rulesets.Catch.Tests/CatchBeatmapConversionTest.cs:line 58
   at InvokeStub_CatchBeatmapConversionTest.Test(Object, Span`1)

277)    at osu.Game.Tests.Beatmaps.BeatmapConversionTest`2.<>c__DisplayClass4_1.<Test>b__2() in /app/osu.Game/Tests/Beatmaps/BeatmapConversionTest.cs:line 98
   at NUnit.Framework.Assert.Multiple(TestDelegate testDelegate)
   at osu.Game.Tests.Beatmaps.BeatmapConversionTest`2.<>c__DisplayClass4_0.<Test>b__1() in /app/osu.Game/Tests/Beatmaps/BeatmapConversionTest.cs:line 77
   at NUnit.Framework.Assert.Multiple(TestDelegate testDelegate)
   at osu.Game.Tests.Beatmaps.BeatmapConversionTest`2.Test(String name, Type[] mods) in /app/osu.Game/Tests/Beatmaps/BeatmapConversionTest.cs:line 50
   at osu.Game.Rulesets.Catch.Tests.CatchBeatmapConversionTest.Test(String name, Type[] mods) in /app/osu.Game.Rulesets.Catch.Tests/CatchBeatmapConversionTest.cs:line 58
   at InvokeStub_CatchBeatmapConversionTest.Test(Object, Span`1)

278)    at osu.Game.Tests.Beatmaps.BeatmapConversionTest`2.<>c__DisplayClass4_1.<Test>b__2() in /app/osu.Game/Tests/Beatmaps/BeatmapConversionTest.cs:line 98
   at NUnit.Framework.Assert.Multiple(TestDelegate testDelegate)
   at osu.Game.Tests.Beatmaps.BeatmapConversionTest`2.<>c__DisplayClass4_0.<Test>b__1() in /app/osu.Game/Tests/Beatmaps/BeatmapConversionTest.cs:line 77
   at NUnit.Framework.Assert.Multiple(TestDelegate testDelegate)
   at osu.Game.Tests.Beatmaps.BeatmapConversionTest`2.Test(String name, Type[] mods) in /app/osu.Game/Tests/Beatmaps/BeatmapConversionTest.cs:line 50
   at osu.Game.Rulesets.Catch.Tests.CatchBeatmapConversionTest.Test(String name, Type[] mods) in /app/osu.Game.Rulesets.Catch.Tests/CatchBeatmapConversionTest.cs:line 58
   at InvokeStub_CatchBeatmapConversionTest.Test(Object, Span`1)

279)    at osu.Game.Tests.Beatmaps.BeatmapConversionTest`2.<>c__DisplayClass4_1.<Test>b__2() in /app/osu.Game/Tests/Beatmaps/BeatmapConversionTest.cs:line 98
   at NUnit.Framework.Assert.Multiple(TestDelegate testDelegate)
   at osu.Game.Tests.Beatmaps.BeatmapConversionTest`2.<>c__DisplayClass4_0.<Test>b__1() in /app/osu.Game/Tests/Beatmaps/BeatmapConversionTest.cs:line 77
   at NUnit.Framework.Assert.Multiple(TestDelegate testDelegate)
   at osu.Game.Tests.Beatmaps.BeatmapConversionTest`2.Test(String name, Type[] mods) in /app/osu.Game/Tests/Beatmaps/BeatmapConversionTest.cs:line 50
   at osu.Game.Rulesets.Catch.Tests.CatchBeatmapConversionTest.Test(String name, Type[] mods) in /app/osu.Game.Rulesets.Catch.Tests/CatchBeatmapConversionTest.cs:line 58
   at InvokeStub_CatchBeatmapConversionTest.Test(Object, Span`1)

280)    at osu.Game.Tests.Beatmaps.BeatmapConversionTest`2.<>c__DisplayClass4_1.<Test>b__2() in /app/osu.Game/Tests/Beatmaps/BeatmapConversionTest.cs:line 98
   at NUnit.Framework.Assert.Multiple(TestDelegate testDelegate)
   at osu.Game.Tests.Beatmaps.BeatmapConversionTest`2.<>c__DisplayClass4_0.<Test>b__1() in /app/osu.Game/Tests/Beatmaps/BeatmapConversionTest.cs:line 77
   at NUnit.Framework.Assert.Multiple(TestDelegate testDelegate)
   at osu.Game.Tests.Beatmaps.BeatmapConversionTest`2.Test(String name, Type[] mods) in /app/osu.Game/Tests/Beatmaps/BeatmapConversionTest.cs:line 50
   at osu.Game.Rulesets.Catch.Tests.CatchBeatmapConversionTest.Test(String name, Type[] mods) in /app/osu.Game.Rulesets.Catch.Tests/CatchBeatmapConversionTest.cs:line 58
   at InvokeStub_CatchBeatmapConversionTest.Test(Object, Span`1)

281)    at osu.Game.Tests.Beatmaps.BeatmapConversionTest`2.<>c__DisplayClass4_1.<Test>b__2() in /app/osu.Game/Tests/Beatmaps/BeatmapConversionTest.cs:line 98
   at NUnit.Framework.Assert.Multiple(TestDelegate testDelegate)
   at osu.Game.Tests.Beatmaps.BeatmapConversionTest`2.<>c__DisplayClass4_0.<Test>b__1() in /app/osu.Game/Tests/Beatmaps/BeatmapConversionTest.cs:line 77
   at NUnit.Framework.Assert.Multiple(TestDelegate testDelegate)
   at osu.Game.Tests.Beatmaps.BeatmapConversionTest`2.Test(String name, Type[] mods) in /app/osu.Game/Tests/Beatmaps/BeatmapConversionTest.cs:line 50
   at osu.Game.Rulesets.Catch.Tests.CatchBeatmapConversionTest.Test(String name, Type[] mods) in /app/osu.Game.Rulesets.Catch.Tests/CatchBeatmapConversionTest.cs:line 58
   at InvokeStub_CatchBeatmapConversionTest.Test(Object, Span`1)

282)    at osu.Game.Tests.Beatmaps.BeatmapConversionTest`2.<>c__DisplayClass4_1.<Test>b__2() in /app/osu.Game/Tests/Beatmaps/BeatmapConversionTest.cs:line 98
   at NUnit.Framework.Assert.Multiple(TestDelegate testDelegate)
   at osu.Game.Tests.Beatmaps.BeatmapConversionTest`2.<>c__DisplayClass4_0.<Test>b__1() in /app/osu.Game/Tests/Beatmaps/BeatmapConversionTest.cs:line 77
   at NUnit.Framework.Assert.Multiple(TestDelegate testDelegate)
   at osu.Game.Tests.Beatmaps.BeatmapConversionTest`2.Test(String name, Type[] mods) in /app/osu.Game/Tests/Beatmaps/BeatmapConversionTest.cs:line 50
   at osu.Game.Rulesets.Catch.Tests.CatchBeatmapConversionTest.Test(String name, Type[] mods) in /app/osu.Game.Rulesets.Catch.Tests/CatchBeatmapConversionTest.cs:line 58
   at InvokeStub_CatchBeatmapConversionTest.Test(Object, Span`1)

283)    at osu.Game.Tests.Beatmaps.BeatmapConversionTest`2.<>c__DisplayClass4_1.<Test>b__2() in /app/osu.Game/Tests/Beatmaps/BeatmapConversionTest.cs:line 98
   at NUnit.Framework.Assert.Multiple(TestDelegate testDelegate)
   at osu.Game.Tests.Beatmaps.BeatmapConversionTest`2.<>c__DisplayClass4_0.<Test>b__1() in /app/osu.Game/Tests/Beatmaps/BeatmapConversionTest.cs:line 77
   at NUnit.Framework.Assert.Multiple(TestDelegate testDelegate)
   at osu.Game.Tests.Beatmaps.BeatmapConversionTest`2.Test(String name, Type[] mods) in /app/osu.Game/Tests/Beatmaps/BeatmapConversionTest.cs:line 50
   at osu.Game.Rulesets.Catch.Tests.CatchBeatmapConversionTest.Test(String name, Type[] mods) in /app/osu.Game.Rulesets.Catch.Tests/CatchBeatmapConversionTest.cs:line 58
   at InvokeStub_CatchBeatmapConversionTest.Test(Object, Span`1)

284)    at osu.Game.Tests.Beatmaps.BeatmapConversionTest`2.<>c__DisplayClass4_1.<Test>b__2() in /app/osu.Game/Tests/Beatmaps/BeatmapConversionTest.cs:line 98
   at NUnit.Framework.Assert.Multiple(TestDelegate testDelegate)
   at osu.Game.Tests.Beatmaps.BeatmapConversionTest`2.<>c__DisplayClass4_0.<Test>b__1() in /app/osu.Game/Tests/Beatmaps/BeatmapConversionTest.cs:line 77
   at NUnit.Framework.Assert.Multiple(TestDelegate testDelegate)
   at osu.Game.Tests.Beatmaps.BeatmapConversionTest`2.Test(String name, Type[] mods) in /app/osu.Game/Tests/Beatmaps/BeatmapConversionTest.cs:line 50
   at osu.Game.Rulesets.Catch.Tests.CatchBeatmapConversionTest.Test(String name, Type[] mods) in /app/osu.Game.Rulesets.Catch.Tests/CatchBeatmapConversionTest.cs:line 58
   at InvokeStub_CatchBeatmapConversionTest.Test(Object, Span`1)

285)    at osu.Game.Tests.Beatmaps.BeatmapConversionTest`2.<>c__DisplayClass4_1.<Test>b__2() in /app/osu.Game/Tests/Beatmaps/BeatmapConversionTest.cs:line 98
   at NUnit.Framework.Assert.Multiple(TestDelegate testDelegate)
   at osu.Game.Tests.Beatmaps.BeatmapConversionTest`2.<>c__DisplayClass4_0.<Test>b__1() in /app/osu.Game/Tests/Beatmaps/BeatmapConversionTest.cs:line 77
   at NUnit.Framework.Assert.Multiple(TestDelegate testDelegate)
   at osu.Game.Tests.Beatmaps.BeatmapConversionTest`2.Test(String name, Type[] mods) in /app/osu.Game/Tests/Beatmaps/BeatmapConversionTest.cs:line 50
   at osu.Game.Rulesets.Catch.Tests.CatchBeatmapConversionTest.Test(String name, Type[] mods) in /app/osu.Game.Rulesets.Catch.Tests/CatchBeatmapConversionTest.cs:line 58
   at InvokeStub_CatchBeatmapConversionTest.Test(Object, Span`1)

286)    at osu.Game.Tests.Beatmaps.BeatmapConversionTest`2.<>c__DisplayClass4_1.<Test>b__2() in /app/osu.Game/Tests/Beatmaps/BeatmapConversionTest.cs:line 98
   at NUnit.Framework.Assert.Multiple(TestDelegate testDelegate)
   at osu.Game.Tests.Beatmaps.BeatmapConversionTest`2.<>c__DisplayClass4_0.<Test>b__1() in /app/osu.Game/Tests/Beatmaps/BeatmapConversionTest.cs:line 77
   at NUnit.Framework.Assert.Multiple(TestDelegate testDelegate)
   at osu.Game.Tests.Beatmaps.BeatmapConversionTest`2.Test(String name, Type[] mods) in /app/osu.Game/Tests/Beatmaps/BeatmapConversionTest.cs:line 50
   at osu.Game.Rulesets.Catch.Tests.CatchBeatmapConversionTest.Test(String name, Type[] mods) in /app/osu.Game.Rulesets.Catch.Tests/CatchBeatmapConversionTest.cs:line 58
   at InvokeStub_CatchBeatmapConversionTest.Test(Object, Span`1)

287)    at osu.Game.Tests.Beatmaps.BeatmapConversionTest`2.<>c__DisplayClass4_1.<Test>b__2() in /app/osu.Game/Tests/Beatmaps/BeatmapConversionTest.cs:line 98
   at NUnit.Framework.Assert.Multiple(TestDelegate testDelegate)
   at osu.Game.Tests.Beatmaps.BeatmapConversionTest`2.<>c__DisplayClass4_0.<Test>b__1() in /app/osu.Game/Tests/Beatmaps/BeatmapConversionTest.cs:line 77
   at NUnit.Framework.Assert.Multiple(TestDelegate testDelegate)
   at osu.Game.Tests.Beatmaps.BeatmapConversionTest`2.Test(String name, Type[] mods) in /app/osu.Game/Tests/Beatmaps/BeatmapConversionTest.cs:line 50
   at osu.Game.Rulesets.Catch.Tests.CatchBeatmapConversionTest.Test(String name, Type[] mods) in /app/osu.Game.Rulesets.Catch.Tests/CatchBeatmapConversionTest.cs:line 58
   at InvokeStub_CatchBeatmapConversionTest.Test(Object, Span`1)

288)    at osu.Game.Tests.Beatmaps.BeatmapConversionTest`2.<>c__DisplayClass4_1.<Test>b__2() in /app/osu.Game/Tests/Beatmaps/BeatmapConversionTest.cs:line 98
   at NUnit.Framework.Assert.Multiple(TestDelegate testDelegate)
   at osu.Game.Tests.Beatmaps.BeatmapConversionTest`2.<>c__DisplayClass4_0.<Test>b__1() in /app/osu.Game/Tests/Beatmaps/BeatmapConversionTest.cs:line 77
   at NUnit.Framework.Assert.Multiple(TestDelegate testDelegate)
   at osu.Game.Tests.Beatmaps.BeatmapConversionTest`2.Test(String name, Type[] mods) in /app/osu.Game/Tests/Beatmaps/BeatmapConversionTest.cs:line 50
   at osu.Game.Rulesets.Catch.Tests.CatchBeatmapConversionTest.Test(String name, Type[] mods) in /app/osu.Game.Rulesets.Catch.Tests/CatchBeatmapConversionTest.cs:line 58
   at InvokeStub_CatchBeatmapConversionTest.Test(Object, Span`1)

289)    at osu.Game.Tests.Beatmaps.BeatmapConversionTest`2.<>c__DisplayClass4_1.<Test>b__2() in /app/osu.Game/Tests/Beatmaps/BeatmapConversionTest.cs:line 98
   at NUnit.Framework.Assert.Multiple(TestDelegate testDelegate)
   at osu.Game.Tests.Beatmaps.BeatmapConversionTest`2.<>c__DisplayClass4_0.<Test>b__1() in /app/osu.Game/Tests/Beatmaps/BeatmapConversionTest.cs:line 77
   at NUnit.Framework.Assert.Multiple(TestDelegate testDelegate)
   at osu.Game.Tests.Beatmaps.BeatmapConversionTest`2.Test(String name, Type[] mods) in /app/osu.Game/Tests/Beatmaps/BeatmapConversionTest.cs:line 50
   at osu.Game.Rulesets.Catch.Tests.CatchBeatmapConversionTest.Test(String name, Type[] mods) in /app/osu.Game.Rulesets.Catch.Tests/CatchBeatmapConversionTest.cs:line 58
   at InvokeStub_CatchBeatmapConversionTest.Test(Object, Span`1)

290)    at osu.Game.Tests.Beatmaps.BeatmapConversionTest`2.<>c__DisplayClass4_1.<Test>b__2() in /app/osu.Game/Tests/Beatmaps/BeatmapConversionTest.cs:line 98
   at NUnit.Framework.Assert.Multiple(TestDelegate testDelegate)
   at osu.Game.Tests.Beatmaps.BeatmapConversionTest`2.<>c__DisplayClass4_0.<Test>b__1() in /app/osu.Game/Tests/Beatmaps/BeatmapConversionTest.cs:line 77
   at NUnit.Framework.Assert.Multiple(TestDelegate testDelegate)
   at osu.Game.Tests.Beatmaps.BeatmapConversionTest`2.Test(String name, Type[] mods) in /app/osu.Game/Tests/Beatmaps/BeatmapConversionTest.cs:line 50
   at osu.Game.Rulesets.Catch.Tests.CatchBeatmapConversionTest.Test(String name, Type[] mods) in /app/osu.Game.Rulesets.Catch.Tests/CatchBeatmapConversionTest.cs:line 58
   at InvokeStub_CatchBeatmapConversionTest.Test(Object, Span`1)

291)    at osu.Game.Tests.Beatmaps.BeatmapConversionTest`2.<>c__DisplayClass4_1.<Test>b__2() in /app/osu.Game/Tests/Beatmaps/BeatmapConversionTest.cs:line 98
   at NUnit.Framework.Assert.Multiple(TestDelegate testDelegate)
   at osu.Game.Tests.Beatmaps.BeatmapConversionTest`2.<>c__DisplayClass4_0.<Test>b__1() in /app/osu.Game/Tests/Beatmaps/BeatmapConversionTest.cs:line 77
   at NUnit.Framework.Assert.Multiple(TestDelegate testDelegate)
   at osu.Game.Tests.Beatmaps.BeatmapConversionTest`2.Test(String name, Type[] mods) in /app/osu.Game/Tests/Beatmaps/BeatmapConversionTest.cs:line 50
   at osu.Game.Rulesets.Catch.Tests.CatchBeatmapConversionTest.Test(String name, Type[] mods) in /app/osu.Game.Rulesets.Catch.Tests/CatchBeatmapConversionTest.cs:line 58
   at InvokeStub_CatchBeatmapConversionTest.Test(Object, Span`1)

292)    at osu.Game.Tests.Beatmaps.BeatmapConversionTest`2.<>c__DisplayClass4_1.<Test>b__2() in /app/osu.Game/Tests/Beatmaps/BeatmapConversionTest.cs:line 98
   at NUnit.Framework.Assert.Multiple(TestDelegate testDelegate)
   at osu.Game.Tests.Beatmaps.BeatmapConversionTest`2.<>c__DisplayClass4_0.<Test>b__1() in /app/osu.Game/Tests/Beatmaps/BeatmapConversionTest.cs:line 77
   at NUnit.Framework.Assert.Multiple(TestDelegate testDelegate)
   at osu.Game.Tests.Beatmaps.BeatmapConversionTest`2.Test(String name, Type[] mods) in /app/osu.Game/Tests/Beatmaps/BeatmapConversionTest.cs:line 50
   at osu.Game.Rulesets.Catch.Tests.CatchBeatmapConversionTest.Test(String name, Type[] mods) in /app/osu.Game.Rulesets.Catch.Tests/CatchBeatmapConversionTest.cs:line 58
   at InvokeStub_CatchBeatmapConversionTest.Test(Object, Span`1)

293)    at osu.Game.Tests.Beatmaps.BeatmapConversionTest`2.<>c__DisplayClass4_1.<Test>b__2() in /app/osu.Game/Tests/Beatmaps/BeatmapConversionTest.cs:line 98
   at NUnit.Framework.Assert.Multiple(TestDelegate testDelegate)
   at osu.Game.Tests.Beatmaps.BeatmapConversionTest`2.<>c__DisplayClass4_0.<Test>b__1() in /app/osu.Game/Tests/Beatmaps/BeatmapConversionTest.cs:line 77
   at NUnit.Framework.Assert.Multiple(TestDelegate testDelegate)
   at osu.Game.Tests.Beatmaps.BeatmapConversionTest`2.Test(String name, Type[] mods) in /app/osu.Game/Tests/Beatmaps/BeatmapConversionTest.cs:line 50
   at osu.Game.Rulesets.Catch.Tests.CatchBeatmapConversionTest.Test(String name, Type[] mods) in /app/osu.Game.Rulesets.Catch.Tests/CatchBeatmapConversionTest.cs:line 58
   at InvokeStub_CatchBeatmapConversionTest.Test(Object, Span`1)

294)    at osu.Game.Tests.Beatmaps.BeatmapConversionTest`2.<>c__DisplayClass4_1.<Test>b__2() in /app/osu.Game/Tests/Beatmaps/BeatmapConversionTest.cs:line 98
   at NUnit.Framework.Assert.Multiple(TestDelegate testDelegate)
   at osu.Game.Tests.Beatmaps.BeatmapConversionTest`2.<>c__DisplayClass4_0.<Test>b__1() in /app/osu.Game/Tests/Beatmaps/BeatmapConversionTest.cs:line 77
   at NUnit.Framework.Assert.Multiple(TestDelegate testDelegate)
   at osu.Game.Tests.Beatmaps.BeatmapConversionTest`2.Test(String name, Type[] mods) in /app/osu.Game/Tests/Beatmaps/BeatmapConversionTest.cs:line 50
   at osu.Game.Rulesets.Catch.Tests.CatchBeatmapConversionTest.Test(String name, Type[] mods) in /app/osu.Game.Rulesets.Catch.Tests/CatchBeatmapConversionTest.cs:line 58
   at InvokeStub_CatchBeatmapConversionTest.Test(Object, Span`1)

295)    at osu.Game.Tests.Beatmaps.BeatmapConversionTest`2.<>c__DisplayClass4_1.<Test>b__2() in /app/osu.Game/Tests/Beatmaps/BeatmapConversionTest.cs:line 98
   at NUnit.Framework.Assert.Multiple(TestDelegate testDelegate)
   at osu.Game.Tests.Beatmaps.BeatmapConversionTest`2.<>c__DisplayClass4_0.<Test>b__1() in /app/osu.Game/Tests/Beatmaps/BeatmapConversionTest.cs:line 77
   at NUnit.Framework.Assert.Multiple(TestDelegate testDelegate)
   at osu.Game.Tests.Beatmaps.BeatmapConversionTest`2.Test(String name, Type[] mods) in /app/osu.Game/Tests/Beatmaps/BeatmapConversionTest.cs:line 50
   at osu.Game.Rulesets.Catch.Tests.CatchBeatmapConversionTest.Test(String name, Type[] mods) in /app/osu.Game.Rulesets.Catch.Tests/CatchBeatmapConversionTest.cs:line 58
   at InvokeStub_CatchBeatmapConversionTest.Test(Object, Span`1)

296)    at osu.Game.Tests.Beatmaps.BeatmapConversionTest`2.<>c__DisplayClass4_1.<Test>b__2() in /app/osu.Game/Tests/Beatmaps/BeatmapConversionTest.cs:line 98
   at NUnit.Framework.Assert.Multiple(TestDelegate testDelegate)
   at osu.Game.Tests.Beatmaps.BeatmapConversionTest`2.<>c__DisplayClass4_0.<Test>b__1() in /app/osu.Game/Tests/Beatmaps/BeatmapConversionTest.cs:line 77
   at NUnit.Framework.Assert.Multiple(TestDelegate testDelegate)
   at osu.Game.Tests.Beatmaps.BeatmapConversionTest`2.Test(String name, Type[] mods) in /app/osu.Game/Tests/Beatmaps/BeatmapConversionTest.cs:line 50
   at osu.Game.Rulesets.Catch.Tests.CatchBeatmapConversionTest.Test(String name, Type[] mods) in /app/osu.Game.Rulesets.Catch.Tests/CatchBeatmapConversionTest.cs:line 58
   at InvokeStub_CatchBeatmapConversionTest.Test(Object, Span`1)

297)    at osu.Game.Tests.Beatmaps.BeatmapConversionTest`2.<>c__DisplayClass4_1.<Test>b__2() in /app/osu.Game/Tests/Beatmaps/BeatmapConversionTest.cs:line 98
   at NUnit.Framework.Assert.Multiple(TestDelegate testDelegate)
   at osu.Game.Tests.Beatmaps.BeatmapConversionTest`2.<>c__DisplayClass4_0.<Test>b__1() in /app/osu.Game/Tests/Beatmaps/BeatmapConversionTest.cs:line 77
   at NUnit.Framework.Assert.Multiple(TestDelegate testDelegate)
   at osu.Game.Tests.Beatmaps.BeatmapConversionTest`2.Test(String name, Type[] mods) in /app/osu.Game/Tests/Beatmaps/BeatmapConversionTest.cs:line 50
   at osu.Game.Rulesets.Catch.Tests.CatchBeatmapConversionTest.Test(String name, Type[] mods) in /app/osu.Game.Rulesets.Catch.Tests/CatchBeatmapConversionTest.cs:line 58
   at InvokeStub_CatchBeatmapConversionTest.Test(Object, Span`1)

298)    at osu.Game.Tests.Beatmaps.BeatmapConversionTest`2.<>c__DisplayClass4_1.<Test>b__2() in /app/osu.Game/Tests/Beatmaps/BeatmapConversionTest.cs:line 98
   at NUnit.Framework.Assert.Multiple(TestDelegate testDelegate)
   at osu.Game.Tests.Beatmaps.BeatmapConversionTest`2.<>c__DisplayClass4_0.<Test>b__1() in /app/osu.Game/Tests/Beatmaps/BeatmapConversionTest.cs:line 77
   at NUnit.Framework.Assert.Multiple(TestDelegate testDelegate)
   at osu.Game.Tests.Beatmaps.BeatmapConversionTest`2.Test(String name, Type[] mods) in /app/osu.Game/Tests/Beatmaps/BeatmapConversionTest.cs:line 50
   at osu.Game.Rulesets.Catch.Tests.CatchBeatmapConversionTest.Test(String name, Type[] mods) in /app/osu.Game.Rulesets.Catch.Tests/CatchBeatmapConversionTest.cs:line 58
   at InvokeStub_CatchBeatmapConversionTest.Test(Object, Span`1)

299)    at osu.Game.Tests.Beatmaps.BeatmapConversionTest`2.<>c__DisplayClass4_1.<Test>b__2() in /app/osu.Game/Tests/Beatmaps/BeatmapConversionTest.cs:line 98
   at NUnit.Framework.Assert.Multiple(TestDelegate testDelegate)
   at osu.Game.Tests.Beatmaps.BeatmapConversionTest`2.<>c__DisplayClass4_0.<Test>b__1() in /app/osu.Game/Tests/Beatmaps/BeatmapConversionTest.cs:line 77
   at NUnit.Framework.Assert.Multiple(TestDelegate testDelegate)
   at osu.Game.Tests.Beatmaps.BeatmapConversionTest`2.Test(String name, Type[] mods) in /app/osu.Game/Tests/Beatmaps/BeatmapConversionTest.cs:line 50
   at osu.Game.Rulesets.Catch.Tests.CatchBeatmapConversionTest.Test(String name, Type[] mods) in /app/osu.Game.Rulesets.Catch.Tests/CatchBeatmapConversionTest.cs:line 58
   at InvokeStub_CatchBeatmapConversionTest.Test(Object, Span`1)

300)    at osu.Game.Tests.Beatmaps.BeatmapConversionTest`2.<>c__DisplayClass4_1.<Test>b__2() in /app/osu.Game/Tests/Beatmaps/BeatmapConversionTest.cs:line 98
   at NUnit.Framework.Assert.Multiple(TestDelegate testDelegate)
   at osu.Game.Tests.Beatmaps.BeatmapConversionTest`2.<>c__DisplayClass4_0.<Test>b__1() in /app/osu.Game/Tests/Beatmaps/BeatmapConversionTest.cs:line 77
   at NUnit.Framework.Assert.Multiple(TestDelegate testDelegate)
   at osu.Game.Tests.Beatmaps.BeatmapConversionTest`2.Test(String name, Type[] mods) in /app/osu.Game/Tests/Beatmaps/BeatmapConversionTest.cs:line 50
   at osu.Game.Rulesets.Catch.Tests.CatchBeatmapConversionTest.Test(String name, Type[] mods) in /app/osu.Game.Rulesets.Catch.Tests/CatchBeatmapConversionTest.cs:line 58
   at InvokeStub_CatchBeatmapConversionTest.Test(Object, Span`1)

301)    at osu.Game.Tests.Beatmaps.BeatmapConversionTest`2.<>c__DisplayClass4_1.<Test>b__2() in /app/osu.Game/Tests/Beatmaps/BeatmapConversionTest.cs:line 98
   at NUnit.Framework.Assert.Multiple(TestDelegate testDelegate)
   at osu.Game.Tests.Beatmaps.BeatmapConversionTest`2.<>c__DisplayClass4_0.<Test>b__1() in /app/osu.Game/Tests/Beatmaps/BeatmapConversionTest.cs:line 77
   at NUnit.Framework.Assert.Multiple(TestDelegate testDelegate)
   at osu.Game.Tests.Beatmaps.BeatmapConversionTest`2.Test(String name, Type[] mods) in /app/osu.Game/Tests/Beatmaps/BeatmapConversionTest.cs:line 50
   at osu.Game.Rulesets.Catch.Tests.CatchBeatmapConversionTest.Test(String name, Type[] mods) in /app/osu.Game.Rulesets.Catch.Tests/CatchBeatmapConversionTest.cs:line 58
   at InvokeStub_CatchBeatmapConversionTest.Test(Object, Span`1)

302)    at osu.Game.Tests.Beatmaps.BeatmapConversionTest`2.<>c__DisplayClass4_1.<Test>b__2() in /app/osu.Game/Tests/Beatmaps/BeatmapConversionTest.cs:line 98
   at NUnit.Framework.Assert.Multiple(TestDelegate testDelegate)
   at osu.Game.Tests.Beatmaps.BeatmapConversionTest`2.<>c__DisplayClass4_0.<Test>b__1() in /app/osu.Game/Tests/Beatmaps/BeatmapConversionTest.cs:line 77
   at NUnit.Framework.Assert.Multiple(TestDelegate testDelegate)
   at osu.Game.Tests.Beatmaps.BeatmapConversionTest`2.Test(String name, Type[] mods) in /app/osu.Game/Tests/Beatmaps/BeatmapConversionTest.cs:line 50
   at osu.Game.Rulesets.Catch.Tests.CatchBeatmapConversionTest.Test(String name, Type[] mods) in /app/osu.Game.Rulesets.Catch.Tests/CatchBeatmapConversionTest.cs:line 58
   at InvokeStub_CatchBeatmapConversionTest.Test(Object, Span`1)

303)    at osu.Game.Tests.Beatmaps.BeatmapConversionTest`2.<>c__DisplayClass4_1.<Test>b__2() in /app/osu.Game/Tests/Beatmaps/BeatmapConversionTest.cs:line 98
   at NUnit.Framework.Assert.Multiple(TestDelegate testDelegate)
   at osu.Game.Tests.Beatmaps.BeatmapConversionTest`2.<>c__DisplayClass4_0.<Test>b__1() in /app/osu.Game/Tests/Beatmaps/BeatmapConversionTest.cs:line 77
   at NUnit.Framework.Assert.Multiple(TestDelegate testDelegate)
   at osu.Game.Tests.Beatmaps.BeatmapConversionTest`2.Test(String name, Type[] mods) in /app/osu.Game/Tests/Beatmaps/BeatmapConversionTest.cs:line 50
   at osu.Game.Rulesets.Catch.Tests.CatchBeatmapConversionTest.Test(String name, Type[] mods) in /app/osu.Game.Rulesets.Catch.Tests/CatchBeatmapConversionTest.cs:line 58
   at InvokeStub_CatchBeatmapConversionTest.Test(Object, Span`1)

304)    at osu.Game.Tests.Beatmaps.BeatmapConversionTest`2.<>c__DisplayClass4_1.<Test>b__2() in /app/osu.Game/Tests/Beatmaps/BeatmapConversionTest.cs:line 98
   at NUnit.Framework.Assert.Multiple(TestDelegate testDelegate)
   at osu.Game.Tests.Beatmaps.BeatmapConversionTest`2.<>c__DisplayClass4_0.<Test>b__1() in /app/osu.Game/Tests/Beatmaps/BeatmapConversionTest.cs:line 77
   at NUnit.Framework.Assert.Multiple(TestDelegate testDelegate)
   at osu.Game.Tests.Beatmaps.BeatmapConversionTest`2.Test(String name, Type[] mods) in /app/osu.Game/Tests/Beatmaps/BeatmapConversionTest.cs:line 50
   at osu.Game.Rulesets.Catch.Tests.CatchBeatmapConversionTest.Test(String name, Type[] mods) in /app/osu.Game.Rulesets.Catch.Tests/CatchBeatmapConversionTest.cs:line 58
   at InvokeStub_CatchBeatmapConversionTest.Test(Object, Span`1)

305)    at osu.Game.Tests.Beatmaps.BeatmapConversionTest`2.<>c__DisplayClass4_1.<Test>b__2() in /app/osu.Game/Tests/Beatmaps/BeatmapConversionTest.cs:line 98
   at NUnit.Framework.Assert.Multiple(TestDelegate testDelegate)
   at osu.Game.Tests.Beatmaps.BeatmapConversionTest`2.<>c__DisplayClass4_0.<Test>b__1() in /app/osu.Game/Tests/Beatmaps/BeatmapConversionTest.cs:line 77
   at NUnit.Framework.Assert.Multiple(TestDelegate testDelegate)
   at osu.Game.Tests.Beatmaps.BeatmapConversionTest`2.Test(String name, Type[] mods) in /app/osu.Game/Tests/Beatmaps/BeatmapConversionTest.cs:line 50
   at osu.Game.Rulesets.Catch.Tests.CatchBeatmapConversionTest.Test(String name, Type[] mods) in /app/osu.Game.Rulesets.Catch.Tests/CatchBeatmapConversionTest.cs:line 58
   at InvokeStub_CatchBeatmapConversionTest.Test(Object, Span`1)

306)    at osu.Game.Tests.Beatmaps.BeatmapConversionTest`2.<>c__DisplayClass4_1.<Test>b__2() in /app/osu.Game/Tests/Beatmaps/BeatmapConversionTest.cs:line 98
   at NUnit.Framework.Assert.Multiple(TestDelegate testDelegate)
   at osu.Game.Tests.Beatmaps.BeatmapConversionTest`2.<>c__DisplayClass4_0.<Test>b__1() in /app/osu.Game/Tests/Beatmaps/BeatmapConversionTest.cs:line 77
   at NUnit.Framework.Assert.Multiple(TestDelegate testDelegate)
   at osu.Game.Tests.Beatmaps.BeatmapConversionTest`2.Test(String name, Type[] mods) in /app/osu.Game/Tests/Beatmaps/BeatmapConversionTest.cs:line 50
   at osu.Game.Rulesets.Catch.Tests.CatchBeatmapConversionTest.Test(String name, Type[] mods) in /app/osu.Game.Rulesets.Catch.Tests/CatchBeatmapConversionTest.cs:line 58
   at InvokeStub_CatchBeatmapConversionTest.Test(Object, Span`1)

307)    at osu.Game.Tests.Beatmaps.BeatmapConversionTest`2.<>c__DisplayClass4_1.<Test>b__2() in /app/osu.Game/Tests/Beatmaps/BeatmapConversionTest.cs:line 98
   at NUnit.Framework.Assert.Multiple(TestDelegate testDelegate)
   at osu.Game.Tests.Beatmaps.BeatmapConversionTest`2.<>c__DisplayClass4_0.<Test>b__1() in /app/osu.Game/Tests/Beatmaps/BeatmapConversionTest.cs:line 77
   at NUnit.Framework.Assert.Multiple(TestDelegate testDelegate)
   at osu.Game.Tests.Beatmaps.BeatmapConversionTest`2.Test(String name, Type[] mods) in /app/osu.Game/Tests/Beatmaps/BeatmapConversionTest.cs:line 50
   at osu.Game.Rulesets.Catch.Tests.CatchBeatmapConversionTest.Test(String name, Type[] mods) in /app/osu.Game.Rulesets.Catch.Tests/CatchBeatmapConversionTest.cs:line 58
   at InvokeStub_CatchBeatmapConversionTest.Test(Object, Span`1)

308)    at osu.Game.Tests.Beatmaps.BeatmapConversionTest`2.<>c__DisplayClass4_1.<Test>b__2() in /app/osu.Game/Tests/Beatmaps/BeatmapConversionTest.cs:line 98
   at NUnit.Framework.Assert.Multiple(TestDelegate testDelegate)
   at osu.Game.Tests.Beatmaps.BeatmapConversionTest`2.<>c__DisplayClass4_0.<Test>b__1() in /app/osu.Game/Tests/Beatmaps/BeatmapConversionTest.cs:line 77
   at NUnit.Framework.Assert.Multiple(TestDelegate testDelegate)
   at osu.Game.Tests.Beatmaps.BeatmapConversionTest`2.Test(String name, Type[] mods) in /app/osu.Game/Tests/Beatmaps/BeatmapConversionTest.cs:line 50
   at osu.Game.Rulesets.Catch.Tests.CatchBeatmapConversionTest.Test(String name, Type[] mods) in /app/osu.Game.Rulesets.Catch.Tests/CatchBeatmapConversionTest.cs:line 58
   at InvokeStub_CatchBeatmapConversionTest.Test(Object, Span`1)

309)    at osu.Game.Tests.Beatmaps.BeatmapConversionTest`2.<>c__DisplayClass4_1.<Test>b__2() in /app/osu.Game/Tests/Beatmaps/BeatmapConversionTest.cs:line 98
   at NUnit.Framework.Assert.Multiple(TestDelegate testDelegate)
   at osu.Game.Tests.Beatmaps.BeatmapConversionTest`2.<>c__DisplayClass4_0.<Test>b__1() in /app/osu.Game/Tests/Beatmaps/BeatmapConversionTest.cs:line 77
   at NUnit.Framework.Assert.Multiple(TestDelegate testDelegate)
   at osu.Game.Tests.Beatmaps.BeatmapConversionTest`2.Test(String name, Type[] mods) in /app/osu.Game/Tests/Beatmaps/BeatmapConversionTest.cs:line 50
   at osu.Game.Rulesets.Catch.Tests.CatchBeatmapConversionTest.Test(String name, Type[] mods) in /app/osu.Game.Rulesets.Catch.Tests/CatchBeatmapConversionTest.cs:line 58
   at InvokeStub_CatchBeatmapConversionTest.Test(Object, Span`1)

310)    at osu.Game.Tests.Beatmaps.BeatmapConversionTest`2.<>c__DisplayClass4_1.<Test>b__2() in /app/osu.Game/Tests/Beatmaps/BeatmapConversionTest.cs:line 98
   at NUnit.Framework.Assert.Multiple(TestDelegate testDelegate)
   at osu.Game.Tests.Beatmaps.BeatmapConversionTest`2.<>c__DisplayClass4_0.<Test>b__1() in /app/osu.Game/Tests/Beatmaps/BeatmapConversionTest.cs:line 77
   at NUnit.Framework.Assert.Multiple(TestDelegate testDelegate)
   at osu.Game.Tests.Beatmaps.BeatmapConversionTest`2.Test(String name, Type[] mods) in /app/osu.Game/Tests/Beatmaps/BeatmapConversionTest.cs:line 50
   at osu.Game.Rulesets.Catch.Tests.CatchBeatmapConversionTest.Test(String name, Type[] mods) in /app/osu.Game.Rulesets.Catch.Tests/CatchBeatmapConversionTest.cs:line 58
   at InvokeStub_CatchBeatmapConversionTest.Test(Object, Span`1)

311)    at osu.Game.Tests.Beatmaps.BeatmapConversionTest`2.<>c__DisplayClass4_1.<Test>b__2() in /app/osu.Game/Tests/Beatmaps/BeatmapConversionTest.cs:line 98
   at NUnit.Framework.Assert.Multiple(TestDelegate testDelegate)
   at osu.Game.Tests.Beatmaps.BeatmapConversionTest`2.<>c__DisplayClass4_0.<Test>b__1() in /app/osu.Game/Tests/Beatmaps/BeatmapConversionTest.cs:line 77
   at NUnit.Framework.Assert.Multiple(TestDelegate testDelegate)
   at osu.Game.Tests.Beatmaps.BeatmapConversionTest`2.Test(String name, Type[] mods) in /app/osu.Game/Tests/Beatmaps/BeatmapConversionTest.cs:line 50
   at osu.Game.Rulesets.Catch.Tests.CatchBeatmapConversionTest.Test(String name, Type[] mods) in /app/osu.Game.Rulesets.Catch.Tests/CatchBeatmapConversionTest.cs:line 58
   at InvokeStub_CatchBeatmapConversionTest.Test(Object, Span`1)

312)    at osu.Game.Tests.Beatmaps.BeatmapConversionTest`2.<>c__DisplayClass4_1.<Test>b__2() in /app/osu.Game/Tests/Beatmaps/BeatmapConversionTest.cs:line 98
   at NUnit.Framework.Assert.Multiple(TestDelegate testDelegate)
   at osu.Game.Tests.Beatmaps.BeatmapConversionTest`2.<>c__DisplayClass4_0.<Test>b__1() in /app/osu.Game/Tests/Beatmaps/BeatmapConversionTest.cs:line 77
   at NUnit.Framework.Assert.Multiple(TestDelegate testDelegate)
   at osu.Game.Tests.Beatmaps.BeatmapConversionTest`2.Test(String name, Type[] mods) in /app/osu.Game/Tests/Beatmaps/BeatmapConversionTest.cs:line 50
   at osu.Game.Rulesets.Catch.Tests.CatchBeatmapConversionTest.Test(String name, Type[] mods) in /app/osu.Game.Rulesets.Catch.Tests/CatchBeatmapConversionTest.cs:line 58
   at InvokeStub_CatchBeatmapConversionTest.Test(Object, Span`1)

313)    at osu.Game.Tests.Beatmaps.BeatmapConversionTest`2.<>c__DisplayClass4_1.<Test>b__2() in /app/osu.Game/Tests/Beatmaps/BeatmapConversionTest.cs:line 98
   at NUnit.Framework.Assert.Multiple(TestDelegate testDelegate)
   at osu.Game.Tests.Beatmaps.BeatmapConversionTest`2.<>c__DisplayClass4_0.<Test>b__1() in /app/osu.Game/Tests/Beatmaps/BeatmapConversionTest.cs:line 77
   at NUnit.Framework.Assert.Multiple(TestDelegate testDelegate)
   at osu.Game.Tests.Beatmaps.BeatmapConversionTest`2.Test(String name, Type[] mods) in /app/osu.Game/Tests/Beatmaps/BeatmapConversionTest.cs:line 50
   at osu.Game.Rulesets.Catch.Tests.CatchBeatmapConversionTest.Test(String name, Type[] mods) in /app/osu.Game.Rulesets.Catch.Tests/CatchBeatmapConversionTest.cs:line 58
   at InvokeStub_CatchBeatmapConversionTest.Test(Object, Span`1)

314)    at osu.Game.Tests.Beatmaps.BeatmapConversionTest`2.<>c__DisplayClass4_1.<Test>b__2() in /app/osu.Game/Tests/Beatmaps/BeatmapConversionTest.cs:line 98
   at NUnit.Framework.Assert.Multiple(TestDelegate testDelegate)
   at osu.Game.Tests.Beatmaps.BeatmapConversionTest`2.<>c__DisplayClass4_0.<Test>b__1() in /app/osu.Game/Tests/Beatmaps/BeatmapConversionTest.cs:line 77
   at NUnit.Framework.Assert.Multiple(TestDelegate testDelegate)
   at osu.Game.Tests.Beatmaps.BeatmapConversionTest`2.Test(String name, Type[] mods) in /app/osu.Game/Tests/Beatmaps/BeatmapConversionTest.cs:line 50
   at osu.Game.Rulesets.Catch.Tests.CatchBeatmapConversionTest.Test(String name, Type[] mods) in /app/osu.Game.Rulesets.Catch.Tests/CatchBeatmapConversionTest.cs:line 58
   at InvokeStub_CatchBeatmapConversionTest.Test(Object, Span`1)

315)    at osu.Game.Tests.Beatmaps.BeatmapConversionTest`2.<>c__DisplayClass4_1.<Test>b__2() in /app/osu.Game/Tests/Beatmaps/BeatmapConversionTest.cs:line 98
   at NUnit.Framework.Assert.Multiple(TestDelegate testDelegate)
   at osu.Game.Tests.Beatmaps.BeatmapConversionTest`2.<>c__DisplayClass4_0.<Test>b__1() in /app/osu.Game/Tests/Beatmaps/BeatmapConversionTest.cs:line 77
   at NUnit.Framework.Assert.Multiple(TestDelegate testDelegate)
   at osu.Game.Tests.Beatmaps.BeatmapConversionTest`2.Test(String name, Type[] mods) in /app/osu.Game/Tests/Beatmaps/BeatmapConversionTest.cs:line 50
   at osu.Game.Rulesets.Catch.Tests.CatchBeatmapConversionTest.Test(String name, Type[] mods) in /app/osu.Game.Rulesets.Catch.Tests/CatchBeatmapConversionTest.cs:line 58
   at InvokeStub_CatchBeatmapConversionTest.Test(Object, Span`1)

316)    at osu.Game.Tests.Beatmaps.BeatmapConversionTest`2.<>c__DisplayClass4_1.<Test>b__2() in /app/osu.Game/Tests/Beatmaps/BeatmapConversionTest.cs:line 98
   at NUnit.Framework.Assert.Multiple(TestDelegate testDelegate)
   at osu.Game.Tests.Beatmaps.BeatmapConversionTest`2.<>c__DisplayClass4_0.<Test>b__1() in /app/osu.Game/Tests/Beatmaps/BeatmapConversionTest.cs:line 77
   at NUnit.Framework.Assert.Multiple(TestDelegate testDelegate)
   at osu.Game.Tests.Beatmaps.BeatmapConversionTest`2.Test(String name, Type[] mods) in /app/osu.Game/Tests/Beatmaps/BeatmapConversionTest.cs:line 50
   at osu.Game.Rulesets.Catch.Tests.CatchBeatmapConversionTest.Test(String name, Type[] mods) in /app/osu.Game.Rulesets.Catch.Tests/CatchBeatmapConversionTest.cs:line 58
   at InvokeStub_CatchBeatmapConversionTest.Test(Object, Span`1)

317)    at osu.Game.Tests.Beatmaps.BeatmapConversionTest`2.<>c__DisplayClass4_1.<Test>b__2() in /app/osu.Game/Tests/Beatmaps/BeatmapConversionTest.cs:line 98
   at NUnit.Framework.Assert.Multiple(TestDelegate testDelegate)
   at osu.Game.Tests.Beatmaps.BeatmapConversionTest`2.<>c__DisplayClass4_0.<Test>b__1() in /app/osu.Game/Tests/Beatmaps/BeatmapConversionTest.cs:line 77
   at NUnit.Framework.Assert.Multiple(TestDelegate testDelegate)
   at osu.Game.Tests.Beatmaps.BeatmapConversionTest`2.Test(String name, Type[] mods) in /app/osu.Game/Tests/Beatmaps/BeatmapConversionTest.cs:line 50
   at osu.Game.Rulesets.Catch.Tests.CatchBeatmapConversionTest.Test(String name, Type[] mods) in /app/osu.Game.Rulesets.Catch.Tests/CatchBeatmapConversionTest.cs:line 58
   at InvokeStub_CatchBeatmapConversionTest.Test(Object, Span`1)

318)    at osu.Game.Tests.Beatmaps.BeatmapConversionTest`2.<>c__DisplayClass4_1.<Test>b__2() in /app/osu.Game/Tests/Beatmaps/BeatmapConversionTest.cs:line 98
   at NUnit.Framework.Assert.Multiple(TestDelegate testDelegate)
   at osu.Game.Tests.Beatmaps.BeatmapConversionTest`2.<>c__DisplayClass4_0.<Test>b__1() in /app/osu.Game/Tests/Beatmaps/BeatmapConversionTest.cs:line 77
   at NUnit.Framework.Assert.Multiple(TestDelegate testDelegate)
   at osu.Game.Tests.Beatmaps.BeatmapConversionTest`2.Test(String name, Type[] mods) in /app/osu.Game/Tests/Beatmaps/BeatmapConversionTest.cs:line 50
   at osu.Game.Rulesets.Catch.Tests.CatchBeatmapConversionTest.Test(String name, Type[] mods) in /app/osu.Game.Rulesets.Catch.Tests/CatchBeatmapConversionTest.cs:line 58
   at InvokeStub_CatchBeatmapConversionTest.Test(Object, Span`1)

319)    at osu.Game.Tests.Beatmaps.BeatmapConversionTest`2.<>c__DisplayClass4_1.<Test>b__2() in /app/osu.Game/Tests/Beatmaps/BeatmapConversionTest.cs:line 98
   at NUnit.Framework.Assert.Multiple(TestDelegate testDelegate)
   at osu.Game.Tests.Beatmaps.BeatmapConversionTest`2.<>c__DisplayClass4_0.<Test>b__1() in /app/osu.Game/Tests/Beatmaps/BeatmapConversionTest.cs:line 77
   at NUnit.Framework.Assert.Multiple(TestDelegate testDelegate)
   at osu.Game.Tests.Beatmaps.BeatmapConversionTest`2.Test(String name, Type[] mods) in /app/osu.Game/Tests/Beatmaps/BeatmapConversionTest.cs:line 50
   at osu.Game.Rulesets.Catch.Tests.CatchBeatmapConversionTest.Test(String name, Type[] mods) in /app/osu.Game.Rulesets.Catch.Tests/CatchBeatmapConversionTest.cs:line 58
   at InvokeStub_CatchBeatmapConversionTest.Test(Object, Span`1)

320)    at osu.Game.Tests.Beatmaps.BeatmapConversionTest`2.<>c__DisplayClass4_1.<Test>b__2() in /app/osu.Game/Tests/Beatmaps/BeatmapConversionTest.cs:line 98
   at NUnit.Framework.Assert.Multiple(TestDelegate testDelegate)
   at osu.Game.Tests.Beatmaps.BeatmapConversionTest`2.<>c__DisplayClass4_0.<Test>b__1() in /app/osu.Game/Tests/Beatmaps/BeatmapConversionTest.cs:line 77
   at NUnit.Framework.Assert.Multiple(TestDelegate testDelegate)
   at osu.Game.Tests.Beatmaps.BeatmapConversionTest`2.Test(String name, Type[] mods) in /app/osu.Game/Tests/Beatmaps/BeatmapConversionTest.cs:line 50
   at osu.Game.Rulesets.Catch.Tests.CatchBeatmapConversionTest.Test(String name, Type[] mods) in /app/osu.Game.Rulesets.Catch.Tests/CatchBeatmapConversionTest.cs:line 58
   at InvokeStub_CatchBeatmapConversionTest.Test(Object, Span`1)

321)    at osu.Game.Tests.Beatmaps.BeatmapConversionTest`2.<>c__DisplayClass4_1.<Test>b__2() in /app/osu.Game/Tests/Beatmaps/BeatmapConversionTest.cs:line 98
   at NUnit.Framework.Assert.Multiple(TestDelegate testDelegate)
   at osu.Game.Tests.Beatmaps.BeatmapConversionTest`2.<>c__DisplayClass4_0.<Test>b__1() in /app/osu.Game/Tests/Beatmaps/BeatmapConversionTest.cs:line 77
   at NUnit.Framework.Assert.Multiple(TestDelegate testDelegate)
   at osu.Game.Tests.Beatmaps.BeatmapConversionTest`2.Test(String name, Type[] mods) in /app/osu.Game/Tests/Beatmaps/BeatmapConversionTest.cs:line 50
   at osu.Game.Rulesets.Catch.Tests.CatchBeatmapConversionTest.Test(String name, Type[] mods) in /app/osu.Game.Rulesets.Catch.Tests/CatchBeatmapConversionTest.cs:line 58
   at InvokeStub_CatchBeatmapConversionTest.Test(Object, Span`1)

322)    at osu.Game.Tests.Beatmaps.BeatmapConversionTest`2.<>c__DisplayClass4_1.<Test>b__2() in /app/osu.Game/Tests/Beatmaps/BeatmapConversionTest.cs:line 98
   at NUnit.Framework.Assert.Multiple(TestDelegate testDelegate)
   at osu.Game.Tests.Beatmaps.BeatmapConversionTest`2.<>c__DisplayClass4_0.<Test>b__1() in /app/osu.Game/Tests/Beatmaps/BeatmapConversionTest.cs:line 77
   at NUnit.Framework.Assert.Multiple(TestDelegate testDelegate)
   at osu.Game.Tests.Beatmaps.BeatmapConversionTest`2.Test(String name, Type[] mods) in /app/osu.Game/Tests/Beatmaps/BeatmapConversionTest.cs:line 50
   at osu.Game.Rulesets.Catch.Tests.CatchBeatmapConversionTest.Test(String name, Type[] mods) in /app/osu.Game.Rulesets.Catch.Tests/CatchBeatmapConversionTest.cs:line 58
   at InvokeStub_CatchBeatmapConversionTest.Test(Object, Span`1)

323)    at osu.Game.Tests.Beatmaps.BeatmapConversionTest`2.<>c__DisplayClass4_1.<Test>b__2() in /app/osu.Game/Tests/Beatmaps/BeatmapConversionTest.cs:line 98
   at NUnit.Framework.Assert.Multiple(TestDelegate testDelegate)
   at osu.Game.Tests.Beatmaps.BeatmapConversionTest`2.<>c__DisplayClass4_0.<Test>b__1() in /app/osu.Game/Tests/Beatmaps/BeatmapConversionTest.cs:line 77
   at NUnit.Framework.Assert.Multiple(TestDelegate testDelegate)
   at osu.Game.Tests.Beatmaps.BeatmapConversionTest`2.Test(String name, Type[] mods) in /app/osu.Game/Tests/Beatmaps/BeatmapConversionTest.cs:line 50
   at osu.Game.Rulesets.Catch.Tests.CatchBeatmapConversionTest.Test(String name, Type[] mods) in /app/osu.Game.Rulesets.Catch.Tests/CatchBeatmapConversionTest.cs:line 58
   at InvokeStub_CatchBeatmapConversionTest.Test(Object, Span`1)

324)    at osu.Game.Tests.Beatmaps.BeatmapConversionTest`2.<>c__DisplayClass4_1.<Test>b__2() in /app/osu.Game/Tests/Beatmaps/BeatmapConversionTest.cs:line 98
   at NUnit.Framework.Assert.Multiple(TestDelegate testDelegate)
   at osu.Game.Tests.Beatmaps.BeatmapConversionTest`2.<>c__DisplayClass4_0.<Test>b__1() in /app/osu.Game/Tests/Beatmaps/BeatmapConversionTest.cs:line 77
   at NUnit.Framework.Assert.Multiple(TestDelegate testDelegate)
   at osu.Game.Tests.Beatmaps.BeatmapConversionTest`2.Test(String name, Type[] mods) in /app/osu.Game/Tests/Beatmaps/BeatmapConversionTest.cs:line 50
   at osu.Game.Rulesets.Catch.Tests.CatchBeatmapConversionTest.Test(String name, Type[] mods) in /app/osu.Game.Rulesets.Catch.Tests/CatchBeatmapConversionTest.cs:line 58
   at InvokeStub_CatchBeatmapConversionTest.Test(Object, Span`1)

325)    at osu.Game.Tests.Beatmaps.BeatmapConversionTest`2.<>c__DisplayClass4_1.<Test>b__2() in /app/osu.Game/Tests/Beatmaps/BeatmapConversionTest.cs:line 98
   at NUnit.Framework.Assert.Multiple(TestDelegate testDelegate)
   at osu.Game.Tests.Beatmaps.BeatmapConversionTest`2.<>c__DisplayClass4_0.<Test>b__1() in /app/osu.Game/Tests/Beatmaps/BeatmapConversionTest.cs:line 77
   at NUnit.Framework.Assert.Multiple(TestDelegate testDelegate)
   at osu.Game.Tests.Beatmaps.BeatmapConversionTest`2.Test(String name, Type[] mods) in /app/osu.Game/Tests/Beatmaps/BeatmapConversionTest.cs:line 50
   at osu.Game.Rulesets.Catch.Tests.CatchBeatmapConversionTest.Test(String name, Type[] mods) in /app/osu.Game.Rulesets.Catch.Tests/CatchBeatmapConversionTest.cs:line 58
   at InvokeStub_CatchBeatmapConversionTest.Test(Object, Span`1)

326)    at osu.Game.Tests.Beatmaps.BeatmapConversionTest`2.<>c__DisplayClass4_1.<Test>b__2() in /app/osu.Game/Tests/Beatmaps/BeatmapConversionTest.cs:line 98
   at NUnit.Framework.Assert.Multiple(TestDelegate testDelegate)
   at osu.Game.Tests.Beatmaps.BeatmapConversionTest`2.<>c__DisplayClass4_0.<Test>b__1() in /app/osu.Game/Tests/Beatmaps/BeatmapConversionTest.cs:line 77
   at NUnit.Framework.Assert.Multiple(TestDelegate testDelegate)
   at osu.Game.Tests.Beatmaps.BeatmapConversionTest`2.Test(String name, Type[] mods) in /app/osu.Game/Tests/Beatmaps/BeatmapConversionTest.cs:line 50
   at osu.Game.Rulesets.Catch.Tests.CatchBeatmapConversionTest.Test(String name, Type[] mods) in /app/osu.Game.Rulesets.Catch.Tests/CatchBeatmapConversionTest.cs:line 58
   at InvokeStub_CatchBeatmapConversionTest.Test(Object, Span`1)

327)    at osu.Game.Tests.Beatmaps.BeatmapConversionTest`2.<>c__DisplayClass4_1.<Test>b__2() in /app/osu.Game/Tests/Beatmaps/BeatmapConversionTest.cs:line 98
   at NUnit.Framework.Assert.Multiple(TestDelegate testDelegate)
   at osu.Game.Tests.Beatmaps.BeatmapConversionTest`2.<>c__DisplayClass4_0.<Test>b__1() in /app/osu.Game/Tests/Beatmaps/BeatmapConversionTest.cs:line 77
   at NUnit.Framework.Assert.Multiple(TestDelegate testDelegate)
   at osu.Game.Tests.Beatmaps.BeatmapConversionTest`2.Test(String name, Type[] mods) in /app/osu.Game/Tests/Beatmaps/BeatmapConversionTest.cs:line 50
   at osu.Game.Rulesets.Catch.Tests.CatchBeatmapConversionTest.Test(String name, Type[] mods) in /app/osu.Game.Rulesets.Catch.Tests/CatchBeatmapConversionTest.cs:line 58
   at InvokeStub_CatchBeatmapConversionTest.Test(Object, Span`1)

328)    at osu.Game.Tests.Beatmaps.BeatmapConversionTest`2.<>c__DisplayClass4_1.<Test>b__2() in /app/osu.Game/Tests/Beatmaps/BeatmapConversionTest.cs:line 98
   at NUnit.Framework.Assert.Multiple(TestDelegate testDelegate)
   at osu.Game.Tests.Beatmaps.BeatmapConversionTest`2.<>c__DisplayClass4_0.<Test>b__1() in /app/osu.Game/Tests/Beatmaps/BeatmapConversionTest.cs:line 77
   at NUnit.Framework.Assert.Multiple(TestDelegate testDelegate)
   at osu.Game.Tests.Beatmaps.BeatmapConversionTest`2.Test(String name, Type[] mods) in /app/osu.Game/Tests/Beatmaps/BeatmapConversionTest.cs:line 50
   at osu.Game.Rulesets.Catch.Tests.CatchBeatmapConversionTest.Test(String name, Type[] mods) in /app/osu.Game.Rulesets.Catch.Tests/CatchBeatmapConversionTest.cs:line 58
   at InvokeStub_CatchBeatmapConversionTest.Test(Object, Span`1)

329)    at osu.Game.Tests.Beatmaps.BeatmapConversionTest`2.<>c__DisplayClass4_1.<Test>b__2() in /app/osu.Game/Tests/Beatmaps/BeatmapConversionTest.cs:line 98
   at NUnit.Framework.Assert.Multiple(TestDelegate testDelegate)
   at osu.Game.Tests.Beatmaps.BeatmapConversionTest`2.<>c__DisplayClass4_0.<Test>b__1() in /app/osu.Game/Tests/Beatmaps/BeatmapConversionTest.cs:line 77
   at NUnit.Framework.Assert.Multiple(TestDelegate testDelegate)
   at osu.Game.Tests.Beatmaps.BeatmapConversionTest`2.Test(String name, Type[] mods) in /app/osu.Game/Tests/Beatmaps/BeatmapConversionTest.cs:line 50
   at osu.Game.Rulesets.Catch.Tests.CatchBeatmapConversionTest.Test(String name, Type[] mods) in /app/osu.Game.Rulesets.Catch.Tests/CatchBeatmapConversionTest.cs:line 58
   at InvokeStub_CatchBeatmapConversionTest.Test(Object, Span`1)

330)    at osu.Game.Tests.Beatmaps.BeatmapConversionTest`2.<>c__DisplayClass4_1.<Test>b__2() in /app/osu.Game/Tests/Beatmaps/BeatmapConversionTest.cs:line 98
   at NUnit.Framework.Assert.Multiple(TestDelegate testDelegate)
   at osu.Game.Tests.Beatmaps.BeatmapConversionTest`2.<>c__DisplayClass4_0.<Test>b__1() in /app/osu.Game/Tests/Beatmaps/BeatmapConversionTest.cs:line 77
   at NUnit.Framework.Assert.Multiple(TestDelegate testDelegate)
   at osu.Game.Tests.Beatmaps.BeatmapConversionTest`2.Test(String name, Type[] mods) in /app/osu.Game/Tests/Beatmaps/BeatmapConversionTest.cs:line 50
   at osu.Game.Rulesets.Catch.Tests.CatchBeatmapConversionTest.Test(String name, Type[] mods) in /app/osu.Game.Rulesets.Catch.Tests/CatchBeatmapConversionTest.cs:line 58
   at InvokeStub_CatchBeatmapConversionTest.Test(Object, Span`1)

331)    at osu.Game.Tests.Beatmaps.BeatmapConversionTest`2.<>c__DisplayClass4_1.<Test>b__2() in /app/osu.Game/Tests/Beatmaps/BeatmapConversionTest.cs:line 98
   at NUnit.Framework.Assert.Multiple(TestDelegate testDelegate)
   at osu.Game.Tests.Beatmaps.BeatmapConversionTest`2.<>c__DisplayClass4_0.<Test>b__1() in /app/osu.Game/Tests/Beatmaps/BeatmapConversionTest.cs:line 77
   at NUnit.Framework.Assert.Multiple(TestDelegate testDelegate)
   at osu.Game.Tests.Beatmaps.BeatmapConversionTest`2.Test(String name, Type[] mods) in /app/osu.Game/Tests/Beatmaps/BeatmapConversionTest.cs:line 50
   at osu.Game.Rulesets.Catch.Tests.CatchBeatmapConversionTest.Test(String name, Type[] mods) in /app/osu.Game.Rulesets.Catch.Tests/CatchBeatmapConversionTest.cs:line 58
   at InvokeStub_CatchBeatmapConversionTest.Test(Object, Span`1)

332)    at osu.Game.Tests.Beatmaps.BeatmapConversionTest`2.<>c__DisplayClass4_1.<Test>b__2() in /app/osu.Game/Tests/Beatmaps/BeatmapConversionTest.cs:line 98
   at NUnit.Framework.Assert.Multiple(TestDelegate testDelegate)
   at osu.Game.Tests.Beatmaps.BeatmapConversionTest`2.<>c__DisplayClass4_0.<Test>b__1() in /app/osu.Game/Tests/Beatmaps/BeatmapConversionTest.cs:line 77
   at NUnit.Framework.Assert.Multiple(TestDelegate testDelegate)
   at osu.Game.Tests.Beatmaps.BeatmapConversionTest`2.Test(String name, Type[] mods) in /app/osu.Game/Tests/Beatmaps/BeatmapConversionTest.cs:line 50
   at osu.Game.Rulesets.Catch.Tests.CatchBeatmapConversionTest.Test(String name, Type[] mods) in /app/osu.Game.Rulesets.Catch.Tests/CatchBeatmapConversionTest.cs:line 58
   at InvokeStub_CatchBeatmapConversionTest.Test(Object, Span`1)

333)    at osu.Game.Tests.Beatmaps.BeatmapConversionTest`2.<>c__DisplayClass4_1.<Test>b__2() in /app/osu.Game/Tests/Beatmaps/BeatmapConversionTest.cs:line 98
   at NUnit.Framework.Assert.Multiple(TestDelegate testDelegate)
   at osu.Game.Tests.Beatmaps.BeatmapConversionTest`2.<>c__DisplayClass4_0.<Test>b__1() in /app/osu.Game/Tests/Beatmaps/BeatmapConversionTest.cs:line 77
   at NUnit.Framework.Assert.Multiple(TestDelegate testDelegate)
   at osu.Game.Tests.Beatmaps.BeatmapConversionTest`2.Test(String name, Type[] mods) in /app/osu.Game/Tests/Beatmaps/BeatmapConversionTest.cs:line 50
   at osu.Game.Rulesets.Catch.Tests.CatchBeatmapConversionTest.Test(String name, Type[] mods) in /app/osu.Game.Rulesets.Catch.Tests/CatchBeatmapConversionTest.cs:line 58
   at InvokeStub_CatchBeatmapConversionTest.Test(Object, Span`1)

334)    at osu.Game.Tests.Beatmaps.BeatmapConversionTest`2.<>c__DisplayClass4_1.<Test>b__2() in /app/osu.Game/Tests/Beatmaps/BeatmapConversionTest.cs:line 98
   at NUnit.Framework.Assert.Multiple(TestDelegate testDelegate)
   at osu.Game.Tests.Beatmaps.BeatmapConversionTest`2.<>c__DisplayClass4_0.<Test>b__1() in /app/osu.Game/Tests/Beatmaps/BeatmapConversionTest.cs:line 77
   at NUnit.Framework.Assert.Multiple(TestDelegate testDelegate)
   at osu.Game.Tests.Beatmaps.BeatmapConversionTest`2.Test(String name, Type[] mods) in /app/osu.Game/Tests/Beatmaps/BeatmapConversionTest.cs:line 50
   at osu.Game.Rulesets.Catch.Tests.CatchBeatmapConversionTest.Test(String name, Type[] mods) in /app/osu.Game.Rulesets.Catch.Tests/CatchBeatmapConversionTest.cs:line 58
   at InvokeStub_CatchBeatmapConversionTest.Test(Object, Span`1)

335)    at osu.Game.Tests.Beatmaps.BeatmapConversionTest`2.<>c__DisplayClass4_1.<Test>b__2() in /app/osu.Game/Tests/Beatmaps/BeatmapConversionTest.cs:line 98
   at NUnit.Framework.Assert.Multiple(TestDelegate testDelegate)
   at osu.Game.Tests.Beatmaps.BeatmapConversionTest`2.<>c__DisplayClass4_0.<Test>b__1() in /app/osu.Game/Tests/Beatmaps/BeatmapConversionTest.cs:line 77
   at NUnit.Framework.Assert.Multiple(TestDelegate testDelegate)
   at osu.Game.Tests.Beatmaps.BeatmapConversionTest`2.Test(String name, Type[] mods) in /app/osu.Game/Tests/Beatmaps/BeatmapConversionTest.cs:line 50
   at osu.Game.Rulesets.Catch.Tests.CatchBeatmapConversionTest.Test(String name, Type[] mods) in /app/osu.Game.Rulesets.Catch.Tests/CatchBeatmapConversionTest.cs:line 58
   at InvokeStub_CatchBeatmapConversionTest.Test(Object, Span`1)

336)    at osu.Game.Tests.Beatmaps.BeatmapConversionTest`2.<>c__DisplayClass4_1.<Test>b__2() in /app/osu.Game/Tests/Beatmaps/BeatmapConversionTest.cs:line 98
   at NUnit.Framework.Assert.Multiple(TestDelegate testDelegate)
   at osu.Game.Tests.Beatmaps.BeatmapConversionTest`2.<>c__DisplayClass4_0.<Test>b__1() in /app/osu.Game/Tests/Beatmaps/BeatmapConversionTest.cs:line 77
   at NUnit.Framework.Assert.Multiple(TestDelegate testDelegate)
   at osu.Game.Tests.Beatmaps.BeatmapConversionTest`2.Test(String name, Type[] mods) in /app/osu.Game/Tests/Beatmaps/BeatmapConversionTest.cs:line 50
   at osu.Game.Rulesets.Catch.Tests.CatchBeatmapConversionTest.Test(String name, Type[] mods) in /app/osu.Game.Rulesets.Catch.Tests/CatchBeatmapConversionTest.cs:line 58
   at InvokeStub_CatchBeatmapConversionTest.Test(Object, Span`1)

337)    at osu.Game.Tests.Beatmaps.BeatmapConversionTest`2.<>c__DisplayClass4_1.<Test>b__2() in /app/osu.Game/Tests/Beatmaps/BeatmapConversionTest.cs:line 98
   at NUnit.Framework.Assert.Multiple(TestDelegate testDelegate)
   at osu.Game.Tests.Beatmaps.BeatmapConversionTest`2.<>c__DisplayClass4_0.<Test>b__1() in /app/osu.Game/Tests/Beatmaps/BeatmapConversionTest.cs:line 77
   at NUnit.Framework.Assert.Multiple(TestDelegate testDelegate)
   at osu.Game.Tests.Beatmaps.BeatmapConversionTest`2.Test(String name, Type[] mods) in /app/osu.Game/Tests/Beatmaps/BeatmapConversionTest.cs:line 50
   at osu.Game.Rulesets.Catch.Tests.CatchBeatmapConversionTest.Test(String name, Type[] mods) in /app/osu.Game.Rulesets.Catch.Tests/CatchBeatmapConversionTest.cs:line 58
   at InvokeStub_CatchBeatmapConversionTest.Test(Object, Span`1)

338)    at osu.Game.Tests.Beatmaps.BeatmapConversionTest`2.<>c__DisplayClass4_1.<Test>b__2() in /app/osu.Game/Tests/Beatmaps/BeatmapConversionTest.cs:line 98
   at NUnit.Framework.Assert.Multiple(TestDelegate testDelegate)
   at osu.Game.Tests.Beatmaps.BeatmapConversionTest`2.<>c__DisplayClass4_0.<Test>b__1() in /app/osu.Game/Tests/Beatmaps/BeatmapConversionTest.cs:line 77
   at NUnit.Framework.Assert.Multiple(TestDelegate testDelegate)
   at osu.Game.Tests.Beatmaps.BeatmapConversionTest`2.Test(String name, Type[] mods) in /app/osu.Game/Tests/Beatmaps/BeatmapConversionTest.cs:line 50
   at osu.Game.Rulesets.Catch.Tests.CatchBeatmapConversionTest.Test(String name, Type[] mods) in /app/osu.Game.Rulesets.Catch.Tests/CatchBeatmapConversionTest.cs:line 58
   at InvokeStub_CatchBeatmapConversionTest.Test(Object, Span`1)

339)    at osu.Game.Tests.Beatmaps.BeatmapConversionTest`2.<>c__DisplayClass4_1.<Test>b__2() in /app/osu.Game/Tests/Beatmaps/BeatmapConversionTest.cs:line 98
   at NUnit.Framework.Assert.Multiple(TestDelegate testDelegate)
   at osu.Game.Tests.Beatmaps.BeatmapConversionTest`2.<>c__DisplayClass4_0.<Test>b__1() in /app/osu.Game/Tests/Beatmaps/BeatmapConversionTest.cs:line 77
   at NUnit.Framework.Assert.Multiple(TestDelegate testDelegate)
   at osu.Game.Tests.Beatmaps.BeatmapConversionTest`2.Test(String name, Type[] mods) in /app/osu.Game/Tests/Beatmaps/BeatmapConversionTest.cs:line 50
   at osu.Game.Rulesets.Catch.Tests.CatchBeatmapConversionTest.Test(String name, Type[] mods) in /app/osu.Game.Rulesets.Catch.Tests/CatchBeatmapConversionTest.cs:line 58
   at InvokeStub_CatchBeatmapConversionTest.Test(Object, Span`1)

340)    at osu.Game.Tests.Beatmaps.BeatmapConversionTest`2.<>c__DisplayClass4_1.<Test>b__2() in /app/osu.Game/Tests/Beatmaps/BeatmapConversionTest.cs:line 98
   at NUnit.Framework.Assert.Multiple(TestDelegate testDelegate)
   at osu.Game.Tests.Beatmaps.BeatmapConversionTest`2.<>c__DisplayClass4_0.<Test>b__1() in /app/osu.Game/Tests/Beatmaps/BeatmapConversionTest.cs:line 77
   at NUnit.Framework.Assert.Multiple(TestDelegate testDelegate)
   at osu.Game.Tests.Beatmaps.BeatmapConversionTest`2.Test(String name, Type[] mods) in /app/osu.Game/Tests/Beatmaps/BeatmapConversionTest.cs:line 50
   at osu.Game.Rulesets.Catch.Tests.CatchBeatmapConversionTest.Test(String name, Type[] mods) in /app/osu.Game.Rulesets.Catch.Tests/CatchBeatmapConversionTest.cs:line 58
   at InvokeStub_CatchBeatmapConversionTest.Test(Object, Span`1)

341)    at osu.Game.Tests.Beatmaps.BeatmapConversionTest`2.<>c__DisplayClass4_1.<Test>b__2() in /app/osu.Game/Tests/Beatmaps/BeatmapConversionTest.cs:line 98
   at NUnit.Framework.Assert.Multiple(TestDelegate testDelegate)
   at osu.Game.Tests.Beatmaps.BeatmapConversionTest`2.<>c__DisplayClass4_0.<Test>b__1() in /app/osu.Game/Tests/Beatmaps/BeatmapConversionTest.cs:line 77
   at NUnit.Framework.Assert.Multiple(TestDelegate testDelegate)
   at osu.Game.Tests.Beatmaps.BeatmapConversionTest`2.Test(String name, Type[] mods) in /app/osu.Game/Tests/Beatmaps/BeatmapConversionTest.cs:line 50
   at osu.Game.Rulesets.Catch.Tests.CatchBeatmapConversionTest.Test(String name, Type[] mods) in /app/osu.Game.Rulesets.Catch.Tests/CatchBeatmapConversionTest.cs:line 58
   at InvokeStub_CatchBeatmapConversionTest.Test(Object, Span`1)

342)    at osu.Game.Tests.Beatmaps.BeatmapConversionTest`2.<>c__DisplayClass4_1.<Test>b__2() in /app/osu.Game/Tests/Beatmaps/BeatmapConversionTest.cs:line 98
   at NUnit.Framework.Assert.Multiple(TestDelegate testDelegate)
   at osu.Game.Tests.Beatmaps.BeatmapConversionTest`2.<>c__DisplayClass4_0.<Test>b__1() in /app/osu.Game/Tests/Beatmaps/BeatmapConversionTest.cs:line 77
   at NUnit.Framework.Assert.Multiple(TestDelegate testDelegate)
   at osu.Game.Tests.Beatmaps.BeatmapConversionTest`2.Test(String name, Type[] mods) in /app/osu.Game/Tests/Beatmaps/BeatmapConversionTest.cs:line 50
   at osu.Game.Rulesets.Catch.Tests.CatchBeatmapConversionTest.Test(String name, Type[] mods) in /app/osu.Game.Rulesets.Catch.Tests/CatchBeatmapConversionTest.cs:line 58
   at InvokeStub_CatchBeatmapConversionTest.Test(Object, Span`1)

343)    at osu.Game.Tests.Beatmaps.BeatmapConversionTest`2.<>c__DisplayClass4_1.<Test>b__2() in /app/osu.Game/Tests/Beatmaps/BeatmapConversionTest.cs:line 98
   at NUnit.Framework.Assert.Multiple(TestDelegate testDelegate)
   at osu.Game.Tests.Beatmaps.BeatmapConversionTest`2.<>c__DisplayClass4_0.<Test>b__1() in /app/osu.Game/Tests/Beatmaps/BeatmapConversionTest.cs:line 77
   at NUnit.Framework.Assert.Multiple(TestDelegate testDelegate)
   at osu.Game.Tests.Beatmaps.BeatmapConversionTest`2.Test(String name, Type[] mods) in /app/osu.Game/Tests/Beatmaps/BeatmapConversionTest.cs:line 50
   at osu.Game.Rulesets.Catch.Tests.CatchBeatmapConversionTest.Test(String name, Type[] mods) in /app/osu.Game.Rulesets.Catch.Tests/CatchBeatmapConversionTest.cs:line 58
   at InvokeStub_CatchBeatmapConversionTest.Test(Object, Span`1)

344)    at osu.Game.Tests.Beatmaps.BeatmapConversionTest`2.<>c__DisplayClass4_1.<Test>b__2() in /app/osu.Game/Tests/Beatmaps/BeatmapConversionTest.cs:line 98
   at NUnit.Framework.Assert.Multiple(TestDelegate testDelegate)
   at osu.Game.Tests.Beatmaps.BeatmapConversionTest`2.<>c__DisplayClass4_0.<Test>b__1() in /app/osu.Game/Tests/Beatmaps/BeatmapConversionTest.cs:line 77
   at NUnit.Framework.Assert.Multiple(TestDelegate testDelegate)
   at osu.Game.Tests.Beatmaps.BeatmapConversionTest`2.Test(String name, Type[] mods) in /app/osu.Game/Tests/Beatmaps/BeatmapConversionTest.cs:line 50
   at osu.Game.Rulesets.Catch.Tests.CatchBeatmapConversionTest.Test(String name, Type[] mods) in /app/osu.Game.Rulesets.Catch.Tests/CatchBeatmapConversionTest.cs:line 58
   at InvokeStub_CatchBeatmapConversionTest.Test(Object, Span`1)

345)    at osu.Game.Tests.Beatmaps.BeatmapConversionTest`2.<>c__DisplayClass4_1.<Test>b__2() in /app/osu.Game/Tests/Beatmaps/BeatmapConversionTest.cs:line 98
   at NUnit.Framework.Assert.Multiple(TestDelegate testDelegate)
   at osu.Game.Tests.Beatmaps.BeatmapConversionTest`2.<>c__DisplayClass4_0.<Test>b__1() in /app/osu.Game/Tests/Beatmaps/BeatmapConversionTest.cs:line 77
   at NUnit.Framework.Assert.Multiple(TestDelegate testDelegate)
   at osu.Game.Tests.Beatmaps.BeatmapConversionTest`2.Test(String name, Type[] mods) in /app/osu.Game/Tests/Beatmaps/BeatmapConversionTest.cs:line 50
   at osu.Game.Rulesets.Catch.Tests.CatchBeatmapConversionTest.Test(String name, Type[] mods) in /app/osu.Game.Rulesets.Catch.Tests/CatchBeatmapConversionTest.cs:line 58
   at InvokeStub_CatchBeatmapConversionTest.Test(Object, Span`1)

346)    at osu.Game.Tests.Beatmaps.BeatmapConversionTest`2.<>c__DisplayClass4_1.<Test>b__2() in /app/osu.Game/Tests/Beatmaps/BeatmapConversionTest.cs:line 98
   at NUnit.Framework.Assert.Multiple(TestDelegate testDelegate)
   at osu.Game.Tests.Beatmaps.BeatmapConversionTest`2.<>c__DisplayClass4_0.<Test>b__1() in /app/osu.Game/Tests/Beatmaps/BeatmapConversionTest.cs:line 77
   at NUnit.Framework.Assert.Multiple(TestDelegate testDelegate)
   at osu.Game.Tests.Beatmaps.BeatmapConversionTest`2.Test(String name, Type[] mods) in /app/osu.Game/Tests/Beatmaps/BeatmapConversionTest.cs:line 50
   at osu.Game.Rulesets.Catch.Tests.CatchBeatmapConversionTest.Test(String name, Type[] mods) in /app/osu.Game.Rulesets.Catch.Tests/CatchBeatmapConversionTest.cs:line 58
   at InvokeStub_CatchBeatmapConversionTest.Test(Object, Span`1)

347)    at osu.Game.Tests.Beatmaps.BeatmapConversionTest`2.<>c__DisplayClass4_1.<Test>b__2() in /app/osu.Game/Tests/Beatmaps/BeatmapConversionTest.cs:line 98
   at NUnit.Framework.Assert.Multiple(TestDelegate testDelegate)
   at osu.Game.Tests.Beatmaps.BeatmapConversionTest`2.<>c__DisplayClass4_0.<Test>b__1() in /app/osu.Game/Tests/Beatmaps/BeatmapConversionTest.cs:line 77
   at NUnit.Framework.Assert.Multiple(TestDelegate testDelegate)
   at osu.Game.Tests.Beatmaps.BeatmapConversionTest`2.Test(String name, Type[] mods) in /app/osu.Game/Tests/Beatmaps/BeatmapConversionTest.cs:line 50
   at osu.Game.Rulesets.Catch.Tests.CatchBeatmapConversionTest.Test(String name, Type[] mods) in /app/osu.Game.Rulesets.Catch.Tests/CatchBeatmapConversionTest.cs:line 58
   at InvokeStub_CatchBeatmapConversionTest.Test(Object, Span`1)

348)    at osu.Game.Tests.Beatmaps.BeatmapConversionTest`2.<>c__DisplayClass4_1.<Test>b__2() in /app/osu.Game/Tests/Beatmaps/BeatmapConversionTest.cs:line 98
   at NUnit.Framework.Assert.Multiple(TestDelegate testDelegate)
   at osu.Game.Tests.Beatmaps.BeatmapConversionTest`2.<>c__DisplayClass4_0.<Test>b__1() in /app/osu.Game/Tests/Beatmaps/BeatmapConversionTest.cs:line 77
   at NUnit.Framework.Assert.Multiple(TestDelegate testDelegate)
   at osu.Game.Tests.Beatmaps.BeatmapConversionTest`2.Test(String name, Type[] mods) in /app/osu.Game/Tests/Beatmaps/BeatmapConversionTest.cs:line 50
   at osu.Game.Rulesets.Catch.Tests.CatchBeatmapConversionTest.Test(String name, Type[] mods) in /app/osu.Game.Rulesets.Catch.Tests/CatchBeatmapConversionTest.cs:line 58
   at InvokeStub_CatchBeatmapConversionTest.Test(Object, Span`1)

349)    at osu.Game.Tests.Beatmaps.BeatmapConversionTest`2.<>c__DisplayClass4_1.<Test>b__2() in /app/osu.Game/Tests/Beatmaps/BeatmapConversionTest.cs:line 98
   at NUnit.Framework.Assert.Multiple(TestDelegate testDelegate)
   at osu.Game.Tests.Beatmaps.BeatmapConversionTest`2.<>c__DisplayClass4_0.<Test>b__1() in /app/osu.Game/Tests/Beatmaps/BeatmapConversionTest.cs:line 77
   at NUnit.Framework.Assert.Multiple(TestDelegate testDelegate)
   at osu.Game.Tests.Beatmaps.BeatmapConversionTest`2.Test(String name, Type[] mods) in /app/osu.Game/Tests/Beatmaps/BeatmapConversionTest.cs:line 50
   at osu.Game.Rulesets.Catch.Tests.CatchBeatmapConversionTest.Test(String name, Type[] mods) in /app/osu.Game.Rulesets.Catch.Tests/CatchBeatmapConversionTest.cs:line 58
   at InvokeStub_CatchBeatmapConversionTest.Test(Object, Span`1)

350)    at osu.Game.Tests.Beatmaps.BeatmapConversionTest`2.<>c__DisplayClass4_1.<Test>b__2() in /app/osu.Game/Tests/Beatmaps/BeatmapConversionTest.cs:line 98
   at NUnit.Framework.Assert.Multiple(TestDelegate testDelegate)
   at osu.Game.Tests.Beatmaps.BeatmapConversionTest`2.<>c__DisplayClass4_0.<Test>b__1() in /app/osu.Game/Tests/Beatmaps/BeatmapConversionTest.cs:line 77
   at NUnit.Framework.Assert.Multiple(TestDelegate testDelegate)
   at osu.Game.Tests.Beatmaps.BeatmapConversionTest`2.Test(String name, Type[] mods) in /app/osu.Game/Tests/Beatmaps/BeatmapConversionTest.cs:line 50
   at osu.Game.Rulesets.Catch.Tests.CatchBeatmapConversionTest.Test(String name, Type[] mods) in /app/osu.Game.Rulesets.Catch.Tests/CatchBeatmapConversionTest.cs:line 58
   at InvokeStub_CatchBeatmapConversionTest.Test(Object, Span`1)

351)    at osu.Game.Tests.Beatmaps.BeatmapConversionTest`2.<>c__DisplayClass4_1.<Test>b__2() in /app/osu.Game/Tests/Beatmaps/BeatmapConversionTest.cs:line 98
   at NUnit.Framework.Assert.Multiple(TestDelegate testDelegate)
   at osu.Game.Tests.Beatmaps.BeatmapConversionTest`2.<>c__DisplayClass4_0.<Test>b__1() in /app/osu.Game/Tests/Beatmaps/BeatmapConversionTest.cs:line 77
   at NUnit.Framework.Assert.Multiple(TestDelegate testDelegate)
   at osu.Game.Tests.Beatmaps.BeatmapConversionTest`2.Test(String name, Type[] mods) in /app/osu.Game/Tests/Beatmaps/BeatmapConversionTest.cs:line 50
   at osu.Game.Rulesets.Catch.Tests.CatchBeatmapConversionTest.Test(String name, Type[] mods) in /app/osu.Game.Rulesets.Catch.Tests/CatchBeatmapConversionTest.cs:line 58
   at InvokeStub_CatchBeatmapConversionTest.Test(Object, Span`1)

352)    at osu.Game.Tests.Beatmaps.BeatmapConversionTest`2.<>c__DisplayClass4_1.<Test>b__2() in /app/osu.Game/Tests/Beatmaps/BeatmapConversionTest.cs:line 98
   at NUnit.Framework.Assert.Multiple(TestDelegate testDelegate)
   at osu.Game.Tests.Beatmaps.BeatmapConversionTest`2.<>c__DisplayClass4_0.<Test>b__1() in /app/osu.Game/Tests/Beatmaps/BeatmapConversionTest.cs:line 77
   at NUnit.Framework.Assert.Multiple(TestDelegate testDelegate)
   at osu.Game.Tests.Beatmaps.BeatmapConversionTest`2.Test(String name, Type[] mods) in /app/osu.Game/Tests/Beatmaps/BeatmapConversionTest.cs:line 50
   at osu.Game.Rulesets.Catch.Tests.CatchBeatmapConversionTest.Test(String name, Type[] mods) in /app/osu.Game.Rulesets.Catch.Tests/CatchBeatmapConversionTest.cs:line 58
   at InvokeStub_CatchBeatmapConversionTest.Test(Object, Span`1)

353)    at osu.Game.Tests.Beatmaps.BeatmapConversionTest`2.<>c__DisplayClass4_1.<Test>b__2() in /app/osu.Game/Tests/Beatmaps/BeatmapConversionTest.cs:line 98
   at NUnit.Framework.Assert.Multiple(TestDelegate testDelegate)
   at osu.Game.Tests.Beatmaps.BeatmapConversionTest`2.<>c__DisplayClass4_0.<Test>b__1() in /app/osu.Game/Tests/Beatmaps/BeatmapConversionTest.cs:line 77
   at NUnit.Framework.Assert.Multiple(TestDelegate testDelegate)
   at osu.Game.Tests.Beatmaps.BeatmapConversionTest`2.Test(String name, Type[] mods) in /app/osu.Game/Tests/Beatmaps/BeatmapConversionTest.cs:line 50
   at osu.Game.Rulesets.Catch.Tests.CatchBeatmapConversionTest.Test(String name, Type[] mods) in /app/osu.Game.Rulesets.Catch.Tests/CatchBeatmapConversionTest.cs:line 58
   at InvokeStub_CatchBeatmapConversionTest.Test(Object, Span`1)

354)    at osu.Game.Tests.Beatmaps.BeatmapConversionTest`2.<>c__DisplayClass4_1.<Test>b__2() in /app/osu.Game/Tests/Beatmaps/BeatmapConversionTest.cs:line 98
   at NUnit.Framework.Assert.Multiple(TestDelegate testDelegate)
   at osu.Game.Tests.Beatmaps.BeatmapConversionTest`2.<>c__DisplayClass4_0.<Test>b__1() in /app/osu.Game/Tests/Beatmaps/BeatmapConversionTest.cs:line 77
   at NUnit.Framework.Assert.Multiple(TestDelegate testDelegate)
   at osu.Game.Tests.Beatmaps.BeatmapConversionTest`2.Test(String name, Type[] mods) in /app/osu.Game/Tests/Beatmaps/BeatmapConversionTest.cs:line 50
   at osu.Game.Rulesets.Catch.Tests.CatchBeatmapConversionTest.Test(String name, Type[] mods) in /app/osu.Game.Rulesets.Catch.Tests/CatchBeatmapConversionTest.cs:line 58
   at InvokeStub_CatchBeatmapConversionTest.Test(Object, Span`1)

355)    at osu.Game.Tests.Beatmaps.BeatmapConversionTest`2.<>c__DisplayClass4_1.<Test>b__2() in /app/osu.Game/Tests/Beatmaps/BeatmapConversionTest.cs:line 98
   at NUnit.Framework.Assert.Multiple(TestDelegate testDelegate)
   at osu.Game.Tests.Beatmaps.BeatmapConversionTest`2.<>c__DisplayClass4_0.<Test>b__1() in /app/osu.Game/Tests/Beatmaps/BeatmapConversionTest.cs:line 77
   at NUnit.Framework.Assert.Multiple(TestDelegate testDelegate)
   at osu.Game.Tests.Beatmaps.BeatmapConversionTest`2.Test(String name, Type[] mods) in /app/osu.Game/Tests/Beatmaps/BeatmapConversionTest.cs:line 50
   at osu.Game.Rulesets.Catch.Tests.CatchBeatmapConversionTest.Test(String name, Type[] mods) in /app/osu.Game.Rulesets.Catch.Tests/CatchBeatmapConversionTest.cs:line 58
   at InvokeStub_CatchBeatmapConversionTest.Test(Object, Span`1)

356)    at osu.Game.Tests.Beatmaps.BeatmapConversionTest`2.<>c__DisplayClass4_1.<Test>b__2() in /app/osu.Game/Tests/Beatmaps/BeatmapConversionTest.cs:line 98
   at NUnit.Framework.Assert.Multiple(TestDelegate testDelegate)
   at osu.Game.Tests.Beatmaps.BeatmapConversionTest`2.<>c__DisplayClass4_0.<Test>b__1() in /app/osu.Game/Tests/Beatmaps/BeatmapConversionTest.cs:line 77
   at NUnit.Framework.Assert.Multiple(TestDelegate testDelegate)
   at osu.Game.Tests.Beatmaps.BeatmapConversionTest`2.Test(String name, Type[] mods) in /app/osu.Game/Tests/Beatmaps/BeatmapConversionTest.cs:line 50
   at osu.Game.Rulesets.Catch.Tests.CatchBeatmapConversionTest.Test(String name, Type[] mods) in /app/osu.Game.Rulesets.Catch.Tests/CatchBeatmapConversionTest.cs:line 58
   at InvokeStub_CatchBeatmapConversionTest.Test(Object, Span`1)

357)    at osu.Game.Tests.Beatmaps.BeatmapConversionTest`2.<>c__DisplayClass4_1.<Test>b__2() in /app/osu.Game/Tests/Beatmaps/BeatmapConversionTest.cs:line 98
   at NUnit.Framework.Assert.Multiple(TestDelegate testDelegate)
   at osu.Game.Tests.Beatmaps.BeatmapConversionTest`2.<>c__DisplayClass4_0.<Test>b__1() in /app/osu.Game/Tests/Beatmaps/BeatmapConversionTest.cs:line 77
   at NUnit.Framework.Assert.Multiple(TestDelegate testDelegate)
   at osu.Game.Tests.Beatmaps.BeatmapConversionTest`2.Test(String name, Type[] mods) in /app/osu.Game/Tests/Beatmaps/BeatmapConversionTest.cs:line 50
   at osu.Game.Rulesets.Catch.Tests.CatchBeatmapConversionTest.Test(String name, Type[] mods) in /app/osu.Game.Rulesets.Catch.Tests/CatchBeatmapConversionTest.cs:line 58
   at InvokeStub_CatchBeatmapConversionTest.Test(Object, Span`1)

358)    at osu.Game.Tests.Beatmaps.BeatmapConversionTest`2.<>c__DisplayClass4_1.<Test>b__2() in /app/osu.Game/Tests/Beatmaps/BeatmapConversionTest.cs:line 98
   at NUnit.Framework.Assert.Multiple(TestDelegate testDelegate)
   at osu.Game.Tests.Beatmaps.BeatmapConversionTest`2.<>c__DisplayClass4_0.<Test>b__1() in /app/osu.Game/Tests/Beatmaps/BeatmapConversionTest.cs:line 77
   at NUnit.Framework.Assert.Multiple(TestDelegate testDelegate)
   at osu.Game.Tests.Beatmaps.BeatmapConversionTest`2.Test(String name, Type[] mods) in /app/osu.Game/Tests/Beatmaps/BeatmapConversionTest.cs:line 50
   at osu.Game.Rulesets.Catch.Tests.CatchBeatmapConversionTest.Test(String name, Type[] mods) in /app/osu.Game.Rulesets.Catch.Tests/CatchBeatmapConversionTest.cs:line 58
   at InvokeStub_CatchBeatmapConversionTest.Test(Object, Span`1)

359)    at osu.Game.Tests.Beatmaps.BeatmapConversionTest`2.<>c__DisplayClass4_1.<Test>b__2() in /app/osu.Game/Tests/Beatmaps/BeatmapConversionTest.cs:line 98
   at NUnit.Framework.Assert.Multiple(TestDelegate testDelegate)
   at osu.Game.Tests.Beatmaps.BeatmapConversionTest`2.<>c__DisplayClass4_0.<Test>b__1() in /app/osu.Game/Tests/Beatmaps/BeatmapConversionTest.cs:line 77
   at NUnit.Framework.Assert.Multiple(TestDelegate testDelegate)
   at osu.Game.Tests.Beatmaps.BeatmapConversionTest`2.Test(String name, Type[] mods) in /app/osu.Game/Tests/Beatmaps/BeatmapConversionTest.cs:line 50
   at osu.Game.Rulesets.Catch.Tests.CatchBeatmapConversionTest.Test(String name, Type[] mods) in /app/osu.Game.Rulesets.Catch.Tests/CatchBeatmapConversionTest.cs:line 58
   at InvokeStub_CatchBeatmapConversionTest.Test(Object, Span`1)

360)    at osu.Game.Tests.Beatmaps.BeatmapConversionTest`2.<>c__DisplayClass4_1.<Test>b__2() in /app/osu.Game/Tests/Beatmaps/BeatmapConversionTest.cs:line 98
   at NUnit.Framework.Assert.Multiple(TestDelegate testDelegate)
   at osu.Game.Tests.Beatmaps.BeatmapConversionTest`2.<>c__DisplayClass4_0.<Test>b__1() in /app/osu.Game/Tests/Beatmaps/BeatmapConversionTest.cs:line 77
   at NUnit.Framework.Assert.Multiple(TestDelegate testDelegate)
   at osu.Game.Tests.Beatmaps.BeatmapConversionTest`2.Test(String name, Type[] mods) in /app/osu.Game/Tests/Beatmaps/BeatmapConversionTest.cs:line 50
   at osu.Game.Rulesets.Catch.Tests.CatchBeatmapConversionTest.Test(String name, Type[] mods) in /app/osu.Game.Rulesets.Catch.Tests/CatchBeatmapConversionTest.cs:line 58
   at InvokeStub_CatchBeatmapConversionTest.Test(Object, Span`1)

361)    at osu.Game.Tests.Beatmaps.BeatmapConversionTest`2.<>c__DisplayClass4_1.<Test>b__2() in /app/osu.Game/Tests/Beatmaps/BeatmapConversionTest.cs:line 98
   at NUnit.Framework.Assert.Multiple(TestDelegate testDelegate)
   at osu.Game.Tests.Beatmaps.BeatmapConversionTest`2.<>c__DisplayClass4_0.<Test>b__1() in /app/osu.Game/Tests/Beatmaps/BeatmapConversionTest.cs:line 77
   at NUnit.Framework.Assert.Multiple(TestDelegate testDelegate)
   at osu.Game.Tests.Beatmaps.BeatmapConversionTest`2.Test(String name, Type[] mods) in /app/osu.Game/Tests/Beatmaps/BeatmapConversionTest.cs:line 50
   at osu.Game.Rulesets.Catch.Tests.CatchBeatmapConversionTest.Test(String name, Type[] mods) in /app/osu.Game.Rulesets.Catch.Tests/CatchBeatmapConversionTest.cs:line 58
   at InvokeStub_CatchBeatmapConversionTest.Test(Object, Span`1)

362)    at osu.Game.Tests.Beatmaps.BeatmapConversionTest`2.<>c__DisplayClass4_1.<Test>b__2() in /app/osu.Game/Tests/Beatmaps/BeatmapConversionTest.cs:line 98
   at NUnit.Framework.Assert.Multiple(TestDelegate testDelegate)
   at osu.Game.Tests.Beatmaps.BeatmapConversionTest`2.<>c__DisplayClass4_0.<Test>b__1() in /app/osu.Game/Tests/Beatmaps/BeatmapConversionTest.cs:line 77
   at NUnit.Framework.Assert.Multiple(TestDelegate testDelegate)
   at osu.Game.Tests.Beatmaps.BeatmapConversionTest`2.Test(String name, Type[] mods) in /app/osu.Game/Tests/Beatmaps/BeatmapConversionTest.cs:line 50
   at osu.Game.Rulesets.Catch.Tests.CatchBeatmapConversionTest.Test(String name, Type[] mods) in /app/osu.Game.Rulesets.Catch.Tests/CatchBeatmapConversionTest.cs:line 58
   at InvokeStub_CatchBeatmapConversionTest.Test(Object, Span`1)

363)    at osu.Game.Tests.Beatmaps.BeatmapConversionTest`2.<>c__DisplayClass4_1.<Test>b__2() in /app/osu.Game/Tests/Beatmaps/BeatmapConversionTest.cs:line 98
   at NUnit.Framework.Assert.Multiple(TestDelegate testDelegate)
   at osu.Game.Tests.Beatmaps.BeatmapConversionTest`2.<>c__DisplayClass4_0.<Test>b__1() in /app/osu.Game/Tests/Beatmaps/BeatmapConversionTest.cs:line 77
   at NUnit.Framework.Assert.Multiple(TestDelegate testDelegate)
   at osu.Game.Tests.Beatmaps.BeatmapConversionTest`2.Test(String name, Type[] mods) in /app/osu.Game/Tests/Beatmaps/BeatmapConversionTest.cs:line 50
   at osu.Game.Rulesets.Catch.Tests.CatchBeatmapConversionTest.Test(String name, Type[] mods) in /app/osu.Game.Rulesets.Catch.Tests/CatchBeatmapConversionTest.cs:line 58
   at InvokeStub_CatchBeatmapConversionTest.Test(Object, Span`1)

364)    at osu.Game.Tests.Beatmaps.BeatmapConversionTest`2.<>c__DisplayClass4_1.<Test>b__2() in /app/osu.Game/Tests/Beatmaps/BeatmapConversionTest.cs:line 98
   at NUnit.Framework.Assert.Multiple(TestDelegate testDelegate)
   at osu.Game.Tests.Beatmaps.BeatmapConversionTest`2.<>c__DisplayClass4_0.<Test>b__1() in /app/osu.Game/Tests/Beatmaps/BeatmapConversionTest.cs:line 77
   at NUnit.Framework.Assert.Multiple(TestDelegate testDelegate)
   at osu.Game.Tests.Beatmaps.BeatmapConversionTest`2.Test(String name, Type[] mods) in /app/osu.Game/Tests/Beatmaps/BeatmapConversionTest.cs:line 50
   at osu.Game.Rulesets.Catch.Tests.CatchBeatmapConversionTest.Test(String name, Type[] mods) in /app/osu.Game.Rulesets.Catch.Tests/CatchBeatmapConversionTest.cs:line 58
   at InvokeStub_CatchBeatmapConversionTest.Test(Object, Span`1)

365)    at osu.Game.Tests.Beatmaps.BeatmapConversionTest`2.<>c__DisplayClass4_1.<Test>b__2() in /app/osu.Game/Tests/Beatmaps/BeatmapConversionTest.cs:line 98
   at NUnit.Framework.Assert.Multiple(TestDelegate testDelegate)
   at osu.Game.Tests.Beatmaps.BeatmapConversionTest`2.<>c__DisplayClass4_0.<Test>b__1() in /app/osu.Game/Tests/Beatmaps/BeatmapConversionTest.cs:line 77
   at NUnit.Framework.Assert.Multiple(TestDelegate testDelegate)
   at osu.Game.Tests.Beatmaps.BeatmapConversionTest`2.Test(String name, Type[] mods) in /app/osu.Game/Tests/Beatmaps/BeatmapConversionTest.cs:line 50
   at osu.Game.Rulesets.Catch.Tests.CatchBeatmapConversionTest.Test(String name, Type[] mods) in /app/osu.Game.Rulesets.Catch.Tests/CatchBeatmapConversionTest.cs:line 58
   at InvokeStub_CatchBeatmapConversionTest.Test(Object, Span`1)

366)    at osu.Game.Tests.Beatmaps.BeatmapConversionTest`2.<>c__DisplayClass4_1.<Test>b__2() in /app/osu.Game/Tests/Beatmaps/BeatmapConversionTest.cs:line 98
   at NUnit.Framework.Assert.Multiple(TestDelegate testDelegate)
   at osu.Game.Tests.Beatmaps.BeatmapConversionTest`2.<>c__DisplayClass4_0.<Test>b__1() in /app/osu.Game/Tests/Beatmaps/BeatmapConversionTest.cs:line 77
   at NUnit.Framework.Assert.Multiple(TestDelegate testDelegate)
   at osu.Game.Tests.Beatmaps.BeatmapConversionTest`2.Test(String name, Type[] mods) in /app/osu.Game/Tests/Beatmaps/BeatmapConversionTest.cs:line 50
   at osu.Game.Rulesets.Catch.Tests.CatchBeatmapConversionTest.Test(String name, Type[] mods) in /app/osu.Game.Rulesets.Catch.Tests/CatchBeatmapConversionTest.cs:line 58
   at InvokeStub_CatchBeatmapConversionTest.Test(Object, Span`1)

367)    at osu.Game.Tests.Beatmaps.BeatmapConversionTest`2.<>c__DisplayClass4_1.<Test>b__2() in /app/osu.Game/Tests/Beatmaps/BeatmapConversionTest.cs:line 98
   at NUnit.Framework.Assert.Multiple(TestDelegate testDelegate)
   at osu.Game.Tests.Beatmaps.BeatmapConversionTest`2.<>c__DisplayClass4_0.<Test>b__1() in /app/osu.Game/Tests/Beatmaps/BeatmapConversionTest.cs:line 77
   at NUnit.Framework.Assert.Multiple(TestDelegate testDelegate)
   at osu.Game.Tests.Beatmaps.BeatmapConversionTest`2.Test(String name, Type[] mods) in /app/osu.Game/Tests/Beatmaps/BeatmapConversionTest.cs:line 50
   at osu.Game.Rulesets.Catch.Tests.CatchBeatmapConversionTest.Test(String name, Type[] mods) in /app/osu.Game.Rulesets.Catch.Tests/CatchBeatmapConversionTest.cs:line 58
   at InvokeStub_CatchBeatmapConversionTest.Test(Object, Span`1)

368)    at osu.Game.Tests.Beatmaps.BeatmapConversionTest`2.<>c__DisplayClass4_1.<Test>b__2() in /app/osu.Game/Tests/Beatmaps/BeatmapConversionTest.cs:line 98
   at NUnit.Framework.Assert.Multiple(TestDelegate testDelegate)
   at osu.Game.Tests.Beatmaps.BeatmapConversionTest`2.<>c__DisplayClass4_0.<Test>b__1() in /app/osu.Game/Tests/Beatmaps/BeatmapConversionTest.cs:line 77
   at NUnit.Framework.Assert.Multiple(TestDelegate testDelegate)
   at osu.Game.Tests.Beatmaps.BeatmapConversionTest`2.Test(String name, Type[] mods) in /app/osu.Game/Tests/Beatmaps/BeatmapConversionTest.cs:line 50
   at osu.Game.Rulesets.Catch.Tests.CatchBeatmapConversionTest.Test(String name, Type[] mods) in /app/osu.Game.Rulesets.Catch.Tests/CatchBeatmapConversionTest.cs:line 58
   at InvokeStub_CatchBeatmapConversionTest.Test(Object, Span`1)

369)    at osu.Game.Tests.Beatmaps.BeatmapConversionTest`2.<>c__DisplayClass4_1.<Test>b__2() in /app/osu.Game/Tests/Beatmaps/BeatmapConversionTest.cs:line 98
   at NUnit.Framework.Assert.Multiple(TestDelegate testDelegate)
   at osu.Game.Tests.Beatmaps.BeatmapConversionTest`2.<>c__DisplayClass4_0.<Test>b__1() in /app/osu.Game/Tests/Beatmaps/BeatmapConversionTest.cs:line 77
   at NUnit.Framework.Assert.Multiple(TestDelegate testDelegate)
   at osu.Game.Tests.Beatmaps.BeatmapConversionTest`2.Test(String name, Type[] mods) in /app/osu.Game/Tests/Beatmaps/BeatmapConversionTest.cs:line 50
   at osu.Game.Rulesets.Catch.Tests.CatchBeatmapConversionTest.Test(String name, Type[] mods) in /app/osu.Game.Rulesets.Catch.Tests/CatchBeatmapConversionTest.cs:line 58
   at InvokeStub_CatchBeatmapConversionTest.Test(Object, Span`1)

370)    at osu.Game.Tests.Beatmaps.BeatmapConversionTest`2.<>c__DisplayClass4_1.<Test>b__2() in /app/osu.Game/Tests/Beatmaps/BeatmapConversionTest.cs:line 98
   at NUnit.Framework.Assert.Multiple(TestDelegate testDelegate)
   at osu.Game.Tests.Beatmaps.BeatmapConversionTest`2.<>c__DisplayClass4_0.<Test>b__1() in /app/osu.Game/Tests/Beatmaps/BeatmapConversionTest.cs:line 77
   at NUnit.Framework.Assert.Multiple(TestDelegate testDelegate)
   at osu.Game.Tests.Beatmaps.BeatmapConversionTest`2.Test(String name, Type[] mods) in /app/osu.Game/Tests/Beatmaps/BeatmapConversionTest.cs:line 50
   at osu.Game.Rulesets.Catch.Tests.CatchBeatmapConversionTest.Test(String name, Type[] mods) in /app/osu.Game.Rulesets.Catch.Tests/CatchBeatmapConversionTest.cs:line 58
   at InvokeStub_CatchBeatmapConversionTest.Test(Object, Span`1)

371)    at osu.Game.Tests.Beatmaps.BeatmapConversionTest`2.<>c__DisplayClass4_1.<Test>b__2() in /app/osu.Game/Tests/Beatmaps/BeatmapConversionTest.cs:line 98
   at NUnit.Framework.Assert.Multiple(TestDelegate testDelegate)
   at osu.Game.Tests.Beatmaps.BeatmapConversionTest`2.<>c__DisplayClass4_0.<Test>b__1() in /app/osu.Game/Tests/Beatmaps/BeatmapConversionTest.cs:line 77
   at NUnit.Framework.Assert.Multiple(TestDelegate testDelegate)
   at osu.Game.Tests.Beatmaps.BeatmapConversionTest`2.Test(String name, Type[] mods) in /app/osu.Game/Tests/Beatmaps/BeatmapConversionTest.cs:line 50
   at osu.Game.Rulesets.Catch.Tests.CatchBeatmapConversionTest.Test(String name, Type[] mods) in /app/osu.Game.Rulesets.Catch.Tests/CatchBeatmapConversionTest.cs:line 58
   at InvokeStub_CatchBeatmapConversionTest.Test(Object, Span`1)

372)    at osu.Game.Tests.Beatmaps.BeatmapConversionTest`2.<>c__DisplayClass4_1.<Test>b__2() in /app/osu.Game/Tests/Beatmaps/BeatmapConversionTest.cs:line 98
   at NUnit.Framework.Assert.Multiple(TestDelegate testDelegate)
   at osu.Game.Tests.Beatmaps.BeatmapConversionTest`2.<>c__DisplayClass4_0.<Test>b__1() in /app/osu.Game/Tests/Beatmaps/BeatmapConversionTest.cs:line 77
   at NUnit.Framework.Assert.Multiple(TestDelegate testDelegate)
   at osu.Game.Tests.Beatmaps.BeatmapConversionTest`2.Test(String name, Type[] mods) in /app/osu.Game/Tests/Beatmaps/BeatmapConversionTest.cs:line 50
   at osu.Game.Rulesets.Catch.Tests.CatchBeatmapConversionTest.Test(String name, Type[] mods) in /app/osu.Game.Rulesets.Catch.Tests/CatchBeatmapConversionTest.cs:line 58
   at InvokeStub_CatchBeatmapConversionTest.Test(Object, Span`1)

373)    at osu.Game.Tests.Beatmaps.BeatmapConversionTest`2.<>c__DisplayClass4_1.<Test>b__2() in /app/osu.Game/Tests/Beatmaps/BeatmapConversionTest.cs:line 98
   at NUnit.Framework.Assert.Multiple(TestDelegate testDelegate)
   at osu.Game.Tests.Beatmaps.BeatmapConversionTest`2.<>c__DisplayClass4_0.<Test>b__1() in /app/osu.Game/Tests/Beatmaps/BeatmapConversionTest.cs:line 77
   at NUnit.Framework.Assert.Multiple(TestDelegate testDelegate)
   at osu.Game.Tests.Beatmaps.BeatmapConversionTest`2.Test(String name, Type[] mods) in /app/osu.Game/Tests/Beatmaps/BeatmapConversionTest.cs:line 50
   at osu.Game.Rulesets.Catch.Tests.CatchBeatmapConversionTest.Test(String name, Type[] mods) in /app/osu.Game.Rulesets.Catch.Tests/CatchBeatmapConversionTest.cs:line 58
   at InvokeStub_CatchBeatmapConversionTest.Test(Object, Span`1)

374)    at osu.Game.Tests.Beatmaps.BeatmapConversionTest`2.<>c__DisplayClass4_1.<Test>b__2() in /app/osu.Game/Tests/Beatmaps/BeatmapConversionTest.cs:line 98
   at NUnit.Framework.Assert.Multiple(TestDelegate testDelegate)
   at osu.Game.Tests.Beatmaps.BeatmapConversionTest`2.<>c__DisplayClass4_0.<Test>b__1() in /app/osu.Game/Tests/Beatmaps/BeatmapConversionTest.cs:line 77
   at NUnit.Framework.Assert.Multiple(TestDelegate testDelegate)
   at osu.Game.Tests.Beatmaps.BeatmapConversionTest`2.Test(String name, Type[] mods) in /app/osu.Game/Tests/Beatmaps/BeatmapConversionTest.cs:line 50
   at osu.Game.Rulesets.Catch.Tests.CatchBeatmapConversionTest.Test(String name, Type[] mods) in /app/osu.Game.Rulesets.Catch.Tests/CatchBeatmapConversionTest.cs:line 58
   at InvokeStub_CatchBeatmapConversionTest.Test(Object, Span`1)

375)    at osu.Game.Tests.Beatmaps.BeatmapConversionTest`2.<>c__DisplayClass4_1.<Test>b__2() in /app/osu.Game/Tests/Beatmaps/BeatmapConversionTest.cs:line 98
   at NUnit.Framework.Assert.Multiple(TestDelegate testDelegate)
   at osu.Game.Tests.Beatmaps.BeatmapConversionTest`2.<>c__DisplayClass4_0.<Test>b__1() in /app/osu.Game/Tests/Beatmaps/BeatmapConversionTest.cs:line 77
   at NUnit.Framework.Assert.Multiple(TestDelegate testDelegate)
   at osu.Game.Tests.Beatmaps.BeatmapConversionTest`2.Test(String name, Type[] mods) in /app/osu.Game/Tests/Beatmaps/BeatmapConversionTest.cs:line 50
   at osu.Game.Rulesets.Catch.Tests.CatchBeatmapConversionTest.Test(String name, Type[] mods) in /app/osu.Game.Rulesets.Catch.Tests/CatchBeatmapConversionTest.cs:line 58
   at InvokeStub_CatchBeatmapConversionTest.Test(Object, Span`1)

376)    at osu.Game.Tests.Beatmaps.BeatmapConversionTest`2.<>c__DisplayClass4_1.<Test>b__2() in /app/osu.Game/Tests/Beatmaps/BeatmapConversionTest.cs:line 98
   at NUnit.Framework.Assert.Multiple(TestDelegate testDelegate)
   at osu.Game.Tests.Beatmaps.BeatmapConversionTest`2.<>c__DisplayClass4_0.<Test>b__1() in /app/osu.Game/Tests/Beatmaps/BeatmapConversionTest.cs:line 77
   at NUnit.Framework.Assert.Multiple(TestDelegate testDelegate)
   at osu.Game.Tests.Beatmaps.BeatmapConversionTest`2.Test(String name, Type[] mods) in /app/osu.Game/Tests/Beatmaps/BeatmapConversionTest.cs:line 50
   at osu.Game.Rulesets.Catch.Tests.CatchBeatmapConversionTest.Test(String name, Type[] mods) in /app/osu.Game.Rulesets.Catch.Tests/CatchBeatmapConversionTest.cs:line 58
   at InvokeStub_CatchBeatmapConversionTest.Test(Object, Span`1)

377)    at osu.Game.Tests.Beatmaps.BeatmapConversionTest`2.<>c__DisplayClass4_1.<Test>b__2() in /app/osu.Game/Tests/Beatmaps/BeatmapConversionTest.cs:line 98
   at NUnit.Framework.Assert.Multiple(TestDelegate testDelegate)
   at osu.Game.Tests.Beatmaps.BeatmapConversionTest`2.<>c__DisplayClass4_0.<Test>b__1() in /app/osu.Game/Tests/Beatmaps/BeatmapConversionTest.cs:line 77
   at NUnit.Framework.Assert.Multiple(TestDelegate testDelegate)
   at osu.Game.Tests.Beatmaps.BeatmapConversionTest`2.Test(String name, Type[] mods) in /app/osu.Game/Tests/Beatmaps/BeatmapConversionTest.cs:line 50
   at osu.Game.Rulesets.Catch.Tests.CatchBeatmapConversionTest.Test(String name, Type[] mods) in /app/osu.Game.Rulesets.Catch.Tests/CatchBeatmapConversionTest.cs:line 58
   at InvokeStub_CatchBeatmapConversionTest.Test(Object, Span`1)

378)    at osu.Game.Tests.Beatmaps.BeatmapConversionTest`2.<>c__DisplayClass4_1.<Test>b__2() in /app/osu.Game/Tests/Beatmaps/BeatmapConversionTest.cs:line 98
   at NUnit.Framework.Assert.Multiple(TestDelegate testDelegate)
   at osu.Game.Tests.Beatmaps.BeatmapConversionTest`2.<>c__DisplayClass4_0.<Test>b__1() in /app/osu.Game/Tests/Beatmaps/BeatmapConversionTest.cs:line 77
   at NUnit.Framework.Assert.Multiple(TestDelegate testDelegate)
   at osu.Game.Tests.Beatmaps.BeatmapConversionTest`2.Test(String name, Type[] mods) in /app/osu.Game/Tests/Beatmaps/BeatmapConversionTest.cs:line 50
   at osu.Game.Rulesets.Catch.Tests.CatchBeatmapConversionTest.Test(String name, Type[] mods) in /app/osu.Game.Rulesets.Catch.Tests/CatchBeatmapConversionTest.cs:line 58
   at InvokeStub_CatchBeatmapConversionTest.Test(Object, Span`1)

379)    at osu.Game.Tests.Beatmaps.BeatmapConversionTest`2.<>c__DisplayClass4_1.<Test>b__2() in /app/osu.Game/Tests/Beatmaps/BeatmapConversionTest.cs:line 98
   at NUnit.Framework.Assert.Multiple(TestDelegate testDelegate)
   at osu.Game.Tests.Beatmaps.BeatmapConversionTest`2.<>c__DisplayClass4_0.<Test>b__1() in /app/osu.Game/Tests/Beatmaps/BeatmapConversionTest.cs:line 77
   at NUnit.Framework.Assert.Multiple(TestDelegate testDelegate)
   at osu.Game.Tests.Beatmaps.BeatmapConversionTest`2.Test(String name, Type[] mods) in /app/osu.Game/Tests/Beatmaps/BeatmapConversionTest.cs:line 50
   at osu.Game.Rulesets.Catch.Tests.CatchBeatmapConversionTest.Test(String name, Type[] mods) in /app/osu.Game.Rulesets.Catch.Tests/CatchBeatmapConversionTest.cs:line 58
   at InvokeStub_CatchBeatmapConversionTest.Test(Object, Span`1)

380)    at osu.Game.Tests.Beatmaps.BeatmapConversionTest`2.<>c__DisplayClass4_1.<Test>b__2() in /app/osu.Game/Tests/Beatmaps/BeatmapConversionTest.cs:line 98
   at NUnit.Framework.Assert.Multiple(TestDelegate testDelegate)
   at osu.Game.Tests.Beatmaps.BeatmapConversionTest`2.<>c__DisplayClass4_0.<Test>b__1() in /app/osu.Game/Tests/Beatmaps/BeatmapConversionTest.cs:line 77
   at NUnit.Framework.Assert.Multiple(TestDelegate testDelegate)
   at osu.Game.Tests.Beatmaps.BeatmapConversionTest`2.Test(String name, Type[] mods) in /app/osu.Game/Tests/Beatmaps/BeatmapConversionTest.cs:line 50
   at osu.Game.Rulesets.Catch.Tests.CatchBeatmapConversionTest.Test(String name, Type[] mods) in /app/osu.Game.Rulesets.Catch.Tests/CatchBeatmapConversionTest.cs:line 58
   at InvokeStub_CatchBeatmapConversionTest.Test(Object, Span`1)

381)    at osu.Game.Tests.Beatmaps.BeatmapConversionTest`2.<>c__DisplayClass4_1.<Test>b__2() in /app/osu.Game/Tests/Beatmaps/BeatmapConversionTest.cs:line 98
   at NUnit.Framework.Assert.Multiple(TestDelegate testDelegate)
   at osu.Game.Tests.Beatmaps.BeatmapConversionTest`2.<>c__DisplayClass4_0.<Test>b__1() in /app/osu.Game/Tests/Beatmaps/BeatmapConversionTest.cs:line 77
   at NUnit.Framework.Assert.Multiple(TestDelegate testDelegate)
   at osu.Game.Tests.Beatmaps.BeatmapConversionTest`2.Test(String name, Type[] mods) in /app/osu.Game/Tests/Beatmaps/BeatmapConversionTest.cs:line 50
   at osu.Game.Rulesets.Catch.Tests.CatchBeatmapConversionTest.Test(String name, Type[] mods) in /app/osu.Game.Rulesets.Catch.Tests/CatchBeatmapConversionTest.cs:line 58
   at InvokeStub_CatchBeatmapConversionTest.Test(Object, Span`1)

382)    at osu.Game.Tests.Beatmaps.BeatmapConversionTest`2.<>c__DisplayClass4_1.<Test>b__2() in /app/osu.Game/Tests/Beatmaps/BeatmapConversionTest.cs:line 98
   at NUnit.Framework.Assert.Multiple(TestDelegate testDelegate)
   at osu.Game.Tests.Beatmaps.BeatmapConversionTest`2.<>c__DisplayClass4_0.<Test>b__1() in /app/osu.Game/Tests/Beatmaps/BeatmapConversionTest.cs:line 77
   at NUnit.Framework.Assert.Multiple(TestDelegate testDelegate)
   at osu.Game.Tests.Beatmaps.BeatmapConversionTest`2.Test(String name, Type[] mods) in /app/osu.Game/Tests/Beatmaps/BeatmapConversionTest.cs:line 50
   at osu.Game.Rulesets.Catch.Tests.CatchBeatmapConversionTest.Test(String name, Type[] mods) in /app/osu.Game.Rulesets.Catch.Tests/CatchBeatmapConversionTest.cs:line 58
   at InvokeStub_CatchBeatmapConversionTest.Test(Object, Span`1)

383)    at osu.Game.Tests.Beatmaps.BeatmapConversionTest`2.<>c__DisplayClass4_1.<Test>b__2() in /app/osu.Game/Tests/Beatmaps/BeatmapConversionTest.cs:line 98
   at NUnit.Framework.Assert.Multiple(TestDelegate testDelegate)
   at osu.Game.Tests.Beatmaps.BeatmapConversionTest`2.<>c__DisplayClass4_0.<Test>b__1() in /app/osu.Game/Tests/Beatmaps/BeatmapConversionTest.cs:line 77
   at NUnit.Framework.Assert.Multiple(TestDelegate testDelegate)
   at osu.Game.Tests.Beatmaps.BeatmapConversionTest`2.Test(String name, Type[] mods) in /app/osu.Game/Tests/Beatmaps/BeatmapConversionTest.cs:line 50
   at osu.Game.Rulesets.Catch.Tests.CatchBeatmapConversionTest.Test(String name, Type[] mods) in /app/osu.Game.Rulesets.Catch.Tests/CatchBeatmapConversionTest.cs:line 58
   at InvokeStub_CatchBeatmapConversionTest.Test(Object, Span`1)

384)    at osu.Game.Tests.Beatmaps.BeatmapConversionTest`2.<>c__DisplayClass4_1.<Test>b__2() in /app/osu.Game/Tests/Beatmaps/BeatmapConversionTest.cs:line 98
   at NUnit.Framework.Assert.Multiple(TestDelegate testDelegate)
   at osu.Game.Tests.Beatmaps.BeatmapConversionTest`2.<>c__DisplayClass4_0.<Test>b__1() in /app/osu.Game/Tests/Beatmaps/BeatmapConversionTest.cs:line 77
   at NUnit.Framework.Assert.Multiple(TestDelegate testDelegate)
   at osu.Game.Tests.Beatmaps.BeatmapConversionTest`2.Test(String name, Type[] mods) in /app/osu.Game/Tests/Beatmaps/BeatmapConversionTest.cs:line 50
   at osu.Game.Rulesets.Catch.Tests.CatchBeatmapConversionTest.Test(String name, Type[] mods) in /app/osu.Game.Rulesets.Catch.Tests/CatchBeatmapConversionTest.cs:line 58
   at InvokeStub_CatchBeatmapConversionTest.Test(Object, Span`1)

385)    at osu.Game.Tests.Beatmaps.BeatmapConversionTest`2.<>c__DisplayClass4_1.<Test>b__2() in /app/osu.Game/Tests/Beatmaps/BeatmapConversionTest.cs:line 98
   at NUnit.Framework.Assert.Multiple(TestDelegate testDelegate)
   at osu.Game.Tests.Beatmaps.BeatmapConversionTest`2.<>c__DisplayClass4_0.<Test>b__1() in /app/osu.Game/Tests/Beatmaps/BeatmapConversionTest.cs:line 77
   at NUnit.Framework.Assert.Multiple(TestDelegate testDelegate)
   at osu.Game.Tests.Beatmaps.BeatmapConversionTest`2.Test(String name, Type[] mods) in /app/osu.Game/Tests/Beatmaps/BeatmapConversionTest.cs:line 50
   at osu.Game.Rulesets.Catch.Tests.CatchBeatmapConversionTest.Test(String name, Type[] mods) in /app/osu.Game.Rulesets.Catch.Tests/CatchBeatmapConversionTest.cs:line 58
   at InvokeStub_CatchBeatmapConversionTest.Test(Object, Span`1)

386)    at osu.Game.Tests.Beatmaps.BeatmapConversionTest`2.<>c__DisplayClass4_1.<Test>b__2() in /app/osu.Game/Tests/Beatmaps/BeatmapConversionTest.cs:line 98
   at NUnit.Framework.Assert.Multiple(TestDelegate testDelegate)
   at osu.Game.Tests.Beatmaps.BeatmapConversionTest`2.<>c__DisplayClass4_0.<Test>b__1() in /app/osu.Game/Tests/Beatmaps/BeatmapConversionTest.cs:line 77
   at NUnit.Framework.Assert.Multiple(TestDelegate testDelegate)
   at osu.Game.Tests.Beatmaps.BeatmapConversionTest`2.Test(String name, Type[] mods) in /app/osu.Game/Tests/Beatmaps/BeatmapConversionTest.cs:line 50
   at osu.Game.Rulesets.Catch.Tests.CatchBeatmapConversionTest.Test(String name, Type[] mods) in /app/osu.Game.Rulesets.Catch.Tests/CatchBeatmapConversionTest.cs:line 58
   at InvokeStub_CatchBeatmapConversionTest.Test(Object, Span`1)

387)    at osu.Game.Tests.Beatmaps.BeatmapConversionTest`2.<>c__DisplayClass4_1.<Test>b__2() in /app/osu.Game/Tests/Beatmaps/BeatmapConversionTest.cs:line 98
   at NUnit.Framework.Assert.Multiple(TestDelegate testDelegate)
   at osu.Game.Tests.Beatmaps.BeatmapConversionTest`2.<>c__DisplayClass4_0.<Test>b__1() in /app/osu.Game/Tests/Beatmaps/BeatmapConversionTest.cs:line 77
   at NUnit.Framework.Assert.Multiple(TestDelegate testDelegate)
   at osu.Game.Tests.Beatmaps.BeatmapConversionTest`2.Test(String name, Type[] mods) in /app/osu.Game/Tests/Beatmaps/BeatmapConversionTest.cs:line 50
   at osu.Game.Rulesets.Catch.Tests.CatchBeatmapConversionTest.Test(String name, Type[] mods) in /app/osu.Game.Rulesets.Catch.Tests/CatchBeatmapConversionTest.cs:line 58
   at InvokeStub_CatchBeatmapConversionTest.Test(Object, Span`1)

388)    at osu.Game.Tests.Beatmaps.BeatmapConversionTest`2.<>c__DisplayClass4_1.<Test>b__2() in /app/osu.Game/Tests/Beatmaps/BeatmapConversionTest.cs:line 98
   at NUnit.Framework.Assert.Multiple(TestDelegate testDelegate)
   at osu.Game.Tests.Beatmaps.BeatmapConversionTest`2.<>c__DisplayClass4_0.<Test>b__1() in /app/osu.Game/Tests/Beatmaps/BeatmapConversionTest.cs:line 77
   at NUnit.Framework.Assert.Multiple(TestDelegate testDelegate)
   at osu.Game.Tests.Beatmaps.BeatmapConversionTest`2.Test(String name, Type[] mods) in /app/osu.Game/Tests/Beatmaps/BeatmapConversionTest.cs:line 50
   at osu.Game.Rulesets.Catch.Tests.CatchBeatmapConversionTest.Test(String name, Type[] mods) in /app/osu.Game.Rulesets.Catch.Tests/CatchBeatmapConversionTest.cs:line 58
   at InvokeStub_CatchBeatmapConversionTest.Test(Object, Span`1)

389)    at osu.Game.Tests.Beatmaps.BeatmapConversionTest`2.<>c__DisplayClass4_1.<Test>b__2() in /app/osu.Game/Tests/Beatmaps/BeatmapConversionTest.cs:line 98
   at NUnit.Framework.Assert.Multiple(TestDelegate testDelegate)
   at osu.Game.Tests.Beatmaps.BeatmapConversionTest`2.<>c__DisplayClass4_0.<Test>b__1() in /app/osu.Game/Tests/Beatmaps/BeatmapConversionTest.cs:line 77
   at NUnit.Framework.Assert.Multiple(TestDelegate testDelegate)
   at osu.Game.Tests.Beatmaps.BeatmapConversionTest`2.Test(String name, Type[] mods) in /app/osu.Game/Tests/Beatmaps/BeatmapConversionTest.cs:line 50
   at osu.Game.Rulesets.Catch.Tests.CatchBeatmapConversionTest.Test(String name, Type[] mods) in /app/osu.Game.Rulesets.Catch.Tests/CatchBeatmapConversionTest.cs:line 58
   at InvokeStub_CatchBeatmapConversionTest.Test(Object, Span`1)

390)    at osu.Game.Tests.Beatmaps.BeatmapConversionTest`2.<>c__DisplayClass4_1.<Test>b__2() in /app/osu.Game/Tests/Beatmaps/BeatmapConversionTest.cs:line 98
   at NUnit.Framework.Assert.Multiple(TestDelegate testDelegate)
   at osu.Game.Tests.Beatmaps.BeatmapConversionTest`2.<>c__DisplayClass4_0.<Test>b__1() in /app/osu.Game/Tests/Beatmaps/BeatmapConversionTest.cs:line 77
   at NUnit.Framework.Assert.Multiple(TestDelegate testDelegate)
   at osu.Game.Tests.Beatmaps.BeatmapConversionTest`2.Test(String name, Type[] mods) in /app/osu.Game/Tests/Beatmaps/BeatmapConversionTest.cs:line 50
   at osu.Game.Rulesets.Catch.Tests.CatchBeatmapConversionTest.Test(String name, Type[] mods) in /app/osu.Game.Rulesets.Catch.Tests/CatchBeatmapConversionTest.cs:line 58
   at InvokeStub_CatchBeatmapConversionTest.Test(Object, Span`1)

391)    at osu.Game.Tests.Beatmaps.BeatmapConversionTest`2.<>c__DisplayClass4_1.<Test>b__2() in /app/osu.Game/Tests/Beatmaps/BeatmapConversionTest.cs:line 98
   at NUnit.Framework.Assert.Multiple(TestDelegate testDelegate)
   at osu.Game.Tests.Beatmaps.BeatmapConversionTest`2.<>c__DisplayClass4_0.<Test>b__1() in /app/osu.Game/Tests/Beatmaps/BeatmapConversionTest.cs:line 77
   at NUnit.Framework.Assert.Multiple(TestDelegate testDelegate)
   at osu.Game.Tests.Beatmaps.BeatmapConversionTest`2.Test(String name, Type[] mods) in /app/osu.Game/Tests/Beatmaps/BeatmapConversionTest.cs:line 50
   at osu.Game.Rulesets.Catch.Tests.CatchBeatmapConversionTest.Test(String name, Type[] mods) in /app/osu.Game.Rulesets.Catch.Tests/CatchBeatmapConversionTest.cs:line 58
   at InvokeStub_CatchBeatmapConversionTest.Test(Object, Span`1)

392)    at osu.Game.Tests.Beatmaps.BeatmapConversionTest`2.<>c__DisplayClass4_1.<Test>b__2() in /app/osu.Game/Tests/Beatmaps/BeatmapConversionTest.cs:line 98
   at NUnit.Framework.Assert.Multiple(TestDelegate testDelegate)
   at osu.Game.Tests.Beatmaps.BeatmapConversionTest`2.<>c__DisplayClass4_0.<Test>b__1() in /app/osu.Game/Tests/Beatmaps/BeatmapConversionTest.cs:line 77
   at NUnit.Framework.Assert.Multiple(TestDelegate testDelegate)
   at osu.Game.Tests.Beatmaps.BeatmapConversionTest`2.Test(String name, Type[] mods) in /app/osu.Game/Tests/Beatmaps/BeatmapConversionTest.cs:line 50
   at osu.Game.Rulesets.Catch.Tests.CatchBeatmapConversionTest.Test(String name, Type[] mods) in /app/osu.Game.Rulesets.Catch.Tests/CatchBeatmapConversionTest.cs:line 58
   at InvokeStub_CatchBeatmapConversionTest.Test(Object, Span`1)

393)    at osu.Game.Tests.Beatmaps.BeatmapConversionTest`2.<>c__DisplayClass4_1.<Test>b__2() in /app/osu.Game/Tests/Beatmaps/BeatmapConversionTest.cs:line 98
   at NUnit.Framework.Assert.Multiple(TestDelegate testDelegate)
   at osu.Game.Tests.Beatmaps.BeatmapConversionTest`2.<>c__DisplayClass4_0.<Test>b__1() in /app/osu.Game/Tests/Beatmaps/BeatmapConversionTest.cs:line 77
   at NUnit.Framework.Assert.Multiple(TestDelegate testDelegate)
   at osu.Game.Tests.Beatmaps.BeatmapConversionTest`2.Test(String name, Type[] mods) in /app/osu.Game/Tests/Beatmaps/BeatmapConversionTest.cs:line 50
   at osu.Game.Rulesets.Catch.Tests.CatchBeatmapConversionTest.Test(String name, Type[] mods) in /app/osu.Game.Rulesets.Catch.Tests/CatchBeatmapConversionTest.cs:line 58
   at InvokeStub_CatchBeatmapConversionTest.Test(Object, Span`1)


  Standard Output Messages:
 [runtime] 2026-01-31 19:29:02 [verbose]: Failed to process line "Mode: 0" into "Unknown - Unknown (Unknown Creator) [Normal]": Ruleset is not available locally.


  Failed Test("75858",[osu.Game.Rulesets.Catch.Mods.CatchModHardRock, osu.Game.Rulesets.Catch.Mods.CatchModHidden]) [1 s]
  Error Message:
   Multiple failures or warnings in test:
  1) The conversion generated differing hitobjects for object at time: 19839:
Expected: {"StartTime":19839.0,"Position":256.0,"HyperDash":false}
Received: {"StartTime":19839.0,"Position":412.06677,"HyperDash":false}

  2) The conversion generated differing hitobjects for object at time: 26142:
Expected: {"StartTime":26142.0,"Position":321.0,"HyperDash":false}
Received: {"StartTime":26142.0,"Position":275.0,"HyperDash":false}

  3) The conversion generated differing hitobjects for object at time: 27052:
Expected: {"StartTime":27052.0,"Position":185.0,"HyperDash":false}
Received: {"StartTime":27052.0,"Position":261.0,"HyperDash":false}

  4) The conversion generated differing hitobjects for object at time: 27506:
Expected: {"StartTime":27506.0,"Position":71.0,"HyperDash":false}
Received: {"StartTime":27506.0,"Position":128.0,"HyperDash":false}

  5) The conversion generated differing hitobjects for object at time: 29324:
Expected: {"StartTime":29324.0,"Position":501.0,"HyperDash":false}
Received: {"StartTime":29324.0,"Position":456.0,"HyperDash":false}

  6) The conversion generated differing hitobjects for object at time: 29552:
Expected: {"StartTime":29552.0,"Position":411.0,"HyperDash":false}
Received: {"StartTime":29552.0,"Position":436.0,"HyperDash":false}

  7) The conversion generated differing hitobjects for object at time: 29779:
Expected: {"StartTime":29779.0,"Position":501.0,"HyperDash":false}
Received: {"StartTime":29779.0,"Position":436.0,"HyperDash":false}

  8) The conversion generated differing hitobjects for object at time: 30233:
Expected: {"StartTime":30233.0,"Position":311.0,"HyperDash":false}
Received: {"StartTime":30233.0,"Position":166.0,"HyperDash":false}

  9) The conversion generated differing hitobjects for object at time: 30461:
Expected: {"StartTime":30461.0,"Position":231.0,"HyperDash":false}
Received: {"StartTime":30461.0,"Position":296.0,"HyperDash":false}

  10) The conversion generated differing hitobjects for object at time: 30688:
Expected: {"StartTime":30744.0,"Position":136.48538,"HyperDash":false}
Received: {"StartTime":30744.5,"Position":114.224014,"HyperDash":false}

  11) The conversion generated differing hitobjects for object at time: 31142:
Expected: {"StartTime":31142.0,"Position":364.0,"HyperDash":false}
Received: {"StartTime":31142.0,"Position":231.0,"HyperDash":false}

  12) The conversion generated differing hitobjects for object at time: 31370:
Expected: {"StartTime":31370.0,"Position":202.0,"HyperDash":false}
Received: {"StartTime":31370.0,"Position":173.0,"HyperDash":false}

  13) The conversion generated differing hitobjects for object at time: 31597:
Expected: {"StartTime":31649.0,"Position":193.32971,"HyperDash":false}
Received: {"StartTime":31649.25,"Position":175.3333,"HyperDash":false}

  14) The conversion generated differing hitobjects for object at time: 31597:
Expected: {"StartTime":31701.0,"Position":177.29129,"HyperDash":false}
Received: {"StartTime":31701.5,"Position":185.32233,"HyperDash":false}

  15) The conversion generated differing hitobjects for object at time: 31597:
Expected: {"StartTime":31753.0,"Position":180.89734,"HyperDash":false}
Received: {"StartTime":31753.75,"Position":208.98619,"HyperDash":false}

  16) The conversion generated differing hitobjects for object at time: 31597:
Expected: {"StartTime":31806.0,"Position":196.24521,"HyperDash":false}
Received: {"StartTime":31806.0,"Position":201.24867,"HyperDash":false}

  17) The conversion generated differing hitobjects for object at time: 31597:
Expected: {"StartTime":31858.0,"Position":225.94298,"HyperDash":false}
Received: {"StartTime":31858.25,"Position":233.00114,"HyperDash":false}

  18) The conversion generated differing hitobjects for object at time: 31597:
Expected: {"StartTime":31910.0,"Position":221.89673,"HyperDash":false}
Received: {"StartTime":31910.5,"Position":243.0289,"HyperDash":false}

  19) The conversion generated differing hitobjects for object at time: 31597:
Expected: {"StartTime":31962.0,"Position":258.83838,"HyperDash":false}
Received: {"StartTime":31962.75,"Position":237.06494,"HyperDash":false}

  20) The conversion generated differing hitobjects for object at time: 32279:
Expected: {"StartTime":32279.0,"Position":316.0,"HyperDash":false}
Received: {"StartTime":32279.0,"Position":319.70157,"HyperDash":false}

  21) The conversion generated differing hitobjects for object at time: 32506:
Expected: {"StartTime":32558.0,"Position":268.77246,"HyperDash":false}
Received: {"StartTime":32558.25,"Position":236.68362,"HyperDash":false}

  22) The conversion generated differing hitobjects for object at time: 32506:
Expected: {"StartTime":32610.0,"Position":229.84964,"HyperDash":false}
Received: {"StartTime":32610.5,"Position":219.67644,"HyperDash":false}

  23) The conversion generated differing hitobjects for object at time: 32506:
Expected: {"StartTime":32662.0,"Position":200.40282,"HyperDash":false}
Received: {"StartTime":32662.75,"Position":233.1496,"HyperDash":false}

  24) The conversion generated differing hitobjects for object at time: 32506:
Expected: {"StartTime":32715.0,"Position":184.26686,"HyperDash":false}
Received: {"StartTime":32715.0,"Position":203.26007,"HyperDash":false}

  25) The conversion generated differing hitobjects for object at time: 32506:
Expected: {"StartTime":32767.0,"Position":200.3539,"HyperDash":false}
Received: {"StartTime":32767.25,"Position":190.2724,"HyperDash":false}

  26) The conversion generated differing hitobjects for object at time: 32506:
Expected: {"StartTime":32819.0,"Position":172.70729,"HyperDash":false}
Received: {"StartTime":32819.5,"Position":169.56561,"HyperDash":false}

  27) The conversion generated differing hitobjects for object at time: 32506:
Expected: {"StartTime":32871.0,"Position":162.9561,"HyperDash":false}
Received: {"StartTime":32871.75,"Position":146.78592,"HyperDash":false}

  28) The conversion generated differing hitobjects for object at time: 33415:
Expected: {"StartTime":33519.0,"Position":263.38385,"HyperDash":false}
Received: {"StartTime":33519.5,"Position":286.3237,"HyperDash":false}

  29) The conversion generated differing hitobjects for object at time: 33415:
Expected: {"StartTime":33571.0,"Position":270.62546,"HyperDash":false}
Received: {"StartTime":33571.75,"Position":254.57452,"HyperDash":false}

  30) The conversion generated differing hitobjects for object at time: 33415:
Expected: {"StartTime":33624.0,"Position":279.90652,"HyperDash":false}
Received: {"StartTime":33624.0,"Position":266.90643,"HyperDash":false}

  31) The conversion generated differing hitobjects for object at time: 33415:
Expected: {"StartTime":33728.0,"Position":271.37286,"HyperDash":false}
Received: {"StartTime":33728.5,"Position":286.42883,"HyperDash":false}

  32) The conversion generated differing hitobjects for object at time: 34097:
Expected: {"StartTime":34097.0,"Position":406.0,"HyperDash":false}
Received: {"StartTime":34097.0,"Position":433.20486,"HyperDash":false}

  33) The conversion generated differing hitobjects for object at time: 34324:
Expected: {"StartTime":34376.0,"Position":366.75238,"HyperDash":false}
Received: {"StartTime":34376.25,"Position":372.66983,"HyperDash":false}

  34) The conversion generated differing hitobjects for object at time: 34324:
Expected: {"StartTime":34428.0,"Position":319.54276,"HyperDash":false}
Received: {"StartTime":34428.5,"Position":347.3706,"HyperDash":false}

  35) The conversion generated differing hitobjects for object at time: 34324:
Expected: {"StartTime":34480.0,"Position":337.70743,"HyperDash":false}
Received: {"StartTime":34480.75,"Position":320.44128,"HyperDash":false}

  36) The conversion generated differing hitobjects for object at time: 34324:
Expected: {"StartTime":34533.0,"Position":311.1586,"HyperDash":false}
Received: {"StartTime":34533.0,"Position":302.151,"HyperDash":false}

  37) The conversion generated differing hitobjects for object at time: 34324:
Expected: {"StartTime":34585.0,"Position":283.84427,"HyperDash":false}
Received: {"StartTime":34585.25,"Position":295.74683,"HyperDash":false}

  38) The conversion generated differing hitobjects for object at time: 34324:
Expected: {"StartTime":34689.0,"Position":259.95233,"HyperDash":false}
Received: {"StartTime":34689.75,"Position":248.68893,"HyperDash":false}

  39) The conversion generated differing hitobjects for object at time: 35006:
Expected: {"StartTime":35006.0,"Position":117.0,"HyperDash":false}
Received: {"StartTime":35006.0,"Position":88.427185,"HyperDash":false}

  40) The conversion generated differing hitobjects for object at time: 35233:
Expected: {"StartTime":35285.0,"Position":123.10994,"HyperDash":false}
Received: {"StartTime":35285.25,"Position":109.188034,"HyperDash":false}

  41) The conversion generated differing hitobjects for object at time: 35233:
Expected: {"StartTime":35442.0,"Position":177.3442,"HyperDash":false}
Received: {"StartTime":35442.0,"Position":168.3518,"HyperDash":false}

  42) The conversion generated differing hitobjects for object at time: 35233:
Expected: {"StartTime":35494.0,"Position":180.65375,"HyperDash":false}
Received: {"StartTime":35494.25,"Position":174.75107,"HyperDash":false}

  43) The conversion generated differing hitobjects for object at time: 35233:
Expected: {"StartTime":35546.0,"Position":203.78275,"HyperDash":false}
Received: {"StartTime":35546.5,"Position":212.96674,"HyperDash":false}

  44) The conversion generated differing hitobjects for object at time: 35233:
Expected: {"StartTime":35598.0,"Position":209.42853,"HyperDash":false}
Received: {"StartTime":35598.75,"Position":224.69046,"HyperDash":false}

  45) The conversion generated differing hitobjects for object at time: 35915:
Expected: {"StartTime":35915.0,"Position":370.0,"HyperDash":false}
Received: {"StartTime":35915.0,"Position":376.15283,"HyperDash":false}

  46) The conversion generated differing hitobjects for object at time: 36142:
Expected: {"StartTime":36142.0,"Position":330.0,"HyperDash":false}
Received: {"StartTime":36142.0,"Position":323.84717,"HyperDash":false}

  47) The conversion generated differing hitobjects for object at time: 36597:
Expected: {"StartTime":36597.0,"Position":370.0,"HyperDash":false}
Received: {"StartTime":36597.0,"Position":376.15283,"HyperDash":false}

  48) The conversion generated differing hitobjects for object at time: 36824:
Expected: {"StartTime":36824.0,"Position":416.0,"HyperDash":false}
Received: {"StartTime":36824.0,"Position":409.84717,"HyperDash":false}

  49) The conversion generated differing hitobjects for object at time: 37051:
Expected: {"StartTime":37103.0,"Position":403.97433,"HyperDash":false}
Received: {"StartTime":37103.25,"Position":383.94284,"HyperDash":false}

  50) The conversion generated differing hitobjects for object at time: 37051:
Expected: {"StartTime":37155.0,"Position":389.16626,"HyperDash":false}
Received: {"StartTime":37155.5,"Position":380.07562,"HyperDash":false}

  51) The conversion generated differing hitobjects for object at time: 37051:
Expected: {"StartTime":37207.0,"Position":364.72983,"HyperDash":false}
Received: {"StartTime":37207.75,"Position":389.56168,"HyperDash":false}

  52) The conversion generated differing hitobjects for object at time: 37051:
Expected: {"StartTime":37260.0,"Position":356.0597,"HyperDash":false}
Received: {"StartTime":37260.0,"Position":370.0542,"HyperDash":false}

  53) The conversion generated differing hitobjects for object at time: 37051:
Expected: {"StartTime":37312.0,"Position":363.05655,"HyperDash":false}
Received: {"StartTime":37312.25,"Position":351.97806,"HyperDash":false}

  54) The conversion generated differing hitobjects for object at time: 37051:
Expected: {"StartTime":37364.0,"Position":339.77972,"HyperDash":false}
Received: {"StartTime":37364.5,"Position":329.6184,"HyperDash":false}

  55) The conversion generated differing hitobjects for object at time: 37733:
Expected: {"StartTime":37733.0,"Position":161.0,"HyperDash":false}
Received: {"StartTime":37733.0,"Position":216.0,"HyperDash":false}

  56) The conversion generated differing hitobjects for object at time: 37961:
Expected: {"StartTime":37961.0,"Position":147.0,"HyperDash":false}
Received: {"StartTime":37961.0,"Position":92.0,"HyperDash":false}

  57) The conversion generated differing hitobjects for object at time: 38074:
Expected: {"StartTime":38074.0,"Position":161.0,"HyperDash":false}
Received: {"StartTime":38074.0,"Position":154.0,"HyperDash":false}

  58) The conversion generated differing hitobjects for object at time: 38188:
Expected: {"StartTime":38188.0,"Position":147.0,"HyperDash":false}
Received: {"StartTime":38188.0,"Position":164.0,"HyperDash":false}

  59) The conversion generated differing hitobjects for object at time: 46142:
Expected: {"StartTime":46194.0,"Position":101.3565,"HyperDash":false}
Received: {"StartTime":46194.25,"Position":104.40998,"HyperDash":false}

  60) The conversion generated differing hitobjects for object at time: 46142:
Expected: {"StartTime":46246.0,"Position":117.818565,"HyperDash":false}
Received: {"StartTime":46246.5,"Position":126.95279,"HyperDash":false}

  61) The conversion generated differing hitobjects for object at time: 46142:
Expected: {"StartTime":46298.0,"Position":135.42612,"HyperDash":false}
Received: {"StartTime":46298.75,"Position":128.65424,"HyperDash":false}

  62) The conversion generated differing hitobjects for object at time: 46142:
Expected: {"StartTime":46351.0,"Position":146.82504,"HyperDash":false}
Received: {"StartTime":46351.0,"Position":158.83199,"HyperDash":false}

  63) The conversion generated differing hitobjects for object at time: 46142:
Expected: {"StartTime":46403.0,"Position":174.89723,"HyperDash":false}
Received: {"StartTime":46403.25,"Position":189.99033,"HyperDash":false}

  64) The conversion generated differing hitobjects for object at time: 46142:
Expected: {"StartTime":46455.0,"Position":178.60867,"HyperDash":false}
Received: {"StartTime":46455.5,"Position":182.79242,"HyperDash":false}

  65) The conversion generated differing hitobjects for object at time: 46142:
Expected: {"StartTime":46507.0,"Position":211.71585,"HyperDash":false}
Received: {"StartTime":46507.75,"Position":205.99197,"HyperDash":false}

  66) The conversion generated differing hitobjects for object at time: 47051:
Expected: {"StartTime":47164.0,"Position":427.2428,"HyperDash":false}
Received: {"StartTime":47164.5,"Position":420.41644,"HyperDash":false}

  67) The conversion generated differing hitobjects for object at time: 47051:
Expected: {"StartTime":47221.0,"Position":452.0353,"HyperDash":false}
Received: {"StartTime":47221.25,"Position":473.1221,"HyperDash":false}

  68) The conversion generated differing hitobjects for object at time: 47961:
Expected: {"StartTime":48065.0,"Position":415.18143,"HyperDash":false}
Received: {"StartTime":48065.5,"Position":385.0472,"HyperDash":false}

  69) The conversion generated differing hitobjects for object at time: 47961:
Expected: {"StartTime":48117.0,"Position":403.57388,"HyperDash":false}
Received: {"StartTime":48117.75,"Position":397.34576,"HyperDash":false}

  70) The conversion generated differing hitobjects for object at time: 47961:
Expected: {"StartTime":48170.0,"Position":352.17496,"HyperDash":false}
Received: {"StartTime":48170.0,"Position":381.16803,"HyperDash":false}

  71) The conversion generated differing hitobjects for object at time: 47961:
Expected: {"StartTime":48222.0,"Position":336.10278,"HyperDash":false}
Received: {"StartTime":48222.25,"Position":367.00967,"HyperDash":false}

  72) The conversion generated differing hitobjects for object at time: 47961:
Expected: {"StartTime":48274.0,"Position":346.39133,"HyperDash":false}
Received: {"StartTime":48274.5,"Position":327.20758,"HyperDash":false}

  73) The conversion generated differing hitobjects for object at time: 47961:
Expected: {"StartTime":48326.0,"Position":328.28415,"HyperDash":false}
Received: {"StartTime":48326.75,"Position":303.00803,"HyperDash":false}

  74) The conversion generated differing hitobjects for object at time: 48870:
Expected: {"StartTime":48926.0,"Position":123.55168,"HyperDash":false}
Received: {"StartTime":48926.75,"Position":105.29122,"HyperDash":false}

  75) The conversion generated differing hitobjects for object at time: 48870:
Expected: {"StartTime":48983.0,"Position":80.757195,"HyperDash":false}
Received: {"StartTime":48983.5,"Position":101.58357,"HyperDash":false}

  76) The conversion generated differing hitobjects for object at time: 48870:
Expected: {"StartTime":49040.0,"Position":54.96469,"HyperDash":false}
Received: {"StartTime":49040.25,"Position":68.87789,"HyperDash":false}

  77) The conversion generated differing hitobjects for object at time: 48870:
Expected: {"StartTime":49192.0,"Position":78.1594,"HyperDash":false}
Received: {"StartTime":49192.77272727273,"Position":82.34053,"HyperDash":false}

  78) The conversion generated differing hitobjects for object at time: 49779:
Expected: {"StartTime":49831.0,"Position":281.5043,"HyperDash":false}
Received: {"StartTime":49831.25,"Position":262.58707,"HyperDash":false}

  79) The conversion generated differing hitobjects for object at time: 49779:
Expected: {"StartTime":49883.0,"Position":284.78723,"HyperDash":false}
Received: {"StartTime":49883.5,"Position":301.96,"HyperDash":false}

  80) The conversion generated differing hitobjects for object at time: 49779:
Expected: {"StartTime":49935.0,"Position":303.60263,"HyperDash":false}
Received: {"StartTime":49935.75,"Position":312.8687,"HyperDash":false}

  81) The conversion generated differing hitobjects for object at time: 49779:
Expected: {"StartTime":50092.0,"Position":367.7095,"HyperDash":false}
Received: {"StartTime":50092.5,"Position":343.89676,"HyperDash":false}

  82) The conversion generated differing hitobjects for object at time: 49779:
Expected: {"StartTime":50144.0,"Position":369.95255,"HyperDash":false}
Received: {"StartTime":50144.75,"Position":377.2281,"HyperDash":false}

  83) The conversion generated differing hitobjects for object at time: 50688:
Expected: {"StartTime":50688.0,"Position":248.0,"HyperDash":false}
Received: {"StartTime":50688.0,"Position":276.1491,"HyperDash":false}

  84) The conversion generated differing hitobjects for object at time: 50915:
Expected: {"StartTime":51010.0,"Position":359.86652,"HyperDash":false}
Received: {"StartTime":51010.5,"Position":327.68277,"HyperDash":false}

  85) The conversion generated differing hitobjects for object at time: 51370:
Expected: {"StartTime":51370.0,"Position":161.0,"HyperDash":false}
Received: {"StartTime":51370.0,"Position":155.38635,"HyperDash":false}

  86) The conversion generated differing hitobjects for object at time: 51597:
Expected: {"StartTime":51692.0,"Position":111.3809,"HyperDash":false}
Received: {"StartTime":51692.5,"Position":116.20092,"HyperDash":false}

  87) The conversion generated differing hitobjects for object at time: 52051:
Expected: {"StartTime":52146.0,"Position":72.66428,"HyperDash":false}
Received: {"StartTime":52146.5,"Position":62.48065,"HyperDash":false}

  88) The conversion generated differing hitobjects for object at time: 52506:
Expected: {"StartTime":52558.0,"Position":76.23376,"HyperDash":false}
Received: {"StartTime":52558.25,"Position":86.323616,"HyperDash":false}

  89) The conversion generated differing hitobjects for object at time: 52506:
Expected: {"StartTime":52610.0,"Position":99.55078,"HyperDash":false}
Received: {"StartTime":52610.5,"Position":113.730644,"HyperDash":false}

  90) The conversion generated differing hitobjects for object at time: 52506:
Expected: {"StartTime":52715.0,"Position":140.24886,"HyperDash":false}
Received: {"StartTime":52715.0,"Position":165.25629,"HyperDash":false}

  91) The conversion generated differing hitobjects for object at time: 52506:
Expected: {"StartTime":52767.0,"Position":167.9607,"HyperDash":false}
Received: {"StartTime":52767.25,"Position":175.0531,"HyperDash":false}

  92) The conversion generated differing hitobjects for object at time: 53415:
Expected: {"StartTime":53415.0,"Position":413.0,"HyperDash":false}
Received: {"StartTime":53415.0,"Position":417.5534,"HyperDash":false}

  93) The conversion generated differing hitobjects for object at time: 53870:
Expected: {"StartTime":53922.0,"Position":347.21765,"HyperDash":false}
Received: {"StartTime":53922.25,"Position":330.29654,"HyperDash":false}

  94) The conversion generated differing hitobjects for object at time: 53870:
Expected: {"StartTime":54026.0,"Position":379.43567,"HyperDash":false}
Received: {"StartTime":54026.75,"Position":352.5838,"HyperDash":false}

  95) The conversion generated differing hitobjects for object at time: 53870:
Expected: {"StartTime":54131.0,"Position":366.5289,"HyperDash":false}
Received: {"StartTime":54131.25,"Position":379.54633,"HyperDash":false}

  96) The conversion generated differing hitobjects for object at time: 53870:
Expected: {"StartTime":54183.0,"Position":366.0941,"HyperDash":false}
Received: {"StartTime":54183.5,"Position":372.09204,"HyperDash":false}

  97) The conversion generated differing hitobjects for object at time: 53870:
Expected: {"StartTime":54235.0,"Position":367.43054,"HyperDash":false}
Received: {"StartTime":54235.75,"Position":395.38385,"HyperDash":false}

  98) The conversion generated differing hitobjects for object at time: 54551:
Expected: {"StartTime":54551.0,"Position":310.0,"HyperDash":false}
Received: {"StartTime":54551.0,"Position":294.7925,"HyperDash":false}

  99) The conversion generated differing hitobjects for object at time: 54779:
Expected: {"StartTime":54779.0,"Position":222.0,"HyperDash":false}
Received: {"StartTime":54779.0,"Position":237.20749,"HyperDash":false}

  100) The conversion generated differing hitobjects for object at time: 55233:
Expected: {"StartTime":55233.0,"Position":310.0,"HyperDash":false}
Received: {"StartTime":55233.0,"Position":294.7925,"HyperDash":false}

  101) The conversion generated differing hitobjects for object at time: 55461:
Expected: {"StartTime":55461.0,"Position":222.0,"HyperDash":false}
Received: {"StartTime":55461.0,"Position":237.20749,"HyperDash":false}

  102) The conversion generated differing hitobjects for object at time: 55688:
Expected: {"StartTime":55740.0,"Position":250.31245,"HyperDash":false}
Received: {"StartTime":55740.25,"Position":254.22426,"HyperDash":false}

  103) The conversion generated differing hitobjects for object at time: 55688:
Expected: {"StartTime":55792.0,"Position":222.15132,"HyperDash":false}
Received: {"StartTime":55792.5,"Position":244.9717,"HyperDash":false}

  104) The conversion generated differing hitobjects for object at time: 55688:
Expected: {"StartTime":55844.0,"Position":229.8381,"HyperDash":false}
Received: {"StartTime":55844.75,"Position":216.56871,"HyperDash":false}

  105) The conversion generated differing hitobjects for object at time: 55688:
Expected: {"StartTime":55897.0,"Position":199.31186,"HyperDash":false}
Received: {"StartTime":55897.0,"Position":178.30437,"HyperDash":false}

  106) The conversion generated differing hitobjects for object at time: 55688:
Expected: {"StartTime":55949.0,"Position":190.57382,"HyperDash":false}
Received: {"StartTime":55949.25,"Position":159.48087,"HyperDash":false}

  107) The conversion generated differing hitobjects for object at time: 55688:
Expected: {"StartTime":56001.0,"Position":163.5982,"HyperDash":false}
Received: {"StartTime":56001.5,"Position":170.4295,"HyperDash":false}

  108) The conversion generated differing hitobjects for object at time: 55688:
Expected: {"StartTime":56053.0,"Position":126.79762,"HyperDash":false}
Received: {"StartTime":56053.75,"Position":149.56987,"HyperDash":false}

  109) The conversion generated differing hitobjects for object at time: 56370:
Expected: {"StartTime":56370.0,"Position":70.0,"HyperDash":false}
Received: {"StartTime":56370.0,"Position":58.014404,"HyperDash":false}

  110) The conversion generated differing hitobjects for object at time: 56597:
Expected: {"StartTime":56597.0,"Position":128.0,"HyperDash":false}
Received: {"StartTime":56597.0,"Position":139.9856,"HyperDash":false}

  111) The conversion generated differing hitobjects for object at time: 57051:
Expected: {"StartTime":57051.0,"Position":70.0,"HyperDash":false}
Received: {"StartTime":57051.0,"Position":58.014404,"HyperDash":false}

  112) The conversion generated differing hitobjects for object at time: 57279:
Expected: {"StartTime":57279.0,"Position":128.0,"HyperDash":false}
Received: {"StartTime":57279.0,"Position":139.9856,"HyperDash":false}

  113) The conversion generated differing hitobjects for object at time: 57506:
Expected: {"StartTime":57610.0,"Position":141.1198,"HyperDash":false}
Received: {"StartTime":57610.5,"Position":133.28513,"HyperDash":false}

  114) The conversion generated differing hitobjects for object at time: 57506:
Expected: {"StartTime":57662.0,"Position":153.37463,"HyperDash":false}
Received: {"StartTime":57662.75,"Position":147.63371,"HyperDash":false}

  115) The conversion generated differing hitobjects for object at time: 57506:
Expected: {"StartTime":57715.0,"Position":146.58978,"HyperDash":false}
Received: {"StartTime":57715.0,"Position":172.59729,"HyperDash":false}

  116) The conversion generated differing hitobjects for object at time: 57506:
Expected: {"StartTime":57767.0,"Position":186.77382,"HyperDash":false}
Received: {"StartTime":57767.25,"Position":168.87128,"HyperDash":false}

  117) The conversion generated differing hitobjects for object at time: 57506:
Expected: {"StartTime":57819.0,"Position":202.08742,"HyperDash":false}
Received: {"StartTime":57819.5,"Position":198.27501,"HyperDash":false}

  118) The conversion generated differing hitobjects for object at time: 57506:
Expected: {"StartTime":57871.0,"Position":227.36131,"HyperDash":false}
Received: {"StartTime":57871.75,"Position":219.63634,"HyperDash":false}

  119) The conversion generated differing hitobjects for object at time: 58188:
Expected: {"StartTime":58188.0,"Position":398.0,"HyperDash":false}
Received: {"StartTime":58188.0,"Position":326.0,"HyperDash":false}

  120) The conversion generated differing hitobjects for object at time: 58415:
Expected: {"StartTime":58415.0,"Position":366.0,"HyperDash":false}
Received: {"StartTime":58415.0,"Position":438.0,"HyperDash":false}

  121) The conversion generated differing hitobjects for object at time: 58642:
Expected: {"StartTime":58737.0,"Position":372.52832,"HyperDash":false}
Received: {"StartTime":58737.5,"Position":394.4174,"HyperDash":false}

  122) The conversion generated differing hitobjects for object at time: 59097:
Expected: {"StartTime":59097.0,"Position":203.0,"HyperDash":false}
Received: {"StartTime":59097.0,"Position":199.06134,"HyperDash":false}

  123) The conversion generated differing hitobjects for object at time: 59324:
Expected: {"StartTime":59419.0,"Position":354.74005,"HyperDash":false}
Received: {"StartTime":59419.5,"Position":347.826,"HyperDash":false}

  124) The conversion generated differing hitobjects for object at time: 59779:
Expected: {"StartTime":59831.0,"Position":267.28122,"HyperDash":false}
Received: {"StartTime":59831.25,"Position":275.19672,"HyperDash":false}

  125) The conversion generated differing hitobjects for object at time: 59779:
Expected: {"StartTime":59883.0,"Position":257.35785,"HyperDash":false}
Received: {"StartTime":59883.5,"Position":249.17813,"HyperDash":false}

  126) The conversion generated differing hitobjects for object at time: 59779:
Expected: {"StartTime":59935.0,"Position":220.05412,"HyperDash":false}
Received: {"StartTime":59935.75,"Position":231.78505,"HyperDash":false}

  127) The conversion generated differing hitobjects for object at time: 59779:
Expected: {"StartTime":59988.0,"Position":220.52158,"HyperDash":false}
Received: {"StartTime":59988.0,"Position":207.51404,"HyperDash":false}

  128) The conversion generated differing hitobjects for object at time: 59779:
Expected: {"StartTime":60092.0,"Position":176.16841,"HyperDash":false}
Received: {"StartTime":60092.5,"Position":191.98096,"HyperDash":false}

  129) The conversion generated differing hitobjects for object at time: 59779:
Expected: {"StartTime":60144.0,"Position":151.87633,"HyperDash":false}
Received: {"StartTime":60144.75,"Position":175.60095,"HyperDash":false}

  130) The conversion generated differing hitobjects for object at time: 61142:
Expected: {"StartTime":61237.0,"Position":220.21057,"HyperDash":false}
Received: {"StartTime":61237.5,"Position":207.38193,"HyperDash":false}

  131) The conversion generated differing hitobjects for object at time: 61597:
Expected: {"StartTime":61692.0,"Position":300.21057,"HyperDash":false}
Received: {"StartTime":61692.5,"Position":268.38193,"HyperDash":false}

  132) The conversion generated differing hitobjects for object at time: 62051:
Expected: {"StartTime":62051.0,"Position":299.0,"HyperDash":false}
Received: {"StartTime":62051.0,"Position":309.42316,"HyperDash":false}

  133) The conversion generated differing hitobjects for object at time: 62279:
Expected: {"StartTime":62374.0,"Position":304.78943,"HyperDash":false}
Received: {"StartTime":62374.5,"Position":299.61807,"HyperDash":false}

  134) The conversion generated differing hitobjects for object at time: 62733:
Expected: {"StartTime":62733.0,"Position":102.0,"HyperDash":false}
Received: {"StartTime":62733.0,"Position":168.0,"HyperDash":false}

  135) The conversion generated differing hitobjects for object at time: 62961:
Expected: {"StartTime":62961.0,"Position":80.0,"HyperDash":false}
Received: {"StartTime":62961.0,"Position":91.0,"HyperDash":false}

  136) The conversion generated differing hitobjects for object at time: 63415:
Expected: {"StartTime":63471.0,"Position":15.0,"HyperDash":false}
Received: {"StartTime":63471.75,"Position":38.0,"HyperDash":false}

  137) The conversion generated differing hitobjects for object at time: 63415:
Expected: {"StartTime":63585.0,"Position":43.0,"HyperDash":false}
Received: {"StartTime":63585.25,"Position":31.0,"HyperDash":false}

  138) The conversion generated differing hitobjects for object at time: 63415:
Expected: {"StartTime":63737.0,"Position":38.0,"HyperDash":false}
Received: {"StartTime":63737.77272727273,"Position":17.0,"HyperDash":false}

  139) The conversion generated differing hitobjects for object at time: 65233:
Expected: {"StartTime":65328.0,"Position":404.0,"HyperDash":false}
Received: {"StartTime":65328.5,"Position":409.0,"HyperDash":false}

  140) The conversion generated differing hitobjects for object at time: 65915:
Expected: {"StartTime":66010.0,"Position":460.0,"HyperDash":false}
Received: {"StartTime":66010.5,"Position":477.0,"HyperDash":false}

  141) The conversion generated differing hitobjects for object at time: 67961:
Expected: {"StartTime":68056.0,"Position":343.03326,"HyperDash":false}
Received: {"StartTime":68056.5,"Position":379.21463,"HyperDash":false}

  142) The conversion generated differing hitobjects for object at time: 68415:
Expected: {"StartTime":68510.0,"Position":397.96674,"HyperDash":false}
Received: {"StartTime":68510.5,"Position":404.78537,"HyperDash":false}

  143) The conversion generated differing hitobjects for object at time: 69324:
Expected: {"StartTime":69419.0,"Position":384.96674,"HyperDash":false}
Received: {"StartTime":69419.5,"Position":375.78537,"HyperDash":false}

  144) The conversion generated differing hitobjects for object at time: 69779:
Expected: {"StartTime":69779.0,"Position":186.0,"HyperDash":false}
Received: {"StartTime":69779.0,"Position":242.0,"HyperDash":false}

  145) The conversion generated differing hitobjects for object at time: 70006:
Expected: {"StartTime":70006.0,"Position":298.0,"HyperDash":false}
Received: {"StartTime":70006.0,"Position":223.0,"HyperDash":false}

  146) The conversion generated differing hitobjects for object at time: 70233:
Expected: {"StartTime":70233.0,"Position":163.0,"HyperDash":false}
Received: {"StartTime":70233.0,"Position":84.0,"HyperDash":false}

  147) The conversion generated differing hitobjects for object at time: 70461:
Expected: {"StartTime":70461.0,"Position":143.0,"HyperDash":false}
Received: {"StartTime":70461.0,"Position":163.0,"HyperDash":false}

  148) The conversion generated differing hitobjects for object at time: 70688:
Expected: {"StartTime":70801.0,"Position":82.25869,"HyperDash":false}
Received: {"StartTime":70801.5,"Position":59.262077,"HyperDash":false}

  149) The conversion generated differing hitobjects for object at time: 70688:
Expected: {"StartTime":70858.0,"Position":70.21074,"HyperDash":false}
Received: {"StartTime":70858.25,"Position":59.235596,"HyperDash":false}

  150) The conversion generated differing hitobjects for object at time: 70688:
Expected: {"StartTime":70971.0,"Position":78.31016,"HyperDash":false}
Received: {"StartTime":70972.02272727272,"Position":58.235596,"HyperDash":false}

  151) The conversion generated differing hitobjects for object at time: 70688:
Expected: {"StartTime":71028.0,"Position":58.265472,"HyperDash":false}
Received: {"StartTime":71028.77272727272,"Position":77.26208,"HyperDash":false}

  152) The conversion generated differing hitobjects for object at time: 70688:
Expected: {"StartTime":71085.0,"Position":57.63716,"HyperDash":false}
Received: {"StartTime":71085.52272727272,"Position":76.65961,"HyperDash":false}

  153) The conversion generated differing hitobjects for object at time: 70688:
Expected: {"StartTime":71237.0,"Position":54.439026,"HyperDash":false}
Received: {"StartTime":71238.04545454544,"Position":84.42789,"HyperDash":false}

  154) The conversion generated differing hitobjects for object at time: 71597:
Expected: {"StartTime":71649.0,"Position":165.78636,"HyperDash":false}
Received: {"StartTime":71649.25,"Position":145.86456,"HyperDash":false}

  155) The conversion generated differing hitobjects for object at time: 71597:
Expected: {"StartTime":71753.0,"Position":206.91177,"HyperDash":false}
Received: {"StartTime":71753.75,"Position":192.17404,"HyperDash":false}

  156) The conversion generated differing hitobjects for object at time: 71597:
Expected: {"StartTime":71806.0,"Position":197.27115,"HyperDash":false}
Received: {"StartTime":71806.0,"Position":217.27869,"HyperDash":false}

  157) The conversion generated differing hitobjects for object at time: 71597:
Expected: {"StartTime":71858.0,"Position":230.51424,"HyperDash":false}
Received: {"StartTime":71858.25,"Position":250.61182,"HyperDash":false}

  158) The conversion generated differing hitobjects for object at time: 71597:
Expected: {"StartTime":71910.0,"Position":245.83452,"HyperDash":false}
Received: {"StartTime":71910.5,"Position":263.02203,"HyperDash":false}

  159) The conversion generated differing hitobjects for object at time: 71597:
Expected: {"StartTime":71962.0,"Position":272.10052,"HyperDash":false}
Received: {"StartTime":71962.75,"Position":266.37555,"HyperDash":false}

  160) The conversion generated differing hitobjects for object at time: 72506:
Expected: {"StartTime":72558.0,"Position":376.21362,"HyperDash":false}
Received: {"StartTime":72558.25,"Position":347.13544,"HyperDash":false}

  161) The conversion generated differing hitobjects for object at time: 72506:
Expected: {"StartTime":72662.0,"Position":320.08823,"HyperDash":false}
Received: {"StartTime":72662.75,"Position":326.82596,"HyperDash":false}

  162) The conversion generated differing hitobjects for object at time: 72506:
Expected: {"StartTime":72715.0,"Position":293.72885,"HyperDash":false}
Received: {"StartTime":72715.0,"Position":303.7213,"HyperDash":false}

  163) The conversion generated differing hitobjects for object at time: 72506:
Expected: {"StartTime":72767.0,"Position":297.48578,"HyperDash":false}
Received: {"StartTime":72767.25,"Position":282.38818,"HyperDash":false}

  164) The conversion generated differing hitobjects for object at time: 72506:
Expected: {"StartTime":72819.0,"Position":272.16547,"HyperDash":false}
Received: {"StartTime":72819.5,"Position":280.97797,"HyperDash":false}

  165) The conversion generated differing hitobjects for object at time: 72506:
Expected: {"StartTime":72871.0,"Position":247.89948,"HyperDash":false}
Received: {"StartTime":72871.75,"Position":242.62445,"HyperDash":false}

  166) The conversion generated differing hitobjects for object at time: 73188:
Expected: {"StartTime":73188.0,"Position":77.0,"HyperDash":false}
Received: {"StartTime":73188.0,"Position":72.80284,"HyperDash":false}

  167) The conversion generated differing hitobjects for object at time: 73415:
Expected: {"StartTime":73510.0,"Position":233.97455,"HyperDash":false}
Received: {"StartTime":73510.5,"Position":260.12814,"HyperDash":false}

  168) The conversion generated differing hitobjects for object at time: 73870:
Expected: {"StartTime":73965.0,"Position":336.70956,"HyperDash":false}
Received: {"StartTime":73965.5,"Position":313.59814,"HyperDash":false}

  169) The conversion generated differing hitobjects for object at time: 74324:
Expected: {"StartTime":74324.0,"Position":222.0,"HyperDash":false}
Received: {"StartTime":74324.0,"Position":206.48346,"HyperDash":false}

  170) The conversion generated differing hitobjects for object at time: 74551:
Expected: {"StartTime":74551.0,"Position":282.0,"HyperDash":false}
Received: {"StartTime":74551.0,"Position":297.51654,"HyperDash":false}

  171) The conversion generated differing hitobjects for object at time: 74779:
Expected: {"StartTime":74835.0,"Position":222.93634,"HyperDash":false}
Received: {"StartTime":74835.75,"Position":231.67598,"HyperDash":false}

  172) The conversion generated differing hitobjects for object at time: 74779:
Expected: {"StartTime":74892.0,"Position":231.97144,"HyperDash":false}
Received: {"StartTime":74892.5,"Position":226.79524,"HyperDash":false}

  173) The conversion generated differing hitobjects for object at time: 74779:
Expected: {"StartTime":74949.0,"Position":179.98503,"HyperDash":false}
Received: {"StartTime":74949.25,"Position":197.89839,"HyperDash":false}

  174) The conversion generated differing hitobjects for object at time: 74779:
Expected: {"StartTime":75101.0,"Position":204.27808,"HyperDash":false}
Received: {"StartTime":75101.77272727272,"Position":197.46156,"HyperDash":false}

  175) The conversion generated differing hitobjects for object at time: 75688:
Expected: {"StartTime":75744.0,"Position":188.93634,"HyperDash":false}
Received: {"StartTime":75744.75,"Position":180.67598,"HyperDash":false}

  176) The conversion generated differing hitobjects for object at time: 75688:
Expected: {"StartTime":75801.0,"Position":159.97144,"HyperDash":false}
Received: {"StartTime":75801.5,"Position":156.79524,"HyperDash":false}

  177) The conversion generated differing hitobjects for object at time: 75688:
Expected: {"StartTime":75858.0,"Position":124.98503,"HyperDash":false}
Received: {"StartTime":75858.25,"Position":116.89839,"HyperDash":false}

  178) The conversion generated differing hitobjects for object at time: 76824:
Expected: {"StartTime":76824.0,"Position":327.0,"HyperDash":false}
Received: {"StartTime":76824.0,"Position":367.0,"HyperDash":false}

  179) The conversion generated differing hitobjects for object at time: 77051:
Expected: {"StartTime":77051.0,"Position":351.0,"HyperDash":false}
Received: {"StartTime":77051.0,"Position":327.0,"HyperDash":false}

  180) The conversion generated differing hitobjects for object at time: 78642:
Expected: {"StartTime":78737.0,"Position":102.772095,"HyperDash":false}
Received: {"StartTime":78737.5,"Position":93.64599,"HyperDash":false}

  181) The conversion generated differing hitobjects for object at time: 79324:
Expected: {"StartTime":79419.0,"Position":253.27483,"HyperDash":false}
Received: {"StartTime":79419.5,"Position":239.45242,"HyperDash":false}

  182) The conversion generated differing hitobjects for object at time: 79779:
Expected: {"StartTime":79779.0,"Position":443.0,"HyperDash":false}
Received: {"StartTime":79779.0,"Position":372.0,"HyperDash":false}

  183) The conversion generated differing hitobjects for object at time: 80233:
Expected: {"StartTime":80289.0,"Position":301.1139,"HyperDash":false}
Received: {"StartTime":80289.75,"Position":292.10202,"HyperDash":false}

  184) The conversion generated differing hitobjects for object at time: 80233:
Expected: {"StartTime":80346.0,"Position":277.21198,"HyperDash":false}
Received: {"StartTime":80346.5,"Position":267.20407,"HyperDash":false}

  185) The conversion generated differing hitobjects for object at time: 81370:
Expected: {"StartTime":81370.0,"Position":423.0,"HyperDash":false}
Received: {"StartTime":81370.0,"Position":447.0,"HyperDash":false}

  186) The conversion generated differing hitobjects for object at time: 81597:
Expected: {"StartTime":81653.0,"Position":415.35785,"HyperDash":false}
Received: {"StartTime":81653.5,"Position":437.37604,"HyperDash":false}

  187) The conversion generated differing hitobjects for object at time: 82051:
Expected: {"StartTime":82051.0,"Position":411.0,"HyperDash":false}
Received: {"StartTime":82051.0,"Position":415.0,"HyperDash":false}

  188) The conversion generated differing hitobjects for object at time: 82279:
Expected: {"StartTime":82279.0,"Position":301.0,"HyperDash":false}
Received: {"StartTime":82279.0,"Position":297.0,"HyperDash":false}

  189) The conversion generated differing hitobjects for object at time: 82506:
Expected: {"StartTime":82558.0,"Position":275.96088,"HyperDash":false}
Received: {"StartTime":82558.25,"Position":267.87473,"HyperDash":false}

  190) The conversion generated differing hitobjects for object at time: 82506:
Expected: {"StartTime":82610.0,"Position":258.1504,"HyperDash":false}
Received: {"StartTime":82610.5,"Position":232.97299,"HyperDash":false}

  191) The conversion generated differing hitobjects for object at time: 82506:
Expected: {"StartTime":82662.0,"Position":240.96043,"HyperDash":false}
Received: {"StartTime":82662.75,"Position":246.69113,"HyperDash":false}

  192) The conversion generated differing hitobjects for object at time: 82506:
Expected: {"StartTime":82767.0,"Position":177.03984,"HyperDash":false}
Received: {"StartTime":82767.25,"Position":195.94293,"HyperDash":false}

  193) The conversion generated differing hitobjects for object at time: 82506:
Expected: {"StartTime":82819.0,"Position":192.02719,"HyperDash":false}
Received: {"StartTime":82819.5,"Position":175.84457,"HyperDash":false}

  194) The conversion generated differing hitobjects for object at time: 82506:
Expected: {"StartTime":82871.0,"Position":162.50703,"HyperDash":false}
Received: {"StartTime":82871.75,"Position":176.24792,"HyperDash":false}

  195) The conversion generated differing hitobjects for object at time: 83415:
Expected: {"StartTime":83467.0,"Position":277.3109,"HyperDash":false}
Received: {"StartTime":83467.25,"Position":288.35052,"HyperDash":false}

  196) The conversion generated differing hitobjects for object at time: 83415:
Expected: {"StartTime":83519.0,"Position":280.6682,"HyperDash":false}
Received: {"StartTime":83519.5,"Position":290.71698,"HyperDash":false}

  197) The conversion generated differing hitobjects for object at time: 83415:
Expected: {"StartTime":83571.0,"Position":302.94168,"HyperDash":false}
Received: {"StartTime":83571.75,"Position":298.96732,"HyperDash":false}

  198) The conversion generated differing hitobjects for object at time: 83415:
Expected: {"StartTime":83624.0,"Position":298.1128,"HyperDash":false}
Received: {"StartTime":83624.0,"Position":272.1122,"HyperDash":false}

  199) The conversion generated differing hitobjects for object at time: 83415:
Expected: {"StartTime":83676.0,"Position":291.2743,"HyperDash":false}
Received: {"StartTime":83676.25,"Position":288.2508,"HyperDash":false}

  200) The conversion generated differing hitobjects for object at time: 84097:
Expected: {"StartTime":84097.0,"Position":161.0,"HyperDash":false}
Received: {"StartTime":84097.0,"Position":135.87169,"HyperDash":false}

  201) The conversion generated differing hitobjects for object at time: 84324:
Expected: {"StartTime":84376.0,"Position":211.22333,"HyperDash":false}
Received: {"StartTime":84376.25,"Position":224.3133,"HyperDash":false}

  202) The conversion generated differing hitobjects for object at time: 84324:
Expected: {"StartTime":84428.0,"Position":235.52751,"HyperDash":false}
Received: {"StartTime":84428.5,"Position":230.70679,"HyperDash":false}

  203) The conversion generated differing hitobjects for object at time: 84324:
Expected: {"StartTime":84480.0,"Position":225.64093,"HyperDash":false}
Received: {"StartTime":84480.75,"Position":232.90549,"HyperDash":false}

  204) The conversion generated differing hitobjects for object at time: 84324:
Expected: {"StartTime":84533.0,"Position":278.68137,"HyperDash":false}
Received: {"StartTime":84533.0,"Position":272.6886,"HyperDash":false}

  205) The conversion generated differing hitobjects for object at time: 84324:
Expected: {"StartTime":84585.0,"Position":283.74133,"HyperDash":false}
Received: {"StartTime":84585.25,"Position":270.83008,"HyperDash":false}

  206) The conversion generated differing hitobjects for object at time: 84324:
Expected: {"StartTime":84637.0,"Position":282.88992,"HyperDash":false}
Received: {"StartTime":84637.5,"Position":304.04932,"HyperDash":false}

  207) The conversion generated differing hitobjects for object at time: 84324:
Expected: {"StartTime":84689.0,"Position":320.76596,"HyperDash":false}
Received: {"StartTime":84689.75,"Position":306.97867,"HyperDash":false}

  208) The conversion generated differing hitobjects for object at time: 85006:
Expected: {"StartTime":85006.0,"Position":177.0,"HyperDash":false}
Received: {"StartTime":85006.0,"Position":184.1604,"HyperDash":false}

  209) The conversion generated differing hitobjects for object at time: 85233:
Expected: {"StartTime":85285.0,"Position":165.201,"HyperDash":false}
Received: {"StartTime":85285.25,"Position":157.19191,"HyperDash":false}

  210) The conversion generated differing hitobjects for object at time: 85233:
Expected: {"StartTime":85337.0,"Position":182.83841,"HyperDash":false}
Received: {"StartTime":85337.5,"Position":153.8531,"HyperDash":false}

  211) The conversion generated differing hitobjects for object at time: 85233:
Expected: {"StartTime":85389.0,"Position":172.95111,"HyperDash":false}
Received: {"StartTime":85389.75,"Position":160.02304,"HyperDash":false}

  212) The conversion generated differing hitobjects for object at time: 85233:
Expected: {"StartTime":85442.0,"Position":165.6638,"HyperDash":false}
Received: {"StartTime":85442.0,"Position":198.66724,"HyperDash":false}

  213) The conversion generated differing hitobjects for object at time: 85233:
Expected: {"StartTime":85546.0,"Position":188.28334,"HyperDash":false}
Received: {"StartTime":85546.5,"Position":224.42812,"HyperDash":false}

  214) The conversion generated differing hitobjects for object at time: 85233:
Expected: {"StartTime":85598.0,"Position":236.29424,"HyperDash":false}
Received: {"StartTime":85598.75,"Position":202.53482,"HyperDash":false}

  215) The conversion generated differing hitobjects for object at time: 85915:
Expected: {"StartTime":85915.0,"Position":368.0,"HyperDash":false}
Received: {"StartTime":85915.0,"Position":326.0,"HyperDash":false}

  216) The conversion generated differing hitobjects for object at time: 86142:
Expected: {"StartTime":86194.0,"Position":401.8277,"HyperDash":false}
Received: {"StartTime":86194.25,"Position":420.90613,"HyperDash":false}

  217) The conversion generated differing hitobjects for object at time: 86142:
Expected: {"StartTime":86246.0,"Position":454.15015,"HyperDash":false}
Received: {"StartTime":86246.5,"Position":431.27325,"HyperDash":false}

  218) The conversion generated differing hitobjects for object at time: 86142:
Expected: {"StartTime":86298.0,"Position":426.34995,"HyperDash":false}
Received: {"StartTime":86298.75,"Position":432.46194,"HyperDash":false}

  219) The conversion generated differing hitobjects for object at time: 86142:
Expected: {"StartTime":86351.0,"Position":450.30667,"HyperDash":false}
Received: {"StartTime":86351.0,"Position":437.30762,"HyperDash":false}

  220) The conversion generated differing hitobjects for object at time: 86142:
Expected: {"StartTime":86403.0,"Position":444.43973,"HyperDash":false}
Received: {"StartTime":86403.25,"Position":466.4197,"HyperDash":false}

  221) The conversion generated differing hitobjects for object at time: 86142:
Expected: {"StartTime":86507.0,"Position":418.0135,"HyperDash":false}
Received: {"StartTime":86507.75,"Position":449.81354,"HyperDash":false}

  222) The conversion generated differing hitobjects for object at time: 86824:
Expected: {"StartTime":86824.0,"Position":272.0,"HyperDash":false}
Received: {"StartTime":86824.0,"Position":326.0,"HyperDash":false}

  223) The conversion generated differing hitobjects for object at time: 87051:
Expected: {"StartTime":87051.0,"Position":220.0,"HyperDash":false}
Received: {"StartTime":87051.0,"Position":246.0,"HyperDash":false}

  224) The conversion generated differing hitobjects for object at time: 87506:
Expected: {"StartTime":87506.0,"Position":272.0,"HyperDash":false}
Received: {"StartTime":87506.0,"Position":226.0,"HyperDash":false}

  225) The conversion generated differing hitobjects for object at time: 87733:
Expected: {"StartTime":87733.0,"Position":192.0,"HyperDash":false}
Received: {"StartTime":87733.0,"Position":138.0,"HyperDash":false}

  226) The conversion generated differing hitobjects for object at time: 87961:
Expected: {"StartTime":88013.0,"Position":180.07048,"HyperDash":false}
Received: {"StartTime":88013.25,"Position":165.05478,"HyperDash":false}

  227) The conversion generated differing hitobjects for object at time: 87961:
Expected: {"StartTime":88065.0,"Position":145.3697,"HyperDash":false}
Received: {"StartTime":88065.5,"Position":177.36835,"HyperDash":false}

  228) The conversion generated differing hitobjects for object at time: 87961:
Expected: {"StartTime":88170.0,"Position":158.00188,"HyperDash":false}
Received: {"StartTime":88170.0,"Position":172.00452,"HyperDash":false}

  229) The conversion generated differing hitobjects for object at time: 87961:
Expected: {"StartTime":88222.0,"Position":177.86827,"HyperDash":false}
Received: {"StartTime":88222.25,"Position":172.91632,"HyperDash":false}

  230) The conversion generated differing hitobjects for object at time: 87961:
Expected: {"StartTime":88274.0,"Position":202.30298,"HyperDash":false}
Received: {"StartTime":88274.5,"Position":177.42336,"HyperDash":false}

  231) The conversion generated differing hitobjects for object at time: 87961:
Expected: {"StartTime":88326.0,"Position":215.87622,"HyperDash":false}
Received: {"StartTime":88326.75,"Position":208.08315,"HyperDash":false}

  232) The conversion generated differing hitobjects for object at time: 88642:
Expected: {"StartTime":88642.0,"Position":363.0,"HyperDash":false}
Received: {"StartTime":88642.0,"Position":373.81213,"HyperDash":false}

  233) The conversion generated differing hitobjects for object at time: 88870:
Expected: {"StartTime":88870.0,"Position":393.0,"HyperDash":false}
Received: {"StartTime":88870.0,"Position":382.18787,"HyperDash":false}

  234) The conversion generated differing hitobjects for object at time: 88983:
Expected: {"StartTime":88983.0,"Position":363.0,"HyperDash":false}
Received: {"StartTime":88983.0,"Position":373.81213,"HyperDash":false}

  235) The conversion generated differing hitobjects for object at time: 89097:
Expected: {"StartTime":89097.0,"Position":393.0,"HyperDash":false}
Received: {"StartTime":89097.0,"Position":382.18787,"HyperDash":false}

  236) The conversion generated differing hitobjects for object at time: 93415:
Expected: {"StartTime":93500.0,"Position":362.93335,"HyperDash":false}
Received: {"StartTime":93500.0,"Position":355.97638,"HyperDash":false}

  237) The conversion generated differing hitobjects for object at time: 93415:
Expected: {"StartTime":93585.0,"Position":384.5453,"HyperDash":false}
Received: {"StartTime":93585.0,"Position":377.63293,"HyperDash":false}

  238) The conversion generated differing hitobjects for object at time: 93415:
Expected: {"StartTime":93831.0,"Position":430.9859,"HyperDash":false}
Received: {"StartTime":93832.15909090909,"Position":436.76193,"HyperDash":false}

  239) The conversion generated differing hitobjects for object at time: 93415:
Expected: {"StartTime":93907.0,"Position":391.21936,"HyperDash":false}
Received: {"StartTime":93908.40909090909,"Position":398.94818,"HyperDash":false}

  240) The conversion generated differing hitobjects for object at time: 93415:
Expected: {"StartTime":93983.0,"Position":356.6329,"HyperDash":false}
Received: {"StartTime":93984.65909090909,"Position":375.31717,"HyperDash":false}

  241) The conversion generated differing hitobjects for object at time: 94324:
Expected: {"StartTime":94324.0,"Position":55.0,"HyperDash":false}
Received: {"StartTime":94324.0,"Position":254.0,"HyperDash":false}

  242) The conversion generated differing hitobjects for object at time: 95233:
Expected: {"StartTime":95318.0,"Position":141.06664,"HyperDash":false}
Received: {"StartTime":95318.0,"Position":165.02362,"HyperDash":false}

  243) The conversion generated differing hitobjects for object at time: 95233:
Expected: {"StartTime":95403.0,"Position":137.4547,"HyperDash":false}
Received: {"StartTime":95403.0,"Position":114.367065,"HyperDash":false}

  244) The conversion generated differing hitobjects for object at time: 95233:
Expected: {"StartTime":95488.0,"Position":96.53772,"HyperDash":false}
Received: {"StartTime":95488.0,"Position":103.40557,"HyperDash":false}

  245) The conversion generated differing hitobjects for object at time: 95233:
Expected: {"StartTime":95649.0,"Position":96.014114,"HyperDash":false}
Received: {"StartTime":95650.15909090909,"Position":82.23807,"HyperDash":false}

  246) The conversion generated differing hitobjects for object at time: 95233:
Expected: {"StartTime":95725.0,"Position":128.78064,"HyperDash":false}
Received: {"StartTime":95726.40909090909,"Position":110.0518,"HyperDash":false}

  247) The conversion generated differing hitobjects for object at time: 95233:
Expected: {"StartTime":95801.0,"Position":133.36708,"HyperDash":false}
Received: {"StartTime":95802.65909090909,"Position":150.68282,"HyperDash":false}

  248) The conversion generated differing hitobjects for object at time: 96142:
Expected: {"StartTime":96142.0,"Position":456.0,"HyperDash":false}
Received: {"StartTime":96142.0,"Position":257.0,"HyperDash":false}

  249) The conversion generated differing hitobjects for object at time: 97052:
Expected: {"StartTime":97137.0,"Position":369.93335,"HyperDash":false}
Received: {"StartTime":97137.0,"Position":355.97638,"HyperDash":false}

  250) The conversion generated differing hitobjects for object at time: 97052:
Expected: {"StartTime":97222.0,"Position":380.5453,"HyperDash":false}
Received: {"StartTime":97222.0,"Position":404.63293,"HyperDash":false}

  251) The conversion generated differing hitobjects for object at time: 97052:
Expected: {"StartTime":97307.0,"Position":411.46228,"HyperDash":false}
Received: {"StartTime":97307.0,"Position":406.59442,"HyperDash":false}

  252) The conversion generated differing hitobjects for object at time: 97052:
Expected: {"StartTime":97468.0,"Position":429.9859,"HyperDash":false}
Received: {"StartTime":97469.15909090909,"Position":423.76193,"HyperDash":false}

  253) The conversion generated differing hitobjects for object at time: 97052:
Expected: {"StartTime":97544.0,"Position":391.21936,"HyperDash":false}
Received: {"StartTime":97545.40909090909,"Position":413.94818,"HyperDash":false}

  254) The conversion generated differing hitobjects for object at time: 97052:
Expected: {"StartTime":97620.0,"Position":384.6329,"HyperDash":false}
Received: {"StartTime":97621.65909090909,"Position":368.31717,"HyperDash":false}

  255) The conversion generated differing hitobjects for object at time: 97961:
Expected: {"StartTime":97961.0,"Position":55.0,"HyperDash":false}
Received: {"StartTime":97961.0,"Position":254.0,"HyperDash":false}

  256) The conversion generated differing hitobjects for object at time: 98870:
Expected: {"StartTime":98955.0,"Position":139.06664,"HyperDash":false}
Received: {"StartTime":98955.0,"Position":158.02362,"HyperDash":false}

  257) The conversion generated differing hitobjects for object at time: 98870:
Expected: {"StartTime":99040.0,"Position":124.4547,"HyperDash":false}
Received: {"StartTime":99040.0,"Position":106.367065,"HyperDash":false}

  258) The conversion generated differing hitobjects for object at time: 98870:
Expected: {"StartTime":99125.0,"Position":111.53772,"HyperDash":false}
Received: {"StartTime":99125.0,"Position":86.40557,"HyperDash":false}

  259) The conversion generated differing hitobjects for object at time: 98870:
Expected: {"StartTime":99286.0,"Position":89.014114,"HyperDash":false}
Received: {"StartTime":99287.15909090909,"Position":97.23807,"HyperDash":false}

  260) The conversion generated differing hitobjects for object at time: 98870:
Expected: {"StartTime":99362.0,"Position":121.78065,"HyperDash":false}
Received: {"StartTime":99363.40909090909,"Position":97.0518,"HyperDash":false}

  261) The conversion generated differing hitobjects for object at time: 98870:
Expected: {"StartTime":99438.0,"Position":125.36708,"HyperDash":false}
Received: {"StartTime":99439.65909090909,"Position":128.68282,"HyperDash":false}

  262) The conversion generated differing hitobjects for object at time: 99779:
Expected: {"StartTime":99779.0,"Position":456.0,"HyperDash":false}
Received: {"StartTime":99779.0,"Position":257.0,"HyperDash":false}

  263) The conversion generated differing hitobjects for object at time: 101370:
Expected: {"StartTime":101370.0,"Position":162.0,"HyperDash":false}
Received: {"StartTime":101370.0,"Position":216.0,"HyperDash":false}

  264) The conversion generated differing hitobjects for object at time: 101597:
Expected: {"StartTime":101692.0,"Position":96.96697,"HyperDash":false}
Received: {"StartTime":101692.5,"Position":106.783554,"HyperDash":false}

  265) The conversion generated differing hitobjects for object at time: 101938:
Expected: {"StartTime":101938.0,"Position":84.0,"HyperDash":false}
Received: {"StartTime":101938.0,"Position":56.454956,"HyperDash":false}

  266) The conversion generated differing hitobjects for object at time: 103188:
Expected: {"StartTime":103188.0,"Position":350.0,"HyperDash":false}
Received: {"StartTime":103188.0,"Position":295.0,"HyperDash":false}

  267) The conversion generated differing hitobjects for object at time: 103415:
Expected: {"StartTime":103510.0,"Position":415.03302,"HyperDash":false}
Received: {"StartTime":103510.5,"Position":419.21646,"HyperDash":false}

  268) The conversion generated differing hitobjects for object at time: 103756:
Expected: {"StartTime":103756.0,"Position":427.0,"HyperDash":false}
Received: {"StartTime":103756.0,"Position":454.54504,"HyperDash":false}

  269) The conversion generated differing hitobjects for object at time: 105006:
Expected: {"StartTime":105006.0,"Position":162.0,"HyperDash":false}
Received: {"StartTime":105006.0,"Position":216.0,"HyperDash":false}

  270) The conversion generated differing hitobjects for object at time: 105120:
Expected: {"StartTime":105120.0,"Position":190.0,"HyperDash":false}
Received: {"StartTime":105120.0,"Position":176.0,"HyperDash":false}

  271) The conversion generated differing hitobjects for object at time: 105233:
Expected: {"StartTime":105328.0,"Position":83.96697,"HyperDash":false}
Received: {"StartTime":105328.5,"Position":113.783554,"HyperDash":false}

  272) The conversion generated differing hitobjects for object at time: 105574:
Expected: {"StartTime":105574.0,"Position":84.0,"HyperDash":false}
Received: {"StartTime":105574.0,"Position":56.454956,"HyperDash":false}

  273) The conversion generated differing hitobjects for object at time: 106824:
Expected: {"StartTime":106904.0,"Position":306.2746,"HyperDash":false}
Received: {"StartTime":106904.625,"Position":327.49203,"HyperDash":false}

  274) The conversion generated differing hitobjects for object at time: 106824:
Expected: {"StartTime":106985.0,"Position":352.66098,"HyperDash":false}
Received: {"StartTime":106985.25,"Position":345.7529,"HyperDash":false}

  275) The conversion generated differing hitobjects for object at time: 106824:
Expected: {"StartTime":107065.0,"Position":389.65015,"HyperDash":false}
Received: {"StartTime":107065.875,"Position":369.9585,"HyperDash":false}

  276) The conversion generated differing hitobjects for object at time: 106824:
Expected: {"StartTime":107146.0,"Position":414.77762,"HyperDash":false}
Received: {"StartTime":107146.5,"Position":418.9439,"HyperDash":false}

  277) The conversion generated differing hitobjects for object at time: 106824:
Expected: {"StartTime":107227.0,"Position":392.21716,"HyperDash":false}
Received: {"StartTime":107227.125,"Position":389.16748,"HyperDash":false}

  278) The conversion generated differing hitobjects for object at time: 106824:
Expected: {"StartTime":107307.0,"Position":354.00323,"HyperDash":false}
Received: {"StartTime":107307.75,"Position":376.72937,"HyperDash":false}

  279) The conversion generated differing hitobjects for object at time: 106824:
Expected: {"StartTime":107388.0,"Position":321.594,"HyperDash":false}
Received: {"StartTime":107388.375,"Position":335.45068,"HyperDash":false}

  280) The conversion generated differing hitobjects for object at time: 115233:
Expected: {"StartTime":115285.0,"Position":143.93996,"HyperDash":false}
Received: {"StartTime":115285.25,"Position":124.022705,"HyperDash":false}

  281) The conversion generated differing hitobjects for object at time: 115233:
Expected: {"StartTime":115337.0,"Position":150.32455,"HyperDash":false}
Received: {"StartTime":115337.5,"Position":164.49875,"HyperDash":false}

  282) The conversion generated differing hitobjects for object at time: 115233:
Expected: {"StartTime":115389.0,"Position":183.25964,"HyperDash":false}
Received: {"StartTime":115389.75,"Position":167.52611,"HyperDash":false}

  283) The conversion generated differing hitobjects for object at time: 115233:
Expected: {"StartTime":115442.0,"Position":188.79465,"HyperDash":false}
Received: {"StartTime":115442.0,"Position":172.80223,"HyperDash":false}

  284) The conversion generated differing hitobjects for object at time: 115233:
Expected: {"StartTime":115494.0,"Position":195.08873,"HyperDash":false}
Received: {"StartTime":115494.25,"Position":218.18631,"HyperDash":false}

  285) The conversion generated differing hitobjects for object at time: 115233:
Expected: {"StartTime":115598.0,"Position":240.69823,"HyperDash":false}
Received: {"StartTime":115598.75,"Position":228.97452,"HyperDash":false}

  286) The conversion generated differing hitobjects for object at time: 115915:
Expected: {"StartTime":115915.0,"Position":413.0,"HyperDash":false}
Received: {"StartTime":115915.0,"Position":347.0,"HyperDash":false}

  287) The conversion generated differing hitobjects for object at time: 116142:
Expected: {"StartTime":116198.0,"Position":419.6598,"HyperDash":false}
Received: {"StartTime":116198.75,"Position":443.8109,"HyperDash":false}

  288) The conversion generated differing hitobjects for object at time: 116142:
Expected: {"StartTime":116255.0,"Position":457.3915,"HyperDash":false}
Received: {"StartTime":116255.5,"Position":428.4599,"HyperDash":false}

  289) The conversion generated differing hitobjects for object at time: 116142:
Expected: {"StartTime":116464.0,"Position":432.83182,"HyperDash":false}
Received: {"StartTime":116464.77272727272,"Position":455.76987,"HyperDash":false}

  290) The conversion generated differing hitobjects for object at time: 117052:
Expected: {"StartTime":117147.0,"Position":351.72174,"HyperDash":false}
Received: {"StartTime":117147.5,"Position":328.56122,"HyperDash":false}

  291) The conversion generated differing hitobjects for object at time: 117506:
Expected: {"StartTime":117506.0,"Position":157.0,"HyperDash":false}
Received: {"StartTime":117506.0,"Position":216.0,"HyperDash":false}

  292) The conversion generated differing hitobjects for object at time: 117733:
Expected: {"StartTime":117733.0,"Position":141.0,"HyperDash":false}
Received: {"StartTime":117733.0,"Position":82.0,"HyperDash":false}

  293) The conversion generated differing hitobjects for object at time: 117961:
Expected: {"StartTime":118017.0,"Position":70.0,"HyperDash":false}
Received: {"StartTime":118017.75,"Position":95.0,"HyperDash":false}

  294) The conversion generated differing hitobjects for object at time: 117961:
Expected: {"StartTime":118131.0,"Position":96.0,"HyperDash":false}
Received: {"StartTime":118131.25,"Position":103.0,"HyperDash":false}

  295) The conversion generated differing hitobjects for object at time: 117961:
Expected: {"StartTime":118244.0,"Position":72.0,"HyperDash":false}
Received: {"StartTime":118245.02272727272,"Position":94.0,"HyperDash":false}

  296) The conversion generated differing hitobjects for object at time: 117961:
Expected: {"StartTime":118301.0,"Position":95.0,"HyperDash":false}
Received: {"StartTime":118301.77272727272,"Position":84.0,"HyperDash":false}

  297) The conversion generated differing hitobjects for object at time: 117961:
Expected: {"StartTime":118358.0,"Position":100.0,"HyperDash":false}
Received: {"StartTime":118358.52272727272,"Position":68.0,"HyperDash":false}

  298) The conversion generated differing hitobjects for object at time: 117961:
Expected: {"StartTime":118510.0,"Position":103.0,"HyperDash":false}
Received: {"StartTime":118511.04545454544,"Position":86.0,"HyperDash":false}

  299) The conversion generated differing hitobjects for object at time: 119779:
Expected: {"StartTime":119835.0,"Position":397.25552,"HyperDash":false}
Received: {"StartTime":119835.75,"Position":383.51712,"HyperDash":false}

  300) The conversion generated differing hitobjects for object at time: 119779:
Expected: {"StartTime":119892.0,"Position":406.27597,"HyperDash":false}
Received: {"StartTime":119892.5,"Position":394.45215,"HyperDash":false}

  301) The conversion generated differing hitobjects for object at time: 119779:
Expected: {"StartTime":119949.0,"Position":410.2929,"HyperDash":false}
Received: {"StartTime":119949.25,"Position":420.38016,"HyperDash":false}

  302) The conversion generated differing hitobjects for object at time: 119779:
Expected: {"StartTime":120101.0,"Position":415.96817,"HyperDash":false}
Received: {"StartTime":120101.77272727272,"Position":420.7847,"HyperDash":false}

  303) The conversion generated differing hitobjects for object at time: 120688:
Expected: {"StartTime":120688.0,"Position":407.0,"HyperDash":false}
Received: {"StartTime":120688.0,"Position":500.0,"HyperDash":false}

  304) The conversion generated differing hitobjects for object at time: 120915:
Expected: {"StartTime":120915.0,"Position":321.0,"HyperDash":false}
Received: {"StartTime":120915.0,"Position":364.0,"HyperDash":false}

  305) The conversion generated differing hitobjects for object at time: 121142:
Expected: {"StartTime":121194.0,"Position":262.81097,"HyperDash":false}
Received: {"StartTime":121194.25,"Position":281.72116,"HyperDash":false}

  306) The conversion generated differing hitobjects for object at time: 121142:
Expected: {"StartTime":121246.0,"Position":235.4965,"HyperDash":false}
Received: {"StartTime":121246.5,"Position":243.31653,"HyperDash":false}

  307) The conversion generated differing hitobjects for object at time: 121142:
Expected: {"StartTime":121298.0,"Position":223.24103,"HyperDash":false}
Received: {"StartTime":121298.75,"Position":245.97336,"HyperDash":false}

  308) The conversion generated differing hitobjects for object at time: 121142:
Expected: {"StartTime":121351.0,"Position":219.86386,"HyperDash":false}
Received: {"StartTime":121351.0,"Position":202.85641,"HyperDash":false}

  309) The conversion generated differing hitobjects for object at time: 121142:
Expected: {"StartTime":121403.0,"Position":209.2498,"HyperDash":false}
Received: {"StartTime":121403.25,"Position":184.15724,"HyperDash":false}

  310) The conversion generated differing hitobjects for object at time: 121142:
Expected: {"StartTime":121455.0,"Position":171.24959,"HyperDash":false}
Received: {"StartTime":121455.5,"Position":193.07928,"HyperDash":false}

  311) The conversion generated differing hitobjects for object at time: 121142:
Expected: {"StartTime":121507.0,"Position":177.11073,"HyperDash":false}
Received: {"StartTime":121507.75,"Position":170.87393,"HyperDash":false}

  312) The conversion generated differing hitobjects for object at time: 121824:
Expected: {"StartTime":121824.0,"Position":78.0,"HyperDash":false}
Received: {"StartTime":121824.0,"Position":66.58127,"HyperDash":false}

  313) The conversion generated differing hitobjects for object at time: 122052:
Expected: {"StartTime":122147.0,"Position":99.41432,"HyperDash":false}
Received: {"StartTime":122147.5,"Position":112.49982,"HyperDash":false}

  314) The conversion generated differing hitobjects for object at time: 122506:
Expected: {"StartTime":122558.0,"Position":192.49693,"HyperDash":false}
Received: {"StartTime":122558.25,"Position":213.58658,"HyperDash":false}

  315) The conversion generated differing hitobjects for object at time: 122506:
Expected: {"StartTime":122610.0,"Position":237.79294,"HyperDash":false}
Received: {"StartTime":122610.5,"Position":221.97221,"HyperDash":false}

  316) The conversion generated differing hitobjects for object at time: 122506:
Expected: {"StartTime":122662.0,"Position":249.93237,"HyperDash":false}
Received: {"StartTime":122662.75,"Position":227.1979,"HyperDash":false}

  317) The conversion generated differing hitobjects for object at time: 122506:
Expected: {"StartTime":122715.0,"Position":261.22867,"HyperDash":false}
Received: {"StartTime":122715.0,"Position":241.23611,"HyperDash":false}

  318) The conversion generated differing hitobjects for object at time: 122506:
Expected: {"StartTime":122767.0,"Position":286.12033,"HyperDash":false}
Received: {"StartTime":122767.25,"Position":265.2157,"HyperDash":false}

  319) The conversion generated differing hitobjects for object at time: 122506:
Expected: {"StartTime":122819.0,"Position":293.07657,"HyperDash":false}
Received: {"StartTime":122819.5,"Position":285.2609,"HyperDash":false}

  320) The conversion generated differing hitobjects for object at time: 122506:
Expected: {"StartTime":122871.0,"Position":298.18658,"HyperDash":false}
Received: {"StartTime":122871.75,"Position":308.46216,"HyperDash":false}

  321) The conversion generated differing hitobjects for object at time: 123188:
Expected: {"StartTime":123188.0,"Position":450.0,"HyperDash":false}
Received: {"StartTime":123188.0,"Position":473.5199,"HyperDash":false}

  322) The conversion generated differing hitobjects for object at time: 123415:
Expected: {"StartTime":123467.0,"Position":304.88828,"HyperDash":false}
Received: {"StartTime":123467.25,"Position":322.79828,"HyperDash":false}

  323) The conversion generated differing hitobjects for object at time: 123415:
Expected: {"StartTime":123519.0,"Position":292.63266,"HyperDash":false}
Received: {"StartTime":123519.5,"Position":298.45447,"HyperDash":false}

  324) The conversion generated differing hitobjects for object at time: 123415:
Expected: {"StartTime":123571.0,"Position":276.62595,"HyperDash":false}
Received: {"StartTime":123571.75,"Position":306.36252,"HyperDash":false}

  325) The conversion generated differing hitobjects for object at time: 123415:
Expected: {"StartTime":123728.0,"Position":225.77945,"HyperDash":false}
Received: {"StartTime":123728.5,"Position":248.59515,"HyperDash":false}

  326) The conversion generated differing hitobjects for object at time: 123415:
Expected: {"StartTime":123780.0,"Position":234.62474,"HyperDash":false}
Received: {"StartTime":123780.75,"Position":221.34761,"HyperDash":false}

  327) The conversion generated differing hitobjects for object at time: 124324:
Expected: {"StartTime":124376.0,"Position":195.44382,"HyperDash":false}
Received: {"StartTime":124376.25,"Position":217.53296,"HyperDash":false}

  328) The conversion generated differing hitobjects for object at time: 124324:
Expected: {"StartTime":124428.0,"Position":216.73917,"HyperDash":false}
Received: {"StartTime":124428.5,"Position":234.91858,"HyperDash":false}

  329) The conversion generated differing hitobjects for object at time: 124324:
Expected: {"StartTime":124480.0,"Position":252.92412,"HyperDash":false}
Received: {"StartTime":124480.75,"Position":233.1907,"HyperDash":false}

  330) The conversion generated differing hitobjects for object at time: 124324:
Expected: {"StartTime":124533.0,"Position":262.27463,"HyperDash":false}
Received: {"StartTime":124533.0,"Position":255.28207,"HyperDash":false}

  331) The conversion generated differing hitobjects for object at time: 124324:
Expected: {"StartTime":124637.0,"Position":307.11884,"HyperDash":false}
Received: {"StartTime":124637.5,"Position":278.3031,"HyperDash":false}

  332) The conversion generated differing hitobjects for object at time: 124324:
Expected: {"StartTime":124689.0,"Position":304.17166,"HyperDash":false}
Received: {"StartTime":124689.75,"Position":298.44635,"HyperDash":false}

  333) The conversion generated differing hitobjects for object at time: 125006:
Expected: {"StartTime":125006.0,"Position":437.0,"HyperDash":false}
Received: {"StartTime":125006.0,"Position":460.5653,"HyperDash":false}

  334) The conversion generated differing hitobjects for object at time: 125688:
Expected: {"StartTime":125783.0,"Position":440.57895,"HyperDash":false}
Received: {"StartTime":125783.5,"Position":428.56122,"HyperDash":false}

  335) The conversion generated differing hitobjects for object at time: 126142:
Expected: {"StartTime":126194.0,"Position":472.67435,"HyperDash":false}
Received: {"StartTime":126194.25,"Position":485.58435,"HyperDash":false}

  336) The conversion generated differing hitobjects for object at time: 126142:
Expected: {"StartTime":126246.0,"Position":456.3487,"HyperDash":false}
Received: {"StartTime":126246.5,"Position":465.1687,"HyperDash":false}

  337) The conversion generated differing hitobjects for object at time: 126142:
Expected: {"StartTime":126298.0,"Position":448.02304,"HyperDash":false}
Received: {"StartTime":126298.75,"Position":453.75302,"HyperDash":false}

  338) The conversion generated differing hitobjects for object at time: 126142:
Expected: {"StartTime":126351.0,"Position":433.34497,"HyperDash":false}
Received: {"StartTime":126351.0,"Position":442.33737,"HyperDash":false}

  339) The conversion generated differing hitobjects for object at time: 126142:
Expected: {"StartTime":126403.0,"Position":411.01935,"HyperDash":false}
Received: {"StartTime":126403.25,"Position":416.9217,"HyperDash":false}

  340) The conversion generated differing hitobjects for object at time: 126142:
Expected: {"StartTime":126455.0,"Position":390.69366,"HyperDash":false}
Received: {"StartTime":126455.5,"Position":385.50604,"HyperDash":false}

  341) The conversion generated differing hitobjects for object at time: 126142:
Expected: {"StartTime":126507.0,"Position":380.36804,"HyperDash":false}
Received: {"StartTime":126507.75,"Position":387.0904,"HyperDash":false}

  342) The conversion generated differing hitobjects for object at time: 127052:
Expected: {"StartTime":127104.0,"Position":56.325653,"HyperDash":false}
Received: {"StartTime":127104.25,"Position":63.415657,"HyperDash":false}

  343) The conversion generated differing hitobjects for object at time: 127052:
Expected: {"StartTime":127156.0,"Position":67.651306,"HyperDash":false}
Received: {"StartTime":127156.5,"Position":72.831314,"HyperDash":false}

  344) The conversion generated differing hitobjects for object at time: 127052:
Expected: {"StartTime":127208.0,"Position":71.97695,"HyperDash":false}
Received: {"StartTime":127208.75,"Position":101.24697,"HyperDash":false}

  345) The conversion generated differing hitobjects for object at time: 127052:
Expected: {"StartTime":127261.0,"Position":111.655014,"HyperDash":false}
Received: {"StartTime":127261.0,"Position":87.66263,"HyperDash":false}

  346) The conversion generated differing hitobjects for object at time: 127052:
Expected: {"StartTime":127313.0,"Position":136.98067,"HyperDash":false}
Received: {"StartTime":127313.25,"Position":116.07829,"HyperDash":false}

  347) The conversion generated differing hitobjects for object at time: 127052:
Expected: {"StartTime":127365.0,"Position":146.30632,"HyperDash":false}
Received: {"StartTime":127365.5,"Position":150.49394,"HyperDash":false}

  348) The conversion generated differing hitobjects for object at time: 127052:
Expected: {"StartTime":127417.0,"Position":174.63196,"HyperDash":false}
Received: {"StartTime":127417.75,"Position":148.9096,"HyperDash":false}

  349) The conversion generated differing hitobjects for object at time: 127733:
Expected: {"StartTime":127733.0,"Position":342.0,"HyperDash":false}
Received: {"StartTime":127733.0,"Position":267.0,"HyperDash":false}

  350) The conversion generated differing hitobjects for object at time: 127961:
Expected: {"StartTime":128017.0,"Position":203.38623,"HyperDash":false}
Received: {"StartTime":128017.75,"Position":237.31215,"HyperDash":false}

  351) The conversion generated differing hitobjects for object at time: 127961:
Expected: {"StartTime":128074.0,"Position":210.36732,"HyperDash":false}
Received: {"StartTime":128074.5,"Position":223.36269,"HyperDash":false}

  352) The conversion generated differing hitobjects for object at time: 127961:
Expected: {"StartTime":128283.0,"Position":206.48413,"HyperDash":false}
Received: {"StartTime":128283.77272727272,"Position":228.47568,"HyperDash":false}

  353) The conversion generated differing hitobjects for object at time: 128642:
Expected: {"StartTime":128642.0,"Position":302.0,"HyperDash":false}
Received: {"StartTime":128642.0,"Position":308.0,"HyperDash":false}

  354) The conversion generated differing hitobjects for object at time: 128870:
Expected: {"StartTime":128870.0,"Position":314.0,"HyperDash":false}
Received: {"StartTime":128870.0,"Position":308.0,"HyperDash":false}

  355) The conversion generated differing hitobjects for object at time: 129097:
Expected: {"StartTime":129097.0,"Position":302.0,"HyperDash":false}
Received: {"StartTime":129097.0,"Position":309.0,"HyperDash":false}

  356) The conversion generated differing hitobjects for object at time: 129324:
Expected: {"StartTime":129324.0,"Position":314.0,"HyperDash":false}
Received: {"StartTime":129324.0,"Position":288.0,"HyperDash":false}

  357) The conversion generated differing hitobjects for object at time: 129779:
Expected: {"StartTime":129835.0,"Position":334.61377,"HyperDash":false}
Received: {"StartTime":129835.75,"Position":305.68787,"HyperDash":false}

  358) The conversion generated differing hitobjects for object at time: 129779:
Expected: {"StartTime":129892.0,"Position":326.6327,"HyperDash":false}
Received: {"StartTime":129892.5,"Position":320.6373,"HyperDash":false}

  359) The conversion generated differing hitobjects for object at time: 129779:
Expected: {"StartTime":129949.0,"Position":328.67914,"HyperDash":false}
Received: {"StartTime":129949.25,"Position":335.66022,"HyperDash":false}

  360) The conversion generated differing hitobjects for object at time: 129779:
Expected: {"StartTime":130101.0,"Position":331.51587,"HyperDash":false}
Received: {"StartTime":130101.77272727272,"Position":324.52432,"HyperDash":false}

  361) The conversion generated differing hitobjects for object at time: 130461:
Expected: {"StartTime":130461.0,"Position":232.0,"HyperDash":false}
Received: {"StartTime":130461.0,"Position":226.0,"HyperDash":false}

  362) The conversion generated differing hitobjects for object at time: 130688:
Expected: {"StartTime":130688.0,"Position":220.0,"HyperDash":false}
Received: {"StartTime":130688.0,"Position":206.0,"HyperDash":false}

  363) The conversion generated differing hitobjects for object at time: 130915:
Expected: {"StartTime":130915.0,"Position":232.0,"HyperDash":false}
Received: {"StartTime":130915.0,"Position":246.0,"HyperDash":false}

  364) The conversion generated differing hitobjects for object at time: 131142:
Expected: {"StartTime":131142.0,"Position":220.0,"HyperDash":false}
Received: {"StartTime":131142.0,"Position":246.0,"HyperDash":false}

  365) The conversion generated differing hitobjects for object at time: 131597:
Expected: {"StartTime":131597.0,"Position":18.0,"HyperDash":false}
Received: {"StartTime":131597.0,"Position":119.0,"HyperDash":false}

  366) The conversion generated differing hitobjects for object at time: 132052:
Expected: {"StartTime":132052.0,"Position":278.0,"HyperDash":false}
Received: {"StartTime":132052.0,"Position":177.0,"HyperDash":false}

  367) The conversion generated differing hitobjects for object at time: 132506:
Expected: {"StartTime":132506.0,"Position":326.0,"HyperDash":false}
Received: {"StartTime":132506.0,"Position":427.0,"HyperDash":false}

  368) The conversion generated differing hitobjects for object at time: 134324:
Expected: {"StartTime":134419.0,"Position":68.98176,"HyperDash":false}
Received: {"StartTime":134419.5,"Position":94.80407,"HyperDash":false}

  369) The conversion generated differing hitobjects for object at time: 134779:
Expected: {"StartTime":134779.0,"Position":113.0,"HyperDash":false}
Received: {"StartTime":134779.0,"Position":87.176704,"HyperDash":false}

  370) The conversion generated differing hitobjects for object at time: 135233:
Expected: {"StartTime":135233.0,"Position":243.0,"HyperDash":false}
Received: {"StartTime":135233.0,"Position":268.8233,"HyperDash":false}

  371) The conversion generated differing hitobjects for object at time: 135688:
Expected: {"StartTime":135688.0,"Position":251.0,"HyperDash":false}
Received: {"StartTime":135688.0,"Position":225.1767,"HyperDash":false}

  372) The conversion generated differing hitobjects for object at time: 137961:
Expected: {"StartTime":138056.0,"Position":131.39069,"HyperDash":false}
Received: {"StartTime":138056.5,"Position":167.23155,"HyperDash":false}

  373) The conversion generated differing hitobjects for object at time: 138415:
Expected: {"StartTime":138415.0,"Position":129.0,"HyperDash":false}
Received: {"StartTime":138415.0,"Position":112.59199,"HyperDash":false}

  374) The conversion generated differing hitobjects for object at time: 138870:
Expected: {"StartTime":138965.0,"Position":268.5533,"HyperDash":false}
Received: {"StartTime":138965.5,"Position":291.73007,"HyperDash":false}

  375) The conversion generated differing hitobjects for object at time: 139324:
Expected: {"StartTime":139324.0,"Position":469.0,"HyperDash":false}
Received: {"StartTime":139324.0,"Position":403.0,"HyperDash":false}

  376) The conversion generated differing hitobjects for object at time: 139779:
Expected: {"StartTime":139874.0,"Position":267.4467,"HyperDash":false}
Received: {"StartTime":139874.5,"Position":296.26993,"HyperDash":false}

  377) The conversion generated differing hitobjects for object at time: 140233:
Expected: {"StartTime":140233.0,"Position":87.0,"HyperDash":false}
Received: {"StartTime":140233.0,"Position":153.0,"HyperDash":false}

  378) The conversion generated differing hitobjects for object at time: 140688:
Expected: {"StartTime":140688.0,"Position":109.0,"HyperDash":false}
Received: {"StartTime":140688.0,"Position":43.0,"HyperDash":false}

  379) The conversion generated differing hitobjects for object at time: 140915:
Expected: {"StartTime":140915.0,"Position":241.0,"HyperDash":false}
Received: {"StartTime":140915.0,"Position":175.0,"HyperDash":false}

  380) The conversion generated differing hitobjects for object at time: 141142:
Expected: {"StartTime":141142.0,"Position":243.0,"HyperDash":false}
Received: {"StartTime":141142.0,"Position":309.0,"HyperDash":false}

  381) The conversion generated differing hitobjects for object at time: 141370:
Expected: {"StartTime":141370.0,"Position":305.0,"HyperDash":false}
Received: {"StartTime":141370.0,"Position":239.0,"HyperDash":false}

  382) The conversion generated differing hitobjects for object at time: 141597:
Expected: {"StartTime":141597.0,"Position":349.0,"HyperDash":false}
Received: {"StartTime":141597.0,"Position":327.0,"HyperDash":false}

  383) The conversion generated differing hitobjects for object at time: 141824:
Expected: {"StartTime":141824.0,"Position":449.0,"HyperDash":false}
Received: {"StartTime":141824.0,"Position":471.0,"HyperDash":false}

  384) The conversion generated differing hitobjects for object at time: 142506:
Expected: {"StartTime":142562.0,"Position":403.0,"HyperDash":false}
Received: {"StartTime":142562.75,"Position":386.0,"HyperDash":false}

  385) The conversion generated differing hitobjects for object at time: 142506:
Expected: {"StartTime":142619.0,"Position":420.0,"HyperDash":false}
Received: {"StartTime":142619.5,"Position":406.0,"HyperDash":false}

  386) The conversion generated differing hitobjects for object at time: 142506:
Expected: {"StartTime":142676.0,"Position":407.0,"HyperDash":false}
Received: {"StartTime":142676.25,"Position":398.0,"HyperDash":false}

  387) The conversion generated differing hitobjects for object at time: 142506:
Expected: {"StartTime":142828.0,"Position":411.0,"HyperDash":false}
Received: {"StartTime":142828.77272727274,"Position":400.0,"HyperDash":false}

  388) The conversion generated differing hitobjects for object at time: 143415:
Expected: {"StartTime":143471.0,"Position":242.0,"HyperDash":false}
Received: {"StartTime":143471.75,"Position":252.0,"HyperDash":false}

  389) The conversion generated differing hitobjects for object at time: 143415:
Expected: {"StartTime":143528.0,"Position":264.0,"HyperDash":false}
Received: {"StartTime":143528.5,"Position":241.0,"HyperDash":false}

  390) The conversion generated differing hitobjects for object at time: 143415:
Expected: {"StartTime":143585.0,"Position":252.0,"HyperDash":false}
Received: {"StartTime":143585.25,"Position":246.0,"HyperDash":false}

  391) The conversion generated differing hitobjects for object at time: 143415:
Expected: {"StartTime":143737.0,"Position":262.0,"HyperDash":false}
Received: {"StartTime":143737.77272727274,"Position":251.0,"HyperDash":false}

  392) The conversion generated differing hitobjects for object at time: 147733:
Expected: {"StartTime":147828.0,"Position":269.56024,"HyperDash":false}
Received: {"StartTime":147828.5,"Position":252.38387,"HyperDash":false}

  393) The conversion generated differing hitobjects for object at time: 148870:
Expected: {"StartTime":148870.0,"Position":194.0,"HyperDash":false}
Received: {"StartTime":148870.0,"Position":183.05293,"HyperDash":false}

  394) The conversion generated differing hitobjects for object at time: 149324:
Expected: {"StartTime":149380.0,"Position":61.61062,"HyperDash":false}
Received: {"StartTime":149380.75,"Position":85.4949,"HyperDash":false}

  395) The conversion generated differing hitobjects for object at time: 149324:
Expected: {"StartTime":149437.0,"Position":75.717285,"HyperDash":false}
Received: {"StartTime":149437.5,"Position":55.679787,"HyperDash":false}

  396) The conversion generated differing hitobjects for object at time: 149324:
Expected: {"StartTime":149646.0,"Position":67.47814,"HyperDash":false}
Received: {"StartTime":149646.77272727274,"Position":73.50405,"HyperDash":false}

  397) The conversion generated differing hitobjects for object at time: 150233:
Expected: {"StartTime":150289.0,"Position":137.76363,"HyperDash":false}
Received: {"StartTime":150289.75,"Position":117.95386,"HyperDash":false}

  398) The conversion generated differing hitobjects for object at time: 150233:
Expected: {"StartTime":150346.0,"Position":141.78885,"HyperDash":false}
Received: {"StartTime":150346.5,"Position":131.94382,"HyperDash":false}

  399) The conversion generated differing hitobjects for object at time: 150233:
Expected: {"StartTime":150403.0,"Position":166.25125,"HyperDash":false}
Received: {"StartTime":150403.25,"Position":185.33548,"HyperDash":false}

  400) The conversion generated differing hitobjects for object at time: 150233:
Expected: {"StartTime":150555.0,"Position":158.75543,"HyperDash":false}
Received: {"StartTime":150555.77272727274,"Position":152.58873,"HyperDash":false}

  401) The conversion generated differing hitobjects for object at time: 151142:
Expected: {"StartTime":151198.0,"Position":313.27347,"HyperDash":false}
Received: {"StartTime":151198.75,"Position":297.5263,"HyperDash":false}

  402) The conversion generated differing hitobjects for object at time: 151142:
Expected: {"StartTime":151255.0,"Position":314.89954,"HyperDash":false}
Received: {"StartTime":151255.5,"Position":307.05634,"HyperDash":false}

  403) The conversion generated differing hitobjects for object at time: 152051:
Expected: {"StartTime":152146.0,"Position":373.33017,"HyperDash":false}
Received: {"StartTime":152146.5,"Position":400.32394,"HyperDash":false}

  404) The conversion generated differing hitobjects for object at time: 152506:
Expected: {"StartTime":152506.0,"Position":256.0,"HyperDash":false}
Received: {"StartTime":152506.0,"Position":252.83154,"HyperDash":false}

  405) The conversion generated differing hitobjects for object at time: 152733:
Expected: {"StartTime":152733.0,"Position":218.0,"HyperDash":false}
Received: {"StartTime":152733.0,"Position":221.16846,"HyperDash":false}

  406) The conversion generated differing hitobjects for object at time: 152961:
Expected: {"StartTime":152961.0,"Position":100.0,"HyperDash":false}
Received: {"StartTime":152961.0,"Position":96.83154,"HyperDash":false}

  407) The conversion generated differing hitobjects for object at time: 153188:
Expected: {"StartTime":153188.0,"Position":104.0,"HyperDash":false}
Received: {"StartTime":153188.0,"Position":107.16846,"HyperDash":false}

  408) The conversion generated differing hitobjects for object at time: 153415:
Expected: {"StartTime":153415.0,"Position":60.0,"HyperDash":false}
Received: {"StartTime":153415.0,"Position":56.831543,"HyperDash":false}

  409) The conversion generated differing hitobjects for object at time: 153870:
Expected: {"StartTime":153965.0,"Position":262.29678,"HyperDash":false}
Received: {"StartTime":153965.5,"Position":257.4426,"HyperDash":false}

  410) The conversion generated differing hitobjects for object at time: 154324:
Expected: {"StartTime":154324.0,"Position":311.0,"HyperDash":false}
Received: {"StartTime":154324.0,"Position":316.84134,"HyperDash":false}

  411) The conversion generated differing hitobjects for object at time: 154779:
Expected: {"StartTime":154835.0,"Position":380.95386,"HyperDash":false}
Received: {"StartTime":154835.75,"Position":364.1378,"HyperDash":false}

  412) The conversion generated differing hitobjects for object at time: 154779:
Expected: {"StartTime":154949.0,"Position":393.8036,"HyperDash":false}
Received: {"StartTime":154949.25,"Position":416.8879,"HyperDash":false}

  413) The conversion generated differing hitobjects for object at time: 155688:
Expected: {"StartTime":155688.0,"Position":179.0,"HyperDash":false}
Received: {"StartTime":155688.0,"Position":249.0,"HyperDash":false}

  414) The conversion generated differing hitobjects for object at time: 155915:
Expected: {"StartTime":155915.0,"Position":285.0,"HyperDash":false}
Received: {"StartTime":155915.0,"Position":215.0,"HyperDash":false}

  415) The conversion generated differing hitobjects for object at time: 156142:
Expected: {"StartTime":156142.0,"Position":154.0,"HyperDash":false}
Received: {"StartTime":156142.0,"Position":93.0,"HyperDash":false}

  416) The conversion generated differing hitobjects for object at time: 156597:
Expected: {"StartTime":156597.0,"Position":26.0,"HyperDash":false}
Received: {"StartTime":156597.0,"Position":87.0,"HyperDash":false}

  417) The conversion generated differing hitobjects for object at time: 156824:
Expected: {"StartTime":156919.0,"Position":196.99512,"HyperDash":false}
Received: {"StartTime":156919.5,"Position":205.17888,"HyperDash":false}

  418) The conversion generated differing hitobjects for object at time: 157506:
Expected: {"StartTime":157601.0,"Position":339.2251,"HyperDash":false}
Received: {"StartTime":157601.5,"Position":352.40778,"HyperDash":false}

  419) The conversion generated differing hitobjects for object at time: 158870:
Expected: {"StartTime":158870.0,"Position":353.0,"HyperDash":false}
Received: {"StartTime":158870.0,"Position":390.0,"HyperDash":false}

  420) The conversion generated differing hitobjects for object at time: 160233:
Expected: {"StartTime":160328.0,"Position":225.62045,"HyperDash":false}
Received: {"StartTime":160328.5,"Position":239.50308,"HyperDash":false}

  421) The conversion generated differing hitobjects for object at time: 160688:
Expected: {"StartTime":160688.0,"Position":187.0,"HyperDash":false}
Received: {"StartTime":160688.0,"Position":182.97507,"HyperDash":false}

  422) The conversion generated differing hitobjects for object at time: 161597:
Expected: {"StartTime":161597.0,"Position":207.0,"HyperDash":false}
Received: {"StartTime":161597.0,"Position":191.01175,"HyperDash":false}

  423) The conversion generated differing hitobjects for object at time: 162051:
Expected: {"StartTime":162051.0,"Position":43.0,"HyperDash":false}
Received: {"StartTime":162051.0,"Position":58.98825,"HyperDash":false}

  424) The conversion generated differing hitobjects for object at time: 162279:
Expected: {"StartTime":162374.0,"Position":150.19606,"HyperDash":false}
Received: {"StartTime":162374.5,"Position":140.33438,"HyperDash":false}

  425) The conversion generated differing hitobjects for object at time: 162961:
Expected: {"StartTime":163056.0,"Position":148.13454,"HyperDash":false}
Received: {"StartTime":163056.5,"Position":159.96173,"HyperDash":false}

  426) The conversion generated differing hitobjects for object at time: 163415:
Expected: {"StartTime":163415.0,"Position":266.0,"HyperDash":false}
Received: {"StartTime":163415.0,"Position":254.30063,"HyperDash":false}

  427) The conversion generated differing hitobjects for object at time: 163870:
Expected: {"StartTime":163926.0,"Position":340.57642,"HyperDash":false}
Received: {"StartTime":163926.75,"Position":367.82037,"HyperDash":false}

  428) The conversion generated differing hitobjects for object at time: 163870:
Expected: {"StartTime":163983.0,"Position":358.8032,"HyperDash":false}
Received: {"StartTime":163983.5,"Position":380.97552,"HyperDash":false}

  429) The conversion generated differing hitobjects for object at time: 163870:
Expected: {"StartTime":164192.0,"Position":398.39252,"HyperDash":false}
Received: {"StartTime":164192.77272727274,"Position":385.2112,"HyperDash":false}

  430) The conversion generated differing hitobjects for object at time: 164779:
Expected: {"StartTime":164874.0,"Position":341.21634,"HyperDash":false}
Received: {"StartTime":164874.5,"Position":320.03873,"HyperDash":false}

  431) The conversion generated differing hitobjects for object at time: 165233:
Expected: {"StartTime":165233.0,"Position":164.0,"HyperDash":false}
Received: {"StartTime":165233.0,"Position":212.0,"HyperDash":false}

  432) The conversion generated differing hitobjects for object at time: 165688:
Expected: {"StartTime":165688.0,"Position":420.0,"HyperDash":false}
Received: {"StartTime":165688.0,"Position":372.0,"HyperDash":false}

  433) The conversion generated differing hitobjects for object at time: 165915:
Expected: {"StartTime":166010.0,"Position":378.42804,"HyperDash":false}
Received: {"StartTime":166010.5,"Position":361.4802,"HyperDash":false}

  434) The conversion generated differing hitobjects for object at time: 166597:
Expected: {"StartTime":166597.0,"Position":86.0,"HyperDash":false}
Received: {"StartTime":166597.0,"Position":82.88028,"HyperDash":false}

  435) The conversion generated differing hitobjects for object at time: 166824:
Expected: {"StartTime":166824.0,"Position":212.0,"HyperDash":false}
Received: {"StartTime":166824.0,"Position":215.11972,"HyperDash":false}

  436) The conversion generated differing hitobjects for object at time: 167051:
Expected: {"StartTime":167107.0,"Position":65.55724,"HyperDash":false}
Received: {"StartTime":167107.5,"Position":62.310246,"HyperDash":false}

  437) The conversion generated differing hitobjects for object at time: 167506:
Expected: {"StartTime":167506.0,"Position":244.0,"HyperDash":false}
Received: {"StartTime":167506.0,"Position":202.0,"HyperDash":false}

  438) The conversion generated differing hitobjects for object at time: 167733:
Expected: {"StartTime":167733.0,"Position":166.0,"HyperDash":false}
Received: {"StartTime":167733.0,"Position":208.0,"HyperDash":false}

  439) The conversion generated differing hitobjects for object at time: 167961:
Expected: {"StartTime":168013.0,"Position":301.95193,"HyperDash":false}
Received: {"StartTime":168013.25,"Position":306.0415,"HyperDash":false}

  440) The conversion generated differing hitobjects for object at time: 167961:
Expected: {"StartTime":168065.0,"Position":319.25146,"HyperDash":false}
Received: {"StartTime":168065.5,"Position":310.43118,"HyperDash":false}

  441) The conversion generated differing hitobjects for object at time: 167961:
Expected: {"StartTime":168117.0,"Position":329.4265,"HyperDash":false}
Received: {"StartTime":168117.75,"Position":336.69125,"HyperDash":false}

  442) The conversion generated differing hitobjects for object at time: 167961:
Expected: {"StartTime":168274.0,"Position":385.97964,"HyperDash":false}
Received: {"StartTime":168274.5,"Position":382.13205,"HyperDash":false}

  443) The conversion generated differing hitobjects for object at time: 167961:
Expected: {"StartTime":168326.0,"Position":398.91992,"HyperDash":false}
Received: {"StartTime":168326.75,"Position":381.11542,"HyperDash":false}

  444) The conversion generated differing hitobjects for object at time: 168642:
Expected: {"StartTime":168642.0,"Position":266.0,"HyperDash":false}
Received: {"StartTime":168642.0,"Position":269.44073,"HyperDash":false}

  445) The conversion generated differing hitobjects for object at time: 168870:
Expected: {"StartTime":168922.0,"Position":264.54996,"HyperDash":false}
Received: {"StartTime":168922.25,"Position":240.54752,"HyperDash":false}

  446) The conversion generated differing hitobjects for object at time: 168870:
Expected: {"StartTime":168974.0,"Position":244.61005,"HyperDash":false}
Received: {"StartTime":168974.5,"Position":261.6353,"HyperDash":false}

  447) The conversion generated differing hitobjects for object at time: 168870:
Expected: {"StartTime":169026.0,"Position":261.6293,"HyperDash":false}
Received: {"StartTime":169026.75,"Position":271.70685,"HyperDash":false}

  448) The conversion generated differing hitobjects for object at time: 168870:
Expected: {"StartTime":169079.0,"Position":278.3733,"HyperDash":false}
Received: {"StartTime":169079.0,"Position":260.3765,"HyperDash":false}

  449) The conversion generated differing hitobjects for object at time: 168870:
Expected: {"StartTime":169131.0,"Position":294.3729,"HyperDash":false}
Received: {"StartTime":169131.25,"Position":269.4264,"HyperDash":false}

  450) The conversion generated differing hitobjects for object at time: 168870:
Expected: {"StartTime":169183.0,"Position":290.6487,"HyperDash":false}
Received: {"StartTime":169183.5,"Position":279.77432,"HyperDash":false}

  451) The conversion generated differing hitobjects for object at time: 168870:
Expected: {"StartTime":169235.0,"Position":313.16843,"HyperDash":false}
Received: {"StartTime":169235.75,"Position":306.38943,"HyperDash":false}

  452) The conversion generated differing hitobjects for object at time: 169551:
Expected: {"StartTime":169551.0,"Position":391.0,"HyperDash":false}
Received: {"StartTime":169551.0,"Position":400.8985,"HyperDash":false}

  453) The conversion generated differing hitobjects for object at time: 169779:
Expected: {"StartTime":169883.0,"Position":321.41656,"HyperDash":false}
Received: {"StartTime":169883.5,"Position":315.24396,"HyperDash":false}

  454) The conversion generated differing hitobjects for object at time: 169779:
Expected: {"StartTime":169935.0,"Position":292.49277,"HyperDash":false}
Received: {"StartTime":169935.75,"Position":300.22528,"HyperDash":false}

  455) The conversion generated differing hitobjects for object at time: 169779:
Expected: {"StartTime":169988.0,"Position":257.8616,"HyperDash":false}
Received: {"StartTime":169988.0,"Position":278.85397,"HyperDash":false}

  456) The conversion generated differing hitobjects for object at time: 169779:
Expected: {"StartTime":170040.0,"Position":232.61371,"HyperDash":false}
Received: {"StartTime":170040.25,"Position":261.51712,"HyperDash":false}

  457) The conversion generated differing hitobjects for object at time: 169779:
Expected: {"StartTime":170092.0,"Position":235.74971,"HyperDash":false}
Received: {"StartTime":170092.5,"Position":251.56989,"HyperDash":false}

  458) The conversion generated differing hitobjects for object at time: 170461:
Expected: {"StartTime":170461.0,"Position":300.0,"HyperDash":false}
Received: {"StartTime":170461.0,"Position":288.52753,"HyperDash":false}

  459) The conversion generated differing hitobjects for object at time: 170688:
Expected: {"StartTime":170740.0,"Position":317.81775,"HyperDash":false}
Received: {"StartTime":170740.25,"Position":329.86172,"HyperDash":false}

  460) The conversion generated differing hitobjects for object at time: 170688:
Expected: {"StartTime":170792.0,"Position":324.80612,"HyperDash":false}
Received: {"StartTime":170792.5,"Position":349.8546,"HyperDash":false}

  461) The conversion generated differing hitobjects for object at time: 170688:
Expected: {"StartTime":170897.0,"Position":341.6977,"HyperDash":false}
Received: {"StartTime":170897.0,"Position":355.69733,"HyperDash":false}

  462) The conversion generated differing hitobjects for object at time: 170688:
Expected: {"StartTime":171001.0,"Position":340.93497,"HyperDash":false}
Received: {"StartTime":171001.5,"Position":332.86478,"HyperDash":false}

  463) The conversion generated differing hitobjects for object at time: 170688:
Expected: {"StartTime":171053.0,"Position":335.77393,"HyperDash":false}
Received: {"StartTime":171053.75,"Position":307.628,"HyperDash":false}

  464) The conversion generated differing hitobjects for object at time: 171597:
Expected: {"StartTime":171701.0,"Position":167.69563,"HyperDash":false}
Received: {"StartTime":171701.5,"Position":144.60162,"HyperDash":false}

  465) The conversion generated differing hitobjects for object at time: 171597:
Expected: {"StartTime":171753.0,"Position":168.32779,"HyperDash":false}
Received: {"StartTime":171753.75,"Position":160.245,"HyperDash":false}

  466) The conversion generated differing hitobjects for object at time: 171597:
Expected: {"StartTime":171806.0,"Position":156.99791,"HyperDash":false}
Received: {"StartTime":171806.0,"Position":141.99725,"HyperDash":false}

  467) The conversion generated differing hitobjects for object at time: 171597:
Expected: {"StartTime":171858.0,"Position":147.82634,"HyperDash":false}
Received: {"StartTime":171858.25,"Position":132.8392,"HyperDash":false}

  468) The conversion generated differing hitobjects for object at time: 171597:
Expected: {"StartTime":171910.0,"Position":166.40245,"HyperDash":false}
Received: {"StartTime":171910.5,"Position":142.4662,"HyperDash":false}

  469) The conversion generated differing hitobjects for object at time: 171597:
Expected: {"StartTime":171962.0,"Position":147.24448,"HyperDash":false}
Received: {"StartTime":171962.75,"Position":175.38953,"HyperDash":false}

  470) The conversion generated differing hitobjects for object at time: 172279:
Expected: {"StartTime":172279.0,"Position":296.0,"HyperDash":false}
Received: {"StartTime":172279.0,"Position":323.1786,"HyperDash":false}

  471) The conversion generated differing hitobjects for object at time: 172506:
Expected: {"StartTime":172506.0,"Position":366.0,"HyperDash":false}
Received: {"StartTime":172506.0,"Position":338.8214,"HyperDash":false}

  472) The conversion generated differing hitobjects for object at time: 172961:
Expected: {"StartTime":172961.0,"Position":296.0,"HyperDash":false}
Received: {"StartTime":172961.0,"Position":323.1786,"HyperDash":false}

  473) The conversion generated differing hitobjects for object at time: 173188:
Expected: {"StartTime":173188.0,"Position":272.0,"HyperDash":false}
Received: {"StartTime":173188.0,"Position":244.82141,"HyperDash":false}

  474) The conversion generated differing hitobjects for object at time: 173415:
Expected: {"StartTime":173467.0,"Position":213.8114,"HyperDash":false}
Received: {"StartTime":173467.25,"Position":199.72534,"HyperDash":false}

  475) The conversion generated differing hitobjects for object at time: 173415:
Expected: {"StartTime":173571.0,"Position":162.964,"HyperDash":false}
Received: {"StartTime":173571.75,"Position":167.69553,"HyperDash":false}

  476) The conversion generated differing hitobjects for object at time: 173415:
Expected: {"StartTime":173624.0,"Position":126.35588,"HyperDash":false}
Received: {"StartTime":173624.0,"Position":139.34828,"HyperDash":false}

  477) The conversion generated differing hitobjects for object at time: 173415:
Expected: {"StartTime":173676.0,"Position":137.03578,"HyperDash":false}
Received: {"StartTime":173676.25,"Position":115.93821,"HyperDash":false}

  478) The conversion generated differing hitobjects for object at time: 173415:
Expected: {"StartTime":173728.0,"Position":92.75827,"HyperDash":false}
Received: {"StartTime":173728.5,"Position":113.57172,"HyperDash":false}

  479) The conversion generated differing hitobjects for object at time: 173415:
Expected: {"StartTime":173780.0,"Position":98.66459,"HyperDash":false}
Received: {"StartTime":173780.75,"Position":87.39323,"HyperDash":false}

  480) The conversion generated differing hitobjects for object at time: 174097:
Expected: {"StartTime":174097.0,"Position":156.0,"HyperDash":false}
Received: {"StartTime":174097.0,"Position":151.9097,"HyperDash":false}

  481) The conversion generated differing hitobjects for object at time: 174324:
Expected: {"StartTime":174324.0,"Position":150.0,"HyperDash":false}
Received: {"StartTime":174324.0,"Position":154.0903,"HyperDash":false}

  482) The conversion generated differing hitobjects for object at time: 174438:
Expected: {"StartTime":174438.0,"Position":156.0,"HyperDash":false}
Received: {"StartTime":174438.0,"Position":151.9097,"HyperDash":false}

  483) The conversion generated differing hitobjects for object at time: 174551:
Expected: {"StartTime":174551.0,"Position":150.0,"HyperDash":false}
Received: {"StartTime":174551.0,"Position":154.0903,"HyperDash":false}


  Stack Trace:
     at osu.Game.Tests.Beatmaps.BeatmapConversionTest`2.Test(String name, Type[] mods) in /app/osu.Game/Tests/Beatmaps/BeatmapConversionTest.cs:line 50
   at osu.Game.Rulesets.Catch.Tests.CatchBeatmapConversionTest.Test(String name, Type[] mods) in /app/osu.Game.Rulesets.Catch.Tests/CatchBeatmapConversionTest.cs:line 58
   at InvokeStub_CatchBeatmapConversionTest.Test(Object, Span`1)

1)    at osu.Game.Tests.Beatmaps.BeatmapConversionTest`2.<>c__DisplayClass4_1.<Test>b__2() in /app/osu.Game/Tests/Beatmaps/BeatmapConversionTest.cs:line 98
   at NUnit.Framework.Assert.Multiple(TestDelegate testDelegate)
   at osu.Game.Tests.Beatmaps.BeatmapConversionTest`2.<>c__DisplayClass4_0.<Test>b__1() in /app/osu.Game/Tests/Beatmaps/BeatmapConversionTest.cs:line 77
   at NUnit.Framework.Assert.Multiple(TestDelegate testDelegate)
   at osu.Game.Tests.Beatmaps.BeatmapConversionTest`2.Test(String name, Type[] mods) in /app/osu.Game/Tests/Beatmaps/BeatmapConversionTest.cs:line 50
   at osu.Game.Rulesets.Catch.Tests.CatchBeatmapConversionTest.Test(String name, Type[] mods) in /app/osu.Game.Rulesets.Catch.Tests/CatchBeatmapConversionTest.cs:line 58
   at InvokeStub_CatchBeatmapConversionTest.Test(Object, Span`1)

2)    at osu.Game.Tests.Beatmaps.BeatmapConversionTest`2.<>c__DisplayClass4_1.<Test>b__2() in /app/osu.Game/Tests/Beatmaps/BeatmapConversionTest.cs:line 98
   at NUnit.Framework.Assert.Multiple(TestDelegate testDelegate)
   at osu.Game.Tests.Beatmaps.BeatmapConversionTest`2.<>c__DisplayClass4_0.<Test>b__1() in /app/osu.Game/Tests/Beatmaps/BeatmapConversionTest.cs:line 77
   at NUnit.Framework.Assert.Multiple(TestDelegate testDelegate)
   at osu.Game.Tests.Beatmaps.BeatmapConversionTest`2.Test(String name, Type[] mods) in /app/osu.Game/Tests/Beatmaps/BeatmapConversionTest.cs:line 50
   at osu.Game.Rulesets.Catch.Tests.CatchBeatmapConversionTest.Test(String name, Type[] mods) in /app/osu.Game.Rulesets.Catch.Tests/CatchBeatmapConversionTest.cs:line 58
   at InvokeStub_CatchBeatmapConversionTest.Test(Object, Span`1)

3)    at osu.Game.Tests.Beatmaps.BeatmapConversionTest`2.<>c__DisplayClass4_1.<Test>b__2() in /app/osu.Game/Tests/Beatmaps/BeatmapConversionTest.cs:line 98
   at NUnit.Framework.Assert.Multiple(TestDelegate testDelegate)
   at osu.Game.Tests.Beatmaps.BeatmapConversionTest`2.<>c__DisplayClass4_0.<Test>b__1() in /app/osu.Game/Tests/Beatmaps/BeatmapConversionTest.cs:line 77
   at NUnit.Framework.Assert.Multiple(TestDelegate testDelegate)
   at osu.Game.Tests.Beatmaps.BeatmapConversionTest`2.Test(String name, Type[] mods) in /app/osu.Game/Tests/Beatmaps/BeatmapConversionTest.cs:line 50
   at osu.Game.Rulesets.Catch.Tests.CatchBeatmapConversionTest.Test(String name, Type[] mods) in /app/osu.Game.Rulesets.Catch.Tests/CatchBeatmapConversionTest.cs:line 58
   at InvokeStub_CatchBeatmapConversionTest.Test(Object, Span`1)

4)    at osu.Game.Tests.Beatmaps.BeatmapConversionTest`2.<>c__DisplayClass4_1.<Test>b__2() in /app/osu.Game/Tests/Beatmaps/BeatmapConversionTest.cs:line 98
   at NUnit.Framework.Assert.Multiple(TestDelegate testDelegate)
   at osu.Game.Tests.Beatmaps.BeatmapConversionTest`2.<>c__DisplayClass4_0.<Test>b__1() in /app/osu.Game/Tests/Beatmaps/BeatmapConversionTest.cs:line 77
   at NUnit.Framework.Assert.Multiple(TestDelegate testDelegate)
   at osu.Game.Tests.Beatmaps.BeatmapConversionTest`2.Test(String name, Type[] mods) in /app/osu.Game/Tests/Beatmaps/BeatmapConversionTest.cs:line 50
   at osu.Game.Rulesets.Catch.Tests.CatchBeatmapConversionTest.Test(String name, Type[] mods) in /app/osu.Game.Rulesets.Catch.Tests/CatchBeatmapConversionTest.cs:line 58
   at InvokeStub_CatchBeatmapConversionTest.Test(Object, Span`1)

5)    at osu.Game.Tests.Beatmaps.BeatmapConversionTest`2.<>c__DisplayClass4_1.<Test>b__2() in /app/osu.Game/Tests/Beatmaps/BeatmapConversionTest.cs:line 98
   at NUnit.Framework.Assert.Multiple(TestDelegate testDelegate)
   at osu.Game.Tests.Beatmaps.BeatmapConversionTest`2.<>c__DisplayClass4_0.<Test>b__1() in /app/osu.Game/Tests/Beatmaps/BeatmapConversionTest.cs:line 77
   at NUnit.Framework.Assert.Multiple(TestDelegate testDelegate)
   at osu.Game.Tests.Beatmaps.BeatmapConversionTest`2.Test(String name, Type[] mods) in /app/osu.Game/Tests/Beatmaps/BeatmapConversionTest.cs:line 50
   at osu.Game.Rulesets.Catch.Tests.CatchBeatmapConversionTest.Test(String name, Type[] mods) in /app/osu.Game.Rulesets.Catch.Tests/CatchBeatmapConversionTest.cs:line 58
   at InvokeStub_CatchBeatmapConversionTest.Test(Object, Span`1)

6)    at osu.Game.Tests.Beatmaps.BeatmapConversionTest`2.<>c__DisplayClass4_1.<Test>b__2() in /app/osu.Game/Tests/Beatmaps/BeatmapConversionTest.cs:line 98
   at NUnit.Framework.Assert.Multiple(TestDelegate testDelegate)
   at osu.Game.Tests.Beatmaps.BeatmapConversionTest`2.<>c__DisplayClass4_0.<Test>b__1() in /app/osu.Game/Tests/Beatmaps/BeatmapConversionTest.cs:line 77
   at NUnit.Framework.Assert.Multiple(TestDelegate testDelegate)
   at osu.Game.Tests.Beatmaps.BeatmapConversionTest`2.Test(String name, Type[] mods) in /app/osu.Game/Tests/Beatmaps/BeatmapConversionTest.cs:line 50
   at osu.Game.Rulesets.Catch.Tests.CatchBeatmapConversionTest.Test(String name, Type[] mods) in /app/osu.Game.Rulesets.Catch.Tests/CatchBeatmapConversionTest.cs:line 58
   at InvokeStub_CatchBeatmapConversionTest.Test(Object, Span`1)

7)    at osu.Game.Tests.Beatmaps.BeatmapConversionTest`2.<>c__DisplayClass4_1.<Test>b__2() in /app/osu.Game/Tests/Beatmaps/BeatmapConversionTest.cs:line 98
   at NUnit.Framework.Assert.Multiple(TestDelegate testDelegate)
   at osu.Game.Tests.Beatmaps.BeatmapConversionTest`2.<>c__DisplayClass4_0.<Test>b__1() in /app/osu.Game/Tests/Beatmaps/BeatmapConversionTest.cs:line 77
   at NUnit.Framework.Assert.Multiple(TestDelegate testDelegate)
   at osu.Game.Tests.Beatmaps.BeatmapConversionTest`2.Test(String name, Type[] mods) in /app/osu.Game/Tests/Beatmaps/BeatmapConversionTest.cs:line 50
   at osu.Game.Rulesets.Catch.Tests.CatchBeatmapConversionTest.Test(String name, Type[] mods) in /app/osu.Game.Rulesets.Catch.Tests/CatchBeatmapConversionTest.cs:line 58
   at InvokeStub_CatchBeatmapConversionTest.Test(Object, Span`1)

8)    at osu.Game.Tests.Beatmaps.BeatmapConversionTest`2.<>c__DisplayClass4_1.<Test>b__2() in /app/osu.Game/Tests/Beatmaps/BeatmapConversionTest.cs:line 98
   at NUnit.Framework.Assert.Multiple(TestDelegate testDelegate)
   at osu.Game.Tests.Beatmaps.BeatmapConversionTest`2.<>c__DisplayClass4_0.<Test>b__1() in /app/osu.Game/Tests/Beatmaps/BeatmapConversionTest.cs:line 77
   at NUnit.Framework.Assert.Multiple(TestDelegate testDelegate)
   at osu.Game.Tests.Beatmaps.BeatmapConversionTest`2.Test(String name, Type[] mods) in /app/osu.Game/Tests/Beatmaps/BeatmapConversionTest.cs:line 50
   at osu.Game.Rulesets.Catch.Tests.CatchBeatmapConversionTest.Test(String name, Type[] mods) in /app/osu.Game.Rulesets.Catch.Tests/CatchBeatmapConversionTest.cs:line 58
   at InvokeStub_CatchBeatmapConversionTest.Test(Object, Span`1)

9)    at osu.Game.Tests.Beatmaps.BeatmapConversionTest`2.<>c__DisplayClass4_1.<Test>b__2() in /app/osu.Game/Tests/Beatmaps/BeatmapConversionTest.cs:line 98
   at NUnit.Framework.Assert.Multiple(TestDelegate testDelegate)
   at osu.Game.Tests.Beatmaps.BeatmapConversionTest`2.<>c__DisplayClass4_0.<Test>b__1() in /app/osu.Game/Tests/Beatmaps/BeatmapConversionTest.cs:line 77
   at NUnit.Framework.Assert.Multiple(TestDelegate testDelegate)
   at osu.Game.Tests.Beatmaps.BeatmapConversionTest`2.Test(String name, Type[] mods) in /app/osu.Game/Tests/Beatmaps/BeatmapConversionTest.cs:line 50
   at osu.Game.Rulesets.Catch.Tests.CatchBeatmapConversionTest.Test(String name, Type[] mods) in /app/osu.Game.Rulesets.Catch.Tests/CatchBeatmapConversionTest.cs:line 58
   at InvokeStub_CatchBeatmapConversionTest.Test(Object, Span`1)

10)    at osu.Game.Tests.Beatmaps.BeatmapConversionTest`2.<>c__DisplayClass4_1.<Test>b__2() in /app/osu.Game/Tests/Beatmaps/BeatmapConversionTest.cs:line 98
   at NUnit.Framework.Assert.Multiple(TestDelegate testDelegate)
   at osu.Game.Tests.Beatmaps.BeatmapConversionTest`2.<>c__DisplayClass4_0.<Test>b__1() in /app/osu.Game/Tests/Beatmaps/BeatmapConversionTest.cs:line 77
   at NUnit.Framework.Assert.Multiple(TestDelegate testDelegate)
   at osu.Game.Tests.Beatmaps.BeatmapConversionTest`2.Test(String name, Type[] mods) in /app/osu.Game/Tests/Beatmaps/BeatmapConversionTest.cs:line 50
   at osu.Game.Rulesets.Catch.Tests.CatchBeatmapConversionTest.Test(String name, Type[] mods) in /app/osu.Game.Rulesets.Catch.Tests/CatchBeatmapConversionTest.cs:line 58
   at InvokeStub_CatchBeatmapConversionTest.Test(Object, Span`1)

11)    at osu.Game.Tests.Beatmaps.BeatmapConversionTest`2.<>c__DisplayClass4_1.<Test>b__2() in /app/osu.Game/Tests/Beatmaps/BeatmapConversionTest.cs:line 98
   at NUnit.Framework.Assert.Multiple(TestDelegate testDelegate)
   at osu.Game.Tests.Beatmaps.BeatmapConversionTest`2.<>c__DisplayClass4_0.<Test>b__1() in /app/osu.Game/Tests/Beatmaps/BeatmapConversionTest.cs:line 77
   at NUnit.Framework.Assert.Multiple(TestDelegate testDelegate)
   at osu.Game.Tests.Beatmaps.BeatmapConversionTest`2.Test(String name, Type[] mods) in /app/osu.Game/Tests/Beatmaps/BeatmapConversionTest.cs:line 50
   at osu.Game.Rulesets.Catch.Tests.CatchBeatmapConversionTest.Test(String name, Type[] mods) in /app/osu.Game.Rulesets.Catch.Tests/CatchBeatmapConversionTest.cs:line 58
   at InvokeStub_CatchBeatmapConversionTest.Test(Object, Span`1)

12)    at osu.Game.Tests.Beatmaps.BeatmapConversionTest`2.<>c__DisplayClass4_1.<Test>b__2() in /app/osu.Game/Tests/Beatmaps/BeatmapConversionTest.cs:line 98
   at NUnit.Framework.Assert.Multiple(TestDelegate testDelegate)
   at osu.Game.Tests.Beatmaps.BeatmapConversionTest`2.<>c__DisplayClass4_0.<Test>b__1() in /app/osu.Game/Tests/Beatmaps/BeatmapConversionTest.cs:line 77
   at NUnit.Framework.Assert.Multiple(TestDelegate testDelegate)
   at osu.Game.Tests.Beatmaps.BeatmapConversionTest`2.Test(String name, Type[] mods) in /app/osu.Game/Tests/Beatmaps/BeatmapConversionTest.cs:line 50
   at osu.Game.Rulesets.Catch.Tests.CatchBeatmapConversionTest.Test(String name, Type[] mods) in /app/osu.Game.Rulesets.Catch.Tests/CatchBeatmapConversionTest.cs:line 58
   at InvokeStub_CatchBeatmapConversionTest.Test(Object, Span`1)

13)    at osu.Game.Tests.Beatmaps.BeatmapConversionTest`2.<>c__DisplayClass4_1.<Test>b__2() in /app/osu.Game/Tests/Beatmaps/BeatmapConversionTest.cs:line 98
   at NUnit.Framework.Assert.Multiple(TestDelegate testDelegate)
   at osu.Game.Tests.Beatmaps.BeatmapConversionTest`2.<>c__DisplayClass4_0.<Test>b__1() in /app/osu.Game/Tests/Beatmaps/BeatmapConversionTest.cs:line 77
   at NUnit.Framework.Assert.Multiple(TestDelegate testDelegate)
   at osu.Game.Tests.Beatmaps.BeatmapConversionTest`2.Test(String name, Type[] mods) in /app/osu.Game/Tests/Beatmaps/BeatmapConversionTest.cs:line 50
   at osu.Game.Rulesets.Catch.Tests.CatchBeatmapConversionTest.Test(String name, Type[] mods) in /app/osu.Game.Rulesets.Catch.Tests/CatchBeatmapConversionTest.cs:line 58
   at InvokeStub_CatchBeatmapConversionTest.Test(Object, Span`1)

14)    at osu.Game.Tests.Beatmaps.BeatmapConversionTest`2.<>c__DisplayClass4_1.<Test>b__2() in /app/osu.Game/Tests/Beatmaps/BeatmapConversionTest.cs:line 98
   at NUnit.Framework.Assert.Multiple(TestDelegate testDelegate)
   at osu.Game.Tests.Beatmaps.BeatmapConversionTest`2.<>c__DisplayClass4_0.<Test>b__1() in /app/osu.Game/Tests/Beatmaps/BeatmapConversionTest.cs:line 77
   at NUnit.Framework.Assert.Multiple(TestDelegate testDelegate)
   at osu.Game.Tests.Beatmaps.BeatmapConversionTest`2.Test(String name, Type[] mods) in /app/osu.Game/Tests/Beatmaps/BeatmapConversionTest.cs:line 50
   at osu.Game.Rulesets.Catch.Tests.CatchBeatmapConversionTest.Test(String name, Type[] mods) in /app/osu.Game.Rulesets.Catch.Tests/CatchBeatmapConversionTest.cs:line 58
   at InvokeStub_CatchBeatmapConversionTest.Test(Object, Span`1)

15)    at osu.Game.Tests.Beatmaps.BeatmapConversionTest`2.<>c__DisplayClass4_1.<Test>b__2() in /app/osu.Game/Tests/Beatmaps/BeatmapConversionTest.cs:line 98
   at NUnit.Framework.Assert.Multiple(TestDelegate testDelegate)
   at osu.Game.Tests.Beatmaps.BeatmapConversionTest`2.<>c__DisplayClass4_0.<Test>b__1() in /app/osu.Game/Tests/Beatmaps/BeatmapConversionTest.cs:line 77
   at NUnit.Framework.Assert.Multiple(TestDelegate testDelegate)
   at osu.Game.Tests.Beatmaps.BeatmapConversionTest`2.Test(String name, Type[] mods) in /app/osu.Game/Tests/Beatmaps/BeatmapConversionTest.cs:line 50
   at osu.Game.Rulesets.Catch.Tests.CatchBeatmapConversionTest.Test(String name, Type[] mods) in /app/osu.Game.Rulesets.Catch.Tests/CatchBeatmapConversionTest.cs:line 58
   at InvokeStub_CatchBeatmapConversionTest.Test(Object, Span`1)

16)    at osu.Game.Tests.Beatmaps.BeatmapConversionTest`2.<>c__DisplayClass4_1.<Test>b__2() in /app/osu.Game/Tests/Beatmaps/BeatmapConversionTest.cs:line 98
   at NUnit.Framework.Assert.Multiple(TestDelegate testDelegate)
   at osu.Game.Tests.Beatmaps.BeatmapConversionTest`2.<>c__DisplayClass4_0.<Test>b__1() in /app/osu.Game/Tests/Beatmaps/BeatmapConversionTest.cs:line 77
   at NUnit.Framework.Assert.Multiple(TestDelegate testDelegate)
   at osu.Game.Tests.Beatmaps.BeatmapConversionTest`2.Test(String name, Type[] mods) in /app/osu.Game/Tests/Beatmaps/BeatmapConversionTest.cs:line 50
   at osu.Game.Rulesets.Catch.Tests.CatchBeatmapConversionTest.Test(String name, Type[] mods) in /app/osu.Game.Rulesets.Catch.Tests/CatchBeatmapConversionTest.cs:line 58
   at InvokeStub_CatchBeatmapConversionTest.Test(Object, Span`1)

17)    at osu.Game.Tests.Beatmaps.BeatmapConversionTest`2.<>c__DisplayClass4_1.<Test>b__2() in /app/osu.Game/Tests/Beatmaps/BeatmapConversionTest.cs:line 98
   at NUnit.Framework.Assert.Multiple(TestDelegate testDelegate)
   at osu.Game.Tests.Beatmaps.BeatmapConversionTest`2.<>c__DisplayClass4_0.<Test>b__1() in /app/osu.Game/Tests/Beatmaps/BeatmapConversionTest.cs:line 77
   at NUnit.Framework.Assert.Multiple(TestDelegate testDelegate)
   at osu.Game.Tests.Beatmaps.BeatmapConversionTest`2.Test(String name, Type[] mods) in /app/osu.Game/Tests/Beatmaps/BeatmapConversionTest.cs:line 50
   at osu.Game.Rulesets.Catch.Tests.CatchBeatmapConversionTest.Test(String name, Type[] mods) in /app/osu.Game.Rulesets.Catch.Tests/CatchBeatmapConversionTest.cs:line 58
   at InvokeStub_CatchBeatmapConversionTest.Test(Object, Span`1)

18)    at osu.Game.Tests.Beatmaps.BeatmapConversionTest`2.<>c__DisplayClass4_1.<Test>b__2() in /app/osu.Game/Tests/Beatmaps/BeatmapConversionTest.cs:line 98
   at NUnit.Framework.Assert.Multiple(TestDelegate testDelegate)
   at osu.Game.Tests.Beatmaps.BeatmapConversionTest`2.<>c__DisplayClass4_0.<Test>b__1() in /app/osu.Game/Tests/Beatmaps/BeatmapConversionTest.cs:line 77
   at NUnit.Framework.Assert.Multiple(TestDelegate testDelegate)
   at osu.Game.Tests.Beatmaps.BeatmapConversionTest`2.Test(String name, Type[] mods) in /app/osu.Game/Tests/Beatmaps/BeatmapConversionTest.cs:line 50
   at osu.Game.Rulesets.Catch.Tests.CatchBeatmapConversionTest.Test(String name, Type[] mods) in /app/osu.Game.Rulesets.Catch.Tests/CatchBeatmapConversionTest.cs:line 58
   at InvokeStub_CatchBeatmapConversionTest.Test(Object, Span`1)

19)    at osu.Game.Tests.Beatmaps.BeatmapConversionTest`2.<>c__DisplayClass4_1.<Test>b__2() in /app/osu.Game/Tests/Beatmaps/BeatmapConversionTest.cs:line 98
   at NUnit.Framework.Assert.Multiple(TestDelegate testDelegate)
   at osu.Game.Tests.Beatmaps.BeatmapConversionTest`2.<>c__DisplayClass4_0.<Test>b__1() in /app/osu.Game/Tests/Beatmaps/BeatmapConversionTest.cs:line 77
   at NUnit.Framework.Assert.Multiple(TestDelegate testDelegate)
   at osu.Game.Tests.Beatmaps.BeatmapConversionTest`2.Test(String name, Type[] mods) in /app/osu.Game/Tests/Beatmaps/BeatmapConversionTest.cs:line 50
   at osu.Game.Rulesets.Catch.Tests.CatchBeatmapConversionTest.Test(String name, Type[] mods) in /app/osu.Game.Rulesets.Catch.Tests/CatchBeatmapConversionTest.cs:line 58
   at InvokeStub_CatchBeatmapConversionTest.Test(Object, Span`1)

20)    at osu.Game.Tests.Beatmaps.BeatmapConversionTest`2.<>c__DisplayClass4_1.<Test>b__2() in /app/osu.Game/Tests/Beatmaps/BeatmapConversionTest.cs:line 98
   at NUnit.Framework.Assert.Multiple(TestDelegate testDelegate)
   at osu.Game.Tests.Beatmaps.BeatmapConversionTest`2.<>c__DisplayClass4_0.<Test>b__1() in /app/osu.Game/Tests/Beatmaps/BeatmapConversionTest.cs:line 77
   at NUnit.Framework.Assert.Multiple(TestDelegate testDelegate)
   at osu.Game.Tests.Beatmaps.BeatmapConversionTest`2.Test(String name, Type[] mods) in /app/osu.Game/Tests/Beatmaps/BeatmapConversionTest.cs:line 50
   at osu.Game.Rulesets.Catch.Tests.CatchBeatmapConversionTest.Test(String name, Type[] mods) in /app/osu.Game.Rulesets.Catch.Tests/CatchBeatmapConversionTest.cs:line 58
   at InvokeStub_CatchBeatmapConversionTest.Test(Object, Span`1)

21)    at osu.Game.Tests.Beatmaps.BeatmapConversionTest`2.<>c__DisplayClass4_1.<Test>b__2() in /app/osu.Game/Tests/Beatmaps/BeatmapConversionTest.cs:line 98
   at NUnit.Framework.Assert.Multiple(TestDelegate testDelegate)
   at osu.Game.Tests.Beatmaps.BeatmapConversionTest`2.<>c__DisplayClass4_0.<Test>b__1() in /app/osu.Game/Tests/Beatmaps/BeatmapConversionTest.cs:line 77
   at NUnit.Framework.Assert.Multiple(TestDelegate testDelegate)
   at osu.Game.Tests.Beatmaps.BeatmapConversionTest`2.Test(String name, Type[] mods) in /app/osu.Game/Tests/Beatmaps/BeatmapConversionTest.cs:line 50
   at osu.Game.Rulesets.Catch.Tests.CatchBeatmapConversionTest.Test(String name, Type[] mods) in /app/osu.Game.Rulesets.Catch.Tests/CatchBeatmapConversionTest.cs:line 58
   at InvokeStub_CatchBeatmapConversionTest.Test(Object, Span`1)

22)    at osu.Game.Tests.Beatmaps.BeatmapConversionTest`2.<>c__DisplayClass4_1.<Test>b__2() in /app/osu.Game/Tests/Beatmaps/BeatmapConversionTest.cs:line 98
   at NUnit.Framework.Assert.Multiple(TestDelegate testDelegate)
   at osu.Game.Tests.Beatmaps.BeatmapConversionTest`2.<>c__DisplayClass4_0.<Test>b__1() in /app/osu.Game/Tests/Beatmaps/BeatmapConversionTest.cs:line 77
   at NUnit.Framework.Assert.Multiple(TestDelegate testDelegate)
   at osu.Game.Tests.Beatmaps.BeatmapConversionTest`2.Test(String name, Type[] mods) in /app/osu.Game/Tests/Beatmaps/BeatmapConversionTest.cs:line 50
   at osu.Game.Rulesets.Catch.Tests.CatchBeatmapConversionTest.Test(String name, Type[] mods) in /app/osu.Game.Rulesets.Catch.Tests/CatchBeatmapConversionTest.cs:line 58
   at InvokeStub_CatchBeatmapConversionTest.Test(Object, Span`1)

23)    at osu.Game.Tests.Beatmaps.BeatmapConversionTest`2.<>c__DisplayClass4_1.<Test>b__2() in /app/osu.Game/Tests/Beatmaps/BeatmapConversionTest.cs:line 98
   at NUnit.Framework.Assert.Multiple(TestDelegate testDelegate)
   at osu.Game.Tests.Beatmaps.BeatmapConversionTest`2.<>c__DisplayClass4_0.<Test>b__1() in /app/osu.Game/Tests/Beatmaps/BeatmapConversionTest.cs:line 77
   at NUnit.Framework.Assert.Multiple(TestDelegate testDelegate)
   at osu.Game.Tests.Beatmaps.BeatmapConversionTest`2.Test(String name, Type[] mods) in /app/osu.Game/Tests/Beatmaps/BeatmapConversionTest.cs:line 50
   at osu.Game.Rulesets.Catch.Tests.CatchBeatmapConversionTest.Test(String name, Type[] mods) in /app/osu.Game.Rulesets.Catch.Tests/CatchBeatmapConversionTest.cs:line 58
   at InvokeStub_CatchBeatmapConversionTest.Test(Object, Span`1)

24)    at osu.Game.Tests.Beatmaps.BeatmapConversionTest`2.<>c__DisplayClass4_1.<Test>b__2() in /app/osu.Game/Tests/Beatmaps/BeatmapConversionTest.cs:line 98
   at NUnit.Framework.Assert.Multiple(TestDelegate testDelegate)
   at osu.Game.Tests.Beatmaps.BeatmapConversionTest`2.<>c__DisplayClass4_0.<Test>b__1() in /app/osu.Game/Tests/Beatmaps/BeatmapConversionTest.cs:line 77
   at NUnit.Framework.Assert.Multiple(TestDelegate testDelegate)
   at osu.Game.Tests.Beatmaps.BeatmapConversionTest`2.Test(String name, Type[] mods) in /app/osu.Game/Tests/Beatmaps/BeatmapConversionTest.cs:line 50
   at osu.Game.Rulesets.Catch.Tests.CatchBeatmapConversionTest.Test(String name, Type[] mods) in /app/osu.Game.Rulesets.Catch.Tests/CatchBeatmapConversionTest.cs:line 58
   at InvokeStub_CatchBeatmapConversionTest.Test(Object, Span`1)

25)    at osu.Game.Tests.Beatmaps.BeatmapConversionTest`2.<>c__DisplayClass4_1.<Test>b__2() in /app/osu.Game/Tests/Beatmaps/BeatmapConversionTest.cs:line 98
   at NUnit.Framework.Assert.Multiple(TestDelegate testDelegate)
   at osu.Game.Tests.Beatmaps.BeatmapConversionTest`2.<>c__DisplayClass4_0.<Test>b__1() in /app/osu.Game/Tests/Beatmaps/BeatmapConversionTest.cs:line 77
   at NUnit.Framework.Assert.Multiple(TestDelegate testDelegate)
   at osu.Game.Tests.Beatmaps.BeatmapConversionTest`2.Test(String name, Type[] mods) in /app/osu.Game/Tests/Beatmaps/BeatmapConversionTest.cs:line 50
   at osu.Game.Rulesets.Catch.Tests.CatchBeatmapConversionTest.Test(String name, Type[] mods) in /app/osu.Game.Rulesets.Catch.Tests/CatchBeatmapConversionTest.cs:line 58
   at InvokeStub_CatchBeatmapConversionTest.Test(Object, Span`1)

26)    at osu.Game.Tests.Beatmaps.BeatmapConversionTest`2.<>c__DisplayClass4_1.<Test>b__2() in /app/osu.Game/Tests/Beatmaps/BeatmapConversionTest.cs:line 98
   at NUnit.Framework.Assert.Multiple(TestDelegate testDelegate)
   at osu.Game.Tests.Beatmaps.BeatmapConversionTest`2.<>c__DisplayClass4_0.<Test>b__1() in /app/osu.Game/Tests/Beatmaps/BeatmapConversionTest.cs:line 77
   at NUnit.Framework.Assert.Multiple(TestDelegate testDelegate)
   at osu.Game.Tests.Beatmaps.BeatmapConversionTest`2.Test(String name, Type[] mods) in /app/osu.Game/Tests/Beatmaps/BeatmapConversionTest.cs:line 50
   at osu.Game.Rulesets.Catch.Tests.CatchBeatmapConversionTest.Test(String name, Type[] mods) in /app/osu.Game.Rulesets.Catch.Tests/CatchBeatmapConversionTest.cs:line 58
   at InvokeStub_CatchBeatmapConversionTest.Test(Object, Span`1)

27)    at osu.Game.Tests.Beatmaps.BeatmapConversionTest`2.<>c__DisplayClass4_1.<Test>b__2() in /app/osu.Game/Tests/Beatmaps/BeatmapConversionTest.cs:line 98
   at NUnit.Framework.Assert.Multiple(TestDelegate testDelegate)
   at osu.Game.Tests.Beatmaps.BeatmapConversionTest`2.<>c__DisplayClass4_0.<Test>b__1() in /app/osu.Game/Tests/Beatmaps/BeatmapConversionTest.cs:line 77
   at NUnit.Framework.Assert.Multiple(TestDelegate testDelegate)
   at osu.Game.Tests.Beatmaps.BeatmapConversionTest`2.Test(String name, Type[] mods) in /app/osu.Game/Tests/Beatmaps/BeatmapConversionTest.cs:line 50
   at osu.Game.Rulesets.Catch.Tests.CatchBeatmapConversionTest.Test(String name, Type[] mods) in /app/osu.Game.Rulesets.Catch.Tests/CatchBeatmapConversionTest.cs:line 58
   at InvokeStub_CatchBeatmapConversionTest.Test(Object, Span`1)

28)    at osu.Game.Tests.Beatmaps.BeatmapConversionTest`2.<>c__DisplayClass4_1.<Test>b__2() in /app/osu.Game/Tests/Beatmaps/BeatmapConversionTest.cs:line 98
   at NUnit.Framework.Assert.Multiple(TestDelegate testDelegate)
   at osu.Game.Tests.Beatmaps.BeatmapConversionTest`2.<>c__DisplayClass4_0.<Test>b__1() in /app/osu.Game/Tests/Beatmaps/BeatmapConversionTest.cs:line 77
   at NUnit.Framework.Assert.Multiple(TestDelegate testDelegate)
   at osu.Game.Tests.Beatmaps.BeatmapConversionTest`2.Test(String name, Type[] mods) in /app/osu.Game/Tests/Beatmaps/BeatmapConversionTest.cs:line 50
   at osu.Game.Rulesets.Catch.Tests.CatchBeatmapConversionTest.Test(String name, Type[] mods) in /app/osu.Game.Rulesets.Catch.Tests/CatchBeatmapConversionTest.cs:line 58
   at InvokeStub_CatchBeatmapConversionTest.Test(Object, Span`1)

29)    at osu.Game.Tests.Beatmaps.BeatmapConversionTest`2.<>c__DisplayClass4_1.<Test>b__2() in /app/osu.Game/Tests/Beatmaps/BeatmapConversionTest.cs:line 98
   at NUnit.Framework.Assert.Multiple(TestDelegate testDelegate)
   at osu.Game.Tests.Beatmaps.BeatmapConversionTest`2.<>c__DisplayClass4_0.<Test>b__1() in /app/osu.Game/Tests/Beatmaps/BeatmapConversionTest.cs:line 77
   at NUnit.Framework.Assert.Multiple(TestDelegate testDelegate)
   at osu.Game.Tests.Beatmaps.BeatmapConversionTest`2.Test(String name, Type[] mods) in /app/osu.Game/Tests/Beatmaps/BeatmapConversionTest.cs:line 50
   at osu.Game.Rulesets.Catch.Tests.CatchBeatmapConversionTest.Test(String name, Type[] mods) in /app/osu.Game.Rulesets.Catch.Tests/CatchBeatmapConversionTest.cs:line 58
   at InvokeStub_CatchBeatmapConversionTest.Test(Object, Span`1)

30)    at osu.Game.Tests.Beatmaps.BeatmapConversionTest`2.<>c__DisplayClass4_1.<Test>b__2() in /app/osu.Game/Tests/Beatmaps/BeatmapConversionTest.cs:line 98
   at NUnit.Framework.Assert.Multiple(TestDelegate testDelegate)
   at osu.Game.Tests.Beatmaps.BeatmapConversionTest`2.<>c__DisplayClass4_0.<Test>b__1() in /app/osu.Game/Tests/Beatmaps/BeatmapConversionTest.cs:line 77
   at NUnit.Framework.Assert.Multiple(TestDelegate testDelegate)
   at osu.Game.Tests.Beatmaps.BeatmapConversionTest`2.Test(String name, Type[] mods) in /app/osu.Game/Tests/Beatmaps/BeatmapConversionTest.cs:line 50
   at osu.Game.Rulesets.Catch.Tests.CatchBeatmapConversionTest.Test(String name, Type[] mods) in /app/osu.Game.Rulesets.Catch.Tests/CatchBeatmapConversionTest.cs:line 58
   at InvokeStub_CatchBeatmapConversionTest.Test(Object, Span`1)

31)    at osu.Game.Tests.Beatmaps.BeatmapConversionTest`2.<>c__DisplayClass4_1.<Test>b__2() in /app/osu.Game/Tests/Beatmaps/BeatmapConversionTest.cs:line 98
   at NUnit.Framework.Assert.Multiple(TestDelegate testDelegate)
   at osu.Game.Tests.Beatmaps.BeatmapConversionTest`2.<>c__DisplayClass4_0.<Test>b__1() in /app/osu.Game/Tests/Beatmaps/BeatmapConversionTest.cs:line 77
   at NUnit.Framework.Assert.Multiple(TestDelegate testDelegate)
   at osu.Game.Tests.Beatmaps.BeatmapConversionTest`2.Test(String name, Type[] mods) in /app/osu.Game/Tests/Beatmaps/BeatmapConversionTest.cs:line 50
   at osu.Game.Rulesets.Catch.Tests.CatchBeatmapConversionTest.Test(String name, Type[] mods) in /app/osu.Game.Rulesets.Catch.Tests/CatchBeatmapConversionTest.cs:line 58
   at InvokeStub_CatchBeatmapConversionTest.Test(Object, Span`1)

32)    at osu.Game.Tests.Beatmaps.BeatmapConversionTest`2.<>c__DisplayClass4_1.<Test>b__2() in /app/osu.Game/Tests/Beatmaps/BeatmapConversionTest.cs:line 98
   at NUnit.Framework.Assert.Multiple(TestDelegate testDelegate)
   at osu.Game.Tests.Beatmaps.BeatmapConversionTest`2.<>c__DisplayClass4_0.<Test>b__1() in /app/osu.Game/Tests/Beatmaps/BeatmapConversionTest.cs:line 77
   at NUnit.Framework.Assert.Multiple(TestDelegate testDelegate)
   at osu.Game.Tests.Beatmaps.BeatmapConversionTest`2.Test(String name, Type[] mods) in /app/osu.Game/Tests/Beatmaps/BeatmapConversionTest.cs:line 50
   at osu.Game.Rulesets.Catch.Tests.CatchBeatmapConversionTest.Test(String name, Type[] mods) in /app/osu.Game.Rulesets.Catch.Tests/CatchBeatmapConversionTest.cs:line 58
   at InvokeStub_CatchBeatmapConversionTest.Test(Object, Span`1)

33)    at osu.Game.Tests.Beatmaps.BeatmapConversionTest`2.<>c__DisplayClass4_1.<Test>b__2() in /app/osu.Game/Tests/Beatmaps/BeatmapConversionTest.cs:line 98
   at NUnit.Framework.Assert.Multiple(TestDelegate testDelegate)
   at osu.Game.Tests.Beatmaps.BeatmapConversionTest`2.<>c__DisplayClass4_0.<Test>b__1() in /app/osu.Game/Tests/Beatmaps/BeatmapConversionTest.cs:line 77
   at NUnit.Framework.Assert.Multiple(TestDelegate testDelegate)
   at osu.Game.Tests.Beatmaps.BeatmapConversionTest`2.Test(String name, Type[] mods) in /app/osu.Game/Tests/Beatmaps/BeatmapConversionTest.cs:line 50
   at osu.Game.Rulesets.Catch.Tests.CatchBeatmapConversionTest.Test(String name, Type[] mods) in /app/osu.Game.Rulesets.Catch.Tests/CatchBeatmapConversionTest.cs:line 58
   at InvokeStub_CatchBeatmapConversionTest.Test(Object, Span`1)

34)    at osu.Game.Tests.Beatmaps.BeatmapConversionTest`2.<>c__DisplayClass4_1.<Test>b__2() in /app/osu.Game/Tests/Beatmaps/BeatmapConversionTest.cs:line 98
   at NUnit.Framework.Assert.Multiple(TestDelegate testDelegate)
   at osu.Game.Tests.Beatmaps.BeatmapConversionTest`2.<>c__DisplayClass4_0.<Test>b__1() in /app/osu.Game/Tests/Beatmaps/BeatmapConversionTest.cs:line 77
   at NUnit.Framework.Assert.Multiple(TestDelegate testDelegate)
   at osu.Game.Tests.Beatmaps.BeatmapConversionTest`2.Test(String name, Type[] mods) in /app/osu.Game/Tests/Beatmaps/BeatmapConversionTest.cs:line 50
   at osu.Game.Rulesets.Catch.Tests.CatchBeatmapConversionTest.Test(String name, Type[] mods) in /app/osu.Game.Rulesets.Catch.Tests/CatchBeatmapConversionTest.cs:line 58
   at InvokeStub_CatchBeatmapConversionTest.Test(Object, Span`1)

35)    at osu.Game.Tests.Beatmaps.BeatmapConversionTest`2.<>c__DisplayClass4_1.<Test>b__2() in /app/osu.Game/Tests/Beatmaps/BeatmapConversionTest.cs:line 98
   at NUnit.Framework.Assert.Multiple(TestDelegate testDelegate)
   at osu.Game.Tests.Beatmaps.BeatmapConversionTest`2.<>c__DisplayClass4_0.<Test>b__1() in /app/osu.Game/Tests/Beatmaps/BeatmapConversionTest.cs:line 77
   at NUnit.Framework.Assert.Multiple(TestDelegate testDelegate)
   at osu.Game.Tests.Beatmaps.BeatmapConversionTest`2.Test(String name, Type[] mods) in /app/osu.Game/Tests/Beatmaps/BeatmapConversionTest.cs:line 50
   at osu.Game.Rulesets.Catch.Tests.CatchBeatmapConversionTest.Test(String name, Type[] mods) in /app/osu.Game.Rulesets.Catch.Tests/CatchBeatmapConversionTest.cs:line 58
   at InvokeStub_CatchBeatmapConversionTest.Test(Object, Span`1)

36)    at osu.Game.Tests.Beatmaps.BeatmapConversionTest`2.<>c__DisplayClass4_1.<Test>b__2() in /app/osu.Game/Tests/Beatmaps/BeatmapConversionTest.cs:line 98
   at NUnit.Framework.Assert.Multiple(TestDelegate testDelegate)
   at osu.Game.Tests.Beatmaps.BeatmapConversionTest`2.<>c__DisplayClass4_0.<Test>b__1() in /app/osu.Game/Tests/Beatmaps/BeatmapConversionTest.cs:line 77
   at NUnit.Framework.Assert.Multiple(TestDelegate testDelegate)
   at osu.Game.Tests.Beatmaps.BeatmapConversionTest`2.Test(String name, Type[] mods) in /app/osu.Game/Tests/Beatmaps/BeatmapConversionTest.cs:line 50
   at osu.Game.Rulesets.Catch.Tests.CatchBeatmapConversionTest.Test(String name, Type[] mods) in /app/osu.Game.Rulesets.Catch.Tests/CatchBeatmapConversionTest.cs:line 58
   at InvokeStub_CatchBeatmapConversionTest.Test(Object, Span`1)

37)    at osu.Game.Tests.Beatmaps.BeatmapConversionTest`2.<>c__DisplayClass4_1.<Test>b__2() in /app/osu.Game/Tests/Beatmaps/BeatmapConversionTest.cs:line 98
   at NUnit.Framework.Assert.Multiple(TestDelegate testDelegate)
   at osu.Game.Tests.Beatmaps.BeatmapConversionTest`2.<>c__DisplayClass4_0.<Test>b__1() in /app/osu.Game/Tests/Beatmaps/BeatmapConversionTest.cs:line 77
   at NUnit.Framework.Assert.Multiple(TestDelegate testDelegate)
   at osu.Game.Tests.Beatmaps.BeatmapConversionTest`2.Test(String name, Type[] mods) in /app/osu.Game/Tests/Beatmaps/BeatmapConversionTest.cs:line 50
   at osu.Game.Rulesets.Catch.Tests.CatchBeatmapConversionTest.Test(String name, Type[] mods) in /app/osu.Game.Rulesets.Catch.Tests/CatchBeatmapConversionTest.cs:line 58
   at InvokeStub_CatchBeatmapConversionTest.Test(Object, Span`1)

38)    at osu.Game.Tests.Beatmaps.BeatmapConversionTest`2.<>c__DisplayClass4_1.<Test>b__2() in /app/osu.Game/Tests/Beatmaps/BeatmapConversionTest.cs:line 98
   at NUnit.Framework.Assert.Multiple(TestDelegate testDelegate)
   at osu.Game.Tests.Beatmaps.BeatmapConversionTest`2.<>c__DisplayClass4_0.<Test>b__1() in /app/osu.Game/Tests/Beatmaps/BeatmapConversionTest.cs:line 77
   at NUnit.Framework.Assert.Multiple(TestDelegate testDelegate)
   at osu.Game.Tests.Beatmaps.BeatmapConversionTest`2.Test(String name, Type[] mods) in /app/osu.Game/Tests/Beatmaps/BeatmapConversionTest.cs:line 50
   at osu.Game.Rulesets.Catch.Tests.CatchBeatmapConversionTest.Test(String name, Type[] mods) in /app/osu.Game.Rulesets.Catch.Tests/CatchBeatmapConversionTest.cs:line 58
   at InvokeStub_CatchBeatmapConversionTest.Test(Object, Span`1)

39)    at osu.Game.Tests.Beatmaps.BeatmapConversionTest`2.<>c__DisplayClass4_1.<Test>b__2() in /app/osu.Game/Tests/Beatmaps/BeatmapConversionTest.cs:line 98
   at NUnit.Framework.Assert.Multiple(TestDelegate testDelegate)
   at osu.Game.Tests.Beatmaps.BeatmapConversionTest`2.<>c__DisplayClass4_0.<Test>b__1() in /app/osu.Game/Tests/Beatmaps/BeatmapConversionTest.cs:line 77
   at NUnit.Framework.Assert.Multiple(TestDelegate testDelegate)
   at osu.Game.Tests.Beatmaps.BeatmapConversionTest`2.Test(String name, Type[] mods) in /app/osu.Game/Tests/Beatmaps/BeatmapConversionTest.cs:line 50
   at osu.Game.Rulesets.Catch.Tests.CatchBeatmapConversionTest.Test(String name, Type[] mods) in /app/osu.Game.Rulesets.Catch.Tests/CatchBeatmapConversionTest.cs:line 58
   at InvokeStub_CatchBeatmapConversionTest.Test(Object, Span`1)

40)    at osu.Game.Tests.Beatmaps.BeatmapConversionTest`2.<>c__DisplayClass4_1.<Test>b__2() in /app/osu.Game/Tests/Beatmaps/BeatmapConversionTest.cs:line 98
   at NUnit.Framework.Assert.Multiple(TestDelegate testDelegate)
   at osu.Game.Tests.Beatmaps.BeatmapConversionTest`2.<>c__DisplayClass4_0.<Test>b__1() in /app/osu.Game/Tests/Beatmaps/BeatmapConversionTest.cs:line 77
   at NUnit.Framework.Assert.Multiple(TestDelegate testDelegate)
   at osu.Game.Tests.Beatmaps.BeatmapConversionTest`2.Test(String name, Type[] mods) in /app/osu.Game/Tests/Beatmaps/BeatmapConversionTest.cs:line 50
   at osu.Game.Rulesets.Catch.Tests.CatchBeatmapConversionTest.Test(String name, Type[] mods) in /app/osu.Game.Rulesets.Catch.Tests/CatchBeatmapConversionTest.cs:line 58
   at InvokeStub_CatchBeatmapConversionTest.Test(Object, Span`1)

41)    at osu.Game.Tests.Beatmaps.BeatmapConversionTest`2.<>c__DisplayClass4_1.<Test>b__2() in /app/osu.Game/Tests/Beatmaps/BeatmapConversionTest.cs:line 98
   at NUnit.Framework.Assert.Multiple(TestDelegate testDelegate)
   at osu.Game.Tests.Beatmaps.BeatmapConversionTest`2.<>c__DisplayClass4_0.<Test>b__1() in /app/osu.Game/Tests/Beatmaps/BeatmapConversionTest.cs:line 77
   at NUnit.Framework.Assert.Multiple(TestDelegate testDelegate)
   at osu.Game.Tests.Beatmaps.BeatmapConversionTest`2.Test(String name, Type[] mods) in /app/osu.Game/Tests/Beatmaps/BeatmapConversionTest.cs:line 50
   at osu.Game.Rulesets.Catch.Tests.CatchBeatmapConversionTest.Test(String name, Type[] mods) in /app/osu.Game.Rulesets.Catch.Tests/CatchBeatmapConversionTest.cs:line 58
   at InvokeStub_CatchBeatmapConversionTest.Test(Object, Span`1)

42)    at osu.Game.Tests.Beatmaps.BeatmapConversionTest`2.<>c__DisplayClass4_1.<Test>b__2() in /app/osu.Game/Tests/Beatmaps/BeatmapConversionTest.cs:line 98
   at NUnit.Framework.Assert.Multiple(TestDelegate testDelegate)
   at osu.Game.Tests.Beatmaps.BeatmapConversionTest`2.<>c__DisplayClass4_0.<Test>b__1() in /app/osu.Game/Tests/Beatmaps/BeatmapConversionTest.cs:line 77
   at NUnit.Framework.Assert.Multiple(TestDelegate testDelegate)
   at osu.Game.Tests.Beatmaps.BeatmapConversionTest`2.Test(String name, Type[] mods) in /app/osu.Game/Tests/Beatmaps/BeatmapConversionTest.cs:line 50
   at osu.Game.Rulesets.Catch.Tests.CatchBeatmapConversionTest.Test(String name, Type[] mods) in /app/osu.Game.Rulesets.Catch.Tests/CatchBeatmapConversionTest.cs:line 58
   at InvokeStub_CatchBeatmapConversionTest.Test(Object, Span`1)

43)    at osu.Game.Tests.Beatmaps.BeatmapConversionTest`2.<>c__DisplayClass4_1.<Test>b__2() in /app/osu.Game/Tests/Beatmaps/BeatmapConversionTest.cs:line 98
   at NUnit.Framework.Assert.Multiple(TestDelegate testDelegate)
   at osu.Game.Tests.Beatmaps.BeatmapConversionTest`2.<>c__DisplayClass4_0.<Test>b__1() in /app/osu.Game/Tests/Beatmaps/BeatmapConversionTest.cs:line 77
   at NUnit.Framework.Assert.Multiple(TestDelegate testDelegate)
   at osu.Game.Tests.Beatmaps.BeatmapConversionTest`2.Test(String name, Type[] mods) in /app/osu.Game/Tests/Beatmaps/BeatmapConversionTest.cs:line 50
   at osu.Game.Rulesets.Catch.Tests.CatchBeatmapConversionTest.Test(String name, Type[] mods) in /app/osu.Game.Rulesets.Catch.Tests/CatchBeatmapConversionTest.cs:line 58
   at InvokeStub_CatchBeatmapConversionTest.Test(Object, Span`1)

44)    at osu.Game.Tests.Beatmaps.BeatmapConversionTest`2.<>c__DisplayClass4_1.<Test>b__2() in /app/osu.Game/Tests/Beatmaps/BeatmapConversionTest.cs:line 98
   at NUnit.Framework.Assert.Multiple(TestDelegate testDelegate)
   at osu.Game.Tests.Beatmaps.BeatmapConversionTest`2.<>c__DisplayClass4_0.<Test>b__1() in /app/osu.Game/Tests/Beatmaps/BeatmapConversionTest.cs:line 77
   at NUnit.Framework.Assert.Multiple(TestDelegate testDelegate)
   at osu.Game.Tests.Beatmaps.BeatmapConversionTest`2.Test(String name, Type[] mods) in /app/osu.Game/Tests/Beatmaps/BeatmapConversionTest.cs:line 50
   at osu.Game.Rulesets.Catch.Tests.CatchBeatmapConversionTest.Test(String name, Type[] mods) in /app/osu.Game.Rulesets.Catch.Tests/CatchBeatmapConversionTest.cs:line 58
   at InvokeStub_CatchBeatmapConversionTest.Test(Object, Span`1)

45)    at osu.Game.Tests.Beatmaps.BeatmapConversionTest`2.<>c__DisplayClass4_1.<Test>b__2() in /app/osu.Game/Tests/Beatmaps/BeatmapConversionTest.cs:line 98
   at NUnit.Framework.Assert.Multiple(TestDelegate testDelegate)
   at osu.Game.Tests.Beatmaps.BeatmapConversionTest`2.<>c__DisplayClass4_0.<Test>b__1() in /app/osu.Game/Tests/Beatmaps/BeatmapConversionTest.cs:line 77
   at NUnit.Framework.Assert.Multiple(TestDelegate testDelegate)
   at osu.Game.Tests.Beatmaps.BeatmapConversionTest`2.Test(String name, Type[] mods) in /app/osu.Game/Tests/Beatmaps/BeatmapConversionTest.cs:line 50
   at osu.Game.Rulesets.Catch.Tests.CatchBeatmapConversionTest.Test(String name, Type[] mods) in /app/osu.Game.Rulesets.Catch.Tests/CatchBeatmapConversionTest.cs:line 58
   at InvokeStub_CatchBeatmapConversionTest.Test(Object, Span`1)

46)    at osu.Game.Tests.Beatmaps.BeatmapConversionTest`2.<>c__DisplayClass4_1.<Test>b__2() in /app/osu.Game/Tests/Beatmaps/BeatmapConversionTest.cs:line 98
   at NUnit.Framework.Assert.Multiple(TestDelegate testDelegate)
   at osu.Game.Tests.Beatmaps.BeatmapConversionTest`2.<>c__DisplayClass4_0.<Test>b__1() in /app/osu.Game/Tests/Beatmaps/BeatmapConversionTest.cs:line 77
   at NUnit.Framework.Assert.Multiple(TestDelegate testDelegate)
   at osu.Game.Tests.Beatmaps.BeatmapConversionTest`2.Test(String name, Type[] mods) in /app/osu.Game/Tests/Beatmaps/BeatmapConversionTest.cs:line 50
   at osu.Game.Rulesets.Catch.Tests.CatchBeatmapConversionTest.Test(String name, Type[] mods) in /app/osu.Game.Rulesets.Catch.Tests/CatchBeatmapConversionTest.cs:line 58
   at InvokeStub_CatchBeatmapConversionTest.Test(Object, Span`1)

47)    at osu.Game.Tests.Beatmaps.BeatmapConversionTest`2.<>c__DisplayClass4_1.<Test>b__2() in /app/osu.Game/Tests/Beatmaps/BeatmapConversionTest.cs:line 98
   at NUnit.Framework.Assert.Multiple(TestDelegate testDelegate)
   at osu.Game.Tests.Beatmaps.BeatmapConversionTest`2.<>c__DisplayClass4_0.<Test>b__1() in /app/osu.Game/Tests/Beatmaps/BeatmapConversionTest.cs:line 77
   at NUnit.Framework.Assert.Multiple(TestDelegate testDelegate)
   at osu.Game.Tests.Beatmaps.BeatmapConversionTest`2.Test(String name, Type[] mods) in /app/osu.Game/Tests/Beatmaps/BeatmapConversionTest.cs:line 50
   at osu.Game.Rulesets.Catch.Tests.CatchBeatmapConversionTest.Test(String name, Type[] mods) in /app/osu.Game.Rulesets.Catch.Tests/CatchBeatmapConversionTest.cs:line 58
   at InvokeStub_CatchBeatmapConversionTest.Test(Object, Span`1)

48)    at osu.Game.Tests.Beatmaps.BeatmapConversionTest`2.<>c__DisplayClass4_1.<Test>b__2() in /app/osu.Game/Tests/Beatmaps/BeatmapConversionTest.cs:line 98
   at NUnit.Framework.Assert.Multiple(TestDelegate testDelegate)
   at osu.Game.Tests.Beatmaps.BeatmapConversionTest`2.<>c__DisplayClass4_0.<Test>b__1() in /app/osu.Game/Tests/Beatmaps/BeatmapConversionTest.cs:line 77
   at NUnit.Framework.Assert.Multiple(TestDelegate testDelegate)
   at osu.Game.Tests.Beatmaps.BeatmapConversionTest`2.Test(String name, Type[] mods) in /app/osu.Game/Tests/Beatmaps/BeatmapConversionTest.cs:line 50
   at osu.Game.Rulesets.Catch.Tests.CatchBeatmapConversionTest.Test(String name, Type[] mods) in /app/osu.Game.Rulesets.Catch.Tests/CatchBeatmapConversionTest.cs:line 58
   at InvokeStub_CatchBeatmapConversionTest.Test(Object, Span`1)

49)    at osu.Game.Tests.Beatmaps.BeatmapConversionTest`2.<>c__DisplayClass4_1.<Test>b__2() in /app/osu.Game/Tests/Beatmaps/BeatmapConversionTest.cs:line 98
   at NUnit.Framework.Assert.Multiple(TestDelegate testDelegate)
   at osu.Game.Tests.Beatmaps.BeatmapConversionTest`2.<>c__DisplayClass4_0.<Test>b__1() in /app/osu.Game/Tests/Beatmaps/BeatmapConversionTest.cs:line 77
   at NUnit.Framework.Assert.Multiple(TestDelegate testDelegate)
   at osu.Game.Tests.Beatmaps.BeatmapConversionTest`2.Test(String name, Type[] mods) in /app/osu.Game/Tests/Beatmaps/BeatmapConversionTest.cs:line 50
   at osu.Game.Rulesets.Catch.Tests.CatchBeatmapConversionTest.Test(String name, Type[] mods) in /app/osu.Game.Rulesets.Catch.Tests/CatchBeatmapConversionTest.cs:line 58
   at InvokeStub_CatchBeatmapConversionTest.Test(Object, Span`1)

50)    at osu.Game.Tests.Beatmaps.BeatmapConversionTest`2.<>c__DisplayClass4_1.<Test>b__2() in /app/osu.Game/Tests/Beatmaps/BeatmapConversionTest.cs:line 98
   at NUnit.Framework.Assert.Multiple(TestDelegate testDelegate)
   at osu.Game.Tests.Beatmaps.BeatmapConversionTest`2.<>c__DisplayClass4_0.<Test>b__1() in /app/osu.Game/Tests/Beatmaps/BeatmapConversionTest.cs:line 77
   at NUnit.Framework.Assert.Multiple(TestDelegate testDelegate)
   at osu.Game.Tests.Beatmaps.BeatmapConversionTest`2.Test(String name, Type[] mods) in /app/osu.Game/Tests/Beatmaps/BeatmapConversionTest.cs:line 50
   at osu.Game.Rulesets.Catch.Tests.CatchBeatmapConversionTest.Test(String name, Type[] mods) in /app/osu.Game.Rulesets.Catch.Tests/CatchBeatmapConversionTest.cs:line 58
   at InvokeStub_CatchBeatmapConversionTest.Test(Object, Span`1)

51)    at osu.Game.Tests.Beatmaps.BeatmapConversionTest`2.<>c__DisplayClass4_1.<Test>b__2() in /app/osu.Game/Tests/Beatmaps/BeatmapConversionTest.cs:line 98
   at NUnit.Framework.Assert.Multiple(TestDelegate testDelegate)
   at osu.Game.Tests.Beatmaps.BeatmapConversionTest`2.<>c__DisplayClass4_0.<Test>b__1() in /app/osu.Game/Tests/Beatmaps/BeatmapConversionTest.cs:line 77
   at NUnit.Framework.Assert.Multiple(TestDelegate testDelegate)
   at osu.Game.Tests.Beatmaps.BeatmapConversionTest`2.Test(String name, Type[] mods) in /app/osu.Game/Tests/Beatmaps/BeatmapConversionTest.cs:line 50
   at osu.Game.Rulesets.Catch.Tests.CatchBeatmapConversionTest.Test(String name, Type[] mods) in /app/osu.Game.Rulesets.Catch.Tests/CatchBeatmapConversionTest.cs:line 58
   at InvokeStub_CatchBeatmapConversionTest.Test(Object, Span`1)

52)    at osu.Game.Tests.Beatmaps.BeatmapConversionTest`2.<>c__DisplayClass4_1.<Test>b__2() in /app/osu.Game/Tests/Beatmaps/BeatmapConversionTest.cs:line 98
   at NUnit.Framework.Assert.Multiple(TestDelegate testDelegate)
   at osu.Game.Tests.Beatmaps.BeatmapConversionTest`2.<>c__DisplayClass4_0.<Test>b__1() in /app/osu.Game/Tests/Beatmaps/BeatmapConversionTest.cs:line 77
   at NUnit.Framework.Assert.Multiple(TestDelegate testDelegate)
   at osu.Game.Tests.Beatmaps.BeatmapConversionTest`2.Test(String name, Type[] mods) in /app/osu.Game/Tests/Beatmaps/BeatmapConversionTest.cs:line 50
   at osu.Game.Rulesets.Catch.Tests.CatchBeatmapConversionTest.Test(String name, Type[] mods) in /app/osu.Game.Rulesets.Catch.Tests/CatchBeatmapConversionTest.cs:line 58
   at InvokeStub_CatchBeatmapConversionTest.Test(Object, Span`1)

53)    at osu.Game.Tests.Beatmaps.BeatmapConversionTest`2.<>c__DisplayClass4_1.<Test>b__2() in /app/osu.Game/Tests/Beatmaps/BeatmapConversionTest.cs:line 98
   at NUnit.Framework.Assert.Multiple(TestDelegate testDelegate)
   at osu.Game.Tests.Beatmaps.BeatmapConversionTest`2.<>c__DisplayClass4_0.<Test>b__1() in /app/osu.Game/Tests/Beatmaps/BeatmapConversionTest.cs:line 77
   at NUnit.Framework.Assert.Multiple(TestDelegate testDelegate)
   at osu.Game.Tests.Beatmaps.BeatmapConversionTest`2.Test(String name, Type[] mods) in /app/osu.Game/Tests/Beatmaps/BeatmapConversionTest.cs:line 50
   at osu.Game.Rulesets.Catch.Tests.CatchBeatmapConversionTest.Test(String name, Type[] mods) in /app/osu.Game.Rulesets.Catch.Tests/CatchBeatmapConversionTest.cs:line 58
   at InvokeStub_CatchBeatmapConversionTest.Test(Object, Span`1)

54)    at osu.Game.Tests.Beatmaps.BeatmapConversionTest`2.<>c__DisplayClass4_1.<Test>b__2() in /app/osu.Game/Tests/Beatmaps/BeatmapConversionTest.cs:line 98
   at NUnit.Framework.Assert.Multiple(TestDelegate testDelegate)
   at osu.Game.Tests.Beatmaps.BeatmapConversionTest`2.<>c__DisplayClass4_0.<Test>b__1() in /app/osu.Game/Tests/Beatmaps/BeatmapConversionTest.cs:line 77
   at NUnit.Framework.Assert.Multiple(TestDelegate testDelegate)
   at osu.Game.Tests.Beatmaps.BeatmapConversionTest`2.Test(String name, Type[] mods) in /app/osu.Game/Tests/Beatmaps/BeatmapConversionTest.cs:line 50
   at osu.Game.Rulesets.Catch.Tests.CatchBeatmapConversionTest.Test(String name, Type[] mods) in /app/osu.Game.Rulesets.Catch.Tests/CatchBeatmapConversionTest.cs:line 58
   at InvokeStub_CatchBeatmapConversionTest.Test(Object, Span`1)

55)    at osu.Game.Tests.Beatmaps.BeatmapConversionTest`2.<>c__DisplayClass4_1.<Test>b__2() in /app/osu.Game/Tests/Beatmaps/BeatmapConversionTest.cs:line 98
   at NUnit.Framework.Assert.Multiple(TestDelegate testDelegate)
   at osu.Game.Tests.Beatmaps.BeatmapConversionTest`2.<>c__DisplayClass4_0.<Test>b__1() in /app/osu.Game/Tests/Beatmaps/BeatmapConversionTest.cs:line 77
   at NUnit.Framework.Assert.Multiple(TestDelegate testDelegate)
   at osu.Game.Tests.Beatmaps.BeatmapConversionTest`2.Test(String name, Type[] mods) in /app/osu.Game/Tests/Beatmaps/BeatmapConversionTest.cs:line 50
   at osu.Game.Rulesets.Catch.Tests.CatchBeatmapConversionTest.Test(String name, Type[] mods) in /app/osu.Game.Rulesets.Catch.Tests/CatchBeatmapConversionTest.cs:line 58
   at InvokeStub_CatchBeatmapConversionTest.Test(Object, Span`1)

56)    at osu.Game.Tests.Beatmaps.BeatmapConversionTest`2.<>c__DisplayClass4_1.<Test>b__2() in /app/osu.Game/Tests/Beatmaps/BeatmapConversionTest.cs:line 98
   at NUnit.Framework.Assert.Multiple(TestDelegate testDelegate)
   at osu.Game.Tests.Beatmaps.BeatmapConversionTest`2.<>c__DisplayClass4_0.<Test>b__1() in /app/osu.Game/Tests/Beatmaps/BeatmapConversionTest.cs:line 77
   at NUnit.Framework.Assert.Multiple(TestDelegate testDelegate)
   at osu.Game.Tests.Beatmaps.BeatmapConversionTest`2.Test(String name, Type[] mods) in /app/osu.Game/Tests/Beatmaps/BeatmapConversionTest.cs:line 50
   at osu.Game.Rulesets.Catch.Tests.CatchBeatmapConversionTest.Test(String name, Type[] mods) in /app/osu.Game.Rulesets.Catch.Tests/CatchBeatmapConversionTest.cs:line 58
   at InvokeStub_CatchBeatmapConversionTest.Test(Object, Span`1)

57)    at osu.Game.Tests.Beatmaps.BeatmapConversionTest`2.<>c__DisplayClass4_1.<Test>b__2() in /app/osu.Game/Tests/Beatmaps/BeatmapConversionTest.cs:line 98
   at NUnit.Framework.Assert.Multiple(TestDelegate testDelegate)
   at osu.Game.Tests.Beatmaps.BeatmapConversionTest`2.<>c__DisplayClass4_0.<Test>b__1() in /app/osu.Game/Tests/Beatmaps/BeatmapConversionTest.cs:line 77
   at NUnit.Framework.Assert.Multiple(TestDelegate testDelegate)
   at osu.Game.Tests.Beatmaps.BeatmapConversionTest`2.Test(String name, Type[] mods) in /app/osu.Game/Tests/Beatmaps/BeatmapConversionTest.cs:line 50
   at osu.Game.Rulesets.Catch.Tests.CatchBeatmapConversionTest.Test(String name, Type[] mods) in /app/osu.Game.Rulesets.Catch.Tests/CatchBeatmapConversionTest.cs:line 58
   at InvokeStub_CatchBeatmapConversionTest.Test(Object, Span`1)

58)    at osu.Game.Tests.Beatmaps.BeatmapConversionTest`2.<>c__DisplayClass4_1.<Test>b__2() in /app/osu.Game/Tests/Beatmaps/BeatmapConversionTest.cs:line 98
   at NUnit.Framework.Assert.Multiple(TestDelegate testDelegate)
   at osu.Game.Tests.Beatmaps.BeatmapConversionTest`2.<>c__DisplayClass4_0.<Test>b__1() in /app/osu.Game/Tests/Beatmaps/BeatmapConversionTest.cs:line 77
   at NUnit.Framework.Assert.Multiple(TestDelegate testDelegate)
   at osu.Game.Tests.Beatmaps.BeatmapConversionTest`2.Test(String name, Type[] mods) in /app/osu.Game/Tests/Beatmaps/BeatmapConversionTest.cs:line 50
   at osu.Game.Rulesets.Catch.Tests.CatchBeatmapConversionTest.Test(String name, Type[] mods) in /app/osu.Game.Rulesets.Catch.Tests/CatchBeatmapConversionTest.cs:line 58
   at InvokeStub_CatchBeatmapConversionTest.Test(Object, Span`1)

59)    at osu.Game.Tests.Beatmaps.BeatmapConversionTest`2.<>c__DisplayClass4_1.<Test>b__2() in /app/osu.Game/Tests/Beatmaps/BeatmapConversionTest.cs:line 98
   at NUnit.Framework.Assert.Multiple(TestDelegate testDelegate)
   at osu.Game.Tests.Beatmaps.BeatmapConversionTest`2.<>c__DisplayClass4_0.<Test>b__1() in /app/osu.Game/Tests/Beatmaps/BeatmapConversionTest.cs:line 77
   at NUnit.Framework.Assert.Multiple(TestDelegate testDelegate)
   at osu.Game.Tests.Beatmaps.BeatmapConversionTest`2.Test(String name, Type[] mods) in /app/osu.Game/Tests/Beatmaps/BeatmapConversionTest.cs:line 50
   at osu.Game.Rulesets.Catch.Tests.CatchBeatmapConversionTest.Test(String name, Type[] mods) in /app/osu.Game.Rulesets.Catch.Tests/CatchBeatmapConversionTest.cs:line 58
   at InvokeStub_CatchBeatmapConversionTest.Test(Object, Span`1)

60)    at osu.Game.Tests.Beatmaps.BeatmapConversionTest`2.<>c__DisplayClass4_1.<Test>b__2() in /app/osu.Game/Tests/Beatmaps/BeatmapConversionTest.cs:line 98
   at NUnit.Framework.Assert.Multiple(TestDelegate testDelegate)
   at osu.Game.Tests.Beatmaps.BeatmapConversionTest`2.<>c__DisplayClass4_0.<Test>b__1() in /app/osu.Game/Tests/Beatmaps/BeatmapConversionTest.cs:line 77
   at NUnit.Framework.Assert.Multiple(TestDelegate testDelegate)
   at osu.Game.Tests.Beatmaps.BeatmapConversionTest`2.Test(String name, Type[] mods) in /app/osu.Game/Tests/Beatmaps/BeatmapConversionTest.cs:line 50
   at osu.Game.Rulesets.Catch.Tests.CatchBeatmapConversionTest.Test(String name, Type[] mods) in /app/osu.Game.Rulesets.Catch.Tests/CatchBeatmapConversionTest.cs:line 58
   at InvokeStub_CatchBeatmapConversionTest.Test(Object, Span`1)

61)    at osu.Game.Tests.Beatmaps.BeatmapConversionTest`2.<>c__DisplayClass4_1.<Test>b__2() in /app/osu.Game/Tests/Beatmaps/BeatmapConversionTest.cs:line 98
   at NUnit.Framework.Assert.Multiple(TestDelegate testDelegate)
   at osu.Game.Tests.Beatmaps.BeatmapConversionTest`2.<>c__DisplayClass4_0.<Test>b__1() in /app/osu.Game/Tests/Beatmaps/BeatmapConversionTest.cs:line 77
   at NUnit.Framework.Assert.Multiple(TestDelegate testDelegate)
   at osu.Game.Tests.Beatmaps.BeatmapConversionTest`2.Test(String name, Type[] mods) in /app/osu.Game/Tests/Beatmaps/BeatmapConversionTest.cs:line 50
   at osu.Game.Rulesets.Catch.Tests.CatchBeatmapConversionTest.Test(String name, Type[] mods) in /app/osu.Game.Rulesets.Catch.Tests/CatchBeatmapConversionTest.cs:line 58
   at InvokeStub_CatchBeatmapConversionTest.Test(Object, Span`1)

62)    at osu.Game.Tests.Beatmaps.BeatmapConversionTest`2.<>c__DisplayClass4_1.<Test>b__2() in /app/osu.Game/Tests/Beatmaps/BeatmapConversionTest.cs:line 98
   at NUnit.Framework.Assert.Multiple(TestDelegate testDelegate)
   at osu.Game.Tests.Beatmaps.BeatmapConversionTest`2.<>c__DisplayClass4_0.<Test>b__1() in /app/osu.Game/Tests/Beatmaps/BeatmapConversionTest.cs:line 77
   at NUnit.Framework.Assert.Multiple(TestDelegate testDelegate)
   at osu.Game.Tests.Beatmaps.BeatmapConversionTest`2.Test(String name, Type[] mods) in /app/osu.Game/Tests/Beatmaps/BeatmapConversionTest.cs:line 50
   at osu.Game.Rulesets.Catch.Tests.CatchBeatmapConversionTest.Test(String name, Type[] mods) in /app/osu.Game.Rulesets.Catch.Tests/CatchBeatmapConversionTest.cs:line 58
   at InvokeStub_CatchBeatmapConversionTest.Test(Object, Span`1)

63)    at osu.Game.Tests.Beatmaps.BeatmapConversionTest`2.<>c__DisplayClass4_1.<Test>b__2() in /app/osu.Game/Tests/Beatmaps/BeatmapConversionTest.cs:line 98
   at NUnit.Framework.Assert.Multiple(TestDelegate testDelegate)
   at osu.Game.Tests.Beatmaps.BeatmapConversionTest`2.<>c__DisplayClass4_0.<Test>b__1() in /app/osu.Game/Tests/Beatmaps/BeatmapConversionTest.cs:line 77
   at NUnit.Framework.Assert.Multiple(TestDelegate testDelegate)
   at osu.Game.Tests.Beatmaps.BeatmapConversionTest`2.Test(String name, Type[] mods) in /app/osu.Game/Tests/Beatmaps/BeatmapConversionTest.cs:line 50
   at osu.Game.Rulesets.Catch.Tests.CatchBeatmapConversionTest.Test(String name, Type[] mods) in /app/osu.Game.Rulesets.Catch.Tests/CatchBeatmapConversionTest.cs:line 58
   at InvokeStub_CatchBeatmapConversionTest.Test(Object, Span`1)

64)    at osu.Game.Tests.Beatmaps.BeatmapConversionTest`2.<>c__DisplayClass4_1.<Test>b__2() in /app/osu.Game/Tests/Beatmaps/BeatmapConversionTest.cs:line 98
   at NUnit.Framework.Assert.Multiple(TestDelegate testDelegate)
   at osu.Game.Tests.Beatmaps.BeatmapConversionTest`2.<>c__DisplayClass4_0.<Test>b__1() in /app/osu.Game/Tests/Beatmaps/BeatmapConversionTest.cs:line 77
   at NUnit.Framework.Assert.Multiple(TestDelegate testDelegate)
   at osu.Game.Tests.Beatmaps.BeatmapConversionTest`2.Test(String name, Type[] mods) in /app/osu.Game/Tests/Beatmaps/BeatmapConversionTest.cs:line 50
   at osu.Game.Rulesets.Catch.Tests.CatchBeatmapConversionTest.Test(String name, Type[] mods) in /app/osu.Game.Rulesets.Catch.Tests/CatchBeatmapConversionTest.cs:line 58
   at InvokeStub_CatchBeatmapConversionTest.Test(Object, Span`1)

65)    at osu.Game.Tests.Beatmaps.BeatmapConversionTest`2.<>c__DisplayClass4_1.<Test>b__2() in /app/osu.Game/Tests/Beatmaps/BeatmapConversionTest.cs:line 98
   at NUnit.Framework.Assert.Multiple(TestDelegate testDelegate)
   at osu.Game.Tests.Beatmaps.BeatmapConversionTest`2.<>c__DisplayClass4_0.<Test>b__1() in /app/osu.Game/Tests/Beatmaps/BeatmapConversionTest.cs:line 77
   at NUnit.Framework.Assert.Multiple(TestDelegate testDelegate)
   at osu.Game.Tests.Beatmaps.BeatmapConversionTest`2.Test(String name, Type[] mods) in /app/osu.Game/Tests/Beatmaps/BeatmapConversionTest.cs:line 50
   at osu.Game.Rulesets.Catch.Tests.CatchBeatmapConversionTest.Test(String name, Type[] mods) in /app/osu.Game.Rulesets.Catch.Tests/CatchBeatmapConversionTest.cs:line 58
   at InvokeStub_CatchBeatmapConversionTest.Test(Object, Span`1)

66)    at osu.Game.Tests.Beatmaps.BeatmapConversionTest`2.<>c__DisplayClass4_1.<Test>b__2() in /app/osu.Game/Tests/Beatmaps/BeatmapConversionTest.cs:line 98
   at NUnit.Framework.Assert.Multiple(TestDelegate testDelegate)
   at osu.Game.Tests.Beatmaps.BeatmapConversionTest`2.<>c__DisplayClass4_0.<Test>b__1() in /app/osu.Game/Tests/Beatmaps/BeatmapConversionTest.cs:line 77
   at NUnit.Framework.Assert.Multiple(TestDelegate testDelegate)
   at osu.Game.Tests.Beatmaps.BeatmapConversionTest`2.Test(String name, Type[] mods) in /app/osu.Game/Tests/Beatmaps/BeatmapConversionTest.cs:line 50
   at osu.Game.Rulesets.Catch.Tests.CatchBeatmapConversionTest.Test(String name, Type[] mods) in /app/osu.Game.Rulesets.Catch.Tests/CatchBeatmapConversionTest.cs:line 58
   at InvokeStub_CatchBeatmapConversionTest.Test(Object, Span`1)

67)    at osu.Game.Tests.Beatmaps.BeatmapConversionTest`2.<>c__DisplayClass4_1.<Test>b__2() in /app/osu.Game/Tests/Beatmaps/BeatmapConversionTest.cs:line 98
   at NUnit.Framework.Assert.Multiple(TestDelegate testDelegate)
   at osu.Game.Tests.Beatmaps.BeatmapConversionTest`2.<>c__DisplayClass4_0.<Test>b__1() in /app/osu.Game/Tests/Beatmaps/BeatmapConversionTest.cs:line 77
   at NUnit.Framework.Assert.Multiple(TestDelegate testDelegate)
   at osu.Game.Tests.Beatmaps.BeatmapConversionTest`2.Test(String name, Type[] mods) in /app/osu.Game/Tests/Beatmaps/BeatmapConversionTest.cs:line 50
   at osu.Game.Rulesets.Catch.Tests.CatchBeatmapConversionTest.Test(String name, Type[] mods) in /app/osu.Game.Rulesets.Catch.Tests/CatchBeatmapConversionTest.cs:line 58
   at InvokeStub_CatchBeatmapConversionTest.Test(Object, Span`1)

68)    at osu.Game.Tests.Beatmaps.BeatmapConversionTest`2.<>c__DisplayClass4_1.<Test>b__2() in /app/osu.Game/Tests/Beatmaps/BeatmapConversionTest.cs:line 98
   at NUnit.Framework.Assert.Multiple(TestDelegate testDelegate)
   at osu.Game.Tests.Beatmaps.BeatmapConversionTest`2.<>c__DisplayClass4_0.<Test>b__1() in /app/osu.Game/Tests/Beatmaps/BeatmapConversionTest.cs:line 77
   at NUnit.Framework.Assert.Multiple(TestDelegate testDelegate)
   at osu.Game.Tests.Beatmaps.BeatmapConversionTest`2.Test(String name, Type[] mods) in /app/osu.Game/Tests/Beatmaps/BeatmapConversionTest.cs:line 50
   at osu.Game.Rulesets.Catch.Tests.CatchBeatmapConversionTest.Test(String name, Type[] mods) in /app/osu.Game.Rulesets.Catch.Tests/CatchBeatmapConversionTest.cs:line 58
   at InvokeStub_CatchBeatmapConversionTest.Test(Object, Span`1)

69)    at osu.Game.Tests.Beatmaps.BeatmapConversionTest`2.<>c__DisplayClass4_1.<Test>b__2() in /app/osu.Game/Tests/Beatmaps/BeatmapConversionTest.cs:line 98
   at NUnit.Framework.Assert.Multiple(TestDelegate testDelegate)
   at osu.Game.Tests.Beatmaps.BeatmapConversionTest`2.<>c__DisplayClass4_0.<Test>b__1() in /app/osu.Game/Tests/Beatmaps/BeatmapConversionTest.cs:line 77
   at NUnit.Framework.Assert.Multiple(TestDelegate testDelegate)
   at osu.Game.Tests.Beatmaps.BeatmapConversionTest`2.Test(String name, Type[] mods) in /app/osu.Game/Tests/Beatmaps/BeatmapConversionTest.cs:line 50
   at osu.Game.Rulesets.Catch.Tests.CatchBeatmapConversionTest.Test(String name, Type[] mods) in /app/osu.Game.Rulesets.Catch.Tests/CatchBeatmapConversionTest.cs:line 58
   at InvokeStub_CatchBeatmapConversionTest.Test(Object, Span`1)

70)    at osu.Game.Tests.Beatmaps.BeatmapConversionTest`2.<>c__DisplayClass4_1.<Test>b__2() in /app/osu.Game/Tests/Beatmaps/BeatmapConversionTest.cs:line 98
   at NUnit.Framework.Assert.Multiple(TestDelegate testDelegate)
   at osu.Game.Tests.Beatmaps.BeatmapConversionTest`2.<>c__DisplayClass4_0.<Test>b__1() in /app/osu.Game/Tests/Beatmaps/BeatmapConversionTest.cs:line 77
   at NUnit.Framework.Assert.Multiple(TestDelegate testDelegate)
   at osu.Game.Tests.Beatmaps.BeatmapConversionTest`2.Test(String name, Type[] mods) in /app/osu.Game/Tests/Beatmaps/BeatmapConversionTest.cs:line 50
   at osu.Game.Rulesets.Catch.Tests.CatchBeatmapConversionTest.Test(String name, Type[] mods) in /app/osu.Game.Rulesets.Catch.Tests/CatchBeatmapConversionTest.cs:line 58
   at InvokeStub_CatchBeatmapConversionTest.Test(Object, Span`1)

71)    at osu.Game.Tests.Beatmaps.BeatmapConversionTest`2.<>c__DisplayClass4_1.<Test>b__2() in /app/osu.Game/Tests/Beatmaps/BeatmapConversionTest.cs:line 98
   at NUnit.Framework.Assert.Multiple(TestDelegate testDelegate)
   at osu.Game.Tests.Beatmaps.BeatmapConversionTest`2.<>c__DisplayClass4_0.<Test>b__1() in /app/osu.Game/Tests/Beatmaps/BeatmapConversionTest.cs:line 77
   at NUnit.Framework.Assert.Multiple(TestDelegate testDelegate)
   at osu.Game.Tests.Beatmaps.BeatmapConversionTest`2.Test(String name, Type[] mods) in /app/osu.Game/Tests/Beatmaps/BeatmapConversionTest.cs:line 50
   at osu.Game.Rulesets.Catch.Tests.CatchBeatmapConversionTest.Test(String name, Type[] mods) in /app/osu.Game.Rulesets.Catch.Tests/CatchBeatmapConversionTest.cs:line 58
   at InvokeStub_CatchBeatmapConversionTest.Test(Object, Span`1)

72)    at osu.Game.Tests.Beatmaps.BeatmapConversionTest`2.<>c__DisplayClass4_1.<Test>b__2() in /app/osu.Game/Tests/Beatmaps/BeatmapConversionTest.cs:line 98
   at NUnit.Framework.Assert.Multiple(TestDelegate testDelegate)
   at osu.Game.Tests.Beatmaps.BeatmapConversionTest`2.<>c__DisplayClass4_0.<Test>b__1() in /app/osu.Game/Tests/Beatmaps/BeatmapConversionTest.cs:line 77
   at NUnit.Framework.Assert.Multiple(TestDelegate testDelegate)
   at osu.Game.Tests.Beatmaps.BeatmapConversionTest`2.Test(String name, Type[] mods) in /app/osu.Game/Tests/Beatmaps/BeatmapConversionTest.cs:line 50
   at osu.Game.Rulesets.Catch.Tests.CatchBeatmapConversionTest.Test(String name, Type[] mods) in /app/osu.Game.Rulesets.Catch.Tests/CatchBeatmapConversionTest.cs:line 58
   at InvokeStub_CatchBeatmapConversionTest.Test(Object, Span`1)

73)    at osu.Game.Tests.Beatmaps.BeatmapConversionTest`2.<>c__DisplayClass4_1.<Test>b__2() in /app/osu.Game/Tests/Beatmaps/BeatmapConversionTest.cs:line 98
   at NUnit.Framework.Assert.Multiple(TestDelegate testDelegate)
   at osu.Game.Tests.Beatmaps.BeatmapConversionTest`2.<>c__DisplayClass4_0.<Test>b__1() in /app/osu.Game/Tests/Beatmaps/BeatmapConversionTest.cs:line 77
   at NUnit.Framework.Assert.Multiple(TestDelegate testDelegate)
   at osu.Game.Tests.Beatmaps.BeatmapConversionTest`2.Test(String name, Type[] mods) in /app/osu.Game/Tests/Beatmaps/BeatmapConversionTest.cs:line 50
   at osu.Game.Rulesets.Catch.Tests.CatchBeatmapConversionTest.Test(String name, Type[] mods) in /app/osu.Game.Rulesets.Catch.Tests/CatchBeatmapConversionTest.cs:line 58
   at InvokeStub_CatchBeatmapConversionTest.Test(Object, Span`1)

74)    at osu.Game.Tests.Beatmaps.BeatmapConversionTest`2.<>c__DisplayClass4_1.<Test>b__2() in /app/osu.Game/Tests/Beatmaps/BeatmapConversionTest.cs:line 98
   at NUnit.Framework.Assert.Multiple(TestDelegate testDelegate)
   at osu.Game.Tests.Beatmaps.BeatmapConversionTest`2.<>c__DisplayClass4_0.<Test>b__1() in /app/osu.Game/Tests/Beatmaps/BeatmapConversionTest.cs:line 77
   at NUnit.Framework.Assert.Multiple(TestDelegate testDelegate)
   at osu.Game.Tests.Beatmaps.BeatmapConversionTest`2.Test(String name, Type[] mods) in /app/osu.Game/Tests/Beatmaps/BeatmapConversionTest.cs:line 50
   at osu.Game.Rulesets.Catch.Tests.CatchBeatmapConversionTest.Test(String name, Type[] mods) in /app/osu.Game.Rulesets.Catch.Tests/CatchBeatmapConversionTest.cs:line 58
   at InvokeStub_CatchBeatmapConversionTest.Test(Object, Span`1)

75)    at osu.Game.Tests.Beatmaps.BeatmapConversionTest`2.<>c__DisplayClass4_1.<Test>b__2() in /app/osu.Game/Tests/Beatmaps/BeatmapConversionTest.cs:line 98
   at NUnit.Framework.Assert.Multiple(TestDelegate testDelegate)
   at osu.Game.Tests.Beatmaps.BeatmapConversionTest`2.<>c__DisplayClass4_0.<Test>b__1() in /app/osu.Game/Tests/Beatmaps/BeatmapConversionTest.cs:line 77
   at NUnit.Framework.Assert.Multiple(TestDelegate testDelegate)
   at osu.Game.Tests.Beatmaps.BeatmapConversionTest`2.Test(String name, Type[] mods) in /app/osu.Game/Tests/Beatmaps/BeatmapConversionTest.cs:line 50
   at osu.Game.Rulesets.Catch.Tests.CatchBeatmapConversionTest.Test(String name, Type[] mods) in /app/osu.Game.Rulesets.Catch.Tests/CatchBeatmapConversionTest.cs:line 58
   at InvokeStub_CatchBeatmapConversionTest.Test(Object, Span`1)

76)    at osu.Game.Tests.Beatmaps.BeatmapConversionTest`2.<>c__DisplayClass4_1.<Test>b__2() in /app/osu.Game/Tests/Beatmaps/BeatmapConversionTest.cs:line 98
   at NUnit.Framework.Assert.Multiple(TestDelegate testDelegate)
   at osu.Game.Tests.Beatmaps.BeatmapConversionTest`2.<>c__DisplayClass4_0.<Test>b__1() in /app/osu.Game/Tests/Beatmaps/BeatmapConversionTest.cs:line 77
   at NUnit.Framework.Assert.Multiple(TestDelegate testDelegate)
   at osu.Game.Tests.Beatmaps.BeatmapConversionTest`2.Test(String name, Type[] mods) in /app/osu.Game/Tests/Beatmaps/BeatmapConversionTest.cs:line 50
   at osu.Game.Rulesets.Catch.Tests.CatchBeatmapConversionTest.Test(String name, Type[] mods) in /app/osu.Game.Rulesets.Catch.Tests/CatchBeatmapConversionTest.cs:line 58
   at InvokeStub_CatchBeatmapConversionTest.Test(Object, Span`1)

77)    at osu.Game.Tests.Beatmaps.BeatmapConversionTest`2.<>c__DisplayClass4_1.<Test>b__2() in /app/osu.Game/Tests/Beatmaps/BeatmapConversionTest.cs:line 98
   at NUnit.Framework.Assert.Multiple(TestDelegate testDelegate)
   at osu.Game.Tests.Beatmaps.BeatmapConversionTest`2.<>c__DisplayClass4_0.<Test>b__1() in /app/osu.Game/Tests/Beatmaps/BeatmapConversionTest.cs:line 77
   at NUnit.Framework.Assert.Multiple(TestDelegate testDelegate)
   at osu.Game.Tests.Beatmaps.BeatmapConversionTest`2.Test(String name, Type[] mods) in /app/osu.Game/Tests/Beatmaps/BeatmapConversionTest.cs:line 50
   at osu.Game.Rulesets.Catch.Tests.CatchBeatmapConversionTest.Test(String name, Type[] mods) in /app/osu.Game.Rulesets.Catch.Tests/CatchBeatmapConversionTest.cs:line 58
   at InvokeStub_CatchBeatmapConversionTest.Test(Object, Span`1)

78)    at osu.Game.Tests.Beatmaps.BeatmapConversionTest`2.<>c__DisplayClass4_1.<Test>b__2() in /app/osu.Game/Tests/Beatmaps/BeatmapConversionTest.cs:line 98
   at NUnit.Framework.Assert.Multiple(TestDelegate testDelegate)
   at osu.Game.Tests.Beatmaps.BeatmapConversionTest`2.<>c__DisplayClass4_0.<Test>b__1() in /app/osu.Game/Tests/Beatmaps/BeatmapConversionTest.cs:line 77
   at NUnit.Framework.Assert.Multiple(TestDelegate testDelegate)
   at osu.Game.Tests.Beatmaps.BeatmapConversionTest`2.Test(String name, Type[] mods) in /app/osu.Game/Tests/Beatmaps/BeatmapConversionTest.cs:line 50
   at osu.Game.Rulesets.Catch.Tests.CatchBeatmapConversionTest.Test(String name, Type[] mods) in /app/osu.Game.Rulesets.Catch.Tests/CatchBeatmapConversionTest.cs:line 58
   at InvokeStub_CatchBeatmapConversionTest.Test(Object, Span`1)

79)    at osu.Game.Tests.Beatmaps.BeatmapConversionTest`2.<>c__DisplayClass4_1.<Test>b__2() in /app/osu.Game/Tests/Beatmaps/BeatmapConversionTest.cs:line 98
   at NUnit.Framework.Assert.Multiple(TestDelegate testDelegate)
   at osu.Game.Tests.Beatmaps.BeatmapConversionTest`2.<>c__DisplayClass4_0.<Test>b__1() in /app/osu.Game/Tests/Beatmaps/BeatmapConversionTest.cs:line 77
   at NUnit.Framework.Assert.Multiple(TestDelegate testDelegate)
   at osu.Game.Tests.Beatmaps.BeatmapConversionTest`2.Test(String name, Type[] mods) in /app/osu.Game/Tests/Beatmaps/BeatmapConversionTest.cs:line 50
   at osu.Game.Rulesets.Catch.Tests.CatchBeatmapConversionTest.Test(String name, Type[] mods) in /app/osu.Game.Rulesets.Catch.Tests/CatchBeatmapConversionTest.cs:line 58
   at InvokeStub_CatchBeatmapConversionTest.Test(Object, Span`1)

80)    at osu.Game.Tests.Beatmaps.BeatmapConversionTest`2.<>c__DisplayClass4_1.<Test>b__2() in /app/osu.Game/Tests/Beatmaps/BeatmapConversionTest.cs:line 98
   at NUnit.Framework.Assert.Multiple(TestDelegate testDelegate)
   at osu.Game.Tests.Beatmaps.BeatmapConversionTest`2.<>c__DisplayClass4_0.<Test>b__1() in /app/osu.Game/Tests/Beatmaps/BeatmapConversionTest.cs:line 77
   at NUnit.Framework.Assert.Multiple(TestDelegate testDelegate)
   at osu.Game.Tests.Beatmaps.BeatmapConversionTest`2.Test(String name, Type[] mods) in /app/osu.Game/Tests/Beatmaps/BeatmapConversionTest.cs:line 50
   at osu.Game.Rulesets.Catch.Tests.CatchBeatmapConversionTest.Test(String name, Type[] mods) in /app/osu.Game.Rulesets.Catch.Tests/CatchBeatmapConversionTest.cs:line 58
   at InvokeStub_CatchBeatmapConversionTest.Test(Object, Span`1)

81)    at osu.Game.Tests.Beatmaps.BeatmapConversionTest`2.<>c__DisplayClass4_1.<Test>b__2() in /app/osu.Game/Tests/Beatmaps/BeatmapConversionTest.cs:line 98
   at NUnit.Framework.Assert.Multiple(TestDelegate testDelegate)
   at osu.Game.Tests.Beatmaps.BeatmapConversionTest`2.<>c__DisplayClass4_0.<Test>b__1() in /app/osu.Game/Tests/Beatmaps/BeatmapConversionTest.cs:line 77
   at NUnit.Framework.Assert.Multiple(TestDelegate testDelegate)
   at osu.Game.Tests.Beatmaps.BeatmapConversionTest`2.Test(String name, Type[] mods) in /app/osu.Game/Tests/Beatmaps/BeatmapConversionTest.cs:line 50
   at osu.Game.Rulesets.Catch.Tests.CatchBeatmapConversionTest.Test(String name, Type[] mods) in /app/osu.Game.Rulesets.Catch.Tests/CatchBeatmapConversionTest.cs:line 58
   at InvokeStub_CatchBeatmapConversionTest.Test(Object, Span`1)

82)    at osu.Game.Tests.Beatmaps.BeatmapConversionTest`2.<>c__DisplayClass4_1.<Test>b__2() in /app/osu.Game/Tests/Beatmaps/BeatmapConversionTest.cs:line 98
   at NUnit.Framework.Assert.Multiple(TestDelegate testDelegate)
   at osu.Game.Tests.Beatmaps.BeatmapConversionTest`2.<>c__DisplayClass4_0.<Test>b__1() in /app/osu.Game/Tests/Beatmaps/BeatmapConversionTest.cs:line 77
   at NUnit.Framework.Assert.Multiple(TestDelegate testDelegate)
   at osu.Game.Tests.Beatmaps.BeatmapConversionTest`2.Test(String name, Type[] mods) in /app/osu.Game/Tests/Beatmaps/BeatmapConversionTest.cs:line 50
   at osu.Game.Rulesets.Catch.Tests.CatchBeatmapConversionTest.Test(String name, Type[] mods) in /app/osu.Game.Rulesets.Catch.Tests/CatchBeatmapConversionTest.cs:line 58
   at InvokeStub_CatchBeatmapConversionTest.Test(Object, Span`1)

83)    at osu.Game.Tests.Beatmaps.BeatmapConversionTest`2.<>c__DisplayClass4_1.<Test>b__2() in /app/osu.Game/Tests/Beatmaps/BeatmapConversionTest.cs:line 98
   at NUnit.Framework.Assert.Multiple(TestDelegate testDelegate)
   at osu.Game.Tests.Beatmaps.BeatmapConversionTest`2.<>c__DisplayClass4_0.<Test>b__1() in /app/osu.Game/Tests/Beatmaps/BeatmapConversionTest.cs:line 77
   at NUnit.Framework.Assert.Multiple(TestDelegate testDelegate)
   at osu.Game.Tests.Beatmaps.BeatmapConversionTest`2.Test(String name, Type[] mods) in /app/osu.Game/Tests/Beatmaps/BeatmapConversionTest.cs:line 50
   at osu.Game.Rulesets.Catch.Tests.CatchBeatmapConversionTest.Test(String name, Type[] mods) in /app/osu.Game.Rulesets.Catch.Tests/CatchBeatmapConversionTest.cs:line 58
   at InvokeStub_CatchBeatmapConversionTest.Test(Object, Span`1)

84)    at osu.Game.Tests.Beatmaps.BeatmapConversionTest`2.<>c__DisplayClass4_1.<Test>b__2() in /app/osu.Game/Tests/Beatmaps/BeatmapConversionTest.cs:line 98
   at NUnit.Framework.Assert.Multiple(TestDelegate testDelegate)
   at osu.Game.Tests.Beatmaps.BeatmapConversionTest`2.<>c__DisplayClass4_0.<Test>b__1() in /app/osu.Game/Tests/Beatmaps/BeatmapConversionTest.cs:line 77
   at NUnit.Framework.Assert.Multiple(TestDelegate testDelegate)
   at osu.Game.Tests.Beatmaps.BeatmapConversionTest`2.Test(String name, Type[] mods) in /app/osu.Game/Tests/Beatmaps/BeatmapConversionTest.cs:line 50
   at osu.Game.Rulesets.Catch.Tests.CatchBeatmapConversionTest.Test(String name, Type[] mods) in /app/osu.Game.Rulesets.Catch.Tests/CatchBeatmapConversionTest.cs:line 58
   at InvokeStub_CatchBeatmapConversionTest.Test(Object, Span`1)

85)    at osu.Game.Tests.Beatmaps.BeatmapConversionTest`2.<>c__DisplayClass4_1.<Test>b__2() in /app/osu.Game/Tests/Beatmaps/BeatmapConversionTest.cs:line 98
   at NUnit.Framework.Assert.Multiple(TestDelegate testDelegate)
   at osu.Game.Tests.Beatmaps.BeatmapConversionTest`2.<>c__DisplayClass4_0.<Test>b__1() in /app/osu.Game/Tests/Beatmaps/BeatmapConversionTest.cs:line 77
   at NUnit.Framework.Assert.Multiple(TestDelegate testDelegate)
   at osu.Game.Tests.Beatmaps.BeatmapConversionTest`2.Test(String name, Type[] mods) in /app/osu.Game/Tests/Beatmaps/BeatmapConversionTest.cs:line 50
   at osu.Game.Rulesets.Catch.Tests.CatchBeatmapConversionTest.Test(String name, Type[] mods) in /app/osu.Game.Rulesets.Catch.Tests/CatchBeatmapConversionTest.cs:line 58
   at InvokeStub_CatchBeatmapConversionTest.Test(Object, Span`1)

86)    at osu.Game.Tests.Beatmaps.BeatmapConversionTest`2.<>c__DisplayClass4_1.<Test>b__2() in /app/osu.Game/Tests/Beatmaps/BeatmapConversionTest.cs:line 98
   at NUnit.Framework.Assert.Multiple(TestDelegate testDelegate)
   at osu.Game.Tests.Beatmaps.BeatmapConversionTest`2.<>c__DisplayClass4_0.<Test>b__1() in /app/osu.Game/Tests/Beatmaps/BeatmapConversionTest.cs:line 77
   at NUnit.Framework.Assert.Multiple(TestDelegate testDelegate)
   at osu.Game.Tests.Beatmaps.BeatmapConversionTest`2.Test(String name, Type[] mods) in /app/osu.Game/Tests/Beatmaps/BeatmapConversionTest.cs:line 50
   at osu.Game.Rulesets.Catch.Tests.CatchBeatmapConversionTest.Test(String name, Type[] mods) in /app/osu.Game.Rulesets.Catch.Tests/CatchBeatmapConversionTest.cs:line 58
   at InvokeStub_CatchBeatmapConversionTest.Test(Object, Span`1)

87)    at osu.Game.Tests.Beatmaps.BeatmapConversionTest`2.<>c__DisplayClass4_1.<Test>b__2() in /app/osu.Game/Tests/Beatmaps/BeatmapConversionTest.cs:line 98
   at NUnit.Framework.Assert.Multiple(TestDelegate testDelegate)
   at osu.Game.Tests.Beatmaps.BeatmapConversionTest`2.<>c__DisplayClass4_0.<Test>b__1() in /app/osu.Game/Tests/Beatmaps/BeatmapConversionTest.cs:line 77
   at NUnit.Framework.Assert.Multiple(TestDelegate testDelegate)
   at osu.Game.Tests.Beatmaps.BeatmapConversionTest`2.Test(String name, Type[] mods) in /app/osu.Game/Tests/Beatmaps/BeatmapConversionTest.cs:line 50
   at osu.Game.Rulesets.Catch.Tests.CatchBeatmapConversionTest.Test(String name, Type[] mods) in /app/osu.Game.Rulesets.Catch.Tests/CatchBeatmapConversionTest.cs:line 58
   at InvokeStub_CatchBeatmapConversionTest.Test(Object, Span`1)

88)    at osu.Game.Tests.Beatmaps.BeatmapConversionTest`2.<>c__DisplayClass4_1.<Test>b__2() in /app/osu.Game/Tests/Beatmaps/BeatmapConversionTest.cs:line 98
   at NUnit.Framework.Assert.Multiple(TestDelegate testDelegate)
   at osu.Game.Tests.Beatmaps.BeatmapConversionTest`2.<>c__DisplayClass4_0.<Test>b__1() in /app/osu.Game/Tests/Beatmaps/BeatmapConversionTest.cs:line 77
   at NUnit.Framework.Assert.Multiple(TestDelegate testDelegate)
   at osu.Game.Tests.Beatmaps.BeatmapConversionTest`2.Test(String name, Type[] mods) in /app/osu.Game/Tests/Beatmaps/BeatmapConversionTest.cs:line 50
   at osu.Game.Rulesets.Catch.Tests.CatchBeatmapConversionTest.Test(String name, Type[] mods) in /app/osu.Game.Rulesets.Catch.Tests/CatchBeatmapConversionTest.cs:line 58
   at InvokeStub_CatchBeatmapConversionTest.Test(Object, Span`1)

89)    at osu.Game.Tests.Beatmaps.BeatmapConversionTest`2.<>c__DisplayClass4_1.<Test>b__2() in /app/osu.Game/Tests/Beatmaps/BeatmapConversionTest.cs:line 98
   at NUnit.Framework.Assert.Multiple(TestDelegate testDelegate)
   at osu.Game.Tests.Beatmaps.BeatmapConversionTest`2.<>c__DisplayClass4_0.<Test>b__1() in /app/osu.Game/Tests/Beatmaps/BeatmapConversionTest.cs:line 77
   at NUnit.Framework.Assert.Multiple(TestDelegate testDelegate)
   at osu.Game.Tests.Beatmaps.BeatmapConversionTest`2.Test(String name, Type[] mods) in /app/osu.Game/Tests/Beatmaps/BeatmapConversionTest.cs:line 50
   at osu.Game.Rulesets.Catch.Tests.CatchBeatmapConversionTest.Test(String name, Type[] mods) in /app/osu.Game.Rulesets.Catch.Tests/CatchBeatmapConversionTest.cs:line 58
   at InvokeStub_CatchBeatmapConversionTest.Test(Object, Span`1)

90)    at osu.Game.Tests.Beatmaps.BeatmapConversionTest`2.<>c__DisplayClass4_1.<Test>b__2() in /app/osu.Game/Tests/Beatmaps/BeatmapConversionTest.cs:line 98
   at NUnit.Framework.Assert.Multiple(TestDelegate testDelegate)
   at osu.Game.Tests.Beatmaps.BeatmapConversionTest`2.<>c__DisplayClass4_0.<Test>b__1() in /app/osu.Game/Tests/Beatmaps/BeatmapConversionTest.cs:line 77
   at NUnit.Framework.Assert.Multiple(TestDelegate testDelegate)
   at osu.Game.Tests.Beatmaps.BeatmapConversionTest`2.Test(String name, Type[] mods) in /app/osu.Game/Tests/Beatmaps/BeatmapConversionTest.cs:line 50
   at osu.Game.Rulesets.Catch.Tests.CatchBeatmapConversionTest.Test(String name, Type[] mods) in /app/osu.Game.Rulesets.Catch.Tests/CatchBeatmapConversionTest.cs:line 58
   at InvokeStub_CatchBeatmapConversionTest.Test(Object, Span`1)

91)    at osu.Game.Tests.Beatmaps.BeatmapConversionTest`2.<>c__DisplayClass4_1.<Test>b__2() in /app/osu.Game/Tests/Beatmaps/BeatmapConversionTest.cs:line 98
   at NUnit.Framework.Assert.Multiple(TestDelegate testDelegate)
   at osu.Game.Tests.Beatmaps.BeatmapConversionTest`2.<>c__DisplayClass4_0.<Test>b__1() in /app/osu.Game/Tests/Beatmaps/BeatmapConversionTest.cs:line 77
   at NUnit.Framework.Assert.Multiple(TestDelegate testDelegate)
   at osu.Game.Tests.Beatmaps.BeatmapConversionTest`2.Test(String name, Type[] mods) in /app/osu.Game/Tests/Beatmaps/BeatmapConversionTest.cs:line 50
   at osu.Game.Rulesets.Catch.Tests.CatchBeatmapConversionTest.Test(String name, Type[] mods) in /app/osu.Game.Rulesets.Catch.Tests/CatchBeatmapConversionTest.cs:line 58
   at InvokeStub_CatchBeatmapConversionTest.Test(Object, Span`1)

92)    at osu.Game.Tests.Beatmaps.BeatmapConversionTest`2.<>c__DisplayClass4_1.<Test>b__2() in /app/osu.Game/Tests/Beatmaps/BeatmapConversionTest.cs:line 98
   at NUnit.Framework.Assert.Multiple(TestDelegate testDelegate)
   at osu.Game.Tests.Beatmaps.BeatmapConversionTest`2.<>c__DisplayClass4_0.<Test>b__1() in /app/osu.Game/Tests/Beatmaps/BeatmapConversionTest.cs:line 77
   at NUnit.Framework.Assert.Multiple(TestDelegate testDelegate)
   at osu.Game.Tests.Beatmaps.BeatmapConversionTest`2.Test(String name, Type[] mods) in /app/osu.Game/Tests/Beatmaps/BeatmapConversionTest.cs:line 50
   at osu.Game.Rulesets.Catch.Tests.CatchBeatmapConversionTest.Test(String name, Type[] mods) in /app/osu.Game.Rulesets.Catch.Tests/CatchBeatmapConversionTest.cs:line 58
   at InvokeStub_CatchBeatmapConversionTest.Test(Object, Span`1)

93)    at osu.Game.Tests.Beatmaps.BeatmapConversionTest`2.<>c__DisplayClass4_1.<Test>b__2() in /app/osu.Game/Tests/Beatmaps/BeatmapConversionTest.cs:line 98
   at NUnit.Framework.Assert.Multiple(TestDelegate testDelegate)
   at osu.Game.Tests.Beatmaps.BeatmapConversionTest`2.<>c__DisplayClass4_0.<Test>b__1() in /app/osu.Game/Tests/Beatmaps/BeatmapConversionTest.cs:line 77
   at NUnit.Framework.Assert.Multiple(TestDelegate testDelegate)
   at osu.Game.Tests.Beatmaps.BeatmapConversionTest`2.Test(String name, Type[] mods) in /app/osu.Game/Tests/Beatmaps/BeatmapConversionTest.cs:line 50
   at osu.Game.Rulesets.Catch.Tests.CatchBeatmapConversionTest.Test(String name, Type[] mods) in /app/osu.Game.Rulesets.Catch.Tests/CatchBeatmapConversionTest.cs:line 58
   at InvokeStub_CatchBeatmapConversionTest.Test(Object, Span`1)

94)    at osu.Game.Tests.Beatmaps.BeatmapConversionTest`2.<>c__DisplayClass4_1.<Test>b__2() in /app/osu.Game/Tests/Beatmaps/BeatmapConversionTest.cs:line 98
   at NUnit.Framework.Assert.Multiple(TestDelegate testDelegate)
   at osu.Game.Tests.Beatmaps.BeatmapConversionTest`2.<>c__DisplayClass4_0.<Test>b__1() in /app/osu.Game/Tests/Beatmaps/BeatmapConversionTest.cs:line 77
   at NUnit.Framework.Assert.Multiple(TestDelegate testDelegate)
   at osu.Game.Tests.Beatmaps.BeatmapConversionTest`2.Test(String name, Type[] mods) in /app/osu.Game/Tests/Beatmaps/BeatmapConversionTest.cs:line 50
   at osu.Game.Rulesets.Catch.Tests.CatchBeatmapConversionTest.Test(String name, Type[] mods) in /app/osu.Game.Rulesets.Catch.Tests/CatchBeatmapConversionTest.cs:line 58
   at InvokeStub_CatchBeatmapConversionTest.Test(Object, Span`1)

95)    at osu.Game.Tests.Beatmaps.BeatmapConversionTest`2.<>c__DisplayClass4_1.<Test>b__2() in /app/osu.Game/Tests/Beatmaps/BeatmapConversionTest.cs:line 98
   at NUnit.Framework.Assert.Multiple(TestDelegate testDelegate)
   at osu.Game.Tests.Beatmaps.BeatmapConversionTest`2.<>c__DisplayClass4_0.<Test>b__1() in /app/osu.Game/Tests/Beatmaps/BeatmapConversionTest.cs:line 77
   at NUnit.Framework.Assert.Multiple(TestDelegate testDelegate)
   at osu.Game.Tests.Beatmaps.BeatmapConversionTest`2.Test(String name, Type[] mods) in /app/osu.Game/Tests/Beatmaps/BeatmapConversionTest.cs:line 50
   at osu.Game.Rulesets.Catch.Tests.CatchBeatmapConversionTest.Test(String name, Type[] mods) in /app/osu.Game.Rulesets.Catch.Tests/CatchBeatmapConversionTest.cs:line 58
   at InvokeStub_CatchBeatmapConversionTest.Test(Object, Span`1)

96)    at osu.Game.Tests.Beatmaps.BeatmapConversionTest`2.<>c__DisplayClass4_1.<Test>b__2() in /app/osu.Game/Tests/Beatmaps/BeatmapConversionTest.cs:line 98
   at NUnit.Framework.Assert.Multiple(TestDelegate testDelegate)
   at osu.Game.Tests.Beatmaps.BeatmapConversionTest`2.<>c__DisplayClass4_0.<Test>b__1() in /app/osu.Game/Tests/Beatmaps/BeatmapConversionTest.cs:line 77
   at NUnit.Framework.Assert.Multiple(TestDelegate testDelegate)
   at osu.Game.Tests.Beatmaps.BeatmapConversionTest`2.Test(String name, Type[] mods) in /app/osu.Game/Tests/Beatmaps/BeatmapConversionTest.cs:line 50
   at osu.Game.Rulesets.Catch.Tests.CatchBeatmapConversionTest.Test(String name, Type[] mods) in /app/osu.Game.Rulesets.Catch.Tests/CatchBeatmapConversionTest.cs:line 58
   at InvokeStub_CatchBeatmapConversionTest.Test(Object, Span`1)

97)    at osu.Game.Tests.Beatmaps.BeatmapConversionTest`2.<>c__DisplayClass4_1.<Test>b__2() in /app/osu.Game/Tests/Beatmaps/BeatmapConversionTest.cs:line 98
   at NUnit.Framework.Assert.Multiple(TestDelegate testDelegate)
   at osu.Game.Tests.Beatmaps.BeatmapConversionTest`2.<>c__DisplayClass4_0.<Test>b__1() in /app/osu.Game/Tests/Beatmaps/BeatmapConversionTest.cs:line 77
   at NUnit.Framework.Assert.Multiple(TestDelegate testDelegate)
   at osu.Game.Tests.Beatmaps.BeatmapConversionTest`2.Test(String name, Type[] mods) in /app/osu.Game/Tests/Beatmaps/BeatmapConversionTest.cs:line 50
   at osu.Game.Rulesets.Catch.Tests.CatchBeatmapConversionTest.Test(String name, Type[] mods) in /app/osu.Game.Rulesets.Catch.Tests/CatchBeatmapConversionTest.cs:line 58
   at InvokeStub_CatchBeatmapConversionTest.Test(Object, Span`1)

98)    at osu.Game.Tests.Beatmaps.BeatmapConversionTest`2.<>c__DisplayClass4_1.<Test>b__2() in /app/osu.Game/Tests/Beatmaps/BeatmapConversionTest.cs:line 98
   at NUnit.Framework.Assert.Multiple(TestDelegate testDelegate)
   at osu.Game.Tests.Beatmaps.BeatmapConversionTest`2.<>c__DisplayClass4_0.<Test>b__1() in /app/osu.Game/Tests/Beatmaps/BeatmapConversionTest.cs:line 77
   at NUnit.Framework.Assert.Multiple(TestDelegate testDelegate)
   at osu.Game.Tests.Beatmaps.BeatmapConversionTest`2.Test(String name, Type[] mods) in /app/osu.Game/Tests/Beatmaps/BeatmapConversionTest.cs:line 50
   at osu.Game.Rulesets.Catch.Tests.CatchBeatmapConversionTest.Test(String name, Type[] mods) in /app/osu.Game.Rulesets.Catch.Tests/CatchBeatmapConversionTest.cs:line 58
   at InvokeStub_CatchBeatmapConversionTest.Test(Object, Span`1)

99)    at osu.Game.Tests.Beatmaps.BeatmapConversionTest`2.<>c__DisplayClass4_1.<Test>b__2() in /app/osu.Game/Tests/Beatmaps/BeatmapConversionTest.cs:line 98
   at NUnit.Framework.Assert.Multiple(TestDelegate testDelegate)
   at osu.Game.Tests.Beatmaps.BeatmapConversionTest`2.<>c__DisplayClass4_0.<Test>b__1() in /app/osu.Game/Tests/Beatmaps/BeatmapConversionTest.cs:line 77
   at NUnit.Framework.Assert.Multiple(TestDelegate testDelegate)
   at osu.Game.Tests.Beatmaps.BeatmapConversionTest`2.Test(String name, Type[] mods) in /app/osu.Game/Tests/Beatmaps/BeatmapConversionTest.cs:line 50
   at osu.Game.Rulesets.Catch.Tests.CatchBeatmapConversionTest.Test(String name, Type[] mods) in /app/osu.Game.Rulesets.Catch.Tests/CatchBeatmapConversionTest.cs:line 58
   at InvokeStub_CatchBeatmapConversionTest.Test(Object, Span`1)

100)    at osu.Game.Tests.Beatmaps.BeatmapConversionTest`2.<>c__DisplayClass4_1.<Test>b__2() in /app/osu.Game/Tests/Beatmaps/BeatmapConversionTest.cs:line 98
   at NUnit.Framework.Assert.Multiple(TestDelegate testDelegate)
   at osu.Game.Tests.Beatmaps.BeatmapConversionTest`2.<>c__DisplayClass4_0.<Test>b__1() in /app/osu.Game/Tests/Beatmaps/BeatmapConversionTest.cs:line 77
   at NUnit.Framework.Assert.Multiple(TestDelegate testDelegate)
   at osu.Game.Tests.Beatmaps.BeatmapConversionTest`2.Test(String name, Type[] mods) in /app/osu.Game/Tests/Beatmaps/BeatmapConversionTest.cs:line 50
   at osu.Game.Rulesets.Catch.Tests.CatchBeatmapConversionTest.Test(String name, Type[] mods) in /app/osu.Game.Rulesets.Catch.Tests/CatchBeatmapConversionTest.cs:line 58
   at InvokeStub_CatchBeatmapConversionTest.Test(Object, Span`1)

101)    at osu.Game.Tests.Beatmaps.BeatmapConversionTest`2.<>c__DisplayClass4_1.<Test>b__2() in /app/osu.Game/Tests/Beatmaps/BeatmapConversionTest.cs:line 98
   at NUnit.Framework.Assert.Multiple(TestDelegate testDelegate)
   at osu.Game.Tests.Beatmaps.BeatmapConversionTest`2.<>c__DisplayClass4_0.<Test>b__1() in /app/osu.Game/Tests/Beatmaps/BeatmapConversionTest.cs:line 77
   at NUnit.Framework.Assert.Multiple(TestDelegate testDelegate)
   at osu.Game.Tests.Beatmaps.BeatmapConversionTest`2.Test(String name, Type[] mods) in /app/osu.Game/Tests/Beatmaps/BeatmapConversionTest.cs:line 50
   at osu.Game.Rulesets.Catch.Tests.CatchBeatmapConversionTest.Test(String name, Type[] mods) in /app/osu.Game.Rulesets.Catch.Tests/CatchBeatmapConversionTest.cs:line 58
   at InvokeStub_CatchBeatmapConversionTest.Test(Object, Span`1)

102)    at osu.Game.Tests.Beatmaps.BeatmapConversionTest`2.<>c__DisplayClass4_1.<Test>b__2() in /app/osu.Game/Tests/Beatmaps/BeatmapConversionTest.cs:line 98
   at NUnit.Framework.Assert.Multiple(TestDelegate testDelegate)
   at osu.Game.Tests.Beatmaps.BeatmapConversionTest`2.<>c__DisplayClass4_0.<Test>b__1() in /app/osu.Game/Tests/Beatmaps/BeatmapConversionTest.cs:line 77
   at NUnit.Framework.Assert.Multiple(TestDelegate testDelegate)
   at osu.Game.Tests.Beatmaps.BeatmapConversionTest`2.Test(String name, Type[] mods) in /app/osu.Game/Tests/Beatmaps/BeatmapConversionTest.cs:line 50
   at osu.Game.Rulesets.Catch.Tests.CatchBeatmapConversionTest.Test(String name, Type[] mods) in /app/osu.Game.Rulesets.Catch.Tests/CatchBeatmapConversionTest.cs:line 58
   at InvokeStub_CatchBeatmapConversionTest.Test(Object, Span`1)

103)    at osu.Game.Tests.Beatmaps.BeatmapConversionTest`2.<>c__DisplayClass4_1.<Test>b__2() in /app/osu.Game/Tests/Beatmaps/BeatmapConversionTest.cs:line 98
   at NUnit.Framework.Assert.Multiple(TestDelegate testDelegate)
   at osu.Game.Tests.Beatmaps.BeatmapConversionTest`2.<>c__DisplayClass4_0.<Test>b__1() in /app/osu.Game/Tests/Beatmaps/BeatmapConversionTest.cs:line 77
   at NUnit.Framework.Assert.Multiple(TestDelegate testDelegate)
   at osu.Game.Tests.Beatmaps.BeatmapConversionTest`2.Test(String name, Type[] mods) in /app/osu.Game/Tests/Beatmaps/BeatmapConversionTest.cs:line 50
   at osu.Game.Rulesets.Catch.Tests.CatchBeatmapConversionTest.Test(String name, Type[] mods) in /app/osu.Game.Rulesets.Catch.Tests/CatchBeatmapConversionTest.cs:line 58
   at InvokeStub_CatchBeatmapConversionTest.Test(Object, Span`1)

104)    at osu.Game.Tests.Beatmaps.BeatmapConversionTest`2.<>c__DisplayClass4_1.<Test>b__2() in /app/osu.Game/Tests/Beatmaps/BeatmapConversionTest.cs:line 98
   at NUnit.Framework.Assert.Multiple(TestDelegate testDelegate)
   at osu.Game.Tests.Beatmaps.BeatmapConversionTest`2.<>c__DisplayClass4_0.<Test>b__1() in /app/osu.Game/Tests/Beatmaps/BeatmapConversionTest.cs:line 77
   at NUnit.Framework.Assert.Multiple(TestDelegate testDelegate)
   at osu.Game.Tests.Beatmaps.BeatmapConversionTest`2.Test(String name, Type[] mods) in /app/osu.Game/Tests/Beatmaps/BeatmapConversionTest.cs:line 50
   at osu.Game.Rulesets.Catch.Tests.CatchBeatmapConversionTest.Test(String name, Type[] mods) in /app/osu.Game.Rulesets.Catch.Tests/CatchBeatmapConversionTest.cs:line 58
   at InvokeStub_CatchBeatmapConversionTest.Test(Object, Span`1)

105)    at osu.Game.Tests.Beatmaps.BeatmapConversionTest`2.<>c__DisplayClass4_1.<Test>b__2() in /app/osu.Game/Tests/Beatmaps/BeatmapConversionTest.cs:line 98
   at NUnit.Framework.Assert.Multiple(TestDelegate testDelegate)
   at osu.Game.Tests.Beatmaps.BeatmapConversionTest`2.<>c__DisplayClass4_0.<Test>b__1() in /app/osu.Game/Tests/Beatmaps/BeatmapConversionTest.cs:line 77
   at NUnit.Framework.Assert.Multiple(TestDelegate testDelegate)
   at osu.Game.Tests.Beatmaps.BeatmapConversionTest`2.Test(String name, Type[] mods) in /app/osu.Game/Tests/Beatmaps/BeatmapConversionTest.cs:line 50
   at osu.Game.Rulesets.Catch.Tests.CatchBeatmapConversionTest.Test(String name, Type[] mods) in /app/osu.Game.Rulesets.Catch.Tests/CatchBeatmapConversionTest.cs:line 58
   at InvokeStub_CatchBeatmapConversionTest.Test(Object, Span`1)

106)    at osu.Game.Tests.Beatmaps.BeatmapConversionTest`2.<>c__DisplayClass4_1.<Test>b__2() in /app/osu.Game/Tests/Beatmaps/BeatmapConversionTest.cs:line 98
   at NUnit.Framework.Assert.Multiple(TestDelegate testDelegate)
   at osu.Game.Tests.Beatmaps.BeatmapConversionTest`2.<>c__DisplayClass4_0.<Test>b__1() in /app/osu.Game/Tests/Beatmaps/BeatmapConversionTest.cs:line 77
   at NUnit.Framework.Assert.Multiple(TestDelegate testDelegate)
   at osu.Game.Tests.Beatmaps.BeatmapConversionTest`2.Test(String name, Type[] mods) in /app/osu.Game/Tests/Beatmaps/BeatmapConversionTest.cs:line 50
   at osu.Game.Rulesets.Catch.Tests.CatchBeatmapConversionTest.Test(String name, Type[] mods) in /app/osu.Game.Rulesets.Catch.Tests/CatchBeatmapConversionTest.cs:line 58
   at InvokeStub_CatchBeatmapConversionTest.Test(Object, Span`1)

107)    at osu.Game.Tests.Beatmaps.BeatmapConversionTest`2.<>c__DisplayClass4_1.<Test>b__2() in /app/osu.Game/Tests/Beatmaps/BeatmapConversionTest.cs:line 98
   at NUnit.Framework.Assert.Multiple(TestDelegate testDelegate)
   at osu.Game.Tests.Beatmaps.BeatmapConversionTest`2.<>c__DisplayClass4_0.<Test>b__1() in /app/osu.Game/Tests/Beatmaps/BeatmapConversionTest.cs:line 77
   at NUnit.Framework.Assert.Multiple(TestDelegate testDelegate)
   at osu.Game.Tests.Beatmaps.BeatmapConversionTest`2.Test(String name, Type[] mods) in /app/osu.Game/Tests/Beatmaps/BeatmapConversionTest.cs:line 50
   at osu.Game.Rulesets.Catch.Tests.CatchBeatmapConversionTest.Test(String name, Type[] mods) in /app/osu.Game.Rulesets.Catch.Tests/CatchBeatmapConversionTest.cs:line 58
   at InvokeStub_CatchBeatmapConversionTest.Test(Object, Span`1)

108)    at osu.Game.Tests.Beatmaps.BeatmapConversionTest`2.<>c__DisplayClass4_1.<Test>b__2() in /app/osu.Game/Tests/Beatmaps/BeatmapConversionTest.cs:line 98
   at NUnit.Framework.Assert.Multiple(TestDelegate testDelegate)
   at osu.Game.Tests.Beatmaps.BeatmapConversionTest`2.<>c__DisplayClass4_0.<Test>b__1() in /app/osu.Game/Tests/Beatmaps/BeatmapConversionTest.cs:line 77
   at NUnit.Framework.Assert.Multiple(TestDelegate testDelegate)
   at osu.Game.Tests.Beatmaps.BeatmapConversionTest`2.Test(String name, Type[] mods) in /app/osu.Game/Tests/Beatmaps/BeatmapConversionTest.cs:line 50
   at osu.Game.Rulesets.Catch.Tests.CatchBeatmapConversionTest.Test(String name, Type[] mods) in /app/osu.Game.Rulesets.Catch.Tests/CatchBeatmapConversionTest.cs:line 58
   at InvokeStub_CatchBeatmapConversionTest.Test(Object, Span`1)

109)    at osu.Game.Tests.Beatmaps.BeatmapConversionTest`2.<>c__DisplayClass4_1.<Test>b__2() in /app/osu.Game/Tests/Beatmaps/BeatmapConversionTest.cs:line 98
   at NUnit.Framework.Assert.Multiple(TestDelegate testDelegate)
   at osu.Game.Tests.Beatmaps.BeatmapConversionTest`2.<>c__DisplayClass4_0.<Test>b__1() in /app/osu.Game/Tests/Beatmaps/BeatmapConversionTest.cs:line 77
   at NUnit.Framework.Assert.Multiple(TestDelegate testDelegate)
   at osu.Game.Tests.Beatmaps.BeatmapConversionTest`2.Test(String name, Type[] mods) in /app/osu.Game/Tests/Beatmaps/BeatmapConversionTest.cs:line 50
   at osu.Game.Rulesets.Catch.Tests.CatchBeatmapConversionTest.Test(String name, Type[] mods) in /app/osu.Game.Rulesets.Catch.Tests/CatchBeatmapConversionTest.cs:line 58
   at InvokeStub_CatchBeatmapConversionTest.Test(Object, Span`1)

110)    at osu.Game.Tests.Beatmaps.BeatmapConversionTest`2.<>c__DisplayClass4_1.<Test>b__2() in /app/osu.Game/Tests/Beatmaps/BeatmapConversionTest.cs:line 98
   at NUnit.Framework.Assert.Multiple(TestDelegate testDelegate)
   at osu.Game.Tests.Beatmaps.BeatmapConversionTest`2.<>c__DisplayClass4_0.<Test>b__1() in /app/osu.Game/Tests/Beatmaps/BeatmapConversionTest.cs:line 77
   at NUnit.Framework.Assert.Multiple(TestDelegate testDelegate)
   at osu.Game.Tests.Beatmaps.BeatmapConversionTest`2.Test(String name, Type[] mods) in /app/osu.Game/Tests/Beatmaps/BeatmapConversionTest.cs:line 50
   at osu.Game.Rulesets.Catch.Tests.CatchBeatmapConversionTest.Test(String name, Type[] mods) in /app/osu.Game.Rulesets.Catch.Tests/CatchBeatmapConversionTest.cs:line 58
   at InvokeStub_CatchBeatmapConversionTest.Test(Object, Span`1)

111)    at osu.Game.Tests.Beatmaps.BeatmapConversionTest`2.<>c__DisplayClass4_1.<Test>b__2() in /app/osu.Game/Tests/Beatmaps/BeatmapConversionTest.cs:line 98
   at NUnit.Framework.Assert.Multiple(TestDelegate testDelegate)
   at osu.Game.Tests.Beatmaps.BeatmapConversionTest`2.<>c__DisplayClass4_0.<Test>b__1() in /app/osu.Game/Tests/Beatmaps/BeatmapConversionTest.cs:line 77
   at NUnit.Framework.Assert.Multiple(TestDelegate testDelegate)
   at osu.Game.Tests.Beatmaps.BeatmapConversionTest`2.Test(String name, Type[] mods) in /app/osu.Game/Tests/Beatmaps/BeatmapConversionTest.cs:line 50
   at osu.Game.Rulesets.Catch.Tests.CatchBeatmapConversionTest.Test(String name, Type[] mods) in /app/osu.Game.Rulesets.Catch.Tests/CatchBeatmapConversionTest.cs:line 58
   at InvokeStub_CatchBeatmapConversionTest.Test(Object, Span`1)

112)    at osu.Game.Tests.Beatmaps.BeatmapConversionTest`2.<>c__DisplayClass4_1.<Test>b__2() in /app/osu.Game/Tests/Beatmaps/BeatmapConversionTest.cs:line 98
   at NUnit.Framework.Assert.Multiple(TestDelegate testDelegate)
   at osu.Game.Tests.Beatmaps.BeatmapConversionTest`2.<>c__DisplayClass4_0.<Test>b__1() in /app/osu.Game/Tests/Beatmaps/BeatmapConversionTest.cs:line 77
   at NUnit.Framework.Assert.Multiple(TestDelegate testDelegate)
   at osu.Game.Tests.Beatmaps.BeatmapConversionTest`2.Test(String name, Type[] mods) in /app/osu.Game/Tests/Beatmaps/BeatmapConversionTest.cs:line 50
   at osu.Game.Rulesets.Catch.Tests.CatchBeatmapConversionTest.Test(String name, Type[] mods) in /app/osu.Game.Rulesets.Catch.Tests/CatchBeatmapConversionTest.cs:line 58
   at InvokeStub_CatchBeatmapConversionTest.Test(Object, Span`1)

113)    at osu.Game.Tests.Beatmaps.BeatmapConversionTest`2.<>c__DisplayClass4_1.<Test>b__2() in /app/osu.Game/Tests/Beatmaps/BeatmapConversionTest.cs:line 98
   at NUnit.Framework.Assert.Multiple(TestDelegate testDelegate)
   at osu.Game.Tests.Beatmaps.BeatmapConversionTest`2.<>c__DisplayClass4_0.<Test>b__1() in /app/osu.Game/Tests/Beatmaps/BeatmapConversionTest.cs:line 77
   at NUnit.Framework.Assert.Multiple(TestDelegate testDelegate)
   at osu.Game.Tests.Beatmaps.BeatmapConversionTest`2.Test(String name, Type[] mods) in /app/osu.Game/Tests/Beatmaps/BeatmapConversionTest.cs:line 50
   at osu.Game.Rulesets.Catch.Tests.CatchBeatmapConversionTest.Test(String name, Type[] mods) in /app/osu.Game.Rulesets.Catch.Tests/CatchBeatmapConversionTest.cs:line 58
   at InvokeStub_CatchBeatmapConversionTest.Test(Object, Span`1)

114)    at osu.Game.Tests.Beatmaps.BeatmapConversionTest`2.<>c__DisplayClass4_1.<Test>b__2() in /app/osu.Game/Tests/Beatmaps/BeatmapConversionTest.cs:line 98
   at NUnit.Framework.Assert.Multiple(TestDelegate testDelegate)
   at osu.Game.Tests.Beatmaps.BeatmapConversionTest`2.<>c__DisplayClass4_0.<Test>b__1() in /app/osu.Game/Tests/Beatmaps/BeatmapConversionTest.cs:line 77
   at NUnit.Framework.Assert.Multiple(TestDelegate testDelegate)
   at osu.Game.Tests.Beatmaps.BeatmapConversionTest`2.Test(String name, Type[] mods) in /app/osu.Game/Tests/Beatmaps/BeatmapConversionTest.cs:line 50
   at osu.Game.Rulesets.Catch.Tests.CatchBeatmapConversionTest.Test(String name, Type[] mods) in /app/osu.Game.Rulesets.Catch.Tests/CatchBeatmapConversionTest.cs:line 58
   at InvokeStub_CatchBeatmapConversionTest.Test(Object, Span`1)

115)    at osu.Game.Tests.Beatmaps.BeatmapConversionTest`2.<>c__DisplayClass4_1.<Test>b__2() in /app/osu.Game/Tests/Beatmaps/BeatmapConversionTest.cs:line 98
   at NUnit.Framework.Assert.Multiple(TestDelegate testDelegate)
   at osu.Game.Tests.Beatmaps.BeatmapConversionTest`2.<>c__DisplayClass4_0.<Test>b__1() in /app/osu.Game/Tests/Beatmaps/BeatmapConversionTest.cs:line 77
   at NUnit.Framework.Assert.Multiple(TestDelegate testDelegate)
   at osu.Game.Tests.Beatmaps.BeatmapConversionTest`2.Test(String name, Type[] mods) in /app/osu.Game/Tests/Beatmaps/BeatmapConversionTest.cs:line 50
   at osu.Game.Rulesets.Catch.Tests.CatchBeatmapConversionTest.Test(String name, Type[] mods) in /app/osu.Game.Rulesets.Catch.Tests/CatchBeatmapConversionTest.cs:line 58
   at InvokeStub_CatchBeatmapConversionTest.Test(Object, Span`1)

116)    at osu.Game.Tests.Beatmaps.BeatmapConversionTest`2.<>c__DisplayClass4_1.<Test>b__2() in /app/osu.Game/Tests/Beatmaps/BeatmapConversionTest.cs:line 98
   at NUnit.Framework.Assert.Multiple(TestDelegate testDelegate)
   at osu.Game.Tests.Beatmaps.BeatmapConversionTest`2.<>c__DisplayClass4_0.<Test>b__1() in /app/osu.Game/Tests/Beatmaps/BeatmapConversionTest.cs:line 77
   at NUnit.Framework.Assert.Multiple(TestDelegate testDelegate)
   at osu.Game.Tests.Beatmaps.BeatmapConversionTest`2.Test(String name, Type[] mods) in /app/osu.Game/Tests/Beatmaps/BeatmapConversionTest.cs:line 50
   at osu.Game.Rulesets.Catch.Tests.CatchBeatmapConversionTest.Test(String name, Type[] mods) in /app/osu.Game.Rulesets.Catch.Tests/CatchBeatmapConversionTest.cs:line 58
   at InvokeStub_CatchBeatmapConversionTest.Test(Object, Span`1)

117)    at osu.Game.Tests.Beatmaps.BeatmapConversionTest`2.<>c__DisplayClass4_1.<Test>b__2() in /app/osu.Game/Tests/Beatmaps/BeatmapConversionTest.cs:line 98
   at NUnit.Framework.Assert.Multiple(TestDelegate testDelegate)
   at osu.Game.Tests.Beatmaps.BeatmapConversionTest`2.<>c__DisplayClass4_0.<Test>b__1() in /app/osu.Game/Tests/Beatmaps/BeatmapConversionTest.cs:line 77
   at NUnit.Framework.Assert.Multiple(TestDelegate testDelegate)
   at osu.Game.Tests.Beatmaps.BeatmapConversionTest`2.Test(String name, Type[] mods) in /app/osu.Game/Tests/Beatmaps/BeatmapConversionTest.cs:line 50
   at osu.Game.Rulesets.Catch.Tests.CatchBeatmapConversionTest.Test(String name, Type[] mods) in /app/osu.Game.Rulesets.Catch.Tests/CatchBeatmapConversionTest.cs:line 58
   at InvokeStub_CatchBeatmapConversionTest.Test(Object, Span`1)

118)    at osu.Game.Tests.Beatmaps.BeatmapConversionTest`2.<>c__DisplayClass4_1.<Test>b__2() in /app/osu.Game/Tests/Beatmaps/BeatmapConversionTest.cs:line 98
   at NUnit.Framework.Assert.Multiple(TestDelegate testDelegate)
   at osu.Game.Tests.Beatmaps.BeatmapConversionTest`2.<>c__DisplayClass4_0.<Test>b__1() in /app/osu.Game/Tests/Beatmaps/BeatmapConversionTest.cs:line 77
   at NUnit.Framework.Assert.Multiple(TestDelegate testDelegate)
   at osu.Game.Tests.Beatmaps.BeatmapConversionTest`2.Test(String name, Type[] mods) in /app/osu.Game/Tests/Beatmaps/BeatmapConversionTest.cs:line 50
   at osu.Game.Rulesets.Catch.Tests.CatchBeatmapConversionTest.Test(String name, Type[] mods) in /app/osu.Game.Rulesets.Catch.Tests/CatchBeatmapConversionTest.cs:line 58
   at InvokeStub_CatchBeatmapConversionTest.Test(Object, Span`1)

119)    at osu.Game.Tests.Beatmaps.BeatmapConversionTest`2.<>c__DisplayClass4_1.<Test>b__2() in /app/osu.Game/Tests/Beatmaps/BeatmapConversionTest.cs:line 98
   at NUnit.Framework.Assert.Multiple(TestDelegate testDelegate)
   at osu.Game.Tests.Beatmaps.BeatmapConversionTest`2.<>c__DisplayClass4_0.<Test>b__1() in /app/osu.Game/Tests/Beatmaps/BeatmapConversionTest.cs:line 77
   at NUnit.Framework.Assert.Multiple(TestDelegate testDelegate)
   at osu.Game.Tests.Beatmaps.BeatmapConversionTest`2.Test(String name, Type[] mods) in /app/osu.Game/Tests/Beatmaps/BeatmapConversionTest.cs:line 50
   at osu.Game.Rulesets.Catch.Tests.CatchBeatmapConversionTest.Test(String name, Type[] mods) in /app/osu.Game.Rulesets.Catch.Tests/CatchBeatmapConversionTest.cs:line 58
   at InvokeStub_CatchBeatmapConversionTest.Test(Object, Span`1)

120)    at osu.Game.Tests.Beatmaps.BeatmapConversionTest`2.<>c__DisplayClass4_1.<Test>b__2() in /app/osu.Game/Tests/Beatmaps/BeatmapConversionTest.cs:line 98
   at NUnit.Framework.Assert.Multiple(TestDelegate testDelegate)
   at osu.Game.Tests.Beatmaps.BeatmapConversionTest`2.<>c__DisplayClass4_0.<Test>b__1() in /app/osu.Game/Tests/Beatmaps/BeatmapConversionTest.cs:line 77
   at NUnit.Framework.Assert.Multiple(TestDelegate testDelegate)
   at osu.Game.Tests.Beatmaps.BeatmapConversionTest`2.Test(String name, Type[] mods) in /app/osu.Game/Tests/Beatmaps/BeatmapConversionTest.cs:line 50
   at osu.Game.Rulesets.Catch.Tests.CatchBeatmapConversionTest.Test(String name, Type[] mods) in /app/osu.Game.Rulesets.Catch.Tests/CatchBeatmapConversionTest.cs:line 58
   at InvokeStub_CatchBeatmapConversionTest.Test(Object, Span`1)

121)    at osu.Game.Tests.Beatmaps.BeatmapConversionTest`2.<>c__DisplayClass4_1.<Test>b__2() in /app/osu.Game/Tests/Beatmaps/BeatmapConversionTest.cs:line 98
   at NUnit.Framework.Assert.Multiple(TestDelegate testDelegate)
   at osu.Game.Tests.Beatmaps.BeatmapConversionTest`2.<>c__DisplayClass4_0.<Test>b__1() in /app/osu.Game/Tests/Beatmaps/BeatmapConversionTest.cs:line 77
   at NUnit.Framework.Assert.Multiple(TestDelegate testDelegate)
   at osu.Game.Tests.Beatmaps.BeatmapConversionTest`2.Test(String name, Type[] mods) in /app/osu.Game/Tests/Beatmaps/BeatmapConversionTest.cs:line 50
   at osu.Game.Rulesets.Catch.Tests.CatchBeatmapConversionTest.Test(String name, Type[] mods) in /app/osu.Game.Rulesets.Catch.Tests/CatchBeatmapConversionTest.cs:line 58
   at InvokeStub_CatchBeatmapConversionTest.Test(Object, Span`1)

122)    at osu.Game.Tests.Beatmaps.BeatmapConversionTest`2.<>c__DisplayClass4_1.<Test>b__2() in /app/osu.Game/Tests/Beatmaps/BeatmapConversionTest.cs:line 98
   at NUnit.Framework.Assert.Multiple(TestDelegate testDelegate)
   at osu.Game.Tests.Beatmaps.BeatmapConversionTest`2.<>c__DisplayClass4_0.<Test>b__1() in /app/osu.Game/Tests/Beatmaps/BeatmapConversionTest.cs:line 77
   at NUnit.Framework.Assert.Multiple(TestDelegate testDelegate)
   at osu.Game.Tests.Beatmaps.BeatmapConversionTest`2.Test(String name, Type[] mods) in /app/osu.Game/Tests/Beatmaps/BeatmapConversionTest.cs:line 50
   at osu.Game.Rulesets.Catch.Tests.CatchBeatmapConversionTest.Test(String name, Type[] mods) in /app/osu.Game.Rulesets.Catch.Tests/CatchBeatmapConversionTest.cs:line 58
   at InvokeStub_CatchBeatmapConversionTest.Test(Object, Span`1)

123)    at osu.Game.Tests.Beatmaps.BeatmapConversionTest`2.<>c__DisplayClass4_1.<Test>b__2() in /app/osu.Game/Tests/Beatmaps/BeatmapConversionTest.cs:line 98
   at NUnit.Framework.Assert.Multiple(TestDelegate testDelegate)
   at osu.Game.Tests.Beatmaps.BeatmapConversionTest`2.<>c__DisplayClass4_0.<Test>b__1() in /app/osu.Game/Tests/Beatmaps/BeatmapConversionTest.cs:line 77
   at NUnit.Framework.Assert.Multiple(TestDelegate testDelegate)
   at osu.Game.Tests.Beatmaps.BeatmapConversionTest`2.Test(String name, Type[] mods) in /app/osu.Game/Tests/Beatmaps/BeatmapConversionTest.cs:line 50
   at osu.Game.Rulesets.Catch.Tests.CatchBeatmapConversionTest.Test(String name, Type[] mods) in /app/osu.Game.Rulesets.Catch.Tests/CatchBeatmapConversionTest.cs:line 58
   at InvokeStub_CatchBeatmapConversionTest.Test(Object, Span`1)

124)    at osu.Game.Tests.Beatmaps.BeatmapConversionTest`2.<>c__DisplayClass4_1.<Test>b__2() in /app/osu.Game/Tests/Beatmaps/BeatmapConversionTest.cs:line 98
   at NUnit.Framework.Assert.Multiple(TestDelegate testDelegate)
   at osu.Game.Tests.Beatmaps.BeatmapConversionTest`2.<>c__DisplayClass4_0.<Test>b__1() in /app/osu.Game/Tests/Beatmaps/BeatmapConversionTest.cs:line 77
   at NUnit.Framework.Assert.Multiple(TestDelegate testDelegate)
   at osu.Game.Tests.Beatmaps.BeatmapConversionTest`2.Test(String name, Type[] mods) in /app/osu.Game/Tests/Beatmaps/BeatmapConversionTest.cs:line 50
   at osu.Game.Rulesets.Catch.Tests.CatchBeatmapConversionTest.Test(String name, Type[] mods) in /app/osu.Game.Rulesets.Catch.Tests/CatchBeatmapConversionTest.cs:line 58
   at InvokeStub_CatchBeatmapConversionTest.Test(Object, Span`1)

125)    at osu.Game.Tests.Beatmaps.BeatmapConversionTest`2.<>c__DisplayClass4_1.<Test>b__2() in /app/osu.Game/Tests/Beatmaps/BeatmapConversionTest.cs:line 98
   at NUnit.Framework.Assert.Multiple(TestDelegate testDelegate)
   at osu.Game.Tests.Beatmaps.BeatmapConversionTest`2.<>c__DisplayClass4_0.<Test>b__1() in /app/osu.Game/Tests/Beatmaps/BeatmapConversionTest.cs:line 77
   at NUnit.Framework.Assert.Multiple(TestDelegate testDelegate)
   at osu.Game.Tests.Beatmaps.BeatmapConversionTest`2.Test(String name, Type[] mods) in /app/osu.Game/Tests/Beatmaps/BeatmapConversionTest.cs:line 50
   at osu.Game.Rulesets.Catch.Tests.CatchBeatmapConversionTest.Test(String name, Type[] mods) in /app/osu.Game.Rulesets.Catch.Tests/CatchBeatmapConversionTest.cs:line 58
   at InvokeStub_CatchBeatmapConversionTest.Test(Object, Span`1)

126)    at osu.Game.Tests.Beatmaps.BeatmapConversionTest`2.<>c__DisplayClass4_1.<Test>b__2() in /app/osu.Game/Tests/Beatmaps/BeatmapConversionTest.cs:line 98
   at NUnit.Framework.Assert.Multiple(TestDelegate testDelegate)
   at osu.Game.Tests.Beatmaps.BeatmapConversionTest`2.<>c__DisplayClass4_0.<Test>b__1() in /app/osu.Game/Tests/Beatmaps/BeatmapConversionTest.cs:line 77
   at NUnit.Framework.Assert.Multiple(TestDelegate testDelegate)
   at osu.Game.Tests.Beatmaps.BeatmapConversionTest`2.Test(String name, Type[] mods) in /app/osu.Game/Tests/Beatmaps/BeatmapConversionTest.cs:line 50
   at osu.Game.Rulesets.Catch.Tests.CatchBeatmapConversionTest.Test(String name, Type[] mods) in /app/osu.Game.Rulesets.Catch.Tests/CatchBeatmapConversionTest.cs:line 58
   at InvokeStub_CatchBeatmapConversionTest.Test(Object, Span`1)

127)    at osu.Game.Tests.Beatmaps.BeatmapConversionTest`2.<>c__DisplayClass4_1.<Test>b__2() in /app/osu.Game/Tests/Beatmaps/BeatmapConversionTest.cs:line 98
   at NUnit.Framework.Assert.Multiple(TestDelegate testDelegate)
   at osu.Game.Tests.Beatmaps.BeatmapConversionTest`2.<>c__DisplayClass4_0.<Test>b__1() in /app/osu.Game/Tests/Beatmaps/BeatmapConversionTest.cs:line 77
   at NUnit.Framework.Assert.Multiple(TestDelegate testDelegate)
   at osu.Game.Tests.Beatmaps.BeatmapConversionTest`2.Test(String name, Type[] mods) in /app/osu.Game/Tests/Beatmaps/BeatmapConversionTest.cs:line 50
   at osu.Game.Rulesets.Catch.Tests.CatchBeatmapConversionTest.Test(String name, Type[] mods) in /app/osu.Game.Rulesets.Catch.Tests/CatchBeatmapConversionTest.cs:line 58
   at InvokeStub_CatchBeatmapConversionTest.Test(Object, Span`1)

128)    at osu.Game.Tests.Beatmaps.BeatmapConversionTest`2.<>c__DisplayClass4_1.<Test>b__2() in /app/osu.Game/Tests/Beatmaps/BeatmapConversionTest.cs:line 98
   at NUnit.Framework.Assert.Multiple(TestDelegate testDelegate)
   at osu.Game.Tests.Beatmaps.BeatmapConversionTest`2.<>c__DisplayClass4_0.<Test>b__1() in /app/osu.Game/Tests/Beatmaps/BeatmapConversionTest.cs:line 77
   at NUnit.Framework.Assert.Multiple(TestDelegate testDelegate)
   at osu.Game.Tests.Beatmaps.BeatmapConversionTest`2.Test(String name, Type[] mods) in /app/osu.Game/Tests/Beatmaps/BeatmapConversionTest.cs:line 50
   at osu.Game.Rulesets.Catch.Tests.CatchBeatmapConversionTest.Test(String name, Type[] mods) in /app/osu.Game.Rulesets.Catch.Tests/CatchBeatmapConversionTest.cs:line 58
   at InvokeStub_CatchBeatmapConversionTest.Test(Object, Span`1)

129)    at osu.Game.Tests.Beatmaps.BeatmapConversionTest`2.<>c__DisplayClass4_1.<Test>b__2() in /app/osu.Game/Tests/Beatmaps/BeatmapConversionTest.cs:line 98
   at NUnit.Framework.Assert.Multiple(TestDelegate testDelegate)
   at osu.Game.Tests.Beatmaps.BeatmapConversionTest`2.<>c__DisplayClass4_0.<Test>b__1() in /app/osu.Game/Tests/Beatmaps/BeatmapConversionTest.cs:line 77
   at NUnit.Framework.Assert.Multiple(TestDelegate testDelegate)
   at osu.Game.Tests.Beatmaps.BeatmapConversionTest`2.Test(String name, Type[] mods) in /app/osu.Game/Tests/Beatmaps/BeatmapConversionTest.cs:line 50
   at osu.Game.Rulesets.Catch.Tests.CatchBeatmapConversionTest.Test(String name, Type[] mods) in /app/osu.Game.Rulesets.Catch.Tests/CatchBeatmapConversionTest.cs:line 58
   at InvokeStub_CatchBeatmapConversionTest.Test(Object, Span`1)

130)    at osu.Game.Tests.Beatmaps.BeatmapConversionTest`2.<>c__DisplayClass4_1.<Test>b__2() in /app/osu.Game/Tests/Beatmaps/BeatmapConversionTest.cs:line 98
   at NUnit.Framework.Assert.Multiple(TestDelegate testDelegate)
   at osu.Game.Tests.Beatmaps.BeatmapConversionTest`2.<>c__DisplayClass4_0.<Test>b__1() in /app/osu.Game/Tests/Beatmaps/BeatmapConversionTest.cs:line 77
   at NUnit.Framework.Assert.Multiple(TestDelegate testDelegate)
   at osu.Game.Tests.Beatmaps.BeatmapConversionTest`2.Test(String name, Type[] mods) in /app/osu.Game/Tests/Beatmaps/BeatmapConversionTest.cs:line 50
   at osu.Game.Rulesets.Catch.Tests.CatchBeatmapConversionTest.Test(String name, Type[] mods) in /app/osu.Game.Rulesets.Catch.Tests/CatchBeatmapConversionTest.cs:line 58
   at InvokeStub_CatchBeatmapConversionTest.Test(Object, Span`1)

131)    at osu.Game.Tests.Beatmaps.BeatmapConversionTest`2.<>c__DisplayClass4_1.<Test>b__2() in /app/osu.Game/Tests/Beatmaps/BeatmapConversionTest.cs:line 98
   at NUnit.Framework.Assert.Multiple(TestDelegate testDelegate)
   at osu.Game.Tests.Beatmaps.BeatmapConversionTest`2.<>c__DisplayClass4_0.<Test>b__1() in /app/osu.Game/Tests/Beatmaps/BeatmapConversionTest.cs:line 77
   at NUnit.Framework.Assert.Multiple(TestDelegate testDelegate)
   at osu.Game.Tests.Beatmaps.BeatmapConversionTest`2.Test(String name, Type[] mods) in /app/osu.Game/Tests/Beatmaps/BeatmapConversionTest.cs:line 50
   at osu.Game.Rulesets.Catch.Tests.CatchBeatmapConversionTest.Test(String name, Type[] mods) in /app/osu.Game.Rulesets.Catch.Tests/CatchBeatmapConversionTest.cs:line 58
   at InvokeStub_CatchBeatmapConversionTest.Test(Object, Span`1)

132)    at osu.Game.Tests.Beatmaps.BeatmapConversionTest`2.<>c__DisplayClass4_1.<Test>b__2() in /app/osu.Game/Tests/Beatmaps/BeatmapConversionTest.cs:line 98
   at NUnit.Framework.Assert.Multiple(TestDelegate testDelegate)
   at osu.Game.Tests.Beatmaps.BeatmapConversionTest`2.<>c__DisplayClass4_0.<Test>b__1() in /app/osu.Game/Tests/Beatmaps/BeatmapConversionTest.cs:line 77
   at NUnit.Framework.Assert.Multiple(TestDelegate testDelegate)
   at osu.Game.Tests.Beatmaps.BeatmapConversionTest`2.Test(String name, Type[] mods) in /app/osu.Game/Tests/Beatmaps/BeatmapConversionTest.cs:line 50
   at osu.Game.Rulesets.Catch.Tests.CatchBeatmapConversionTest.Test(String name, Type[] mods) in /app/osu.Game.Rulesets.Catch.Tests/CatchBeatmapConversionTest.cs:line 58
   at InvokeStub_CatchBeatmapConversionTest.Test(Object, Span`1)

133)    at osu.Game.Tests.Beatmaps.BeatmapConversionTest`2.<>c__DisplayClass4_1.<Test>b__2() in /app/osu.Game/Tests/Beatmaps/BeatmapConversionTest.cs:line 98
   at NUnit.Framework.Assert.Multiple(TestDelegate testDelegate)
   at osu.Game.Tests.Beatmaps.BeatmapConversionTest`2.<>c__DisplayClass4_0.<Test>b__1() in /app/osu.Game/Tests/Beatmaps/BeatmapConversionTest.cs:line 77
   at NUnit.Framework.Assert.Multiple(TestDelegate testDelegate)
   at osu.Game.Tests.Beatmaps.BeatmapConversionTest`2.Test(String name, Type[] mods) in /app/osu.Game/Tests/Beatmaps/BeatmapConversionTest.cs:line 50
   at osu.Game.Rulesets.Catch.Tests.CatchBeatmapConversionTest.Test(String name, Type[] mods) in /app/osu.Game.Rulesets.Catch.Tests/CatchBeatmapConversionTest.cs:line 58
   at InvokeStub_CatchBeatmapConversionTest.Test(Object, Span`1)

134)    at osu.Game.Tests.Beatmaps.BeatmapConversionTest`2.<>c__DisplayClass4_1.<Test>b__2() in /app/osu.Game/Tests/Beatmaps/BeatmapConversionTest.cs:line 98
   at NUnit.Framework.Assert.Multiple(TestDelegate testDelegate)
   at osu.Game.Tests.Beatmaps.BeatmapConversionTest`2.<>c__DisplayClass4_0.<Test>b__1() in /app/osu.Game/Tests/Beatmaps/BeatmapConversionTest.cs:line 77
   at NUnit.Framework.Assert.Multiple(TestDelegate testDelegate)
   at osu.Game.Tests.Beatmaps.BeatmapConversionTest`2.Test(String name, Type[] mods) in /app/osu.Game/Tests/Beatmaps/BeatmapConversionTest.cs:line 50
   at osu.Game.Rulesets.Catch.Tests.CatchBeatmapConversionTest.Test(String name, Type[] mods) in /app/osu.Game.Rulesets.Catch.Tests/CatchBeatmapConversionTest.cs:line 58
   at InvokeStub_CatchBeatmapConversionTest.Test(Object, Span`1)

135)    at osu.Game.Tests.Beatmaps.BeatmapConversionTest`2.<>c__DisplayClass4_1.<Test>b__2() in /app/osu.Game/Tests/Beatmaps/BeatmapConversionTest.cs:line 98
   at NUnit.Framework.Assert.Multiple(TestDelegate testDelegate)
   at osu.Game.Tests.Beatmaps.BeatmapConversionTest`2.<>c__DisplayClass4_0.<Test>b__1() in /app/osu.Game/Tests/Beatmaps/BeatmapConversionTest.cs:line 77
   at NUnit.Framework.Assert.Multiple(TestDelegate testDelegate)
   at osu.Game.Tests.Beatmaps.BeatmapConversionTest`2.Test(String name, Type[] mods) in /app/osu.Game/Tests/Beatmaps/BeatmapConversionTest.cs:line 50
   at osu.Game.Rulesets.Catch.Tests.CatchBeatmapConversionTest.Test(String name, Type[] mods) in /app/osu.Game.Rulesets.Catch.Tests/CatchBeatmapConversionTest.cs:line 58
   at InvokeStub_CatchBeatmapConversionTest.Test(Object, Span`1)

136)    at osu.Game.Tests.Beatmaps.BeatmapConversionTest`2.<>c__DisplayClass4_1.<Test>b__2() in /app/osu.Game/Tests/Beatmaps/BeatmapConversionTest.cs:line 98
   at NUnit.Framework.Assert.Multiple(TestDelegate testDelegate)
   at osu.Game.Tests.Beatmaps.BeatmapConversionTest`2.<>c__DisplayClass4_0.<Test>b__1() in /app/osu.Game/Tests/Beatmaps/BeatmapConversionTest.cs:line 77
   at NUnit.Framework.Assert.Multiple(TestDelegate testDelegate)
   at osu.Game.Tests.Beatmaps.BeatmapConversionTest`2.Test(String name, Type[] mods) in /app/osu.Game/Tests/Beatmaps/BeatmapConversionTest.cs:line 50
   at osu.Game.Rulesets.Catch.Tests.CatchBeatmapConversionTest.Test(String name, Type[] mods) in /app/osu.Game.Rulesets.Catch.Tests/CatchBeatmapConversionTest.cs:line 58
   at InvokeStub_CatchBeatmapConversionTest.Test(Object, Span`1)

137)    at osu.Game.Tests.Beatmaps.BeatmapConversionTest`2.<>c__DisplayClass4_1.<Test>b__2() in /app/osu.Game/Tests/Beatmaps/BeatmapConversionTest.cs:line 98
   at NUnit.Framework.Assert.Multiple(TestDelegate testDelegate)
   at osu.Game.Tests.Beatmaps.BeatmapConversionTest`2.<>c__DisplayClass4_0.<Test>b__1() in /app/osu.Game/Tests/Beatmaps/BeatmapConversionTest.cs:line 77
   at NUnit.Framework.Assert.Multiple(TestDelegate testDelegate)
   at osu.Game.Tests.Beatmaps.BeatmapConversionTest`2.Test(String name, Type[] mods) in /app/osu.Game/Tests/Beatmaps/BeatmapConversionTest.cs:line 50
   at osu.Game.Rulesets.Catch.Tests.CatchBeatmapConversionTest.Test(String name, Type[] mods) in /app/osu.Game.Rulesets.Catch.Tests/CatchBeatmapConversionTest.cs:line 58
   at InvokeStub_CatchBeatmapConversionTest.Test(Object, Span`1)

138)    at osu.Game.Tests.Beatmaps.BeatmapConversionTest`2.<>c__DisplayClass4_1.<Test>b__2() in /app/osu.Game/Tests/Beatmaps/BeatmapConversionTest.cs:line 98
   at NUnit.Framework.Assert.Multiple(TestDelegate testDelegate)
   at osu.Game.Tests.Beatmaps.BeatmapConversionTest`2.<>c__DisplayClass4_0.<Test>b__1() in /app/osu.Game/Tests/Beatmaps/BeatmapConversionTest.cs:line 77
   at NUnit.Framework.Assert.Multiple(TestDelegate testDelegate)
   at osu.Game.Tests.Beatmaps.BeatmapConversionTest`2.Test(String name, Type[] mods) in /app/osu.Game/Tests/Beatmaps/BeatmapConversionTest.cs:line 50
   at osu.Game.Rulesets.Catch.Tests.CatchBeatmapConversionTest.Test(String name, Type[] mods) in /app/osu.Game.Rulesets.Catch.Tests/CatchBeatmapConversionTest.cs:line 58
   at InvokeStub_CatchBeatmapConversionTest.Test(Object, Span`1)

139)    at osu.Game.Tests.Beatmaps.BeatmapConversionTest`2.<>c__DisplayClass4_1.<Test>b__2() in /app/osu.Game/Tests/Beatmaps/BeatmapConversionTest.cs:line 98
   at NUnit.Framework.Assert.Multiple(TestDelegate testDelegate)
   at osu.Game.Tests.Beatmaps.BeatmapConversionTest`2.<>c__DisplayClass4_0.<Test>b__1() in /app/osu.Game/Tests/Beatmaps/BeatmapConversionTest.cs:line 77
   at NUnit.Framework.Assert.Multiple(TestDelegate testDelegate)
   at osu.Game.Tests.Beatmaps.BeatmapConversionTest`2.Test(String name, Type[] mods) in /app/osu.Game/Tests/Beatmaps/BeatmapConversionTest.cs:line 50
   at osu.Game.Rulesets.Catch.Tests.CatchBeatmapConversionTest.Test(String name, Type[] mods) in /app/osu.Game.Rulesets.Catch.Tests/CatchBeatmapConversionTest.cs:line 58
   at InvokeStub_CatchBeatmapConversionTest.Test(Object, Span`1)

140)    at osu.Game.Tests.Beatmaps.BeatmapConversionTest`2.<>c__DisplayClass4_1.<Test>b__2() in /app/osu.Game/Tests/Beatmaps/BeatmapConversionTest.cs:line 98
   at NUnit.Framework.Assert.Multiple(TestDelegate testDelegate)
   at osu.Game.Tests.Beatmaps.BeatmapConversionTest`2.<>c__DisplayClass4_0.<Test>b__1() in /app/osu.Game/Tests/Beatmaps/BeatmapConversionTest.cs:line 77
   at NUnit.Framework.Assert.Multiple(TestDelegate testDelegate)
   at osu.Game.Tests.Beatmaps.BeatmapConversionTest`2.Test(String name, Type[] mods) in /app/osu.Game/Tests/Beatmaps/BeatmapConversionTest.cs:line 50
   at osu.Game.Rulesets.Catch.Tests.CatchBeatmapConversionTest.Test(String name, Type[] mods) in /app/osu.Game.Rulesets.Catch.Tests/CatchBeatmapConversionTest.cs:line 58
   at InvokeStub_CatchBeatmapConversionTest.Test(Object, Span`1)

141)    at osu.Game.Tests.Beatmaps.BeatmapConversionTest`2.<>c__DisplayClass4_1.<Test>b__2() in /app/osu.Game/Tests/Beatmaps/BeatmapConversionTest.cs:line 98
   at NUnit.Framework.Assert.Multiple(TestDelegate testDelegate)
   at osu.Game.Tests.Beatmaps.BeatmapConversionTest`2.<>c__DisplayClass4_0.<Test>b__1() in /app/osu.Game/Tests/Beatmaps/BeatmapConversionTest.cs:line 77
   at NUnit.Framework.Assert.Multiple(TestDelegate testDelegate)
   at osu.Game.Tests.Beatmaps.BeatmapConversionTest`2.Test(String name, Type[] mods) in /app/osu.Game/Tests/Beatmaps/BeatmapConversionTest.cs:line 50
   at osu.Game.Rulesets.Catch.Tests.CatchBeatmapConversionTest.Test(String name, Type[] mods) in /app/osu.Game.Rulesets.Catch.Tests/CatchBeatmapConversionTest.cs:line 58
   at InvokeStub_CatchBeatmapConversionTest.Test(Object, Span`1)

142)    at osu.Game.Tests.Beatmaps.BeatmapConversionTest`2.<>c__DisplayClass4_1.<Test>b__2() in /app/osu.Game/Tests/Beatmaps/BeatmapConversionTest.cs:line 98
   at NUnit.Framework.Assert.Multiple(TestDelegate testDelegate)
   at osu.Game.Tests.Beatmaps.BeatmapConversionTest`2.<>c__DisplayClass4_0.<Test>b__1() in /app/osu.Game/Tests/Beatmaps/BeatmapConversionTest.cs:line 77
   at NUnit.Framework.Assert.Multiple(TestDelegate testDelegate)
   at osu.Game.Tests.Beatmaps.BeatmapConversionTest`2.Test(String name, Type[] mods) in /app/osu.Game/Tests/Beatmaps/BeatmapConversionTest.cs:line 50
   at osu.Game.Rulesets.Catch.Tests.CatchBeatmapConversionTest.Test(String name, Type[] mods) in /app/osu.Game.Rulesets.Catch.Tests/CatchBeatmapConversionTest.cs:line 58
   at InvokeStub_CatchBeatmapConversionTest.Test(Object, Span`1)

143)    at osu.Game.Tests.Beatmaps.BeatmapConversionTest`2.<>c__DisplayClass4_1.<Test>b__2() in /app/osu.Game/Tests/Beatmaps/BeatmapConversionTest.cs:line 98
   at NUnit.Framework.Assert.Multiple(TestDelegate testDelegate)
   at osu.Game.Tests.Beatmaps.BeatmapConversionTest`2.<>c__DisplayClass4_0.<Test>b__1() in /app/osu.Game/Tests/Beatmaps/BeatmapConversionTest.cs:line 77
   at NUnit.Framework.Assert.Multiple(TestDelegate testDelegate)
   at osu.Game.Tests.Beatmaps.BeatmapConversionTest`2.Test(String name, Type[] mods) in /app/osu.Game/Tests/Beatmaps/BeatmapConversionTest.cs:line 50
   at osu.Game.Rulesets.Catch.Tests.CatchBeatmapConversionTest.Test(String name, Type[] mods) in /app/osu.Game.Rulesets.Catch.Tests/CatchBeatmapConversionTest.cs:line 58
   at InvokeStub_CatchBeatmapConversionTest.Test(Object, Span`1)

144)    at osu.Game.Tests.Beatmaps.BeatmapConversionTest`2.<>c__DisplayClass4_1.<Test>b__2() in /app/osu.Game/Tests/Beatmaps/BeatmapConversionTest.cs:line 98
   at NUnit.Framework.Assert.Multiple(TestDelegate testDelegate)
   at osu.Game.Tests.Beatmaps.BeatmapConversionTest`2.<>c__DisplayClass4_0.<Test>b__1() in /app/osu.Game/Tests/Beatmaps/BeatmapConversionTest.cs:line 77
   at NUnit.Framework.Assert.Multiple(TestDelegate testDelegate)
   at osu.Game.Tests.Beatmaps.BeatmapConversionTest`2.Test(String name, Type[] mods) in /app/osu.Game/Tests/Beatmaps/BeatmapConversionTest.cs:line 50
   at osu.Game.Rulesets.Catch.Tests.CatchBeatmapConversionTest.Test(String name, Type[] mods) in /app/osu.Game.Rulesets.Catch.Tests/CatchBeatmapConversionTest.cs:line 58
   at InvokeStub_CatchBeatmapConversionTest.Test(Object, Span`1)

145)    at osu.Game.Tests.Beatmaps.BeatmapConversionTest`2.<>c__DisplayClass4_1.<Test>b__2() in /app/osu.Game/Tests/Beatmaps/BeatmapConversionTest.cs:line 98
   at NUnit.Framework.Assert.Multiple(TestDelegate testDelegate)
   at osu.Game.Tests.Beatmaps.BeatmapConversionTest`2.<>c__DisplayClass4_0.<Test>b__1() in /app/osu.Game/Tests/Beatmaps/BeatmapConversionTest.cs:line 77
   at NUnit.Framework.Assert.Multiple(TestDelegate testDelegate)
   at osu.Game.Tests.Beatmaps.BeatmapConversionTest`2.Test(String name, Type[] mods) in /app/osu.Game/Tests/Beatmaps/BeatmapConversionTest.cs:line 50
   at osu.Game.Rulesets.Catch.Tests.CatchBeatmapConversionTest.Test(String name, Type[] mods) in /app/osu.Game.Rulesets.Catch.Tests/CatchBeatmapConversionTest.cs:line 58
   at InvokeStub_CatchBeatmapConversionTest.Test(Object, Span`1)

146)    at osu.Game.Tests.Beatmaps.BeatmapConversionTest`2.<>c__DisplayClass4_1.<Test>b__2() in /app/osu.Game/Tests/Beatmaps/BeatmapConversionTest.cs:line 98
   at NUnit.Framework.Assert.Multiple(TestDelegate testDelegate)
   at osu.Game.Tests.Beatmaps.BeatmapConversionTest`2.<>c__DisplayClass4_0.<Test>b__1() in /app/osu.Game/Tests/Beatmaps/BeatmapConversionTest.cs:line 77
   at NUnit.Framework.Assert.Multiple(TestDelegate testDelegate)
   at osu.Game.Tests.Beatmaps.BeatmapConversionTest`2.Test(String name, Type[] mods) in /app/osu.Game/Tests/Beatmaps/BeatmapConversionTest.cs:line 50
   at osu.Game.Rulesets.Catch.Tests.CatchBeatmapConversionTest.Test(String name, Type[] mods) in /app/osu.Game.Rulesets.Catch.Tests/CatchBeatmapConversionTest.cs:line 58
   at InvokeStub_CatchBeatmapConversionTest.Test(Object, Span`1)

147)    at osu.Game.Tests.Beatmaps.BeatmapConversionTest`2.<>c__DisplayClass4_1.<Test>b__2() in /app/osu.Game/Tests/Beatmaps/BeatmapConversionTest.cs:line 98
   at NUnit.Framework.Assert.Multiple(TestDelegate testDelegate)
   at osu.Game.Tests.Beatmaps.BeatmapConversionTest`2.<>c__DisplayClass4_0.<Test>b__1() in /app/osu.Game/Tests/Beatmaps/BeatmapConversionTest.cs:line 77
   at NUnit.Framework.Assert.Multiple(TestDelegate testDelegate)
   at osu.Game.Tests.Beatmaps.BeatmapConversionTest`2.Test(String name, Type[] mods) in /app/osu.Game/Tests/Beatmaps/BeatmapConversionTest.cs:line 50
   at osu.Game.Rulesets.Catch.Tests.CatchBeatmapConversionTest.Test(String name, Type[] mods) in /app/osu.Game.Rulesets.Catch.Tests/CatchBeatmapConversionTest.cs:line 58
   at InvokeStub_CatchBeatmapConversionTest.Test(Object, Span`1)

148)    at osu.Game.Tests.Beatmaps.BeatmapConversionTest`2.<>c__DisplayClass4_1.<Test>b__2() in /app/osu.Game/Tests/Beatmaps/BeatmapConversionTest.cs:line 98
   at NUnit.Framework.Assert.Multiple(TestDelegate testDelegate)
   at osu.Game.Tests.Beatmaps.BeatmapConversionTest`2.<>c__DisplayClass4_0.<Test>b__1() in /app/osu.Game/Tests/Beatmaps/BeatmapConversionTest.cs:line 77
   at NUnit.Framework.Assert.Multiple(TestDelegate testDelegate)
   at osu.Game.Tests.Beatmaps.BeatmapConversionTest`2.Test(String name, Type[] mods) in /app/osu.Game/Tests/Beatmaps/BeatmapConversionTest.cs:line 50
   at osu.Game.Rulesets.Catch.Tests.CatchBeatmapConversionTest.Test(String name, Type[] mods) in /app/osu.Game.Rulesets.Catch.Tests/CatchBeatmapConversionTest.cs:line 58
   at InvokeStub_CatchBeatmapConversionTest.Test(Object, Span`1)

149)    at osu.Game.Tests.Beatmaps.BeatmapConversionTest`2.<>c__DisplayClass4_1.<Test>b__2() in /app/osu.Game/Tests/Beatmaps/BeatmapConversionTest.cs:line 98
   at NUnit.Framework.Assert.Multiple(TestDelegate testDelegate)
   at osu.Game.Tests.Beatmaps.BeatmapConversionTest`2.<>c__DisplayClass4_0.<Test>b__1() in /app/osu.Game/Tests/Beatmaps/BeatmapConversionTest.cs:line 77
   at NUnit.Framework.Assert.Multiple(TestDelegate testDelegate)
   at osu.Game.Tests.Beatmaps.BeatmapConversionTest`2.Test(String name, Type[] mods) in /app/osu.Game/Tests/Beatmaps/BeatmapConversionTest.cs:line 50
   at osu.Game.Rulesets.Catch.Tests.CatchBeatmapConversionTest.Test(String name, Type[] mods) in /app/osu.Game.Rulesets.Catch.Tests/CatchBeatmapConversionTest.cs:line 58
   at InvokeStub_CatchBeatmapConversionTest.Test(Object, Span`1)

150)    at osu.Game.Tests.Beatmaps.BeatmapConversionTest`2.<>c__DisplayClass4_1.<Test>b__2() in /app/osu.Game/Tests/Beatmaps/BeatmapConversionTest.cs:line 98
   at NUnit.Framework.Assert.Multiple(TestDelegate testDelegate)
   at osu.Game.Tests.Beatmaps.BeatmapConversionTest`2.<>c__DisplayClass4_0.<Test>b__1() in /app/osu.Game/Tests/Beatmaps/BeatmapConversionTest.cs:line 77
   at NUnit.Framework.Assert.Multiple(TestDelegate testDelegate)
   at osu.Game.Tests.Beatmaps.BeatmapConversionTest`2.Test(String name, Type[] mods) in /app/osu.Game/Tests/Beatmaps/BeatmapConversionTest.cs:line 50
   at osu.Game.Rulesets.Catch.Tests.CatchBeatmapConversionTest.Test(String name, Type[] mods) in /app/osu.Game.Rulesets.Catch.Tests/CatchBeatmapConversionTest.cs:line 58
   at InvokeStub_CatchBeatmapConversionTest.Test(Object, Span`1)

151)    at osu.Game.Tests.Beatmaps.BeatmapConversionTest`2.<>c__DisplayClass4_1.<Test>b__2() in /app/osu.Game/Tests/Beatmaps/BeatmapConversionTest.cs:line 98
   at NUnit.Framework.Assert.Multiple(TestDelegate testDelegate)
   at osu.Game.Tests.Beatmaps.BeatmapConversionTest`2.<>c__DisplayClass4_0.<Test>b__1() in /app/osu.Game/Tests/Beatmaps/BeatmapConversionTest.cs:line 77
   at NUnit.Framework.Assert.Multiple(TestDelegate testDelegate)
   at osu.Game.Tests.Beatmaps.BeatmapConversionTest`2.Test(String name, Type[] mods) in /app/osu.Game/Tests/Beatmaps/BeatmapConversionTest.cs:line 50
   at osu.Game.Rulesets.Catch.Tests.CatchBeatmapConversionTest.Test(String name, Type[] mods) in /app/osu.Game.Rulesets.Catch.Tests/CatchBeatmapConversionTest.cs:line 58
   at InvokeStub_CatchBeatmapConversionTest.Test(Object, Span`1)

152)    at osu.Game.Tests.Beatmaps.BeatmapConversionTest`2.<>c__DisplayClass4_1.<Test>b__2() in /app/osu.Game/Tests/Beatmaps/BeatmapConversionTest.cs:line 98
   at NUnit.Framework.Assert.Multiple(TestDelegate testDelegate)
   at osu.Game.Tests.Beatmaps.BeatmapConversionTest`2.<>c__DisplayClass4_0.<Test>b__1() in /app/osu.Game/Tests/Beatmaps/BeatmapConversionTest.cs:line 77
   at NUnit.Framework.Assert.Multiple(TestDelegate testDelegate)
   at osu.Game.Tests.Beatmaps.BeatmapConversionTest`2.Test(String name, Type[] mods) in /app/osu.Game/Tests/Beatmaps/BeatmapConversionTest.cs:line 50
   at osu.Game.Rulesets.Catch.Tests.CatchBeatmapConversionTest.Test(String name, Type[] mods) in /app/osu.Game.Rulesets.Catch.Tests/CatchBeatmapConversionTest.cs:line 58
   at InvokeStub_CatchBeatmapConversionTest.Test(Object, Span`1)

153)    at osu.Game.Tests.Beatmaps.BeatmapConversionTest`2.<>c__DisplayClass4_1.<Test>b__2() in /app/osu.Game/Tests/Beatmaps/BeatmapConversionTest.cs:line 98
   at NUnit.Framework.Assert.Multiple(TestDelegate testDelegate)
   at osu.Game.Tests.Beatmaps.BeatmapConversionTest`2.<>c__DisplayClass4_0.<Test>b__1() in /app/osu.Game/Tests/Beatmaps/BeatmapConversionTest.cs:line 77
   at NUnit.Framework.Assert.Multiple(TestDelegate testDelegate)
   at osu.Game.Tests.Beatmaps.BeatmapConversionTest`2.Test(String name, Type[] mods) in /app/osu.Game/Tests/Beatmaps/BeatmapConversionTest.cs:line 50
   at osu.Game.Rulesets.Catch.Tests.CatchBeatmapConversionTest.Test(String name, Type[] mods) in /app/osu.Game.Rulesets.Catch.Tests/CatchBeatmapConversionTest.cs:line 58
   at InvokeStub_CatchBeatmapConversionTest.Test(Object, Span`1)

154)    at osu.Game.Tests.Beatmaps.BeatmapConversionTest`2.<>c__DisplayClass4_1.<Test>b__2() in /app/osu.Game/Tests/Beatmaps/BeatmapConversionTest.cs:line 98
   at NUnit.Framework.Assert.Multiple(TestDelegate testDelegate)
   at osu.Game.Tests.Beatmaps.BeatmapConversionTest`2.<>c__DisplayClass4_0.<Test>b__1() in /app/osu.Game/Tests/Beatmaps/BeatmapConversionTest.cs:line 77
   at NUnit.Framework.Assert.Multiple(TestDelegate testDelegate)
   at osu.Game.Tests.Beatmaps.BeatmapConversionTest`2.Test(String name, Type[] mods) in /app/osu.Game/Tests/Beatmaps/BeatmapConversionTest.cs:line 50
   at osu.Game.Rulesets.Catch.Tests.CatchBeatmapConversionTest.Test(String name, Type[] mods) in /app/osu.Game.Rulesets.Catch.Tests/CatchBeatmapConversionTest.cs:line 58
   at InvokeStub_CatchBeatmapConversionTest.Test(Object, Span`1)

155)    at osu.Game.Tests.Beatmaps.BeatmapConversionTest`2.<>c__DisplayClass4_1.<Test>b__2() in /app/osu.Game/Tests/Beatmaps/BeatmapConversionTest.cs:line 98
   at NUnit.Framework.Assert.Multiple(TestDelegate testDelegate)
   at osu.Game.Tests.Beatmaps.BeatmapConversionTest`2.<>c__DisplayClass4_0.<Test>b__1() in /app/osu.Game/Tests/Beatmaps/BeatmapConversionTest.cs:line 77
   at NUnit.Framework.Assert.Multiple(TestDelegate testDelegate)
   at osu.Game.Tests.Beatmaps.BeatmapConversionTest`2.Test(String name, Type[] mods) in /app/osu.Game/Tests/Beatmaps/BeatmapConversionTest.cs:line 50
   at osu.Game.Rulesets.Catch.Tests.CatchBeatmapConversionTest.Test(String name, Type[] mods) in /app/osu.Game.Rulesets.Catch.Tests/CatchBeatmapConversionTest.cs:line 58
   at InvokeStub_CatchBeatmapConversionTest.Test(Object, Span`1)

156)    at osu.Game.Tests.Beatmaps.BeatmapConversionTest`2.<>c__DisplayClass4_1.<Test>b__2() in /app/osu.Game/Tests/Beatmaps/BeatmapConversionTest.cs:line 98
   at NUnit.Framework.Assert.Multiple(TestDelegate testDelegate)
   at osu.Game.Tests.Beatmaps.BeatmapConversionTest`2.<>c__DisplayClass4_0.<Test>b__1() in /app/osu.Game/Tests/Beatmaps/BeatmapConversionTest.cs:line 77
   at NUnit.Framework.Assert.Multiple(TestDelegate testDelegate)
   at osu.Game.Tests.Beatmaps.BeatmapConversionTest`2.Test(String name, Type[] mods) in /app/osu.Game/Tests/Beatmaps/BeatmapConversionTest.cs:line 50
   at osu.Game.Rulesets.Catch.Tests.CatchBeatmapConversionTest.Test(String name, Type[] mods) in /app/osu.Game.Rulesets.Catch.Tests/CatchBeatmapConversionTest.cs:line 58
   at InvokeStub_CatchBeatmapConversionTest.Test(Object, Span`1)

157)    at osu.Game.Tests.Beatmaps.BeatmapConversionTest`2.<>c__DisplayClass4_1.<Test>b__2() in /app/osu.Game/Tests/Beatmaps/BeatmapConversionTest.cs:line 98
   at NUnit.Framework.Assert.Multiple(TestDelegate testDelegate)
   at osu.Game.Tests.Beatmaps.BeatmapConversionTest`2.<>c__DisplayClass4_0.<Test>b__1() in /app/osu.Game/Tests/Beatmaps/BeatmapConversionTest.cs:line 77
   at NUnit.Framework.Assert.Multiple(TestDelegate testDelegate)
   at osu.Game.Tests.Beatmaps.BeatmapConversionTest`2.Test(String name, Type[] mods) in /app/osu.Game/Tests/Beatmaps/BeatmapConversionTest.cs:line 50
   at osu.Game.Rulesets.Catch.Tests.CatchBeatmapConversionTest.Test(String name, Type[] mods) in /app/osu.Game.Rulesets.Catch.Tests/CatchBeatmapConversionTest.cs:line 58
   at InvokeStub_CatchBeatmapConversionTest.Test(Object, Span`1)

158)    at osu.Game.Tests.Beatmaps.BeatmapConversionTest`2.<>c__DisplayClass4_1.<Test>b__2() in /app/osu.Game/Tests/Beatmaps/BeatmapConversionTest.cs:line 98
   at NUnit.Framework.Assert.Multiple(TestDelegate testDelegate)
   at osu.Game.Tests.Beatmaps.BeatmapConversionTest`2.<>c__DisplayClass4_0.<Test>b__1() in /app/osu.Game/Tests/Beatmaps/BeatmapConversionTest.cs:line 77
   at NUnit.Framework.Assert.Multiple(TestDelegate testDelegate)
   at osu.Game.Tests.Beatmaps.BeatmapConversionTest`2.Test(String name, Type[] mods) in /app/osu.Game/Tests/Beatmaps/BeatmapConversionTest.cs:line 50
   at osu.Game.Rulesets.Catch.Tests.CatchBeatmapConversionTest.Test(String name, Type[] mods) in /app/osu.Game.Rulesets.Catch.Tests/CatchBeatmapConversionTest.cs:line 58
   at InvokeStub_CatchBeatmapConversionTest.Test(Object, Span`1)

159)    at osu.Game.Tests.Beatmaps.BeatmapConversionTest`2.<>c__DisplayClass4_1.<Test>b__2() in /app/osu.Game/Tests/Beatmaps/BeatmapConversionTest.cs:line 98
   at NUnit.Framework.Assert.Multiple(TestDelegate testDelegate)
   at osu.Game.Tests.Beatmaps.BeatmapConversionTest`2.<>c__DisplayClass4_0.<Test>b__1() in /app/osu.Game/Tests/Beatmaps/BeatmapConversionTest.cs:line 77
   at NUnit.Framework.Assert.Multiple(TestDelegate testDelegate)
   at osu.Game.Tests.Beatmaps.BeatmapConversionTest`2.Test(String name, Type[] mods) in /app/osu.Game/Tests/Beatmaps/BeatmapConversionTest.cs:line 50
   at osu.Game.Rulesets.Catch.Tests.CatchBeatmapConversionTest.Test(String name, Type[] mods) in /app/osu.Game.Rulesets.Catch.Tests/CatchBeatmapConversionTest.cs:line 58
   at InvokeStub_CatchBeatmapConversionTest.Test(Object, Span`1)

160)    at osu.Game.Tests.Beatmaps.BeatmapConversionTest`2.<>c__DisplayClass4_1.<Test>b__2() in /app/osu.Game/Tests/Beatmaps/BeatmapConversionTest.cs:line 98
   at NUnit.Framework.Assert.Multiple(TestDelegate testDelegate)
   at osu.Game.Tests.Beatmaps.BeatmapConversionTest`2.<>c__DisplayClass4_0.<Test>b__1() in /app/osu.Game/Tests/Beatmaps/BeatmapConversionTest.cs:line 77
   at NUnit.Framework.Assert.Multiple(TestDelegate testDelegate)
   at osu.Game.Tests.Beatmaps.BeatmapConversionTest`2.Test(String name, Type[] mods) in /app/osu.Game/Tests/Beatmaps/BeatmapConversionTest.cs:line 50
   at osu.Game.Rulesets.Catch.Tests.CatchBeatmapConversionTest.Test(String name, Type[] mods) in /app/osu.Game.Rulesets.Catch.Tests/CatchBeatmapConversionTest.cs:line 58
   at InvokeStub_CatchBeatmapConversionTest.Test(Object, Span`1)

161)    at osu.Game.Tests.Beatmaps.BeatmapConversionTest`2.<>c__DisplayClass4_1.<Test>b__2() in /app/osu.Game/Tests/Beatmaps/BeatmapConversionTest.cs:line 98
   at NUnit.Framework.Assert.Multiple(TestDelegate testDelegate)
   at osu.Game.Tests.Beatmaps.BeatmapConversionTest`2.<>c__DisplayClass4_0.<Test>b__1() in /app/osu.Game/Tests/Beatmaps/BeatmapConversionTest.cs:line 77
   at NUnit.Framework.Assert.Multiple(TestDelegate testDelegate)
   at osu.Game.Tests.Beatmaps.BeatmapConversionTest`2.Test(String name, Type[] mods) in /app/osu.Game/Tests/Beatmaps/BeatmapConversionTest.cs:line 50
   at osu.Game.Rulesets.Catch.Tests.CatchBeatmapConversionTest.Test(String name, Type[] mods) in /app/osu.Game.Rulesets.Catch.Tests/CatchBeatmapConversionTest.cs:line 58
   at InvokeStub_CatchBeatmapConversionTest.Test(Object, Span`1)

162)    at osu.Game.Tests.Beatmaps.BeatmapConversionTest`2.<>c__DisplayClass4_1.<Test>b__2() in /app/osu.Game/Tests/Beatmaps/BeatmapConversionTest.cs:line 98
   at NUnit.Framework.Assert.Multiple(TestDelegate testDelegate)
   at osu.Game.Tests.Beatmaps.BeatmapConversionTest`2.<>c__DisplayClass4_0.<Test>b__1() in /app/osu.Game/Tests/Beatmaps/BeatmapConversionTest.cs:line 77
   at NUnit.Framework.Assert.Multiple(TestDelegate testDelegate)
   at osu.Game.Tests.Beatmaps.BeatmapConversionTest`2.Test(String name, Type[] mods) in /app/osu.Game/Tests/Beatmaps/BeatmapConversionTest.cs:line 50
   at osu.Game.Rulesets.Catch.Tests.CatchBeatmapConversionTest.Test(String name, Type[] mods) in /app/osu.Game.Rulesets.Catch.Tests/CatchBeatmapConversionTest.cs:line 58
   at InvokeStub_CatchBeatmapConversionTest.Test(Object, Span`1)

163)    at osu.Game.Tests.Beatmaps.BeatmapConversionTest`2.<>c__DisplayClass4_1.<Test>b__2() in /app/osu.Game/Tests/Beatmaps/BeatmapConversionTest.cs:line 98
   at NUnit.Framework.Assert.Multiple(TestDelegate testDelegate)
   at osu.Game.Tests.Beatmaps.BeatmapConversionTest`2.<>c__DisplayClass4_0.<Test>b__1() in /app/osu.Game/Tests/Beatmaps/BeatmapConversionTest.cs:line 77
   at NUnit.Framework.Assert.Multiple(TestDelegate testDelegate)
   at osu.Game.Tests.Beatmaps.BeatmapConversionTest`2.Test(String name, Type[] mods) in /app/osu.Game/Tests/Beatmaps/BeatmapConversionTest.cs:line 50
   at osu.Game.Rulesets.Catch.Tests.CatchBeatmapConversionTest.Test(String name, Type[] mods) in /app/osu.Game.Rulesets.Catch.Tests/CatchBeatmapConversionTest.cs:line 58
   at InvokeStub_CatchBeatmapConversionTest.Test(Object, Span`1)

164)    at osu.Game.Tests.Beatmaps.BeatmapConversionTest`2.<>c__DisplayClass4_1.<Test>b__2() in /app/osu.Game/Tests/Beatmaps/BeatmapConversionTest.cs:line 98
   at NUnit.Framework.Assert.Multiple(TestDelegate testDelegate)
   at osu.Game.Tests.Beatmaps.BeatmapConversionTest`2.<>c__DisplayClass4_0.<Test>b__1() in /app/osu.Game/Tests/Beatmaps/BeatmapConversionTest.cs:line 77
   at NUnit.Framework.Assert.Multiple(TestDelegate testDelegate)
   at osu.Game.Tests.Beatmaps.BeatmapConversionTest`2.Test(String name, Type[] mods) in /app/osu.Game/Tests/Beatmaps/BeatmapConversionTest.cs:line 50
   at osu.Game.Rulesets.Catch.Tests.CatchBeatmapConversionTest.Test(String name, Type[] mods) in /app/osu.Game.Rulesets.Catch.Tests/CatchBeatmapConversionTest.cs:line 58
   at InvokeStub_CatchBeatmapConversionTest.Test(Object, Span`1)

165)    at osu.Game.Tests.Beatmaps.BeatmapConversionTest`2.<>c__DisplayClass4_1.<Test>b__2() in /app/osu.Game/Tests/Beatmaps/BeatmapConversionTest.cs:line 98
   at NUnit.Framework.Assert.Multiple(TestDelegate testDelegate)
   at osu.Game.Tests.Beatmaps.BeatmapConversionTest`2.<>c__DisplayClass4_0.<Test>b__1() in /app/osu.Game/Tests/Beatmaps/BeatmapConversionTest.cs:line 77
   at NUnit.Framework.Assert.Multiple(TestDelegate testDelegate)
   at osu.Game.Tests.Beatmaps.BeatmapConversionTest`2.Test(String name, Type[] mods) in /app/osu.Game/Tests/Beatmaps/BeatmapConversionTest.cs:line 50
   at osu.Game.Rulesets.Catch.Tests.CatchBeatmapConversionTest.Test(String name, Type[] mods) in /app/osu.Game.Rulesets.Catch.Tests/CatchBeatmapConversionTest.cs:line 58
   at InvokeStub_CatchBeatmapConversionTest.Test(Object, Span`1)

166)    at osu.Game.Tests.Beatmaps.BeatmapConversionTest`2.<>c__DisplayClass4_1.<Test>b__2() in /app/osu.Game/Tests/Beatmaps/BeatmapConversionTest.cs:line 98
   at NUnit.Framework.Assert.Multiple(TestDelegate testDelegate)
   at osu.Game.Tests.Beatmaps.BeatmapConversionTest`2.<>c__DisplayClass4_0.<Test>b__1() in /app/osu.Game/Tests/Beatmaps/BeatmapConversionTest.cs:line 77
   at NUnit.Framework.Assert.Multiple(TestDelegate testDelegate)
   at osu.Game.Tests.Beatmaps.BeatmapConversionTest`2.Test(String name, Type[] mods) in /app/osu.Game/Tests/Beatmaps/BeatmapConversionTest.cs:line 50
   at osu.Game.Rulesets.Catch.Tests.CatchBeatmapConversionTest.Test(String name, Type[] mods) in /app/osu.Game.Rulesets.Catch.Tests/CatchBeatmapConversionTest.cs:line 58
   at InvokeStub_CatchBeatmapConversionTest.Test(Object, Span`1)

167)    at osu.Game.Tests.Beatmaps.BeatmapConversionTest`2.<>c__DisplayClass4_1.<Test>b__2() in /app/osu.Game/Tests/Beatmaps/BeatmapConversionTest.cs:line 98
   at NUnit.Framework.Assert.Multiple(TestDelegate testDelegate)
   at osu.Game.Tests.Beatmaps.BeatmapConversionTest`2.<>c__DisplayClass4_0.<Test>b__1() in /app/osu.Game/Tests/Beatmaps/BeatmapConversionTest.cs:line 77
   at NUnit.Framework.Assert.Multiple(TestDelegate testDelegate)
   at osu.Game.Tests.Beatmaps.BeatmapConversionTest`2.Test(String name, Type[] mods) in /app/osu.Game/Tests/Beatmaps/BeatmapConversionTest.cs:line 50
   at osu.Game.Rulesets.Catch.Tests.CatchBeatmapConversionTest.Test(String name, Type[] mods) in /app/osu.Game.Rulesets.Catch.Tests/CatchBeatmapConversionTest.cs:line 58
   at InvokeStub_CatchBeatmapConversionTest.Test(Object, Span`1)

168)    at osu.Game.Tests.Beatmaps.BeatmapConversionTest`2.<>c__DisplayClass4_1.<Test>b__2() in /app/osu.Game/Tests/Beatmaps/BeatmapConversionTest.cs:line 98
   at NUnit.Framework.Assert.Multiple(TestDelegate testDelegate)
   at osu.Game.Tests.Beatmaps.BeatmapConversionTest`2.<>c__DisplayClass4_0.<Test>b__1() in /app/osu.Game/Tests/Beatmaps/BeatmapConversionTest.cs:line 77
   at NUnit.Framework.Assert.Multiple(TestDelegate testDelegate)
   at osu.Game.Tests.Beatmaps.BeatmapConversionTest`2.Test(String name, Type[] mods) in /app/osu.Game/Tests/Beatmaps/BeatmapConversionTest.cs:line 50
   at osu.Game.Rulesets.Catch.Tests.CatchBeatmapConversionTest.Test(String name, Type[] mods) in /app/osu.Game.Rulesets.Catch.Tests/CatchBeatmapConversionTest.cs:line 58
   at InvokeStub_CatchBeatmapConversionTest.Test(Object, Span`1)

169)    at osu.Game.Tests.Beatmaps.BeatmapConversionTest`2.<>c__DisplayClass4_1.<Test>b__2() in /app/osu.Game/Tests/Beatmaps/BeatmapConversionTest.cs:line 98
   at NUnit.Framework.Assert.Multiple(TestDelegate testDelegate)
   at osu.Game.Tests.Beatmaps.BeatmapConversionTest`2.<>c__DisplayClass4_0.<Test>b__1() in /app/osu.Game/Tests/Beatmaps/BeatmapConversionTest.cs:line 77
   at NUnit.Framework.Assert.Multiple(TestDelegate testDelegate)
   at osu.Game.Tests.Beatmaps.BeatmapConversionTest`2.Test(String name, Type[] mods) in /app/osu.Game/Tests/Beatmaps/BeatmapConversionTest.cs:line 50
   at osu.Game.Rulesets.Catch.Tests.CatchBeatmapConversionTest.Test(String name, Type[] mods) in /app/osu.Game.Rulesets.Catch.Tests/CatchBeatmapConversionTest.cs:line 58
   at InvokeStub_CatchBeatmapConversionTest.Test(Object, Span`1)

170)    at osu.Game.Tests.Beatmaps.BeatmapConversionTest`2.<>c__DisplayClass4_1.<Test>b__2() in /app/osu.Game/Tests/Beatmaps/BeatmapConversionTest.cs:line 98
   at NUnit.Framework.Assert.Multiple(TestDelegate testDelegate)
   at osu.Game.Tests.Beatmaps.BeatmapConversionTest`2.<>c__DisplayClass4_0.<Test>b__1() in /app/osu.Game/Tests/Beatmaps/BeatmapConversionTest.cs:line 77
   at NUnit.Framework.Assert.Multiple(TestDelegate testDelegate)
   at osu.Game.Tests.Beatmaps.BeatmapConversionTest`2.Test(String name, Type[] mods) in /app/osu.Game/Tests/Beatmaps/BeatmapConversionTest.cs:line 50
   at osu.Game.Rulesets.Catch.Tests.CatchBeatmapConversionTest.Test(String name, Type[] mods) in /app/osu.Game.Rulesets.Catch.Tests/CatchBeatmapConversionTest.cs:line 58
   at InvokeStub_CatchBeatmapConversionTest.Test(Object, Span`1)

171)    at osu.Game.Tests.Beatmaps.BeatmapConversionTest`2.<>c__DisplayClass4_1.<Test>b__2() in /app/osu.Game/Tests/Beatmaps/BeatmapConversionTest.cs:line 98
   at NUnit.Framework.Assert.Multiple(TestDelegate testDelegate)
   at osu.Game.Tests.Beatmaps.BeatmapConversionTest`2.<>c__DisplayClass4_0.<Test>b__1() in /app/osu.Game/Tests/Beatmaps/BeatmapConversionTest.cs:line 77
   at NUnit.Framework.Assert.Multiple(TestDelegate testDelegate)
   at osu.Game.Tests.Beatmaps.BeatmapConversionTest`2.Test(String name, Type[] mods) in /app/osu.Game/Tests/Beatmaps/BeatmapConversionTest.cs:line 50
   at osu.Game.Rulesets.Catch.Tests.CatchBeatmapConversionTest.Test(String name, Type[] mods) in /app/osu.Game.Rulesets.Catch.Tests/CatchBeatmapConversionTest.cs:line 58
   at InvokeStub_CatchBeatmapConversionTest.Test(Object, Span`1)

172)    at osu.Game.Tests.Beatmaps.BeatmapConversionTest`2.<>c__DisplayClass4_1.<Test>b__2() in /app/osu.Game/Tests/Beatmaps/BeatmapConversionTest.cs:line 98
   at NUnit.Framework.Assert.Multiple(TestDelegate testDelegate)
   at osu.Game.Tests.Beatmaps.BeatmapConversionTest`2.<>c__DisplayClass4_0.<Test>b__1() in /app/osu.Game/Tests/Beatmaps/BeatmapConversionTest.cs:line 77
   at NUnit.Framework.Assert.Multiple(TestDelegate testDelegate)
   at osu.Game.Tests.Beatmaps.BeatmapConversionTest`2.Test(String name, Type[] mods) in /app/osu.Game/Tests/Beatmaps/BeatmapConversionTest.cs:line 50
   at osu.Game.Rulesets.Catch.Tests.CatchBeatmapConversionTest.Test(String name, Type[] mods) in /app/osu.Game.Rulesets.Catch.Tests/CatchBeatmapConversionTest.cs:line 58
   at InvokeStub_CatchBeatmapConversionTest.Test(Object, Span`1)

173)    at osu.Game.Tests.Beatmaps.BeatmapConversionTest`2.<>c__DisplayClass4_1.<Test>b__2() in /app/osu.Game/Tests/Beatmaps/BeatmapConversionTest.cs:line 98
   at NUnit.Framework.Assert.Multiple(TestDelegate testDelegate)
   at osu.Game.Tests.Beatmaps.BeatmapConversionTest`2.<>c__DisplayClass4_0.<Test>b__1() in /app/osu.Game/Tests/Beatmaps/BeatmapConversionTest.cs:line 77
   at NUnit.Framework.Assert.Multiple(TestDelegate testDelegate)
   at osu.Game.Tests.Beatmaps.BeatmapConversionTest`2.Test(String name, Type[] mods) in /app/osu.Game/Tests/Beatmaps/BeatmapConversionTest.cs:line 50
   at osu.Game.Rulesets.Catch.Tests.CatchBeatmapConversionTest.Test(String name, Type[] mods) in /app/osu.Game.Rulesets.Catch.Tests/CatchBeatmapConversionTest.cs:line 58
   at InvokeStub_CatchBeatmapConversionTest.Test(Object, Span`1)

174)    at osu.Game.Tests.Beatmaps.BeatmapConversionTest`2.<>c__DisplayClass4_1.<Test>b__2() in /app/osu.Game/Tests/Beatmaps/BeatmapConversionTest.cs:line 98
   at NUnit.Framework.Assert.Multiple(TestDelegate testDelegate)
   at osu.Game.Tests.Beatmaps.BeatmapConversionTest`2.<>c__DisplayClass4_0.<Test>b__1() in /app/osu.Game/Tests/Beatmaps/BeatmapConversionTest.cs:line 77
   at NUnit.Framework.Assert.Multiple(TestDelegate testDelegate)
   at osu.Game.Tests.Beatmaps.BeatmapConversionTest`2.Test(String name, Type[] mods) in /app/osu.Game/Tests/Beatmaps/BeatmapConversionTest.cs:line 50
   at osu.Game.Rulesets.Catch.Tests.CatchBeatmapConversionTest.Test(String name, Type[] mods) in /app/osu.Game.Rulesets.Catch.Tests/CatchBeatmapConversionTest.cs:line 58
   at InvokeStub_CatchBeatmapConversionTest.Test(Object, Span`1)

175)    at osu.Game.Tests.Beatmaps.BeatmapConversionTest`2.<>c__DisplayClass4_1.<Test>b__2() in /app/osu.Game/Tests/Beatmaps/BeatmapConversionTest.cs:line 98
   at NUnit.Framework.Assert.Multiple(TestDelegate testDelegate)
   at osu.Game.Tests.Beatmaps.BeatmapConversionTest`2.<>c__DisplayClass4_0.<Test>b__1() in /app/osu.Game/Tests/Beatmaps/BeatmapConversionTest.cs:line 77
   at NUnit.Framework.Assert.Multiple(TestDelegate testDelegate)
   at osu.Game.Tests.Beatmaps.BeatmapConversionTest`2.Test(String name, Type[] mods) in /app/osu.Game/Tests/Beatmaps/BeatmapConversionTest.cs:line 50
   at osu.Game.Rulesets.Catch.Tests.CatchBeatmapConversionTest.Test(String name, Type[] mods) in /app/osu.Game.Rulesets.Catch.Tests/CatchBeatmapConversionTest.cs:line 58
   at InvokeStub_CatchBeatmapConversionTest.Test(Object, Span`1)

176)    at osu.Game.Tests.Beatmaps.BeatmapConversionTest`2.<>c__DisplayClass4_1.<Test>b__2() in /app/osu.Game/Tests/Beatmaps/BeatmapConversionTest.cs:line 98
   at NUnit.Framework.Assert.Multiple(TestDelegate testDelegate)
   at osu.Game.Tests.Beatmaps.BeatmapConversionTest`2.<>c__DisplayClass4_0.<Test>b__1() in /app/osu.Game/Tests/Beatmaps/BeatmapConversionTest.cs:line 77
   at NUnit.Framework.Assert.Multiple(TestDelegate testDelegate)
   at osu.Game.Tests.Beatmaps.BeatmapConversionTest`2.Test(String name, Type[] mods) in /app/osu.Game/Tests/Beatmaps/BeatmapConversionTest.cs:line 50
   at osu.Game.Rulesets.Catch.Tests.CatchBeatmapConversionTest.Test(String name, Type[] mods) in /app/osu.Game.Rulesets.Catch.Tests/CatchBeatmapConversionTest.cs:line 58
   at InvokeStub_CatchBeatmapConversionTest.Test(Object, Span`1)

177)    at osu.Game.Tests.Beatmaps.BeatmapConversionTest`2.<>c__DisplayClass4_1.<Test>b__2() in /app/osu.Game/Tests/Beatmaps/BeatmapConversionTest.cs:line 98
   at NUnit.Framework.Assert.Multiple(TestDelegate testDelegate)
   at osu.Game.Tests.Beatmaps.BeatmapConversionTest`2.<>c__DisplayClass4_0.<Test>b__1() in /app/osu.Game/Tests/Beatmaps/BeatmapConversionTest.cs:line 77
   at NUnit.Framework.Assert.Multiple(TestDelegate testDelegate)
   at osu.Game.Tests.Beatmaps.BeatmapConversionTest`2.Test(String name, Type[] mods) in /app/osu.Game/Tests/Beatmaps/BeatmapConversionTest.cs:line 50
   at osu.Game.Rulesets.Catch.Tests.CatchBeatmapConversionTest.Test(String name, Type[] mods) in /app/osu.Game.Rulesets.Catch.Tests/CatchBeatmapConversionTest.cs:line 58
   at InvokeStub_CatchBeatmapConversionTest.Test(Object, Span`1)

178)    at osu.Game.Tests.Beatmaps.BeatmapConversionTest`2.<>c__DisplayClass4_1.<Test>b__2() in /app/osu.Game/Tests/Beatmaps/BeatmapConversionTest.cs:line 98
   at NUnit.Framework.Assert.Multiple(TestDelegate testDelegate)
   at osu.Game.Tests.Beatmaps.BeatmapConversionTest`2.<>c__DisplayClass4_0.<Test>b__1() in /app/osu.Game/Tests/Beatmaps/BeatmapConversionTest.cs:line 77
   at NUnit.Framework.Assert.Multiple(TestDelegate testDelegate)
   at osu.Game.Tests.Beatmaps.BeatmapConversionTest`2.Test(String name, Type[] mods) in /app/osu.Game/Tests/Beatmaps/BeatmapConversionTest.cs:line 50
   at osu.Game.Rulesets.Catch.Tests.CatchBeatmapConversionTest.Test(String name, Type[] mods) in /app/osu.Game.Rulesets.Catch.Tests/CatchBeatmapConversionTest.cs:line 58
   at InvokeStub_CatchBeatmapConversionTest.Test(Object, Span`1)

179)    at osu.Game.Tests.Beatmaps.BeatmapConversionTest`2.<>c__DisplayClass4_1.<Test>b__2() in /app/osu.Game/Tests/Beatmaps/BeatmapConversionTest.cs:line 98
   at NUnit.Framework.Assert.Multiple(TestDelegate testDelegate)
   at osu.Game.Tests.Beatmaps.BeatmapConversionTest`2.<>c__DisplayClass4_0.<Test>b__1() in /app/osu.Game/Tests/Beatmaps/BeatmapConversionTest.cs:line 77
   at NUnit.Framework.Assert.Multiple(TestDelegate testDelegate)
   at osu.Game.Tests.Beatmaps.BeatmapConversionTest`2.Test(String name, Type[] mods) in /app/osu.Game/Tests/Beatmaps/BeatmapConversionTest.cs:line 50
   at osu.Game.Rulesets.Catch.Tests.CatchBeatmapConversionTest.Test(String name, Type[] mods) in /app/osu.Game.Rulesets.Catch.Tests/CatchBeatmapConversionTest.cs:line 58
   at InvokeStub_CatchBeatmapConversionTest.Test(Object, Span`1)

180)    at osu.Game.Tests.Beatmaps.BeatmapConversionTest`2.<>c__DisplayClass4_1.<Test>b__2() in /app/osu.Game/Tests/Beatmaps/BeatmapConversionTest.cs:line 98
   at NUnit.Framework.Assert.Multiple(TestDelegate testDelegate)
   at osu.Game.Tests.Beatmaps.BeatmapConversionTest`2.<>c__DisplayClass4_0.<Test>b__1() in /app/osu.Game/Tests/Beatmaps/BeatmapConversionTest.cs:line 77
   at NUnit.Framework.Assert.Multiple(TestDelegate testDelegate)
   at osu.Game.Tests.Beatmaps.BeatmapConversionTest`2.Test(String name, Type[] mods) in /app/osu.Game/Tests/Beatmaps/BeatmapConversionTest.cs:line 50
   at osu.Game.Rulesets.Catch.Tests.CatchBeatmapConversionTest.Test(String name, Type[] mods) in /app/osu.Game.Rulesets.Catch.Tests/CatchBeatmapConversionTest.cs:line 58
   at InvokeStub_CatchBeatmapConversionTest.Test(Object, Span`1)

181)    at osu.Game.Tests.Beatmaps.BeatmapConversionTest`2.<>c__DisplayClass4_1.<Test>b__2() in /app/osu.Game/Tests/Beatmaps/BeatmapConversionTest.cs:line 98
   at NUnit.Framework.Assert.Multiple(TestDelegate testDelegate)
   at osu.Game.Tests.Beatmaps.BeatmapConversionTest`2.<>c__DisplayClass4_0.<Test>b__1() in /app/osu.Game/Tests/Beatmaps/BeatmapConversionTest.cs:line 77
   at NUnit.Framework.Assert.Multiple(TestDelegate testDelegate)
   at osu.Game.Tests.Beatmaps.BeatmapConversionTest`2.Test(String name, Type[] mods) in /app/osu.Game/Tests/Beatmaps/BeatmapConversionTest.cs:line 50
   at osu.Game.Rulesets.Catch.Tests.CatchBeatmapConversionTest.Test(String name, Type[] mods) in /app/osu.Game.Rulesets.Catch.Tests/CatchBeatmapConversionTest.cs:line 58
   at InvokeStub_CatchBeatmapConversionTest.Test(Object, Span`1)

182)    at osu.Game.Tests.Beatmaps.BeatmapConversionTest`2.<>c__DisplayClass4_1.<Test>b__2() in /app/osu.Game/Tests/Beatmaps/BeatmapConversionTest.cs:line 98
   at NUnit.Framework.Assert.Multiple(TestDelegate testDelegate)
   at osu.Game.Tests.Beatmaps.BeatmapConversionTest`2.<>c__DisplayClass4_0.<Test>b__1() in /app/osu.Game/Tests/Beatmaps/BeatmapConversionTest.cs:line 77
   at NUnit.Framework.Assert.Multiple(TestDelegate testDelegate)
   at osu.Game.Tests.Beatmaps.BeatmapConversionTest`2.Test(String name, Type[] mods) in /app/osu.Game/Tests/Beatmaps/BeatmapConversionTest.cs:line 50
   at osu.Game.Rulesets.Catch.Tests.CatchBeatmapConversionTest.Test(String name, Type[] mods) in /app/osu.Game.Rulesets.Catch.Tests/CatchBeatmapConversionTest.cs:line 58
   at InvokeStub_CatchBeatmapConversionTest.Test(Object, Span`1)

183)    at osu.Game.Tests.Beatmaps.BeatmapConversionTest`2.<>c__DisplayClass4_1.<Test>b__2() in /app/osu.Game/Tests/Beatmaps/BeatmapConversionTest.cs:line 98
   at NUnit.Framework.Assert.Multiple(TestDelegate testDelegate)
   at osu.Game.Tests.Beatmaps.BeatmapConversionTest`2.<>c__DisplayClass4_0.<Test>b__1() in /app/osu.Game/Tests/Beatmaps/BeatmapConversionTest.cs:line 77
   at NUnit.Framework.Assert.Multiple(TestDelegate testDelegate)
   at osu.Game.Tests.Beatmaps.BeatmapConversionTest`2.Test(String name, Type[] mods) in /app/osu.Game/Tests/Beatmaps/BeatmapConversionTest.cs:line 50
   at osu.Game.Rulesets.Catch.Tests.CatchBeatmapConversionTest.Test(String name, Type[] mods) in /app/osu.Game.Rulesets.Catch.Tests/CatchBeatmapConversionTest.cs:line 58
   at InvokeStub_CatchBeatmapConversionTest.Test(Object, Span`1)

184)    at osu.Game.Tests.Beatmaps.BeatmapConversionTest`2.<>c__DisplayClass4_1.<Test>b__2() in /app/osu.Game/Tests/Beatmaps/BeatmapConversionTest.cs:line 98
   at NUnit.Framework.Assert.Multiple(TestDelegate testDelegate)
   at osu.Game.Tests.Beatmaps.BeatmapConversionTest`2.<>c__DisplayClass4_0.<Test>b__1() in /app/osu.Game/Tests/Beatmaps/BeatmapConversionTest.cs:line 77
   at NUnit.Framework.Assert.Multiple(TestDelegate testDelegate)
   at osu.Game.Tests.Beatmaps.BeatmapConversionTest`2.Test(String name, Type[] mods) in /app/osu.Game/Tests/Beatmaps/BeatmapConversionTest.cs:line 50
   at osu.Game.Rulesets.Catch.Tests.CatchBeatmapConversionTest.Test(String name, Type[] mods) in /app/osu.Game.Rulesets.Catch.Tests/CatchBeatmapConversionTest.cs:line 58
   at InvokeStub_CatchBeatmapConversionTest.Test(Object, Span`1)

185)    at osu.Game.Tests.Beatmaps.BeatmapConversionTest`2.<>c__DisplayClass4_1.<Test>b__2() in /app/osu.Game/Tests/Beatmaps/BeatmapConversionTest.cs:line 98
   at NUnit.Framework.Assert.Multiple(TestDelegate testDelegate)
   at osu.Game.Tests.Beatmaps.BeatmapConversionTest`2.<>c__DisplayClass4_0.<Test>b__1() in /app/osu.Game/Tests/Beatmaps/BeatmapConversionTest.cs:line 77
   at NUnit.Framework.Assert.Multiple(TestDelegate testDelegate)
   at osu.Game.Tests.Beatmaps.BeatmapConversionTest`2.Test(String name, Type[] mods) in /app/osu.Game/Tests/Beatmaps/BeatmapConversionTest.cs:line 50
   at osu.Game.Rulesets.Catch.Tests.CatchBeatmapConversionTest.Test(String name, Type[] mods) in /app/osu.Game.Rulesets.Catch.Tests/CatchBeatmapConversionTest.cs:line 58
   at InvokeStub_CatchBeatmapConversionTest.Test(Object, Span`1)

186)    at osu.Game.Tests.Beatmaps.BeatmapConversionTest`2.<>c__DisplayClass4_1.<Test>b__2() in /app/osu.Game/Tests/Beatmaps/BeatmapConversionTest.cs:line 98
   at NUnit.Framework.Assert.Multiple(TestDelegate testDelegate)
   at osu.Game.Tests.Beatmaps.BeatmapConversionTest`2.<>c__DisplayClass4_0.<Test>b__1() in /app/osu.Game/Tests/Beatmaps/BeatmapConversionTest.cs:line 77
   at NUnit.Framework.Assert.Multiple(TestDelegate testDelegate)
   at osu.Game.Tests.Beatmaps.BeatmapConversionTest`2.Test(String name, Type[] mods) in /app/osu.Game/Tests/Beatmaps/BeatmapConversionTest.cs:line 50
   at osu.Game.Rulesets.Catch.Tests.CatchBeatmapConversionTest.Test(String name, Type[] mods) in /app/osu.Game.Rulesets.Catch.Tests/CatchBeatmapConversionTest.cs:line 58
   at InvokeStub_CatchBeatmapConversionTest.Test(Object, Span`1)

187)    at osu.Game.Tests.Beatmaps.BeatmapConversionTest`2.<>c__DisplayClass4_1.<Test>b__2() in /app/osu.Game/Tests/Beatmaps/BeatmapConversionTest.cs:line 98
   at NUnit.Framework.Assert.Multiple(TestDelegate testDelegate)
   at osu.Game.Tests.Beatmaps.BeatmapConversionTest`2.<>c__DisplayClass4_0.<Test>b__1() in /app/osu.Game/Tests/Beatmaps/BeatmapConversionTest.cs:line 77
   at NUnit.Framework.Assert.Multiple(TestDelegate testDelegate)
   at osu.Game.Tests.Beatmaps.BeatmapConversionTest`2.Test(String name, Type[] mods) in /app/osu.Game/Tests/Beatmaps/BeatmapConversionTest.cs:line 50
   at osu.Game.Rulesets.Catch.Tests.CatchBeatmapConversionTest.Test(String name, Type[] mods) in /app/osu.Game.Rulesets.Catch.Tests/CatchBeatmapConversionTest.cs:line 58
   at InvokeStub_CatchBeatmapConversionTest.Test(Object, Span`1)

188)    at osu.Game.Tests.Beatmaps.BeatmapConversionTest`2.<>c__DisplayClass4_1.<Test>b__2() in /app/osu.Game/Tests/Beatmaps/BeatmapConversionTest.cs:line 98
   at NUnit.Framework.Assert.Multiple(TestDelegate testDelegate)
   at osu.Game.Tests.Beatmaps.BeatmapConversionTest`2.<>c__DisplayClass4_0.<Test>b__1() in /app/osu.Game/Tests/Beatmaps/BeatmapConversionTest.cs:line 77
   at NUnit.Framework.Assert.Multiple(TestDelegate testDelegate)
   at osu.Game.Tests.Beatmaps.BeatmapConversionTest`2.Test(String name, Type[] mods) in /app/osu.Game/Tests/Beatmaps/BeatmapConversionTest.cs:line 50
   at osu.Game.Rulesets.Catch.Tests.CatchBeatmapConversionTest.Test(String name, Type[] mods) in /app/osu.Game.Rulesets.Catch.Tests/CatchBeatmapConversionTest.cs:line 58
   at InvokeStub_CatchBeatmapConversionTest.Test(Object, Span`1)

189)    at osu.Game.Tests.Beatmaps.BeatmapConversionTest`2.<>c__DisplayClass4_1.<Test>b__2() in /app/osu.Game/Tests/Beatmaps/BeatmapConversionTest.cs:line 98
   at NUnit.Framework.Assert.Multiple(TestDelegate testDelegate)
   at osu.Game.Tests.Beatmaps.BeatmapConversionTest`2.<>c__DisplayClass4_0.<Test>b__1() in /app/osu.Game/Tests/Beatmaps/BeatmapConversionTest.cs:line 77
   at NUnit.Framework.Assert.Multiple(TestDelegate testDelegate)
   at osu.Game.Tests.Beatmaps.BeatmapConversionTest`2.Test(String name, Type[] mods) in /app/osu.Game/Tests/Beatmaps/BeatmapConversionTest.cs:line 50
   at osu.Game.Rulesets.Catch.Tests.CatchBeatmapConversionTest.Test(String name, Type[] mods) in /app/osu.Game.Rulesets.Catch.Tests/CatchBeatmapConversionTest.cs:line 58
   at InvokeStub_CatchBeatmapConversionTest.Test(Object, Span`1)

190)    at osu.Game.Tests.Beatmaps.BeatmapConversionTest`2.<>c__DisplayClass4_1.<Test>b__2() in /app/osu.Game/Tests/Beatmaps/BeatmapConversionTest.cs:line 98
   at NUnit.Framework.Assert.Multiple(TestDelegate testDelegate)
   at osu.Game.Tests.Beatmaps.BeatmapConversionTest`2.<>c__DisplayClass4_0.<Test>b__1() in /app/osu.Game/Tests/Beatmaps/BeatmapConversionTest.cs:line 77
   at NUnit.Framework.Assert.Multiple(TestDelegate testDelegate)
   at osu.Game.Tests.Beatmaps.BeatmapConversionTest`2.Test(String name, Type[] mods) in /app/osu.Game/Tests/Beatmaps/BeatmapConversionTest.cs:line 50
   at osu.Game.Rulesets.Catch.Tests.CatchBeatmapConversionTest.Test(String name, Type[] mods) in /app/osu.Game.Rulesets.Catch.Tests/CatchBeatmapConversionTest.cs:line 58
   at InvokeStub_CatchBeatmapConversionTest.Test(Object, Span`1)

191)    at osu.Game.Tests.Beatmaps.BeatmapConversionTest`2.<>c__DisplayClass4_1.<Test>b__2() in /app/osu.Game/Tests/Beatmaps/BeatmapConversionTest.cs:line 98
   at NUnit.Framework.Assert.Multiple(TestDelegate testDelegate)
   at osu.Game.Tests.Beatmaps.BeatmapConversionTest`2.<>c__DisplayClass4_0.<Test>b__1() in /app/osu.Game/Tests/Beatmaps/BeatmapConversionTest.cs:line 77
   at NUnit.Framework.Assert.Multiple(TestDelegate testDelegate)
   at osu.Game.Tests.Beatmaps.BeatmapConversionTest`2.Test(String name, Type[] mods) in /app/osu.Game/Tests/Beatmaps/BeatmapConversionTest.cs:line 50
   at osu.Game.Rulesets.Catch.Tests.CatchBeatmapConversionTest.Test(String name, Type[] mods) in /app/osu.Game.Rulesets.Catch.Tests/CatchBeatmapConversionTest.cs:line 58
   at InvokeStub_CatchBeatmapConversionTest.Test(Object, Span`1)

192)    at osu.Game.Tests.Beatmaps.BeatmapConversionTest`2.<>c__DisplayClass4_1.<Test>b__2() in /app/osu.Game/Tests/Beatmaps/BeatmapConversionTest.cs:line 98
   at NUnit.Framework.Assert.Multiple(TestDelegate testDelegate)
   at osu.Game.Tests.Beatmaps.BeatmapConversionTest`2.<>c__DisplayClass4_0.<Test>b__1() in /app/osu.Game/Tests/Beatmaps/BeatmapConversionTest.cs:line 77
   at NUnit.Framework.Assert.Multiple(TestDelegate testDelegate)
   at osu.Game.Tests.Beatmaps.BeatmapConversionTest`2.Test(String name, Type[] mods) in /app/osu.Game/Tests/Beatmaps/BeatmapConversionTest.cs:line 50
   at osu.Game.Rulesets.Catch.Tests.CatchBeatmapConversionTest.Test(String name, Type[] mods) in /app/osu.Game.Rulesets.Catch.Tests/CatchBeatmapConversionTest.cs:line 58
   at InvokeStub_CatchBeatmapConversionTest.Test(Object, Span`1)

193)    at osu.Game.Tests.Beatmaps.BeatmapConversionTest`2.<>c__DisplayClass4_1.<Test>b__2() in /app/osu.Game/Tests/Beatmaps/BeatmapConversionTest.cs:line 98
   at NUnit.Framework.Assert.Multiple(TestDelegate testDelegate)
   at osu.Game.Tests.Beatmaps.BeatmapConversionTest`2.<>c__DisplayClass4_0.<Test>b__1() in /app/osu.Game/Tests/Beatmaps/BeatmapConversionTest.cs:line 77
   at NUnit.Framework.Assert.Multiple(TestDelegate testDelegate)
   at osu.Game.Tests.Beatmaps.BeatmapConversionTest`2.Test(String name, Type[] mods) in /app/osu.Game/Tests/Beatmaps/BeatmapConversionTest.cs:line 50
   at osu.Game.Rulesets.Catch.Tests.CatchBeatmapConversionTest.Test(String name, Type[] mods) in /app/osu.Game.Rulesets.Catch.Tests/CatchBeatmapConversionTest.cs:line 58
   at InvokeStub_CatchBeatmapConversionTest.Test(Object, Span`1)

194)    at osu.Game.Tests.Beatmaps.BeatmapConversionTest`2.<>c__DisplayClass4_1.<Test>b__2() in /app/osu.Game/Tests/Beatmaps/BeatmapConversionTest.cs:line 98
   at NUnit.Framework.Assert.Multiple(TestDelegate testDelegate)
   at osu.Game.Tests.Beatmaps.BeatmapConversionTest`2.<>c__DisplayClass4_0.<Test>b__1() in /app/osu.Game/Tests/Beatmaps/BeatmapConversionTest.cs:line 77
   at NUnit.Framework.Assert.Multiple(TestDelegate testDelegate)
   at osu.Game.Tests.Beatmaps.BeatmapConversionTest`2.Test(String name, Type[] mods) in /app/osu.Game/Tests/Beatmaps/BeatmapConversionTest.cs:line 50
   at osu.Game.Rulesets.Catch.Tests.CatchBeatmapConversionTest.Test(String name, Type[] mods) in /app/osu.Game.Rulesets.Catch.Tests/CatchBeatmapConversionTest.cs:line 58
   at InvokeStub_CatchBeatmapConversionTest.Test(Object, Span`1)

195)    at osu.Game.Tests.Beatmaps.BeatmapConversionTest`2.<>c__DisplayClass4_1.<Test>b__2() in /app/osu.Game/Tests/Beatmaps/BeatmapConversionTest.cs:line 98
   at NUnit.Framework.Assert.Multiple(TestDelegate testDelegate)
   at osu.Game.Tests.Beatmaps.BeatmapConversionTest`2.<>c__DisplayClass4_0.<Test>b__1() in /app/osu.Game/Tests/Beatmaps/BeatmapConversionTest.cs:line 77
   at NUnit.Framework.Assert.Multiple(TestDelegate testDelegate)
   at osu.Game.Tests.Beatmaps.BeatmapConversionTest`2.Test(String name, Type[] mods) in /app/osu.Game/Tests/Beatmaps/BeatmapConversionTest.cs:line 50
   at osu.Game.Rulesets.Catch.Tests.CatchBeatmapConversionTest.Test(String name, Type[] mods) in /app/osu.Game.Rulesets.Catch.Tests/CatchBeatmapConversionTest.cs:line 58
   at InvokeStub_CatchBeatmapConversionTest.Test(Object, Span`1)

196)    at osu.Game.Tests.Beatmaps.BeatmapConversionTest`2.<>c__DisplayClass4_1.<Test>b__2() in /app/osu.Game/Tests/Beatmaps/BeatmapConversionTest.cs:line 98
   at NUnit.Framework.Assert.Multiple(TestDelegate testDelegate)
   at osu.Game.Tests.Beatmaps.BeatmapConversionTest`2.<>c__DisplayClass4_0.<Test>b__1() in /app/osu.Game/Tests/Beatmaps/BeatmapConversionTest.cs:line 77
   at NUnit.Framework.Assert.Multiple(TestDelegate testDelegate)
   at osu.Game.Tests.Beatmaps.BeatmapConversionTest`2.Test(String name, Type[] mods) in /app/osu.Game/Tests/Beatmaps/BeatmapConversionTest.cs:line 50
   at osu.Game.Rulesets.Catch.Tests.CatchBeatmapConversionTest.Test(String name, Type[] mods) in /app/osu.Game.Rulesets.Catch.Tests/CatchBeatmapConversionTest.cs:line 58
   at InvokeStub_CatchBeatmapConversionTest.Test(Object, Span`1)

197)    at osu.Game.Tests.Beatmaps.BeatmapConversionTest`2.<>c__DisplayClass4_1.<Test>b__2() in /app/osu.Game/Tests/Beatmaps/BeatmapConversionTest.cs:line 98
   at NUnit.Framework.Assert.Multiple(TestDelegate testDelegate)
   at osu.Game.Tests.Beatmaps.BeatmapConversionTest`2.<>c__DisplayClass4_0.<Test>b__1() in /app/osu.Game/Tests/Beatmaps/BeatmapConversionTest.cs:line 77
   at NUnit.Framework.Assert.Multiple(TestDelegate testDelegate)
   at osu.Game.Tests.Beatmaps.BeatmapConversionTest`2.Test(String name, Type[] mods) in /app/osu.Game/Tests/Beatmaps/BeatmapConversionTest.cs:line 50
   at osu.Game.Rulesets.Catch.Tests.CatchBeatmapConversionTest.Test(String name, Type[] mods) in /app/osu.Game.Rulesets.Catch.Tests/CatchBeatmapConversionTest.cs:line 58
   at InvokeStub_CatchBeatmapConversionTest.Test(Object, Span`1)

198)    at osu.Game.Tests.Beatmaps.BeatmapConversionTest`2.<>c__DisplayClass4_1.<Test>b__2() in /app/osu.Game/Tests/Beatmaps/BeatmapConversionTest.cs:line 98
   at NUnit.Framework.Assert.Multiple(TestDelegate testDelegate)
   at osu.Game.Tests.Beatmaps.BeatmapConversionTest`2.<>c__DisplayClass4_0.<Test>b__1() in /app/osu.Game/Tests/Beatmaps/BeatmapConversionTest.cs:line 77
   at NUnit.Framework.Assert.Multiple(TestDelegate testDelegate)
   at osu.Game.Tests.Beatmaps.BeatmapConversionTest`2.Test(String name, Type[] mods) in /app/osu.Game/Tests/Beatmaps/BeatmapConversionTest.cs:line 50
   at osu.Game.Rulesets.Catch.Tests.CatchBeatmapConversionTest.Test(String name, Type[] mods) in /app/osu.Game.Rulesets.Catch.Tests/CatchBeatmapConversionTest.cs:line 58
   at InvokeStub_CatchBeatmapConversionTest.Test(Object, Span`1)

199)    at osu.Game.Tests.Beatmaps.BeatmapConversionTest`2.<>c__DisplayClass4_1.<Test>b__2() in /app/osu.Game/Tests/Beatmaps/BeatmapConversionTest.cs:line 98
   at NUnit.Framework.Assert.Multiple(TestDelegate testDelegate)
   at osu.Game.Tests.Beatmaps.BeatmapConversionTest`2.<>c__DisplayClass4_0.<Test>b__1() in /app/osu.Game/Tests/Beatmaps/BeatmapConversionTest.cs:line 77
   at NUnit.Framework.Assert.Multiple(TestDelegate testDelegate)
   at osu.Game.Tests.Beatmaps.BeatmapConversionTest`2.Test(String name, Type[] mods) in /app/osu.Game/Tests/Beatmaps/BeatmapConversionTest.cs:line 50
   at osu.Game.Rulesets.Catch.Tests.CatchBeatmapConversionTest.Test(String name, Type[] mods) in /app/osu.Game.Rulesets.Catch.Tests/CatchBeatmapConversionTest.cs:line 58
   at InvokeStub_CatchBeatmapConversionTest.Test(Object, Span`1)

200)    at osu.Game.Tests.Beatmaps.BeatmapConversionTest`2.<>c__DisplayClass4_1.<Test>b__2() in /app/osu.Game/Tests/Beatmaps/BeatmapConversionTest.cs:line 98
   at NUnit.Framework.Assert.Multiple(TestDelegate testDelegate)
   at osu.Game.Tests.Beatmaps.BeatmapConversionTest`2.<>c__DisplayClass4_0.<Test>b__1() in /app/osu.Game/Tests/Beatmaps/BeatmapConversionTest.cs:line 77
   at NUnit.Framework.Assert.Multiple(TestDelegate testDelegate)
   at osu.Game.Tests.Beatmaps.BeatmapConversionTest`2.Test(String name, Type[] mods) in /app/osu.Game/Tests/Beatmaps/BeatmapConversionTest.cs:line 50
   at osu.Game.Rulesets.Catch.Tests.CatchBeatmapConversionTest.Test(String name, Type[] mods) in /app/osu.Game.Rulesets.Catch.Tests/CatchBeatmapConversionTest.cs:line 58
   at InvokeStub_CatchBeatmapConversionTest.Test(Object, Span`1)

201)    at osu.Game.Tests.Beatmaps.BeatmapConversionTest`2.<>c__DisplayClass4_1.<Test>b__2() in /app/osu.Game/Tests/Beatmaps/BeatmapConversionTest.cs:line 98
   at NUnit.Framework.Assert.Multiple(TestDelegate testDelegate)
   at osu.Game.Tests.Beatmaps.BeatmapConversionTest`2.<>c__DisplayClass4_0.<Test>b__1() in /app/osu.Game/Tests/Beatmaps/BeatmapConversionTest.cs:line 77
   at NUnit.Framework.Assert.Multiple(TestDelegate testDelegate)
   at osu.Game.Tests.Beatmaps.BeatmapConversionTest`2.Test(String name, Type[] mods) in /app/osu.Game/Tests/Beatmaps/BeatmapConversionTest.cs:line 50
   at osu.Game.Rulesets.Catch.Tests.CatchBeatmapConversionTest.Test(String name, Type[] mods) in /app/osu.Game.Rulesets.Catch.Tests/CatchBeatmapConversionTest.cs:line 58
   at InvokeStub_CatchBeatmapConversionTest.Test(Object, Span`1)

202)    at osu.Game.Tests.Beatmaps.BeatmapConversionTest`2.<>c__DisplayClass4_1.<Test>b__2() in /app/osu.Game/Tests/Beatmaps/BeatmapConversionTest.cs:line 98
   at NUnit.Framework.Assert.Multiple(TestDelegate testDelegate)
   at osu.Game.Tests.Beatmaps.BeatmapConversionTest`2.<>c__DisplayClass4_0.<Test>b__1() in /app/osu.Game/Tests/Beatmaps/BeatmapConversionTest.cs:line 77
   at NUnit.Framework.Assert.Multiple(TestDelegate testDelegate)
   at osu.Game.Tests.Beatmaps.BeatmapConversionTest`2.Test(String name, Type[] mods) in /app/osu.Game/Tests/Beatmaps/BeatmapConversionTest.cs:line 50
   at osu.Game.Rulesets.Catch.Tests.CatchBeatmapConversionTest.Test(String name, Type[] mods) in /app/osu.Game.Rulesets.Catch.Tests/CatchBeatmapConversionTest.cs:line 58
   at InvokeStub_CatchBeatmapConversionTest.Test(Object, Span`1)

203)    at osu.Game.Tests.Beatmaps.BeatmapConversionTest`2.<>c__DisplayClass4_1.<Test>b__2() in /app/osu.Game/Tests/Beatmaps/BeatmapConversionTest.cs:line 98
   at NUnit.Framework.Assert.Multiple(TestDelegate testDelegate)
   at osu.Game.Tests.Beatmaps.BeatmapConversionTest`2.<>c__DisplayClass4_0.<Test>b__1() in /app/osu.Game/Tests/Beatmaps/BeatmapConversionTest.cs:line 77
   at NUnit.Framework.Assert.Multiple(TestDelegate testDelegate)
   at osu.Game.Tests.Beatmaps.BeatmapConversionTest`2.Test(String name, Type[] mods) in /app/osu.Game/Tests/Beatmaps/BeatmapConversionTest.cs:line 50
   at osu.Game.Rulesets.Catch.Tests.CatchBeatmapConversionTest.Test(String name, Type[] mods) in /app/osu.Game.Rulesets.Catch.Tests/CatchBeatmapConversionTest.cs:line 58
   at InvokeStub_CatchBeatmapConversionTest.Test(Object, Span`1)

204)    at osu.Game.Tests.Beatmaps.BeatmapConversionTest`2.<>c__DisplayClass4_1.<Test>b__2() in /app/osu.Game/Tests/Beatmaps/BeatmapConversionTest.cs:line 98
   at NUnit.Framework.Assert.Multiple(TestDelegate testDelegate)
   at osu.Game.Tests.Beatmaps.BeatmapConversionTest`2.<>c__DisplayClass4_0.<Test>b__1() in /app/osu.Game/Tests/Beatmaps/BeatmapConversionTest.cs:line 77
   at NUnit.Framework.Assert.Multiple(TestDelegate testDelegate)
   at osu.Game.Tests.Beatmaps.BeatmapConversionTest`2.Test(String name, Type[] mods) in /app/osu.Game/Tests/Beatmaps/BeatmapConversionTest.cs:line 50
   at osu.Game.Rulesets.Catch.Tests.CatchBeatmapConversionTest.Test(String name, Type[] mods) in /app/osu.Game.Rulesets.Catch.Tests/CatchBeatmapConversionTest.cs:line 58
   at InvokeStub_CatchBeatmapConversionTest.Test(Object, Span`1)

205)    at osu.Game.Tests.Beatmaps.BeatmapConversionTest`2.<>c__DisplayClass4_1.<Test>b__2() in /app/osu.Game/Tests/Beatmaps/BeatmapConversionTest.cs:line 98
   at NUnit.Framework.Assert.Multiple(TestDelegate testDelegate)
   at osu.Game.Tests.Beatmaps.BeatmapConversionTest`2.<>c__DisplayClass4_0.<Test>b__1() in /app/osu.Game/Tests/Beatmaps/BeatmapConversionTest.cs:line 77
   at NUnit.Framework.Assert.Multiple(TestDelegate testDelegate)
   at osu.Game.Tests.Beatmaps.BeatmapConversionTest`2.Test(String name, Type[] mods) in /app/osu.Game/Tests/Beatmaps/BeatmapConversionTest.cs:line 50
   at osu.Game.Rulesets.Catch.Tests.CatchBeatmapConversionTest.Test(String name, Type[] mods) in /app/osu.Game.Rulesets.Catch.Tests/CatchBeatmapConversionTest.cs:line 58
   at InvokeStub_CatchBeatmapConversionTest.Test(Object, Span`1)

206)    at osu.Game.Tests.Beatmaps.BeatmapConversionTest`2.<>c__DisplayClass4_1.<Test>b__2() in /app/osu.Game/Tests/Beatmaps/BeatmapConversionTest.cs:line 98
   at NUnit.Framework.Assert.Multiple(TestDelegate testDelegate)
   at osu.Game.Tests.Beatmaps.BeatmapConversionTest`2.<>c__DisplayClass4_0.<Test>b__1() in /app/osu.Game/Tests/Beatmaps/BeatmapConversionTest.cs:line 77
   at NUnit.Framework.Assert.Multiple(TestDelegate testDelegate)
   at osu.Game.Tests.Beatmaps.BeatmapConversionTest`2.Test(String name, Type[] mods) in /app/osu.Game/Tests/Beatmaps/BeatmapConversionTest.cs:line 50
   at osu.Game.Rulesets.Catch.Tests.CatchBeatmapConversionTest.Test(String name, Type[] mods) in /app/osu.Game.Rulesets.Catch.Tests/CatchBeatmapConversionTest.cs:line 58
   at InvokeStub_CatchBeatmapConversionTest.Test(Object, Span`1)

207)    at osu.Game.Tests.Beatmaps.BeatmapConversionTest`2.<>c__DisplayClass4_1.<Test>b__2() in /app/osu.Game/Tests/Beatmaps/BeatmapConversionTest.cs:line 98
   at NUnit.Framework.Assert.Multiple(TestDelegate testDelegate)
   at osu.Game.Tests.Beatmaps.BeatmapConversionTest`2.<>c__DisplayClass4_0.<Test>b__1() in /app/osu.Game/Tests/Beatmaps/BeatmapConversionTest.cs:line 77
   at NUnit.Framework.Assert.Multiple(TestDelegate testDelegate)
   at osu.Game.Tests.Beatmaps.BeatmapConversionTest`2.Test(String name, Type[] mods) in /app/osu.Game/Tests/Beatmaps/BeatmapConversionTest.cs:line 50
   at osu.Game.Rulesets.Catch.Tests.CatchBeatmapConversionTest.Test(String name, Type[] mods) in /app/osu.Game.Rulesets.Catch.Tests/CatchBeatmapConversionTest.cs:line 58
   at InvokeStub_CatchBeatmapConversionTest.Test(Object, Span`1)

208)    at osu.Game.Tests.Beatmaps.BeatmapConversionTest`2.<>c__DisplayClass4_1.<Test>b__2() in /app/osu.Game/Tests/Beatmaps/BeatmapConversionTest.cs:line 98
   at NUnit.Framework.Assert.Multiple(TestDelegate testDelegate)
   at osu.Game.Tests.Beatmaps.BeatmapConversionTest`2.<>c__DisplayClass4_0.<Test>b__1() in /app/osu.Game/Tests/Beatmaps/BeatmapConversionTest.cs:line 77
   at NUnit.Framework.Assert.Multiple(TestDelegate testDelegate)
   at osu.Game.Tests.Beatmaps.BeatmapConversionTest`2.Test(String name, Type[] mods) in /app/osu.Game/Tests/Beatmaps/BeatmapConversionTest.cs:line 50
   at osu.Game.Rulesets.Catch.Tests.CatchBeatmapConversionTest.Test(String name, Type[] mods) in /app/osu.Game.Rulesets.Catch.Tests/CatchBeatmapConversionTest.cs:line 58
   at InvokeStub_CatchBeatmapConversionTest.Test(Object, Span`1)

209)    at osu.Game.Tests.Beatmaps.BeatmapConversionTest`2.<>c__DisplayClass4_1.<Test>b__2() in /app/osu.Game/Tests/Beatmaps/BeatmapConversionTest.cs:line 98
   at NUnit.Framework.Assert.Multiple(TestDelegate testDelegate)
   at osu.Game.Tests.Beatmaps.BeatmapConversionTest`2.<>c__DisplayClass4_0.<Test>b__1() in /app/osu.Game/Tests/Beatmaps/BeatmapConversionTest.cs:line 77
   at NUnit.Framework.Assert.Multiple(TestDelegate testDelegate)
   at osu.Game.Tests.Beatmaps.BeatmapConversionTest`2.Test(String name, Type[] mods) in /app/osu.Game/Tests/Beatmaps/BeatmapConversionTest.cs:line 50
   at osu.Game.Rulesets.Catch.Tests.CatchBeatmapConversionTest.Test(String name, Type[] mods) in /app/osu.Game.Rulesets.Catch.Tests/CatchBeatmapConversionTest.cs:line 58
   at InvokeStub_CatchBeatmapConversionTest.Test(Object, Span`1)

210)    at osu.Game.Tests.Beatmaps.BeatmapConversionTest`2.<>c__DisplayClass4_1.<Test>b__2() in /app/osu.Game/Tests/Beatmaps/BeatmapConversionTest.cs:line 98
   at NUnit.Framework.Assert.Multiple(TestDelegate testDelegate)
   at osu.Game.Tests.Beatmaps.BeatmapConversionTest`2.<>c__DisplayClass4_0.<Test>b__1() in /app/osu.Game/Tests/Beatmaps/BeatmapConversionTest.cs:line 77
   at NUnit.Framework.Assert.Multiple(TestDelegate testDelegate)
   at osu.Game.Tests.Beatmaps.BeatmapConversionTest`2.Test(String name, Type[] mods) in /app/osu.Game/Tests/Beatmaps/BeatmapConversionTest.cs:line 50
   at osu.Game.Rulesets.Catch.Tests.CatchBeatmapConversionTest.Test(String name, Type[] mods) in /app/osu.Game.Rulesets.Catch.Tests/CatchBeatmapConversionTest.cs:line 58
   at InvokeStub_CatchBeatmapConversionTest.Test(Object, Span`1)

211)    at osu.Game.Tests.Beatmaps.BeatmapConversionTest`2.<>c__DisplayClass4_1.<Test>b__2() in /app/osu.Game/Tests/Beatmaps/BeatmapConversionTest.cs:line 98
   at NUnit.Framework.Assert.Multiple(TestDelegate testDelegate)
   at osu.Game.Tests.Beatmaps.BeatmapConversionTest`2.<>c__DisplayClass4_0.<Test>b__1() in /app/osu.Game/Tests/Beatmaps/BeatmapConversionTest.cs:line 77
   at NUnit.Framework.Assert.Multiple(TestDelegate testDelegate)
   at osu.Game.Tests.Beatmaps.BeatmapConversionTest`2.Test(String name, Type[] mods) in /app/osu.Game/Tests/Beatmaps/BeatmapConversionTest.cs:line 50
   at osu.Game.Rulesets.Catch.Tests.CatchBeatmapConversionTest.Test(String name, Type[] mods) in /app/osu.Game.Rulesets.Catch.Tests/CatchBeatmapConversionTest.cs:line 58
   at InvokeStub_CatchBeatmapConversionTest.Test(Object, Span`1)

212)    at osu.Game.Tests.Beatmaps.BeatmapConversionTest`2.<>c__DisplayClass4_1.<Test>b__2() in /app/osu.Game/Tests/Beatmaps/BeatmapConversionTest.cs:line 98
   at NUnit.Framework.Assert.Multiple(TestDelegate testDelegate)
   at osu.Game.Tests.Beatmaps.BeatmapConversionTest`2.<>c__DisplayClass4_0.<Test>b__1() in /app/osu.Game/Tests/Beatmaps/BeatmapConversionTest.cs:line 77
   at NUnit.Framework.Assert.Multiple(TestDelegate testDelegate)
   at osu.Game.Tests.Beatmaps.BeatmapConversionTest`2.Test(String name, Type[] mods) in /app/osu.Game/Tests/Beatmaps/BeatmapConversionTest.cs:line 50
   at osu.Game.Rulesets.Catch.Tests.CatchBeatmapConversionTest.Test(String name, Type[] mods) in /app/osu.Game.Rulesets.Catch.Tests/CatchBeatmapConversionTest.cs:line 58
   at InvokeStub_CatchBeatmapConversionTest.Test(Object, Span`1)

213)    at osu.Game.Tests.Beatmaps.BeatmapConversionTest`2.<>c__DisplayClass4_1.<Test>b__2() in /app/osu.Game/Tests/Beatmaps/BeatmapConversionTest.cs:line 98
   at NUnit.Framework.Assert.Multiple(TestDelegate testDelegate)
   at osu.Game.Tests.Beatmaps.BeatmapConversionTest`2.<>c__DisplayClass4_0.<Test>b__1() in /app/osu.Game/Tests/Beatmaps/BeatmapConversionTest.cs:line 77
   at NUnit.Framework.Assert.Multiple(TestDelegate testDelegate)
   at osu.Game.Tests.Beatmaps.BeatmapConversionTest`2.Test(String name, Type[] mods) in /app/osu.Game/Tests/Beatmaps/BeatmapConversionTest.cs:line 50
   at osu.Game.Rulesets.Catch.Tests.CatchBeatmapConversionTest.Test(String name, Type[] mods) in /app/osu.Game.Rulesets.Catch.Tests/CatchBeatmapConversionTest.cs:line 58
   at InvokeStub_CatchBeatmapConversionTest.Test(Object, Span`1)

214)    at osu.Game.Tests.Beatmaps.BeatmapConversionTest`2.<>c__DisplayClass4_1.<Test>b__2() in /app/osu.Game/Tests/Beatmaps/BeatmapConversionTest.cs:line 98
   at NUnit.Framework.Assert.Multiple(TestDelegate testDelegate)
   at osu.Game.Tests.Beatmaps.BeatmapConversionTest`2.<>c__DisplayClass4_0.<Test>b__1() in /app/osu.Game/Tests/Beatmaps/BeatmapConversionTest.cs:line 77
   at NUnit.Framework.Assert.Multiple(TestDelegate testDelegate)
   at osu.Game.Tests.Beatmaps.BeatmapConversionTest`2.Test(String name, Type[] mods) in /app/osu.Game/Tests/Beatmaps/BeatmapConversionTest.cs:line 50
   at osu.Game.Rulesets.Catch.Tests.CatchBeatmapConversionTest.Test(String name, Type[] mods) in /app/osu.Game.Rulesets.Catch.Tests/CatchBeatmapConversionTest.cs:line 58
   at InvokeStub_CatchBeatmapConversionTest.Test(Object, Span`1)

215)    at osu.Game.Tests.Beatmaps.BeatmapConversionTest`2.<>c__DisplayClass4_1.<Test>b__2() in /app/osu.Game/Tests/Beatmaps/BeatmapConversionTest.cs:line 98
   at NUnit.Framework.Assert.Multiple(TestDelegate testDelegate)
   at osu.Game.Tests.Beatmaps.BeatmapConversionTest`2.<>c__DisplayClass4_0.<Test>b__1() in /app/osu.Game/Tests/Beatmaps/BeatmapConversionTest.cs:line 77
   at NUnit.Framework.Assert.Multiple(TestDelegate testDelegate)
   at osu.Game.Tests.Beatmaps.BeatmapConversionTest`2.Test(String name, Type[] mods) in /app/osu.Game/Tests/Beatmaps/BeatmapConversionTest.cs:line 50
   at osu.Game.Rulesets.Catch.Tests.CatchBeatmapConversionTest.Test(String name, Type[] mods) in /app/osu.Game.Rulesets.Catch.Tests/CatchBeatmapConversionTest.cs:line 58
   at InvokeStub_CatchBeatmapConversionTest.Test(Object, Span`1)

216)    at osu.Game.Tests.Beatmaps.BeatmapConversionTest`2.<>c__DisplayClass4_1.<Test>b__2() in /app/osu.Game/Tests/Beatmaps/BeatmapConversionTest.cs:line 98
   at NUnit.Framework.Assert.Multiple(TestDelegate testDelegate)
   at osu.Game.Tests.Beatmaps.BeatmapConversionTest`2.<>c__DisplayClass4_0.<Test>b__1() in /app/osu.Game/Tests/Beatmaps/BeatmapConversionTest.cs:line 77
   at NUnit.Framework.Assert.Multiple(TestDelegate testDelegate)
   at osu.Game.Tests.Beatmaps.BeatmapConversionTest`2.Test(String name, Type[] mods) in /app/osu.Game/Tests/Beatmaps/BeatmapConversionTest.cs:line 50
   at osu.Game.Rulesets.Catch.Tests.CatchBeatmapConversionTest.Test(String name, Type[] mods) in /app/osu.Game.Rulesets.Catch.Tests/CatchBeatmapConversionTest.cs:line 58
   at InvokeStub_CatchBeatmapConversionTest.Test(Object, Span`1)

217)    at osu.Game.Tests.Beatmaps.BeatmapConversionTest`2.<>c__DisplayClass4_1.<Test>b__2() in /app/osu.Game/Tests/Beatmaps/BeatmapConversionTest.cs:line 98
   at NUnit.Framework.Assert.Multiple(TestDelegate testDelegate)
   at osu.Game.Tests.Beatmaps.BeatmapConversionTest`2.<>c__DisplayClass4_0.<Test>b__1() in /app/osu.Game/Tests/Beatmaps/BeatmapConversionTest.cs:line 77
   at NUnit.Framework.Assert.Multiple(TestDelegate testDelegate)
   at osu.Game.Tests.Beatmaps.BeatmapConversionTest`2.Test(String name, Type[] mods) in /app/osu.Game/Tests/Beatmaps/BeatmapConversionTest.cs:line 50
   at osu.Game.Rulesets.Catch.Tests.CatchBeatmapConversionTest.Test(String name, Type[] mods) in /app/osu.Game.Rulesets.Catch.Tests/CatchBeatmapConversionTest.cs:line 58
   at InvokeStub_CatchBeatmapConversionTest.Test(Object, Span`1)

218)    at osu.Game.Tests.Beatmaps.BeatmapConversionTest`2.<>c__DisplayClass4_1.<Test>b__2() in /app/osu.Game/Tests/Beatmaps/BeatmapConversionTest.cs:line 98
   at NUnit.Framework.Assert.Multiple(TestDelegate testDelegate)
   at osu.Game.Tests.Beatmaps.BeatmapConversionTest`2.<>c__DisplayClass4_0.<Test>b__1() in /app/osu.Game/Tests/Beatmaps/BeatmapConversionTest.cs:line 77
   at NUnit.Framework.Assert.Multiple(TestDelegate testDelegate)
   at osu.Game.Tests.Beatmaps.BeatmapConversionTest`2.Test(String name, Type[] mods) in /app/osu.Game/Tests/Beatmaps/BeatmapConversionTest.cs:line 50
   at osu.Game.Rulesets.Catch.Tests.CatchBeatmapConversionTest.Test(String name, Type[] mods) in /app/osu.Game.Rulesets.Catch.Tests/CatchBeatmapConversionTest.cs:line 58
   at InvokeStub_CatchBeatmapConversionTest.Test(Object, Span`1)

219)    at osu.Game.Tests.Beatmaps.BeatmapConversionTest`2.<>c__DisplayClass4_1.<Test>b__2() in /app/osu.Game/Tests/Beatmaps/BeatmapConversionTest.cs:line 98
   at NUnit.Framework.Assert.Multiple(TestDelegate testDelegate)
   at osu.Game.Tests.Beatmaps.BeatmapConversionTest`2.<>c__DisplayClass4_0.<Test>b__1() in /app/osu.Game/Tests/Beatmaps/BeatmapConversionTest.cs:line 77
   at NUnit.Framework.Assert.Multiple(TestDelegate testDelegate)
   at osu.Game.Tests.Beatmaps.BeatmapConversionTest`2.Test(String name, Type[] mods) in /app/osu.Game/Tests/Beatmaps/BeatmapConversionTest.cs:line 50
   at osu.Game.Rulesets.Catch.Tests.CatchBeatmapConversionTest.Test(String name, Type[] mods) in /app/osu.Game.Rulesets.Catch.Tests/CatchBeatmapConversionTest.cs:line 58
   at InvokeStub_CatchBeatmapConversionTest.Test(Object, Span`1)

220)    at osu.Game.Tests.Beatmaps.BeatmapConversionTest`2.<>c__DisplayClass4_1.<Test>b__2() in /app/osu.Game/Tests/Beatmaps/BeatmapConversionTest.cs:line 98
   at NUnit.Framework.Assert.Multiple(TestDelegate testDelegate)
   at osu.Game.Tests.Beatmaps.BeatmapConversionTest`2.<>c__DisplayClass4_0.<Test>b__1() in /app/osu.Game/Tests/Beatmaps/BeatmapConversionTest.cs:line 77
   at NUnit.Framework.Assert.Multiple(TestDelegate testDelegate)
   at osu.Game.Tests.Beatmaps.BeatmapConversionTest`2.Test(String name, Type[] mods) in /app/osu.Game/Tests/Beatmaps/BeatmapConversionTest.cs:line 50
   at osu.Game.Rulesets.Catch.Tests.CatchBeatmapConversionTest.Test(String name, Type[] mods) in /app/osu.Game.Rulesets.Catch.Tests/CatchBeatmapConversionTest.cs:line 58
   at InvokeStub_CatchBeatmapConversionTest.Test(Object, Span`1)

221)    at osu.Game.Tests.Beatmaps.BeatmapConversionTest`2.<>c__DisplayClass4_1.<Test>b__2() in /app/osu.Game/Tests/Beatmaps/BeatmapConversionTest.cs:line 98
   at NUnit.Framework.Assert.Multiple(TestDelegate testDelegate)
   at osu.Game.Tests.Beatmaps.BeatmapConversionTest`2.<>c__DisplayClass4_0.<Test>b__1() in /app/osu.Game/Tests/Beatmaps/BeatmapConversionTest.cs:line 77
   at NUnit.Framework.Assert.Multiple(TestDelegate testDelegate)
   at osu.Game.Tests.Beatmaps.BeatmapConversionTest`2.Test(String name, Type[] mods) in /app/osu.Game/Tests/Beatmaps/BeatmapConversionTest.cs:line 50
   at osu.Game.Rulesets.Catch.Tests.CatchBeatmapConversionTest.Test(String name, Type[] mods) in /app/osu.Game.Rulesets.Catch.Tests/CatchBeatmapConversionTest.cs:line 58
   at InvokeStub_CatchBeatmapConversionTest.Test(Object, Span`1)

222)    at osu.Game.Tests.Beatmaps.BeatmapConversionTest`2.<>c__DisplayClass4_1.<Test>b__2() in /app/osu.Game/Tests/Beatmaps/BeatmapConversionTest.cs:line 98
   at NUnit.Framework.Assert.Multiple(TestDelegate testDelegate)
   at osu.Game.Tests.Beatmaps.BeatmapConversionTest`2.<>c__DisplayClass4_0.<Test>b__1() in /app/osu.Game/Tests/Beatmaps/BeatmapConversionTest.cs:line 77
   at NUnit.Framework.Assert.Multiple(TestDelegate testDelegate)
   at osu.Game.Tests.Beatmaps.BeatmapConversionTest`2.Test(String name, Type[] mods) in /app/osu.Game/Tests/Beatmaps/BeatmapConversionTest.cs:line 50
   at osu.Game.Rulesets.Catch.Tests.CatchBeatmapConversionTest.Test(String name, Type[] mods) in /app/osu.Game.Rulesets.Catch.Tests/CatchBeatmapConversionTest.cs:line 58
   at InvokeStub_CatchBeatmapConversionTest.Test(Object, Span`1)

223)    at osu.Game.Tests.Beatmaps.BeatmapConversionTest`2.<>c__DisplayClass4_1.<Test>b__2() in /app/osu.Game/Tests/Beatmaps/BeatmapConversionTest.cs:line 98
   at NUnit.Framework.Assert.Multiple(TestDelegate testDelegate)
   at osu.Game.Tests.Beatmaps.BeatmapConversionTest`2.<>c__DisplayClass4_0.<Test>b__1() in /app/osu.Game/Tests/Beatmaps/BeatmapConversionTest.cs:line 77
   at NUnit.Framework.Assert.Multiple(TestDelegate testDelegate)
   at osu.Game.Tests.Beatmaps.BeatmapConversionTest`2.Test(String name, Type[] mods) in /app/osu.Game/Tests/Beatmaps/BeatmapConversionTest.cs:line 50
   at osu.Game.Rulesets.Catch.Tests.CatchBeatmapConversionTest.Test(String name, Type[] mods) in /app/osu.Game.Rulesets.Catch.Tests/CatchBeatmapConversionTest.cs:line 58
   at InvokeStub_CatchBeatmapConversionTest.Test(Object, Span`1)

224)    at osu.Game.Tests.Beatmaps.BeatmapConversionTest`2.<>c__DisplayClass4_1.<Test>b__2() in /app/osu.Game/Tests/Beatmaps/BeatmapConversionTest.cs:line 98
   at NUnit.Framework.Assert.Multiple(TestDelegate testDelegate)
   at osu.Game.Tests.Beatmaps.BeatmapConversionTest`2.<>c__DisplayClass4_0.<Test>b__1() in /app/osu.Game/Tests/Beatmaps/BeatmapConversionTest.cs:line 77
   at NUnit.Framework.Assert.Multiple(TestDelegate testDelegate)
   at osu.Game.Tests.Beatmaps.BeatmapConversionTest`2.Test(String name, Type[] mods) in /app/osu.Game/Tests/Beatmaps/BeatmapConversionTest.cs:line 50
   at osu.Game.Rulesets.Catch.Tests.CatchBeatmapConversionTest.Test(String name, Type[] mods) in /app/osu.Game.Rulesets.Catch.Tests/CatchBeatmapConversionTest.cs:line 58
   at InvokeStub_CatchBeatmapConversionTest.Test(Object, Span`1)

225)    at osu.Game.Tests.Beatmaps.BeatmapConversionTest`2.<>c__DisplayClass4_1.<Test>b__2() in /app/osu.Game/Tests/Beatmaps/BeatmapConversionTest.cs:line 98
   at NUnit.Framework.Assert.Multiple(TestDelegate testDelegate)
   at osu.Game.Tests.Beatmaps.BeatmapConversionTest`2.<>c__DisplayClass4_0.<Test>b__1() in /app/osu.Game/Tests/Beatmaps/BeatmapConversionTest.cs:line 77
   at NUnit.Framework.Assert.Multiple(TestDelegate testDelegate)
   at osu.Game.Tests.Beatmaps.BeatmapConversionTest`2.Test(String name, Type[] mods) in /app/osu.Game/Tests/Beatmaps/BeatmapConversionTest.cs:line 50
   at osu.Game.Rulesets.Catch.Tests.CatchBeatmapConversionTest.Test(String name, Type[] mods) in /app/osu.Game.Rulesets.Catch.Tests/CatchBeatmapConversionTest.cs:line 58
   at InvokeStub_CatchBeatmapConversionTest.Test(Object, Span`1)

226)    at osu.Game.Tests.Beatmaps.BeatmapConversionTest`2.<>c__DisplayClass4_1.<Test>b__2() in /app/osu.Game/Tests/Beatmaps/BeatmapConversionTest.cs:line 98
   at NUnit.Framework.Assert.Multiple(TestDelegate testDelegate)
   at osu.Game.Tests.Beatmaps.BeatmapConversionTest`2.<>c__DisplayClass4_0.<Test>b__1() in /app/osu.Game/Tests/Beatmaps/BeatmapConversionTest.cs:line 77
   at NUnit.Framework.Assert.Multiple(TestDelegate testDelegate)
   at osu.Game.Tests.Beatmaps.BeatmapConversionTest`2.Test(String name, Type[] mods) in /app/osu.Game/Tests/Beatmaps/BeatmapConversionTest.cs:line 50
   at osu.Game.Rulesets.Catch.Tests.CatchBeatmapConversionTest.Test(String name, Type[] mods) in /app/osu.Game.Rulesets.Catch.Tests/CatchBeatmapConversionTest.cs:line 58
   at InvokeStub_CatchBeatmapConversionTest.Test(Object, Span`1)

227)    at osu.Game.Tests.Beatmaps.BeatmapConversionTest`2.<>c__DisplayClass4_1.<Test>b__2() in /app/osu.Game/Tests/Beatmaps/BeatmapConversionTest.cs:line 98
   at NUnit.Framework.Assert.Multiple(TestDelegate testDelegate)
   at osu.Game.Tests.Beatmaps.BeatmapConversionTest`2.<>c__DisplayClass4_0.<Test>b__1() in /app/osu.Game/Tests/Beatmaps/BeatmapConversionTest.cs:line 77
   at NUnit.Framework.Assert.Multiple(TestDelegate testDelegate)
   at osu.Game.Tests.Beatmaps.BeatmapConversionTest`2.Test(String name, Type[] mods) in /app/osu.Game/Tests/Beatmaps/BeatmapConversionTest.cs:line 50
   at osu.Game.Rulesets.Catch.Tests.CatchBeatmapConversionTest.Test(String name, Type[] mods) in /app/osu.Game.Rulesets.Catch.Tests/CatchBeatmapConversionTest.cs:line 58
   at InvokeStub_CatchBeatmapConversionTest.Test(Object, Span`1)

228)    at osu.Game.Tests.Beatmaps.BeatmapConversionTest`2.<>c__DisplayClass4_1.<Test>b__2() in /app/osu.Game/Tests/Beatmaps/BeatmapConversionTest.cs:line 98
   at NUnit.Framework.Assert.Multiple(TestDelegate testDelegate)
   at osu.Game.Tests.Beatmaps.BeatmapConversionTest`2.<>c__DisplayClass4_0.<Test>b__1() in /app/osu.Game/Tests/Beatmaps/BeatmapConversionTest.cs:line 77
   at NUnit.Framework.Assert.Multiple(TestDelegate testDelegate)
   at osu.Game.Tests.Beatmaps.BeatmapConversionTest`2.Test(String name, Type[] mods) in /app/osu.Game/Tests/Beatmaps/BeatmapConversionTest.cs:line 50
   at osu.Game.Rulesets.Catch.Tests.CatchBeatmapConversionTest.Test(String name, Type[] mods) in /app/osu.Game.Rulesets.Catch.Tests/CatchBeatmapConversionTest.cs:line 58
   at InvokeStub_CatchBeatmapConversionTest.Test(Object, Span`1)

229)    at osu.Game.Tests.Beatmaps.BeatmapConversionTest`2.<>c__DisplayClass4_1.<Test>b__2() in /app/osu.Game/Tests/Beatmaps/BeatmapConversionTest.cs:line 98
   at NUnit.Framework.Assert.Multiple(TestDelegate testDelegate)
   at osu.Game.Tests.Beatmaps.BeatmapConversionTest`2.<>c__DisplayClass4_0.<Test>b__1() in /app/osu.Game/Tests/Beatmaps/BeatmapConversionTest.cs:line 77
   at NUnit.Framework.Assert.Multiple(TestDelegate testDelegate)
   at osu.Game.Tests.Beatmaps.BeatmapConversionTest`2.Test(String name, Type[] mods) in /app/osu.Game/Tests/Beatmaps/BeatmapConversionTest.cs:line 50
   at osu.Game.Rulesets.Catch.Tests.CatchBeatmapConversionTest.Test(String name, Type[] mods) in /app/osu.Game.Rulesets.Catch.Tests/CatchBeatmapConversionTest.cs:line 58
   at InvokeStub_CatchBeatmapConversionTest.Test(Object, Span`1)

230)    at osu.Game.Tests.Beatmaps.BeatmapConversionTest`2.<>c__DisplayClass4_1.<Test>b__2() in /app/osu.Game/Tests/Beatmaps/BeatmapConversionTest.cs:line 98
   at NUnit.Framework.Assert.Multiple(TestDelegate testDelegate)
   at osu.Game.Tests.Beatmaps.BeatmapConversionTest`2.<>c__DisplayClass4_0.<Test>b__1() in /app/osu.Game/Tests/Beatmaps/BeatmapConversionTest.cs:line 77
   at NUnit.Framework.Assert.Multiple(TestDelegate testDelegate)
   at osu.Game.Tests.Beatmaps.BeatmapConversionTest`2.Test(String name, Type[] mods) in /app/osu.Game/Tests/Beatmaps/BeatmapConversionTest.cs:line 50
   at osu.Game.Rulesets.Catch.Tests.CatchBeatmapConversionTest.Test(String name, Type[] mods) in /app/osu.Game.Rulesets.Catch.Tests/CatchBeatmapConversionTest.cs:line 58
   at InvokeStub_CatchBeatmapConversionTest.Test(Object, Span`1)

231)    at osu.Game.Tests.Beatmaps.BeatmapConversionTest`2.<>c__DisplayClass4_1.<Test>b__2() in /app/osu.Game/Tests/Beatmaps/BeatmapConversionTest.cs:line 98
   at NUnit.Framework.Assert.Multiple(TestDelegate testDelegate)
   at osu.Game.Tests.Beatmaps.BeatmapConversionTest`2.<>c__DisplayClass4_0.<Test>b__1() in /app/osu.Game/Tests/Beatmaps/BeatmapConversionTest.cs:line 77
   at NUnit.Framework.Assert.Multiple(TestDelegate testDelegate)
   at osu.Game.Tests.Beatmaps.BeatmapConversionTest`2.Test(String name, Type[] mods) in /app/osu.Game/Tests/Beatmaps/BeatmapConversionTest.cs:line 50
   at osu.Game.Rulesets.Catch.Tests.CatchBeatmapConversionTest.Test(String name, Type[] mods) in /app/osu.Game.Rulesets.Catch.Tests/CatchBeatmapConversionTest.cs:line 58
   at InvokeStub_CatchBeatmapConversionTest.Test(Object, Span`1)

232)    at osu.Game.Tests.Beatmaps.BeatmapConversionTest`2.<>c__DisplayClass4_1.<Test>b__2() in /app/osu.Game/Tests/Beatmaps/BeatmapConversionTest.cs:line 98
   at NUnit.Framework.Assert.Multiple(TestDelegate testDelegate)
   at osu.Game.Tests.Beatmaps.BeatmapConversionTest`2.<>c__DisplayClass4_0.<Test>b__1() in /app/osu.Game/Tests/Beatmaps/BeatmapConversionTest.cs:line 77
   at NUnit.Framework.Assert.Multiple(TestDelegate testDelegate)
   at osu.Game.Tests.Beatmaps.BeatmapConversionTest`2.Test(String name, Type[] mods) in /app/osu.Game/Tests/Beatmaps/BeatmapConversionTest.cs:line 50
   at osu.Game.Rulesets.Catch.Tests.CatchBeatmapConversionTest.Test(String name, Type[] mods) in /app/osu.Game.Rulesets.Catch.Tests/CatchBeatmapConversionTest.cs:line 58
   at InvokeStub_CatchBeatmapConversionTest.Test(Object, Span`1)

233)    at osu.Game.Tests.Beatmaps.BeatmapConversionTest`2.<>c__DisplayClass4_1.<Test>b__2() in /app/osu.Game/Tests/Beatmaps/BeatmapConversionTest.cs:line 98
   at NUnit.Framework.Assert.Multiple(TestDelegate testDelegate)
   at osu.Game.Tests.Beatmaps.BeatmapConversionTest`2.<>c__DisplayClass4_0.<Test>b__1() in /app/osu.Game/Tests/Beatmaps/BeatmapConversionTest.cs:line 77
   at NUnit.Framework.Assert.Multiple(TestDelegate testDelegate)
   at osu.Game.Tests.Beatmaps.BeatmapConversionTest`2.Test(String name, Type[] mods) in /app/osu.Game/Tests/Beatmaps/BeatmapConversionTest.cs:line 50
   at osu.Game.Rulesets.Catch.Tests.CatchBeatmapConversionTest.Test(String name, Type[] mods) in /app/osu.Game.Rulesets.Catch.Tests/CatchBeatmapConversionTest.cs:line 58
   at InvokeStub_CatchBeatmapConversionTest.Test(Object, Span`1)

234)    at osu.Game.Tests.Beatmaps.BeatmapConversionTest`2.<>c__DisplayClass4_1.<Test>b__2() in /app/osu.Game/Tests/Beatmaps/BeatmapConversionTest.cs:line 98
   at NUnit.Framework.Assert.Multiple(TestDelegate testDelegate)
   at osu.Game.Tests.Beatmaps.BeatmapConversionTest`2.<>c__DisplayClass4_0.<Test>b__1() in /app/osu.Game/Tests/Beatmaps/BeatmapConversionTest.cs:line 77
   at NUnit.Framework.Assert.Multiple(TestDelegate testDelegate)
   at osu.Game.Tests.Beatmaps.BeatmapConversionTest`2.Test(String name, Type[] mods) in /app/osu.Game/Tests/Beatmaps/BeatmapConversionTest.cs:line 50
   at osu.Game.Rulesets.Catch.Tests.CatchBeatmapConversionTest.Test(String name, Type[] mods) in /app/osu.Game.Rulesets.Catch.Tests/CatchBeatmapConversionTest.cs:line 58
   at InvokeStub_CatchBeatmapConversionTest.Test(Object, Span`1)

235)    at osu.Game.Tests.Beatmaps.BeatmapConversionTest`2.<>c__DisplayClass4_1.<Test>b__2() in /app/osu.Game/Tests/Beatmaps/BeatmapConversionTest.cs:line 98
   at NUnit.Framework.Assert.Multiple(TestDelegate testDelegate)
   at osu.Game.Tests.Beatmaps.BeatmapConversionTest`2.<>c__DisplayClass4_0.<Test>b__1() in /app/osu.Game/Tests/Beatmaps/BeatmapConversionTest.cs:line 77
   at NUnit.Framework.Assert.Multiple(TestDelegate testDelegate)
   at osu.Game.Tests.Beatmaps.BeatmapConversionTest`2.Test(String name, Type[] mods) in /app/osu.Game/Tests/Beatmaps/BeatmapConversionTest.cs:line 50
   at osu.Game.Rulesets.Catch.Tests.CatchBeatmapConversionTest.Test(String name, Type[] mods) in /app/osu.Game.Rulesets.Catch.Tests/CatchBeatmapConversionTest.cs:line 58
   at InvokeStub_CatchBeatmapConversionTest.Test(Object, Span`1)

236)    at osu.Game.Tests.Beatmaps.BeatmapConversionTest`2.<>c__DisplayClass4_1.<Test>b__2() in /app/osu.Game/Tests/Beatmaps/BeatmapConversionTest.cs:line 98
   at NUnit.Framework.Assert.Multiple(TestDelegate testDelegate)
   at osu.Game.Tests.Beatmaps.BeatmapConversionTest`2.<>c__DisplayClass4_0.<Test>b__1() in /app/osu.Game/Tests/Beatmaps/BeatmapConversionTest.cs:line 77
   at NUnit.Framework.Assert.Multiple(TestDelegate testDelegate)
   at osu.Game.Tests.Beatmaps.BeatmapConversionTest`2.Test(String name, Type[] mods) in /app/osu.Game/Tests/Beatmaps/BeatmapConversionTest.cs:line 50
   at osu.Game.Rulesets.Catch.Tests.CatchBeatmapConversionTest.Test(String name, Type[] mods) in /app/osu.Game.Rulesets.Catch.Tests/CatchBeatmapConversionTest.cs:line 58
   at InvokeStub_CatchBeatmapConversionTest.Test(Object, Span`1)

237)    at osu.Game.Tests.Beatmaps.BeatmapConversionTest`2.<>c__DisplayClass4_1.<Test>b__2() in /app/osu.Game/Tests/Beatmaps/BeatmapConversionTest.cs:line 98
   at NUnit.Framework.Assert.Multiple(TestDelegate testDelegate)
   at osu.Game.Tests.Beatmaps.BeatmapConversionTest`2.<>c__DisplayClass4_0.<Test>b__1() in /app/osu.Game/Tests/Beatmaps/BeatmapConversionTest.cs:line 77
   at NUnit.Framework.Assert.Multiple(TestDelegate testDelegate)
   at osu.Game.Tests.Beatmaps.BeatmapConversionTest`2.Test(String name, Type[] mods) in /app/osu.Game/Tests/Beatmaps/BeatmapConversionTest.cs:line 50
   at osu.Game.Rulesets.Catch.Tests.CatchBeatmapConversionTest.Test(String name, Type[] mods) in /app/osu.Game.Rulesets.Catch.Tests/CatchBeatmapConversionTest.cs:line 58
   at InvokeStub_CatchBeatmapConversionTest.Test(Object, Span`1)

238)    at osu.Game.Tests.Beatmaps.BeatmapConversionTest`2.<>c__DisplayClass4_1.<Test>b__2() in /app/osu.Game/Tests/Beatmaps/BeatmapConversionTest.cs:line 98
   at NUnit.Framework.Assert.Multiple(TestDelegate testDelegate)
   at osu.Game.Tests.Beatmaps.BeatmapConversionTest`2.<>c__DisplayClass4_0.<Test>b__1() in /app/osu.Game/Tests/Beatmaps/BeatmapConversionTest.cs:line 77
   at NUnit.Framework.Assert.Multiple(TestDelegate testDelegate)
   at osu.Game.Tests.Beatmaps.BeatmapConversionTest`2.Test(String name, Type[] mods) in /app/osu.Game/Tests/Beatmaps/BeatmapConversionTest.cs:line 50
   at osu.Game.Rulesets.Catch.Tests.CatchBeatmapConversionTest.Test(String name, Type[] mods) in /app/osu.Game.Rulesets.Catch.Tests/CatchBeatmapConversionTest.cs:line 58
   at InvokeStub_CatchBeatmapConversionTest.Test(Object, Span`1)

239)    at osu.Game.Tests.Beatmaps.BeatmapConversionTest`2.<>c__DisplayClass4_1.<Test>b__2() in /app/osu.Game/Tests/Beatmaps/BeatmapConversionTest.cs:line 98
   at NUnit.Framework.Assert.Multiple(TestDelegate testDelegate)
   at osu.Game.Tests.Beatmaps.BeatmapConversionTest`2.<>c__DisplayClass4_0.<Test>b__1() in /app/osu.Game/Tests/Beatmaps/BeatmapConversionTest.cs:line 77
   at NUnit.Framework.Assert.Multiple(TestDelegate testDelegate)
   at osu.Game.Tests.Beatmaps.BeatmapConversionTest`2.Test(String name, Type[] mods) in /app/osu.Game/Tests/Beatmaps/BeatmapConversionTest.cs:line 50
   at osu.Game.Rulesets.Catch.Tests.CatchBeatmapConversionTest.Test(String name, Type[] mods) in /app/osu.Game.Rulesets.Catch.Tests/CatchBeatmapConversionTest.cs:line 58
   at InvokeStub_CatchBeatmapConversionTest.Test(Object, Span`1)

240)    at osu.Game.Tests.Beatmaps.BeatmapConversionTest`2.<>c__DisplayClass4_1.<Test>b__2() in /app/osu.Game/Tests/Beatmaps/BeatmapConversionTest.cs:line 98
   at NUnit.Framework.Assert.Multiple(TestDelegate testDelegate)
   at osu.Game.Tests.Beatmaps.BeatmapConversionTest`2.<>c__DisplayClass4_0.<Test>b__1() in /app/osu.Game/Tests/Beatmaps/BeatmapConversionTest.cs:line 77
   at NUnit.Framework.Assert.Multiple(TestDelegate testDelegate)
   at osu.Game.Tests.Beatmaps.BeatmapConversionTest`2.Test(String name, Type[] mods) in /app/osu.Game/Tests/Beatmaps/BeatmapConversionTest.cs:line 50
   at osu.Game.Rulesets.Catch.Tests.CatchBeatmapConversionTest.Test(String name, Type[] mods) in /app/osu.Game.Rulesets.Catch.Tests/CatchBeatmapConversionTest.cs:line 58
   at InvokeStub_CatchBeatmapConversionTest.Test(Object, Span`1)

241)    at osu.Game.Tests.Beatmaps.BeatmapConversionTest`2.<>c__DisplayClass4_1.<Test>b__2() in /app/osu.Game/Tests/Beatmaps/BeatmapConversionTest.cs:line 98
   at NUnit.Framework.Assert.Multiple(TestDelegate testDelegate)
   at osu.Game.Tests.Beatmaps.BeatmapConversionTest`2.<>c__DisplayClass4_0.<Test>b__1() in /app/osu.Game/Tests/Beatmaps/BeatmapConversionTest.cs:line 77
   at NUnit.Framework.Assert.Multiple(TestDelegate testDelegate)
   at osu.Game.Tests.Beatmaps.BeatmapConversionTest`2.Test(String name, Type[] mods) in /app/osu.Game/Tests/Beatmaps/BeatmapConversionTest.cs:line 50
   at osu.Game.Rulesets.Catch.Tests.CatchBeatmapConversionTest.Test(String name, Type[] mods) in /app/osu.Game.Rulesets.Catch.Tests/CatchBeatmapConversionTest.cs:line 58
   at InvokeStub_CatchBeatmapConversionTest.Test(Object, Span`1)

242)    at osu.Game.Tests.Beatmaps.BeatmapConversionTest`2.<>c__DisplayClass4_1.<Test>b__2() in /app/osu.Game/Tests/Beatmaps/BeatmapConversionTest.cs:line 98
   at NUnit.Framework.Assert.Multiple(TestDelegate testDelegate)
   at osu.Game.Tests.Beatmaps.BeatmapConversionTest`2.<>c__DisplayClass4_0.<Test>b__1() in /app/osu.Game/Tests/Beatmaps/BeatmapConversionTest.cs:line 77
   at NUnit.Framework.Assert.Multiple(TestDelegate testDelegate)
   at osu.Game.Tests.Beatmaps.BeatmapConversionTest`2.Test(String name, Type[] mods) in /app/osu.Game/Tests/Beatmaps/BeatmapConversionTest.cs:line 50
   at osu.Game.Rulesets.Catch.Tests.CatchBeatmapConversionTest.Test(String name, Type[] mods) in /app/osu.Game.Rulesets.Catch.Tests/CatchBeatmapConversionTest.cs:line 58
   at InvokeStub_CatchBeatmapConversionTest.Test(Object, Span`1)

243)    at osu.Game.Tests.Beatmaps.BeatmapConversionTest`2.<>c__DisplayClass4_1.<Test>b__2() in /app/osu.Game/Tests/Beatmaps/BeatmapConversionTest.cs:line 98
   at NUnit.Framework.Assert.Multiple(TestDelegate testDelegate)
   at osu.Game.Tests.Beatmaps.BeatmapConversionTest`2.<>c__DisplayClass4_0.<Test>b__1() in /app/osu.Game/Tests/Beatmaps/BeatmapConversionTest.cs:line 77
   at NUnit.Framework.Assert.Multiple(TestDelegate testDelegate)
   at osu.Game.Tests.Beatmaps.BeatmapConversionTest`2.Test(String name, Type[] mods) in /app/osu.Game/Tests/Beatmaps/BeatmapConversionTest.cs:line 50
   at osu.Game.Rulesets.Catch.Tests.CatchBeatmapConversionTest.Test(String name, Type[] mods) in /app/osu.Game.Rulesets.Catch.Tests/CatchBeatmapConversionTest.cs:line 58
   at InvokeStub_CatchBeatmapConversionTest.Test(Object, Span`1)

244)    at osu.Game.Tests.Beatmaps.BeatmapConversionTest`2.<>c__DisplayClass4_1.<Test>b__2() in /app/osu.Game/Tests/Beatmaps/BeatmapConversionTest.cs:line 98
   at NUnit.Framework.Assert.Multiple(TestDelegate testDelegate)
   at osu.Game.Tests.Beatmaps.BeatmapConversionTest`2.<>c__DisplayClass4_0.<Test>b__1() in /app/osu.Game/Tests/Beatmaps/BeatmapConversionTest.cs:line 77
   at NUnit.Framework.Assert.Multiple(TestDelegate testDelegate)
   at osu.Game.Tests.Beatmaps.BeatmapConversionTest`2.Test(String name, Type[] mods) in /app/osu.Game/Tests/Beatmaps/BeatmapConversionTest.cs:line 50
   at osu.Game.Rulesets.Catch.Tests.CatchBeatmapConversionTest.Test(String name, Type[] mods) in /app/osu.Game.Rulesets.Catch.Tests/CatchBeatmapConversionTest.cs:line 58
   at InvokeStub_CatchBeatmapConversionTest.Test(Object, Span`1)

245)    at osu.Game.Tests.Beatmaps.BeatmapConversionTest`2.<>c__DisplayClass4_1.<Test>b__2() in /app/osu.Game/Tests/Beatmaps/BeatmapConversionTest.cs:line 98
   at NUnit.Framework.Assert.Multiple(TestDelegate testDelegate)
   at osu.Game.Tests.Beatmaps.BeatmapConversionTest`2.<>c__DisplayClass4_0.<Test>b__1() in /app/osu.Game/Tests/Beatmaps/BeatmapConversionTest.cs:line 77
   at NUnit.Framework.Assert.Multiple(TestDelegate testDelegate)
   at osu.Game.Tests.Beatmaps.BeatmapConversionTest`2.Test(String name, Type[] mods) in /app/osu.Game/Tests/Beatmaps/BeatmapConversionTest.cs:line 50
   at osu.Game.Rulesets.Catch.Tests.CatchBeatmapConversionTest.Test(String name, Type[] mods) in /app/osu.Game.Rulesets.Catch.Tests/CatchBeatmapConversionTest.cs:line 58
   at InvokeStub_CatchBeatmapConversionTest.Test(Object, Span`1)

246)    at osu.Game.Tests.Beatmaps.BeatmapConversionTest`2.<>c__DisplayClass4_1.<Test>b__2() in /app/osu.Game/Tests/Beatmaps/BeatmapConversionTest.cs:line 98
   at NUnit.Framework.Assert.Multiple(TestDelegate testDelegate)
   at osu.Game.Tests.Beatmaps.BeatmapConversionTest`2.<>c__DisplayClass4_0.<Test>b__1() in /app/osu.Game/Tests/Beatmaps/BeatmapConversionTest.cs:line 77
   at NUnit.Framework.Assert.Multiple(TestDelegate testDelegate)
   at osu.Game.Tests.Beatmaps.BeatmapConversionTest`2.Test(String name, Type[] mods) in /app/osu.Game/Tests/Beatmaps/BeatmapConversionTest.cs:line 50
   at osu.Game.Rulesets.Catch.Tests.CatchBeatmapConversionTest.Test(String name, Type[] mods) in /app/osu.Game.Rulesets.Catch.Tests/CatchBeatmapConversionTest.cs:line 58
   at InvokeStub_CatchBeatmapConversionTest.Test(Object, Span`1)

247)    at osu.Game.Tests.Beatmaps.BeatmapConversionTest`2.<>c__DisplayClass4_1.<Test>b__2() in /app/osu.Game/Tests/Beatmaps/BeatmapConversionTest.cs:line 98
   at NUnit.Framework.Assert.Multiple(TestDelegate testDelegate)
   at osu.Game.Tests.Beatmaps.BeatmapConversionTest`2.<>c__DisplayClass4_0.<Test>b__1() in /app/osu.Game/Tests/Beatmaps/BeatmapConversionTest.cs:line 77
   at NUnit.Framework.Assert.Multiple(TestDelegate testDelegate)
   at osu.Game.Tests.Beatmaps.BeatmapConversionTest`2.Test(String name, Type[] mods) in /app/osu.Game/Tests/Beatmaps/BeatmapConversionTest.cs:line 50
   at osu.Game.Rulesets.Catch.Tests.CatchBeatmapConversionTest.Test(String name, Type[] mods) in /app/osu.Game.Rulesets.Catch.Tests/CatchBeatmapConversionTest.cs:line 58
   at InvokeStub_CatchBeatmapConversionTest.Test(Object, Span`1)

248)    at osu.Game.Tests.Beatmaps.BeatmapConversionTest`2.<>c__DisplayClass4_1.<Test>b__2() in /app/osu.Game/Tests/Beatmaps/BeatmapConversionTest.cs:line 98
   at NUnit.Framework.Assert.Multiple(TestDelegate testDelegate)
   at osu.Game.Tests.Beatmaps.BeatmapConversionTest`2.<>c__DisplayClass4_0.<Test>b__1() in /app/osu.Game/Tests/Beatmaps/BeatmapConversionTest.cs:line 77
   at NUnit.Framework.Assert.Multiple(TestDelegate testDelegate)
   at osu.Game.Tests.Beatmaps.BeatmapConversionTest`2.Test(String name, Type[] mods) in /app/osu.Game/Tests/Beatmaps/BeatmapConversionTest.cs:line 50
   at osu.Game.Rulesets.Catch.Tests.CatchBeatmapConversionTest.Test(String name, Type[] mods) in /app/osu.Game.Rulesets.Catch.Tests/CatchBeatmapConversionTest.cs:line 58
   at InvokeStub_CatchBeatmapConversionTest.Test(Object, Span`1)

249)    at osu.Game.Tests.Beatmaps.BeatmapConversionTest`2.<>c__DisplayClass4_1.<Test>b__2() in /app/osu.Game/Tests/Beatmaps/BeatmapConversionTest.cs:line 98
   at NUnit.Framework.Assert.Multiple(TestDelegate testDelegate)
   at osu.Game.Tests.Beatmaps.BeatmapConversionTest`2.<>c__DisplayClass4_0.<Test>b__1() in /app/osu.Game/Tests/Beatmaps/BeatmapConversionTest.cs:line 77
   at NUnit.Framework.Assert.Multiple(TestDelegate testDelegate)
   at osu.Game.Tests.Beatmaps.BeatmapConversionTest`2.Test(String name, Type[] mods) in /app/osu.Game/Tests/Beatmaps/BeatmapConversionTest.cs:line 50
   at osu.Game.Rulesets.Catch.Tests.CatchBeatmapConversionTest.Test(String name, Type[] mods) in /app/osu.Game.Rulesets.Catch.Tests/CatchBeatmapConversionTest.cs:line 58
   at InvokeStub_CatchBeatmapConversionTest.Test(Object, Span`1)

250)    at osu.Game.Tests.Beatmaps.BeatmapConversionTest`2.<>c__DisplayClass4_1.<Test>b__2() in /app/osu.Game/Tests/Beatmaps/BeatmapConversionTest.cs:line 98
   at NUnit.Framework.Assert.Multiple(TestDelegate testDelegate)
   at osu.Game.Tests.Beatmaps.BeatmapConversionTest`2.<>c__DisplayClass4_0.<Test>b__1() in /app/osu.Game/Tests/Beatmaps/BeatmapConversionTest.cs:line 77
   at NUnit.Framework.Assert.Multiple(TestDelegate testDelegate)
   at osu.Game.Tests.Beatmaps.BeatmapConversionTest`2.Test(String name, Type[] mods) in /app/osu.Game/Tests/Beatmaps/BeatmapConversionTest.cs:line 50
   at osu.Game.Rulesets.Catch.Tests.CatchBeatmapConversionTest.Test(String name, Type[] mods) in /app/osu.Game.Rulesets.Catch.Tests/CatchBeatmapConversionTest.cs:line 58
   at InvokeStub_CatchBeatmapConversionTest.Test(Object, Span`1)

251)    at osu.Game.Tests.Beatmaps.BeatmapConversionTest`2.<>c__DisplayClass4_1.<Test>b__2() in /app/osu.Game/Tests/Beatmaps/BeatmapConversionTest.cs:line 98
   at NUnit.Framework.Assert.Multiple(TestDelegate testDelegate)
   at osu.Game.Tests.Beatmaps.BeatmapConversionTest`2.<>c__DisplayClass4_0.<Test>b__1() in /app/osu.Game/Tests/Beatmaps/BeatmapConversionTest.cs:line 77
   at NUnit.Framework.Assert.Multiple(TestDelegate testDelegate)
   at osu.Game.Tests.Beatmaps.BeatmapConversionTest`2.Test(String name, Type[] mods) in /app/osu.Game/Tests/Beatmaps/BeatmapConversionTest.cs:line 50
   at osu.Game.Rulesets.Catch.Tests.CatchBeatmapConversionTest.Test(String name, Type[] mods) in /app/osu.Game.Rulesets.Catch.Tests/CatchBeatmapConversionTest.cs:line 58
   at InvokeStub_CatchBeatmapConversionTest.Test(Object, Span`1)

252)    at osu.Game.Tests.Beatmaps.BeatmapConversionTest`2.<>c__DisplayClass4_1.<Test>b__2() in /app/osu.Game/Tests/Beatmaps/BeatmapConversionTest.cs:line 98
   at NUnit.Framework.Assert.Multiple(TestDelegate testDelegate)
   at osu.Game.Tests.Beatmaps.BeatmapConversionTest`2.<>c__DisplayClass4_0.<Test>b__1() in /app/osu.Game/Tests/Beatmaps/BeatmapConversionTest.cs:line 77
   at NUnit.Framework.Assert.Multiple(TestDelegate testDelegate)
   at osu.Game.Tests.Beatmaps.BeatmapConversionTest`2.Test(String name, Type[] mods) in /app/osu.Game/Tests/Beatmaps/BeatmapConversionTest.cs:line 50
   at osu.Game.Rulesets.Catch.Tests.CatchBeatmapConversionTest.Test(String name, Type[] mods) in /app/osu.Game.Rulesets.Catch.Tests/CatchBeatmapConversionTest.cs:line 58
   at InvokeStub_CatchBeatmapConversionTest.Test(Object, Span`1)

253)    at osu.Game.Tests.Beatmaps.BeatmapConversionTest`2.<>c__DisplayClass4_1.<Test>b__2() in /app/osu.Game/Tests/Beatmaps/BeatmapConversionTest.cs:line 98
   at NUnit.Framework.Assert.Multiple(TestDelegate testDelegate)
   at osu.Game.Tests.Beatmaps.BeatmapConversionTest`2.<>c__DisplayClass4_0.<Test>b__1() in /app/osu.Game/Tests/Beatmaps/BeatmapConversionTest.cs:line 77
   at NUnit.Framework.Assert.Multiple(TestDelegate testDelegate)
   at osu.Game.Tests.Beatmaps.BeatmapConversionTest`2.Test(String name, Type[] mods) in /app/osu.Game/Tests/Beatmaps/BeatmapConversionTest.cs:line 50
   at osu.Game.Rulesets.Catch.Tests.CatchBeatmapConversionTest.Test(String name, Type[] mods) in /app/osu.Game.Rulesets.Catch.Tests/CatchBeatmapConversionTest.cs:line 58
   at InvokeStub_CatchBeatmapConversionTest.Test(Object, Span`1)

254)    at osu.Game.Tests.Beatmaps.BeatmapConversionTest`2.<>c__DisplayClass4_1.<Test>b__2() in /app/osu.Game/Tests/Beatmaps/BeatmapConversionTest.cs:line 98
   at NUnit.Framework.Assert.Multiple(TestDelegate testDelegate)
   at osu.Game.Tests.Beatmaps.BeatmapConversionTest`2.<>c__DisplayClass4_0.<Test>b__1() in /app/osu.Game/Tests/Beatmaps/BeatmapConversionTest.cs:line 77
   at NUnit.Framework.Assert.Multiple(TestDelegate testDelegate)
   at osu.Game.Tests.Beatmaps.BeatmapConversionTest`2.Test(String name, Type[] mods) in /app/osu.Game/Tests/Beatmaps/BeatmapConversionTest.cs:line 50
   at osu.Game.Rulesets.Catch.Tests.CatchBeatmapConversionTest.Test(String name, Type[] mods) in /app/osu.Game.Rulesets.Catch.Tests/CatchBeatmapConversionTest.cs:line 58
   at InvokeStub_CatchBeatmapConversionTest.Test(Object, Span`1)

255)    at osu.Game.Tests.Beatmaps.BeatmapConversionTest`2.<>c__DisplayClass4_1.<Test>b__2() in /app/osu.Game/Tests/Beatmaps/BeatmapConversionTest.cs:line 98
   at NUnit.Framework.Assert.Multiple(TestDelegate testDelegate)
   at osu.Game.Tests.Beatmaps.BeatmapConversionTest`2.<>c__DisplayClass4_0.<Test>b__1() in /app/osu.Game/Tests/Beatmaps/BeatmapConversionTest.cs:line 77
   at NUnit.Framework.Assert.Multiple(TestDelegate testDelegate)
   at osu.Game.Tests.Beatmaps.BeatmapConversionTest`2.Test(String name, Type[] mods) in /app/osu.Game/Tests/Beatmaps/BeatmapConversionTest.cs:line 50
   at osu.Game.Rulesets.Catch.Tests.CatchBeatmapConversionTest.Test(String name, Type[] mods) in /app/osu.Game.Rulesets.Catch.Tests/CatchBeatmapConversionTest.cs:line 58
   at InvokeStub_CatchBeatmapConversionTest.Test(Object, Span`1)

256)    at osu.Game.Tests.Beatmaps.BeatmapConversionTest`2.<>c__DisplayClass4_1.<Test>b__2() in /app/osu.Game/Tests/Beatmaps/BeatmapConversionTest.cs:line 98
   at NUnit.Framework.Assert.Multiple(TestDelegate testDelegate)
   at osu.Game.Tests.Beatmaps.BeatmapConversionTest`2.<>c__DisplayClass4_0.<Test>b__1() in /app/osu.Game/Tests/Beatmaps/BeatmapConversionTest.cs:line 77
   at NUnit.Framework.Assert.Multiple(TestDelegate testDelegate)
   at osu.Game.Tests.Beatmaps.BeatmapConversionTest`2.Test(String name, Type[] mods) in /app/osu.Game/Tests/Beatmaps/BeatmapConversionTest.cs:line 50
   at osu.Game.Rulesets.Catch.Tests.CatchBeatmapConversionTest.Test(String name, Type[] mods) in /app/osu.Game.Rulesets.Catch.Tests/CatchBeatmapConversionTest.cs:line 58
   at InvokeStub_CatchBeatmapConversionTest.Test(Object, Span`1)

257)    at osu.Game.Tests.Beatmaps.BeatmapConversionTest`2.<>c__DisplayClass4_1.<Test>b__2() in /app/osu.Game/Tests/Beatmaps/BeatmapConversionTest.cs:line 98
   at NUnit.Framework.Assert.Multiple(TestDelegate testDelegate)
   at osu.Game.Tests.Beatmaps.BeatmapConversionTest`2.<>c__DisplayClass4_0.<Test>b__1() in /app/osu.Game/Tests/Beatmaps/BeatmapConversionTest.cs:line 77
   at NUnit.Framework.Assert.Multiple(TestDelegate testDelegate)
   at osu.Game.Tests.Beatmaps.BeatmapConversionTest`2.Test(String name, Type[] mods) in /app/osu.Game/Tests/Beatmaps/BeatmapConversionTest.cs:line 50
   at osu.Game.Rulesets.Catch.Tests.CatchBeatmapConversionTest.Test(String name, Type[] mods) in /app/osu.Game.Rulesets.Catch.Tests/CatchBeatmapConversionTest.cs:line 58
   at InvokeStub_CatchBeatmapConversionTest.Test(Object, Span`1)

258)    at osu.Game.Tests.Beatmaps.BeatmapConversionTest`2.<>c__DisplayClass4_1.<Test>b__2() in /app/osu.Game/Tests/Beatmaps/BeatmapConversionTest.cs:line 98
   at NUnit.Framework.Assert.Multiple(TestDelegate testDelegate)
   at osu.Game.Tests.Beatmaps.BeatmapConversionTest`2.<>c__DisplayClass4_0.<Test>b__1() in /app/osu.Game/Tests/Beatmaps/BeatmapConversionTest.cs:line 77
   at NUnit.Framework.Assert.Multiple(TestDelegate testDelegate)
   at osu.Game.Tests.Beatmaps.BeatmapConversionTest`2.Test(String name, Type[] mods) in /app/osu.Game/Tests/Beatmaps/BeatmapConversionTest.cs:line 50
   at osu.Game.Rulesets.Catch.Tests.CatchBeatmapConversionTest.Test(String name, Type[] mods) in /app/osu.Game.Rulesets.Catch.Tests/CatchBeatmapConversionTest.cs:line 58
   at InvokeStub_CatchBeatmapConversionTest.Test(Object, Span`1)

259)    at osu.Game.Tests.Beatmaps.BeatmapConversionTest`2.<>c__DisplayClass4_1.<Test>b__2() in /app/osu.Game/Tests/Beatmaps/BeatmapConversionTest.cs:line 98
   at NUnit.Framework.Assert.Multiple(TestDelegate testDelegate)
   at osu.Game.Tests.Beatmaps.BeatmapConversionTest`2.<>c__DisplayClass4_0.<Test>b__1() in /app/osu.Game/Tests/Beatmaps/BeatmapConversionTest.cs:line 77
   at NUnit.Framework.Assert.Multiple(TestDelegate testDelegate)
   at osu.Game.Tests.Beatmaps.BeatmapConversionTest`2.Test(String name, Type[] mods) in /app/osu.Game/Tests/Beatmaps/BeatmapConversionTest.cs:line 50
   at osu.Game.Rulesets.Catch.Tests.CatchBeatmapConversionTest.Test(String name, Type[] mods) in /app/osu.Game.Rulesets.Catch.Tests/CatchBeatmapConversionTest.cs:line 58
   at InvokeStub_CatchBeatmapConversionTest.Test(Object, Span`1)

260)    at osu.Game.Tests.Beatmaps.BeatmapConversionTest`2.<>c__DisplayClass4_1.<Test>b__2() in /app/osu.Game/Tests/Beatmaps/BeatmapConversionTest.cs:line 98
   at NUnit.Framework.Assert.Multiple(TestDelegate testDelegate)
   at osu.Game.Tests.Beatmaps.BeatmapConversionTest`2.<>c__DisplayClass4_0.<Test>b__1() in /app/osu.Game/Tests/Beatmaps/BeatmapConversionTest.cs:line 77
   at NUnit.Framework.Assert.Multiple(TestDelegate testDelegate)
   at osu.Game.Tests.Beatmaps.BeatmapConversionTest`2.Test(String name, Type[] mods) in /app/osu.Game/Tests/Beatmaps/BeatmapConversionTest.cs:line 50
   at osu.Game.Rulesets.Catch.Tests.CatchBeatmapConversionTest.Test(String name, Type[] mods) in /app/osu.Game.Rulesets.Catch.Tests/CatchBeatmapConversionTest.cs:line 58
   at InvokeStub_CatchBeatmapConversionTest.Test(Object, Span`1)

261)    at osu.Game.Tests.Beatmaps.BeatmapConversionTest`2.<>c__DisplayClass4_1.<Test>b__2() in /app/osu.Game/Tests/Beatmaps/BeatmapConversionTest.cs:line 98
   at NUnit.Framework.Assert.Multiple(TestDelegate testDelegate)
   at osu.Game.Tests.Beatmaps.BeatmapConversionTest`2.<>c__DisplayClass4_0.<Test>b__1() in /app/osu.Game/Tests/Beatmaps/BeatmapConversionTest.cs:line 77
   at NUnit.Framework.Assert.Multiple(TestDelegate testDelegate)
   at osu.Game.Tests.Beatmaps.BeatmapConversionTest`2.Test(String name, Type[] mods) in /app/osu.Game/Tests/Beatmaps/BeatmapConversionTest.cs:line 50
   at osu.Game.Rulesets.Catch.Tests.CatchBeatmapConversionTest.Test(String name, Type[] mods) in /app/osu.Game.Rulesets.Catch.Tests/CatchBeatmapConversionTest.cs:line 58
   at InvokeStub_CatchBeatmapConversionTest.Test(Object, Span`1)

262)    at osu.Game.Tests.Beatmaps.BeatmapConversionTest`2.<>c__DisplayClass4_1.<Test>b__2() in /app/osu.Game/Tests/Beatmaps/BeatmapConversionTest.cs:line 98
   at NUnit.Framework.Assert.Multiple(TestDelegate testDelegate)
   at osu.Game.Tests.Beatmaps.BeatmapConversionTest`2.<>c__DisplayClass4_0.<Test>b__1() in /app/osu.Game/Tests/Beatmaps/BeatmapConversionTest.cs:line 77
   at NUnit.Framework.Assert.Multiple(TestDelegate testDelegate)
   at osu.Game.Tests.Beatmaps.BeatmapConversionTest`2.Test(String name, Type[] mods) in /app/osu.Game/Tests/Beatmaps/BeatmapConversionTest.cs:line 50
   at osu.Game.Rulesets.Catch.Tests.CatchBeatmapConversionTest.Test(String name, Type[] mods) in /app/osu.Game.Rulesets.Catch.Tests/CatchBeatmapConversionTest.cs:line 58
   at InvokeStub_CatchBeatmapConversionTest.Test(Object, Span`1)

263)    at osu.Game.Tests.Beatmaps.BeatmapConversionTest`2.<>c__DisplayClass4_1.<Test>b__2() in /app/osu.Game/Tests/Beatmaps/BeatmapConversionTest.cs:line 98
   at NUnit.Framework.Assert.Multiple(TestDelegate testDelegate)
   at osu.Game.Tests.Beatmaps.BeatmapConversionTest`2.<>c__DisplayClass4_0.<Test>b__1() in /app/osu.Game/Tests/Beatmaps/BeatmapConversionTest.cs:line 77
   at NUnit.Framework.Assert.Multiple(TestDelegate testDelegate)
   at osu.Game.Tests.Beatmaps.BeatmapConversionTest`2.Test(String name, Type[] mods) in /app/osu.Game/Tests/Beatmaps/BeatmapConversionTest.cs:line 50
   at osu.Game.Rulesets.Catch.Tests.CatchBeatmapConversionTest.Test(String name, Type[] mods) in /app/osu.Game.Rulesets.Catch.Tests/CatchBeatmapConversionTest.cs:line 58
   at InvokeStub_CatchBeatmapConversionTest.Test(Object, Span`1)

264)    at osu.Game.Tests.Beatmaps.BeatmapConversionTest`2.<>c__DisplayClass4_1.<Test>b__2() in /app/osu.Game/Tests/Beatmaps/BeatmapConversionTest.cs:line 98
   at NUnit.Framework.Assert.Multiple(TestDelegate testDelegate)
   at osu.Game.Tests.Beatmaps.BeatmapConversionTest`2.<>c__DisplayClass4_0.<Test>b__1() in /app/osu.Game/Tests/Beatmaps/BeatmapConversionTest.cs:line 77
   at NUnit.Framework.Assert.Multiple(TestDelegate testDelegate)
   at osu.Game.Tests.Beatmaps.BeatmapConversionTest`2.Test(String name, Type[] mods) in /app/osu.Game/Tests/Beatmaps/BeatmapConversionTest.cs:line 50
   at osu.Game.Rulesets.Catch.Tests.CatchBeatmapConversionTest.Test(String name, Type[] mods) in /app/osu.Game.Rulesets.Catch.Tests/CatchBeatmapConversionTest.cs:line 58
   at InvokeStub_CatchBeatmapConversionTest.Test(Object, Span`1)

265)    at osu.Game.Tests.Beatmaps.BeatmapConversionTest`2.<>c__DisplayClass4_1.<Test>b__2() in /app/osu.Game/Tests/Beatmaps/BeatmapConversionTest.cs:line 98
   at NUnit.Framework.Assert.Multiple(TestDelegate testDelegate)
   at osu.Game.Tests.Beatmaps.BeatmapConversionTest`2.<>c__DisplayClass4_0.<Test>b__1() in /app/osu.Game/Tests/Beatmaps/BeatmapConversionTest.cs:line 77
   at NUnit.Framework.Assert.Multiple(TestDelegate testDelegate)
   at osu.Game.Tests.Beatmaps.BeatmapConversionTest`2.Test(String name, Type[] mods) in /app/osu.Game/Tests/Beatmaps/BeatmapConversionTest.cs:line 50
   at osu.Game.Rulesets.Catch.Tests.CatchBeatmapConversionTest.Test(String name, Type[] mods) in /app/osu.Game.Rulesets.Catch.Tests/CatchBeatmapConversionTest.cs:line 58
   at InvokeStub_CatchBeatmapConversionTest.Test(Object, Span`1)

266)    at osu.Game.Tests.Beatmaps.BeatmapConversionTest`2.<>c__DisplayClass4_1.<Test>b__2() in /app/osu.Game/Tests/Beatmaps/BeatmapConversionTest.cs:line 98
   at NUnit.Framework.Assert.Multiple(TestDelegate testDelegate)
   at osu.Game.Tests.Beatmaps.BeatmapConversionTest`2.<>c__DisplayClass4_0.<Test>b__1() in /app/osu.Game/Tests/Beatmaps/BeatmapConversionTest.cs:line 77
   at NUnit.Framework.Assert.Multiple(TestDelegate testDelegate)
   at osu.Game.Tests.Beatmaps.BeatmapConversionTest`2.Test(String name, Type[] mods) in /app/osu.Game/Tests/Beatmaps/BeatmapConversionTest.cs:line 50
   at osu.Game.Rulesets.Catch.Tests.CatchBeatmapConversionTest.Test(String name, Type[] mods) in /app/osu.Game.Rulesets.Catch.Tests/CatchBeatmapConversionTest.cs:line 58
   at InvokeStub_CatchBeatmapConversionTest.Test(Object, Span`1)

267)    at osu.Game.Tests.Beatmaps.BeatmapConversionTest`2.<>c__DisplayClass4_1.<Test>b__2() in /app/osu.Game/Tests/Beatmaps/BeatmapConversionTest.cs:line 98
   at NUnit.Framework.Assert.Multiple(TestDelegate testDelegate)
   at osu.Game.Tests.Beatmaps.BeatmapConversionTest`2.<>c__DisplayClass4_0.<Test>b__1() in /app/osu.Game/Tests/Beatmaps/BeatmapConversionTest.cs:line 77
   at NUnit.Framework.Assert.Multiple(TestDelegate testDelegate)
   at osu.Game.Tests.Beatmaps.BeatmapConversionTest`2.Test(String name, Type[] mods) in /app/osu.Game/Tests/Beatmaps/BeatmapConversionTest.cs:line 50
   at osu.Game.Rulesets.Catch.Tests.CatchBeatmapConversionTest.Test(String name, Type[] mods) in /app/osu.Game.Rulesets.Catch.Tests/CatchBeatmapConversionTest.cs:line 58
   at InvokeStub_CatchBeatmapConversionTest.Test(Object, Span`1)

268)    at osu.Game.Tests.Beatmaps.BeatmapConversionTest`2.<>c__DisplayClass4_1.<Test>b__2() in /app/osu.Game/Tests/Beatmaps/BeatmapConversionTest.cs:line 98
   at NUnit.Framework.Assert.Multiple(TestDelegate testDelegate)
   at osu.Game.Tests.Beatmaps.BeatmapConversionTest`2.<>c__DisplayClass4_0.<Test>b__1() in /app/osu.Game/Tests/Beatmaps/BeatmapConversionTest.cs:line 77
   at NUnit.Framework.Assert.Multiple(TestDelegate testDelegate)
   at osu.Game.Tests.Beatmaps.BeatmapConversionTest`2.Test(String name, Type[] mods) in /app/osu.Game/Tests/Beatmaps/BeatmapConversionTest.cs:line 50
   at osu.Game.Rulesets.Catch.Tests.CatchBeatmapConversionTest.Test(String name, Type[] mods) in /app/osu.Game.Rulesets.Catch.Tests/CatchBeatmapConversionTest.cs:line 58
   at InvokeStub_CatchBeatmapConversionTest.Test(Object, Span`1)

269)    at osu.Game.Tests.Beatmaps.BeatmapConversionTest`2.<>c__DisplayClass4_1.<Test>b__2() in /app/osu.Game/Tests/Beatmaps/BeatmapConversionTest.cs:line 98
   at NUnit.Framework.Assert.Multiple(TestDelegate testDelegate)
   at osu.Game.Tests.Beatmaps.BeatmapConversionTest`2.<>c__DisplayClass4_0.<Test>b__1() in /app/osu.Game/Tests/Beatmaps/BeatmapConversionTest.cs:line 77
   at NUnit.Framework.Assert.Multiple(TestDelegate testDelegate)
   at osu.Game.Tests.Beatmaps.BeatmapConversionTest`2.Test(String name, Type[] mods) in /app/osu.Game/Tests/Beatmaps/BeatmapConversionTest.cs:line 50
   at osu.Game.Rulesets.Catch.Tests.CatchBeatmapConversionTest.Test(String name, Type[] mods) in /app/osu.Game.Rulesets.Catch.Tests/CatchBeatmapConversionTest.cs:line 58
   at InvokeStub_CatchBeatmapConversionTest.Test(Object, Span`1)

270)    at osu.Game.Tests.Beatmaps.BeatmapConversionTest`2.<>c__DisplayClass4_1.<Test>b__2() in /app/osu.Game/Tests/Beatmaps/BeatmapConversionTest.cs:line 98
   at NUnit.Framework.Assert.Multiple(TestDelegate testDelegate)
   at osu.Game.Tests.Beatmaps.BeatmapConversionTest`2.<>c__DisplayClass4_0.<Test>b__1() in /app/osu.Game/Tests/Beatmaps/BeatmapConversionTest.cs:line 77
   at NUnit.Framework.Assert.Multiple(TestDelegate testDelegate)
   at osu.Game.Tests.Beatmaps.BeatmapConversionTest`2.Test(String name, Type[] mods) in /app/osu.Game/Tests/Beatmaps/BeatmapConversionTest.cs:line 50
   at osu.Game.Rulesets.Catch.Tests.CatchBeatmapConversionTest.Test(String name, Type[] mods) in /app/osu.Game.Rulesets.Catch.Tests/CatchBeatmapConversionTest.cs:line 58
   at InvokeStub_CatchBeatmapConversionTest.Test(Object, Span`1)

271)    at osu.Game.Tests.Beatmaps.BeatmapConversionTest`2.<>c__DisplayClass4_1.<Test>b__2() in /app/osu.Game/Tests/Beatmaps/BeatmapConversionTest.cs:line 98
   at NUnit.Framework.Assert.Multiple(TestDelegate testDelegate)
   at osu.Game.Tests.Beatmaps.BeatmapConversionTest`2.<>c__DisplayClass4_0.<Test>b__1() in /app/osu.Game/Tests/Beatmaps/BeatmapConversionTest.cs:line 77
   at NUnit.Framework.Assert.Multiple(TestDelegate testDelegate)
   at osu.Game.Tests.Beatmaps.BeatmapConversionTest`2.Test(String name, Type[] mods) in /app/osu.Game/Tests/Beatmaps/BeatmapConversionTest.cs:line 50
   at osu.Game.Rulesets.Catch.Tests.CatchBeatmapConversionTest.Test(String name, Type[] mods) in /app/osu.Game.Rulesets.Catch.Tests/CatchBeatmapConversionTest.cs:line 58
   at InvokeStub_CatchBeatmapConversionTest.Test(Object, Span`1)

272)    at osu.Game.Tests.Beatmaps.BeatmapConversionTest`2.<>c__DisplayClass4_1.<Test>b__2() in /app/osu.Game/Tests/Beatmaps/BeatmapConversionTest.cs:line 98
   at NUnit.Framework.Assert.Multiple(TestDelegate testDelegate)
   at osu.Game.Tests.Beatmaps.BeatmapConversionTest`2.<>c__DisplayClass4_0.<Test>b__1() in /app/osu.Game/Tests/Beatmaps/BeatmapConversionTest.cs:line 77
   at NUnit.Framework.Assert.Multiple(TestDelegate testDelegate)
   at osu.Game.Tests.Beatmaps.BeatmapConversionTest`2.Test(String name, Type[] mods) in /app/osu.Game/Tests/Beatmaps/BeatmapConversionTest.cs:line 50
   at osu.Game.Rulesets.Catch.Tests.CatchBeatmapConversionTest.Test(String name, Type[] mods) in /app/osu.Game.Rulesets.Catch.Tests/CatchBeatmapConversionTest.cs:line 58
   at InvokeStub_CatchBeatmapConversionTest.Test(Object, Span`1)

273)    at osu.Game.Tests.Beatmaps.BeatmapConversionTest`2.<>c__DisplayClass4_1.<Test>b__2() in /app/osu.Game/Tests/Beatmaps/BeatmapConversionTest.cs:line 98
   at NUnit.Framework.Assert.Multiple(TestDelegate testDelegate)
   at osu.Game.Tests.Beatmaps.BeatmapConversionTest`2.<>c__DisplayClass4_0.<Test>b__1() in /app/osu.Game/Tests/Beatmaps/BeatmapConversionTest.cs:line 77
   at NUnit.Framework.Assert.Multiple(TestDelegate testDelegate)
   at osu.Game.Tests.Beatmaps.BeatmapConversionTest`2.Test(String name, Type[] mods) in /app/osu.Game/Tests/Beatmaps/BeatmapConversionTest.cs:line 50
   at osu.Game.Rulesets.Catch.Tests.CatchBeatmapConversionTest.Test(String name, Type[] mods) in /app/osu.Game.Rulesets.Catch.Tests/CatchBeatmapConversionTest.cs:line 58
   at InvokeStub_CatchBeatmapConversionTest.Test(Object, Span`1)

274)    at osu.Game.Tests.Beatmaps.BeatmapConversionTest`2.<>c__DisplayClass4_1.<Test>b__2() in /app/osu.Game/Tests/Beatmaps/BeatmapConversionTest.cs:line 98
   at NUnit.Framework.Assert.Multiple(TestDelegate testDelegate)
   at osu.Game.Tests.Beatmaps.BeatmapConversionTest`2.<>c__DisplayClass4_0.<Test>b__1() in /app/osu.Game/Tests/Beatmaps/BeatmapConversionTest.cs:line 77
   at NUnit.Framework.Assert.Multiple(TestDelegate testDelegate)
   at osu.Game.Tests.Beatmaps.BeatmapConversionTest`2.Test(String name, Type[] mods) in /app/osu.Game/Tests/Beatmaps/BeatmapConversionTest.cs:line 50
   at osu.Game.Rulesets.Catch.Tests.CatchBeatmapConversionTest.Test(String name, Type[] mods) in /app/osu.Game.Rulesets.Catch.Tests/CatchBeatmapConversionTest.cs:line 58
   at InvokeStub_CatchBeatmapConversionTest.Test(Object, Span`1)

275)    at osu.Game.Tests.Beatmaps.BeatmapConversionTest`2.<>c__DisplayClass4_1.<Test>b__2() in /app/osu.Game/Tests/Beatmaps/BeatmapConversionTest.cs:line 98
   at NUnit.Framework.Assert.Multiple(TestDelegate testDelegate)
   at osu.Game.Tests.Beatmaps.BeatmapConversionTest`2.<>c__DisplayClass4_0.<Test>b__1() in /app/osu.Game/Tests/Beatmaps/BeatmapConversionTest.cs:line 77
   at NUnit.Framework.Assert.Multiple(TestDelegate testDelegate)
   at osu.Game.Tests.Beatmaps.BeatmapConversionTest`2.Test(String name, Type[] mods) in /app/osu.Game/Tests/Beatmaps/BeatmapConversionTest.cs:line 50
   at osu.Game.Rulesets.Catch.Tests.CatchBeatmapConversionTest.Test(String name, Type[] mods) in /app/osu.Game.Rulesets.Catch.Tests/CatchBeatmapConversionTest.cs:line 58
   at InvokeStub_CatchBeatmapConversionTest.Test(Object, Span`1)

276)    at osu.Game.Tests.Beatmaps.BeatmapConversionTest`2.<>c__DisplayClass4_1.<Test>b__2() in /app/osu.Game/Tests/Beatmaps/BeatmapConversionTest.cs:line 98
   at NUnit.Framework.Assert.Multiple(TestDelegate testDelegate)
   at osu.Game.Tests.Beatmaps.BeatmapConversionTest`2.<>c__DisplayClass4_0.<Test>b__1() in /app/osu.Game/Tests/Beatmaps/BeatmapConversionTest.cs:line 77
   at NUnit.Framework.Assert.Multiple(TestDelegate testDelegate)
   at osu.Game.Tests.Beatmaps.BeatmapConversionTest`2.Test(String name, Type[] mods) in /app/osu.Game/Tests/Beatmaps/BeatmapConversionTest.cs:line 50
   at osu.Game.Rulesets.Catch.Tests.CatchBeatmapConversionTest.Test(String name, Type[] mods) in /app/osu.Game.Rulesets.Catch.Tests/CatchBeatmapConversionTest.cs:line 58
   at InvokeStub_CatchBeatmapConversionTest.Test(Object, Span`1)

277)    at osu.Game.Tests.Beatmaps.BeatmapConversionTest`2.<>c__DisplayClass4_1.<Test>b__2() in /app/osu.Game/Tests/Beatmaps/BeatmapConversionTest.cs:line 98
   at NUnit.Framework.Assert.Multiple(TestDelegate testDelegate)
   at osu.Game.Tests.Beatmaps.BeatmapConversionTest`2.<>c__DisplayClass4_0.<Test>b__1() in /app/osu.Game/Tests/Beatmaps/BeatmapConversionTest.cs:line 77
   at NUnit.Framework.Assert.Multiple(TestDelegate testDelegate)
   at osu.Game.Tests.Beatmaps.BeatmapConversionTest`2.Test(String name, Type[] mods) in /app/osu.Game/Tests/Beatmaps/BeatmapConversionTest.cs:line 50
   at osu.Game.Rulesets.Catch.Tests.CatchBeatmapConversionTest.Test(String name, Type[] mods) in /app/osu.Game.Rulesets.Catch.Tests/CatchBeatmapConversionTest.cs:line 58
   at InvokeStub_CatchBeatmapConversionTest.Test(Object, Span`1)

278)    at osu.Game.Tests.Beatmaps.BeatmapConversionTest`2.<>c__DisplayClass4_1.<Test>b__2() in /app/osu.Game/Tests/Beatmaps/BeatmapConversionTest.cs:line 98
   at NUnit.Framework.Assert.Multiple(TestDelegate testDelegate)
   at osu.Game.Tests.Beatmaps.BeatmapConversionTest`2.<>c__DisplayClass4_0.<Test>b__1() in /app/osu.Game/Tests/Beatmaps/BeatmapConversionTest.cs:line 77
   at NUnit.Framework.Assert.Multiple(TestDelegate testDelegate)
   at osu.Game.Tests.Beatmaps.BeatmapConversionTest`2.Test(String name, Type[] mods) in /app/osu.Game/Tests/Beatmaps/BeatmapConversionTest.cs:line 50
   at osu.Game.Rulesets.Catch.Tests.CatchBeatmapConversionTest.Test(String name, Type[] mods) in /app/osu.Game.Rulesets.Catch.Tests/CatchBeatmapConversionTest.cs:line 58
   at InvokeStub_CatchBeatmapConversionTest.Test(Object, Span`1)

279)    at osu.Game.Tests.Beatmaps.BeatmapConversionTest`2.<>c__DisplayClass4_1.<Test>b__2() in /app/osu.Game/Tests/Beatmaps/BeatmapConversionTest.cs:line 98
   at NUnit.Framework.Assert.Multiple(TestDelegate testDelegate)
   at osu.Game.Tests.Beatmaps.BeatmapConversionTest`2.<>c__DisplayClass4_0.<Test>b__1() in /app/osu.Game/Tests/Beatmaps/BeatmapConversionTest.cs:line 77
   at NUnit.Framework.Assert.Multiple(TestDelegate testDelegate)
   at osu.Game.Tests.Beatmaps.BeatmapConversionTest`2.Test(String name, Type[] mods) in /app/osu.Game/Tests/Beatmaps/BeatmapConversionTest.cs:line 50
   at osu.Game.Rulesets.Catch.Tests.CatchBeatmapConversionTest.Test(String name, Type[] mods) in /app/osu.Game.Rulesets.Catch.Tests/CatchBeatmapConversionTest.cs:line 58
   at InvokeStub_CatchBeatmapConversionTest.Test(Object, Span`1)

280)    at osu.Game.Tests.Beatmaps.BeatmapConversionTest`2.<>c__DisplayClass4_1.<Test>b__2() in /app/osu.Game/Tests/Beatmaps/BeatmapConversionTest.cs:line 98
   at NUnit.Framework.Assert.Multiple(TestDelegate testDelegate)
   at osu.Game.Tests.Beatmaps.BeatmapConversionTest`2.<>c__DisplayClass4_0.<Test>b__1() in /app/osu.Game/Tests/Beatmaps/BeatmapConversionTest.cs:line 77
   at NUnit.Framework.Assert.Multiple(TestDelegate testDelegate)
   at osu.Game.Tests.Beatmaps.BeatmapConversionTest`2.Test(String name, Type[] mods) in /app/osu.Game/Tests/Beatmaps/BeatmapConversionTest.cs:line 50
   at osu.Game.Rulesets.Catch.Tests.CatchBeatmapConversionTest.Test(String name, Type[] mods) in /app/osu.Game.Rulesets.Catch.Tests/CatchBeatmapConversionTest.cs:line 58
   at InvokeStub_CatchBeatmapConversionTest.Test(Object, Span`1)

281)    at osu.Game.Tests.Beatmaps.BeatmapConversionTest`2.<>c__DisplayClass4_1.<Test>b__2() in /app/osu.Game/Tests/Beatmaps/BeatmapConversionTest.cs:line 98
   at NUnit.Framework.Assert.Multiple(TestDelegate testDelegate)
   at osu.Game.Tests.Beatmaps.BeatmapConversionTest`2.<>c__DisplayClass4_0.<Test>b__1() in /app/osu.Game/Tests/Beatmaps/BeatmapConversionTest.cs:line 77
   at NUnit.Framework.Assert.Multiple(TestDelegate testDelegate)
   at osu.Game.Tests.Beatmaps.BeatmapConversionTest`2.Test(String name, Type[] mods) in /app/osu.Game/Tests/Beatmaps/BeatmapConversionTest.cs:line 50
   at osu.Game.Rulesets.Catch.Tests.CatchBeatmapConversionTest.Test(String name, Type[] mods) in /app/osu.Game.Rulesets.Catch.Tests/CatchBeatmapConversionTest.cs:line 58
   at InvokeStub_CatchBeatmapConversionTest.Test(Object, Span`1)

282)    at osu.Game.Tests.Beatmaps.BeatmapConversionTest`2.<>c__DisplayClass4_1.<Test>b__2() in /app/osu.Game/Tests/Beatmaps/BeatmapConversionTest.cs:line 98
   at NUnit.Framework.Assert.Multiple(TestDelegate testDelegate)
   at osu.Game.Tests.Beatmaps.BeatmapConversionTest`2.<>c__DisplayClass4_0.<Test>b__1() in /app/osu.Game/Tests/Beatmaps/BeatmapConversionTest.cs:line 77
   at NUnit.Framework.Assert.Multiple(TestDelegate testDelegate)
   at osu.Game.Tests.Beatmaps.BeatmapConversionTest`2.Test(String name, Type[] mods) in /app/osu.Game/Tests/Beatmaps/BeatmapConversionTest.cs:line 50
   at osu.Game.Rulesets.Catch.Tests.CatchBeatmapConversionTest.Test(String name, Type[] mods) in /app/osu.Game.Rulesets.Catch.Tests/CatchBeatmapConversionTest.cs:line 58
   at InvokeStub_CatchBeatmapConversionTest.Test(Object, Span`1)

283)    at osu.Game.Tests.Beatmaps.BeatmapConversionTest`2.<>c__DisplayClass4_1.<Test>b__2() in /app/osu.Game/Tests/Beatmaps/BeatmapConversionTest.cs:line 98
   at NUnit.Framework.Assert.Multiple(TestDelegate testDelegate)
   at osu.Game.Tests.Beatmaps.BeatmapConversionTest`2.<>c__DisplayClass4_0.<Test>b__1() in /app/osu.Game/Tests/Beatmaps/BeatmapConversionTest.cs:line 77
   at NUnit.Framework.Assert.Multiple(TestDelegate testDelegate)
   at osu.Game.Tests.Beatmaps.BeatmapConversionTest`2.Test(String name, Type[] mods) in /app/osu.Game/Tests/Beatmaps/BeatmapConversionTest.cs:line 50
   at osu.Game.Rulesets.Catch.Tests.CatchBeatmapConversionTest.Test(String name, Type[] mods) in /app/osu.Game.Rulesets.Catch.Tests/CatchBeatmapConversionTest.cs:line 58
   at InvokeStub_CatchBeatmapConversionTest.Test(Object, Span`1)

284)    at osu.Game.Tests.Beatmaps.BeatmapConversionTest`2.<>c__DisplayClass4_1.<Test>b__2() in /app/osu.Game/Tests/Beatmaps/BeatmapConversionTest.cs:line 98
   at NUnit.Framework.Assert.Multiple(TestDelegate testDelegate)
   at osu.Game.Tests.Beatmaps.BeatmapConversionTest`2.<>c__DisplayClass4_0.<Test>b__1() in /app/osu.Game/Tests/Beatmaps/BeatmapConversionTest.cs:line 77
   at NUnit.Framework.Assert.Multiple(TestDelegate testDelegate)
   at osu.Game.Tests.Beatmaps.BeatmapConversionTest`2.Test(String name, Type[] mods) in /app/osu.Game/Tests/Beatmaps/BeatmapConversionTest.cs:line 50
   at osu.Game.Rulesets.Catch.Tests.CatchBeatmapConversionTest.Test(String name, Type[] mods) in /app/osu.Game.Rulesets.Catch.Tests/CatchBeatmapConversionTest.cs:line 58
   at InvokeStub_CatchBeatmapConversionTest.Test(Object, Span`1)

285)    at osu.Game.Tests.Beatmaps.BeatmapConversionTest`2.<>c__DisplayClass4_1.<Test>b__2() in /app/osu.Game/Tests/Beatmaps/BeatmapConversionTest.cs:line 98
   at NUnit.Framework.Assert.Multiple(TestDelegate testDelegate)
   at osu.Game.Tests.Beatmaps.BeatmapConversionTest`2.<>c__DisplayClass4_0.<Test>b__1() in /app/osu.Game/Tests/Beatmaps/BeatmapConversionTest.cs:line 77
   at NUnit.Framework.Assert.Multiple(TestDelegate testDelegate)
   at osu.Game.Tests.Beatmaps.BeatmapConversionTest`2.Test(String name, Type[] mods) in /app/osu.Game/Tests/Beatmaps/BeatmapConversionTest.cs:line 50
   at osu.Game.Rulesets.Catch.Tests.CatchBeatmapConversionTest.Test(String name, Type[] mods) in /app/osu.Game.Rulesets.Catch.Tests/CatchBeatmapConversionTest.cs:line 58
   at InvokeStub_CatchBeatmapConversionTest.Test(Object, Span`1)

286)    at osu.Game.Tests.Beatmaps.BeatmapConversionTest`2.<>c__DisplayClass4_1.<Test>b__2() in /app/osu.Game/Tests/Beatmaps/BeatmapConversionTest.cs:line 98
   at NUnit.Framework.Assert.Multiple(TestDelegate testDelegate)
   at osu.Game.Tests.Beatmaps.BeatmapConversionTest`2.<>c__DisplayClass4_0.<Test>b__1() in /app/osu.Game/Tests/Beatmaps/BeatmapConversionTest.cs:line 77
   at NUnit.Framework.Assert.Multiple(TestDelegate testDelegate)
   at osu.Game.Tests.Beatmaps.BeatmapConversionTest`2.Test(String name, Type[] mods) in /app/osu.Game/Tests/Beatmaps/BeatmapConversionTest.cs:line 50
   at osu.Game.Rulesets.Catch.Tests.CatchBeatmapConversionTest.Test(String name, Type[] mods) in /app/osu.Game.Rulesets.Catch.Tests/CatchBeatmapConversionTest.cs:line 58
   at InvokeStub_CatchBeatmapConversionTest.Test(Object, Span`1)

287)    at osu.Game.Tests.Beatmaps.BeatmapConversionTest`2.<>c__DisplayClass4_1.<Test>b__2() in /app/osu.Game/Tests/Beatmaps/BeatmapConversionTest.cs:line 98
   at NUnit.Framework.Assert.Multiple(TestDelegate testDelegate)
   at osu.Game.Tests.Beatmaps.BeatmapConversionTest`2.<>c__DisplayClass4_0.<Test>b__1() in /app/osu.Game/Tests/Beatmaps/BeatmapConversionTest.cs:line 77
   at NUnit.Framework.Assert.Multiple(TestDelegate testDelegate)
   at osu.Game.Tests.Beatmaps.BeatmapConversionTest`2.Test(String name, Type[] mods) in /app/osu.Game/Tests/Beatmaps/BeatmapConversionTest.cs:line 50
   at osu.Game.Rulesets.Catch.Tests.CatchBeatmapConversionTest.Test(String name, Type[] mods) in /app/osu.Game.Rulesets.Catch.Tests/CatchBeatmapConversionTest.cs:line 58
   at InvokeStub_CatchBeatmapConversionTest.Test(Object, Span`1)

288)    at osu.Game.Tests.Beatmaps.BeatmapConversionTest`2.<>c__DisplayClass4_1.<Test>b__2() in /app/osu.Game/Tests/Beatmaps/BeatmapConversionTest.cs:line 98
   at NUnit.Framework.Assert.Multiple(TestDelegate testDelegate)
   at osu.Game.Tests.Beatmaps.BeatmapConversionTest`2.<>c__DisplayClass4_0.<Test>b__1() in /app/osu.Game/Tests/Beatmaps/BeatmapConversionTest.cs:line 77
   at NUnit.Framework.Assert.Multiple(TestDelegate testDelegate)
   at osu.Game.Tests.Beatmaps.BeatmapConversionTest`2.Test(String name, Type[] mods) in /app/osu.Game/Tests/Beatmaps/BeatmapConversionTest.cs:line 50
   at osu.Game.Rulesets.Catch.Tests.CatchBeatmapConversionTest.Test(String name, Type[] mods) in /app/osu.Game.Rulesets.Catch.Tests/CatchBeatmapConversionTest.cs:line 58
   at InvokeStub_CatchBeatmapConversionTest.Test(Object, Span`1)

289)    at osu.Game.Tests.Beatmaps.BeatmapConversionTest`2.<>c__DisplayClass4_1.<Test>b__2() in /app/osu.Game/Tests/Beatmaps/BeatmapConversionTest.cs:line 98
   at NUnit.Framework.Assert.Multiple(TestDelegate testDelegate)
   at osu.Game.Tests.Beatmaps.BeatmapConversionTest`2.<>c__DisplayClass4_0.<Test>b__1() in /app/osu.Game/Tests/Beatmaps/BeatmapConversionTest.cs:line 77
   at NUnit.Framework.Assert.Multiple(TestDelegate testDelegate)
   at osu.Game.Tests.Beatmaps.BeatmapConversionTest`2.Test(String name, Type[] mods) in /app/osu.Game/Tests/Beatmaps/BeatmapConversionTest.cs:line 50
   at osu.Game.Rulesets.Catch.Tests.CatchBeatmapConversionTest.Test(String name, Type[] mods) in /app/osu.Game.Rulesets.Catch.Tests/CatchBeatmapConversionTest.cs:line 58
   at InvokeStub_CatchBeatmapConversionTest.Test(Object, Span`1)

290)    at osu.Game.Tests.Beatmaps.BeatmapConversionTest`2.<>c__DisplayClass4_1.<Test>b__2() in /app/osu.Game/Tests/Beatmaps/BeatmapConversionTest.cs:line 98
   at NUnit.Framework.Assert.Multiple(TestDelegate testDelegate)
   at osu.Game.Tests.Beatmaps.BeatmapConversionTest`2.<>c__DisplayClass4_0.<Test>b__1() in /app/osu.Game/Tests/Beatmaps/BeatmapConversionTest.cs:line 77
   at NUnit.Framework.Assert.Multiple(TestDelegate testDelegate)
   at osu.Game.Tests.Beatmaps.BeatmapConversionTest`2.Test(String name, Type[] mods) in /app/osu.Game/Tests/Beatmaps/BeatmapConversionTest.cs:line 50
   at osu.Game.Rulesets.Catch.Tests.CatchBeatmapConversionTest.Test(String name, Type[] mods) in /app/osu.Game.Rulesets.Catch.Tests/CatchBeatmapConversionTest.cs:line 58
   at InvokeStub_CatchBeatmapConversionTest.Test(Object, Span`1)

291)    at osu.Game.Tests.Beatmaps.BeatmapConversionTest`2.<>c__DisplayClass4_1.<Test>b__2() in /app/osu.Game/Tests/Beatmaps/BeatmapConversionTest.cs:line 98
   at NUnit.Framework.Assert.Multiple(TestDelegate testDelegate)
   at osu.Game.Tests.Beatmaps.BeatmapConversionTest`2.<>c__DisplayClass4_0.<Test>b__1() in /app/osu.Game/Tests/Beatmaps/BeatmapConversionTest.cs:line 77
   at NUnit.Framework.Assert.Multiple(TestDelegate testDelegate)
   at osu.Game.Tests.Beatmaps.BeatmapConversionTest`2.Test(String name, Type[] mods) in /app/osu.Game/Tests/Beatmaps/BeatmapConversionTest.cs:line 50
   at osu.Game.Rulesets.Catch.Tests.CatchBeatmapConversionTest.Test(String name, Type[] mods) in /app/osu.Game.Rulesets.Catch.Tests/CatchBeatmapConversionTest.cs:line 58
   at InvokeStub_CatchBeatmapConversionTest.Test(Object, Span`1)

292)    at osu.Game.Tests.Beatmaps.BeatmapConversionTest`2.<>c__DisplayClass4_1.<Test>b__2() in /app/osu.Game/Tests/Beatmaps/BeatmapConversionTest.cs:line 98
   at NUnit.Framework.Assert.Multiple(TestDelegate testDelegate)
   at osu.Game.Tests.Beatmaps.BeatmapConversionTest`2.<>c__DisplayClass4_0.<Test>b__1() in /app/osu.Game/Tests/Beatmaps/BeatmapConversionTest.cs:line 77
   at NUnit.Framework.Assert.Multiple(TestDelegate testDelegate)
   at osu.Game.Tests.Beatmaps.BeatmapConversionTest`2.Test(String name, Type[] mods) in /app/osu.Game/Tests/Beatmaps/BeatmapConversionTest.cs:line 50
   at osu.Game.Rulesets.Catch.Tests.CatchBeatmapConversionTest.Test(String name, Type[] mods) in /app/osu.Game.Rulesets.Catch.Tests/CatchBeatmapConversionTest.cs:line 58
   at InvokeStub_CatchBeatmapConversionTest.Test(Object, Span`1)

293)    at osu.Game.Tests.Beatmaps.BeatmapConversionTest`2.<>c__DisplayClass4_1.<Test>b__2() in /app/osu.Game/Tests/Beatmaps/BeatmapConversionTest.cs:line 98
   at NUnit.Framework.Assert.Multiple(TestDelegate testDelegate)
   at osu.Game.Tests.Beatmaps.BeatmapConversionTest`2.<>c__DisplayClass4_0.<Test>b__1() in /app/osu.Game/Tests/Beatmaps/BeatmapConversionTest.cs:line 77
   at NUnit.Framework.Assert.Multiple(TestDelegate testDelegate)
   at osu.Game.Tests.Beatmaps.BeatmapConversionTest`2.Test(String name, Type[] mods) in /app/osu.Game/Tests/Beatmaps/BeatmapConversionTest.cs:line 50
   at osu.Game.Rulesets.Catch.Tests.CatchBeatmapConversionTest.Test(String name, Type[] mods) in /app/osu.Game.Rulesets.Catch.Tests/CatchBeatmapConversionTest.cs:line 58
   at InvokeStub_CatchBeatmapConversionTest.Test(Object, Span`1)

294)    at osu.Game.Tests.Beatmaps.BeatmapConversionTest`2.<>c__DisplayClass4_1.<Test>b__2() in /app/osu.Game/Tests/Beatmaps/BeatmapConversionTest.cs:line 98
   at NUnit.Framework.Assert.Multiple(TestDelegate testDelegate)
   at osu.Game.Tests.Beatmaps.BeatmapConversionTest`2.<>c__DisplayClass4_0.<Test>b__1() in /app/osu.Game/Tests/Beatmaps/BeatmapConversionTest.cs:line 77
   at NUnit.Framework.Assert.Multiple(TestDelegate testDelegate)
   at osu.Game.Tests.Beatmaps.BeatmapConversionTest`2.Test(String name, Type[] mods) in /app/osu.Game/Tests/Beatmaps/BeatmapConversionTest.cs:line 50
   at osu.Game.Rulesets.Catch.Tests.CatchBeatmapConversionTest.Test(String name, Type[] mods) in /app/osu.Game.Rulesets.Catch.Tests/CatchBeatmapConversionTest.cs:line 58
   at InvokeStub_CatchBeatmapConversionTest.Test(Object, Span`1)

295)    at osu.Game.Tests.Beatmaps.BeatmapConversionTest`2.<>c__DisplayClass4_1.<Test>b__2() in /app/osu.Game/Tests/Beatmaps/BeatmapConversionTest.cs:line 98
   at NUnit.Framework.Assert.Multiple(TestDelegate testDelegate)
   at osu.Game.Tests.Beatmaps.BeatmapConversionTest`2.<>c__DisplayClass4_0.<Test>b__1() in /app/osu.Game/Tests/Beatmaps/BeatmapConversionTest.cs:line 77
   at NUnit.Framework.Assert.Multiple(TestDelegate testDelegate)
   at osu.Game.Tests.Beatmaps.BeatmapConversionTest`2.Test(String name, Type[] mods) in /app/osu.Game/Tests/Beatmaps/BeatmapConversionTest.cs:line 50
   at osu.Game.Rulesets.Catch.Tests.CatchBeatmapConversionTest.Test(String name, Type[] mods) in /app/osu.Game.Rulesets.Catch.Tests/CatchBeatmapConversionTest.cs:line 58
   at InvokeStub_CatchBeatmapConversionTest.Test(Object, Span`1)

296)    at osu.Game.Tests.Beatmaps.BeatmapConversionTest`2.<>c__DisplayClass4_1.<Test>b__2() in /app/osu.Game/Tests/Beatmaps/BeatmapConversionTest.cs:line 98
   at NUnit.Framework.Assert.Multiple(TestDelegate testDelegate)
   at osu.Game.Tests.Beatmaps.BeatmapConversionTest`2.<>c__DisplayClass4_0.<Test>b__1() in /app/osu.Game/Tests/Beatmaps/BeatmapConversionTest.cs:line 77
   at NUnit.Framework.Assert.Multiple(TestDelegate testDelegate)
   at osu.Game.Tests.Beatmaps.BeatmapConversionTest`2.Test(String name, Type[] mods) in /app/osu.Game/Tests/Beatmaps/BeatmapConversionTest.cs:line 50
   at osu.Game.Rulesets.Catch.Tests.CatchBeatmapConversionTest.Test(String name, Type[] mods) in /app/osu.Game.Rulesets.Catch.Tests/CatchBeatmapConversionTest.cs:line 58
   at InvokeStub_CatchBeatmapConversionTest.Test(Object, Span`1)

297)    at osu.Game.Tests.Beatmaps.BeatmapConversionTest`2.<>c__DisplayClass4_1.<Test>b__2() in /app/osu.Game/Tests/Beatmaps/BeatmapConversionTest.cs:line 98
   at NUnit.Framework.Assert.Multiple(TestDelegate testDelegate)
   at osu.Game.Tests.Beatmaps.BeatmapConversionTest`2.<>c__DisplayClass4_0.<Test>b__1() in /app/osu.Game/Tests/Beatmaps/BeatmapConversionTest.cs:line 77
   at NUnit.Framework.Assert.Multiple(TestDelegate testDelegate)
   at osu.Game.Tests.Beatmaps.BeatmapConversionTest`2.Test(String name, Type[] mods) in /app/osu.Game/Tests/Beatmaps/BeatmapConversionTest.cs:line 50
   at osu.Game.Rulesets.Catch.Tests.CatchBeatmapConversionTest.Test(String name, Type[] mods) in /app/osu.Game.Rulesets.Catch.Tests/CatchBeatmapConversionTest.cs:line 58
   at InvokeStub_CatchBeatmapConversionTest.Test(Object, Span`1)

298)    at osu.Game.Tests.Beatmaps.BeatmapConversionTest`2.<>c__DisplayClass4_1.<Test>b__2() in /app/osu.Game/Tests/Beatmaps/BeatmapConversionTest.cs:line 98
   at NUnit.Framework.Assert.Multiple(TestDelegate testDelegate)
   at osu.Game.Tests.Beatmaps.BeatmapConversionTest`2.<>c__DisplayClass4_0.<Test>b__1() in /app/osu.Game/Tests/Beatmaps/BeatmapConversionTest.cs:line 77
   at NUnit.Framework.Assert.Multiple(TestDelegate testDelegate)
   at osu.Game.Tests.Beatmaps.BeatmapConversionTest`2.Test(String name, Type[] mods) in /app/osu.Game/Tests/Beatmaps/BeatmapConversionTest.cs:line 50
   at osu.Game.Rulesets.Catch.Tests.CatchBeatmapConversionTest.Test(String name, Type[] mods) in /app/osu.Game.Rulesets.Catch.Tests/CatchBeatmapConversionTest.cs:line 58
   at InvokeStub_CatchBeatmapConversionTest.Test(Object, Span`1)

299)    at osu.Game.Tests.Beatmaps.BeatmapConversionTest`2.<>c__DisplayClass4_1.<Test>b__2() in /app/osu.Game/Tests/Beatmaps/BeatmapConversionTest.cs:line 98
   at NUnit.Framework.Assert.Multiple(TestDelegate testDelegate)
   at osu.Game.Tests.Beatmaps.BeatmapConversionTest`2.<>c__DisplayClass4_0.<Test>b__1() in /app/osu.Game/Tests/Beatmaps/BeatmapConversionTest.cs:line 77
   at NUnit.Framework.Assert.Multiple(TestDelegate testDelegate)
   at osu.Game.Tests.Beatmaps.BeatmapConversionTest`2.Test(String name, Type[] mods) in /app/osu.Game/Tests/Beatmaps/BeatmapConversionTest.cs:line 50
   at osu.Game.Rulesets.Catch.Tests.CatchBeatmapConversionTest.Test(String name, Type[] mods) in /app/osu.Game.Rulesets.Catch.Tests/CatchBeatmapConversionTest.cs:line 58
   at InvokeStub_CatchBeatmapConversionTest.Test(Object, Span`1)

300)    at osu.Game.Tests.Beatmaps.BeatmapConversionTest`2.<>c__DisplayClass4_1.<Test>b__2() in /app/osu.Game/Tests/Beatmaps/BeatmapConversionTest.cs:line 98
   at NUnit.Framework.Assert.Multiple(TestDelegate testDelegate)
   at osu.Game.Tests.Beatmaps.BeatmapConversionTest`2.<>c__DisplayClass4_0.<Test>b__1() in /app/osu.Game/Tests/Beatmaps/BeatmapConversionTest.cs:line 77
   at NUnit.Framework.Assert.Multiple(TestDelegate testDelegate)
   at osu.Game.Tests.Beatmaps.BeatmapConversionTest`2.Test(String name, Type[] mods) in /app/osu.Game/Tests/Beatmaps/BeatmapConversionTest.cs:line 50
   at osu.Game.Rulesets.Catch.Tests.CatchBeatmapConversionTest.Test(String name, Type[] mods) in /app/osu.Game.Rulesets.Catch.Tests/CatchBeatmapConversionTest.cs:line 58
   at InvokeStub_CatchBeatmapConversionTest.Test(Object, Span`1)

301)    at osu.Game.Tests.Beatmaps.BeatmapConversionTest`2.<>c__DisplayClass4_1.<Test>b__2() in /app/osu.Game/Tests/Beatmaps/BeatmapConversionTest.cs:line 98
   at NUnit.Framework.Assert.Multiple(TestDelegate testDelegate)
   at osu.Game.Tests.Beatmaps.BeatmapConversionTest`2.<>c__DisplayClass4_0.<Test>b__1() in /app/osu.Game/Tests/Beatmaps/BeatmapConversionTest.cs:line 77
   at NUnit.Framework.Assert.Multiple(TestDelegate testDelegate)
   at osu.Game.Tests.Beatmaps.BeatmapConversionTest`2.Test(String name, Type[] mods) in /app/osu.Game/Tests/Beatmaps/BeatmapConversionTest.cs:line 50
   at osu.Game.Rulesets.Catch.Tests.CatchBeatmapConversionTest.Test(String name, Type[] mods) in /app/osu.Game.Rulesets.Catch.Tests/CatchBeatmapConversionTest.cs:line 58
   at InvokeStub_CatchBeatmapConversionTest.Test(Object, Span`1)

302)    at osu.Game.Tests.Beatmaps.BeatmapConversionTest`2.<>c__DisplayClass4_1.<Test>b__2() in /app/osu.Game/Tests/Beatmaps/BeatmapConversionTest.cs:line 98
   at NUnit.Framework.Assert.Multiple(TestDelegate testDelegate)
   at osu.Game.Tests.Beatmaps.BeatmapConversionTest`2.<>c__DisplayClass4_0.<Test>b__1() in /app/osu.Game/Tests/Beatmaps/BeatmapConversionTest.cs:line 77
   at NUnit.Framework.Assert.Multiple(TestDelegate testDelegate)
   at osu.Game.Tests.Beatmaps.BeatmapConversionTest`2.Test(String name, Type[] mods) in /app/osu.Game/Tests/Beatmaps/BeatmapConversionTest.cs:line 50
   at osu.Game.Rulesets.Catch.Tests.CatchBeatmapConversionTest.Test(String name, Type[] mods) in /app/osu.Game.Rulesets.Catch.Tests/CatchBeatmapConversionTest.cs:line 58
   at InvokeStub_CatchBeatmapConversionTest.Test(Object, Span`1)

303)    at osu.Game.Tests.Beatmaps.BeatmapConversionTest`2.<>c__DisplayClass4_1.<Test>b__2() in /app/osu.Game/Tests/Beatmaps/BeatmapConversionTest.cs:line 98
   at NUnit.Framework.Assert.Multiple(TestDelegate testDelegate)
   at osu.Game.Tests.Beatmaps.BeatmapConversionTest`2.<>c__DisplayClass4_0.<Test>b__1() in /app/osu.Game/Tests/Beatmaps/BeatmapConversionTest.cs:line 77
   at NUnit.Framework.Assert.Multiple(TestDelegate testDelegate)
   at osu.Game.Tests.Beatmaps.BeatmapConversionTest`2.Test(String name, Type[] mods) in /app/osu.Game/Tests/Beatmaps/BeatmapConversionTest.cs:line 50
   at osu.Game.Rulesets.Catch.Tests.CatchBeatmapConversionTest.Test(String name, Type[] mods) in /app/osu.Game.Rulesets.Catch.Tests/CatchBeatmapConversionTest.cs:line 58
   at InvokeStub_CatchBeatmapConversionTest.Test(Object, Span`1)

304)    at osu.Game.Tests.Beatmaps.BeatmapConversionTest`2.<>c__DisplayClass4_1.<Test>b__2() in /app/osu.Game/Tests/Beatmaps/BeatmapConversionTest.cs:line 98
   at NUnit.Framework.Assert.Multiple(TestDelegate testDelegate)
   at osu.Game.Tests.Beatmaps.BeatmapConversionTest`2.<>c__DisplayClass4_0.<Test>b__1() in /app/osu.Game/Tests/Beatmaps/BeatmapConversionTest.cs:line 77
   at NUnit.Framework.Assert.Multiple(TestDelegate testDelegate)
   at osu.Game.Tests.Beatmaps.BeatmapConversionTest`2.Test(String name, Type[] mods) in /app/osu.Game/Tests/Beatmaps/BeatmapConversionTest.cs:line 50
   at osu.Game.Rulesets.Catch.Tests.CatchBeatmapConversionTest.Test(String name, Type[] mods) in /app/osu.Game.Rulesets.Catch.Tests/CatchBeatmapConversionTest.cs:line 58
   at InvokeStub_CatchBeatmapConversionTest.Test(Object, Span`1)

305)    at osu.Game.Tests.Beatmaps.BeatmapConversionTest`2.<>c__DisplayClass4_1.<Test>b__2() in /app/osu.Game/Tests/Beatmaps/BeatmapConversionTest.cs:line 98
   at NUnit.Framework.Assert.Multiple(TestDelegate testDelegate)
   at osu.Game.Tests.Beatmaps.BeatmapConversionTest`2.<>c__DisplayClass4_0.<Test>b__1() in /app/osu.Game/Tests/Beatmaps/BeatmapConversionTest.cs:line 77
   at NUnit.Framework.Assert.Multiple(TestDelegate testDelegate)
   at osu.Game.Tests.Beatmaps.BeatmapConversionTest`2.Test(String name, Type[] mods) in /app/osu.Game/Tests/Beatmaps/BeatmapConversionTest.cs:line 50
   at osu.Game.Rulesets.Catch.Tests.CatchBeatmapConversionTest.Test(String name, Type[] mods) in /app/osu.Game.Rulesets.Catch.Tests/CatchBeatmapConversionTest.cs:line 58
   at InvokeStub_CatchBeatmapConversionTest.Test(Object, Span`1)

306)    at osu.Game.Tests.Beatmaps.BeatmapConversionTest`2.<>c__DisplayClass4_1.<Test>b__2() in /app/osu.Game/Tests/Beatmaps/BeatmapConversionTest.cs:line 98
   at NUnit.Framework.Assert.Multiple(TestDelegate testDelegate)
   at osu.Game.Tests.Beatmaps.BeatmapConversionTest`2.<>c__DisplayClass4_0.<Test>b__1() in /app/osu.Game/Tests/Beatmaps/BeatmapConversionTest.cs:line 77
   at NUnit.Framework.Assert.Multiple(TestDelegate testDelegate)
   at osu.Game.Tests.Beatmaps.BeatmapConversionTest`2.Test(String name, Type[] mods) in /app/osu.Game/Tests/Beatmaps/BeatmapConversionTest.cs:line 50
   at osu.Game.Rulesets.Catch.Tests.CatchBeatmapConversionTest.Test(String name, Type[] mods) in /app/osu.Game.Rulesets.Catch.Tests/CatchBeatmapConversionTest.cs:line 58
   at InvokeStub_CatchBeatmapConversionTest.Test(Object, Span`1)

307)    at osu.Game.Tests.Beatmaps.BeatmapConversionTest`2.<>c__DisplayClass4_1.<Test>b__2() in /app/osu.Game/Tests/Beatmaps/BeatmapConversionTest.cs:line 98
   at NUnit.Framework.Assert.Multiple(TestDelegate testDelegate)
   at osu.Game.Tests.Beatmaps.BeatmapConversionTest`2.<>c__DisplayClass4_0.<Test>b__1() in /app/osu.Game/Tests/Beatmaps/BeatmapConversionTest.cs:line 77
   at NUnit.Framework.Assert.Multiple(TestDelegate testDelegate)
   at osu.Game.Tests.Beatmaps.BeatmapConversionTest`2.Test(String name, Type[] mods) in /app/osu.Game/Tests/Beatmaps/BeatmapConversionTest.cs:line 50
   at osu.Game.Rulesets.Catch.Tests.CatchBeatmapConversionTest.Test(String name, Type[] mods) in /app/osu.Game.Rulesets.Catch.Tests/CatchBeatmapConversionTest.cs:line 58
   at InvokeStub_CatchBeatmapConversionTest.Test(Object, Span`1)

308)    at osu.Game.Tests.Beatmaps.BeatmapConversionTest`2.<>c__DisplayClass4_1.<Test>b__2() in /app/osu.Game/Tests/Beatmaps/BeatmapConversionTest.cs:line 98
   at NUnit.Framework.Assert.Multiple(TestDelegate testDelegate)
   at osu.Game.Tests.Beatmaps.BeatmapConversionTest`2.<>c__DisplayClass4_0.<Test>b__1() in /app/osu.Game/Tests/Beatmaps/BeatmapConversionTest.cs:line 77
   at NUnit.Framework.Assert.Multiple(TestDelegate testDelegate)
   at osu.Game.Tests.Beatmaps.BeatmapConversionTest`2.Test(String name, Type[] mods) in /app/osu.Game/Tests/Beatmaps/BeatmapConversionTest.cs:line 50
   at osu.Game.Rulesets.Catch.Tests.CatchBeatmapConversionTest.Test(String name, Type[] mods) in /app/osu.Game.Rulesets.Catch.Tests/CatchBeatmapConversionTest.cs:line 58
   at InvokeStub_CatchBeatmapConversionTest.Test(Object, Span`1)

309)    at osu.Game.Tests.Beatmaps.BeatmapConversionTest`2.<>c__DisplayClass4_1.<Test>b__2() in /app/osu.Game/Tests/Beatmaps/BeatmapConversionTest.cs:line 98
   at NUnit.Framework.Assert.Multiple(TestDelegate testDelegate)
   at osu.Game.Tests.Beatmaps.BeatmapConversionTest`2.<>c__DisplayClass4_0.<Test>b__1() in /app/osu.Game/Tests/Beatmaps/BeatmapConversionTest.cs:line 77
   at NUnit.Framework.Assert.Multiple(TestDelegate testDelegate)
   at osu.Game.Tests.Beatmaps.BeatmapConversionTest`2.Test(String name, Type[] mods) in /app/osu.Game/Tests/Beatmaps/BeatmapConversionTest.cs:line 50
   at osu.Game.Rulesets.Catch.Tests.CatchBeatmapConversionTest.Test(String name, Type[] mods) in /app/osu.Game.Rulesets.Catch.Tests/CatchBeatmapConversionTest.cs:line 58
   at InvokeStub_CatchBeatmapConversionTest.Test(Object, Span`1)

310)    at osu.Game.Tests.Beatmaps.BeatmapConversionTest`2.<>c__DisplayClass4_1.<Test>b__2() in /app/osu.Game/Tests/Beatmaps/BeatmapConversionTest.cs:line 98
   at NUnit.Framework.Assert.Multiple(TestDelegate testDelegate)
   at osu.Game.Tests.Beatmaps.BeatmapConversionTest`2.<>c__DisplayClass4_0.<Test>b__1() in /app/osu.Game/Tests/Beatmaps/BeatmapConversionTest.cs:line 77
   at NUnit.Framework.Assert.Multiple(TestDelegate testDelegate)
   at osu.Game.Tests.Beatmaps.BeatmapConversionTest`2.Test(String name, Type[] mods) in /app/osu.Game/Tests/Beatmaps/BeatmapConversionTest.cs:line 50
   at osu.Game.Rulesets.Catch.Tests.CatchBeatmapConversionTest.Test(String name, Type[] mods) in /app/osu.Game.Rulesets.Catch.Tests/CatchBeatmapConversionTest.cs:line 58
   at InvokeStub_CatchBeatmapConversionTest.Test(Object, Span`1)

311)    at osu.Game.Tests.Beatmaps.BeatmapConversionTest`2.<>c__DisplayClass4_1.<Test>b__2() in /app/osu.Game/Tests/Beatmaps/BeatmapConversionTest.cs:line 98
   at NUnit.Framework.Assert.Multiple(TestDelegate testDelegate)
   at osu.Game.Tests.Beatmaps.BeatmapConversionTest`2.<>c__DisplayClass4_0.<Test>b__1() in /app/osu.Game/Tests/Beatmaps/BeatmapConversionTest.cs:line 77
   at NUnit.Framework.Assert.Multiple(TestDelegate testDelegate)
   at osu.Game.Tests.Beatmaps.BeatmapConversionTest`2.Test(String name, Type[] mods) in /app/osu.Game/Tests/Beatmaps/BeatmapConversionTest.cs:line 50
   at osu.Game.Rulesets.Catch.Tests.CatchBeatmapConversionTest.Test(String name, Type[] mods) in /app/osu.Game.Rulesets.Catch.Tests/CatchBeatmapConversionTest.cs:line 58
   at InvokeStub_CatchBeatmapConversionTest.Test(Object, Span`1)

312)    at osu.Game.Tests.Beatmaps.BeatmapConversionTest`2.<>c__DisplayClass4_1.<Test>b__2() in /app/osu.Game/Tests/Beatmaps/BeatmapConversionTest.cs:line 98
   at NUnit.Framework.Assert.Multiple(TestDelegate testDelegate)
   at osu.Game.Tests.Beatmaps.BeatmapConversionTest`2.<>c__DisplayClass4_0.<Test>b__1() in /app/osu.Game/Tests/Beatmaps/BeatmapConversionTest.cs:line 77
   at NUnit.Framework.Assert.Multiple(TestDelegate testDelegate)
   at osu.Game.Tests.Beatmaps.BeatmapConversionTest`2.Test(String name, Type[] mods) in /app/osu.Game/Tests/Beatmaps/BeatmapConversionTest.cs:line 50
   at osu.Game.Rulesets.Catch.Tests.CatchBeatmapConversionTest.Test(String name, Type[] mods) in /app/osu.Game.Rulesets.Catch.Tests/CatchBeatmapConversionTest.cs:line 58
   at InvokeStub_CatchBeatmapConversionTest.Test(Object, Span`1)

313)    at osu.Game.Tests.Beatmaps.BeatmapConversionTest`2.<>c__DisplayClass4_1.<Test>b__2() in /app/osu.Game/Tests/Beatmaps/BeatmapConversionTest.cs:line 98
   at NUnit.Framework.Assert.Multiple(TestDelegate testDelegate)
   at osu.Game.Tests.Beatmaps.BeatmapConversionTest`2.<>c__DisplayClass4_0.<Test>b__1() in /app/osu.Game/Tests/Beatmaps/BeatmapConversionTest.cs:line 77
   at NUnit.Framework.Assert.Multiple(TestDelegate testDelegate)
   at osu.Game.Tests.Beatmaps.BeatmapConversionTest`2.Test(String name, Type[] mods) in /app/osu.Game/Tests/Beatmaps/BeatmapConversionTest.cs:line 50
   at osu.Game.Rulesets.Catch.Tests.CatchBeatmapConversionTest.Test(String name, Type[] mods) in /app/osu.Game.Rulesets.Catch.Tests/CatchBeatmapConversionTest.cs:line 58
   at InvokeStub_CatchBeatmapConversionTest.Test(Object, Span`1)

314)    at osu.Game.Tests.Beatmaps.BeatmapConversionTest`2.<>c__DisplayClass4_1.<Test>b__2() in /app/osu.Game/Tests/Beatmaps/BeatmapConversionTest.cs:line 98
   at NUnit.Framework.Assert.Multiple(TestDelegate testDelegate)
   at osu.Game.Tests.Beatmaps.BeatmapConversionTest`2.<>c__DisplayClass4_0.<Test>b__1() in /app/osu.Game/Tests/Beatmaps/BeatmapConversionTest.cs:line 77
   at NUnit.Framework.Assert.Multiple(TestDelegate testDelegate)
   at osu.Game.Tests.Beatmaps.BeatmapConversionTest`2.Test(String name, Type[] mods) in /app/osu.Game/Tests/Beatmaps/BeatmapConversionTest.cs:line 50
   at osu.Game.Rulesets.Catch.Tests.CatchBeatmapConversionTest.Test(String name, Type[] mods) in /app/osu.Game.Rulesets.Catch.Tests/CatchBeatmapConversionTest.cs:line 58
   at InvokeStub_CatchBeatmapConversionTest.Test(Object, Span`1)

315)    at osu.Game.Tests.Beatmaps.BeatmapConversionTest`2.<>c__DisplayClass4_1.<Test>b__2() in /app/osu.Game/Tests/Beatmaps/BeatmapConversionTest.cs:line 98
   at NUnit.Framework.Assert.Multiple(TestDelegate testDelegate)
   at osu.Game.Tests.Beatmaps.BeatmapConversionTest`2.<>c__DisplayClass4_0.<Test>b__1() in /app/osu.Game/Tests/Beatmaps/BeatmapConversionTest.cs:line 77
   at NUnit.Framework.Assert.Multiple(TestDelegate testDelegate)
   at osu.Game.Tests.Beatmaps.BeatmapConversionTest`2.Test(String name, Type[] mods) in /app/osu.Game/Tests/Beatmaps/BeatmapConversionTest.cs:line 50
   at osu.Game.Rulesets.Catch.Tests.CatchBeatmapConversionTest.Test(String name, Type[] mods) in /app/osu.Game.Rulesets.Catch.Tests/CatchBeatmapConversionTest.cs:line 58
   at InvokeStub_CatchBeatmapConversionTest.Test(Object, Span`1)

316)    at osu.Game.Tests.Beatmaps.BeatmapConversionTest`2.<>c__DisplayClass4_1.<Test>b__2() in /app/osu.Game/Tests/Beatmaps/BeatmapConversionTest.cs:line 98
   at NUnit.Framework.Assert.Multiple(TestDelegate testDelegate)
   at osu.Game.Tests.Beatmaps.BeatmapConversionTest`2.<>c__DisplayClass4_0.<Test>b__1() in /app/osu.Game/Tests/Beatmaps/BeatmapConversionTest.cs:line 77
   at NUnit.Framework.Assert.Multiple(TestDelegate testDelegate)
   at osu.Game.Tests.Beatmaps.BeatmapConversionTest`2.Test(String name, Type[] mods) in /app/osu.Game/Tests/Beatmaps/BeatmapConversionTest.cs:line 50
   at osu.Game.Rulesets.Catch.Tests.CatchBeatmapConversionTest.Test(String name, Type[] mods) in /app/osu.Game.Rulesets.Catch.Tests/CatchBeatmapConversionTest.cs:line 58
   at InvokeStub_CatchBeatmapConversionTest.Test(Object, Span`1)

317)    at osu.Game.Tests.Beatmaps.BeatmapConversionTest`2.<>c__DisplayClass4_1.<Test>b__2() in /app/osu.Game/Tests/Beatmaps/BeatmapConversionTest.cs:line 98
   at NUnit.Framework.Assert.Multiple(TestDelegate testDelegate)
   at osu.Game.Tests.Beatmaps.BeatmapConversionTest`2.<>c__DisplayClass4_0.<Test>b__1() in /app/osu.Game/Tests/Beatmaps/BeatmapConversionTest.cs:line 77
   at NUnit.Framework.Assert.Multiple(TestDelegate testDelegate)
   at osu.Game.Tests.Beatmaps.BeatmapConversionTest`2.Test(String name, Type[] mods) in /app/osu.Game/Tests/Beatmaps/BeatmapConversionTest.cs:line 50
   at osu.Game.Rulesets.Catch.Tests.CatchBeatmapConversionTest.Test(String name, Type[] mods) in /app/osu.Game.Rulesets.Catch.Tests/CatchBeatmapConversionTest.cs:line 58
   at InvokeStub_CatchBeatmapConversionTest.Test(Object, Span`1)

318)    at osu.Game.Tests.Beatmaps.BeatmapConversionTest`2.<>c__DisplayClass4_1.<Test>b__2() in /app/osu.Game/Tests/Beatmaps/BeatmapConversionTest.cs:line 98
   at NUnit.Framework.Assert.Multiple(TestDelegate testDelegate)
   at osu.Game.Tests.Beatmaps.BeatmapConversionTest`2.<>c__DisplayClass4_0.<Test>b__1() in /app/osu.Game/Tests/Beatmaps/BeatmapConversionTest.cs:line 77
   at NUnit.Framework.Assert.Multiple(TestDelegate testDelegate)
   at osu.Game.Tests.Beatmaps.BeatmapConversionTest`2.Test(String name, Type[] mods) in /app/osu.Game/Tests/Beatmaps/BeatmapConversionTest.cs:line 50
   at osu.Game.Rulesets.Catch.Tests.CatchBeatmapConversionTest.Test(String name, Type[] mods) in /app/osu.Game.Rulesets.Catch.Tests/CatchBeatmapConversionTest.cs:line 58
   at InvokeStub_CatchBeatmapConversionTest.Test(Object, Span`1)

319)    at osu.Game.Tests.Beatmaps.BeatmapConversionTest`2.<>c__DisplayClass4_1.<Test>b__2() in /app/osu.Game/Tests/Beatmaps/BeatmapConversionTest.cs:line 98
   at NUnit.Framework.Assert.Multiple(TestDelegate testDelegate)
   at osu.Game.Tests.Beatmaps.BeatmapConversionTest`2.<>c__DisplayClass4_0.<Test>b__1() in /app/osu.Game/Tests/Beatmaps/BeatmapConversionTest.cs:line 77
   at NUnit.Framework.Assert.Multiple(TestDelegate testDelegate)
   at osu.Game.Tests.Beatmaps.BeatmapConversionTest`2.Test(String name, Type[] mods) in /app/osu.Game/Tests/Beatmaps/BeatmapConversionTest.cs:line 50
   at osu.Game.Rulesets.Catch.Tests.CatchBeatmapConversionTest.Test(String name, Type[] mods) in /app/osu.Game.Rulesets.Catch.Tests/CatchBeatmapConversionTest.cs:line 58
   at InvokeStub_CatchBeatmapConversionTest.Test(Object, Span`1)

320)    at osu.Game.Tests.Beatmaps.BeatmapConversionTest`2.<>c__DisplayClass4_1.<Test>b__2() in /app/osu.Game/Tests/Beatmaps/BeatmapConversionTest.cs:line 98
   at NUnit.Framework.Assert.Multiple(TestDelegate testDelegate)
   at osu.Game.Tests.Beatmaps.BeatmapConversionTest`2.<>c__DisplayClass4_0.<Test>b__1() in /app/osu.Game/Tests/Beatmaps/BeatmapConversionTest.cs:line 77
   at NUnit.Framework.Assert.Multiple(TestDelegate testDelegate)
   at osu.Game.Tests.Beatmaps.BeatmapConversionTest`2.Test(String name, Type[] mods) in /app/osu.Game/Tests/Beatmaps/BeatmapConversionTest.cs:line 50
   at osu.Game.Rulesets.Catch.Tests.CatchBeatmapConversionTest.Test(String name, Type[] mods) in /app/osu.Game.Rulesets.Catch.Tests/CatchBeatmapConversionTest.cs:line 58
   at InvokeStub_CatchBeatmapConversionTest.Test(Object, Span`1)

321)    at osu.Game.Tests.Beatmaps.BeatmapConversionTest`2.<>c__DisplayClass4_1.<Test>b__2() in /app/osu.Game/Tests/Beatmaps/BeatmapConversionTest.cs:line 98
   at NUnit.Framework.Assert.Multiple(TestDelegate testDelegate)
   at osu.Game.Tests.Beatmaps.BeatmapConversionTest`2.<>c__DisplayClass4_0.<Test>b__1() in /app/osu.Game/Tests/Beatmaps/BeatmapConversionTest.cs:line 77
   at NUnit.Framework.Assert.Multiple(TestDelegate testDelegate)
   at osu.Game.Tests.Beatmaps.BeatmapConversionTest`2.Test(String name, Type[] mods) in /app/osu.Game/Tests/Beatmaps/BeatmapConversionTest.cs:line 50
   at osu.Game.Rulesets.Catch.Tests.CatchBeatmapConversionTest.Test(String name, Type[] mods) in /app/osu.Game.Rulesets.Catch.Tests/CatchBeatmapConversionTest.cs:line 58
   at InvokeStub_CatchBeatmapConversionTest.Test(Object, Span`1)

322)    at osu.Game.Tests.Beatmaps.BeatmapConversionTest`2.<>c__DisplayClass4_1.<Test>b__2() in /app/osu.Game/Tests/Beatmaps/BeatmapConversionTest.cs:line 98
   at NUnit.Framework.Assert.Multiple(TestDelegate testDelegate)
   at osu.Game.Tests.Beatmaps.BeatmapConversionTest`2.<>c__DisplayClass4_0.<Test>b__1() in /app/osu.Game/Tests/Beatmaps/BeatmapConversionTest.cs:line 77
   at NUnit.Framework.Assert.Multiple(TestDelegate testDelegate)
   at osu.Game.Tests.Beatmaps.BeatmapConversionTest`2.Test(String name, Type[] mods) in /app/osu.Game/Tests/Beatmaps/BeatmapConversionTest.cs:line 50
   at osu.Game.Rulesets.Catch.Tests.CatchBeatmapConversionTest.Test(String name, Type[] mods) in /app/osu.Game.Rulesets.Catch.Tests/CatchBeatmapConversionTest.cs:line 58
   at InvokeStub_CatchBeatmapConversionTest.Test(Object, Span`1)

323)    at osu.Game.Tests.Beatmaps.BeatmapConversionTest`2.<>c__DisplayClass4_1.<Test>b__2() in /app/osu.Game/Tests/Beatmaps/BeatmapConversionTest.cs:line 98
   at NUnit.Framework.Assert.Multiple(TestDelegate testDelegate)
   at osu.Game.Tests.Beatmaps.BeatmapConversionTest`2.<>c__DisplayClass4_0.<Test>b__1() in /app/osu.Game/Tests/Beatmaps/BeatmapConversionTest.cs:line 77
   at NUnit.Framework.Assert.Multiple(TestDelegate testDelegate)
   at osu.Game.Tests.Beatmaps.BeatmapConversionTest`2.Test(String name, Type[] mods) in /app/osu.Game/Tests/Beatmaps/BeatmapConversionTest.cs:line 50
   at osu.Game.Rulesets.Catch.Tests.CatchBeatmapConversionTest.Test(String name, Type[] mods) in /app/osu.Game.Rulesets.Catch.Tests/CatchBeatmapConversionTest.cs:line 58
   at InvokeStub_CatchBeatmapConversionTest.Test(Object, Span`1)

324)    at osu.Game.Tests.Beatmaps.BeatmapConversionTest`2.<>c__DisplayClass4_1.<Test>b__2() in /app/osu.Game/Tests/Beatmaps/BeatmapConversionTest.cs:line 98
   at NUnit.Framework.Assert.Multiple(TestDelegate testDelegate)
   at osu.Game.Tests.Beatmaps.BeatmapConversionTest`2.<>c__DisplayClass4_0.<Test>b__1() in /app/osu.Game/Tests/Beatmaps/BeatmapConversionTest.cs:line 77
   at NUnit.Framework.Assert.Multiple(TestDelegate testDelegate)
   at osu.Game.Tests.Beatmaps.BeatmapConversionTest`2.Test(String name, Type[] mods) in /app/osu.Game/Tests/Beatmaps/BeatmapConversionTest.cs:line 50
   at osu.Game.Rulesets.Catch.Tests.CatchBeatmapConversionTest.Test(String name, Type[] mods) in /app/osu.Game.Rulesets.Catch.Tests/CatchBeatmapConversionTest.cs:line 58
   at InvokeStub_CatchBeatmapConversionTest.Test(Object, Span`1)

325)    at osu.Game.Tests.Beatmaps.BeatmapConversionTest`2.<>c__DisplayClass4_1.<Test>b__2() in /app/osu.Game/Tests/Beatmaps/BeatmapConversionTest.cs:line 98
   at NUnit.Framework.Assert.Multiple(TestDelegate testDelegate)
   at osu.Game.Tests.Beatmaps.BeatmapConversionTest`2.<>c__DisplayClass4_0.<Test>b__1() in /app/osu.Game/Tests/Beatmaps/BeatmapConversionTest.cs:line 77
   at NUnit.Framework.Assert.Multiple(TestDelegate testDelegate)
   at osu.Game.Tests.Beatmaps.BeatmapConversionTest`2.Test(String name, Type[] mods) in /app/osu.Game/Tests/Beatmaps/BeatmapConversionTest.cs:line 50
   at osu.Game.Rulesets.Catch.Tests.CatchBeatmapConversionTest.Test(String name, Type[] mods) in /app/osu.Game.Rulesets.Catch.Tests/CatchBeatmapConversionTest.cs:line 58
   at InvokeStub_CatchBeatmapConversionTest.Test(Object, Span`1)

326)    at osu.Game.Tests.Beatmaps.BeatmapConversionTest`2.<>c__DisplayClass4_1.<Test>b__2() in /app/osu.Game/Tests/Beatmaps/BeatmapConversionTest.cs:line 98
   at NUnit.Framework.Assert.Multiple(TestDelegate testDelegate)
   at osu.Game.Tests.Beatmaps.BeatmapConversionTest`2.<>c__DisplayClass4_0.<Test>b__1() in /app/osu.Game/Tests/Beatmaps/BeatmapConversionTest.cs:line 77
   at NUnit.Framework.Assert.Multiple(TestDelegate testDelegate)
   at osu.Game.Tests.Beatmaps.BeatmapConversionTest`2.Test(String name, Type[] mods) in /app/osu.Game/Tests/Beatmaps/BeatmapConversionTest.cs:line 50
   at osu.Game.Rulesets.Catch.Tests.CatchBeatmapConversionTest.Test(String name, Type[] mods) in /app/osu.Game.Rulesets.Catch.Tests/CatchBeatmapConversionTest.cs:line 58
   at InvokeStub_CatchBeatmapConversionTest.Test(Object, Span`1)

327)    at osu.Game.Tests.Beatmaps.BeatmapConversionTest`2.<>c__DisplayClass4_1.<Test>b__2() in /app/osu.Game/Tests/Beatmaps/BeatmapConversionTest.cs:line 98
   at NUnit.Framework.Assert.Multiple(TestDelegate testDelegate)
   at osu.Game.Tests.Beatmaps.BeatmapConversionTest`2.<>c__DisplayClass4_0.<Test>b__1() in /app/osu.Game/Tests/Beatmaps/BeatmapConversionTest.cs:line 77
   at NUnit.Framework.Assert.Multiple(TestDelegate testDelegate)
   at osu.Game.Tests.Beatmaps.BeatmapConversionTest`2.Test(String name, Type[] mods) in /app/osu.Game/Tests/Beatmaps/BeatmapConversionTest.cs:line 50
   at osu.Game.Rulesets.Catch.Tests.CatchBeatmapConversionTest.Test(String name, Type[] mods) in /app/osu.Game.Rulesets.Catch.Tests/CatchBeatmapConversionTest.cs:line 58
   at InvokeStub_CatchBeatmapConversionTest.Test(Object, Span`1)

328)    at osu.Game.Tests.Beatmaps.BeatmapConversionTest`2.<>c__DisplayClass4_1.<Test>b__2() in /app/osu.Game/Tests/Beatmaps/BeatmapConversionTest.cs:line 98
   at NUnit.Framework.Assert.Multiple(TestDelegate testDelegate)
   at osu.Game.Tests.Beatmaps.BeatmapConversionTest`2.<>c__DisplayClass4_0.<Test>b__1() in /app/osu.Game/Tests/Beatmaps/BeatmapConversionTest.cs:line 77
   at NUnit.Framework.Assert.Multiple(TestDelegate testDelegate)
   at osu.Game.Tests.Beatmaps.BeatmapConversionTest`2.Test(String name, Type[] mods) in /app/osu.Game/Tests/Beatmaps/BeatmapConversionTest.cs:line 50
   at osu.Game.Rulesets.Catch.Tests.CatchBeatmapConversionTest.Test(String name, Type[] mods) in /app/osu.Game.Rulesets.Catch.Tests/CatchBeatmapConversionTest.cs:line 58
   at InvokeStub_CatchBeatmapConversionTest.Test(Object, Span`1)

329)    at osu.Game.Tests.Beatmaps.BeatmapConversionTest`2.<>c__DisplayClass4_1.<Test>b__2() in /app/osu.Game/Tests/Beatmaps/BeatmapConversionTest.cs:line 98
   at NUnit.Framework.Assert.Multiple(TestDelegate testDelegate)
   at osu.Game.Tests.Beatmaps.BeatmapConversionTest`2.<>c__DisplayClass4_0.<Test>b__1() in /app/osu.Game/Tests/Beatmaps/BeatmapConversionTest.cs:line 77
   at NUnit.Framework.Assert.Multiple(TestDelegate testDelegate)
   at osu.Game.Tests.Beatmaps.BeatmapConversionTest`2.Test(String name, Type[] mods) in /app/osu.Game/Tests/Beatmaps/BeatmapConversionTest.cs:line 50
   at osu.Game.Rulesets.Catch.Tests.CatchBeatmapConversionTest.Test(String name, Type[] mods) in /app/osu.Game.Rulesets.Catch.Tests/CatchBeatmapConversionTest.cs:line 58
   at InvokeStub_CatchBeatmapConversionTest.Test(Object, Span`1)

330)    at osu.Game.Tests.Beatmaps.BeatmapConversionTest`2.<>c__DisplayClass4_1.<Test>b__2() in /app/osu.Game/Tests/Beatmaps/BeatmapConversionTest.cs:line 98
   at NUnit.Framework.Assert.Multiple(TestDelegate testDelegate)
   at osu.Game.Tests.Beatmaps.BeatmapConversionTest`2.<>c__DisplayClass4_0.<Test>b__1() in /app/osu.Game/Tests/Beatmaps/BeatmapConversionTest.cs:line 77
   at NUnit.Framework.Assert.Multiple(TestDelegate testDelegate)
   at osu.Game.Tests.Beatmaps.BeatmapConversionTest`2.Test(String name, Type[] mods) in /app/osu.Game/Tests/Beatmaps/BeatmapConversionTest.cs:line 50
   at osu.Game.Rulesets.Catch.Tests.CatchBeatmapConversionTest.Test(String name, Type[] mods) in /app/osu.Game.Rulesets.Catch.Tests/CatchBeatmapConversionTest.cs:line 58
   at InvokeStub_CatchBeatmapConversionTest.Test(Object, Span`1)

331)    at osu.Game.Tests.Beatmaps.BeatmapConversionTest`2.<>c__DisplayClass4_1.<Test>b__2() in /app/osu.Game/Tests/Beatmaps/BeatmapConversionTest.cs:line 98
   at NUnit.Framework.Assert.Multiple(TestDelegate testDelegate)
   at osu.Game.Tests.Beatmaps.BeatmapConversionTest`2.<>c__DisplayClass4_0.<Test>b__1() in /app/osu.Game/Tests/Beatmaps/BeatmapConversionTest.cs:line 77
   at NUnit.Framework.Assert.Multiple(TestDelegate testDelegate)
   at osu.Game.Tests.Beatmaps.BeatmapConversionTest`2.Test(String name, Type[] mods) in /app/osu.Game/Tests/Beatmaps/BeatmapConversionTest.cs:line 50
   at osu.Game.Rulesets.Catch.Tests.CatchBeatmapConversionTest.Test(String name, Type[] mods) in /app/osu.Game.Rulesets.Catch.Tests/CatchBeatmapConversionTest.cs:line 58
   at InvokeStub_CatchBeatmapConversionTest.Test(Object, Span`1)

332)    at osu.Game.Tests.Beatmaps.BeatmapConversionTest`2.<>c__DisplayClass4_1.<Test>b__2() in /app/osu.Game/Tests/Beatmaps/BeatmapConversionTest.cs:line 98
   at NUnit.Framework.Assert.Multiple(TestDelegate testDelegate)
   at osu.Game.Tests.Beatmaps.BeatmapConversionTest`2.<>c__DisplayClass4_0.<Test>b__1() in /app/osu.Game/Tests/Beatmaps/BeatmapConversionTest.cs:line 77
   at NUnit.Framework.Assert.Multiple(TestDelegate testDelegate)
   at osu.Game.Tests.Beatmaps.BeatmapConversionTest`2.Test(String name, Type[] mods) in /app/osu.Game/Tests/Beatmaps/BeatmapConversionTest.cs:line 50
   at osu.Game.Rulesets.Catch.Tests.CatchBeatmapConversionTest.Test(String name, Type[] mods) in /app/osu.Game.Rulesets.Catch.Tests/CatchBeatmapConversionTest.cs:line 58
   at InvokeStub_CatchBeatmapConversionTest.Test(Object, Span`1)

333)    at osu.Game.Tests.Beatmaps.BeatmapConversionTest`2.<>c__DisplayClass4_1.<Test>b__2() in /app/osu.Game/Tests/Beatmaps/BeatmapConversionTest.cs:line 98
   at NUnit.Framework.Assert.Multiple(TestDelegate testDelegate)
   at osu.Game.Tests.Beatmaps.BeatmapConversionTest`2.<>c__DisplayClass4_0.<Test>b__1() in /app/osu.Game/Tests/Beatmaps/BeatmapConversionTest.cs:line 77
   at NUnit.Framework.Assert.Multiple(TestDelegate testDelegate)
   at osu.Game.Tests.Beatmaps.BeatmapConversionTest`2.Test(String name, Type[] mods) in /app/osu.Game/Tests/Beatmaps/BeatmapConversionTest.cs:line 50
   at osu.Game.Rulesets.Catch.Tests.CatchBeatmapConversionTest.Test(String name, Type[] mods) in /app/osu.Game.Rulesets.Catch.Tests/CatchBeatmapConversionTest.cs:line 58
   at InvokeStub_CatchBeatmapConversionTest.Test(Object, Span`1)

334)    at osu.Game.Tests.Beatmaps.BeatmapConversionTest`2.<>c__DisplayClass4_1.<Test>b__2() in /app/osu.Game/Tests/Beatmaps/BeatmapConversionTest.cs:line 98
   at NUnit.Framework.Assert.Multiple(TestDelegate testDelegate)
   at osu.Game.Tests.Beatmaps.BeatmapConversionTest`2.<>c__DisplayClass4_0.<Test>b__1() in /app/osu.Game/Tests/Beatmaps/BeatmapConversionTest.cs:line 77
   at NUnit.Framework.Assert.Multiple(TestDelegate testDelegate)
   at osu.Game.Tests.Beatmaps.BeatmapConversionTest`2.Test(String name, Type[] mods) in /app/osu.Game/Tests/Beatmaps/BeatmapConversionTest.cs:line 50
   at osu.Game.Rulesets.Catch.Tests.CatchBeatmapConversionTest.Test(String name, Type[] mods) in /app/osu.Game.Rulesets.Catch.Tests/CatchBeatmapConversionTest.cs:line 58
   at InvokeStub_CatchBeatmapConversionTest.Test(Object, Span`1)

335)    at osu.Game.Tests.Beatmaps.BeatmapConversionTest`2.<>c__DisplayClass4_1.<Test>b__2() in /app/osu.Game/Tests/Beatmaps/BeatmapConversionTest.cs:line 98
   at NUnit.Framework.Assert.Multiple(TestDelegate testDelegate)
   at osu.Game.Tests.Beatmaps.BeatmapConversionTest`2.<>c__DisplayClass4_0.<Test>b__1() in /app/osu.Game/Tests/Beatmaps/BeatmapConversionTest.cs:line 77
   at NUnit.Framework.Assert.Multiple(TestDelegate testDelegate)
   at osu.Game.Tests.Beatmaps.BeatmapConversionTest`2.Test(String name, Type[] mods) in /app/osu.Game/Tests/Beatmaps/BeatmapConversionTest.cs:line 50
   at osu.Game.Rulesets.Catch.Tests.CatchBeatmapConversionTest.Test(String name, Type[] mods) in /app/osu.Game.Rulesets.Catch.Tests/CatchBeatmapConversionTest.cs:line 58
   at InvokeStub_CatchBeatmapConversionTest.Test(Object, Span`1)

336)    at osu.Game.Tests.Beatmaps.BeatmapConversionTest`2.<>c__DisplayClass4_1.<Test>b__2() in /app/osu.Game/Tests/Beatmaps/BeatmapConversionTest.cs:line 98
   at NUnit.Framework.Assert.Multiple(TestDelegate testDelegate)
   at osu.Game.Tests.Beatmaps.BeatmapConversionTest`2.<>c__DisplayClass4_0.<Test>b__1() in /app/osu.Game/Tests/Beatmaps/BeatmapConversionTest.cs:line 77
   at NUnit.Framework.Assert.Multiple(TestDelegate testDelegate)
   at osu.Game.Tests.Beatmaps.BeatmapConversionTest`2.Test(String name, Type[] mods) in /app/osu.Game/Tests/Beatmaps/BeatmapConversionTest.cs:line 50
   at osu.Game.Rulesets.Catch.Tests.CatchBeatmapConversionTest.Test(String name, Type[] mods) in /app/osu.Game.Rulesets.Catch.Tests/CatchBeatmapConversionTest.cs:line 58
   at InvokeStub_CatchBeatmapConversionTest.Test(Object, Span`1)

337)    at osu.Game.Tests.Beatmaps.BeatmapConversionTest`2.<>c__DisplayClass4_1.<Test>b__2() in /app/osu.Game/Tests/Beatmaps/BeatmapConversionTest.cs:line 98
   at NUnit.Framework.Assert.Multiple(TestDelegate testDelegate)
   at osu.Game.Tests.Beatmaps.BeatmapConversionTest`2.<>c__DisplayClass4_0.<Test>b__1() in /app/osu.Game/Tests/Beatmaps/BeatmapConversionTest.cs:line 77
   at NUnit.Framework.Assert.Multiple(TestDelegate testDelegate)
   at osu.Game.Tests.Beatmaps.BeatmapConversionTest`2.Test(String name, Type[] mods) in /app/osu.Game/Tests/Beatmaps/BeatmapConversionTest.cs:line 50
   at osu.Game.Rulesets.Catch.Tests.CatchBeatmapConversionTest.Test(String name, Type[] mods) in /app/osu.Game.Rulesets.Catch.Tests/CatchBeatmapConversionTest.cs:line 58
   at InvokeStub_CatchBeatmapConversionTest.Test(Object, Span`1)

338)    at osu.Game.Tests.Beatmaps.BeatmapConversionTest`2.<>c__DisplayClass4_1.<Test>b__2() in /app/osu.Game/Tests/Beatmaps/BeatmapConversionTest.cs:line 98
   at NUnit.Framework.Assert.Multiple(TestDelegate testDelegate)
   at osu.Game.Tests.Beatmaps.BeatmapConversionTest`2.<>c__DisplayClass4_0.<Test>b__1() in /app/osu.Game/Tests/Beatmaps/BeatmapConversionTest.cs:line 77
   at NUnit.Framework.Assert.Multiple(TestDelegate testDelegate)
   at osu.Game.Tests.Beatmaps.BeatmapConversionTest`2.Test(String name, Type[] mods) in /app/osu.Game/Tests/Beatmaps/BeatmapConversionTest.cs:line 50
   at osu.Game.Rulesets.Catch.Tests.CatchBeatmapConversionTest.Test(String name, Type[] mods) in /app/osu.Game.Rulesets.Catch.Tests/CatchBeatmapConversionTest.cs:line 58
   at InvokeStub_CatchBeatmapConversionTest.Test(Object, Span`1)

339)    at osu.Game.Tests.Beatmaps.BeatmapConversionTest`2.<>c__DisplayClass4_1.<Test>b__2() in /app/osu.Game/Tests/Beatmaps/BeatmapConversionTest.cs:line 98
   at NUnit.Framework.Assert.Multiple(TestDelegate testDelegate)
   at osu.Game.Tests.Beatmaps.BeatmapConversionTest`2.<>c__DisplayClass4_0.<Test>b__1() in /app/osu.Game/Tests/Beatmaps/BeatmapConversionTest.cs:line 77
   at NUnit.Framework.Assert.Multiple(TestDelegate testDelegate)
   at osu.Game.Tests.Beatmaps.BeatmapConversionTest`2.Test(String name, Type[] mods) in /app/osu.Game/Tests/Beatmaps/BeatmapConversionTest.cs:line 50
   at osu.Game.Rulesets.Catch.Tests.CatchBeatmapConversionTest.Test(String name, Type[] mods) in /app/osu.Game.Rulesets.Catch.Tests/CatchBeatmapConversionTest.cs:line 58
   at InvokeStub_CatchBeatmapConversionTest.Test(Object, Span`1)

340)    at osu.Game.Tests.Beatmaps.BeatmapConversionTest`2.<>c__DisplayClass4_1.<Test>b__2() in /app/osu.Game/Tests/Beatmaps/BeatmapConversionTest.cs:line 98
   at NUnit.Framework.Assert.Multiple(TestDelegate testDelegate)
   at osu.Game.Tests.Beatmaps.BeatmapConversionTest`2.<>c__DisplayClass4_0.<Test>b__1() in /app/osu.Game/Tests/Beatmaps/BeatmapConversionTest.cs:line 77
   at NUnit.Framework.Assert.Multiple(TestDelegate testDelegate)
   at osu.Game.Tests.Beatmaps.BeatmapConversionTest`2.Test(String name, Type[] mods) in /app/osu.Game/Tests/Beatmaps/BeatmapConversionTest.cs:line 50
   at osu.Game.Rulesets.Catch.Tests.CatchBeatmapConversionTest.Test(String name, Type[] mods) in /app/osu.Game.Rulesets.Catch.Tests/CatchBeatmapConversionTest.cs:line 58
   at InvokeStub_CatchBeatmapConversionTest.Test(Object, Span`1)

341)    at osu.Game.Tests.Beatmaps.BeatmapConversionTest`2.<>c__DisplayClass4_1.<Test>b__2() in /app/osu.Game/Tests/Beatmaps/BeatmapConversionTest.cs:line 98
   at NUnit.Framework.Assert.Multiple(TestDelegate testDelegate)
   at osu.Game.Tests.Beatmaps.BeatmapConversionTest`2.<>c__DisplayClass4_0.<Test>b__1() in /app/osu.Game/Tests/Beatmaps/BeatmapConversionTest.cs:line 77
   at NUnit.Framework.Assert.Multiple(TestDelegate testDelegate)
   at osu.Game.Tests.Beatmaps.BeatmapConversionTest`2.Test(String name, Type[] mods) in /app/osu.Game/Tests/Beatmaps/BeatmapConversionTest.cs:line 50
   at osu.Game.Rulesets.Catch.Tests.CatchBeatmapConversionTest.Test(String name, Type[] mods) in /app/osu.Game.Rulesets.Catch.Tests/CatchBeatmapConversionTest.cs:line 58
   at InvokeStub_CatchBeatmapConversionTest.Test(Object, Span`1)

342)    at osu.Game.Tests.Beatmaps.BeatmapConversionTest`2.<>c__DisplayClass4_1.<Test>b__2() in /app/osu.Game/Tests/Beatmaps/BeatmapConversionTest.cs:line 98
   at NUnit.Framework.Assert.Multiple(TestDelegate testDelegate)
   at osu.Game.Tests.Beatmaps.BeatmapConversionTest`2.<>c__DisplayClass4_0.<Test>b__1() in /app/osu.Game/Tests/Beatmaps/BeatmapConversionTest.cs:line 77
   at NUnit.Framework.Assert.Multiple(TestDelegate testDelegate)
   at osu.Game.Tests.Beatmaps.BeatmapConversionTest`2.Test(String name, Type[] mods) in /app/osu.Game/Tests/Beatmaps/BeatmapConversionTest.cs:line 50
   at osu.Game.Rulesets.Catch.Tests.CatchBeatmapConversionTest.Test(String name, Type[] mods) in /app/osu.Game.Rulesets.Catch.Tests/CatchBeatmapConversionTest.cs:line 58
   at InvokeStub_CatchBeatmapConversionTest.Test(Object, Span`1)

343)    at osu.Game.Tests.Beatmaps.BeatmapConversionTest`2.<>c__DisplayClass4_1.<Test>b__2() in /app/osu.Game/Tests/Beatmaps/BeatmapConversionTest.cs:line 98
   at NUnit.Framework.Assert.Multiple(TestDelegate testDelegate)
   at osu.Game.Tests.Beatmaps.BeatmapConversionTest`2.<>c__DisplayClass4_0.<Test>b__1() in /app/osu.Game/Tests/Beatmaps/BeatmapConversionTest.cs:line 77
   at NUnit.Framework.Assert.Multiple(TestDelegate testDelegate)
   at osu.Game.Tests.Beatmaps.BeatmapConversionTest`2.Test(String name, Type[] mods) in /app/osu.Game/Tests/Beatmaps/BeatmapConversionTest.cs:line 50
   at osu.Game.Rulesets.Catch.Tests.CatchBeatmapConversionTest.Test(String name, Type[] mods) in /app/osu.Game.Rulesets.Catch.Tests/CatchBeatmapConversionTest.cs:line 58
   at InvokeStub_CatchBeatmapConversionTest.Test(Object, Span`1)

344)    at osu.Game.Tests.Beatmaps.BeatmapConversionTest`2.<>c__DisplayClass4_1.<Test>b__2() in /app/osu.Game/Tests/Beatmaps/BeatmapConversionTest.cs:line 98
   at NUnit.Framework.Assert.Multiple(TestDelegate testDelegate)
   at osu.Game.Tests.Beatmaps.BeatmapConversionTest`2.<>c__DisplayClass4_0.<Test>b__1() in /app/osu.Game/Tests/Beatmaps/BeatmapConversionTest.cs:line 77
   at NUnit.Framework.Assert.Multiple(TestDelegate testDelegate)
   at osu.Game.Tests.Beatmaps.BeatmapConversionTest`2.Test(String name, Type[] mods) in /app/osu.Game/Tests/Beatmaps/BeatmapConversionTest.cs:line 50
   at osu.Game.Rulesets.Catch.Tests.CatchBeatmapConversionTest.Test(String name, Type[] mods) in /app/osu.Game.Rulesets.Catch.Tests/CatchBeatmapConversionTest.cs:line 58
   at InvokeStub_CatchBeatmapConversionTest.Test(Object, Span`1)

345)    at osu.Game.Tests.Beatmaps.BeatmapConversionTest`2.<>c__DisplayClass4_1.<Test>b__2() in /app/osu.Game/Tests/Beatmaps/BeatmapConversionTest.cs:line 98
   at NUnit.Framework.Assert.Multiple(TestDelegate testDelegate)
   at osu.Game.Tests.Beatmaps.BeatmapConversionTest`2.<>c__DisplayClass4_0.<Test>b__1() in /app/osu.Game/Tests/Beatmaps/BeatmapConversionTest.cs:line 77
   at NUnit.Framework.Assert.Multiple(TestDelegate testDelegate)
   at osu.Game.Tests.Beatmaps.BeatmapConversionTest`2.Test(String name, Type[] mods) in /app/osu.Game/Tests/Beatmaps/BeatmapConversionTest.cs:line 50
   at osu.Game.Rulesets.Catch.Tests.CatchBeatmapConversionTest.Test(String name, Type[] mods) in /app/osu.Game.Rulesets.Catch.Tests/CatchBeatmapConversionTest.cs:line 58
   at InvokeStub_CatchBeatmapConversionTest.Test(Object, Span`1)

346)    at osu.Game.Tests.Beatmaps.BeatmapConversionTest`2.<>c__DisplayClass4_1.<Test>b__2() in /app/osu.Game/Tests/Beatmaps/BeatmapConversionTest.cs:line 98
   at NUnit.Framework.Assert.Multiple(TestDelegate testDelegate)
   at osu.Game.Tests.Beatmaps.BeatmapConversionTest`2.<>c__DisplayClass4_0.<Test>b__1() in /app/osu.Game/Tests/Beatmaps/BeatmapConversionTest.cs:line 77
   at NUnit.Framework.Assert.Multiple(TestDelegate testDelegate)
   at osu.Game.Tests.Beatmaps.BeatmapConversionTest`2.Test(String name, Type[] mods) in /app/osu.Game/Tests/Beatmaps/BeatmapConversionTest.cs:line 50
   at osu.Game.Rulesets.Catch.Tests.CatchBeatmapConversionTest.Test(String name, Type[] mods) in /app/osu.Game.Rulesets.Catch.Tests/CatchBeatmapConversionTest.cs:line 58
   at InvokeStub_CatchBeatmapConversionTest.Test(Object, Span`1)

347)    at osu.Game.Tests.Beatmaps.BeatmapConversionTest`2.<>c__DisplayClass4_1.<Test>b__2() in /app/osu.Game/Tests/Beatmaps/BeatmapConversionTest.cs:line 98
   at NUnit.Framework.Assert.Multiple(TestDelegate testDelegate)
   at osu.Game.Tests.Beatmaps.BeatmapConversionTest`2.<>c__DisplayClass4_0.<Test>b__1() in /app/osu.Game/Tests/Beatmaps/BeatmapConversionTest.cs:line 77
   at NUnit.Framework.Assert.Multiple(TestDelegate testDelegate)
   at osu.Game.Tests.Beatmaps.BeatmapConversionTest`2.Test(String name, Type[] mods) in /app/osu.Game/Tests/Beatmaps/BeatmapConversionTest.cs:line 50
   at osu.Game.Rulesets.Catch.Tests.CatchBeatmapConversionTest.Test(String name, Type[] mods) in /app/osu.Game.Rulesets.Catch.Tests/CatchBeatmapConversionTest.cs:line 58
   at InvokeStub_CatchBeatmapConversionTest.Test(Object, Span`1)

348)    at osu.Game.Tests.Beatmaps.BeatmapConversionTest`2.<>c__DisplayClass4_1.<Test>b__2() in /app/osu.Game/Tests/Beatmaps/BeatmapConversionTest.cs:line 98
   at NUnit.Framework.Assert.Multiple(TestDelegate testDelegate)
   at osu.Game.Tests.Beatmaps.BeatmapConversionTest`2.<>c__DisplayClass4_0.<Test>b__1() in /app/osu.Game/Tests/Beatmaps/BeatmapConversionTest.cs:line 77
   at NUnit.Framework.Assert.Multiple(TestDelegate testDelegate)
   at osu.Game.Tests.Beatmaps.BeatmapConversionTest`2.Test(String name, Type[] mods) in /app/osu.Game/Tests/Beatmaps/BeatmapConversionTest.cs:line 50
   at osu.Game.Rulesets.Catch.Tests.CatchBeatmapConversionTest.Test(String name, Type[] mods) in /app/osu.Game.Rulesets.Catch.Tests/CatchBeatmapConversionTest.cs:line 58
   at InvokeStub_CatchBeatmapConversionTest.Test(Object, Span`1)

349)    at osu.Game.Tests.Beatmaps.BeatmapConversionTest`2.<>c__DisplayClass4_1.<Test>b__2() in /app/osu.Game/Tests/Beatmaps/BeatmapConversionTest.cs:line 98
   at NUnit.Framework.Assert.Multiple(TestDelegate testDelegate)
   at osu.Game.Tests.Beatmaps.BeatmapConversionTest`2.<>c__DisplayClass4_0.<Test>b__1() in /app/osu.Game/Tests/Beatmaps/BeatmapConversionTest.cs:line 77
   at NUnit.Framework.Assert.Multiple(TestDelegate testDelegate)
   at osu.Game.Tests.Beatmaps.BeatmapConversionTest`2.Test(String name, Type[] mods) in /app/osu.Game/Tests/Beatmaps/BeatmapConversionTest.cs:line 50
   at osu.Game.Rulesets.Catch.Tests.CatchBeatmapConversionTest.Test(String name, Type[] mods) in /app/osu.Game.Rulesets.Catch.Tests/CatchBeatmapConversionTest.cs:line 58
   at InvokeStub_CatchBeatmapConversionTest.Test(Object, Span`1)

350)    at osu.Game.Tests.Beatmaps.BeatmapConversionTest`2.<>c__DisplayClass4_1.<Test>b__2() in /app/osu.Game/Tests/Beatmaps/BeatmapConversionTest.cs:line 98
   at NUnit.Framework.Assert.Multiple(TestDelegate testDelegate)
   at osu.Game.Tests.Beatmaps.BeatmapConversionTest`2.<>c__DisplayClass4_0.<Test>b__1() in /app/osu.Game/Tests/Beatmaps/BeatmapConversionTest.cs:line 77
   at NUnit.Framework.Assert.Multiple(TestDelegate testDelegate)
   at osu.Game.Tests.Beatmaps.BeatmapConversionTest`2.Test(String name, Type[] mods) in /app/osu.Game/Tests/Beatmaps/BeatmapConversionTest.cs:line 50
   at osu.Game.Rulesets.Catch.Tests.CatchBeatmapConversionTest.Test(String name, Type[] mods) in /app/osu.Game.Rulesets.Catch.Tests/CatchBeatmapConversionTest.cs:line 58
   at InvokeStub_CatchBeatmapConversionTest.Test(Object, Span`1)

351)    at osu.Game.Tests.Beatmaps.BeatmapConversionTest`2.<>c__DisplayClass4_1.<Test>b__2() in /app/osu.Game/Tests/Beatmaps/BeatmapConversionTest.cs:line 98
   at NUnit.Framework.Assert.Multiple(TestDelegate testDelegate)
   at osu.Game.Tests.Beatmaps.BeatmapConversionTest`2.<>c__DisplayClass4_0.<Test>b__1() in /app/osu.Game/Tests/Beatmaps/BeatmapConversionTest.cs:line 77
   at NUnit.Framework.Assert.Multiple(TestDelegate testDelegate)
   at osu.Game.Tests.Beatmaps.BeatmapConversionTest`2.Test(String name, Type[] mods) in /app/osu.Game/Tests/Beatmaps/BeatmapConversionTest.cs:line 50
   at osu.Game.Rulesets.Catch.Tests.CatchBeatmapConversionTest.Test(String name, Type[] mods) in /app/osu.Game.Rulesets.Catch.Tests/CatchBeatmapConversionTest.cs:line 58
   at InvokeStub_CatchBeatmapConversionTest.Test(Object, Span`1)

352)    at osu.Game.Tests.Beatmaps.BeatmapConversionTest`2.<>c__DisplayClass4_1.<Test>b__2() in /app/osu.Game/Tests/Beatmaps/BeatmapConversionTest.cs:line 98
   at NUnit.Framework.Assert.Multiple(TestDelegate testDelegate)
   at osu.Game.Tests.Beatmaps.BeatmapConversionTest`2.<>c__DisplayClass4_0.<Test>b__1() in /app/osu.Game/Tests/Beatmaps/BeatmapConversionTest.cs:line 77
   at NUnit.Framework.Assert.Multiple(TestDelegate testDelegate)
   at osu.Game.Tests.Beatmaps.BeatmapConversionTest`2.Test(String name, Type[] mods) in /app/osu.Game/Tests/Beatmaps/BeatmapConversionTest.cs:line 50
   at osu.Game.Rulesets.Catch.Tests.CatchBeatmapConversionTest.Test(String name, Type[] mods) in /app/osu.Game.Rulesets.Catch.Tests/CatchBeatmapConversionTest.cs:line 58
   at InvokeStub_CatchBeatmapConversionTest.Test(Object, Span`1)

353)    at osu.Game.Tests.Beatmaps.BeatmapConversionTest`2.<>c__DisplayClass4_1.<Test>b__2() in /app/osu.Game/Tests/Beatmaps/BeatmapConversionTest.cs:line 98
   at NUnit.Framework.Assert.Multiple(TestDelegate testDelegate)
   at osu.Game.Tests.Beatmaps.BeatmapConversionTest`2.<>c__DisplayClass4_0.<Test>b__1() in /app/osu.Game/Tests/Beatmaps/BeatmapConversionTest.cs:line 77
   at NUnit.Framework.Assert.Multiple(TestDelegate testDelegate)
   at osu.Game.Tests.Beatmaps.BeatmapConversionTest`2.Test(String name, Type[] mods) in /app/osu.Game/Tests/Beatmaps/BeatmapConversionTest.cs:line 50
   at osu.Game.Rulesets.Catch.Tests.CatchBeatmapConversionTest.Test(String name, Type[] mods) in /app/osu.Game.Rulesets.Catch.Tests/CatchBeatmapConversionTest.cs:line 58
   at InvokeStub_CatchBeatmapConversionTest.Test(Object, Span`1)

354)    at osu.Game.Tests.Beatmaps.BeatmapConversionTest`2.<>c__DisplayClass4_1.<Test>b__2() in /app/osu.Game/Tests/Beatmaps/BeatmapConversionTest.cs:line 98
   at NUnit.Framework.Assert.Multiple(TestDelegate testDelegate)
   at osu.Game.Tests.Beatmaps.BeatmapConversionTest`2.<>c__DisplayClass4_0.<Test>b__1() in /app/osu.Game/Tests/Beatmaps/BeatmapConversionTest.cs:line 77
   at NUnit.Framework.Assert.Multiple(TestDelegate testDelegate)
   at osu.Game.Tests.Beatmaps.BeatmapConversionTest`2.Test(String name, Type[] mods) in /app/osu.Game/Tests/Beatmaps/BeatmapConversionTest.cs:line 50
   at osu.Game.Rulesets.Catch.Tests.CatchBeatmapConversionTest.Test(String name, Type[] mods) in /app/osu.Game.Rulesets.Catch.Tests/CatchBeatmapConversionTest.cs:line 58
   at InvokeStub_CatchBeatmapConversionTest.Test(Object, Span`1)

355)    at osu.Game.Tests.Beatmaps.BeatmapConversionTest`2.<>c__DisplayClass4_1.<Test>b__2() in /app/osu.Game/Tests/Beatmaps/BeatmapConversionTest.cs:line 98
   at NUnit.Framework.Assert.Multiple(TestDelegate testDelegate)
   at osu.Game.Tests.Beatmaps.BeatmapConversionTest`2.<>c__DisplayClass4_0.<Test>b__1() in /app/osu.Game/Tests/Beatmaps/BeatmapConversionTest.cs:line 77
   at NUnit.Framework.Assert.Multiple(TestDelegate testDelegate)
   at osu.Game.Tests.Beatmaps.BeatmapConversionTest`2.Test(String name, Type[] mods) in /app/osu.Game/Tests/Beatmaps/BeatmapConversionTest.cs:line 50
   at osu.Game.Rulesets.Catch.Tests.CatchBeatmapConversionTest.Test(String name, Type[] mods) in /app/osu.Game.Rulesets.Catch.Tests/CatchBeatmapConversionTest.cs:line 58
   at InvokeStub_CatchBeatmapConversionTest.Test(Object, Span`1)

356)    at osu.Game.Tests.Beatmaps.BeatmapConversionTest`2.<>c__DisplayClass4_1.<Test>b__2() in /app/osu.Game/Tests/Beatmaps/BeatmapConversionTest.cs:line 98
   at NUnit.Framework.Assert.Multiple(TestDelegate testDelegate)
   at osu.Game.Tests.Beatmaps.BeatmapConversionTest`2.<>c__DisplayClass4_0.<Test>b__1() in /app/osu.Game/Tests/Beatmaps/BeatmapConversionTest.cs:line 77
   at NUnit.Framework.Assert.Multiple(TestDelegate testDelegate)
   at osu.Game.Tests.Beatmaps.BeatmapConversionTest`2.Test(String name, Type[] mods) in /app/osu.Game/Tests/Beatmaps/BeatmapConversionTest.cs:line 50
   at osu.Game.Rulesets.Catch.Tests.CatchBeatmapConversionTest.Test(String name, Type[] mods) in /app/osu.Game.Rulesets.Catch.Tests/CatchBeatmapConversionTest.cs:line 58
   at InvokeStub_CatchBeatmapConversionTest.Test(Object, Span`1)

357)    at osu.Game.Tests.Beatmaps.BeatmapConversionTest`2.<>c__DisplayClass4_1.<Test>b__2() in /app/osu.Game/Tests/Beatmaps/BeatmapConversionTest.cs:line 98
   at NUnit.Framework.Assert.Multiple(TestDelegate testDelegate)
   at osu.Game.Tests.Beatmaps.BeatmapConversionTest`2.<>c__DisplayClass4_0.<Test>b__1() in /app/osu.Game/Tests/Beatmaps/BeatmapConversionTest.cs:line 77
   at NUnit.Framework.Assert.Multiple(TestDelegate testDelegate)
   at osu.Game.Tests.Beatmaps.BeatmapConversionTest`2.Test(String name, Type[] mods) in /app/osu.Game/Tests/Beatmaps/BeatmapConversionTest.cs:line 50
   at osu.Game.Rulesets.Catch.Tests.CatchBeatmapConversionTest.Test(String name, Type[] mods) in /app/osu.Game.Rulesets.Catch.Tests/CatchBeatmapConversionTest.cs:line 58
   at InvokeStub_CatchBeatmapConversionTest.Test(Object, Span`1)

358)    at osu.Game.Tests.Beatmaps.BeatmapConversionTest`2.<>c__DisplayClass4_1.<Test>b__2() in /app/osu.Game/Tests/Beatmaps/BeatmapConversionTest.cs:line 98
   at NUnit.Framework.Assert.Multiple(TestDelegate testDelegate)
   at osu.Game.Tests.Beatmaps.BeatmapConversionTest`2.<>c__DisplayClass4_0.<Test>b__1() in /app/osu.Game/Tests/Beatmaps/BeatmapConversionTest.cs:line 77
   at NUnit.Framework.Assert.Multiple(TestDelegate testDelegate)
   at osu.Game.Tests.Beatmaps.BeatmapConversionTest`2.Test(String name, Type[] mods) in /app/osu.Game/Tests/Beatmaps/BeatmapConversionTest.cs:line 50
   at osu.Game.Rulesets.Catch.Tests.CatchBeatmapConversionTest.Test(String name, Type[] mods) in /app/osu.Game.Rulesets.Catch.Tests/CatchBeatmapConversionTest.cs:line 58
   at InvokeStub_CatchBeatmapConversionTest.Test(Object, Span`1)

359)    at osu.Game.Tests.Beatmaps.BeatmapConversionTest`2.<>c__DisplayClass4_1.<Test>b__2() in /app/osu.Game/Tests/Beatmaps/BeatmapConversionTest.cs:line 98
   at NUnit.Framework.Assert.Multiple(TestDelegate testDelegate)
   at osu.Game.Tests.Beatmaps.BeatmapConversionTest`2.<>c__DisplayClass4_0.<Test>b__1() in /app/osu.Game/Tests/Beatmaps/BeatmapConversionTest.cs:line 77
   at NUnit.Framework.Assert.Multiple(TestDelegate testDelegate)
   at osu.Game.Tests.Beatmaps.BeatmapConversionTest`2.Test(String name, Type[] mods) in /app/osu.Game/Tests/Beatmaps/BeatmapConversionTest.cs:line 50
   at osu.Game.Rulesets.Catch.Tests.CatchBeatmapConversionTest.Test(String name, Type[] mods) in /app/osu.Game.Rulesets.Catch.Tests/CatchBeatmapConversionTest.cs:line 58
   at InvokeStub_CatchBeatmapConversionTest.Test(Object, Span`1)

360)    at osu.Game.Tests.Beatmaps.BeatmapConversionTest`2.<>c__DisplayClass4_1.<Test>b__2() in /app/osu.Game/Tests/Beatmaps/BeatmapConversionTest.cs:line 98
   at NUnit.Framework.Assert.Multiple(TestDelegate testDelegate)
   at osu.Game.Tests.Beatmaps.BeatmapConversionTest`2.<>c__DisplayClass4_0.<Test>b__1() in /app/osu.Game/Tests/Beatmaps/BeatmapConversionTest.cs:line 77
   at NUnit.Framework.Assert.Multiple(TestDelegate testDelegate)
   at osu.Game.Tests.Beatmaps.BeatmapConversionTest`2.Test(String name, Type[] mods) in /app/osu.Game/Tests/Beatmaps/BeatmapConversionTest.cs:line 50
   at osu.Game.Rulesets.Catch.Tests.CatchBeatmapConversionTest.Test(String name, Type[] mods) in /app/osu.Game.Rulesets.Catch.Tests/CatchBeatmapConversionTest.cs:line 58
   at InvokeStub_CatchBeatmapConversionTest.Test(Object, Span`1)

361)    at osu.Game.Tests.Beatmaps.BeatmapConversionTest`2.<>c__DisplayClass4_1.<Test>b__2() in /app/osu.Game/Tests/Beatmaps/BeatmapConversionTest.cs:line 98
   at NUnit.Framework.Assert.Multiple(TestDelegate testDelegate)
   at osu.Game.Tests.Beatmaps.BeatmapConversionTest`2.<>c__DisplayClass4_0.<Test>b__1() in /app/osu.Game/Tests/Beatmaps/BeatmapConversionTest.cs:line 77
   at NUnit.Framework.Assert.Multiple(TestDelegate testDelegate)
   at osu.Game.Tests.Beatmaps.BeatmapConversionTest`2.Test(String name, Type[] mods) in /app/osu.Game/Tests/Beatmaps/BeatmapConversionTest.cs:line 50
   at osu.Game.Rulesets.Catch.Tests.CatchBeatmapConversionTest.Test(String name, Type[] mods) in /app/osu.Game.Rulesets.Catch.Tests/CatchBeatmapConversionTest.cs:line 58
   at InvokeStub_CatchBeatmapConversionTest.Test(Object, Span`1)

362)    at osu.Game.Tests.Beatmaps.BeatmapConversionTest`2.<>c__DisplayClass4_1.<Test>b__2() in /app/osu.Game/Tests/Beatmaps/BeatmapConversionTest.cs:line 98
   at NUnit.Framework.Assert.Multiple(TestDelegate testDelegate)
   at osu.Game.Tests.Beatmaps.BeatmapConversionTest`2.<>c__DisplayClass4_0.<Test>b__1() in /app/osu.Game/Tests/Beatmaps/BeatmapConversionTest.cs:line 77
   at NUnit.Framework.Assert.Multiple(TestDelegate testDelegate)
   at osu.Game.Tests.Beatmaps.BeatmapConversionTest`2.Test(String name, Type[] mods) in /app/osu.Game/Tests/Beatmaps/BeatmapConversionTest.cs:line 50
   at osu.Game.Rulesets.Catch.Tests.CatchBeatmapConversionTest.Test(String name, Type[] mods) in /app/osu.Game.Rulesets.Catch.Tests/CatchBeatmapConversionTest.cs:line 58
   at InvokeStub_CatchBeatmapConversionTest.Test(Object, Span`1)

363)    at osu.Game.Tests.Beatmaps.BeatmapConversionTest`2.<>c__DisplayClass4_1.<Test>b__2() in /app/osu.Game/Tests/Beatmaps/BeatmapConversionTest.cs:line 98
   at NUnit.Framework.Assert.Multiple(TestDelegate testDelegate)
   at osu.Game.Tests.Beatmaps.BeatmapConversionTest`2.<>c__DisplayClass4_0.<Test>b__1() in /app/osu.Game/Tests/Beatmaps/BeatmapConversionTest.cs:line 77
   at NUnit.Framework.Assert.Multiple(TestDelegate testDelegate)
   at osu.Game.Tests.Beatmaps.BeatmapConversionTest`2.Test(String name, Type[] mods) in /app/osu.Game/Tests/Beatmaps/BeatmapConversionTest.cs:line 50
   at osu.Game.Rulesets.Catch.Tests.CatchBeatmapConversionTest.Test(String name, Type[] mods) in /app/osu.Game.Rulesets.Catch.Tests/CatchBeatmapConversionTest.cs:line 58
   at InvokeStub_CatchBeatmapConversionTest.Test(Object, Span`1)

364)    at osu.Game.Tests.Beatmaps.BeatmapConversionTest`2.<>c__DisplayClass4_1.<Test>b__2() in /app/osu.Game/Tests/Beatmaps/BeatmapConversionTest.cs:line 98
   at NUnit.Framework.Assert.Multiple(TestDelegate testDelegate)
   at osu.Game.Tests.Beatmaps.BeatmapConversionTest`2.<>c__DisplayClass4_0.<Test>b__1() in /app/osu.Game/Tests/Beatmaps/BeatmapConversionTest.cs:line 77
   at NUnit.Framework.Assert.Multiple(TestDelegate testDelegate)
   at osu.Game.Tests.Beatmaps.BeatmapConversionTest`2.Test(String name, Type[] mods) in /app/osu.Game/Tests/Beatmaps/BeatmapConversionTest.cs:line 50
   at osu.Game.Rulesets.Catch.Tests.CatchBeatmapConversionTest.Test(String name, Type[] mods) in /app/osu.Game.Rulesets.Catch.Tests/CatchBeatmapConversionTest.cs:line 58
   at InvokeStub_CatchBeatmapConversionTest.Test(Object, Span`1)

365)    at osu.Game.Tests.Beatmaps.BeatmapConversionTest`2.<>c__DisplayClass4_1.<Test>b__2() in /app/osu.Game/Tests/Beatmaps/BeatmapConversionTest.cs:line 98
   at NUnit.Framework.Assert.Multiple(TestDelegate testDelegate)
   at osu.Game.Tests.Beatmaps.BeatmapConversionTest`2.<>c__DisplayClass4_0.<Test>b__1() in /app/osu.Game/Tests/Beatmaps/BeatmapConversionTest.cs:line 77
   at NUnit.Framework.Assert.Multiple(TestDelegate testDelegate)
   at osu.Game.Tests.Beatmaps.BeatmapConversionTest`2.Test(String name, Type[] mods) in /app/osu.Game/Tests/Beatmaps/BeatmapConversionTest.cs:line 50
   at osu.Game.Rulesets.Catch.Tests.CatchBeatmapConversionTest.Test(String name, Type[] mods) in /app/osu.Game.Rulesets.Catch.Tests/CatchBeatmapConversionTest.cs:line 58
   at InvokeStub_CatchBeatmapConversionTest.Test(Object, Span`1)

366)    at osu.Game.Tests.Beatmaps.BeatmapConversionTest`2.<>c__DisplayClass4_1.<Test>b__2() in /app/osu.Game/Tests/Beatmaps/BeatmapConversionTest.cs:line 98
   at NUnit.Framework.Assert.Multiple(TestDelegate testDelegate)
   at osu.Game.Tests.Beatmaps.BeatmapConversionTest`2.<>c__DisplayClass4_0.<Test>b__1() in /app/osu.Game/Tests/Beatmaps/BeatmapConversionTest.cs:line 77
   at NUnit.Framework.Assert.Multiple(TestDelegate testDelegate)
   at osu.Game.Tests.Beatmaps.BeatmapConversionTest`2.Test(String name, Type[] mods) in /app/osu.Game/Tests/Beatmaps/BeatmapConversionTest.cs:line 50
   at osu.Game.Rulesets.Catch.Tests.CatchBeatmapConversionTest.Test(String name, Type[] mods) in /app/osu.Game.Rulesets.Catch.Tests/CatchBeatmapConversionTest.cs:line 58
   at InvokeStub_CatchBeatmapConversionTest.Test(Object, Span`1)

367)    at osu.Game.Tests.Beatmaps.BeatmapConversionTest`2.<>c__DisplayClass4_1.<Test>b__2() in /app/osu.Game/Tests/Beatmaps/BeatmapConversionTest.cs:line 98
   at NUnit.Framework.Assert.Multiple(TestDelegate testDelegate)
   at osu.Game.Tests.Beatmaps.BeatmapConversionTest`2.<>c__DisplayClass4_0.<Test>b__1() in /app/osu.Game/Tests/Beatmaps/BeatmapConversionTest.cs:line 77
   at NUnit.Framework.Assert.Multiple(TestDelegate testDelegate)
   at osu.Game.Tests.Beatmaps.BeatmapConversionTest`2.Test(String name, Type[] mods) in /app/osu.Game/Tests/Beatmaps/BeatmapConversionTest.cs:line 50
   at osu.Game.Rulesets.Catch.Tests.CatchBeatmapConversionTest.Test(String name, Type[] mods) in /app/osu.Game.Rulesets.Catch.Tests/CatchBeatmapConversionTest.cs:line 58
   at InvokeStub_CatchBeatmapConversionTest.Test(Object, Span`1)

368)    at osu.Game.Tests.Beatmaps.BeatmapConversionTest`2.<>c__DisplayClass4_1.<Test>b__2() in /app/osu.Game/Tests/Beatmaps/BeatmapConversionTest.cs:line 98
   at NUnit.Framework.Assert.Multiple(TestDelegate testDelegate)
   at osu.Game.Tests.Beatmaps.BeatmapConversionTest`2.<>c__DisplayClass4_0.<Test>b__1() in /app/osu.Game/Tests/Beatmaps/BeatmapConversionTest.cs:line 77
   at NUnit.Framework.Assert.Multiple(TestDelegate testDelegate)
   at osu.Game.Tests.Beatmaps.BeatmapConversionTest`2.Test(String name, Type[] mods) in /app/osu.Game/Tests/Beatmaps/BeatmapConversionTest.cs:line 50
   at osu.Game.Rulesets.Catch.Tests.CatchBeatmapConversionTest.Test(String name, Type[] mods) in /app/osu.Game.Rulesets.Catch.Tests/CatchBeatmapConversionTest.cs:line 58
   at InvokeStub_CatchBeatmapConversionTest.Test(Object, Span`1)

369)    at osu.Game.Tests.Beatmaps.BeatmapConversionTest`2.<>c__DisplayClass4_1.<Test>b__2() in /app/osu.Game/Tests/Beatmaps/BeatmapConversionTest.cs:line 98
   at NUnit.Framework.Assert.Multiple(TestDelegate testDelegate)
   at osu.Game.Tests.Beatmaps.BeatmapConversionTest`2.<>c__DisplayClass4_0.<Test>b__1() in /app/osu.Game/Tests/Beatmaps/BeatmapConversionTest.cs:line 77
   at NUnit.Framework.Assert.Multiple(TestDelegate testDelegate)
   at osu.Game.Tests.Beatmaps.BeatmapConversionTest`2.Test(String name, Type[] mods) in /app/osu.Game/Tests/Beatmaps/BeatmapConversionTest.cs:line 50
   at osu.Game.Rulesets.Catch.Tests.CatchBeatmapConversionTest.Test(String name, Type[] mods) in /app/osu.Game.Rulesets.Catch.Tests/CatchBeatmapConversionTest.cs:line 58
   at InvokeStub_CatchBeatmapConversionTest.Test(Object, Span`1)

370)    at osu.Game.Tests.Beatmaps.BeatmapConversionTest`2.<>c__DisplayClass4_1.<Test>b__2() in /app/osu.Game/Tests/Beatmaps/BeatmapConversionTest.cs:line 98
   at NUnit.Framework.Assert.Multiple(TestDelegate testDelegate)
   at osu.Game.Tests.Beatmaps.BeatmapConversionTest`2.<>c__DisplayClass4_0.<Test>b__1() in /app/osu.Game/Tests/Beatmaps/BeatmapConversionTest.cs:line 77
   at NUnit.Framework.Assert.Multiple(TestDelegate testDelegate)
   at osu.Game.Tests.Beatmaps.BeatmapConversionTest`2.Test(String name, Type[] mods) in /app/osu.Game/Tests/Beatmaps/BeatmapConversionTest.cs:line 50
   at osu.Game.Rulesets.Catch.Tests.CatchBeatmapConversionTest.Test(String name, Type[] mods) in /app/osu.Game.Rulesets.Catch.Tests/CatchBeatmapConversionTest.cs:line 58
   at InvokeStub_CatchBeatmapConversionTest.Test(Object, Span`1)

371)    at osu.Game.Tests.Beatmaps.BeatmapConversionTest`2.<>c__DisplayClass4_1.<Test>b__2() in /app/osu.Game/Tests/Beatmaps/BeatmapConversionTest.cs:line 98
   at NUnit.Framework.Assert.Multiple(TestDelegate testDelegate)
   at osu.Game.Tests.Beatmaps.BeatmapConversionTest`2.<>c__DisplayClass4_0.<Test>b__1() in /app/osu.Game/Tests/Beatmaps/BeatmapConversionTest.cs:line 77
   at NUnit.Framework.Assert.Multiple(TestDelegate testDelegate)
   at osu.Game.Tests.Beatmaps.BeatmapConversionTest`2.Test(String name, Type[] mods) in /app/osu.Game/Tests/Beatmaps/BeatmapConversionTest.cs:line 50
   at osu.Game.Rulesets.Catch.Tests.CatchBeatmapConversionTest.Test(String name, Type[] mods) in /app/osu.Game.Rulesets.Catch.Tests/CatchBeatmapConversionTest.cs:line 58
   at InvokeStub_CatchBeatmapConversionTest.Test(Object, Span`1)

372)    at osu.Game.Tests.Beatmaps.BeatmapConversionTest`2.<>c__DisplayClass4_1.<Test>b__2() in /app/osu.Game/Tests/Beatmaps/BeatmapConversionTest.cs:line 98
   at NUnit.Framework.Assert.Multiple(TestDelegate testDelegate)
   at osu.Game.Tests.Beatmaps.BeatmapConversionTest`2.<>c__DisplayClass4_0.<Test>b__1() in /app/osu.Game/Tests/Beatmaps/BeatmapConversionTest.cs:line 77
   at NUnit.Framework.Assert.Multiple(TestDelegate testDelegate)
   at osu.Game.Tests.Beatmaps.BeatmapConversionTest`2.Test(String name, Type[] mods) in /app/osu.Game/Tests/Beatmaps/BeatmapConversionTest.cs:line 50
   at osu.Game.Rulesets.Catch.Tests.CatchBeatmapConversionTest.Test(String name, Type[] mods) in /app/osu.Game.Rulesets.Catch.Tests/CatchBeatmapConversionTest.cs:line 58
   at InvokeStub_CatchBeatmapConversionTest.Test(Object, Span`1)

373)    at osu.Game.Tests.Beatmaps.BeatmapConversionTest`2.<>c__DisplayClass4_1.<Test>b__2() in /app/osu.Game/Tests/Beatmaps/BeatmapConversionTest.cs:line 98
   at NUnit.Framework.Assert.Multiple(TestDelegate testDelegate)
   at osu.Game.Tests.Beatmaps.BeatmapConversionTest`2.<>c__DisplayClass4_0.<Test>b__1() in /app/osu.Game/Tests/Beatmaps/BeatmapConversionTest.cs:line 77
   at NUnit.Framework.Assert.Multiple(TestDelegate testDelegate)
   at osu.Game.Tests.Beatmaps.BeatmapConversionTest`2.Test(String name, Type[] mods) in /app/osu.Game/Tests/Beatmaps/BeatmapConversionTest.cs:line 50
   at osu.Game.Rulesets.Catch.Tests.CatchBeatmapConversionTest.Test(String name, Type[] mods) in /app/osu.Game.Rulesets.Catch.Tests/CatchBeatmapConversionTest.cs:line 58
   at InvokeStub_CatchBeatmapConversionTest.Test(Object, Span`1)

374)    at osu.Game.Tests.Beatmaps.BeatmapConversionTest`2.<>c__DisplayClass4_1.<Test>b__2() in /app/osu.Game/Tests/Beatmaps/BeatmapConversionTest.cs:line 98
   at NUnit.Framework.Assert.Multiple(TestDelegate testDelegate)
   at osu.Game.Tests.Beatmaps.BeatmapConversionTest`2.<>c__DisplayClass4_0.<Test>b__1() in /app/osu.Game/Tests/Beatmaps/BeatmapConversionTest.cs:line 77
   at NUnit.Framework.Assert.Multiple(TestDelegate testDelegate)
   at osu.Game.Tests.Beatmaps.BeatmapConversionTest`2.Test(String name, Type[] mods) in /app/osu.Game/Tests/Beatmaps/BeatmapConversionTest.cs:line 50
   at osu.Game.Rulesets.Catch.Tests.CatchBeatmapConversionTest.Test(String name, Type[] mods) in /app/osu.Game.Rulesets.Catch.Tests/CatchBeatmapConversionTest.cs:line 58
   at InvokeStub_CatchBeatmapConversionTest.Test(Object, Span`1)

375)    at osu.Game.Tests.Beatmaps.BeatmapConversionTest`2.<>c__DisplayClass4_1.<Test>b__2() in /app/osu.Game/Tests/Beatmaps/BeatmapConversionTest.cs:line 98
   at NUnit.Framework.Assert.Multiple(TestDelegate testDelegate)
   at osu.Game.Tests.Beatmaps.BeatmapConversionTest`2.<>c__DisplayClass4_0.<Test>b__1() in /app/osu.Game/Tests/Beatmaps/BeatmapConversionTest.cs:line 77
   at NUnit.Framework.Assert.Multiple(TestDelegate testDelegate)
   at osu.Game.Tests.Beatmaps.BeatmapConversionTest`2.Test(String name, Type[] mods) in /app/osu.Game/Tests/Beatmaps/BeatmapConversionTest.cs:line 50
   at osu.Game.Rulesets.Catch.Tests.CatchBeatmapConversionTest.Test(String name, Type[] mods) in /app/osu.Game.Rulesets.Catch.Tests/CatchBeatmapConversionTest.cs:line 58
   at InvokeStub_CatchBeatmapConversionTest.Test(Object, Span`1)

376)    at osu.Game.Tests.Beatmaps.BeatmapConversionTest`2.<>c__DisplayClass4_1.<Test>b__2() in /app/osu.Game/Tests/Beatmaps/BeatmapConversionTest.cs:line 98
   at NUnit.Framework.Assert.Multiple(TestDelegate testDelegate)
   at osu.Game.Tests.Beatmaps.BeatmapConversionTest`2.<>c__DisplayClass4_0.<Test>b__1() in /app/osu.Game/Tests/Beatmaps/BeatmapConversionTest.cs:line 77
   at NUnit.Framework.Assert.Multiple(TestDelegate testDelegate)
   at osu.Game.Tests.Beatmaps.BeatmapConversionTest`2.Test(String name, Type[] mods) in /app/osu.Game/Tests/Beatmaps/BeatmapConversionTest.cs:line 50
   at osu.Game.Rulesets.Catch.Tests.CatchBeatmapConversionTest.Test(String name, Type[] mods) in /app/osu.Game.Rulesets.Catch.Tests/CatchBeatmapConversionTest.cs:line 58
   at InvokeStub_CatchBeatmapConversionTest.Test(Object, Span`1)

377)    at osu.Game.Tests.Beatmaps.BeatmapConversionTest`2.<>c__DisplayClass4_1.<Test>b__2() in /app/osu.Game/Tests/Beatmaps/BeatmapConversionTest.cs:line 98
   at NUnit.Framework.Assert.Multiple(TestDelegate testDelegate)
   at osu.Game.Tests.Beatmaps.BeatmapConversionTest`2.<>c__DisplayClass4_0.<Test>b__1() in /app/osu.Game/Tests/Beatmaps/BeatmapConversionTest.cs:line 77
   at NUnit.Framework.Assert.Multiple(TestDelegate testDelegate)
   at osu.Game.Tests.Beatmaps.BeatmapConversionTest`2.Test(String name, Type[] mods) in /app/osu.Game/Tests/Beatmaps/BeatmapConversionTest.cs:line 50
   at osu.Game.Rulesets.Catch.Tests.CatchBeatmapConversionTest.Test(String name, Type[] mods) in /app/osu.Game.Rulesets.Catch.Tests/CatchBeatmapConversionTest.cs:line 58
   at InvokeStub_CatchBeatmapConversionTest.Test(Object, Span`1)

378)    at osu.Game.Tests.Beatmaps.BeatmapConversionTest`2.<>c__DisplayClass4_1.<Test>b__2() in /app/osu.Game/Tests/Beatmaps/BeatmapConversionTest.cs:line 98
   at NUnit.Framework.Assert.Multiple(TestDelegate testDelegate)
   at osu.Game.Tests.Beatmaps.BeatmapConversionTest`2.<>c__DisplayClass4_0.<Test>b__1() in /app/osu.Game/Tests/Beatmaps/BeatmapConversionTest.cs:line 77
   at NUnit.Framework.Assert.Multiple(TestDelegate testDelegate)
   at osu.Game.Tests.Beatmaps.BeatmapConversionTest`2.Test(String name, Type[] mods) in /app/osu.Game/Tests/Beatmaps/BeatmapConversionTest.cs:line 50
   at osu.Game.Rulesets.Catch.Tests.CatchBeatmapConversionTest.Test(String name, Type[] mods) in /app/osu.Game.Rulesets.Catch.Tests/CatchBeatmapConversionTest.cs:line 58
   at InvokeStub_CatchBeatmapConversionTest.Test(Object, Span`1)

379)    at osu.Game.Tests.Beatmaps.BeatmapConversionTest`2.<>c__DisplayClass4_1.<Test>b__2() in /app/osu.Game/Tests/Beatmaps/BeatmapConversionTest.cs:line 98
   at NUnit.Framework.Assert.Multiple(TestDelegate testDelegate)
   at osu.Game.Tests.Beatmaps.BeatmapConversionTest`2.<>c__DisplayClass4_0.<Test>b__1() in /app/osu.Game/Tests/Beatmaps/BeatmapConversionTest.cs:line 77
   at NUnit.Framework.Assert.Multiple(TestDelegate testDelegate)
   at osu.Game.Tests.Beatmaps.BeatmapConversionTest`2.Test(String name, Type[] mods) in /app/osu.Game/Tests/Beatmaps/BeatmapConversionTest.cs:line 50
   at osu.Game.Rulesets.Catch.Tests.CatchBeatmapConversionTest.Test(String name, Type[] mods) in /app/osu.Game.Rulesets.Catch.Tests/CatchBeatmapConversionTest.cs:line 58
   at InvokeStub_CatchBeatmapConversionTest.Test(Object, Span`1)

380)    at osu.Game.Tests.Beatmaps.BeatmapConversionTest`2.<>c__DisplayClass4_1.<Test>b__2() in /app/osu.Game/Tests/Beatmaps/BeatmapConversionTest.cs:line 98
   at NUnit.Framework.Assert.Multiple(TestDelegate testDelegate)
   at osu.Game.Tests.Beatmaps.BeatmapConversionTest`2.<>c__DisplayClass4_0.<Test>b__1() in /app/osu.Game/Tests/Beatmaps/BeatmapConversionTest.cs:line 77
   at NUnit.Framework.Assert.Multiple(TestDelegate testDelegate)
   at osu.Game.Tests.Beatmaps.BeatmapConversionTest`2.Test(String name, Type[] mods) in /app/osu.Game/Tests/Beatmaps/BeatmapConversionTest.cs:line 50
   at osu.Game.Rulesets.Catch.Tests.CatchBeatmapConversionTest.Test(String name, Type[] mods) in /app/osu.Game.Rulesets.Catch.Tests/CatchBeatmapConversionTest.cs:line 58
   at InvokeStub_CatchBeatmapConversionTest.Test(Object, Span`1)

381)    at osu.Game.Tests.Beatmaps.BeatmapConversionTest`2.<>c__DisplayClass4_1.<Test>b__2() in /app/osu.Game/Tests/Beatmaps/BeatmapConversionTest.cs:line 98
   at NUnit.Framework.Assert.Multiple(TestDelegate testDelegate)
   at osu.Game.Tests.Beatmaps.BeatmapConversionTest`2.<>c__DisplayClass4_0.<Test>b__1() in /app/osu.Game/Tests/Beatmaps/BeatmapConversionTest.cs:line 77
   at NUnit.Framework.Assert.Multiple(TestDelegate testDelegate)
   at osu.Game.Tests.Beatmaps.BeatmapConversionTest`2.Test(String name, Type[] mods) in /app/osu.Game/Tests/Beatmaps/BeatmapConversionTest.cs:line 50
   at osu.Game.Rulesets.Catch.Tests.CatchBeatmapConversionTest.Test(String name, Type[] mods) in /app/osu.Game.Rulesets.Catch.Tests/CatchBeatmapConversionTest.cs:line 58
   at InvokeStub_CatchBeatmapConversionTest.Test(Object, Span`1)

382)    at osu.Game.Tests.Beatmaps.BeatmapConversionTest`2.<>c__DisplayClass4_1.<Test>b__2() in /app/osu.Game/Tests/Beatmaps/BeatmapConversionTest.cs:line 98
   at NUnit.Framework.Assert.Multiple(TestDelegate testDelegate)
   at osu.Game.Tests.Beatmaps.BeatmapConversionTest`2.<>c__DisplayClass4_0.<Test>b__1() in /app/osu.Game/Tests/Beatmaps/BeatmapConversionTest.cs:line 77
   at NUnit.Framework.Assert.Multiple(TestDelegate testDelegate)
   at osu.Game.Tests.Beatmaps.BeatmapConversionTest`2.Test(String name, Type[] mods) in /app/osu.Game/Tests/Beatmaps/BeatmapConversionTest.cs:line 50
   at osu.Game.Rulesets.Catch.Tests.CatchBeatmapConversionTest.Test(String name, Type[] mods) in /app/osu.Game.Rulesets.Catch.Tests/CatchBeatmapConversionTest.cs:line 58
   at InvokeStub_CatchBeatmapConversionTest.Test(Object, Span`1)

383)    at osu.Game.Tests.Beatmaps.BeatmapConversionTest`2.<>c__DisplayClass4_1.<Test>b__2() in /app/osu.Game/Tests/Beatmaps/BeatmapConversionTest.cs:line 98
   at NUnit.Framework.Assert.Multiple(TestDelegate testDelegate)
   at osu.Game.Tests.Beatmaps.BeatmapConversionTest`2.<>c__DisplayClass4_0.<Test>b__1() in /app/osu.Game/Tests/Beatmaps/BeatmapConversionTest.cs:line 77
   at NUnit.Framework.Assert.Multiple(TestDelegate testDelegate)
   at osu.Game.Tests.Beatmaps.BeatmapConversionTest`2.Test(String name, Type[] mods) in /app/osu.Game/Tests/Beatmaps/BeatmapConversionTest.cs:line 50
   at osu.Game.Rulesets.Catch.Tests.CatchBeatmapConversionTest.Test(String name, Type[] mods) in /app/osu.Game.Rulesets.Catch.Tests/CatchBeatmapConversionTest.cs:line 58
   at InvokeStub_CatchBeatmapConversionTest.Test(Object, Span`1)

384)    at osu.Game.Tests.Beatmaps.BeatmapConversionTest`2.<>c__DisplayClass4_1.<Test>b__2() in /app/osu.Game/Tests/Beatmaps/BeatmapConversionTest.cs:line 98
   at NUnit.Framework.Assert.Multiple(TestDelegate testDelegate)
   at osu.Game.Tests.Beatmaps.BeatmapConversionTest`2.<>c__DisplayClass4_0.<Test>b__1() in /app/osu.Game/Tests/Beatmaps/BeatmapConversionTest.cs:line 77
   at NUnit.Framework.Assert.Multiple(TestDelegate testDelegate)
   at osu.Game.Tests.Beatmaps.BeatmapConversionTest`2.Test(String name, Type[] mods) in /app/osu.Game/Tests/Beatmaps/BeatmapConversionTest.cs:line 50
   at osu.Game.Rulesets.Catch.Tests.CatchBeatmapConversionTest.Test(String name, Type[] mods) in /app/osu.Game.Rulesets.Catch.Tests/CatchBeatmapConversionTest.cs:line 58
   at InvokeStub_CatchBeatmapConversionTest.Test(Object, Span`1)

385)    at osu.Game.Tests.Beatmaps.BeatmapConversionTest`2.<>c__DisplayClass4_1.<Test>b__2() in /app/osu.Game/Tests/Beatmaps/BeatmapConversionTest.cs:line 98
   at NUnit.Framework.Assert.Multiple(TestDelegate testDelegate)
   at osu.Game.Tests.Beatmaps.BeatmapConversionTest`2.<>c__DisplayClass4_0.<Test>b__1() in /app/osu.Game/Tests/Beatmaps/BeatmapConversionTest.cs:line 77
   at NUnit.Framework.Assert.Multiple(TestDelegate testDelegate)
   at osu.Game.Tests.Beatmaps.BeatmapConversionTest`2.Test(String name, Type[] mods) in /app/osu.Game/Tests/Beatmaps/BeatmapConversionTest.cs:line 50
   at osu.Game.Rulesets.Catch.Tests.CatchBeatmapConversionTest.Test(String name, Type[] mods) in /app/osu.Game.Rulesets.Catch.Tests/CatchBeatmapConversionTest.cs:line 58
   at InvokeStub_CatchBeatmapConversionTest.Test(Object, Span`1)

386)    at osu.Game.Tests.Beatmaps.BeatmapConversionTest`2.<>c__DisplayClass4_1.<Test>b__2() in /app/osu.Game/Tests/Beatmaps/BeatmapConversionTest.cs:line 98
   at NUnit.Framework.Assert.Multiple(TestDelegate testDelegate)
   at osu.Game.Tests.Beatmaps.BeatmapConversionTest`2.<>c__DisplayClass4_0.<Test>b__1() in /app/osu.Game/Tests/Beatmaps/BeatmapConversionTest.cs:line 77
   at NUnit.Framework.Assert.Multiple(TestDelegate testDelegate)
   at osu.Game.Tests.Beatmaps.BeatmapConversionTest`2.Test(String name, Type[] mods) in /app/osu.Game/Tests/Beatmaps/BeatmapConversionTest.cs:line 50
   at osu.Game.Rulesets.Catch.Tests.CatchBeatmapConversionTest.Test(String name, Type[] mods) in /app/osu.Game.Rulesets.Catch.Tests/CatchBeatmapConversionTest.cs:line 58
   at InvokeStub_CatchBeatmapConversionTest.Test(Object, Span`1)

387)    at osu.Game.Tests.Beatmaps.BeatmapConversionTest`2.<>c__DisplayClass4_1.<Test>b__2() in /app/osu.Game/Tests/Beatmaps/BeatmapConversionTest.cs:line 98
   at NUnit.Framework.Assert.Multiple(TestDelegate testDelegate)
   at osu.Game.Tests.Beatmaps.BeatmapConversionTest`2.<>c__DisplayClass4_0.<Test>b__1() in /app/osu.Game/Tests/Beatmaps/BeatmapConversionTest.cs:line 77
   at NUnit.Framework.Assert.Multiple(TestDelegate testDelegate)
   at osu.Game.Tests.Beatmaps.BeatmapConversionTest`2.Test(String name, Type[] mods) in /app/osu.Game/Tests/Beatmaps/BeatmapConversionTest.cs:line 50
   at osu.Game.Rulesets.Catch.Tests.CatchBeatmapConversionTest.Test(String name, Type[] mods) in /app/osu.Game.Rulesets.Catch.Tests/CatchBeatmapConversionTest.cs:line 58
   at InvokeStub_CatchBeatmapConversionTest.Test(Object, Span`1)

388)    at osu.Game.Tests.Beatmaps.BeatmapConversionTest`2.<>c__DisplayClass4_1.<Test>b__2() in /app/osu.Game/Tests/Beatmaps/BeatmapConversionTest.cs:line 98
   at NUnit.Framework.Assert.Multiple(TestDelegate testDelegate)
   at osu.Game.Tests.Beatmaps.BeatmapConversionTest`2.<>c__DisplayClass4_0.<Test>b__1() in /app/osu.Game/Tests/Beatmaps/BeatmapConversionTest.cs:line 77
   at NUnit.Framework.Assert.Multiple(TestDelegate testDelegate)
   at osu.Game.Tests.Beatmaps.BeatmapConversionTest`2.Test(String name, Type[] mods) in /app/osu.Game/Tests/Beatmaps/BeatmapConversionTest.cs:line 50
   at osu.Game.Rulesets.Catch.Tests.CatchBeatmapConversionTest.Test(String name, Type[] mods) in /app/osu.Game.Rulesets.Catch.Tests/CatchBeatmapConversionTest.cs:line 58
   at InvokeStub_CatchBeatmapConversionTest.Test(Object, Span`1)

389)    at osu.Game.Tests.Beatmaps.BeatmapConversionTest`2.<>c__DisplayClass4_1.<Test>b__2() in /app/osu.Game/Tests/Beatmaps/BeatmapConversionTest.cs:line 98
   at NUnit.Framework.Assert.Multiple(TestDelegate testDelegate)
   at osu.Game.Tests.Beatmaps.BeatmapConversionTest`2.<>c__DisplayClass4_0.<Test>b__1() in /app/osu.Game/Tests/Beatmaps/BeatmapConversionTest.cs:line 77
   at NUnit.Framework.Assert.Multiple(TestDelegate testDelegate)
   at osu.Game.Tests.Beatmaps.BeatmapConversionTest`2.Test(String name, Type[] mods) in /app/osu.Game/Tests/Beatmaps/BeatmapConversionTest.cs:line 50
   at osu.Game.Rulesets.Catch.Tests.CatchBeatmapConversionTest.Test(String name, Type[] mods) in /app/osu.Game.Rulesets.Catch.Tests/CatchBeatmapConversionTest.cs:line 58
   at InvokeStub_CatchBeatmapConversionTest.Test(Object, Span`1)

390)    at osu.Game.Tests.Beatmaps.BeatmapConversionTest`2.<>c__DisplayClass4_1.<Test>b__2() in /app/osu.Game/Tests/Beatmaps/BeatmapConversionTest.cs:line 98
   at NUnit.Framework.Assert.Multiple(TestDelegate testDelegate)
   at osu.Game.Tests.Beatmaps.BeatmapConversionTest`2.<>c__DisplayClass4_0.<Test>b__1() in /app/osu.Game/Tests/Beatmaps/BeatmapConversionTest.cs:line 77
   at NUnit.Framework.Assert.Multiple(TestDelegate testDelegate)
   at osu.Game.Tests.Beatmaps.BeatmapConversionTest`2.Test(String name, Type[] mods) in /app/osu.Game/Tests/Beatmaps/BeatmapConversionTest.cs:line 50
   at osu.Game.Rulesets.Catch.Tests.CatchBeatmapConversionTest.Test(String name, Type[] mods) in /app/osu.Game.Rulesets.Catch.Tests/CatchBeatmapConversionTest.cs:line 58
   at InvokeStub_CatchBeatmapConversionTest.Test(Object, Span`1)

391)    at osu.Game.Tests.Beatmaps.BeatmapConversionTest`2.<>c__DisplayClass4_1.<Test>b__2() in /app/osu.Game/Tests/Beatmaps/BeatmapConversionTest.cs:line 98
   at NUnit.Framework.Assert.Multiple(TestDelegate testDelegate)
   at osu.Game.Tests.Beatmaps.BeatmapConversionTest`2.<>c__DisplayClass4_0.<Test>b__1() in /app/osu.Game/Tests/Beatmaps/BeatmapConversionTest.cs:line 77
   at NUnit.Framework.Assert.Multiple(TestDelegate testDelegate)
   at osu.Game.Tests.Beatmaps.BeatmapConversionTest`2.Test(String name, Type[] mods) in /app/osu.Game/Tests/Beatmaps/BeatmapConversionTest.cs:line 50
   at osu.Game.Rulesets.Catch.Tests.CatchBeatmapConversionTest.Test(String name, Type[] mods) in /app/osu.Game.Rulesets.Catch.Tests/CatchBeatmapConversionTest.cs:line 58
   at InvokeStub_CatchBeatmapConversionTest.Test(Object, Span`1)

392)    at osu.Game.Tests.Beatmaps.BeatmapConversionTest`2.<>c__DisplayClass4_1.<Test>b__2() in /app/osu.Game/Tests/Beatmaps/BeatmapConversionTest.cs:line 98
   at NUnit.Framework.Assert.Multiple(TestDelegate testDelegate)
   at osu.Game.Tests.Beatmaps.BeatmapConversionTest`2.<>c__DisplayClass4_0.<Test>b__1() in /app/osu.Game/Tests/Beatmaps/BeatmapConversionTest.cs:line 77
   at NUnit.Framework.Assert.Multiple(TestDelegate testDelegate)
   at osu.Game.Tests.Beatmaps.BeatmapConversionTest`2.Test(String name, Type[] mods) in /app/osu.Game/Tests/Beatmaps/BeatmapConversionTest.cs:line 50
   at osu.Game.Rulesets.Catch.Tests.CatchBeatmapConversionTest.Test(String name, Type[] mods) in /app/osu.Game.Rulesets.Catch.Tests/CatchBeatmapConversionTest.cs:line 58
   at InvokeStub_CatchBeatmapConversionTest.Test(Object, Span`1)

393)    at osu.Game.Tests.Beatmaps.BeatmapConversionTest`2.<>c__DisplayClass4_1.<Test>b__2() in /app/osu.Game/Tests/Beatmaps/BeatmapConversionTest.cs:line 98
   at NUnit.Framework.Assert.Multiple(TestDelegate testDelegate)
   at osu.Game.Tests.Beatmaps.BeatmapConversionTest`2.<>c__DisplayClass4_0.<Test>b__1() in /app/osu.Game/Tests/Beatmaps/BeatmapConversionTest.cs:line 77
   at NUnit.Framework.Assert.Multiple(TestDelegate testDelegate)
   at osu.Game.Tests.Beatmaps.BeatmapConversionTest`2.Test(String name, Type[] mods) in /app/osu.Game/Tests/Beatmaps/BeatmapConversionTest.cs:line 50
   at osu.Game.Rulesets.Catch.Tests.CatchBeatmapConversionTest.Test(String name, Type[] mods) in /app/osu.Game.Rulesets.Catch.Tests/CatchBeatmapConversionTest.cs:line 58
   at InvokeStub_CatchBeatmapConversionTest.Test(Object, Span`1)

394)    at osu.Game.Tests.Beatmaps.BeatmapConversionTest`2.<>c__DisplayClass4_1.<Test>b__2() in /app/osu.Game/Tests/Beatmaps/BeatmapConversionTest.cs:line 98
   at NUnit.Framework.Assert.Multiple(TestDelegate testDelegate)
   at osu.Game.Tests.Beatmaps.BeatmapConversionTest`2.<>c__DisplayClass4_0.<Test>b__1() in /app/osu.Game/Tests/Beatmaps/BeatmapConversionTest.cs:line 77
   at NUnit.Framework.Assert.Multiple(TestDelegate testDelegate)
   at osu.Game.Tests.Beatmaps.BeatmapConversionTest`2.Test(String name, Type[] mods) in /app/osu.Game/Tests/Beatmaps/BeatmapConversionTest.cs:line 50
   at osu.Game.Rulesets.Catch.Tests.CatchBeatmapConversionTest.Test(String name, Type[] mods) in /app/osu.Game.Rulesets.Catch.Tests/CatchBeatmapConversionTest.cs:line 58
   at InvokeStub_CatchBeatmapConversionTest.Test(Object, Span`1)

395)    at osu.Game.Tests.Beatmaps.BeatmapConversionTest`2.<>c__DisplayClass4_1.<Test>b__2() in /app/osu.Game/Tests/Beatmaps/BeatmapConversionTest.cs:line 98
   at NUnit.Framework.Assert.Multiple(TestDelegate testDelegate)
   at osu.Game.Tests.Beatmaps.BeatmapConversionTest`2.<>c__DisplayClass4_0.<Test>b__1() in /app/osu.Game/Tests/Beatmaps/BeatmapConversionTest.cs:line 77
   at NUnit.Framework.Assert.Multiple(TestDelegate testDelegate)
   at osu.Game.Tests.Beatmaps.BeatmapConversionTest`2.Test(String name, Type[] mods) in /app/osu.Game/Tests/Beatmaps/BeatmapConversionTest.cs:line 50
   at osu.Game.Rulesets.Catch.Tests.CatchBeatmapConversionTest.Test(String name, Type[] mods) in /app/osu.Game.Rulesets.Catch.Tests/CatchBeatmapConversionTest.cs:line 58
   at InvokeStub_CatchBeatmapConversionTest.Test(Object, Span`1)

396)    at osu.Game.Tests.Beatmaps.BeatmapConversionTest`2.<>c__DisplayClass4_1.<Test>b__2() in /app/osu.Game/Tests/Beatmaps/BeatmapConversionTest.cs:line 98
   at NUnit.Framework.Assert.Multiple(TestDelegate testDelegate)
   at osu.Game.Tests.Beatmaps.BeatmapConversionTest`2.<>c__DisplayClass4_0.<Test>b__1() in /app/osu.Game/Tests/Beatmaps/BeatmapConversionTest.cs:line 77
   at NUnit.Framework.Assert.Multiple(TestDelegate testDelegate)
   at osu.Game.Tests.Beatmaps.BeatmapConversionTest`2.Test(String name, Type[] mods) in /app/osu.Game/Tests/Beatmaps/BeatmapConversionTest.cs:line 50
   at osu.Game.Rulesets.Catch.Tests.CatchBeatmapConversionTest.Test(String name, Type[] mods) in /app/osu.Game.Rulesets.Catch.Tests/CatchBeatmapConversionTest.cs:line 58
   at InvokeStub_CatchBeatmapConversionTest.Test(Object, Span`1)

397)    at osu.Game.Tests.Beatmaps.BeatmapConversionTest`2.<>c__DisplayClass4_1.<Test>b__2() in /app/osu.Game/Tests/Beatmaps/BeatmapConversionTest.cs:line 98
   at NUnit.Framework.Assert.Multiple(TestDelegate testDelegate)
   at osu.Game.Tests.Beatmaps.BeatmapConversionTest`2.<>c__DisplayClass4_0.<Test>b__1() in /app/osu.Game/Tests/Beatmaps/BeatmapConversionTest.cs:line 77
   at NUnit.Framework.Assert.Multiple(TestDelegate testDelegate)
   at osu.Game.Tests.Beatmaps.BeatmapConversionTest`2.Test(String name, Type[] mods) in /app/osu.Game/Tests/Beatmaps/BeatmapConversionTest.cs:line 50
   at osu.Game.Rulesets.Catch.Tests.CatchBeatmapConversionTest.Test(String name, Type[] mods) in /app/osu.Game.Rulesets.Catch.Tests/CatchBeatmapConversionTest.cs:line 58
   at InvokeStub_CatchBeatmapConversionTest.Test(Object, Span`1)

398)    at osu.Game.Tests.Beatmaps.BeatmapConversionTest`2.<>c__DisplayClass4_1.<Test>b__2() in /app/osu.Game/Tests/Beatmaps/BeatmapConversionTest.cs:line 98
   at NUnit.Framework.Assert.Multiple(TestDelegate testDelegate)
   at osu.Game.Tests.Beatmaps.BeatmapConversionTest`2.<>c__DisplayClass4_0.<Test>b__1() in /app/osu.Game/Tests/Beatmaps/BeatmapConversionTest.cs:line 77
   at NUnit.Framework.Assert.Multiple(TestDelegate testDelegate)
   at osu.Game.Tests.Beatmaps.BeatmapConversionTest`2.Test(String name, Type[] mods) in /app/osu.Game/Tests/Beatmaps/BeatmapConversionTest.cs:line 50
   at osu.Game.Rulesets.Catch.Tests.CatchBeatmapConversionTest.Test(String name, Type[] mods) in /app/osu.Game.Rulesets.Catch.Tests/CatchBeatmapConversionTest.cs:line 58
   at InvokeStub_CatchBeatmapConversionTest.Test(Object, Span`1)

399)    at osu.Game.Tests.Beatmaps.BeatmapConversionTest`2.<>c__DisplayClass4_1.<Test>b__2() in /app/osu.Game/Tests/Beatmaps/BeatmapConversionTest.cs:line 98
   at NUnit.Framework.Assert.Multiple(TestDelegate testDelegate)
   at osu.Game.Tests.Beatmaps.BeatmapConversionTest`2.<>c__DisplayClass4_0.<Test>b__1() in /app/osu.Game/Tests/Beatmaps/BeatmapConversionTest.cs:line 77
   at NUnit.Framework.Assert.Multiple(TestDelegate testDelegate)
   at osu.Game.Tests.Beatmaps.BeatmapConversionTest`2.Test(String name, Type[] mods) in /app/osu.Game/Tests/Beatmaps/BeatmapConversionTest.cs:line 50
   at osu.Game.Rulesets.Catch.Tests.CatchBeatmapConversionTest.Test(String name, Type[] mods) in /app/osu.Game.Rulesets.Catch.Tests/CatchBeatmapConversionTest.cs:line 58
   at InvokeStub_CatchBeatmapConversionTest.Test(Object, Span`1)

400)    at osu.Game.Tests.Beatmaps.BeatmapConversionTest`2.<>c__DisplayClass4_1.<Test>b__2() in /app/osu.Game/Tests/Beatmaps/BeatmapConversionTest.cs:line 98
   at NUnit.Framework.Assert.Multiple(TestDelegate testDelegate)
   at osu.Game.Tests.Beatmaps.BeatmapConversionTest`2.<>c__DisplayClass4_0.<Test>b__1() in /app/osu.Game/Tests/Beatmaps/BeatmapConversionTest.cs:line 77
   at NUnit.Framework.Assert.Multiple(TestDelegate testDelegate)
   at osu.Game.Tests.Beatmaps.BeatmapConversionTest`2.Test(String name, Type[] mods) in /app/osu.Game/Tests/Beatmaps/BeatmapConversionTest.cs:line 50
   at osu.Game.Rulesets.Catch.Tests.CatchBeatmapConversionTest.Test(String name, Type[] mods) in /app/osu.Game.Rulesets.Catch.Tests/CatchBeatmapConversionTest.cs:line 58
   at InvokeStub_CatchBeatmapConversionTest.Test(Object, Span`1)

401)    at osu.Game.Tests.Beatmaps.BeatmapConversionTest`2.<>c__DisplayClass4_1.<Test>b__2() in /app/osu.Game/Tests/Beatmaps/BeatmapConversionTest.cs:line 98
   at NUnit.Framework.Assert.Multiple(TestDelegate testDelegate)
   at osu.Game.Tests.Beatmaps.BeatmapConversionTest`2.<>c__DisplayClass4_0.<Test>b__1() in /app/osu.Game/Tests/Beatmaps/BeatmapConversionTest.cs:line 77
   at NUnit.Framework.Assert.Multiple(TestDelegate testDelegate)
   at osu.Game.Tests.Beatmaps.BeatmapConversionTest`2.Test(String name, Type[] mods) in /app/osu.Game/Tests/Beatmaps/BeatmapConversionTest.cs:line 50
   at osu.Game.Rulesets.Catch.Tests.CatchBeatmapConversionTest.Test(String name, Type[] mods) in /app/osu.Game.Rulesets.Catch.Tests/CatchBeatmapConversionTest.cs:line 58
   at InvokeStub_CatchBeatmapConversionTest.Test(Object, Span`1)

402)    at osu.Game.Tests.Beatmaps.BeatmapConversionTest`2.<>c__DisplayClass4_1.<Test>b__2() in /app/osu.Game/Tests/Beatmaps/BeatmapConversionTest.cs:line 98
   at NUnit.Framework.Assert.Multiple(TestDelegate testDelegate)
   at osu.Game.Tests.Beatmaps.BeatmapConversionTest`2.<>c__DisplayClass4_0.<Test>b__1() in /app/osu.Game/Tests/Beatmaps/BeatmapConversionTest.cs:line 77
   at NUnit.Framework.Assert.Multiple(TestDelegate testDelegate)
   at osu.Game.Tests.Beatmaps.BeatmapConversionTest`2.Test(String name, Type[] mods) in /app/osu.Game/Tests/Beatmaps/BeatmapConversionTest.cs:line 50
   at osu.Game.Rulesets.Catch.Tests.CatchBeatmapConversionTest.Test(String name, Type[] mods) in /app/osu.Game.Rulesets.Catch.Tests/CatchBeatmapConversionTest.cs:line 58
   at InvokeStub_CatchBeatmapConversionTest.Test(Object, Span`1)

403)    at osu.Game.Tests.Beatmaps.BeatmapConversionTest`2.<>c__DisplayClass4_1.<Test>b__2() in /app/osu.Game/Tests/Beatmaps/BeatmapConversionTest.cs:line 98
   at NUnit.Framework.Assert.Multiple(TestDelegate testDelegate)
   at osu.Game.Tests.Beatmaps.BeatmapConversionTest`2.<>c__DisplayClass4_0.<Test>b__1() in /app/osu.Game/Tests/Beatmaps/BeatmapConversionTest.cs:line 77
   at NUnit.Framework.Assert.Multiple(TestDelegate testDelegate)
   at osu.Game.Tests.Beatmaps.BeatmapConversionTest`2.Test(String name, Type[] mods) in /app/osu.Game/Tests/Beatmaps/BeatmapConversionTest.cs:line 50
   at osu.Game.Rulesets.Catch.Tests.CatchBeatmapConversionTest.Test(String name, Type[] mods) in /app/osu.Game.Rulesets.Catch.Tests/CatchBeatmapConversionTest.cs:line 58
   at InvokeStub_CatchBeatmapConversionTest.Test(Object, Span`1)

404)    at osu.Game.Tests.Beatmaps.BeatmapConversionTest`2.<>c__DisplayClass4_1.<Test>b__2() in /app/osu.Game/Tests/Beatmaps/BeatmapConversionTest.cs:line 98
   at NUnit.Framework.Assert.Multiple(TestDelegate testDelegate)
   at osu.Game.Tests.Beatmaps.BeatmapConversionTest`2.<>c__DisplayClass4_0.<Test>b__1() in /app/osu.Game/Tests/Beatmaps/BeatmapConversionTest.cs:line 77
   at NUnit.Framework.Assert.Multiple(TestDelegate testDelegate)
   at osu.Game.Tests.Beatmaps.BeatmapConversionTest`2.Test(String name, Type[] mods) in /app/osu.Game/Tests/Beatmaps/BeatmapConversionTest.cs:line 50
   at osu.Game.Rulesets.Catch.Tests.CatchBeatmapConversionTest.Test(String name, Type[] mods) in /app/osu.Game.Rulesets.Catch.Tests/CatchBeatmapConversionTest.cs:line 58
   at InvokeStub_CatchBeatmapConversionTest.Test(Object, Span`1)

405)    at osu.Game.Tests.Beatmaps.BeatmapConversionTest`2.<>c__DisplayClass4_1.<Test>b__2() in /app/osu.Game/Tests/Beatmaps/BeatmapConversionTest.cs:line 98
   at NUnit.Framework.Assert.Multiple(TestDelegate testDelegate)
   at osu.Game.Tests.Beatmaps.BeatmapConversionTest`2.<>c__DisplayClass4_0.<Test>b__1() in /app/osu.Game/Tests/Beatmaps/BeatmapConversionTest.cs:line 77
   at NUnit.Framework.Assert.Multiple(TestDelegate testDelegate)
   at osu.Game.Tests.Beatmaps.BeatmapConversionTest`2.Test(String name, Type[] mods) in /app/osu.Game/Tests/Beatmaps/BeatmapConversionTest.cs:line 50
   at osu.Game.Rulesets.Catch.Tests.CatchBeatmapConversionTest.Test(String name, Type[] mods) in /app/osu.Game.Rulesets.Catch.Tests/CatchBeatmapConversionTest.cs:line 58
   at InvokeStub_CatchBeatmapConversionTest.Test(Object, Span`1)

406)    at osu.Game.Tests.Beatmaps.BeatmapConversionTest`2.<>c__DisplayClass4_1.<Test>b__2() in /app/osu.Game/Tests/Beatmaps/BeatmapConversionTest.cs:line 98
   at NUnit.Framework.Assert.Multiple(TestDelegate testDelegate)
   at osu.Game.Tests.Beatmaps.BeatmapConversionTest`2.<>c__DisplayClass4_0.<Test>b__1() in /app/osu.Game/Tests/Beatmaps/BeatmapConversionTest.cs:line 77
   at NUnit.Framework.Assert.Multiple(TestDelegate testDelegate)
   at osu.Game.Tests.Beatmaps.BeatmapConversionTest`2.Test(String name, Type[] mods) in /app/osu.Game/Tests/Beatmaps/BeatmapConversionTest.cs:line 50
   at osu.Game.Rulesets.Catch.Tests.CatchBeatmapConversionTest.Test(String name, Type[] mods) in /app/osu.Game.Rulesets.Catch.Tests/CatchBeatmapConversionTest.cs:line 58
   at InvokeStub_CatchBeatmapConversionTest.Test(Object, Span`1)

407)    at osu.Game.Tests.Beatmaps.BeatmapConversionTest`2.<>c__DisplayClass4_1.<Test>b__2() in /app/osu.Game/Tests/Beatmaps/BeatmapConversionTest.cs:line 98
   at NUnit.Framework.Assert.Multiple(TestDelegate testDelegate)
   at osu.Game.Tests.Beatmaps.BeatmapConversionTest`2.<>c__DisplayClass4_0.<Test>b__1() in /app/osu.Game/Tests/Beatmaps/BeatmapConversionTest.cs:line 77
   at NUnit.Framework.Assert.Multiple(TestDelegate testDelegate)
   at osu.Game.Tests.Beatmaps.BeatmapConversionTest`2.Test(String name, Type[] mods) in /app/osu.Game/Tests/Beatmaps/BeatmapConversionTest.cs:line 50
   at osu.Game.Rulesets.Catch.Tests.CatchBeatmapConversionTest.Test(String name, Type[] mods) in /app/osu.Game.Rulesets.Catch.Tests/CatchBeatmapConversionTest.cs:line 58
   at InvokeStub_CatchBeatmapConversionTest.Test(Object, Span`1)

408)    at osu.Game.Tests.Beatmaps.BeatmapConversionTest`2.<>c__DisplayClass4_1.<Test>b__2() in /app/osu.Game/Tests/Beatmaps/BeatmapConversionTest.cs:line 98
   at NUnit.Framework.Assert.Multiple(TestDelegate testDelegate)
   at osu.Game.Tests.Beatmaps.BeatmapConversionTest`2.<>c__DisplayClass4_0.<Test>b__1() in /app/osu.Game/Tests/Beatmaps/BeatmapConversionTest.cs:line 77
   at NUnit.Framework.Assert.Multiple(TestDelegate testDelegate)
   at osu.Game.Tests.Beatmaps.BeatmapConversionTest`2.Test(String name, Type[] mods) in /app/osu.Game/Tests/Beatmaps/BeatmapConversionTest.cs:line 50
   at osu.Game.Rulesets.Catch.Tests.CatchBeatmapConversionTest.Test(String name, Type[] mods) in /app/osu.Game.Rulesets.Catch.Tests/CatchBeatmapConversionTest.cs:line 58
   at InvokeStub_CatchBeatmapConversionTest.Test(Object, Span`1)

409)    at osu.Game.Tests.Beatmaps.BeatmapConversionTest`2.<>c__DisplayClass4_1.<Test>b__2() in /app/osu.Game/Tests/Beatmaps/BeatmapConversionTest.cs:line 98
   at NUnit.Framework.Assert.Multiple(TestDelegate testDelegate)
   at osu.Game.Tests.Beatmaps.BeatmapConversionTest`2.<>c__DisplayClass4_0.<Test>b__1() in /app/osu.Game/Tests/Beatmaps/BeatmapConversionTest.cs:line 77
   at NUnit.Framework.Assert.Multiple(TestDelegate testDelegate)
   at osu.Game.Tests.Beatmaps.BeatmapConversionTest`2.Test(String name, Type[] mods) in /app/osu.Game/Tests/Beatmaps/BeatmapConversionTest.cs:line 50
   at osu.Game.Rulesets.Catch.Tests.CatchBeatmapConversionTest.Test(String name, Type[] mods) in /app/osu.Game.Rulesets.Catch.Tests/CatchBeatmapConversionTest.cs:line 58
   at InvokeStub_CatchBeatmapConversionTest.Test(Object, Span`1)

410)    at osu.Game.Tests.Beatmaps.BeatmapConversionTest`2.<>c__DisplayClass4_1.<Test>b__2() in /app/osu.Game/Tests/Beatmaps/BeatmapConversionTest.cs:line 98
   at NUnit.Framework.Assert.Multiple(TestDelegate testDelegate)
   at osu.Game.Tests.Beatmaps.BeatmapConversionTest`2.<>c__DisplayClass4_0.<Test>b__1() in /app/osu.Game/Tests/Beatmaps/BeatmapConversionTest.cs:line 77
   at NUnit.Framework.Assert.Multiple(TestDelegate testDelegate)
   at osu.Game.Tests.Beatmaps.BeatmapConversionTest`2.Test(String name, Type[] mods) in /app/osu.Game/Tests/Beatmaps/BeatmapConversionTest.cs:line 50
   at osu.Game.Rulesets.Catch.Tests.CatchBeatmapConversionTest.Test(String name, Type[] mods) in /app/osu.Game.Rulesets.Catch.Tests/CatchBeatmapConversionTest.cs:line 58
   at InvokeStub_CatchBeatmapConversionTest.Test(Object, Span`1)

411)    at osu.Game.Tests.Beatmaps.BeatmapConversionTest`2.<>c__DisplayClass4_1.<Test>b__2() in /app/osu.Game/Tests/Beatmaps/BeatmapConversionTest.cs:line 98
   at NUnit.Framework.Assert.Multiple(TestDelegate testDelegate)
   at osu.Game.Tests.Beatmaps.BeatmapConversionTest`2.<>c__DisplayClass4_0.<Test>b__1() in /app/osu.Game/Tests/Beatmaps/BeatmapConversionTest.cs:line 77
   at NUnit.Framework.Assert.Multiple(TestDelegate testDelegate)
   at osu.Game.Tests.Beatmaps.BeatmapConversionTest`2.Test(String name, Type[] mods) in /app/osu.Game/Tests/Beatmaps/BeatmapConversionTest.cs:line 50
   at osu.Game.Rulesets.Catch.Tests.CatchBeatmapConversionTest.Test(String name, Type[] mods) in /app/osu.Game.Rulesets.Catch.Tests/CatchBeatmapConversionTest.cs:line 58
   at InvokeStub_CatchBeatmapConversionTest.Test(Object, Span`1)

412)    at osu.Game.Tests.Beatmaps.BeatmapConversionTest`2.<>c__DisplayClass4_1.<Test>b__2() in /app/osu.Game/Tests/Beatmaps/BeatmapConversionTest.cs:line 98
   at NUnit.Framework.Assert.Multiple(TestDelegate testDelegate)
   at osu.Game.Tests.Beatmaps.BeatmapConversionTest`2.<>c__DisplayClass4_0.<Test>b__1() in /app/osu.Game/Tests/Beatmaps/BeatmapConversionTest.cs:line 77
   at NUnit.Framework.Assert.Multiple(TestDelegate testDelegate)
   at osu.Game.Tests.Beatmaps.BeatmapConversionTest`2.Test(String name, Type[] mods) in /app/osu.Game/Tests/Beatmaps/BeatmapConversionTest.cs:line 50
   at osu.Game.Rulesets.Catch.Tests.CatchBeatmapConversionTest.Test(String name, Type[] mods) in /app/osu.Game.Rulesets.Catch.Tests/CatchBeatmapConversionTest.cs:line 58
   at InvokeStub_CatchBeatmapConversionTest.Test(Object, Span`1)

413)    at osu.Game.Tests.Beatmaps.BeatmapConversionTest`2.<>c__DisplayClass4_1.<Test>b__2() in /app/osu.Game/Tests/Beatmaps/BeatmapConversionTest.cs:line 98
   at NUnit.Framework.Assert.Multiple(TestDelegate testDelegate)
   at osu.Game.Tests.Beatmaps.BeatmapConversionTest`2.<>c__DisplayClass4_0.<Test>b__1() in /app/osu.Game/Tests/Beatmaps/BeatmapConversionTest.cs:line 77
   at NUnit.Framework.Assert.Multiple(TestDelegate testDelegate)
   at osu.Game.Tests.Beatmaps.BeatmapConversionTest`2.Test(String name, Type[] mods) in /app/osu.Game/Tests/Beatmaps/BeatmapConversionTest.cs:line 50
   at osu.Game.Rulesets.Catch.Tests.CatchBeatmapConversionTest.Test(String name, Type[] mods) in /app/osu.Game.Rulesets.Catch.Tests/CatchBeatmapConversionTest.cs:line 58
   at InvokeStub_CatchBeatmapConversionTest.Test(Object, Span`1)

414)    at osu.Game.Tests.Beatmaps.BeatmapConversionTest`2.<>c__DisplayClass4_1.<Test>b__2() in /app/osu.Game/Tests/Beatmaps/BeatmapConversionTest.cs:line 98
   at NUnit.Framework.Assert.Multiple(TestDelegate testDelegate)
   at osu.Game.Tests.Beatmaps.BeatmapConversionTest`2.<>c__DisplayClass4_0.<Test>b__1() in /app/osu.Game/Tests/Beatmaps/BeatmapConversionTest.cs:line 77
   at NUnit.Framework.Assert.Multiple(TestDelegate testDelegate)
   at osu.Game.Tests.Beatmaps.BeatmapConversionTest`2.Test(String name, Type[] mods) in /app/osu.Game/Tests/Beatmaps/BeatmapConversionTest.cs:line 50
   at osu.Game.Rulesets.Catch.Tests.CatchBeatmapConversionTest.Test(String name, Type[] mods) in /app/osu.Game.Rulesets.Catch.Tests/CatchBeatmapConversionTest.cs:line 58
   at InvokeStub_CatchBeatmapConversionTest.Test(Object, Span`1)

415)    at osu.Game.Tests.Beatmaps.BeatmapConversionTest`2.<>c__DisplayClass4_1.<Test>b__2() in /app/osu.Game/Tests/Beatmaps/BeatmapConversionTest.cs:line 98
   at NUnit.Framework.Assert.Multiple(TestDelegate testDelegate)
   at osu.Game.Tests.Beatmaps.BeatmapConversionTest`2.<>c__DisplayClass4_0.<Test>b__1() in /app/osu.Game/Tests/Beatmaps/BeatmapConversionTest.cs:line 77
   at NUnit.Framework.Assert.Multiple(TestDelegate testDelegate)
   at osu.Game.Tests.Beatmaps.BeatmapConversionTest`2.Test(String name, Type[] mods) in /app/osu.Game/Tests/Beatmaps/BeatmapConversionTest.cs:line 50
   at osu.Game.Rulesets.Catch.Tests.CatchBeatmapConversionTest.Test(String name, Type[] mods) in /app/osu.Game.Rulesets.Catch.Tests/CatchBeatmapConversionTest.cs:line 58
   at InvokeStub_CatchBeatmapConversionTest.Test(Object, Span`1)

416)    at osu.Game.Tests.Beatmaps.BeatmapConversionTest`2.<>c__DisplayClass4_1.<Test>b__2() in /app/osu.Game/Tests/Beatmaps/BeatmapConversionTest.cs:line 98
   at NUnit.Framework.Assert.Multiple(TestDelegate testDelegate)
   at osu.Game.Tests.Beatmaps.BeatmapConversionTest`2.<>c__DisplayClass4_0.<Test>b__1() in /app/osu.Game/Tests/Beatmaps/BeatmapConversionTest.cs:line 77
   at NUnit.Framework.Assert.Multiple(TestDelegate testDelegate)
   at osu.Game.Tests.Beatmaps.BeatmapConversionTest`2.Test(String name, Type[] mods) in /app/osu.Game/Tests/Beatmaps/BeatmapConversionTest.cs:line 50
   at osu.Game.Rulesets.Catch.Tests.CatchBeatmapConversionTest.Test(String name, Type[] mods) in /app/osu.Game.Rulesets.Catch.Tests/CatchBeatmapConversionTest.cs:line 58
   at InvokeStub_CatchBeatmapConversionTest.Test(Object, Span`1)

417)    at osu.Game.Tests.Beatmaps.BeatmapConversionTest`2.<>c__DisplayClass4_1.<Test>b__2() in /app/osu.Game/Tests/Beatmaps/BeatmapConversionTest.cs:line 98
   at NUnit.Framework.Assert.Multiple(TestDelegate testDelegate)
   at osu.Game.Tests.Beatmaps.BeatmapConversionTest`2.<>c__DisplayClass4_0.<Test>b__1() in /app/osu.Game/Tests/Beatmaps/BeatmapConversionTest.cs:line 77
   at NUnit.Framework.Assert.Multiple(TestDelegate testDelegate)
   at osu.Game.Tests.Beatmaps.BeatmapConversionTest`2.Test(String name, Type[] mods) in /app/osu.Game/Tests/Beatmaps/BeatmapConversionTest.cs:line 50
   at osu.Game.Rulesets.Catch.Tests.CatchBeatmapConversionTest.Test(String name, Type[] mods) in /app/osu.Game.Rulesets.Catch.Tests/CatchBeatmapConversionTest.cs:line 58
   at InvokeStub_CatchBeatmapConversionTest.Test(Object, Span`1)

418)    at osu.Game.Tests.Beatmaps.BeatmapConversionTest`2.<>c__DisplayClass4_1.<Test>b__2() in /app/osu.Game/Tests/Beatmaps/BeatmapConversionTest.cs:line 98
   at NUnit.Framework.Assert.Multiple(TestDelegate testDelegate)
   at osu.Game.Tests.Beatmaps.BeatmapConversionTest`2.<>c__DisplayClass4_0.<Test>b__1() in /app/osu.Game/Tests/Beatmaps/BeatmapConversionTest.cs:line 77
   at NUnit.Framework.Assert.Multiple(TestDelegate testDelegate)
   at osu.Game.Tests.Beatmaps.BeatmapConversionTest`2.Test(String name, Type[] mods) in /app/osu.Game/Tests/Beatmaps/BeatmapConversionTest.cs:line 50
   at osu.Game.Rulesets.Catch.Tests.CatchBeatmapConversionTest.Test(String name, Type[] mods) in /app/osu.Game.Rulesets.Catch.Tests/CatchBeatmapConversionTest.cs:line 58
   at InvokeStub_CatchBeatmapConversionTest.Test(Object, Span`1)

419)    at osu.Game.Tests.Beatmaps.BeatmapConversionTest`2.<>c__DisplayClass4_1.<Test>b__2() in /app/osu.Game/Tests/Beatmaps/BeatmapConversionTest.cs:line 98
   at NUnit.Framework.Assert.Multiple(TestDelegate testDelegate)
   at osu.Game.Tests.Beatmaps.BeatmapConversionTest`2.<>c__DisplayClass4_0.<Test>b__1() in /app/osu.Game/Tests/Beatmaps/BeatmapConversionTest.cs:line 77
   at NUnit.Framework.Assert.Multiple(TestDelegate testDelegate)
   at osu.Game.Tests.Beatmaps.BeatmapConversionTest`2.Test(String name, Type[] mods) in /app/osu.Game/Tests/Beatmaps/BeatmapConversionTest.cs:line 50
   at osu.Game.Rulesets.Catch.Tests.CatchBeatmapConversionTest.Test(String name, Type[] mods) in /app/osu.Game.Rulesets.Catch.Tests/CatchBeatmapConversionTest.cs:line 58
   at InvokeStub_CatchBeatmapConversionTest.Test(Object, Span`1)

420)    at osu.Game.Tests.Beatmaps.BeatmapConversionTest`2.<>c__DisplayClass4_1.<Test>b__2() in /app/osu.Game/Tests/Beatmaps/BeatmapConversionTest.cs:line 98
   at NUnit.Framework.Assert.Multiple(TestDelegate testDelegate)
   at osu.Game.Tests.Beatmaps.BeatmapConversionTest`2.<>c__DisplayClass4_0.<Test>b__1() in /app/osu.Game/Tests/Beatmaps/BeatmapConversionTest.cs:line 77
   at NUnit.Framework.Assert.Multiple(TestDelegate testDelegate)
   at osu.Game.Tests.Beatmaps.BeatmapConversionTest`2.Test(String name, Type[] mods) in /app/osu.Game/Tests/Beatmaps/BeatmapConversionTest.cs:line 50
   at osu.Game.Rulesets.Catch.Tests.CatchBeatmapConversionTest.Test(String name, Type[] mods) in /app/osu.Game.Rulesets.Catch.Tests/CatchBeatmapConversionTest.cs:line 58
   at InvokeStub_CatchBeatmapConversionTest.Test(Object, Span`1)

421)    at osu.Game.Tests.Beatmaps.BeatmapConversionTest`2.<>c__DisplayClass4_1.<Test>b__2() in /app/osu.Game/Tests/Beatmaps/BeatmapConversionTest.cs:line 98
   at NUnit.Framework.Assert.Multiple(TestDelegate testDelegate)
   at osu.Game.Tests.Beatmaps.BeatmapConversionTest`2.<>c__DisplayClass4_0.<Test>b__1() in /app/osu.Game/Tests/Beatmaps/BeatmapConversionTest.cs:line 77
   at NUnit.Framework.Assert.Multiple(TestDelegate testDelegate)
   at osu.Game.Tests.Beatmaps.BeatmapConversionTest`2.Test(String name, Type[] mods) in /app/osu.Game/Tests/Beatmaps/BeatmapConversionTest.cs:line 50
   at osu.Game.Rulesets.Catch.Tests.CatchBeatmapConversionTest.Test(String name, Type[] mods) in /app/osu.Game.Rulesets.Catch.Tests/CatchBeatmapConversionTest.cs:line 58
   at InvokeStub_CatchBeatmapConversionTest.Test(Object, Span`1)

422)    at osu.Game.Tests.Beatmaps.BeatmapConversionTest`2.<>c__DisplayClass4_1.<Test>b__2() in /app/osu.Game/Tests/Beatmaps/BeatmapConversionTest.cs:line 98
   at NUnit.Framework.Assert.Multiple(TestDelegate testDelegate)
   at osu.Game.Tests.Beatmaps.BeatmapConversionTest`2.<>c__DisplayClass4_0.<Test>b__1() in /app/osu.Game/Tests/Beatmaps/BeatmapConversionTest.cs:line 77
   at NUnit.Framework.Assert.Multiple(TestDelegate testDelegate)
   at osu.Game.Tests.Beatmaps.BeatmapConversionTest`2.Test(String name, Type[] mods) in /app/osu.Game/Tests/Beatmaps/BeatmapConversionTest.cs:line 50
   at osu.Game.Rulesets.Catch.Tests.CatchBeatmapConversionTest.Test(String name, Type[] mods) in /app/osu.Game.Rulesets.Catch.Tests/CatchBeatmapConversionTest.cs:line 58
   at InvokeStub_CatchBeatmapConversionTest.Test(Object, Span`1)

423)    at osu.Game.Tests.Beatmaps.BeatmapConversionTest`2.<>c__DisplayClass4_1.<Test>b__2() in /app/osu.Game/Tests/Beatmaps/BeatmapConversionTest.cs:line 98
   at NUnit.Framework.Assert.Multiple(TestDelegate testDelegate)
   at osu.Game.Tests.Beatmaps.BeatmapConversionTest`2.<>c__DisplayClass4_0.<Test>b__1() in /app/osu.Game/Tests/Beatmaps/BeatmapConversionTest.cs:line 77
   at NUnit.Framework.Assert.Multiple(TestDelegate testDelegate)
   at osu.Game.Tests.Beatmaps.BeatmapConversionTest`2.Test(String name, Type[] mods) in /app/osu.Game/Tests/Beatmaps/BeatmapConversionTest.cs:line 50
   at osu.Game.Rulesets.Catch.Tests.CatchBeatmapConversionTest.Test(String name, Type[] mods) in /app/osu.Game.Rulesets.Catch.Tests/CatchBeatmapConversionTest.cs:line 58
   at InvokeStub_CatchBeatmapConversionTest.Test(Object, Span`1)

424)    at osu.Game.Tests.Beatmaps.BeatmapConversionTest`2.<>c__DisplayClass4_1.<Test>b__2() in /app/osu.Game/Tests/Beatmaps/BeatmapConversionTest.cs:line 98
   at NUnit.Framework.Assert.Multiple(TestDelegate testDelegate)
   at osu.Game.Tests.Beatmaps.BeatmapConversionTest`2.<>c__DisplayClass4_0.<Test>b__1() in /app/osu.Game/Tests/Beatmaps/BeatmapConversionTest.cs:line 77
   at NUnit.Framework.Assert.Multiple(TestDelegate testDelegate)
   at osu.Game.Tests.Beatmaps.BeatmapConversionTest`2.Test(String name, Type[] mods) in /app/osu.Game/Tests/Beatmaps/BeatmapConversionTest.cs:line 50
   at osu.Game.Rulesets.Catch.Tests.CatchBeatmapConversionTest.Test(String name, Type[] mods) in /app/osu.Game.Rulesets.Catch.Tests/CatchBeatmapConversionTest.cs:line 58
   at InvokeStub_CatchBeatmapConversionTest.Test(Object, Span`1)

425)    at osu.Game.Tests.Beatmaps.BeatmapConversionTest`2.<>c__DisplayClass4_1.<Test>b__2() in /app/osu.Game/Tests/Beatmaps/BeatmapConversionTest.cs:line 98
   at NUnit.Framework.Assert.Multiple(TestDelegate testDelegate)
   at osu.Game.Tests.Beatmaps.BeatmapConversionTest`2.<>c__DisplayClass4_0.<Test>b__1() in /app/osu.Game/Tests/Beatmaps/BeatmapConversionTest.cs:line 77
   at NUnit.Framework.Assert.Multiple(TestDelegate testDelegate)
   at osu.Game.Tests.Beatmaps.BeatmapConversionTest`2.Test(String name, Type[] mods) in /app/osu.Game/Tests/Beatmaps/BeatmapConversionTest.cs:line 50
   at osu.Game.Rulesets.Catch.Tests.CatchBeatmapConversionTest.Test(String name, Type[] mods) in /app/osu.Game.Rulesets.Catch.Tests/CatchBeatmapConversionTest.cs:line 58
   at InvokeStub_CatchBeatmapConversionTest.Test(Object, Span`1)

426)    at osu.Game.Tests.Beatmaps.BeatmapConversionTest`2.<>c__DisplayClass4_1.<Test>b__2() in /app/osu.Game/Tests/Beatmaps/BeatmapConversionTest.cs:line 98
   at NUnit.Framework.Assert.Multiple(TestDelegate testDelegate)
   at osu.Game.Tests.Beatmaps.BeatmapConversionTest`2.<>c__DisplayClass4_0.<Test>b__1() in /app/osu.Game/Tests/Beatmaps/BeatmapConversionTest.cs:line 77
   at NUnit.Framework.Assert.Multiple(TestDelegate testDelegate)
   at osu.Game.Tests.Beatmaps.BeatmapConversionTest`2.Test(String name, Type[] mods) in /app/osu.Game/Tests/Beatmaps/BeatmapConversionTest.cs:line 50
   at osu.Game.Rulesets.Catch.Tests.CatchBeatmapConversionTest.Test(String name, Type[] mods) in /app/osu.Game.Rulesets.Catch.Tests/CatchBeatmapConversionTest.cs:line 58
   at InvokeStub_CatchBeatmapConversionTest.Test(Object, Span`1)

427)    at osu.Game.Tests.Beatmaps.BeatmapConversionTest`2.<>c__DisplayClass4_1.<Test>b__2() in /app/osu.Game/Tests/Beatmaps/BeatmapConversionTest.cs:line 98
   at NUnit.Framework.Assert.Multiple(TestDelegate testDelegate)
   at osu.Game.Tests.Beatmaps.BeatmapConversionTest`2.<>c__DisplayClass4_0.<Test>b__1() in /app/osu.Game/Tests/Beatmaps/BeatmapConversionTest.cs:line 77
   at NUnit.Framework.Assert.Multiple(TestDelegate testDelegate)
   at osu.Game.Tests.Beatmaps.BeatmapConversionTest`2.Test(String name, Type[] mods) in /app/osu.Game/Tests/Beatmaps/BeatmapConversionTest.cs:line 50
   at osu.Game.Rulesets.Catch.Tests.CatchBeatmapConversionTest.Test(String name, Type[] mods) in /app/osu.Game.Rulesets.Catch.Tests/CatchBeatmapConversionTest.cs:line 58
   at InvokeStub_CatchBeatmapConversionTest.Test(Object, Span`1)

428)    at osu.Game.Tests.Beatmaps.BeatmapConversionTest`2.<>c__DisplayClass4_1.<Test>b__2() in /app/osu.Game/Tests/Beatmaps/BeatmapConversionTest.cs:line 98
   at NUnit.Framework.Assert.Multiple(TestDelegate testDelegate)
   at osu.Game.Tests.Beatmaps.BeatmapConversionTest`2.<>c__DisplayClass4_0.<Test>b__1() in /app/osu.Game/Tests/Beatmaps/BeatmapConversionTest.cs:line 77
   at NUnit.Framework.Assert.Multiple(TestDelegate testDelegate)
   at osu.Game.Tests.Beatmaps.BeatmapConversionTest`2.Test(String name, Type[] mods) in /app/osu.Game/Tests/Beatmaps/BeatmapConversionTest.cs:line 50
   at osu.Game.Rulesets.Catch.Tests.CatchBeatmapConversionTest.Test(String name, Type[] mods) in /app/osu.Game.Rulesets.Catch.Tests/CatchBeatmapConversionTest.cs:line 58
   at InvokeStub_CatchBeatmapConversionTest.Test(Object, Span`1)

429)    at osu.Game.Tests.Beatmaps.BeatmapConversionTest`2.<>c__DisplayClass4_1.<Test>b__2() in /app/osu.Game/Tests/Beatmaps/BeatmapConversionTest.cs:line 98
   at NUnit.Framework.Assert.Multiple(TestDelegate testDelegate)
   at osu.Game.Tests.Beatmaps.BeatmapConversionTest`2.<>c__DisplayClass4_0.<Test>b__1() in /app/osu.Game/Tests/Beatmaps/BeatmapConversionTest.cs:line 77
   at NUnit.Framework.Assert.Multiple(TestDelegate testDelegate)
   at osu.Game.Tests.Beatmaps.BeatmapConversionTest`2.Test(String name, Type[] mods) in /app/osu.Game/Tests/Beatmaps/BeatmapConversionTest.cs:line 50
   at osu.Game.Rulesets.Catch.Tests.CatchBeatmapConversionTest.Test(String name, Type[] mods) in /app/osu.Game.Rulesets.Catch.Tests/CatchBeatmapConversionTest.cs:line 58
   at InvokeStub_CatchBeatmapConversionTest.Test(Object, Span`1)

430)    at osu.Game.Tests.Beatmaps.BeatmapConversionTest`2.<>c__DisplayClass4_1.<Test>b__2() in /app/osu.Game/Tests/Beatmaps/BeatmapConversionTest.cs:line 98
   at NUnit.Framework.Assert.Multiple(TestDelegate testDelegate)
   at osu.Game.Tests.Beatmaps.BeatmapConversionTest`2.<>c__DisplayClass4_0.<Test>b__1() in /app/osu.Game/Tests/Beatmaps/BeatmapConversionTest.cs:line 77
   at NUnit.Framework.Assert.Multiple(TestDelegate testDelegate)
   at osu.Game.Tests.Beatmaps.BeatmapConversionTest`2.Test(String name, Type[] mods) in /app/osu.Game/Tests/Beatmaps/BeatmapConversionTest.cs:line 50
   at osu.Game.Rulesets.Catch.Tests.CatchBeatmapConversionTest.Test(String name, Type[] mods) in /app/osu.Game.Rulesets.Catch.Tests/CatchBeatmapConversionTest.cs:line 58
   at InvokeStub_CatchBeatmapConversionTest.Test(Object, Span`1)

431)    at osu.Game.Tests.Beatmaps.BeatmapConversionTest`2.<>c__DisplayClass4_1.<Test>b__2() in /app/osu.Game/Tests/Beatmaps/BeatmapConversionTest.cs:line 98
   at NUnit.Framework.Assert.Multiple(TestDelegate testDelegate)
   at osu.Game.Tests.Beatmaps.BeatmapConversionTest`2.<>c__DisplayClass4_0.<Test>b__1() in /app/osu.Game/Tests/Beatmaps/BeatmapConversionTest.cs:line 77
   at NUnit.Framework.Assert.Multiple(TestDelegate testDelegate)
   at osu.Game.Tests.Beatmaps.BeatmapConversionTest`2.Test(String name, Type[] mods) in /app/osu.Game/Tests/Beatmaps/BeatmapConversionTest.cs:line 50
   at osu.Game.Rulesets.Catch.Tests.CatchBeatmapConversionTest.Test(String name, Type[] mods) in /app/osu.Game.Rulesets.Catch.Tests/CatchBeatmapConversionTest.cs:line 58
   at InvokeStub_CatchBeatmapConversionTest.Test(Object, Span`1)

432)    at osu.Game.Tests.Beatmaps.BeatmapConversionTest`2.<>c__DisplayClass4_1.<Test>b__2() in /app/osu.Game/Tests/Beatmaps/BeatmapConversionTest.cs:line 98
   at NUnit.Framework.Assert.Multiple(TestDelegate testDelegate)
   at osu.Game.Tests.Beatmaps.BeatmapConversionTest`2.<>c__DisplayClass4_0.<Test>b__1() in /app/osu.Game/Tests/Beatmaps/BeatmapConversionTest.cs:line 77
   at NUnit.Framework.Assert.Multiple(TestDelegate testDelegate)
   at osu.Game.Tests.Beatmaps.BeatmapConversionTest`2.Test(String name, Type[] mods) in /app/osu.Game/Tests/Beatmaps/BeatmapConversionTest.cs:line 50
   at osu.Game.Rulesets.Catch.Tests.CatchBeatmapConversionTest.Test(String name, Type[] mods) in /app/osu.Game.Rulesets.Catch.Tests/CatchBeatmapConversionTest.cs:line 58
   at InvokeStub_CatchBeatmapConversionTest.Test(Object, Span`1)

433)    at osu.Game.Tests.Beatmaps.BeatmapConversionTest`2.<>c__DisplayClass4_1.<Test>b__2() in /app/osu.Game/Tests/Beatmaps/BeatmapConversionTest.cs:line 98
   at NUnit.Framework.Assert.Multiple(TestDelegate testDelegate)
   at osu.Game.Tests.Beatmaps.BeatmapConversionTest`2.<>c__DisplayClass4_0.<Test>b__1() in /app/osu.Game/Tests/Beatmaps/BeatmapConversionTest.cs:line 77
   at NUnit.Framework.Assert.Multiple(TestDelegate testDelegate)
   at osu.Game.Tests.Beatmaps.BeatmapConversionTest`2.Test(String name, Type[] mods) in /app/osu.Game/Tests/Beatmaps/BeatmapConversionTest.cs:line 50
   at osu.Game.Rulesets.Catch.Tests.CatchBeatmapConversionTest.Test(String name, Type[] mods) in /app/osu.Game.Rulesets.Catch.Tests/CatchBeatmapConversionTest.cs:line 58
   at InvokeStub_CatchBeatmapConversionTest.Test(Object, Span`1)

434)    at osu.Game.Tests.Beatmaps.BeatmapConversionTest`2.<>c__DisplayClass4_1.<Test>b__2() in /app/osu.Game/Tests/Beatmaps/BeatmapConversionTest.cs:line 98
   at NUnit.Framework.Assert.Multiple(TestDelegate testDelegate)
   at osu.Game.Tests.Beatmaps.BeatmapConversionTest`2.<>c__DisplayClass4_0.<Test>b__1() in /app/osu.Game/Tests/Beatmaps/BeatmapConversionTest.cs:line 77
   at NUnit.Framework.Assert.Multiple(TestDelegate testDelegate)
   at osu.Game.Tests.Beatmaps.BeatmapConversionTest`2.Test(String name, Type[] mods) in /app/osu.Game/Tests/Beatmaps/BeatmapConversionTest.cs:line 50
   at osu.Game.Rulesets.Catch.Tests.CatchBeatmapConversionTest.Test(String name, Type[] mods) in /app/osu.Game.Rulesets.Catch.Tests/CatchBeatmapConversionTest.cs:line 58
   at InvokeStub_CatchBeatmapConversionTest.Test(Object, Span`1)

435)    at osu.Game.Tests.Beatmaps.BeatmapConversionTest`2.<>c__DisplayClass4_1.<Test>b__2() in /app/osu.Game/Tests/Beatmaps/BeatmapConversionTest.cs:line 98
   at NUnit.Framework.Assert.Multiple(TestDelegate testDelegate)
   at osu.Game.Tests.Beatmaps.BeatmapConversionTest`2.<>c__DisplayClass4_0.<Test>b__1() in /app/osu.Game/Tests/Beatmaps/BeatmapConversionTest.cs:line 77
   at NUnit.Framework.Assert.Multiple(TestDelegate testDelegate)
   at osu.Game.Tests.Beatmaps.BeatmapConversionTest`2.Test(String name, Type[] mods) in /app/osu.Game/Tests/Beatmaps/BeatmapConversionTest.cs:line 50
   at osu.Game.Rulesets.Catch.Tests.CatchBeatmapConversionTest.Test(String name, Type[] mods) in /app/osu.Game.Rulesets.Catch.Tests/CatchBeatmapConversionTest.cs:line 58
   at InvokeStub_CatchBeatmapConversionTest.Test(Object, Span`1)

436)    at osu.Game.Tests.Beatmaps.BeatmapConversionTest`2.<>c__DisplayClass4_1.<Test>b__2() in /app/osu.Game/Tests/Beatmaps/BeatmapConversionTest.cs:line 98
   at NUnit.Framework.Assert.Multiple(TestDelegate testDelegate)
   at osu.Game.Tests.Beatmaps.BeatmapConversionTest`2.<>c__DisplayClass4_0.<Test>b__1() in /app/osu.Game/Tests/Beatmaps/BeatmapConversionTest.cs:line 77
   at NUnit.Framework.Assert.Multiple(TestDelegate testDelegate)
   at osu.Game.Tests.Beatmaps.BeatmapConversionTest`2.Test(String name, Type[] mods) in /app/osu.Game/Tests/Beatmaps/BeatmapConversionTest.cs:line 50
   at osu.Game.Rulesets.Catch.Tests.CatchBeatmapConversionTest.Test(String name, Type[] mods) in /app/osu.Game.Rulesets.Catch.Tests/CatchBeatmapConversionTest.cs:line 58
   at InvokeStub_CatchBeatmapConversionTest.Test(Object, Span`1)

437)    at osu.Game.Tests.Beatmaps.BeatmapConversionTest`2.<>c__DisplayClass4_1.<Test>b__2() in /app/osu.Game/Tests/Beatmaps/BeatmapConversionTest.cs:line 98
   at NUnit.Framework.Assert.Multiple(TestDelegate testDelegate)
   at osu.Game.Tests.Beatmaps.BeatmapConversionTest`2.<>c__DisplayClass4_0.<Test>b__1() in /app/osu.Game/Tests/Beatmaps/BeatmapConversionTest.cs:line 77
   at NUnit.Framework.Assert.Multiple(TestDelegate testDelegate)
   at osu.Game.Tests.Beatmaps.BeatmapConversionTest`2.Test(String name, Type[] mods) in /app/osu.Game/Tests/Beatmaps/BeatmapConversionTest.cs:line 50
   at osu.Game.Rulesets.Catch.Tests.CatchBeatmapConversionTest.Test(String name, Type[] mods) in /app/osu.Game.Rulesets.Catch.Tests/CatchBeatmapConversionTest.cs:line 58
   at InvokeStub_CatchBeatmapConversionTest.Test(Object, Span`1)

438)    at osu.Game.Tests.Beatmaps.BeatmapConversionTest`2.<>c__DisplayClass4_1.<Test>b__2() in /app/osu.Game/Tests/Beatmaps/BeatmapConversionTest.cs:line 98
   at NUnit.Framework.Assert.Multiple(TestDelegate testDelegate)
   at osu.Game.Tests.Beatmaps.BeatmapConversionTest`2.<>c__DisplayClass4_0.<Test>b__1() in /app/osu.Game/Tests/Beatmaps/BeatmapConversionTest.cs:line 77
   at NUnit.Framework.Assert.Multiple(TestDelegate testDelegate)
   at osu.Game.Tests.Beatmaps.BeatmapConversionTest`2.Test(String name, Type[] mods) in /app/osu.Game/Tests/Beatmaps/BeatmapConversionTest.cs:line 50
   at osu.Game.Rulesets.Catch.Tests.CatchBeatmapConversionTest.Test(String name, Type[] mods) in /app/osu.Game.Rulesets.Catch.Tests/CatchBeatmapConversionTest.cs:line 58
   at InvokeStub_CatchBeatmapConversionTest.Test(Object, Span`1)

439)    at osu.Game.Tests.Beatmaps.BeatmapConversionTest`2.<>c__DisplayClass4_1.<Test>b__2() in /app/osu.Game/Tests/Beatmaps/BeatmapConversionTest.cs:line 98
   at NUnit.Framework.Assert.Multiple(TestDelegate testDelegate)
   at osu.Game.Tests.Beatmaps.BeatmapConversionTest`2.<>c__DisplayClass4_0.<Test>b__1() in /app/osu.Game/Tests/Beatmaps/BeatmapConversionTest.cs:line 77
   at NUnit.Framework.Assert.Multiple(TestDelegate testDelegate)
   at osu.Game.Tests.Beatmaps.BeatmapConversionTest`2.Test(String name, Type[] mods) in /app/osu.Game/Tests/Beatmaps/BeatmapConversionTest.cs:line 50
   at osu.Game.Rulesets.Catch.Tests.CatchBeatmapConversionTest.Test(String name, Type[] mods) in /app/osu.Game.Rulesets.Catch.Tests/CatchBeatmapConversionTest.cs:line 58
   at InvokeStub_CatchBeatmapConversionTest.Test(Object, Span`1)

440)    at osu.Game.Tests.Beatmaps.BeatmapConversionTest`2.<>c__DisplayClass4_1.<Test>b__2() in /app/osu.Game/Tests/Beatmaps/BeatmapConversionTest.cs:line 98
   at NUnit.Framework.Assert.Multiple(TestDelegate testDelegate)
   at osu.Game.Tests.Beatmaps.BeatmapConversionTest`2.<>c__DisplayClass4_0.<Test>b__1() in /app/osu.Game/Tests/Beatmaps/BeatmapConversionTest.cs:line 77
   at NUnit.Framework.Assert.Multiple(TestDelegate testDelegate)
   at osu.Game.Tests.Beatmaps.BeatmapConversionTest`2.Test(String name, Type[] mods) in /app/osu.Game/Tests/Beatmaps/BeatmapConversionTest.cs:line 50
   at osu.Game.Rulesets.Catch.Tests.CatchBeatmapConversionTest.Test(String name, Type[] mods) in /app/osu.Game.Rulesets.Catch.Tests/CatchBeatmapConversionTest.cs:line 58
   at InvokeStub_CatchBeatmapConversionTest.Test(Object, Span`1)

441)    at osu.Game.Tests.Beatmaps.BeatmapConversionTest`2.<>c__DisplayClass4_1.<Test>b__2() in /app/osu.Game/Tests/Beatmaps/BeatmapConversionTest.cs:line 98
   at NUnit.Framework.Assert.Multiple(TestDelegate testDelegate)
   at osu.Game.Tests.Beatmaps.BeatmapConversionTest`2.<>c__DisplayClass4_0.<Test>b__1() in /app/osu.Game/Tests/Beatmaps/BeatmapConversionTest.cs:line 77
   at NUnit.Framework.Assert.Multiple(TestDelegate testDelegate)
   at osu.Game.Tests.Beatmaps.BeatmapConversionTest`2.Test(String name, Type[] mods) in /app/osu.Game/Tests/Beatmaps/BeatmapConversionTest.cs:line 50
   at osu.Game.Rulesets.Catch.Tests.CatchBeatmapConversionTest.Test(String name, Type[] mods) in /app/osu.Game.Rulesets.Catch.Tests/CatchBeatmapConversionTest.cs:line 58
   at InvokeStub_CatchBeatmapConversionTest.Test(Object, Span`1)

442)    at osu.Game.Tests.Beatmaps.BeatmapConversionTest`2.<>c__DisplayClass4_1.<Test>b__2() in /app/osu.Game/Tests/Beatmaps/BeatmapConversionTest.cs:line 98
   at NUnit.Framework.Assert.Multiple(TestDelegate testDelegate)
   at osu.Game.Tests.Beatmaps.BeatmapConversionTest`2.<>c__DisplayClass4_0.<Test>b__1() in /app/osu.Game/Tests/Beatmaps/BeatmapConversionTest.cs:line 77
   at NUnit.Framework.Assert.Multiple(TestDelegate testDelegate)
   at osu.Game.Tests.Beatmaps.BeatmapConversionTest`2.Test(String name, Type[] mods) in /app/osu.Game/Tests/Beatmaps/BeatmapConversionTest.cs:line 50
   at osu.Game.Rulesets.Catch.Tests.CatchBeatmapConversionTest.Test(String name, Type[] mods) in /app/osu.Game.Rulesets.Catch.Tests/CatchBeatmapConversionTest.cs:line 58
   at InvokeStub_CatchBeatmapConversionTest.Test(Object, Span`1)

443)    at osu.Game.Tests.Beatmaps.BeatmapConversionTest`2.<>c__DisplayClass4_1.<Test>b__2() in /app/osu.Game/Tests/Beatmaps/BeatmapConversionTest.cs:line 98
   at NUnit.Framework.Assert.Multiple(TestDelegate testDelegate)
   at osu.Game.Tests.Beatmaps.BeatmapConversionTest`2.<>c__DisplayClass4_0.<Test>b__1() in /app/osu.Game/Tests/Beatmaps/BeatmapConversionTest.cs:line 77
   at NUnit.Framework.Assert.Multiple(TestDelegate testDelegate)
   at osu.Game.Tests.Beatmaps.BeatmapConversionTest`2.Test(String name, Type[] mods) in /app/osu.Game/Tests/Beatmaps/BeatmapConversionTest.cs:line 50
   at osu.Game.Rulesets.Catch.Tests.CatchBeatmapConversionTest.Test(String name, Type[] mods) in /app/osu.Game.Rulesets.Catch.Tests/CatchBeatmapConversionTest.cs:line 58
   at InvokeStub_CatchBeatmapConversionTest.Test(Object, Span`1)

444)    at osu.Game.Tests.Beatmaps.BeatmapConversionTest`2.<>c__DisplayClass4_1.<Test>b__2() in /app/osu.Game/Tests/Beatmaps/BeatmapConversionTest.cs:line 98
   at NUnit.Framework.Assert.Multiple(TestDelegate testDelegate)
   at osu.Game.Tests.Beatmaps.BeatmapConversionTest`2.<>c__DisplayClass4_0.<Test>b__1() in /app/osu.Game/Tests/Beatmaps/BeatmapConversionTest.cs:line 77
   at NUnit.Framework.Assert.Multiple(TestDelegate testDelegate)
   at osu.Game.Tests.Beatmaps.BeatmapConversionTest`2.Test(String name, Type[] mods) in /app/osu.Game/Tests/Beatmaps/BeatmapConversionTest.cs:line 50
   at osu.Game.Rulesets.Catch.Tests.CatchBeatmapConversionTest.Test(String name, Type[] mods) in /app/osu.Game.Rulesets.Catch.Tests/CatchBeatmapConversionTest.cs:line 58
   at InvokeStub_CatchBeatmapConversionTest.Test(Object, Span`1)

445)    at osu.Game.Tests.Beatmaps.BeatmapConversionTest`2.<>c__DisplayClass4_1.<Test>b__2() in /app/osu.Game/Tests/Beatmaps/BeatmapConversionTest.cs:line 98
   at NUnit.Framework.Assert.Multiple(TestDelegate testDelegate)
   at osu.Game.Tests.Beatmaps.BeatmapConversionTest`2.<>c__DisplayClass4_0.<Test>b__1() in /app/osu.Game/Tests/Beatmaps/BeatmapConversionTest.cs:line 77
   at NUnit.Framework.Assert.Multiple(TestDelegate testDelegate)
   at osu.Game.Tests.Beatmaps.BeatmapConversionTest`2.Test(String name, Type[] mods) in /app/osu.Game/Tests/Beatmaps/BeatmapConversionTest.cs:line 50
   at osu.Game.Rulesets.Catch.Tests.CatchBeatmapConversionTest.Test(String name, Type[] mods) in /app/osu.Game.Rulesets.Catch.Tests/CatchBeatmapConversionTest.cs:line 58
   at InvokeStub_CatchBeatmapConversionTest.Test(Object, Span`1)

446)    at osu.Game.Tests.Beatmaps.BeatmapConversionTest`2.<>c__DisplayClass4_1.<Test>b__2() in /app/osu.Game/Tests/Beatmaps/BeatmapConversionTest.cs:line 98
   at NUnit.Framework.Assert.Multiple(TestDelegate testDelegate)
   at osu.Game.Tests.Beatmaps.BeatmapConversionTest`2.<>c__DisplayClass4_0.<Test>b__1() in /app/osu.Game/Tests/Beatmaps/BeatmapConversionTest.cs:line 77
   at NUnit.Framework.Assert.Multiple(TestDelegate testDelegate)
   at osu.Game.Tests.Beatmaps.BeatmapConversionTest`2.Test(String name, Type[] mods) in /app/osu.Game/Tests/Beatmaps/BeatmapConversionTest.cs:line 50
   at osu.Game.Rulesets.Catch.Tests.CatchBeatmapConversionTest.Test(String name, Type[] mods) in /app/osu.Game.Rulesets.Catch.Tests/CatchBeatmapConversionTest.cs:line 58
   at InvokeStub_CatchBeatmapConversionTest.Test(Object, Span`1)

447)    at osu.Game.Tests.Beatmaps.BeatmapConversionTest`2.<>c__DisplayClass4_1.<Test>b__2() in /app/osu.Game/Tests/Beatmaps/BeatmapConversionTest.cs:line 98
   at NUnit.Framework.Assert.Multiple(TestDelegate testDelegate)
   at osu.Game.Tests.Beatmaps.BeatmapConversionTest`2.<>c__DisplayClass4_0.<Test>b__1() in /app/osu.Game/Tests/Beatmaps/BeatmapConversionTest.cs:line 77
   at NUnit.Framework.Assert.Multiple(TestDelegate testDelegate)
   at osu.Game.Tests.Beatmaps.BeatmapConversionTest`2.Test(String name, Type[] mods) in /app/osu.Game/Tests/Beatmaps/BeatmapConversionTest.cs:line 50
   at osu.Game.Rulesets.Catch.Tests.CatchBeatmapConversionTest.Test(String name, Type[] mods) in /app/osu.Game.Rulesets.Catch.Tests/CatchBeatmapConversionTest.cs:line 58
   at InvokeStub_CatchBeatmapConversionTest.Test(Object, Span`1)

448)    at osu.Game.Tests.Beatmaps.BeatmapConversionTest`2.<>c__DisplayClass4_1.<Test>b__2() in /app/osu.Game/Tests/Beatmaps/BeatmapConversionTest.cs:line 98
   at NUnit.Framework.Assert.Multiple(TestDelegate testDelegate)
   at osu.Game.Tests.Beatmaps.BeatmapConversionTest`2.<>c__DisplayClass4_0.<Test>b__1() in /app/osu.Game/Tests/Beatmaps/BeatmapConversionTest.cs:line 77
   at NUnit.Framework.Assert.Multiple(TestDelegate testDelegate)
   at osu.Game.Tests.Beatmaps.BeatmapConversionTest`2.Test(String name, Type[] mods) in /app/osu.Game/Tests/Beatmaps/BeatmapConversionTest.cs:line 50
   at osu.Game.Rulesets.Catch.Tests.CatchBeatmapConversionTest.Test(String name, Type[] mods) in /app/osu.Game.Rulesets.Catch.Tests/CatchBeatmapConversionTest.cs:line 58
   at InvokeStub_CatchBeatmapConversionTest.Test(Object, Span`1)

449)    at osu.Game.Tests.Beatmaps.BeatmapConversionTest`2.<>c__DisplayClass4_1.<Test>b__2() in /app/osu.Game/Tests/Beatmaps/BeatmapConversionTest.cs:line 98
   at NUnit.Framework.Assert.Multiple(TestDelegate testDelegate)
   at osu.Game.Tests.Beatmaps.BeatmapConversionTest`2.<>c__DisplayClass4_0.<Test>b__1() in /app/osu.Game/Tests/Beatmaps/BeatmapConversionTest.cs:line 77
   at NUnit.Framework.Assert.Multiple(TestDelegate testDelegate)
   at osu.Game.Tests.Beatmaps.BeatmapConversionTest`2.Test(String name, Type[] mods) in /app/osu.Game/Tests/Beatmaps/BeatmapConversionTest.cs:line 50
   at osu.Game.Rulesets.Catch.Tests.CatchBeatmapConversionTest.Test(String name, Type[] mods) in /app/osu.Game.Rulesets.Catch.Tests/CatchBeatmapConversionTest.cs:line 58
   at InvokeStub_CatchBeatmapConversionTest.Test(Object, Span`1)

450)    at osu.Game.Tests.Beatmaps.BeatmapConversionTest`2.<>c__DisplayClass4_1.<Test>b__2() in /app/osu.Game/Tests/Beatmaps/BeatmapConversionTest.cs:line 98
   at NUnit.Framework.Assert.Multiple(TestDelegate testDelegate)
   at osu.Game.Tests.Beatmaps.BeatmapConversionTest`2.<>c__DisplayClass4_0.<Test>b__1() in /app/osu.Game/Tests/Beatmaps/BeatmapConversionTest.cs:line 77
   at NUnit.Framework.Assert.Multiple(TestDelegate testDelegate)
   at osu.Game.Tests.Beatmaps.BeatmapConversionTest`2.Test(String name, Type[] mods) in /app/osu.Game/Tests/Beatmaps/BeatmapConversionTest.cs:line 50
   at osu.Game.Rulesets.Catch.Tests.CatchBeatmapConversionTest.Test(String name, Type[] mods) in /app/osu.Game.Rulesets.Catch.Tests/CatchBeatmapConversionTest.cs:line 58
   at InvokeStub_CatchBeatmapConversionTest.Test(Object, Span`1)

451)    at osu.Game.Tests.Beatmaps.BeatmapConversionTest`2.<>c__DisplayClass4_1.<Test>b__2() in /app/osu.Game/Tests/Beatmaps/BeatmapConversionTest.cs:line 98
   at NUnit.Framework.Assert.Multiple(TestDelegate testDelegate)
   at osu.Game.Tests.Beatmaps.BeatmapConversionTest`2.<>c__DisplayClass4_0.<Test>b__1() in /app/osu.Game/Tests/Beatmaps/BeatmapConversionTest.cs:line 77
   at NUnit.Framework.Assert.Multiple(TestDelegate testDelegate)
   at osu.Game.Tests.Beatmaps.BeatmapConversionTest`2.Test(String name, Type[] mods) in /app/osu.Game/Tests/Beatmaps/BeatmapConversionTest.cs:line 50
   at osu.Game.Rulesets.Catch.Tests.CatchBeatmapConversionTest.Test(String name, Type[] mods) in /app/osu.Game.Rulesets.Catch.Tests/CatchBeatmapConversionTest.cs:line 58
   at InvokeStub_CatchBeatmapConversionTest.Test(Object, Span`1)

452)    at osu.Game.Tests.Beatmaps.BeatmapConversionTest`2.<>c__DisplayClass4_1.<Test>b__2() in /app/osu.Game/Tests/Beatmaps/BeatmapConversionTest.cs:line 98
   at NUnit.Framework.Assert.Multiple(TestDelegate testDelegate)
   at osu.Game.Tests.Beatmaps.BeatmapConversionTest`2.<>c__DisplayClass4_0.<Test>b__1() in /app/osu.Game/Tests/Beatmaps/BeatmapConversionTest.cs:line 77
   at NUnit.Framework.Assert.Multiple(TestDelegate testDelegate)
   at osu.Game.Tests.Beatmaps.BeatmapConversionTest`2.Test(String name, Type[] mods) in /app/osu.Game/Tests/Beatmaps/BeatmapConversionTest.cs:line 50
   at osu.Game.Rulesets.Catch.Tests.CatchBeatmapConversionTest.Test(String name, Type[] mods) in /app/osu.Game.Rulesets.Catch.Tests/CatchBeatmapConversionTest.cs:line 58
   at InvokeStub_CatchBeatmapConversionTest.Test(Object, Span`1)

453)    at osu.Game.Tests.Beatmaps.BeatmapConversionTest`2.<>c__DisplayClass4_1.<Test>b__2() in /app/osu.Game/Tests/Beatmaps/BeatmapConversionTest.cs:line 98
   at NUnit.Framework.Assert.Multiple(TestDelegate testDelegate)
   at osu.Game.Tests.Beatmaps.BeatmapConversionTest`2.<>c__DisplayClass4_0.<Test>b__1() in /app/osu.Game/Tests/Beatmaps/BeatmapConversionTest.cs:line 77
   at NUnit.Framework.Assert.Multiple(TestDelegate testDelegate)
   at osu.Game.Tests.Beatmaps.BeatmapConversionTest`2.Test(String name, Type[] mods) in /app/osu.Game/Tests/Beatmaps/BeatmapConversionTest.cs:line 50
   at osu.Game.Rulesets.Catch.Tests.CatchBeatmapConversionTest.Test(String name, Type[] mods) in /app/osu.Game.Rulesets.Catch.Tests/CatchBeatmapConversionTest.cs:line 58
   at InvokeStub_CatchBeatmapConversionTest.Test(Object, Span`1)

454)    at osu.Game.Tests.Beatmaps.BeatmapConversionTest`2.<>c__DisplayClass4_1.<Test>b__2() in /app/osu.Game/Tests/Beatmaps/BeatmapConversionTest.cs:line 98
   at NUnit.Framework.Assert.Multiple(TestDelegate testDelegate)
   at osu.Game.Tests.Beatmaps.BeatmapConversionTest`2.<>c__DisplayClass4_0.<Test>b__1() in /app/osu.Game/Tests/Beatmaps/BeatmapConversionTest.cs:line 77
   at NUnit.Framework.Assert.Multiple(TestDelegate testDelegate)
   at osu.Game.Tests.Beatmaps.BeatmapConversionTest`2.Test(String name, Type[] mods) in /app/osu.Game/Tests/Beatmaps/BeatmapConversionTest.cs:line 50
   at osu.Game.Rulesets.Catch.Tests.CatchBeatmapConversionTest.Test(String name, Type[] mods) in /app/osu.Game.Rulesets.Catch.Tests/CatchBeatmapConversionTest.cs:line 58
   at InvokeStub_CatchBeatmapConversionTest.Test(Object, Span`1)

455)    at osu.Game.Tests.Beatmaps.BeatmapConversionTest`2.<>c__DisplayClass4_1.<Test>b__2() in /app/osu.Game/Tests/Beatmaps/BeatmapConversionTest.cs:line 98
   at NUnit.Framework.Assert.Multiple(TestDelegate testDelegate)
   at osu.Game.Tests.Beatmaps.BeatmapConversionTest`2.<>c__DisplayClass4_0.<Test>b__1() in /app/osu.Game/Tests/Beatmaps/BeatmapConversionTest.cs:line 77
   at NUnit.Framework.Assert.Multiple(TestDelegate testDelegate)
   at osu.Game.Tests.Beatmaps.BeatmapConversionTest`2.Test(String name, Type[] mods) in /app/osu.Game/Tests/Beatmaps/BeatmapConversionTest.cs:line 50
   at osu.Game.Rulesets.Catch.Tests.CatchBeatmapConversionTest.Test(String name, Type[] mods) in /app/osu.Game.Rulesets.Catch.Tests/CatchBeatmapConversionTest.cs:line 58
   at InvokeStub_CatchBeatmapConversionTest.Test(Object, Span`1)

456)    at osu.Game.Tests.Beatmaps.BeatmapConversionTest`2.<>c__DisplayClass4_1.<Test>b__2() in /app/osu.Game/Tests/Beatmaps/BeatmapConversionTest.cs:line 98
   at NUnit.Framework.Assert.Multiple(TestDelegate testDelegate)
   at osu.Game.Tests.Beatmaps.BeatmapConversionTest`2.<>c__DisplayClass4_0.<Test>b__1() in /app/osu.Game/Tests/Beatmaps/BeatmapConversionTest.cs:line 77
   at NUnit.Framework.Assert.Multiple(TestDelegate testDelegate)
   at osu.Game.Tests.Beatmaps.BeatmapConversionTest`2.Test(String name, Type[] mods) in /app/osu.Game/Tests/Beatmaps/BeatmapConversionTest.cs:line 50
   at osu.Game.Rulesets.Catch.Tests.CatchBeatmapConversionTest.Test(String name, Type[] mods) in /app/osu.Game.Rulesets.Catch.Tests/CatchBeatmapConversionTest.cs:line 58
   at InvokeStub_CatchBeatmapConversionTest.Test(Object, Span`1)

457)    at osu.Game.Tests.Beatmaps.BeatmapConversionTest`2.<>c__DisplayClass4_1.<Test>b__2() in /app/osu.Game/Tests/Beatmaps/BeatmapConversionTest.cs:line 98
   at NUnit.Framework.Assert.Multiple(TestDelegate testDelegate)
   at osu.Game.Tests.Beatmaps.BeatmapConversionTest`2.<>c__DisplayClass4_0.<Test>b__1() in /app/osu.Game/Tests/Beatmaps/BeatmapConversionTest.cs:line 77
   at NUnit.Framework.Assert.Multiple(TestDelegate testDelegate)
   at osu.Game.Tests.Beatmaps.BeatmapConversionTest`2.Test(String name, Type[] mods) in /app/osu.Game/Tests/Beatmaps/BeatmapConversionTest.cs:line 50
   at osu.Game.Rulesets.Catch.Tests.CatchBeatmapConversionTest.Test(String name, Type[] mods) in /app/osu.Game.Rulesets.Catch.Tests/CatchBeatmapConversionTest.cs:line 58
   at InvokeStub_CatchBeatmapConversionTest.Test(Object, Span`1)

458)    at osu.Game.Tests.Beatmaps.BeatmapConversionTest`2.<>c__DisplayClass4_1.<Test>b__2() in /app/osu.Game/Tests/Beatmaps/BeatmapConversionTest.cs:line 98
   at NUnit.Framework.Assert.Multiple(TestDelegate testDelegate)
   at osu.Game.Tests.Beatmaps.BeatmapConversionTest`2.<>c__DisplayClass4_0.<Test>b__1() in /app/osu.Game/Tests/Beatmaps/BeatmapConversionTest.cs:line 77
   at NUnit.Framework.Assert.Multiple(TestDelegate testDelegate)
   at osu.Game.Tests.Beatmaps.BeatmapConversionTest`2.Test(String name, Type[] mods) in /app/osu.Game/Tests/Beatmaps/BeatmapConversionTest.cs:line 50
   at osu.Game.Rulesets.Catch.Tests.CatchBeatmapConversionTest.Test(String name, Type[] mods) in /app/osu.Game.Rulesets.Catch.Tests/CatchBeatmapConversionTest.cs:line 58
   at InvokeStub_CatchBeatmapConversionTest.Test(Object, Span`1)

459)    at osu.Game.Tests.Beatmaps.BeatmapConversionTest`2.<>c__DisplayClass4_1.<Test>b__2() in /app/osu.Game/Tests/Beatmaps/BeatmapConversionTest.cs:line 98
   at NUnit.Framework.Assert.Multiple(TestDelegate testDelegate)
   at osu.Game.Tests.Beatmaps.BeatmapConversionTest`2.<>c__DisplayClass4_0.<Test>b__1() in /app/osu.Game/Tests/Beatmaps/BeatmapConversionTest.cs:line 77
   at NUnit.Framework.Assert.Multiple(TestDelegate testDelegate)
   at osu.Game.Tests.Beatmaps.BeatmapConversionTest`2.Test(String name, Type[] mods) in /app/osu.Game/Tests/Beatmaps/BeatmapConversionTest.cs:line 50
   at osu.Game.Rulesets.Catch.Tests.CatchBeatmapConversionTest.Test(String name, Type[] mods) in /app/osu.Game.Rulesets.Catch.Tests/CatchBeatmapConversionTest.cs:line 58
   at InvokeStub_CatchBeatmapConversionTest.Test(Object, Span`1)

460)    at osu.Game.Tests.Beatmaps.BeatmapConversionTest`2.<>c__DisplayClass4_1.<Test>b__2() in /app/osu.Game/Tests/Beatmaps/BeatmapConversionTest.cs:line 98
   at NUnit.Framework.Assert.Multiple(TestDelegate testDelegate)
   at osu.Game.Tests.Beatmaps.BeatmapConversionTest`2.<>c__DisplayClass4_0.<Test>b__1() in /app/osu.Game/Tests/Beatmaps/BeatmapConversionTest.cs:line 77
   at NUnit.Framework.Assert.Multiple(TestDelegate testDelegate)
   at osu.Game.Tests.Beatmaps.BeatmapConversionTest`2.Test(String name, Type[] mods) in /app/osu.Game/Tests/Beatmaps/BeatmapConversionTest.cs:line 50
   at osu.Game.Rulesets.Catch.Tests.CatchBeatmapConversionTest.Test(String name, Type[] mods) in /app/osu.Game.Rulesets.Catch.Tests/CatchBeatmapConversionTest.cs:line 58
   at InvokeStub_CatchBeatmapConversionTest.Test(Object, Span`1)

461)    at osu.Game.Tests.Beatmaps.BeatmapConversionTest`2.<>c__DisplayClass4_1.<Test>b__2() in /app/osu.Game/Tests/Beatmaps/BeatmapConversionTest.cs:line 98
   at NUnit.Framework.Assert.Multiple(TestDelegate testDelegate)
   at osu.Game.Tests.Beatmaps.BeatmapConversionTest`2.<>c__DisplayClass4_0.<Test>b__1() in /app/osu.Game/Tests/Beatmaps/BeatmapConversionTest.cs:line 77
   at NUnit.Framework.Assert.Multiple(TestDelegate testDelegate)
   at osu.Game.Tests.Beatmaps.BeatmapConversionTest`2.Test(String name, Type[] mods) in /app/osu.Game/Tests/Beatmaps/BeatmapConversionTest.cs:line 50
   at osu.Game.Rulesets.Catch.Tests.CatchBeatmapConversionTest.Test(String name, Type[] mods) in /app/osu.Game.Rulesets.Catch.Tests/CatchBeatmapConversionTest.cs:line 58
   at InvokeStub_CatchBeatmapConversionTest.Test(Object, Span`1)

462)    at osu.Game.Tests.Beatmaps.BeatmapConversionTest`2.<>c__DisplayClass4_1.<Test>b__2() in /app/osu.Game/Tests/Beatmaps/BeatmapConversionTest.cs:line 98
   at NUnit.Framework.Assert.Multiple(TestDelegate testDelegate)
   at osu.Game.Tests.Beatmaps.BeatmapConversionTest`2.<>c__DisplayClass4_0.<Test>b__1() in /app/osu.Game/Tests/Beatmaps/BeatmapConversionTest.cs:line 77
   at NUnit.Framework.Assert.Multiple(TestDelegate testDelegate)
   at osu.Game.Tests.Beatmaps.BeatmapConversionTest`2.Test(String name, Type[] mods) in /app/osu.Game/Tests/Beatmaps/BeatmapConversionTest.cs:line 50
   at osu.Game.Rulesets.Catch.Tests.CatchBeatmapConversionTest.Test(String name, Type[] mods) in /app/osu.Game.Rulesets.Catch.Tests/CatchBeatmapConversionTest.cs:line 58
   at InvokeStub_CatchBeatmapConversionTest.Test(Object, Span`1)

463)    at osu.Game.Tests.Beatmaps.BeatmapConversionTest`2.<>c__DisplayClass4_1.<Test>b__2() in /app/osu.Game/Tests/Beatmaps/BeatmapConversionTest.cs:line 98
   at NUnit.Framework.Assert.Multiple(TestDelegate testDelegate)
   at osu.Game.Tests.Beatmaps.BeatmapConversionTest`2.<>c__DisplayClass4_0.<Test>b__1() in /app/osu.Game/Tests/Beatmaps/BeatmapConversionTest.cs:line 77
   at NUnit.Framework.Assert.Multiple(TestDelegate testDelegate)
   at osu.Game.Tests.Beatmaps.BeatmapConversionTest`2.Test(String name, Type[] mods) in /app/osu.Game/Tests/Beatmaps/BeatmapConversionTest.cs:line 50
   at osu.Game.Rulesets.Catch.Tests.CatchBeatmapConversionTest.Test(String name, Type[] mods) in /app/osu.Game.Rulesets.Catch.Tests/CatchBeatmapConversionTest.cs:line 58
   at InvokeStub_CatchBeatmapConversionTest.Test(Object, Span`1)

464)    at osu.Game.Tests.Beatmaps.BeatmapConversionTest`2.<>c__DisplayClass4_1.<Test>b__2() in /app/osu.Game/Tests/Beatmaps/BeatmapConversionTest.cs:line 98
   at NUnit.Framework.Assert.Multiple(TestDelegate testDelegate)
   at osu.Game.Tests.Beatmaps.BeatmapConversionTest`2.<>c__DisplayClass4_0.<Test>b__1() in /app/osu.Game/Tests/Beatmaps/BeatmapConversionTest.cs:line 77
   at NUnit.Framework.Assert.Multiple(TestDelegate testDelegate)
   at osu.Game.Tests.Beatmaps.BeatmapConversionTest`2.Test(String name, Type[] mods) in /app/osu.Game/Tests/Beatmaps/BeatmapConversionTest.cs:line 50
   at osu.Game.Rulesets.Catch.Tests.CatchBeatmapConversionTest.Test(String name, Type[] mods) in /app/osu.Game.Rulesets.Catch.Tests/CatchBeatmapConversionTest.cs:line 58
   at InvokeStub_CatchBeatmapConversionTest.Test(Object, Span`1)

465)    at osu.Game.Tests.Beatmaps.BeatmapConversionTest`2.<>c__DisplayClass4_1.<Test>b__2() in /app/osu.Game/Tests/Beatmaps/BeatmapConversionTest.cs:line 98
   at NUnit.Framework.Assert.Multiple(TestDelegate testDelegate)
   at osu.Game.Tests.Beatmaps.BeatmapConversionTest`2.<>c__DisplayClass4_0.<Test>b__1() in /app/osu.Game/Tests/Beatmaps/BeatmapConversionTest.cs:line 77
   at NUnit.Framework.Assert.Multiple(TestDelegate testDelegate)
   at osu.Game.Tests.Beatmaps.BeatmapConversionTest`2.Test(String name, Type[] mods) in /app/osu.Game/Tests/Beatmaps/BeatmapConversionTest.cs:line 50
   at osu.Game.Rulesets.Catch.Tests.CatchBeatmapConversionTest.Test(String name, Type[] mods) in /app/osu.Game.Rulesets.Catch.Tests/CatchBeatmapConversionTest.cs:line 58
   at InvokeStub_CatchBeatmapConversionTest.Test(Object, Span`1)

466)    at osu.Game.Tests.Beatmaps.BeatmapConversionTest`2.<>c__DisplayClass4_1.<Test>b__2() in /app/osu.Game/Tests/Beatmaps/BeatmapConversionTest.cs:line 98
   at NUnit.Framework.Assert.Multiple(TestDelegate testDelegate)
   at osu.Game.Tests.Beatmaps.BeatmapConversionTest`2.<>c__DisplayClass4_0.<Test>b__1() in /app/osu.Game/Tests/Beatmaps/BeatmapConversionTest.cs:line 77
   at NUnit.Framework.Assert.Multiple(TestDelegate testDelegate)
   at osu.Game.Tests.Beatmaps.BeatmapConversionTest`2.Test(String name, Type[] mods) in /app/osu.Game/Tests/Beatmaps/BeatmapConversionTest.cs:line 50
   at osu.Game.Rulesets.Catch.Tests.CatchBeatmapConversionTest.Test(String name, Type[] mods) in /app/osu.Game.Rulesets.Catch.Tests/CatchBeatmapConversionTest.cs:line 58
   at InvokeStub_CatchBeatmapConversionTest.Test(Object, Span`1)

467)    at osu.Game.Tests.Beatmaps.BeatmapConversionTest`2.<>c__DisplayClass4_1.<Test>b__2() in /app/osu.Game/Tests/Beatmaps/BeatmapConversionTest.cs:line 98
   at NUnit.Framework.Assert.Multiple(TestDelegate testDelegate)
   at osu.Game.Tests.Beatmaps.BeatmapConversionTest`2.<>c__DisplayClass4_0.<Test>b__1() in /app/osu.Game/Tests/Beatmaps/BeatmapConversionTest.cs:line 77
   at NUnit.Framework.Assert.Multiple(TestDelegate testDelegate)
   at osu.Game.Tests.Beatmaps.BeatmapConversionTest`2.Test(String name, Type[] mods) in /app/osu.Game/Tests/Beatmaps/BeatmapConversionTest.cs:line 50
   at osu.Game.Rulesets.Catch.Tests.CatchBeatmapConversionTest.Test(String name, Type[] mods) in /app/osu.Game.Rulesets.Catch.Tests/CatchBeatmapConversionTest.cs:line 58
   at InvokeStub_CatchBeatmapConversionTest.Test(Object, Span`1)

468)    at osu.Game.Tests.Beatmaps.BeatmapConversionTest`2.<>c__DisplayClass4_1.<Test>b__2() in /app/osu.Game/Tests/Beatmaps/BeatmapConversionTest.cs:line 98
   at NUnit.Framework.Assert.Multiple(TestDelegate testDelegate)
   at osu.Game.Tests.Beatmaps.BeatmapConversionTest`2.<>c__DisplayClass4_0.<Test>b__1() in /app/osu.Game/Tests/Beatmaps/BeatmapConversionTest.cs:line 77
   at NUnit.Framework.Assert.Multiple(TestDelegate testDelegate)
   at osu.Game.Tests.Beatmaps.BeatmapConversionTest`2.Test(String name, Type[] mods) in /app/osu.Game/Tests/Beatmaps/BeatmapConversionTest.cs:line 50
   at osu.Game.Rulesets.Catch.Tests.CatchBeatmapConversionTest.Test(String name, Type[] mods) in /app/osu.Game.Rulesets.Catch.Tests/CatchBeatmapConversionTest.cs:line 58
   at InvokeStub_CatchBeatmapConversionTest.Test(Object, Span`1)

469)    at osu.Game.Tests.Beatmaps.BeatmapConversionTest`2.<>c__DisplayClass4_1.<Test>b__2() in /app/osu.Game/Tests/Beatmaps/BeatmapConversionTest.cs:line 98
   at NUnit.Framework.Assert.Multiple(TestDelegate testDelegate)
   at osu.Game.Tests.Beatmaps.BeatmapConversionTest`2.<>c__DisplayClass4_0.<Test>b__1() in /app/osu.Game/Tests/Beatmaps/BeatmapConversionTest.cs:line 77
   at NUnit.Framework.Assert.Multiple(TestDelegate testDelegate)
   at osu.Game.Tests.Beatmaps.BeatmapConversionTest`2.Test(String name, Type[] mods) in /app/osu.Game/Tests/Beatmaps/BeatmapConversionTest.cs:line 50
   at osu.Game.Rulesets.Catch.Tests.CatchBeatmapConversionTest.Test(String name, Type[] mods) in /app/osu.Game.Rulesets.Catch.Tests/CatchBeatmapConversionTest.cs:line 58
   at InvokeStub_CatchBeatmapConversionTest.Test(Object, Span`1)

470)    at osu.Game.Tests.Beatmaps.BeatmapConversionTest`2.<>c__DisplayClass4_1.<Test>b__2() in /app/osu.Game/Tests/Beatmaps/BeatmapConversionTest.cs:line 98
   at NUnit.Framework.Assert.Multiple(TestDelegate testDelegate)
   at osu.Game.Tests.Beatmaps.BeatmapConversionTest`2.<>c__DisplayClass4_0.<Test>b__1() in /app/osu.Game/Tests/Beatmaps/BeatmapConversionTest.cs:line 77
   at NUnit.Framework.Assert.Multiple(TestDelegate testDelegate)
   at osu.Game.Tests.Beatmaps.BeatmapConversionTest`2.Test(String name, Type[] mods) in /app/osu.Game/Tests/Beatmaps/BeatmapConversionTest.cs:line 50
   at osu.Game.Rulesets.Catch.Tests.CatchBeatmapConversionTest.Test(String name, Type[] mods) in /app/osu.Game.Rulesets.Catch.Tests/CatchBeatmapConversionTest.cs:line 58
   at InvokeStub_CatchBeatmapConversionTest.Test(Object, Span`1)

471)    at osu.Game.Tests.Beatmaps.BeatmapConversionTest`2.<>c__DisplayClass4_1.<Test>b__2() in /app/osu.Game/Tests/Beatmaps/BeatmapConversionTest.cs:line 98
   at NUnit.Framework.Assert.Multiple(TestDelegate testDelegate)
   at osu.Game.Tests.Beatmaps.BeatmapConversionTest`2.<>c__DisplayClass4_0.<Test>b__1() in /app/osu.Game/Tests/Beatmaps/BeatmapConversionTest.cs:line 77
   at NUnit.Framework.Assert.Multiple(TestDelegate testDelegate)
   at osu.Game.Tests.Beatmaps.BeatmapConversionTest`2.Test(String name, Type[] mods) in /app/osu.Game/Tests/Beatmaps/BeatmapConversionTest.cs:line 50
   at osu.Game.Rulesets.Catch.Tests.CatchBeatmapConversionTest.Test(String name, Type[] mods) in /app/osu.Game.Rulesets.Catch.Tests/CatchBeatmapConversionTest.cs:line 58
   at InvokeStub_CatchBeatmapConversionTest.Test(Object, Span`1)

472)    at osu.Game.Tests.Beatmaps.BeatmapConversionTest`2.<>c__DisplayClass4_1.<Test>b__2() in /app/osu.Game/Tests/Beatmaps/BeatmapConversionTest.cs:line 98
   at NUnit.Framework.Assert.Multiple(TestDelegate testDelegate)
   at osu.Game.Tests.Beatmaps.BeatmapConversionTest`2.<>c__DisplayClass4_0.<Test>b__1() in /app/osu.Game/Tests/Beatmaps/BeatmapConversionTest.cs:line 77
   at NUnit.Framework.Assert.Multiple(TestDelegate testDelegate)
   at osu.Game.Tests.Beatmaps.BeatmapConversionTest`2.Test(String name, Type[] mods) in /app/osu.Game/Tests/Beatmaps/BeatmapConversionTest.cs:line 50
   at osu.Game.Rulesets.Catch.Tests.CatchBeatmapConversionTest.Test(String name, Type[] mods) in /app/osu.Game.Rulesets.Catch.Tests/CatchBeatmapConversionTest.cs:line 58
   at InvokeStub_CatchBeatmapConversionTest.Test(Object, Span`1)

473)    at osu.Game.Tests.Beatmaps.BeatmapConversionTest`2.<>c__DisplayClass4_1.<Test>b__2() in /app/osu.Game/Tests/Beatmaps/BeatmapConversionTest.cs:line 98
   at NUnit.Framework.Assert.Multiple(TestDelegate testDelegate)
   at osu.Game.Tests.Beatmaps.BeatmapConversionTest`2.<>c__DisplayClass4_0.<Test>b__1() in /app/osu.Game/Tests/Beatmaps/BeatmapConversionTest.cs:line 77
   at NUnit.Framework.Assert.Multiple(TestDelegate testDelegate)
   at osu.Game.Tests.Beatmaps.BeatmapConversionTest`2.Test(String name, Type[] mods) in /app/osu.Game/Tests/Beatmaps/BeatmapConversionTest.cs:line 50
   at osu.Game.Rulesets.Catch.Tests.CatchBeatmapConversionTest.Test(String name, Type[] mods) in /app/osu.Game.Rulesets.Catch.Tests/CatchBeatmapConversionTest.cs:line 58
   at InvokeStub_CatchBeatmapConversionTest.Test(Object, Span`1)

474)    at osu.Game.Tests.Beatmaps.BeatmapConversionTest`2.<>c__DisplayClass4_1.<Test>b__2() in /app/osu.Game/Tests/Beatmaps/BeatmapConversionTest.cs:line 98
   at NUnit.Framework.Assert.Multiple(TestDelegate testDelegate)
   at osu.Game.Tests.Beatmaps.BeatmapConversionTest`2.<>c__DisplayClass4_0.<Test>b__1() in /app/osu.Game/Tests/Beatmaps/BeatmapConversionTest.cs:line 77
   at NUnit.Framework.Assert.Multiple(TestDelegate testDelegate)
   at osu.Game.Tests.Beatmaps.BeatmapConversionTest`2.Test(String name, Type[] mods) in /app/osu.Game/Tests/Beatmaps/BeatmapConversionTest.cs:line 50
   at osu.Game.Rulesets.Catch.Tests.CatchBeatmapConversionTest.Test(String name, Type[] mods) in /app/osu.Game.Rulesets.Catch.Tests/CatchBeatmapConversionTest.cs:line 58
   at InvokeStub_CatchBeatmapConversionTest.Test(Object, Span`1)

475)    at osu.Game.Tests.Beatmaps.BeatmapConversionTest`2.<>c__DisplayClass4_1.<Test>b__2() in /app/osu.Game/Tests/Beatmaps/BeatmapConversionTest.cs:line 98
   at NUnit.Framework.Assert.Multiple(TestDelegate testDelegate)
   at osu.Game.Tests.Beatmaps.BeatmapConversionTest`2.<>c__DisplayClass4_0.<Test>b__1() in /app/osu.Game/Tests/Beatmaps/BeatmapConversionTest.cs:line 77
   at NUnit.Framework.Assert.Multiple(TestDelegate testDelegate)
   at osu.Game.Tests.Beatmaps.BeatmapConversionTest`2.Test(String name, Type[] mods) in /app/osu.Game/Tests/Beatmaps/BeatmapConversionTest.cs:line 50
   at osu.Game.Rulesets.Catch.Tests.CatchBeatmapConversionTest.Test(String name, Type[] mods) in /app/osu.Game.Rulesets.Catch.Tests/CatchBeatmapConversionTest.cs:line 58
   at InvokeStub_CatchBeatmapConversionTest.Test(Object, Span`1)

476)    at osu.Game.Tests.Beatmaps.BeatmapConversionTest`2.<>c__DisplayClass4_1.<Test>b__2() in /app/osu.Game/Tests/Beatmaps/BeatmapConversionTest.cs:line 98
   at NUnit.Framework.Assert.Multiple(TestDelegate testDelegate)
   at osu.Game.Tests.Beatmaps.BeatmapConversionTest`2.<>c__DisplayClass4_0.<Test>b__1() in /app/osu.Game/Tests/Beatmaps/BeatmapConversionTest.cs:line 77
   at NUnit.Framework.Assert.Multiple(TestDelegate testDelegate)
   at osu.Game.Tests.Beatmaps.BeatmapConversionTest`2.Test(String name, Type[] mods) in /app/osu.Game/Tests/Beatmaps/BeatmapConversionTest.cs:line 50
   at osu.Game.Rulesets.Catch.Tests.CatchBeatmapConversionTest.Test(String name, Type[] mods) in /app/osu.Game.Rulesets.Catch.Tests/CatchBeatmapConversionTest.cs:line 58
   at InvokeStub_CatchBeatmapConversionTest.Test(Object, Span`1)

477)    at osu.Game.Tests.Beatmaps.BeatmapConversionTest`2.<>c__DisplayClass4_1.<Test>b__2() in /app/osu.Game/Tests/Beatmaps/BeatmapConversionTest.cs:line 98
   at NUnit.Framework.Assert.Multiple(TestDelegate testDelegate)
   at osu.Game.Tests.Beatmaps.BeatmapConversionTest`2.<>c__DisplayClass4_0.<Test>b__1() in /app/osu.Game/Tests/Beatmaps/BeatmapConversionTest.cs:line 77
   at NUnit.Framework.Assert.Multiple(TestDelegate testDelegate)
   at osu.Game.Tests.Beatmaps.BeatmapConversionTest`2.Test(String name, Type[] mods) in /app/osu.Game/Tests/Beatmaps/BeatmapConversionTest.cs:line 50
   at osu.Game.Rulesets.Catch.Tests.CatchBeatmapConversionTest.Test(String name, Type[] mods) in /app/osu.Game.Rulesets.Catch.Tests/CatchBeatmapConversionTest.cs:line 58
   at InvokeStub_CatchBeatmapConversionTest.Test(Object, Span`1)

478)    at osu.Game.Tests.Beatmaps.BeatmapConversionTest`2.<>c__DisplayClass4_1.<Test>b__2() in /app/osu.Game/Tests/Beatmaps/BeatmapConversionTest.cs:line 98
   at NUnit.Framework.Assert.Multiple(TestDelegate testDelegate)
   at osu.Game.Tests.Beatmaps.BeatmapConversionTest`2.<>c__DisplayClass4_0.<Test>b__1() in /app/osu.Game/Tests/Beatmaps/BeatmapConversionTest.cs:line 77
   at NUnit.Framework.Assert.Multiple(TestDelegate testDelegate)
   at osu.Game.Tests.Beatmaps.BeatmapConversionTest`2.Test(String name, Type[] mods) in /app/osu.Game/Tests/Beatmaps/BeatmapConversionTest.cs:line 50
   at osu.Game.Rulesets.Catch.Tests.CatchBeatmapConversionTest.Test(String name, Type[] mods) in /app/osu.Game.Rulesets.Catch.Tests/CatchBeatmapConversionTest.cs:line 58
   at InvokeStub_CatchBeatmapConversionTest.Test(Object, Span`1)

479)    at osu.Game.Tests.Beatmaps.BeatmapConversionTest`2.<>c__DisplayClass4_1.<Test>b__2() in /app/osu.Game/Tests/Beatmaps/BeatmapConversionTest.cs:line 98
   at NUnit.Framework.Assert.Multiple(TestDelegate testDelegate)
   at osu.Game.Tests.Beatmaps.BeatmapConversionTest`2.<>c__DisplayClass4_0.<Test>b__1() in /app/osu.Game/Tests/Beatmaps/BeatmapConversionTest.cs:line 77
   at NUnit.Framework.Assert.Multiple(TestDelegate testDelegate)
   at osu.Game.Tests.Beatmaps.BeatmapConversionTest`2.Test(String name, Type[] mods) in /app/osu.Game/Tests/Beatmaps/BeatmapConversionTest.cs:line 50
   at osu.Game.Rulesets.Catch.Tests.CatchBeatmapConversionTest.Test(String name, Type[] mods) in /app/osu.Game.Rulesets.Catch.Tests/CatchBeatmapConversionTest.cs:line 58
   at InvokeStub_CatchBeatmapConversionTest.Test(Object, Span`1)

480)    at osu.Game.Tests.Beatmaps.BeatmapConversionTest`2.<>c__DisplayClass4_1.<Test>b__2() in /app/osu.Game/Tests/Beatmaps/BeatmapConversionTest.cs:line 98
   at NUnit.Framework.Assert.Multiple(TestDelegate testDelegate)
   at osu.Game.Tests.Beatmaps.BeatmapConversionTest`2.<>c__DisplayClass4_0.<Test>b__1() in /app/osu.Game/Tests/Beatmaps/BeatmapConversionTest.cs:line 77
   at NUnit.Framework.Assert.Multiple(TestDelegate testDelegate)
   at osu.Game.Tests.Beatmaps.BeatmapConversionTest`2.Test(String name, Type[] mods) in /app/osu.Game/Tests/Beatmaps/BeatmapConversionTest.cs:line 50
   at osu.Game.Rulesets.Catch.Tests.CatchBeatmapConversionTest.Test(String name, Type[] mods) in /app/osu.Game.Rulesets.Catch.Tests/CatchBeatmapConversionTest.cs:line 58
   at InvokeStub_CatchBeatmapConversionTest.Test(Object, Span`1)

481)    at osu.Game.Tests.Beatmaps.BeatmapConversionTest`2.<>c__DisplayClass4_1.<Test>b__2() in /app/osu.Game/Tests/Beatmaps/BeatmapConversionTest.cs:line 98
   at NUnit.Framework.Assert.Multiple(TestDelegate testDelegate)
   at osu.Game.Tests.Beatmaps.BeatmapConversionTest`2.<>c__DisplayClass4_0.<Test>b__1() in /app/osu.Game/Tests/Beatmaps/BeatmapConversionTest.cs:line 77
   at NUnit.Framework.Assert.Multiple(TestDelegate testDelegate)
   at osu.Game.Tests.Beatmaps.BeatmapConversionTest`2.Test(String name, Type[] mods) in /app/osu.Game/Tests/Beatmaps/BeatmapConversionTest.cs:line 50
   at osu.Game.Rulesets.Catch.Tests.CatchBeatmapConversionTest.Test(String name, Type[] mods) in /app/osu.Game.Rulesets.Catch.Tests/CatchBeatmapConversionTest.cs:line 58
   at InvokeStub_CatchBeatmapConversionTest.Test(Object, Span`1)

482)    at osu.Game.Tests.Beatmaps.BeatmapConversionTest`2.<>c__DisplayClass4_1.<Test>b__2() in /app/osu.Game/Tests/Beatmaps/BeatmapConversionTest.cs:line 98
   at NUnit.Framework.Assert.Multiple(TestDelegate testDelegate)
   at osu.Game.Tests.Beatmaps.BeatmapConversionTest`2.<>c__DisplayClass4_0.<Test>b__1() in /app/osu.Game/Tests/Beatmaps/BeatmapConversionTest.cs:line 77
   at NUnit.Framework.Assert.Multiple(TestDelegate testDelegate)
   at osu.Game.Tests.Beatmaps.BeatmapConversionTest`2.Test(String name, Type[] mods) in /app/osu.Game/Tests/Beatmaps/BeatmapConversionTest.cs:line 50
   at osu.Game.Rulesets.Catch.Tests.CatchBeatmapConversionTest.Test(String name, Type[] mods) in /app/osu.Game.Rulesets.Catch.Tests/CatchBeatmapConversionTest.cs:line 58
   at InvokeStub_CatchBeatmapConversionTest.Test(Object, Span`1)

483)    at osu.Game.Tests.Beatmaps.BeatmapConversionTest`2.<>c__DisplayClass4_1.<Test>b__2() in /app/osu.Game/Tests/Beatmaps/BeatmapConversionTest.cs:line 98
   at NUnit.Framework.Assert.Multiple(TestDelegate testDelegate)
   at osu.Game.Tests.Beatmaps.BeatmapConversionTest`2.<>c__DisplayClass4_0.<Test>b__1() in /app/osu.Game/Tests/Beatmaps/BeatmapConversionTest.cs:line 77
   at NUnit.Framework.Assert.Multiple(TestDelegate testDelegate)
   at osu.Game.Tests.Beatmaps.BeatmapConversionTest`2.Test(String name, Type[] mods) in /app/osu.Game/Tests/Beatmaps/BeatmapConversionTest.cs:line 50
   at osu.Game.Rulesets.Catch.Tests.CatchBeatmapConversionTest.Test(String name, Type[] mods) in /app/osu.Game.Rulesets.Catch.Tests/CatchBeatmapConversionTest.cs:line 58
   at InvokeStub_CatchBeatmapConversionTest.Test(Object, Span`1)


  Standard Output Messages:
 [runtime] 2026-01-31 19:29:05 [verbose]: Failed to process line "Mode: 0" into "Unknown - Unknown (Unknown Creator) [Normal]": Ruleset is not available locally.


  Failed Test("104973",[osu.Game.Rulesets.Catch.Mods.CatchModHardRock, osu.Game.Rulesets.Catch.Mods.CatchModHidden]) [2 s]
  Error Message:
   Multiple failures or warnings in test:
  1) The conversion generated differing hitobjects for object at time: 13646:
Expected: {"StartTime":13646.0,"Position":220.0,"HyperDash":false}
Received: {"StartTime":13646.0,"Position":144.0,"HyperDash":false}

  2) The conversion generated differing hitobjects for object at time: 13980:
Expected: {"StartTime":14063.0,"Position":219.93465,"HyperDash":false}
Received: {"StartTime":14063.25,"Position":213.87723,"HyperDash":false}

  3) The conversion generated differing hitobjects for object at time: 13980:
Expected: {"StartTime":14146.0,"Position":186.8693,"HyperDash":false}
Received: {"StartTime":14146.5,"Position":190.75444,"HyperDash":false}

  4) The conversion generated differing hitobjects for object at time: 13980:
Expected: {"StartTime":14229.0,"Position":174.80394,"HyperDash":false}
Received: {"StartTime":14229.75,"Position":179.63165,"HyperDash":false}

  5) The conversion generated differing hitobjects for object at time: 13980:
Expected: {"StartTime":14387.0,"Position":168.5069,"HyperDash":false}
Received: {"StartTime":14387.583333333334,"Position":194.5664,"HyperDash":false}

  6) The conversion generated differing hitobjects for object at time: 13980:
Expected: {"StartTime":14461.0,"Position":193.50493,"HyperDash":false}
Received: {"StartTime":14461.833333333334,"Position":201.62392,"HyperDash":false}

  7) The conversion generated differing hitobjects for object at time: 13980:
Expected: {"StartTime":14535.0,"Position":228.50296,"HyperDash":false}
Received: {"StartTime":14536.083333333334,"Position":206.68144,"HyperDash":false}

  8) The conversion generated differing hitobjects for object at time: 14980:
Expected: {"StartTime":14980.0,"Position":316.0,"HyperDash":false}
Received: {"StartTime":14980.0,"Position":260.0,"HyperDash":false}

  9) The conversion generated differing hitobjects for object at time: 15313:
Expected: {"StartTime":15387.0,"Position":327.87616,"HyperDash":false}
Received: {"StartTime":15387.25,"Position":305.94574,"HyperDash":false}

  10) The conversion generated differing hitobjects for object at time: 15313:
Expected: {"StartTime":15535.0,"Position":368.62848,"HyperDash":false}
Received: {"StartTime":15535.75,"Position":381.8372,"HyperDash":false}

  11) The conversion generated differing hitobjects for object at time: 15980:
Expected: {"StartTime":16054.0,"Position":463.66953,"HyperDash":false}
Received: {"StartTime":16054.25,"Position":499.61285,"HyperDash":false}

  12) The conversion generated differing hitobjects for object at time: 15980:
Expected: {"StartTime":16128.0,"Position":457.4449,"HyperDash":false}
Received: {"StartTime":16128.5,"Position":479.3208,"HyperDash":false}

  13) The conversion generated differing hitobjects for object at time: 15980:
Expected: {"StartTime":16202.0,"Position":466.1673,"HyperDash":false}
Received: {"StartTime":16202.75,"Position":440.9597,"HyperDash":false}

  14) The conversion generated differing hitobjects for object at time: 16647:
Expected: {"StartTime":16730.0,"Position":288.3361,"HyperDash":false}
Received: {"StartTime":16730.25,"Position":255.24469,"HyperDash":false}

  15) The conversion generated differing hitobjects for object at time: 16647:
Expected: {"StartTime":16896.0,"Position":216.25536,"HyperDash":false}
Received: {"StartTime":16896.75,"Position":220.00244,"HyperDash":false}

  16) The conversion generated differing hitobjects for object at time: 16647:
Expected: {"StartTime":17063.0,"Position":195.53786,"HyperDash":false}
Received: {"StartTime":17063.583333333332,"Position":168.41359,"HyperDash":false}

  17) The conversion generated differing hitobjects for object at time: 16647:
Expected: {"StartTime":17229.0,"Position":152.26498,"HyperDash":false}
Received: {"StartTime":17230.083333333332,"Position":148.05254,"HyperDash":false}

  18) The conversion generated differing hitobjects for object at time: 16647:
Expected: {"StartTime":17396.0,"Position":132.89551,"HyperDash":false}
Received: {"StartTime":17397.166666666668,"Position":162.05254,"HyperDash":false}

  19) The conversion generated differing hitobjects for object at time: 16647:
Expected: {"StartTime":17480.0,"Position":160.2883,"HyperDash":false}
Received: {"StartTime":17480.666666666668,"Position":150.32544,"HyperDash":false}

  20) The conversion generated differing hitobjects for object at time: 16647:
Expected: {"StartTime":17563.0,"Position":181.30948,"HyperDash":false}
Received: {"StartTime":17564.166666666668,"Position":164.41359,"HyperDash":false}

  21) The conversion generated differing hitobjects for object at time: 16647:
Expected: {"StartTime":17721.0,"Position":206.57063,"HyperDash":false}
Received: {"StartTime":17721.25,"Position":234.59586,"HyperDash":false}

  22) The conversion generated differing hitobjects for object at time: 16647:
Expected: {"StartTime":17795.0,"Position":222.90125,"HyperDash":false}
Received: {"StartTime":17795.5,"Position":259.01193,"HyperDash":false}

  23) The conversion generated differing hitobjects for object at time: 16647:
Expected: {"StartTime":17869.0,"Position":247.13147,"HyperDash":false}
Received: {"StartTime":17869.75,"Position":263.33615,"HyperDash":false}

  24) The conversion generated differing hitobjects for object at time: 18312:
Expected: {"StartTime":18312.0,"Position":296.0,"HyperDash":false}
Received: {"StartTime":18312.0,"Position":316.0,"HyperDash":false}

  25) The conversion generated differing hitobjects for object at time: 18646:
Expected: {"StartTime":18646.0,"Position":276.0,"HyperDash":false}
Received: {"StartTime":18646.0,"Position":316.0,"HyperDash":false}

  26) The conversion generated differing hitobjects for object at time: 18980:
Expected: {"StartTime":19054.0,"Position":407.97272,"HyperDash":false}
Received: {"StartTime":19054.25,"Position":427.94812,"HyperDash":false}

  27) The conversion generated differing hitobjects for object at time: 18980:
Expected: {"StartTime":19202.0,"Position":393.91815,"HyperDash":false}
Received: {"StartTime":19202.75,"Position":399.84436,"HyperDash":false}

  28) The conversion generated differing hitobjects for object at time: 19646:
Expected: {"StartTime":19646.0,"Position":160.0,"HyperDash":false}
Received: {"StartTime":19646.0,"Position":268.0,"HyperDash":false}

  29) The conversion generated differing hitobjects for object at time: 19980:
Expected: {"StartTime":19980.0,"Position":376.0,"HyperDash":false}
Received: {"StartTime":19980.0,"Position":248.0,"HyperDash":false}

  30) The conversion generated differing hitobjects for object at time: 20313:
Expected: {"StartTime":20479.0,"Position":121.68463,"HyperDash":false}
Received: {"StartTime":20479.5,"Position":144.5632,"HyperDash":false}

  31) The conversion generated differing hitobjects for object at time: 20313:
Expected: {"StartTime":20562.0,"Position":112.52695,"HyperDash":false}
Received: {"StartTime":20562.75,"Position":122.344795,"HyperDash":false}

  32) The conversion generated differing hitobjects for object at time: 20313:
Expected: {"StartTime":20720.0,"Position":118.0983,"HyperDash":false}
Received: {"StartTime":20720.583333333332,"Position":122.16121,"HyperDash":false}

  33) The conversion generated differing hitobjects for object at time: 20313:
Expected: {"StartTime":20794.0,"Position":140.07022,"HyperDash":false}
Received: {"StartTime":20794.833333333332,"Position":132.19601,"HyperDash":false}

  34) The conversion generated differing hitobjects for object at time: 20313:
Expected: {"StartTime":20868.0,"Position":158.04213,"HyperDash":false}
Received: {"StartTime":20869.083333333332,"Position":125.230835,"HyperDash":false}

  35) The conversion generated differing hitobjects for object at time: 21313:
Expected: {"StartTime":21396.0,"Position":222.71338,"HyperDash":false}
Received: {"StartTime":21396.25,"Position":212.64021,"HyperDash":false}

  36) The conversion generated differing hitobjects for object at time: 21313:
Expected: {"StartTime":21479.0,"Position":200.42674,"HyperDash":false}
Received: {"StartTime":21479.5,"Position":172.28044,"HyperDash":false}

  37) The conversion generated differing hitobjects for object at time: 21313:
Expected: {"StartTime":21562.0,"Position":168.14012,"HyperDash":false}
Received: {"StartTime":21562.75,"Position":144.92065,"HyperDash":false}

  38) The conversion generated differing hitobjects for object at time: 21313:
Expected: {"StartTime":21720.0,"Position":139.21402,"HyperDash":false}
Received: {"StartTime":21720.583333333332,"Position":174.2898,"HyperDash":false}

  39) The conversion generated differing hitobjects for object at time: 21313:
Expected: {"StartTime":21794.0,"Position":182.86716,"HyperDash":false}
Received: {"StartTime":21794.833333333332,"Position":171.01872,"HyperDash":false}

  40) The conversion generated differing hitobjects for object at time: 21313:
Expected: {"StartTime":21868.0,"Position":187.5203,"HyperDash":false}
Received: {"StartTime":21869.083333333332,"Position":215.74765,"HyperDash":false}

  41) The conversion generated differing hitobjects for object at time: 23980:
Expected: {"StartTime":24063.0,"Position":321.0,"HyperDash":false}
Received: {"StartTime":24063.25,"Position":339.0,"HyperDash":false}

  42) The conversion generated differing hitobjects for object at time: 23980:
Expected: {"StartTime":24146.0,"Position":354.0,"HyperDash":false}
Received: {"StartTime":24146.5,"Position":327.0,"HyperDash":false}

  43) The conversion generated differing hitobjects for object at time: 23980:
Expected: {"StartTime":24229.0,"Position":328.0,"HyperDash":false}
Received: {"StartTime":24229.75,"Position":337.0,"HyperDash":false}

  44) The conversion generated differing hitobjects for object at time: 23980:
Expected: {"StartTime":24387.0,"Position":352.0,"HyperDash":false}
Received: {"StartTime":24387.583333333332,"Position":327.0,"HyperDash":false}

  45) The conversion generated differing hitobjects for object at time: 23980:
Expected: {"StartTime":24535.0,"Position":326.0,"HyperDash":false}
Received: {"StartTime":24536.083333333332,"Position":319.0,"HyperDash":false}

  46) The conversion generated differing hitobjects for object at time: 26646:
Expected: {"StartTime":26729.0,"Position":157.86972,"HyperDash":false}
Received: {"StartTime":26729.25,"Position":141.94463,"HyperDash":false}

  47) The conversion generated differing hitobjects for object at time: 26646:
Expected: {"StartTime":26812.0,"Position":171.73944,"HyperDash":false}
Received: {"StartTime":26812.5,"Position":189.88925,"HyperDash":false}

  48) The conversion generated differing hitobjects for object at time: 26646:
Expected: {"StartTime":26895.0,"Position":206.60916,"HyperDash":false}
Received: {"StartTime":26895.75,"Position":194.8339,"HyperDash":false}

  49) The conversion generated differing hitobjects for object at time: 26646:
Expected: {"StartTime":27127.0,"Position":171.43251,"HyperDash":false}
Received: {"StartTime":27127.833333333332,"Position":183.2773,"HyperDash":false}

  50) The conversion generated differing hitobjects for object at time: 26646:
Expected: {"StartTime":27201.0,"Position":173.2595,"HyperDash":false}
Received: {"StartTime":27202.083333333332,"Position":155.02669,"HyperDash":false}

  51) The conversion generated differing hitobjects for object at time: 27980:
Expected: {"StartTime":28054.0,"Position":410.36865,"HyperDash":false}
Received: {"StartTime":28054.25,"Position":431.43143,"HyperDash":false}

  52) The conversion generated differing hitobjects for object at time: 27980:
Expected: {"StartTime":28128.0,"Position":420.00854,"HyperDash":false}
Received: {"StartTime":28128.5,"Position":439.11145,"HyperDash":false}

  53) The conversion generated differing hitobjects for object at time: 27980:
Expected: {"StartTime":28202.0,"Position":448.39532,"HyperDash":false}
Received: {"StartTime":28202.75,"Position":470.5081,"HyperDash":false}

  54) The conversion generated differing hitobjects for object at time: 28646:
Expected: {"StartTime":28646.0,"Position":220.0,"HyperDash":false}
Received: {"StartTime":28646.0,"Position":348.0,"HyperDash":false}

  55) The conversion generated differing hitobjects for object at time: 28980:
Expected: {"StartTime":28980.0,"Position":348.0,"HyperDash":false}
Received: {"StartTime":28980.0,"Position":354.0,"HyperDash":false}

  56) The conversion generated differing hitobjects for object at time: 29313:
Expected: {"StartTime":29387.0,"Position":303.6809,"HyperDash":false}
Received: {"StartTime":29387.25,"Position":319.61502,"HyperDash":false}

  57) The conversion generated differing hitobjects for object at time: 29313:
Expected: {"StartTime":29461.0,"Position":303.67157,"HyperDash":false}
Received: {"StartTime":29461.5,"Position":314.5566,"HyperDash":false}

  58) The conversion generated differing hitobjects for object at time: 29313:
Expected: {"StartTime":29535.0,"Position":277.6959,"HyperDash":false}
Received: {"StartTime":29535.75,"Position":289.553,"HyperDash":false}

  59) The conversion generated differing hitobjects for object at time: 29979:
Expected: {"StartTime":29979.0,"Position":360.0,"HyperDash":false}
Received: {"StartTime":29979.0,"Position":347.0386,"HyperDash":false}

  60) The conversion generated differing hitobjects for object at time: 30313:
Expected: {"StartTime":30313.0,"Position":248.0,"HyperDash":false}
Received: {"StartTime":30313.0,"Position":260.9614,"HyperDash":false}

  61) The conversion generated differing hitobjects for object at time: 30646:
Expected: {"StartTime":30646.0,"Position":360.0,"HyperDash":false}
Received: {"StartTime":30646.0,"Position":347.0386,"HyperDash":false}

  62) The conversion generated differing hitobjects for object at time: 31979:
Expected: {"StartTime":31979.0,"Position":116.0,"HyperDash":false}
Received: {"StartTime":31979.0,"Position":76.0,"HyperDash":false}

  63) The conversion generated differing hitobjects for object at time: 33647:
Expected: {"StartTime":33721.0,"Position":462.09293,"HyperDash":false}
Received: {"StartTime":33721.25,"Position":483.06174,"HyperDash":false}

  64) The conversion generated differing hitobjects for object at time: 33647:
Expected: {"StartTime":33869.0,"Position":480.27875,"HyperDash":false}
Received: {"StartTime":33869.75,"Position":477.1852,"HyperDash":false}

  65) The conversion generated differing hitobjects for object at time: 34313:
Expected: {"StartTime":34396.0,"Position":378.85324,"HyperDash":false}
Received: {"StartTime":34396.0,"Position":354.81967,"HyperDash":false}

  66) The conversion generated differing hitobjects for object at time: 34313:
Expected: {"StartTime":34544.0,"Position":376.30157,"HyperDash":false}
Received: {"StartTime":34545.166666666664,"Position":364.4047,"HyperDash":false}

  67) The conversion generated differing hitobjects for object at time: 34980:
Expected: {"StartTime":35054.0,"Position":293.8341,"HyperDash":false}
Received: {"StartTime":35054.25,"Position":280.7559,"HyperDash":false}

  68) The conversion generated differing hitobjects for object at time: 34980:
Expected: {"StartTime":35202.0,"Position":262.3615,"HyperDash":false}
Received: {"StartTime":35202.75,"Position":255.14702,"HyperDash":false}

  69) The conversion generated differing hitobjects for object at time: 35646:
Expected: {"StartTime":35729.0,"Position":76.07507,"HyperDash":false}
Received: {"StartTime":35729.0,"Position":95.0,"HyperDash":false}

  70) The conversion generated differing hitobjects for object at time: 35646:
Expected: {"StartTime":35877.0,"Position":82.36937,"HyperDash":false}
Received: {"StartTime":35878.166666666664,"Position":76.6,"HyperDash":false}

  71) The conversion generated differing hitobjects for object at time: 36313:
Expected: {"StartTime":36535.0,"Position":306.59265,"HyperDash":false}
Received: {"StartTime":36535.75,"Position":311.81003,"HyperDash":false}

  72) The conversion generated differing hitobjects for object at time: 36813:
Expected: {"StartTime":36896.0,"Position":384.92493,"HyperDash":false}
Received: {"StartTime":36896.0,"Position":388.0,"HyperDash":false}

  73) The conversion generated differing hitobjects for object at time: 36813:
Expected: {"StartTime":37044.0,"Position":376.6306,"HyperDash":false}
Received: {"StartTime":37045.166666666664,"Position":398.4,"HyperDash":false}

  74) The conversion generated differing hitobjects for object at time: 37313:
Expected: {"StartTime":37313.0,"Position":172.0,"HyperDash":false}
Received: {"StartTime":37313.0,"Position":296.0,"HyperDash":false}

  75) The conversion generated differing hitobjects for object at time: 37646:
Expected: {"StartTime":37729.0,"Position":141.07507,"HyperDash":false}
Received: {"StartTime":37729.0,"Position":153.0,"HyperDash":false}

  76) The conversion generated differing hitobjects for object at time: 37646:
Expected: {"StartTime":37877.0,"Position":152.36937,"HyperDash":false}
Received: {"StartTime":37878.166666666664,"Position":127.600006,"HyperDash":false}

  77) The conversion generated differing hitobjects for object at time: 38313:
Expected: {"StartTime":38313.0,"Position":232.0,"HyperDash":false}
Received: {"StartTime":38313.0,"Position":182.0,"HyperDash":false}

  78) The conversion generated differing hitobjects for object at time: 39313:
Expected: {"StartTime":39396.0,"Position":79.53542,"HyperDash":false}
Received: {"StartTime":39396.25,"Position":68.574776,"HyperDash":false}

  79) The conversion generated differing hitobjects for object at time: 39313:
Expected: {"StartTime":39562.0,"Position":95.795395,"HyperDash":false}
Received: {"StartTime":39562.75,"Position":77.94852,"HyperDash":false}

  80) The conversion generated differing hitobjects for object at time: 39313:
Expected: {"StartTime":39711.0,"Position":90.032684,"HyperDash":false}
Received: {"StartTime":39711.833333333336,"Position":108.1764,"HyperDash":false}

  81) The conversion generated differing hitobjects for object at time: 39980:
Expected: {"StartTime":40063.0,"Position":155.92155,"HyperDash":false}
Received: {"StartTime":40063.25,"Position":189.97093,"HyperDash":false}

  82) The conversion generated differing hitobjects for object at time: 39980:
Expected: {"StartTime":40146.0,"Position":200.49599,"HyperDash":false}
Received: {"StartTime":40146.5,"Position":181.59106,"HyperDash":false}

  83) The conversion generated differing hitobjects for object at time: 39980:
Expected: {"StartTime":40229.0,"Position":229.24388,"HyperDash":false}
Received: {"StartTime":40229.75,"Position":232.3807,"HyperDash":false}

  84) The conversion generated differing hitobjects for object at time: 39980:
Expected: {"StartTime":40378.0,"Position":263.88416,"HyperDash":false}
Received: {"StartTime":40378.833333333336,"Position":267.84845,"HyperDash":false}

  85) The conversion generated differing hitobjects for object at time: 40647:
Expected: {"StartTime":40647.0,"Position":274.0,"HyperDash":false}
Received: {"StartTime":40647.0,"Position":284.648,"HyperDash":false}

  86) The conversion generated differing hitobjects for object at time: 40980:
Expected: {"StartTime":41063.0,"Position":414.37164,"HyperDash":false}
Received: {"StartTime":41063.0,"Position":427.44507,"HyperDash":false}

  87) The conversion generated differing hitobjects for object at time: 40980:
Expected: {"StartTime":41211.0,"Position":438.9507,"HyperDash":false}
Received: {"StartTime":41212.166666666664,"Position":413.7252,"HyperDash":false}

  88) The conversion generated differing hitobjects for object at time: 41647:
Expected: {"StartTime":41721.0,"Position":255.81381,"HyperDash":false}
Received: {"StartTime":41721.25,"Position":266.7437,"HyperDash":false}

  89) The conversion generated differing hitobjects for object at time: 41647:
Expected: {"StartTime":41795.0,"Position":263.52466,"HyperDash":false}
Received: {"StartTime":41795.5,"Position":252.37692,"HyperDash":false}

  90) The conversion generated differing hitobjects for object at time: 41647:
Expected: {"StartTime":41869.0,"Position":212.4873,"HyperDash":false}
Received: {"StartTime":41869.75,"Position":237.26147,"HyperDash":false}

  91) The conversion generated differing hitobjects for object at time: 42147:
Expected: {"StartTime":42212.0,"Position":183.0,"HyperDash":false}
Received: {"StartTime":42212.0,"Position":162.0,"HyperDash":false}

  92) The conversion generated differing hitobjects for object at time: 42480:
Expected: {"StartTime":42545.0,"Position":131.42169,"HyperDash":false}
Received: {"StartTime":42545.0,"Position":128.4,"HyperDash":false}

  93) The conversion generated differing hitobjects for object at time: 42980:
Expected: {"StartTime":43063.0,"Position":225.92493,"HyperDash":false}
Received: {"StartTime":43063.0,"Position":246.0,"HyperDash":false}

  94) The conversion generated differing hitobjects for object at time: 43647:
Expected: {"StartTime":43647.0,"Position":248.0,"HyperDash":false}
Received: {"StartTime":43647.0,"Position":304.0,"HyperDash":false}

  95) The conversion generated differing hitobjects for object at time: 43980:
Expected: {"StartTime":43980.0,"Position":264.0,"HyperDash":false}
Received: {"StartTime":43980.0,"Position":208.0,"HyperDash":false}

  96) The conversion generated differing hitobjects for object at time: 44313:
Expected: {"StartTime":44313.0,"Position":248.0,"HyperDash":false}
Received: {"StartTime":44313.0,"Position":304.0,"HyperDash":false}

  97) The conversion generated differing hitobjects for object at time: 44647:
Expected: {"StartTime":44721.0,"Position":364.6328,"HyperDash":false}
Received: {"StartTime":44721.25,"Position":368.70502,"HyperDash":false}

  98) The conversion generated differing hitobjects for object at time: 44647:
Expected: {"StartTime":44795.0,"Position":391.26562,"HyperDash":false}
Received: {"StartTime":44795.5,"Position":397.41006,"HyperDash":false}

  99) The conversion generated differing hitobjects for object at time: 44647:
Expected: {"StartTime":44869.0,"Position":390.89844,"HyperDash":false}
Received: {"StartTime":44869.75,"Position":402.11508,"HyperDash":false}

  100) The conversion generated differing hitobjects for object at time: 45313:
Expected: {"StartTime":45387.0,"Position":332.92712,"HyperDash":false}
Received: {"StartTime":45387.25,"Position":325.87436,"HyperDash":false}

  101) The conversion generated differing hitobjects for object at time: 45313:
Expected: {"StartTime":45461.0,"Position":320.85422,"HyperDash":false}
Received: {"StartTime":45461.5,"Position":297.74872,"HyperDash":false}

  102) The conversion generated differing hitobjects for object at time: 45313:
Expected: {"StartTime":45535.0,"Position":286.7813,"HyperDash":false}
Received: {"StartTime":45535.75,"Position":297.62305,"HyperDash":false}

  103) The conversion generated differing hitobjects for object at time: 45980:
Expected: {"StartTime":46054.0,"Position":231.45299,"HyperDash":false}
Received: {"StartTime":46054.25,"Position":246.42308,"HyperDash":false}

  104) The conversion generated differing hitobjects for object at time: 45980:
Expected: {"StartTime":46128.0,"Position":230.90598,"HyperDash":false}
Received: {"StartTime":46128.5,"Position":216.84616,"HyperDash":false}

  105) The conversion generated differing hitobjects for object at time: 45980:
Expected: {"StartTime":46202.0,"Position":205.35896,"HyperDash":false}
Received: {"StartTime":46202.75,"Position":210.26923,"HyperDash":false}

  106) The conversion generated differing hitobjects for object at time: 46647:
Expected: {"StartTime":46721.0,"Position":83.919464,"HyperDash":false}
Received: {"StartTime":46721.25,"Position":65.90633,"HyperDash":false}

  107) The conversion generated differing hitobjects for object at time: 47313:
Expected: {"StartTime":47313.0,"Position":312.0,"HyperDash":false}
Received: {"StartTime":47313.0,"Position":204.0,"HyperDash":false}

  108) The conversion generated differing hitobjects for object at time: 47647:
Expected: {"StartTime":47878.0,"Position":351.6306,"HyperDash":false}
Received: {"StartTime":47879.166666666664,"Position":366.4,"HyperDash":false}

  109) The conversion generated differing hitobjects for object at time: 48313:
Expected: {"StartTime":48387.0,"Position":201.99075,"HyperDash":false}
Received: {"StartTime":48387.25,"Position":212.98016,"HyperDash":false}

  110) The conversion generated differing hitobjects for object at time: 48313:
Expected: {"StartTime":48461.0,"Position":179.8291,"HyperDash":false}
Received: {"StartTime":48461.5,"Position":196.83989,"HyperDash":false}

  111) The conversion generated differing hitobjects for object at time: 48313:
Expected: {"StartTime":48535.0,"Position":186.22752,"HyperDash":false}
Received: {"StartTime":48535.75,"Position":217.29494,"HyperDash":false}

  112) The conversion generated differing hitobjects for object at time: 48980:
Expected: {"StartTime":48980.0,"Position":428.0,"HyperDash":false}
Received: {"StartTime":48980.0,"Position":434.58777,"HyperDash":false}

  113) The conversion generated differing hitobjects for object at time: 49313:
Expected: {"StartTime":49313.0,"Position":220.0,"HyperDash":false}
Received: {"StartTime":49313.0,"Position":213.41223,"HyperDash":false}

  114) The conversion generated differing hitobjects for object at time: 49647:
Expected: {"StartTime":49730.0,"Position":255.0,"HyperDash":false}
Received: {"StartTime":49730.0,"Position":248.0,"HyperDash":false}

  115) The conversion generated differing hitobjects for object at time: 50980:
Expected: {"StartTime":51063.0,"Position":268.0,"HyperDash":false}
Received: {"StartTime":51063.0,"Position":244.0,"HyperDash":false}

  116) The conversion generated differing hitobjects for object at time: 50980:
Expected: {"StartTime":51211.0,"Position":267.0,"HyperDash":false}
Received: {"StartTime":51212.166666666664,"Position":246.0,"HyperDash":false}

  117) The conversion generated differing hitobjects for object at time: 51647:
Expected: {"StartTime":51721.0,"Position":220.22223,"HyperDash":false}
Received: {"StartTime":51721.25,"Position":226.3,"HyperDash":false}

  118) The conversion generated differing hitobjects for object at time: 51647:
Expected: {"StartTime":51795.0,"Position":261.44446,"HyperDash":false}
Received: {"StartTime":51795.5,"Position":233.6,"HyperDash":false}

  119) The conversion generated differing hitobjects for object at time: 51647:
Expected: {"StartTime":51869.0,"Position":257.6667,"HyperDash":false}
Received: {"StartTime":51869.75,"Position":282.9,"HyperDash":false}

  120) The conversion generated differing hitobjects for object at time: 52980:
Expected: {"StartTime":53063.0,"Position":291.9663,"HyperDash":false}
Received: {"StartTime":53063.25,"Position":266.02945,"HyperDash":false}

  121) The conversion generated differing hitobjects for object at time: 52980:
Expected: {"StartTime":53146.0,"Position":284.93262,"HyperDash":false}
Received: {"StartTime":53146.5,"Position":298.05893,"HyperDash":false}

  122) The conversion generated differing hitobjects for object at time: 52980:
Expected: {"StartTime":53387.0,"Position":325.425,"HyperDash":false}
Received: {"StartTime":53387.583333333336,"Position":316.35956,"HyperDash":false}

  123) The conversion generated differing hitobjects for object at time: 52980:
Expected: {"StartTime":53461.0,"Position":290.73215,"HyperDash":false}
Received: {"StartTime":53461.833333333336,"Position":295.6013,"HyperDash":false}

  124) The conversion generated differing hitobjects for object at time: 52980:
Expected: {"StartTime":53535.0,"Position":300.03928,"HyperDash":false}
Received: {"StartTime":53536.083333333336,"Position":275.84302,"HyperDash":false}

  125) The conversion generated differing hitobjects for object at time: 53980:
Expected: {"StartTime":53980.0,"Position":384.0,"HyperDash":false}
Received: {"StartTime":53980.0,"Position":376.0,"HyperDash":false}

  126) The conversion generated differing hitobjects for object at time: 54313:
Expected: {"StartTime":54396.0,"Position":223.03369,"HyperDash":false}
Received: {"StartTime":54396.25,"Position":230.97054,"HyperDash":false}

  127) The conversion generated differing hitobjects for object at time: 54313:
Expected: {"StartTime":54479.0,"Position":213.06738,"HyperDash":false}
Received: {"StartTime":54479.5,"Position":209.94107,"HyperDash":false}

  128) The conversion generated differing hitobjects for object at time: 54313:
Expected: {"StartTime":54562.0,"Position":180.10107,"HyperDash":false}
Received: {"StartTime":54562.75,"Position":206.91162,"HyperDash":false}

  129) The conversion generated differing hitobjects for object at time: 54313:
Expected: {"StartTime":54720.0,"Position":184.57501,"HyperDash":false}
Received: {"StartTime":54720.583333333336,"Position":193.64043,"HyperDash":false}

  130) The conversion generated differing hitobjects for object at time: 55313:
Expected: {"StartTime":55313.0,"Position":368.0,"HyperDash":false}
Received: {"StartTime":55313.0,"Position":267.0,"HyperDash":false}

  131) The conversion generated differing hitobjects for object at time: 55647:
Expected: {"StartTime":55813.0,"Position":251.0,"HyperDash":false}
Received: {"StartTime":55813.5,"Position":259.0,"HyperDash":false}

  132) The conversion generated differing hitobjects for object at time: 55647:
Expected: {"StartTime":55896.0,"Position":270.0,"HyperDash":false}
Received: {"StartTime":55896.75,"Position":238.0,"HyperDash":false}

  133) The conversion generated differing hitobjects for object at time: 55647:
Expected: {"StartTime":56128.0,"Position":244.0,"HyperDash":false}
Received: {"StartTime":56128.833333333336,"Position":269.0,"HyperDash":false}

  134) The conversion generated differing hitobjects for object at time: 55647:
Expected: {"StartTime":56202.0,"Position":244.0,"HyperDash":false}
Received: {"StartTime":56203.083333333336,"Position":254.0,"HyperDash":false}

  135) The conversion generated differing hitobjects for object at time: 56647:
Expected: {"StartTime":56647.0,"Position":276.0,"HyperDash":false}
Received: {"StartTime":56647.0,"Position":236.0,"HyperDash":false}

  136) The conversion generated differing hitobjects for object at time: 57647:
Expected: {"StartTime":57721.0,"Position":481.4433,"HyperDash":false}
Received: {"StartTime":57721.25,"Position":477.422,"HyperDash":false}

  137) The conversion generated differing hitobjects for object at time: 57647:
Expected: {"StartTime":57795.0,"Position":483.34915,"HyperDash":false}
Received: {"StartTime":57795.5,"Position":470.29846,"HyperDash":false}

  138) The conversion generated differing hitobjects for object at time: 57647:
Expected: {"StartTime":57869.0,"Position":454.0119,"HyperDash":false}
Received: {"StartTime":57869.75,"Position":459.9179,"HyperDash":false}

  139) The conversion generated differing hitobjects for object at time: 58313:
Expected: {"StartTime":58387.0,"Position":344.2625,"HyperDash":false}
Received: {"StartTime":58387.25,"Position":362.2155,"HyperDash":false}

  140) The conversion generated differing hitobjects for object at time: 58313:
Expected: {"StartTime":58461.0,"Position":344.95825,"HyperDash":false}
Received: {"StartTime":58461.5,"Position":341.89316,"HyperDash":false}

  141) The conversion generated differing hitobjects for object at time: 58313:
Expected: {"StartTime":58535.0,"Position":319.94135,"HyperDash":false}
Received: {"StartTime":58535.75,"Position":341.86984,"HyperDash":false}

  142) The conversion generated differing hitobjects for object at time: 59647:
Expected: {"StartTime":59730.0,"Position":233.95482,"HyperDash":false}
Received: {"StartTime":59730.0,"Position":201.93661,"HyperDash":false}

  143) The conversion generated differing hitobjects for object at time: 59647:
Expected: {"StartTime":59878.0,"Position":207.57098,"HyperDash":false}
Received: {"StartTime":59879.166666666664,"Position":211.62692,"HyperDash":false}

  144) The conversion generated differing hitobjects for object at time: 60313:
Expected: {"StartTime":60313.0,"Position":304.0,"HyperDash":false}
Received: {"StartTime":60313.0,"Position":288.0,"HyperDash":false}

  145) The conversion generated differing hitobjects for object at time: 60647:
Expected: {"StartTime":60647.0,"Position":208.0,"HyperDash":false}
Received: {"StartTime":60647.0,"Position":224.0,"HyperDash":false}

  146) The conversion generated differing hitobjects for object at time: 60980:
Expected: {"StartTime":61063.0,"Position":100.41421,"HyperDash":false}
Received: {"StartTime":61063.0,"Position":117.34015,"HyperDash":false}

  147) The conversion generated differing hitobjects for object at time: 60980:
Expected: {"StartTime":61211.0,"Position":91.78613,"HyperDash":false}
Received: {"StartTime":61212.166666666664,"Position":118.013626,"HyperDash":false}

  148) The conversion generated differing hitobjects for object at time: 61647:
Expected: {"StartTime":61647.0,"Position":448.0,"HyperDash":false}
Received: {"StartTime":61647.0,"Position":256.0,"HyperDash":false}

  149) The conversion generated differing hitobjects for object at time: 61980:
Expected: {"StartTime":61980.0,"Position":256.0,"HyperDash":false}
Received: {"StartTime":61980.0,"Position":448.0,"HyperDash":false}

  150) The conversion generated differing hitobjects for object at time: 62313:
Expected: {"StartTime":62313.0,"Position":420.0,"HyperDash":false}
Received: {"StartTime":62313.0,"Position":392.0,"HyperDash":false}

  151) The conversion generated differing hitobjects for object at time: 62647:
Expected: {"StartTime":62647.0,"Position":228.0,"HyperDash":false}
Received: {"StartTime":62647.0,"Position":256.0,"HyperDash":false}

  152) The conversion generated differing hitobjects for object at time: 62980:
Expected: {"StartTime":63063.0,"Position":197.22752,"HyperDash":false}
Received: {"StartTime":63063.0,"Position":167.15291,"HyperDash":false}

  153) The conversion generated differing hitobjects for object at time: 62980:
Expected: {"StartTime":63211.0,"Position":183.55672,"HyperDash":false}
Received: {"StartTime":63212.166666666664,"Position":160.78593,"HyperDash":false}

  154) The conversion generated differing hitobjects for object at time: 63647:
Expected: {"StartTime":63721.0,"Position":356.66507,"HyperDash":false}
Received: {"StartTime":63721.25,"Position":319.68527,"HyperDash":false}

  155) The conversion generated differing hitobjects for object at time: 63647:
Expected: {"StartTime":63795.0,"Position":328.94955,"HyperDash":false}
Received: {"StartTime":63795.5,"Position":348.96426,"HyperDash":false}

  156) The conversion generated differing hitobjects for object at time: 63647:
Expected: {"StartTime":63869.0,"Position":341.90488,"HyperDash":false}
Received: {"StartTime":63869.75,"Position":334.8891,"HyperDash":false}

  157) The conversion generated differing hitobjects for object at time: 64313:
Expected: {"StartTime":64313.0,"Position":180.0,"HyperDash":false}
Received: {"StartTime":64313.0,"Position":162.8992,"HyperDash":false}

  158) The conversion generated differing hitobjects for object at time: 64647:
Expected: {"StartTime":64647.0,"Position":116.0,"HyperDash":false}
Received: {"StartTime":64647.0,"Position":133.1008,"HyperDash":false}

  159) The conversion generated differing hitobjects for object at time: 64980:
Expected: {"StartTime":65229.0,"Position":42.26667,"HyperDash":false}
Received: {"StartTime":65229.75,"Position":46.3247,"HyperDash":false}

  160) The conversion generated differing hitobjects for object at time: 64980:
Expected: {"StartTime":65387.0,"Position":42.040436,"HyperDash":false}
Received: {"StartTime":65387.583333333336,"Position":50.02039,"HyperDash":false}

  161) The conversion generated differing hitobjects for object at time: 64980:
Expected: {"StartTime":65461.0,"Position":31.314598,"HyperDash":false}
Received: {"StartTime":65461.833333333336,"Position":60.274513,"HyperDash":false}

  162) The conversion generated differing hitobjects for object at time: 64980:
Expected: {"StartTime":65535.0,"Position":47.588757,"HyperDash":false}
Received: {"StartTime":65536.08333333334,"Position":53.528633,"HyperDash":false}

  163) The conversion generated differing hitobjects for object at time: 65980:
Expected: {"StartTime":66063.0,"Position":33.550404,"HyperDash":false}
Received: {"StartTime":66063.25,"Position":54.62848,"HyperDash":false}

  164) The conversion generated differing hitobjects for object at time: 65980:
Expected: {"StartTime":66146.0,"Position":78.42056,"HyperDash":false}
Received: {"StartTime":66146.5,"Position":71.571655,"HyperDash":false}

  165) The conversion generated differing hitobjects for object at time: 65980:
Expected: {"StartTime":66229.0,"Position":110.08494,"HyperDash":false}
Received: {"StartTime":66229.75,"Position":103.3084,"HyperDash":false}

  166) The conversion generated differing hitobjects for object at time: 65980:
Expected: {"StartTime":66461.0,"Position":175.85962,"HyperDash":false}
Received: {"StartTime":66461.83333333333,"Position":185.01817,"HyperDash":false}

  167) The conversion generated differing hitobjects for object at time: 65980:
Expected: {"StartTime":66535.0,"Position":197.00679,"HyperDash":false}
Received: {"StartTime":66536.08333333333,"Position":184.23825,"HyperDash":false}

  168) The conversion generated differing hitobjects for object at time: 66980:
Expected: {"StartTime":67054.0,"Position":368.67273,"HyperDash":false}
Received: {"StartTime":67054.25,"Position":361.74313,"HyperDash":false}

  169) The conversion generated differing hitobjects for object at time: 66980:
Expected: {"StartTime":67128.0,"Position":380.04926,"HyperDash":false}
Received: {"StartTime":67128.5,"Position":397.1809,"HyperDash":false}

  170) The conversion generated differing hitobjects for object at time: 66980:
Expected: {"StartTime":67202.0,"Position":406.45874,"HyperDash":false}
Received: {"StartTime":67202.75,"Position":385.63696,"HyperDash":false}

  171) The conversion generated differing hitobjects for object at time: 67647:
Expected: {"StartTime":67730.0,"Position":414.42953,"HyperDash":false}
Received: {"StartTime":67730.0,"Position":437.38263,"HyperDash":false}

  172) The conversion generated differing hitobjects for object at time: 67647:
Expected: {"StartTime":67878.0,"Position":409.86517,"HyperDash":false}
Received: {"StartTime":67879.16666666667,"Position":420.00928,"HyperDash":false}

  173) The conversion generated differing hitobjects for object at time: 68313:
Expected: {"StartTime":68313.0,"Position":468.0,"HyperDash":false}
Received: {"StartTime":68313.0,"Position":416.0,"HyperDash":false}

  174) The conversion generated differing hitobjects for object at time: 68646:
Expected: {"StartTime":68720.0,"Position":334.12762,"HyperDash":false}
Received: {"StartTime":68720.25,"Position":323.06857,"HyperDash":false}

  175) The conversion generated differing hitobjects for object at time: 68646:
Expected: {"StartTime":68794.0,"Position":293.25525,"HyperDash":false}
Received: {"StartTime":68794.5,"Position":298.13715,"HyperDash":false}

  176) The conversion generated differing hitobjects for object at time: 68646:
Expected: {"StartTime":68868.0,"Position":281.38287,"HyperDash":false}
Received: {"StartTime":68868.75,"Position":296.20572,"HyperDash":false}

  177) The conversion generated differing hitobjects for object at time: 69313:
Expected: {"StartTime":69387.0,"Position":268.51,"HyperDash":false}
Received: {"StartTime":69387.25,"Position":242.44528,"HyperDash":false}

  178) The conversion generated differing hitobjects for object at time: 69313:
Expected: {"StartTime":69535.0,"Position":233.52997,"HyperDash":false}
Received: {"StartTime":69535.75,"Position":210.33583,"HyperDash":false}

  179) The conversion generated differing hitobjects for object at time: 69980:
Expected: {"StartTime":70054.0,"Position":193.22223,"HyperDash":false}
Received: {"StartTime":70054.25,"Position":173.16,"HyperDash":false}

  180) The conversion generated differing hitobjects for object at time: 69980:
Expected: {"StartTime":70202.0,"Position":162.66666,"HyperDash":false}
Received: {"StartTime":70202.75,"Position":159.48,"HyperDash":false}

  181) The conversion generated differing hitobjects for object at time: 70647:
Expected: {"StartTime":70795.0,"Position":105.50394,"HyperDash":false}
Received: {"StartTime":70795.5,"Position":89.372696,"HyperDash":false}

  182) The conversion generated differing hitobjects for object at time: 70647:
Expected: {"StartTime":70869.0,"Position":59.755898,"HyperDash":false}
Received: {"StartTime":70869.75,"Position":87.559044,"HyperDash":false}

  183) The conversion generated differing hitobjects for object at time: 71647:
Expected: {"StartTime":71730.0,"Position":42.17414,"HyperDash":false}
Received: {"StartTime":71730.0,"Position":56.132496,"HyperDash":false}

  184) The conversion generated differing hitobjects for object at time: 71647:
Expected: {"StartTime":71878.0,"Position":48.009186,"HyperDash":false}
Received: {"StartTime":71879.16666666667,"Position":69.137115,"HyperDash":false}

  185) The conversion generated differing hitobjects for object at time: 72313:
Expected: {"StartTime":72313.0,"Position":344.0,"HyperDash":false}
Received: {"StartTime":72313.0,"Position":192.0,"HyperDash":false}

  186) The conversion generated differing hitobjects for object at time: 72647:
Expected: {"StartTime":72647.0,"Position":256.0,"HyperDash":false}
Received: {"StartTime":72647.0,"Position":408.0,"HyperDash":false}

  187) The conversion generated differing hitobjects for object at time: 72980:
Expected: {"StartTime":72980.0,"Position":344.0,"HyperDash":false}
Received: {"StartTime":72980.0,"Position":192.0,"HyperDash":false}

  188) The conversion generated differing hitobjects for object at time: 73313:
Expected: {"StartTime":73313.0,"Position":192.0,"HyperDash":false}
Received: {"StartTime":73313.0,"Position":207.0,"HyperDash":false}

  189) The conversion generated differing hitobjects for object at time: 73647:
Expected: {"StartTime":73730.0,"Position":35.075592,"HyperDash":false}
Received: {"StartTime":73730.0,"Position":53.018585,"HyperDash":false}

  190) The conversion generated differing hitobjects for object at time: 73647:
Expected: {"StartTime":73878.0,"Position":44.743492,"HyperDash":false}
Received: {"StartTime":73879.16666666667,"Position":37.918602,"HyperDash":false}

  191) The conversion generated differing hitobjects for object at time: 74313:
Expected: {"StartTime":74313.0,"Position":208.0,"HyperDash":false}
Received: {"StartTime":74313.0,"Position":152.0,"HyperDash":false}

  192) The conversion generated differing hitobjects for object at time: 74647:
Expected: {"StartTime":74813.0,"Position":152.1162,"HyperDash":false}
Received: {"StartTime":74813.5,"Position":161.24603,"HyperDash":false}

  193) The conversion generated differing hitobjects for object at time: 74647:
Expected: {"StartTime":75063.0,"Position":218.52068,"HyperDash":false}
Received: {"StartTime":75063.58333333333,"Position":225.5975,"HyperDash":false}

  194) The conversion generated differing hitobjects for object at time: 74647:
Expected: {"StartTime":75146.0,"Position":260.40344,"HyperDash":false}
Received: {"StartTime":75146.83333333333,"Position":251.55434,"HyperDash":false}

  195) The conversion generated differing hitobjects for object at time: 74647:
Expected: {"StartTime":75229.0,"Position":258.21,"HyperDash":false}
Received: {"StartTime":75230.08333333333,"Position":271.43353,"HyperDash":false}

  196) The conversion generated differing hitobjects for object at time: 74647:
Expected: {"StartTime":75387.0,"Position":303.6625,"HyperDash":false}
Received: {"StartTime":75388.16666666667,"Position":297.73016,"HyperDash":false}

  197) The conversion generated differing hitobjects for object at time: 74647:
Expected: {"StartTime":75462.0,"Position":337.3289,"HyperDash":false}
Received: {"StartTime":75462.66666666667,"Position":324.21332,"HyperDash":false}

  198) The conversion generated differing hitobjects for object at time: 75980:
Expected: {"StartTime":76146.0,"Position":442.89072,"HyperDash":false}
Received: {"StartTime":76146.5,"Position":478.8572,"HyperDash":false}

  199) The conversion generated differing hitobjects for object at time: 75980:
Expected: {"StartTime":76229.0,"Position":461.40366,"HyperDash":false}
Received: {"StartTime":76229.75,"Position":471.3793,"HyperDash":false}

  200) The conversion generated differing hitobjects for object at time: 75980:
Expected: {"StartTime":76387.0,"Position":453.87897,"HyperDash":false}
Received: {"StartTime":76387.58333333333,"Position":435.87314,"HyperDash":false}

  201) The conversion generated differing hitobjects for object at time: 75980:
Expected: {"StartTime":76535.0,"Position":431.04855,"HyperDash":false}
Received: {"StartTime":76536.08333333333,"Position":463.9943,"HyperDash":false}

  202) The conversion generated differing hitobjects for object at time: 76980:
Expected: {"StartTime":77054.0,"Position":316.47415,"HyperDash":false}
Received: {"StartTime":77054.25,"Position":328.5003,"HyperDash":false}

  203) The conversion generated differing hitobjects for object at time: 76980:
Expected: {"StartTime":77128.0,"Position":343.94827,"HyperDash":false}
Received: {"StartTime":77128.5,"Position":339.0006,"HyperDash":false}

  204) The conversion generated differing hitobjects for object at time: 76980:
Expected: {"StartTime":77202.0,"Position":335.42242,"HyperDash":false}
Received: {"StartTime":77202.75,"Position":340.50092,"HyperDash":false}

  205) The conversion generated differing hitobjects for object at time: 77646:
Expected: {"StartTime":77720.0,"Position":272.0,"HyperDash":false}
Received: {"StartTime":77720.25,"Position":244.0,"HyperDash":false}

  206) The conversion generated differing hitobjects for object at time: 77646:
Expected: {"StartTime":77794.0,"Position":270.0,"HyperDash":false}
Received: {"StartTime":77794.5,"Position":256.0,"HyperDash":false}

  207) The conversion generated differing hitobjects for object at time: 77646:
Expected: {"StartTime":77868.0,"Position":249.0,"HyperDash":false}
Received: {"StartTime":77868.75,"Position":266.0,"HyperDash":false}

  208) The conversion generated differing hitobjects for object at time: 78313:
Expected: {"StartTime":78461.0,"Position":159.05171,"HyperDash":false}
Received: {"StartTime":78461.5,"Position":173.9994,"HyperDash":false}

  209) The conversion generated differing hitobjects for object at time: 78313:
Expected: {"StartTime":78535.0,"Position":183.57758,"HyperDash":false}
Received: {"StartTime":78535.75,"Position":153.4991,"HyperDash":false}

  210) The conversion generated differing hitobjects for object at time: 78980:
Expected: {"StartTime":78980.0,"Position":280.0,"HyperDash":false}
Received: {"StartTime":78980.0,"Position":273.63364,"HyperDash":false}

  211) The conversion generated differing hitobjects for object at time: 79313:
Expected: {"StartTime":79396.0,"Position":342.93982,"HyperDash":false}
Received: {"StartTime":79396.25,"Position":353.02103,"HyperDash":false}

  212) The conversion generated differing hitobjects for object at time: 79313:
Expected: {"StartTime":79479.0,"Position":365.9111,"HyperDash":false}
Received: {"StartTime":79479.5,"Position":344.0549,"HyperDash":false}

  213) The conversion generated differing hitobjects for object at time: 79313:
Expected: {"StartTime":79562.0,"Position":376.53537,"HyperDash":false}
Received: {"StartTime":79562.75,"Position":396.7238,"HyperDash":false}

  214) The conversion generated differing hitobjects for object at time: 79980:
Expected: {"StartTime":80063.0,"Position":393.19067,"HyperDash":false}
Received: {"StartTime":80063.25,"Position":383.09207,"HyperDash":false}

  215) The conversion generated differing hitobjects for object at time: 79980:
Expected: {"StartTime":80146.0,"Position":340.93607,"HyperDash":false}
Received: {"StartTime":80146.5,"Position":370.74722,"HyperDash":false}

  216) The conversion generated differing hitobjects for object at time: 79980:
Expected: {"StartTime":80229.0,"Position":331.74994,"HyperDash":false}
Received: {"StartTime":80229.75,"Position":337.48425,"HyperDash":false}

  217) The conversion generated differing hitobjects for object at time: 79980:
Expected: {"StartTime":80378.0,"Position":308.81082,"HyperDash":false}
Received: {"StartTime":80378.83333333333,"Position":285.65927,"HyperDash":false}

  218) The conversion generated differing hitobjects for object at time: 80647:
Expected: {"StartTime":80730.0,"Position":199.52628,"HyperDash":false}
Received: {"StartTime":80730.25,"Position":221.44476,"HyperDash":false}

  219) The conversion generated differing hitobjects for object at time: 80647:
Expected: {"StartTime":80813.0,"Position":215.92566,"HyperDash":false}
Received: {"StartTime":80813.5,"Position":187.75262,"HyperDash":false}

  220) The conversion generated differing hitobjects for object at time: 80647:
Expected: {"StartTime":80896.0,"Position":186.38647,"HyperDash":false}
Received: {"StartTime":80896.75,"Position":171.11105,"HyperDash":false}

  221) The conversion generated differing hitobjects for object at time: 81313:
Expected: {"StartTime":81396.0,"Position":110.13554,"HyperDash":false}
Received: {"StartTime":81396.25,"Position":94.19689,"HyperDash":false}

  222) The conversion generated differing hitobjects for object at time: 81313:
Expected: {"StartTime":81479.0,"Position":112.874176,"HyperDash":false}
Received: {"StartTime":81479.5,"Position":92.996475,"HyperDash":false}

  223) The conversion generated differing hitobjects for object at time: 81313:
Expected: {"StartTime":81562.0,"Position":127.18836,"HyperDash":false}
Received: {"StartTime":81562.75,"Position":112.39369,"HyperDash":false}

  224) The conversion generated differing hitobjects for object at time: 81313:
Expected: {"StartTime":81711.0,"Position":162.4082,"HyperDash":false}
Received: {"StartTime":81711.83333333333,"Position":158.581,"HyperDash":false}

  225) The conversion generated differing hitobjects for object at time: 81980:
Expected: {"StartTime":81980.0,"Position":240.0,"HyperDash":false}
Received: {"StartTime":81980.0,"Position":262.5373,"HyperDash":false}

  226) The conversion generated differing hitobjects for object at time: 82313:
Expected: {"StartTime":82396.0,"Position":356.92493,"HyperDash":false}
Received: {"StartTime":82396.0,"Position":364.0,"HyperDash":false}

  227) The conversion generated differing hitobjects for object at time: 82313:
Expected: {"StartTime":82544.0,"Position":367.6306,"HyperDash":false}
Received: {"StartTime":82545.16666666667,"Position":362.4,"HyperDash":false}

  228) The conversion generated differing hitobjects for object at time: 82980:
Expected: {"StartTime":82980.0,"Position":96.0,"HyperDash":false}
Received: {"StartTime":82980.0,"Position":160.0,"HyperDash":false}

  229) The conversion generated differing hitobjects for object at time: 84313:
Expected: {"StartTime":84396.0,"Position":209.0,"HyperDash":false}
Received: {"StartTime":84396.0,"Position":220.0,"HyperDash":false}

  230) The conversion generated differing hitobjects for object at time: 84313:
Expected: {"StartTime":84544.0,"Position":230.0,"HyperDash":false}
Received: {"StartTime":84545.16666666667,"Position":223.0,"HyperDash":false}

  231) The conversion generated differing hitobjects for object at time: 87313:
Expected: {"StartTime":87396.0,"Position":109.90622,"HyperDash":false}
Received: {"StartTime":87396.25,"Position":129.0,"HyperDash":false}

  232) The conversion generated differing hitobjects for object at time: 87313:
Expected: {"StartTime":87562.0,"Position":184.71869,"HyperDash":false}
Received: {"StartTime":87562.75,"Position":180.0,"HyperDash":false}

  233) The conversion generated differing hitobjects for object at time: 87313:
Expected: {"StartTime":87729.0,"Position":222.8312,"HyperDash":false}
Received: {"StartTime":87729.58333333333,"Position":219.0,"HyperDash":false}

  234) The conversion generated differing hitobjects for object at time: 87313:
Expected: {"StartTime":87812.0,"Position":240.73743,"HyperDash":false}
Received: {"StartTime":87812.83333333333,"Position":249.0,"HyperDash":false}

  235) The conversion generated differing hitobjects for object at time: 87313:
Expected: {"StartTime":87895.0,"Position":269.64368,"HyperDash":false}
Received: {"StartTime":87896.08333333333,"Position":296.0,"HyperDash":false}

  236) The conversion generated differing hitobjects for object at time: 87313:
Expected: {"StartTime":88062.0,"Position":273.2438,"HyperDash":false}
Received: {"StartTime":88063.16666666667,"Position":261.0,"HyperDash":false}

  237) The conversion generated differing hitobjects for object at time: 87313:
Expected: {"StartTime":88146.0,"Position":243.0375,"HyperDash":false}
Received: {"StartTime":88146.66666666667,"Position":269.0,"HyperDash":false}

  238) The conversion generated differing hitobjects for object at time: 87313:
Expected: {"StartTime":88229.0,"Position":229.13127,"HyperDash":false}
Received: {"StartTime":88230.16666666667,"Position":247.0,"HyperDash":false}

  239) The conversion generated differing hitobjects for object at time: 87313:
Expected: {"StartTime":88387.0,"Position":182.71942,"HyperDash":false}
Received: {"StartTime":88387.25,"Position":166.70001,"HyperDash":false}

  240) The conversion generated differing hitobjects for object at time: 87313:
Expected: {"StartTime":88461.0,"Position":174.51389,"HyperDash":false}
Received: {"StartTime":88461.5,"Position":171.4,"HyperDash":false}

  241) The conversion generated differing hitobjects for object at time: 87313:
Expected: {"StartTime":88535.0,"Position":126.30832,"HyperDash":false}
Received: {"StartTime":88535.75,"Position":149.1,"HyperDash":false}

  242) The conversion generated differing hitobjects for object at time: 89980:
Expected: {"StartTime":90063.0,"Position":262.89844,"HyperDash":false}
Received: {"StartTime":90063.25,"Position":283.9722,"HyperDash":false}

  243) The conversion generated differing hitobjects for object at time: 89980:
Expected: {"StartTime":90146.0,"Position":310.59195,"HyperDash":false}
Received: {"StartTime":90146.5,"Position":286.73737,"HyperDash":false}

  244) The conversion generated differing hitobjects for object at time: 89980:
Expected: {"StartTime":90229.0,"Position":298.8366,"HyperDash":false}
Received: {"StartTime":90229.75,"Position":305.05383,"HyperDash":false}

  245) The conversion generated differing hitobjects for object at time: 89980:
Expected: {"StartTime":90387.0,"Position":379.91785,"HyperDash":false}
Received: {"StartTime":90387.58333333333,"Position":374.9903,"HyperDash":false}

  246) The conversion generated differing hitobjects for object at time: 89980:
Expected: {"StartTime":90461.0,"Position":364.34467,"HyperDash":false}
Received: {"StartTime":90461.83333333333,"Position":381.47394,"HyperDash":false}

  247) The conversion generated differing hitobjects for object at time: 89980:
Expected: {"StartTime":90535.0,"Position":383.88535,"HyperDash":false}
Received: {"StartTime":90536.08333333333,"Position":400.06818,"HyperDash":false}

  248) The conversion generated differing hitobjects for object at time: 90980:
Expected: {"StartTime":90980.0,"Position":388.0,"HyperDash":false}
Received: {"StartTime":90980.0,"Position":406.0284,"HyperDash":false}

  249) The conversion generated differing hitobjects for object at time: 91313:
Expected: {"StartTime":91396.0,"Position":299.12222,"HyperDash":false}
Received: {"StartTime":91396.25,"Position":281.04785,"HyperDash":false}

  250) The conversion generated differing hitobjects for object at time: 91313:
Expected: {"StartTime":91479.0,"Position":274.51077,"HyperDash":false}
Received: {"StartTime":91479.5,"Position":278.3648,"HyperDash":false}

  251) The conversion generated differing hitobjects for object at time: 91313:
Expected: {"StartTime":91562.0,"Position":253.37755,"HyperDash":false}
Received: {"StartTime":91562.75,"Position":247.1624,"HyperDash":false}

  252) The conversion generated differing hitobjects for object at time: 91313:
Expected: {"StartTime":91720.0,"Position":180.22453,"HyperDash":false}
Received: {"StartTime":91720.58333333333,"Position":210.15567,"HyperDash":false}

  253) The conversion generated differing hitobjects for object at time: 91313:
Expected: {"StartTime":91794.0,"Position":170.44595,"HyperDash":false}
Received: {"StartTime":91794.83333333333,"Position":159.31325,"HyperDash":false}

  254) The conversion generated differing hitobjects for object at time: 91313:
Expected: {"StartTime":91868.0,"Position":168.25264,"HyperDash":false}
Received: {"StartTime":91869.08333333333,"Position":155.05829,"HyperDash":false}

  255) The conversion generated differing hitobjects for object at time: 92313:
Expected: {"StartTime":92387.0,"Position":105.60699,"HyperDash":false}
Received: {"StartTime":92387.25,"Position":90.68872,"HyperDash":false}

  256) The conversion generated differing hitobjects for object at time: 92313:
Expected: {"StartTime":92461.0,"Position":128.52435,"HyperDash":false}
Received: {"StartTime":92461.5,"Position":117.68094,"HyperDash":false}

  257) The conversion generated differing hitobjects for object at time: 92313:
Expected: {"StartTime":92535.0,"Position":143.58302,"HyperDash":false}
Received: {"StartTime":92535.75,"Position":139.81393,"HyperDash":false}

  258) The conversion generated differing hitobjects for object at time: 92980:
Expected: {"StartTime":93063.0,"Position":310.7525,"HyperDash":false}
Received: {"StartTime":93063.0,"Position":287.7608,"HyperDash":false}

  259) The conversion generated differing hitobjects for object at time: 92980:
Expected: {"StartTime":93211.0,"Position":304.3826,"HyperDash":false}
Received: {"StartTime":93212.16666666667,"Position":297.35712,"HyperDash":false}

  260) The conversion generated differing hitobjects for object at time: 93647:
Expected: {"StartTime":93647.0,"Position":260.0,"HyperDash":false}
Received: {"StartTime":93647.0,"Position":268.0,"HyperDash":false}

  261) The conversion generated differing hitobjects for object at time: 95980:
Expected: {"StartTime":96063.0,"Position":23.338867,"HyperDash":false}
Received: {"StartTime":96063.25,"Position":48.39964,"HyperDash":false}

  262) The conversion generated differing hitobjects for object at time: 95980:
Expected: {"StartTime":96146.0,"Position":59.53566,"HyperDash":false}
Received: {"StartTime":96146.5,"Position":51.67292,"HyperDash":false}

  263) The conversion generated differing hitobjects for object at time: 95980:
Expected: {"StartTime":96229.0,"Position":66.516685,"HyperDash":false}
Received: {"StartTime":96229.75,"Position":98.73448,"HyperDash":false}

  264) The conversion generated differing hitobjects for object at time: 95980:
Expected: {"StartTime":96461.0,"Position":144.31844,"HyperDash":false}
Received: {"StartTime":96461.83333333333,"Position":140.47115,"HyperDash":false}

  265) The conversion generated differing hitobjects for object at time: 95980:
Expected: {"StartTime":96535.0,"Position":175.62523,"HyperDash":false}
Received: {"StartTime":96536.08333333333,"Position":164.84583,"HyperDash":false}

  266) The conversion generated differing hitobjects for object at time: 96980:
Expected: {"StartTime":96980.0,"Position":396.0,"HyperDash":false}
Received: {"StartTime":96980.0,"Position":404.2012,"HyperDash":false}

  267) The conversion generated differing hitobjects for object at time: 97313:
Expected: {"StartTime":97396.0,"Position":391.7448,"HyperDash":false}
Received: {"StartTime":97396.25,"Position":404.6905,"HyperDash":false}

  268) The conversion generated differing hitobjects for object at time: 97313:
Expected: {"StartTime":97479.0,"Position":402.38394,"HyperDash":false}
Received: {"StartTime":97479.5,"Position":378.26025,"HyperDash":false}

  269) The conversion generated differing hitobjects for object at time: 97313:
Expected: {"StartTime":97562.0,"Position":373.65378,"HyperDash":false}
Received: {"StartTime":97562.75,"Position":382.45004,"HyperDash":false}

  270) The conversion generated differing hitobjects for object at time: 97313:
Expected: {"StartTime":97720.0,"Position":351.98294,"HyperDash":false}
Received: {"StartTime":97720.58333333333,"Position":368.0504,"HyperDash":false}

  271) The conversion generated differing hitobjects for object at time: 97313:
Expected: {"StartTime":97868.0,"Position":388.3252,"HyperDash":false}
Received: {"StartTime":97869.08333333333,"Position":402.47644,"HyperDash":false}

  272) The conversion generated differing hitobjects for object at time: 98146:
Expected: {"StartTime":98146.0,"Position":127.0,"HyperDash":false}
Received: {"StartTime":98146.0,"Position":54.913254,"HyperDash":false}

  273) The conversion generated differing hitobjects for object at time: 98146:
Expected: {"StartTime":98224.0,"Position":161.0,"HyperDash":false}
Received: {"StartTime":98224.125,"Position":29.14941,"HyperDash":false}

  274) The conversion generated differing hitobjects for object at time: 98146:
Expected: {"StartTime":98302.0,"Position":332.0,"HyperDash":false}
Received: {"StartTime":98302.25,"Position":69.43052,"HyperDash":false}

  275) The conversion generated differing hitobjects for object at time: 98146:
Expected: {"StartTime":98380.0,"Position":356.0,"HyperDash":false}
Received: {"StartTime":98380.375,"Position":110.0262,"HyperDash":false}

  276) The conversion generated differing hitobjects for object at time: 98146:
Expected: {"StartTime":98458.0,"Position":362.0,"HyperDash":false}
Received: {"StartTime":98458.5,"Position":167.15698,"HyperDash":false}

  277) The conversion generated differing hitobjects for object at time: 98146:
Expected: {"StartTime":98536.0,"Position":347.0,"HyperDash":false}
Received: {"StartTime":98536.625,"Position":56.166637,"HyperDash":false}

  278) The conversion generated differing hitobjects for object at time: 98146:
Expected: {"StartTime":98614.0,"Position":252.0,"HyperDash":false}
Received: {"StartTime":98614.75,"Position":10.146959,"HyperDash":false}

  279) The conversion generated differing hitobjects for object at time: 98146:
Expected: {"StartTime":98692.0,"Position":477.0,"HyperDash":false}
Received: {"StartTime":98692.875,"Position":308.95013,"HyperDash":false}

  280) The conversion generated differing hitobjects for object at time: 98146:
Expected: {"StartTime":98771.0,"Position":358.0,"HyperDash":false}
Received: {"StartTime":98771.0,"Position":288.25006,"HyperDash":false}

  281) The conversion generated differing hitobjects for object at time: 98146:
Expected: {"StartTime":98849.0,"Position":17.0,"HyperDash":false}
Received: {"StartTime":98849.125,"Position":57.25569,"HyperDash":false}

  282) The conversion generated differing hitobjects for object at time: 98146:
Expected: {"StartTime":98927.0,"Position":399.0,"HyperDash":false}
Received: {"StartTime":98927.25,"Position":258.17734,"HyperDash":false}

  283) The conversion generated differing hitobjects for object at time: 98146:
Expected: {"StartTime":99005.0,"Position":280.0,"HyperDash":false}
Received: {"StartTime":99005.375,"Position":180.98752,"HyperDash":false}

  284) The conversion generated differing hitobjects for object at time: 98146:
Expected: {"StartTime":99083.0,"Position":304.0,"HyperDash":false}
Received: {"StartTime":99083.5,"Position":198.62968,"HyperDash":false}

  285) The conversion generated differing hitobjects for object at time: 98146:
Expected: {"StartTime":99161.0,"Position":221.0,"HyperDash":false}
Received: {"StartTime":99161.625,"Position":211.70355,"HyperDash":false}

  286) The conversion generated differing hitobjects for object at time: 98146:
Expected: {"StartTime":99239.0,"Position":407.0,"HyperDash":false}
Received: {"StartTime":99239.75,"Position":503.37738,"HyperDash":false}

  287) The conversion generated differing hitobjects for object at time: 98146:
Expected: {"StartTime":99317.0,"Position":287.0,"HyperDash":false}
Received: {"StartTime":99317.875,"Position":324.80487,"HyperDash":false}

  288) The conversion generated differing hitobjects for object at time: 98146:
Expected: {"StartTime":99396.0,"Position":135.0,"HyperDash":false}
Received: {"StartTime":99396.0,"Position":20.679,"HyperDash":false}

  289) The conversion generated differing hitobjects for object at time: 98146:
Expected: {"StartTime":99474.0,"Position":437.0,"HyperDash":false}
Received: {"StartTime":99474.125,"Position":169.85199,"HyperDash":false}

  290) The conversion generated differing hitobjects for object at time: 98146:
Expected: {"StartTime":99552.0,"Position":289.0,"HyperDash":false}
Received: {"StartTime":99552.25,"Position":93.77252,"HyperDash":false}

  291) The conversion generated differing hitobjects for object at time: 98146:
Expected: {"StartTime":99630.0,"Position":464.0,"HyperDash":false}
Received: {"StartTime":99630.375,"Position":267.40042,"HyperDash":false}

  292) The conversion generated differing hitobjects for object at time: 98146:
Expected: {"StartTime":99708.0,"Position":36.0,"HyperDash":false}
Received: {"StartTime":99708.5,"Position":276.48233,"HyperDash":false}

  293) The conversion generated differing hitobjects for object at time: 98146:
Expected: {"StartTime":99786.0,"Position":378.0,"HyperDash":false}
Received: {"StartTime":99786.625,"Position":367.7183,"HyperDash":false}

  294) The conversion generated differing hitobjects for object at time: 98146:
Expected: {"StartTime":99864.0,"Position":297.0,"HyperDash":false}
Received: {"StartTime":99864.75,"Position":409.0937,"HyperDash":false}

  295) The conversion generated differing hitobjects for object at time: 98146:
Expected: {"StartTime":99942.0,"Position":418.0,"HyperDash":false}
Received: {"StartTime":99942.875,"Position":117.38909,"HyperDash":false}

  296) The conversion generated differing hitobjects for object at time: 98146:
Expected: {"StartTime":100021.0,"Position":329.0,"HyperDash":false}
Received: {"StartTime":100021.0,"Position":226.13916,"HyperDash":false}

  297) The conversion generated differing hitobjects for object at time: 98146:
Expected: {"StartTime":100099.0,"Position":338.0,"HyperDash":false}
Received: {"StartTime":100099.125,"Position":469.8517,"HyperDash":false}

  298) The conversion generated differing hitobjects for object at time: 98146:
Expected: {"StartTime":100177.0,"Position":394.0,"HyperDash":false}
Received: {"StartTime":100177.25,"Position":267.81638,"HyperDash":false}

  299) The conversion generated differing hitobjects for object at time: 98146:
Expected: {"StartTime":100255.0,"Position":40.0,"HyperDash":false}
Received: {"StartTime":100255.375,"Position":477.28726,"HyperDash":false}

  300) The conversion generated differing hitobjects for object at time: 98146:
Expected: {"StartTime":100333.0,"Position":13.0,"HyperDash":false}
Received: {"StartTime":100333.5,"Position":282.86923,"HyperDash":false}

  301) The conversion generated differing hitobjects for object at time: 98146:
Expected: {"StartTime":100411.0,"Position":80.0,"HyperDash":false}
Received: {"StartTime":100411.625,"Position":216.80115,"HyperDash":false}

  302) The conversion generated differing hitobjects for object at time: 98146:
Expected: {"StartTime":100489.0,"Position":138.0,"HyperDash":false}
Received: {"StartTime":100489.75,"Position":106.780945,"HyperDash":false}

  303) The conversion generated differing hitobjects for object at time: 98146:
Expected: {"StartTime":100567.0,"Position":311.0,"HyperDash":false}
Received: {"StartTime":100567.875,"Position":353.788,"HyperDash":false}

  304) The conversion generated differing hitobjects for object at time: 98146:
Expected: {"StartTime":100646.0,"Position":216.0,"HyperDash":false}
Received: {"StartTime":100646.0,"Position":162.4594,"HyperDash":false}

  305) The conversion generated differing hitobjects for object at time: 121313:
Expected: {"StartTime":121387.0,"Position":130.22223,"HyperDash":false}
Received: {"StartTime":121387.25,"Position":142.3,"HyperDash":false}

  306) The conversion generated differing hitobjects for object at time: 121313:
Expected: {"StartTime":121461.0,"Position":155.44444,"HyperDash":false}
Received: {"StartTime":121461.5,"Position":136.6,"HyperDash":false}

  307) The conversion generated differing hitobjects for object at time: 121313:
Expected: {"StartTime":121535.0,"Position":183.66667,"HyperDash":false}
Received: {"StartTime":121535.75,"Position":172.9,"HyperDash":false}

  308) The conversion generated differing hitobjects for object at time: 121980:
Expected: {"StartTime":122063.0,"Position":189.65837,"HyperDash":false}
Received: {"StartTime":122063.25,"Position":217.72662,"HyperDash":false}

  309) The conversion generated differing hitobjects for object at time: 121980:
Expected: {"StartTime":122146.0,"Position":232.31674,"HyperDash":false}
Received: {"StartTime":122146.5,"Position":221.45325,"HyperDash":false}

  310) The conversion generated differing hitobjects for object at time: 121980:
Expected: {"StartTime":122229.0,"Position":235.97513,"HyperDash":false}
Received: {"StartTime":122229.75,"Position":250.17987,"HyperDash":false}

  311) The conversion generated differing hitobjects for object at time: 121980:
Expected: {"StartTime":122387.0,"Position":295.1079,"HyperDash":false}
Received: {"StartTime":122387.58333333333,"Position":281.17865,"HyperDash":false}

  312) The conversion generated differing hitobjects for object at time: 121980:
Expected: {"StartTime":122461.0,"Position":303.3094,"HyperDash":false}
Received: {"StartTime":122461.83333333333,"Position":315.45078,"HyperDash":false}

  313) The conversion generated differing hitobjects for object at time: 121980:
Expected: {"StartTime":122535.0,"Position":343.5108,"HyperDash":false}
Received: {"StartTime":122536.08333333333,"Position":308.72293,"HyperDash":false}

  314) The conversion generated differing hitobjects for object at time: 123647:
Expected: {"StartTime":123721.0,"Position":175.80731,"HyperDash":false}
Received: {"StartTime":123721.25,"Position":168.88014,"HyperDash":false}

  315) The conversion generated differing hitobjects for object at time: 123647:
Expected: {"StartTime":123795.0,"Position":177.61462,"HyperDash":false}
Received: {"StartTime":123795.5,"Position":187.76028,"HyperDash":false}

  316) The conversion generated differing hitobjects for object at time: 124313:
Expected: {"StartTime":124387.0,"Position":311.12384,"HyperDash":false}
Received: {"StartTime":124387.25,"Position":324.05426,"HyperDash":false}

  317) The conversion generated differing hitobjects for object at time: 124313:
Expected: {"StartTime":124535.0,"Position":296.37152,"HyperDash":false}
Received: {"StartTime":124535.75,"Position":302.1628,"HyperDash":false}

  318) The conversion generated differing hitobjects for object at time: 124980:
Expected: {"StartTime":124980.0,"Position":132.0,"HyperDash":false}
Received: {"StartTime":124980.0,"Position":125.44272,"HyperDash":false}

  319) The conversion generated differing hitobjects for object at time: 125980:
Expected: {"StartTime":126063.0,"Position":236.0,"HyperDash":false}
Received: {"StartTime":126063.25,"Position":259.0,"HyperDash":false}

  320) The conversion generated differing hitobjects for object at time: 125980:
Expected: {"StartTime":126146.0,"Position":241.0,"HyperDash":false}
Received: {"StartTime":126146.5,"Position":274.0,"HyperDash":false}

  321) The conversion generated differing hitobjects for object at time: 125980:
Expected: {"StartTime":126387.0,"Position":266.0,"HyperDash":false}
Received: {"StartTime":126387.58333333333,"Position":273.0,"HyperDash":false}

  322) The conversion generated differing hitobjects for object at time: 125980:
Expected: {"StartTime":126461.0,"Position":262.0,"HyperDash":false}
Received: {"StartTime":126461.83333333333,"Position":258.0,"HyperDash":false}

  323) The conversion generated differing hitobjects for object at time: 125980:
Expected: {"StartTime":126535.0,"Position":251.0,"HyperDash":false}
Received: {"StartTime":126536.08333333333,"Position":245.0,"HyperDash":false}

  324) The conversion generated differing hitobjects for object at time: 127313:
Expected: {"StartTime":127396.0,"Position":206.70622,"HyperDash":false}
Received: {"StartTime":127396.25,"Position":231.63171,"HyperDash":false}

  325) The conversion generated differing hitobjects for object at time: 127313:
Expected: {"StartTime":127479.0,"Position":204.91954,"HyperDash":false}
Received: {"StartTime":127479.5,"Position":209.76877,"HyperDash":false}

  326) The conversion generated differing hitobjects for object at time: 127313:
Expected: {"StartTime":127562.0,"Position":169.05411,"HyperDash":false}
Received: {"StartTime":127562.75,"Position":155.83095,"HyperDash":false}

  327) The conversion generated differing hitobjects for object at time: 127313:
Expected: {"StartTime":127720.0,"Position":125.91159,"HyperDash":false}
Received: {"StartTime":127720.58333333333,"Position":107.84142,"HyperDash":false}

  328) The conversion generated differing hitobjects for object at time: 127313:
Expected: {"StartTime":127794.0,"Position":94.83778,"HyperDash":false}
Received: {"StartTime":127794.83333333333,"Position":117.71126,"HyperDash":false}

  329) The conversion generated differing hitobjects for object at time: 127313:
Expected: {"StartTime":127868.0,"Position":101.47862,"HyperDash":false}
Received: {"StartTime":127869.08333333333,"Position":96.304306,"HyperDash":false}

  330) The conversion generated differing hitobjects for object at time: 128313:
Expected: {"StartTime":128387.0,"Position":48.143658,"HyperDash":false}
Received: {"StartTime":128387.25,"Position":35.221603,"HyperDash":false}

  331) The conversion generated differing hitobjects for object at time: 128313:
Expected: {"StartTime":128461.0,"Position":55.980576,"HyperDash":false}
Received: {"StartTime":128461.5,"Position":79.12791,"HyperDash":false}

  332) The conversion generated differing hitobjects for object at time: 128980:
Expected: {"StartTime":129211.0,"Position":224.66817,"HyperDash":false}
Received: {"StartTime":129212.16666666667,"Position":245.70079,"HyperDash":false}

  333) The conversion generated differing hitobjects for object at time: 129647:
Expected: {"StartTime":129721.0,"Position":242.2032,"HyperDash":false}
Received: {"StartTime":129721.25,"Position":230.28096,"HyperDash":false}

  334) The conversion generated differing hitobjects for object at time: 129647:
Expected: {"StartTime":129869.0,"Position":289.17474,"HyperDash":false}
Received: {"StartTime":129869.75,"Position":275.3893,"HyperDash":false}

  335) The conversion generated differing hitobjects for object at time: 130313:
Expected: {"StartTime":130313.0,"Position":464.0,"HyperDash":false}
Received: {"StartTime":130313.0,"Position":474.20074,"HyperDash":false}

  336) The conversion generated differing hitobjects for object at time: 130647:
Expected: {"StartTime":130647.0,"Position":312.0,"HyperDash":false}
Received: {"StartTime":130647.0,"Position":301.79926,"HyperDash":false}

  337) The conversion generated differing hitobjects for object at time: 130980:
Expected: {"StartTime":130980.0,"Position":360.0,"HyperDash":false}
Received: {"StartTime":130980.0,"Position":370.20074,"HyperDash":false}

  338) The conversion generated differing hitobjects for object at time: 131313:
Expected: {"StartTime":131313.0,"Position":312.0,"HyperDash":false}
Received: {"StartTime":131313.0,"Position":301.79926,"HyperDash":false}

  339) The conversion generated differing hitobjects for object at time: 132647:
Expected: {"StartTime":132795.0,"Position":180.58537,"HyperDash":false}
Received: {"StartTime":132795.5,"Position":162.74243,"HyperDash":false}

  340) The conversion generated differing hitobjects for object at time: 132647:
Expected: {"StartTime":132869.0,"Position":207.75586,"HyperDash":false}
Received: {"StartTime":132869.75,"Position":198.9914,"HyperDash":false}

  341) The conversion generated differing hitobjects for object at time: 133147:
Expected: {"StartTime":133147.0,"Position":288.0,"HyperDash":false}
Received: {"StartTime":133147.0,"Position":303.2058,"HyperDash":false}

  342) The conversion generated differing hitobjects for object at time: 133313:
Expected: {"StartTime":133387.0,"Position":276.64944,"HyperDash":false}
Received: {"StartTime":133387.25,"Position":271.58246,"HyperDash":false}

  343) The conversion generated differing hitobjects for object at time: 133313:
Expected: {"StartTime":133461.0,"Position":249.77385,"HyperDash":false}
Received: {"StartTime":133461.5,"Position":233.63095,"HyperDash":false}

  344) The conversion generated differing hitobjects for object at time: 133313:
Expected: {"StartTime":133535.0,"Position":218.13956,"HyperDash":false}
Received: {"StartTime":133535.75,"Position":233.90955,"HyperDash":false}

  345) The conversion generated differing hitobjects for object at time: 134313:
Expected: {"StartTime":134313.0,"Position":61.0,"HyperDash":false}
Received: {"StartTime":134313.0,"Position":87.0,"HyperDash":false}

  346) The conversion generated differing hitobjects for object at time: 134647:
Expected: {"StartTime":134721.0,"Position":102.67413,"HyperDash":false}
Received: {"StartTime":134721.25,"Position":89.7318,"HyperDash":false}

  347) The conversion generated differing hitobjects for object at time: 134647:
Expected: {"StartTime":134795.0,"Position":111.358536,"HyperDash":false}
Received: {"StartTime":134795.5,"Position":131.48488,"HyperDash":false}

  348) The conversion generated differing hitobjects for object at time: 134647:
Expected: {"StartTime":134869.0,"Position":120.496475,"HyperDash":false}
Received: {"StartTime":134869.75,"Position":143.70102,"HyperDash":false}

  349) The conversion generated differing hitobjects for object at time: 135147:
Expected: {"StartTime":135147.0,"Position":232.0,"HyperDash":false}
Received: {"StartTime":135147.0,"Position":243.22272,"HyperDash":false}

  350) The conversion generated differing hitobjects for object at time: 135313:
Expected: {"StartTime":135387.0,"Position":257.8205,"HyperDash":false}
Received: {"StartTime":135387.25,"Position":267.8958,"HyperDash":false}

  351) The conversion generated differing hitobjects for object at time: 135313:
Expected: {"StartTime":135535.0,"Position":319.99332,"HyperDash":false}
Received: {"StartTime":135535.75,"Position":305.17834,"HyperDash":false}

  352) The conversion generated differing hitobjects for object at time: 135980:
Expected: {"StartTime":136054.0,"Position":393.3103,"HyperDash":false}
Received: {"StartTime":136054.25,"Position":386.28696,"HyperDash":false}

  353) The conversion generated differing hitobjects for object at time: 135980:
Expected: {"StartTime":136128.0,"Position":410.29117,"HyperDash":false}
Received: {"StartTime":136128.5,"Position":377.21945,"HyperDash":false}

  354) The conversion generated differing hitobjects for object at time: 136647:
Expected: {"StartTime":136647.0,"Position":168.0,"HyperDash":false}
Received: {"StartTime":136647.0,"Position":252.0,"HyperDash":false}

  355) The conversion generated differing hitobjects for object at time: 136980:
Expected: {"StartTime":136980.0,"Position":336.0,"HyperDash":false}
Received: {"StartTime":136980.0,"Position":271.0,"HyperDash":false}

  356) The conversion generated differing hitobjects for object at time: 137313:
Expected: {"StartTime":137387.0,"Position":248.06503,"HyperDash":false}
Received: {"StartTime":137387.25,"Position":255.1294,"HyperDash":false}

  357) The conversion generated differing hitobjects for object at time: 137313:
Expected: {"StartTime":137461.0,"Position":292.43524,"HyperDash":false}
Received: {"StartTime":137461.5,"Position":276.54556,"HyperDash":false}

  358) The conversion generated differing hitobjects for object at time: 137313:
Expected: {"StartTime":137535.0,"Position":300.6758,"HyperDash":false}
Received: {"StartTime":137535.75,"Position":284.8016,"HyperDash":false}

  359) The conversion generated differing hitobjects for object at time: 137813:
Expected: {"StartTime":137813.0,"Position":288.0,"HyperDash":false}
Received: {"StartTime":137813.0,"Position":292.29062,"HyperDash":false}

  360) The conversion generated differing hitobjects for object at time: 137980:
Expected: {"StartTime":138054.0,"Position":257.48718,"HyperDash":false}
Received: {"StartTime":138054.25,"Position":274.41537,"HyperDash":false}

  361) The conversion generated differing hitobjects for object at time: 137980:
Expected: {"StartTime":138128.0,"Position":243.97437,"HyperDash":false}
Received: {"StartTime":138128.5,"Position":229.83076,"HyperDash":false}

  362) The conversion generated differing hitobjects for object at time: 138647:
Expected: {"StartTime":138721.0,"Position":108.36719,"HyperDash":false}
Received: {"StartTime":138721.25,"Position":138.29497,"HyperDash":false}

  363) The conversion generated differing hitobjects for object at time: 138647:
Expected: {"StartTime":138795.0,"Position":83.73437,"HyperDash":false}
Received: {"StartTime":138795.5,"Position":108.589935,"HyperDash":false}

  364) The conversion generated differing hitobjects for object at time: 138647:
Expected: {"StartTime":138869.0,"Position":69.10155,"HyperDash":false}
Received: {"StartTime":138869.75,"Position":97.88491,"HyperDash":false}

  365) The conversion generated differing hitobjects for object at time: 139313:
Expected: {"StartTime":139387.0,"Position":150.77368,"HyperDash":false}
Received: {"StartTime":139387.25,"Position":176.72389,"HyperDash":false}

  366) The conversion generated differing hitobjects for object at time: 139980:
Expected: {"StartTime":140054.0,"Position":258.22632,"HyperDash":false}
Received: {"StartTime":140054.25,"Position":279.27612,"HyperDash":false}

  367) The conversion generated differing hitobjects for object at time: 139980:
Expected: {"StartTime":140128.0,"Position":299.45264,"HyperDash":false}
Received: {"StartTime":140128.5,"Position":266.55222,"HyperDash":false}

  368) The conversion generated differing hitobjects for object at time: 139980:
Expected: {"StartTime":140202.0,"Position":288.67896,"HyperDash":false}
Received: {"StartTime":140202.75,"Position":282.82834,"HyperDash":false}

  369) The conversion generated differing hitobjects for object at time: 140647:
Expected: {"StartTime":140813.0,"Position":421.2818,"HyperDash":false}
Received: {"StartTime":140813.5,"Position":407.159,"HyperDash":false}

  370) The conversion generated differing hitobjects for object at time: 140647:
Expected: {"StartTime":140896.0,"Position":393.82065,"HyperDash":false}
Received: {"StartTime":140896.75,"Position":385.6255,"HyperDash":false}

  371) The conversion generated differing hitobjects for object at time: 140647:
Expected: {"StartTime":141054.0,"Position":362.24347,"HyperDash":false}
Received: {"StartTime":141054.58333333334,"Position":350.16727,"HyperDash":false}

  372) The conversion generated differing hitobjects for object at time: 140647:
Expected: {"StartTime":141128.0,"Position":320.48773,"HyperDash":false}
Received: {"StartTime":141128.83333333334,"Position":336.3269,"HyperDash":false}

  373) The conversion generated differing hitobjects for object at time: 140647:
Expected: {"StartTime":141202.0,"Position":303.0496,"HyperDash":false}
Received: {"StartTime":141203.08333333334,"Position":307.80997,"HyperDash":false}

  374) The conversion generated differing hitobjects for object at time: 141647:
Expected: {"StartTime":141730.0,"Position":140.07507,"HyperDash":false}
Received: {"StartTime":141730.0,"Position":117.0,"HyperDash":false}

  375) The conversion generated differing hitobjects for object at time: 141647:
Expected: {"StartTime":141878.0,"Position":106.36937,"HyperDash":false}
Received: {"StartTime":141879.16666666666,"Position":131.6,"HyperDash":false}

  376) The conversion generated differing hitobjects for object at time: 142647:
Expected: {"StartTime":142730.0,"Position":394.67456,"HyperDash":false}
Received: {"StartTime":142730.25,"Position":424.7338,"HyperDash":false}

  377) The conversion generated differing hitobjects for object at time: 142647:
Expected: {"StartTime":142813.0,"Position":424.3491,"HyperDash":false}
Received: {"StartTime":142813.5,"Position":435.46762,"HyperDash":false}

  378) The conversion generated differing hitobjects for object at time: 142647:
Expected: {"StartTime":142896.0,"Position":448.02362,"HyperDash":false}
Received: {"StartTime":142896.75,"Position":465.20142,"HyperDash":false}

  379) The conversion generated differing hitobjects for object at time: 142647:
Expected: {"StartTime":143054.0,"Position":446.39407,"HyperDash":false}
Received: {"StartTime":143054.58333333334,"Position":435.33267,"HyperDash":false}

  380) The conversion generated differing hitobjects for object at time: 142647:
Expected: {"StartTime":143202.0,"Position":417.31174,"HyperDash":false}
Received: {"StartTime":143203.08333333334,"Position":426.12756,"HyperDash":false}

  381) The conversion generated differing hitobjects for object at time: 143647:
Expected: {"StartTime":143721.0,"Position":277.46768,"HyperDash":false}
Received: {"StartTime":143721.25,"Position":259.4518,"HyperDash":false}

  382) The conversion generated differing hitobjects for object at time: 143647:
Expected: {"StartTime":143795.0,"Position":265.93536,"HyperDash":false}
Received: {"StartTime":143795.5,"Position":281.90363,"HyperDash":false}

  383) The conversion generated differing hitobjects for object at time: 143647:
Expected: {"StartTime":143869.0,"Position":247.40305,"HyperDash":false}
Received: {"StartTime":143869.75,"Position":266.35547,"HyperDash":false}

  384) The conversion generated differing hitobjects for object at time: 144647:
Expected: {"StartTime":144878.0,"Position":130.00919,"HyperDash":false}
Received: {"StartTime":144879.16666666666,"Position":126.137115,"HyperDash":false}

  385) The conversion generated differing hitobjects for object at time: 145313:
Expected: {"StartTime":145313.0,"Position":302.0,"HyperDash":false}
Received: {"StartTime":145313.0,"Position":270.0,"HyperDash":false}

  386) The conversion generated differing hitobjects for object at time: 145647:
Expected: {"StartTime":145647.0,"Position":98.0,"HyperDash":false}
Received: {"StartTime":145647.0,"Position":130.0,"HyperDash":false}

  387) The conversion generated differing hitobjects for object at time: 145980:
Expected: {"StartTime":146045.0,"Position":329.9953,"HyperDash":false}
Received: {"StartTime":146045.0,"Position":303.01523,"HyperDash":false}

  388) The conversion generated differing hitobjects for object at time: 146480:
Expected: {"StartTime":146545.0,"Position":412.62143,"HyperDash":false}
Received: {"StartTime":146545.0,"Position":375.61548,"HyperDash":false}

  389) The conversion generated differing hitobjects for object at time: 146980:
Expected: {"StartTime":146980.0,"Position":160.0,"HyperDash":false}
Received: {"StartTime":146980.0,"Position":272.0,"HyperDash":false}

  390) The conversion generated differing hitobjects for object at time: 147313:
Expected: {"StartTime":147396.0,"Position":112.07507,"HyperDash":false}
Received: {"StartTime":147396.0,"Position":119.0,"HyperDash":false}

  391) The conversion generated differing hitobjects for object at time: 147313:
Expected: {"StartTime":147562.0,"Position":121.77477,"HyperDash":false}
Received: {"StartTime":147563.16666666666,"Position":117.0,"HyperDash":false}

  392) The conversion generated differing hitobjects for object at time: 147313:
Expected: {"StartTime":147729.0,"Position":139.07507,"HyperDash":false}
Received: {"StartTime":147729.8333333333,"Position":129.0,"HyperDash":false}

  393) The conversion generated differing hitobjects for object at time: 147313:
Expected: {"StartTime":147878.0,"Position":112.66966,"HyperDash":false}
Received: {"StartTime":147878.0,"Position":140.6,"HyperDash":false}

  394) The conversion generated differing hitobjects for object at time: 148313:
Expected: {"StartTime":148313.0,"Position":384.0,"HyperDash":false}
Received: {"StartTime":148313.0,"Position":328.0,"HyperDash":false}

  395) The conversion generated differing hitobjects for object at time: 148647:
Expected: {"StartTime":148730.0,"Position":399.62387,"HyperDash":false}
Received: {"StartTime":148730.25,"Position":386.66437,"HyperDash":false}

  396) The conversion generated differing hitobjects for object at time: 148647:
Expected: {"StartTime":148896.0,"Position":430.2179,"HyperDash":false}
Received: {"StartTime":148896.75,"Position":415.32138,"HyperDash":false}

  397) The conversion generated differing hitobjects for object at time: 148647:
Expected: {"StartTime":149045.0,"Position":424.32498,"HyperDash":false}
Received: {"StartTime":149045.83333333334,"Position":450.29276,"HyperDash":false}

  398) The conversion generated differing hitobjects for object at time: 149313:
Expected: {"StartTime":149396.0,"Position":387.61328,"HyperDash":false}
Received: {"StartTime":149396.25,"Position":423.6405,"HyperDash":false}

  399) The conversion generated differing hitobjects for object at time: 149313:
Expected: {"StartTime":149479.0,"Position":406.6472,"HyperDash":false}
Received: {"StartTime":149479.5,"Position":429.69482,"HyperDash":false}

  400) The conversion generated differing hitobjects for object at time: 149313:
Expected: {"StartTime":149562.0,"Position":410.1058,"HyperDash":false}
Received: {"StartTime":149562.75,"Position":439.153,"HyperDash":false}

  401) The conversion generated differing hitobjects for object at time: 149313:
Expected: {"StartTime":149711.0,"Position":445.47638,"HyperDash":false}
Received: {"StartTime":149711.83333333334,"Position":411.48932,"HyperDash":false}

  402) The conversion generated differing hitobjects for object at time: 150313:
Expected: {"StartTime":150544.0,"Position":351.48624,"HyperDash":false}
Received: {"StartTime":150545.16666666666,"Position":338.29434,"HyperDash":false}

  403) The conversion generated differing hitobjects for object at time: 150980:
Expected: {"StartTime":151128.0,"Position":416.6143,"HyperDash":false}
Received: {"StartTime":151128.5,"Position":404.48343,"HyperDash":false}

  404) The conversion generated differing hitobjects for object at time: 150980:
Expected: {"StartTime":151202.0,"Position":385.92142,"HyperDash":false}
Received: {"StartTime":151202.75,"Position":374.72516,"HyperDash":false}

  405) The conversion generated differing hitobjects for object at time: 151480:
Expected: {"StartTime":151545.0,"Position":293.13596,"HyperDash":false}
Received: {"StartTime":151545.0,"Position":277.11505,"HyperDash":false}

  406) The conversion generated differing hitobjects for object at time: 151813:
Expected: {"StartTime":151878.0,"Position":304.3741,"HyperDash":false}
Received: {"StartTime":151878.0,"Position":295.3723,"HyperDash":false}

  407) The conversion generated differing hitobjects for object at time: 153980:
Expected: {"StartTime":154063.0,"Position":218.41039,"HyperDash":false}
Received: {"StartTime":154063.25,"Position":234.34537,"HyperDash":false}

  408) The conversion generated differing hitobjects for object at time: 153980:
Expected: {"StartTime":154229.0,"Position":187.23117,"HyperDash":false}
Received: {"StartTime":154229.75,"Position":176.03609,"HyperDash":false}

  409) The conversion generated differing hitobjects for object at time: 153980:
Expected: {"StartTime":154461.0,"Position":124.88431,"HyperDash":false}
Received: {"StartTime":154461.83333333334,"Position":116.74957,"HyperDash":false}

  410) The conversion generated differing hitobjects for object at time: 153980:
Expected: {"StartTime":154535.0,"Position":111.63574,"HyperDash":false}
Received: {"StartTime":154536.08333333334,"Position":95.43364,"HyperDash":false}

  411) The conversion generated differing hitobjects for object at time: 154980:
Expected: {"StartTime":154980.0,"Position":464.0,"HyperDash":false}
Received: {"StartTime":154980.0,"Position":256.0,"HyperDash":false}

  412) The conversion generated differing hitobjects for object at time: 155313:
Expected: {"StartTime":155396.0,"Position":157.95964,"HyperDash":false}
Received: {"StartTime":155396.25,"Position":171.99867,"HyperDash":false}

  413) The conversion generated differing hitobjects for object at time: 155313:
Expected: {"StartTime":155479.0,"Position":183.91928,"HyperDash":false}
Received: {"StartTime":155479.5,"Position":164.99734,"HyperDash":false}

  414) The conversion generated differing hitobjects for object at time: 155313:
Expected: {"StartTime":155720.0,"Position":211.54907,"HyperDash":false}
Received: {"StartTime":155720.58333333334,"Position":200.58952,"HyperDash":false}

  415) The conversion generated differing hitobjects for object at time: 155313:
Expected: {"StartTime":155794.0,"Position":199.10345,"HyperDash":false}
Received: {"StartTime":155794.83333333334,"Position":224.18433,"HyperDash":false}

  416) The conversion generated differing hitobjects for object at time: 155313:
Expected: {"StartTime":155868.0,"Position":218.6578,"HyperDash":false}
Received: {"StartTime":155869.08333333334,"Position":237.77914,"HyperDash":false}

  417) The conversion generated differing hitobjects for object at time: 156313:
Expected: {"StartTime":156313.0,"Position":28.0,"HyperDash":false}
Received: {"StartTime":156313.0,"Position":36.010605,"HyperDash":false}

  418) The conversion generated differing hitobjects for object at time: 156647:
Expected: {"StartTime":156721.0,"Position":99.025314,"HyperDash":false}
Received: {"StartTime":156721.25,"Position":82.063896,"HyperDash":false}

  419) The conversion generated differing hitobjects for object at time: 156647:
Expected: {"StartTime":156869.0,"Position":100.07593,"HyperDash":false}
Received: {"StartTime":156869.75,"Position":103.191696,"HyperDash":false}

  420) The conversion generated differing hitobjects for object at time: 157147:
Expected: {"StartTime":157147.0,"Position":180.0,"HyperDash":false}
Received: {"StartTime":157147.0,"Position":194.38611,"HyperDash":false}

  421) The conversion generated differing hitobjects for object at time: 157313:
Expected: {"StartTime":157313.0,"Position":228.0,"HyperDash":false}
Received: {"StartTime":157313.0,"Position":213.61389,"HyperDash":false}

  422) The conversion generated differing hitobjects for object at time: 157647:
Expected: {"StartTime":157721.0,"Position":364.23953,"HyperDash":false}
Received: {"StartTime":157721.25,"Position":351.31387,"HyperDash":false}

  423) The conversion generated differing hitobjects for object at time: 157647:
Expected: {"StartTime":157795.0,"Position":364.47906,"HyperDash":false}
Received: {"StartTime":157795.5,"Position":384.62775,"HyperDash":false}

  424) The conversion generated differing hitobjects for object at time: 157647:
Expected: {"StartTime":157869.0,"Position":389.7186,"HyperDash":false}
Received: {"StartTime":157869.75,"Position":393.94162,"HyperDash":false}

  425) The conversion generated differing hitobjects for object at time: 158313:
Expected: {"StartTime":158387.0,"Position":312.2865,"HyperDash":false}
Received: {"StartTime":158387.25,"Position":335.2315,"HyperDash":false}

  426) The conversion generated differing hitobjects for object at time: 158313:
Expected: {"StartTime":158461.0,"Position":300.57303,"HyperDash":false}
Received: {"StartTime":158461.5,"Position":314.46304,"HyperDash":false}

  427) The conversion generated differing hitobjects for object at time: 158980:
Expected: {"StartTime":158980.0,"Position":80.0,"HyperDash":false}
Received: {"StartTime":158980.0,"Position":62.710693,"HyperDash":false}

  428) The conversion generated differing hitobjects for object at time: 159313:
Expected: {"StartTime":159313.0,"Position":248.0,"HyperDash":false}
Received: {"StartTime":159313.0,"Position":265.2893,"HyperDash":false}

  429) The conversion generated differing hitobjects for object at time: 159646:
Expected: {"StartTime":159877.0,"Position":24.313744,"HyperDash":false}
Received: {"StartTime":159878.16666666666,"Position":39.386677,"HyperDash":false}

  430) The conversion generated differing hitobjects for object at time: 160313:
Expected: {"StartTime":160313.0,"Position":200.0,"HyperDash":false}
Received: {"StartTime":160313.0,"Position":176.0,"HyperDash":false}

  431) The conversion generated differing hitobjects for object at time: 160647:
Expected: {"StartTime":160647.0,"Position":248.0,"HyperDash":false}
Received: {"StartTime":160647.0,"Position":272.0,"HyperDash":false}

  432) The conversion generated differing hitobjects for object at time: 160980:
Expected: {"StartTime":160980.0,"Position":440.0,"HyperDash":false}
Received: {"StartTime":160980.0,"Position":416.0,"HyperDash":false}

  433) The conversion generated differing hitobjects for object at time: 161313:
Expected: {"StartTime":161313.0,"Position":392.0,"HyperDash":false}
Received: {"StartTime":161313.0,"Position":396.0,"HyperDash":false}

  434) The conversion generated differing hitobjects for object at time: 161980:
Expected: {"StartTime":161980.0,"Position":120.0,"HyperDash":false}
Received: {"StartTime":161980.0,"Position":96.0,"HyperDash":false}

  435) The conversion generated differing hitobjects for object at time: 162313:
Expected: {"StartTime":162396.0,"Position":370.92493,"HyperDash":false}
Received: {"StartTime":162396.25,"Position":398.0,"HyperDash":false}

  436) The conversion generated differing hitobjects for object at time: 162313:
Expected: {"StartTime":162479.0,"Position":394.84985,"HyperDash":false}
Received: {"StartTime":162479.5,"Position":417.0,"HyperDash":false}

  437) The conversion generated differing hitobjects for object at time: 162313:
Expected: {"StartTime":162720.0,"Position":455.77777,"HyperDash":false}
Received: {"StartTime":162720.58333333334,"Position":442.7,"HyperDash":false}

  438) The conversion generated differing hitobjects for object at time: 162313:
Expected: {"StartTime":162794.0,"Position":421.55554,"HyperDash":false}
Received: {"StartTime":162794.83333333334,"Position":400.4,"HyperDash":false}

  439) The conversion generated differing hitobjects for object at time: 162313:
Expected: {"StartTime":162868.0,"Position":408.33334,"HyperDash":false}
Received: {"StartTime":162869.08333333334,"Position":391.1,"HyperDash":false}

  440) The conversion generated differing hitobjects for object at time: 163313:
Expected: {"StartTime":163313.0,"Position":48.0,"HyperDash":false}
Received: {"StartTime":163313.0,"Position":152.0,"HyperDash":false}

  441) The conversion generated differing hitobjects for object at time: 163646:
Expected: {"StartTime":163729.0,"Position":137.07507,"HyperDash":false}
Received: {"StartTime":163729.25,"Position":134.0,"HyperDash":false}

  442) The conversion generated differing hitobjects for object at time: 163646:
Expected: {"StartTime":163812.0,"Position":112.15015,"HyperDash":false}
Received: {"StartTime":163812.5,"Position":116.0,"HyperDash":false}

  443) The conversion generated differing hitobjects for object at time: 163646:
Expected: {"StartTime":163895.0,"Position":86.22523,"HyperDash":false}
Received: {"StartTime":163895.75,"Position":77.0,"HyperDash":false}

  444) The conversion generated differing hitobjects for object at time: 163646:
Expected: {"StartTime":164053.0,"Position":75.22222,"HyperDash":false}
Received: {"StartTime":164053.58333333334,"Position":82.299995,"HyperDash":false}

  445) The conversion generated differing hitobjects for object at time: 164647:
Expected: {"StartTime":164647.0,"Position":256.0,"HyperDash":false}
Received: {"StartTime":164647.0,"Position":360.0,"HyperDash":false}

  446) The conversion generated differing hitobjects for object at time: 164980:
Expected: {"StartTime":165063.0,"Position":391.92493,"HyperDash":false}
Received: {"StartTime":165063.25,"Position":388.0,"HyperDash":false}

  447) The conversion generated differing hitobjects for object at time: 164980:
Expected: {"StartTime":165146.0,"Position":415.84985,"HyperDash":false}
Received: {"StartTime":165146.5,"Position":398.0,"HyperDash":false}

  448) The conversion generated differing hitobjects for object at time: 164980:
Expected: {"StartTime":165229.0,"Position":439.77478,"HyperDash":false}
Received: {"StartTime":165229.75,"Position":416.0,"HyperDash":false}

  449) The conversion generated differing hitobjects for object at time: 164980:
Expected: {"StartTime":165387.0,"Position":421.77777,"HyperDash":false}
Received: {"StartTime":165387.58333333334,"Position":438.7,"HyperDash":false}

  450) The conversion generated differing hitobjects for object at time: 164980:
Expected: {"StartTime":165461.0,"Position":412.55554,"HyperDash":false}
Received: {"StartTime":165461.83333333334,"Position":422.4,"HyperDash":false}

  451) The conversion generated differing hitobjects for object at time: 164980:
Expected: {"StartTime":165535.0,"Position":400.33334,"HyperDash":false}
Received: {"StartTime":165536.08333333334,"Position":382.1,"HyperDash":false}

  452) The conversion generated differing hitobjects for object at time: 165980:
Expected: {"StartTime":165980.0,"Position":48.0,"HyperDash":false}
Received: {"StartTime":165980.0,"Position":152.0,"HyperDash":false}

  453) The conversion generated differing hitobjects for object at time: 166646:
Expected: {"StartTime":166720.0,"Position":33.970135,"HyperDash":false}
Received: {"StartTime":166720.25,"Position":8.993633,"HyperDash":false}

  454) The conversion generated differing hitobjects for object at time: 166646:
Expected: {"StartTime":166794.0,"Position":24.45197,"HyperDash":false}
Received: {"StartTime":166794.5,"Position":13.499369,"HyperDash":false}

  455) The conversion generated differing hitobjects for object at time: 166646:
Expected: {"StartTime":166868.0,"Position":40.245193,"HyperDash":false}
Received: {"StartTime":166868.75,"Position":33.329906,"HyperDash":false}

  456) The conversion generated differing hitobjects for object at time: 167313:
Expected: {"StartTime":167461.0,"Position":169.07784,"HyperDash":false}
Received: {"StartTime":167461.5,"Position":163.22755,"HyperDash":false}

  457) The conversion generated differing hitobjects for object at time: 167313:
Expected: {"StartTime":167535.0,"Position":179.40044,"HyperDash":false}
Received: {"StartTime":167535.75,"Position":187.6298,"HyperDash":false}

  458) The conversion generated differing hitobjects for object at time: 167814:
Expected: {"StartTime":167814.0,"Position":276.0,"HyperDash":false}
Received: {"StartTime":167814.0,"Position":286.6126,"HyperDash":false}

  459) The conversion generated differing hitobjects for object at time: 167980:
Expected: {"StartTime":168054.0,"Position":297.02628,"HyperDash":false}
Received: {"StartTime":168054.25,"Position":318.10193,"HyperDash":false}

  460) The conversion generated differing hitobjects for object at time: 167980:
Expected: {"StartTime":168128.0,"Position":311.4158,"HyperDash":false}
Received: {"StartTime":168128.5,"Position":340.56052,"HyperDash":false}

  461) The conversion generated differing hitobjects for object at time: 167980:
Expected: {"StartTime":168202.0,"Position":352.7142,"HyperDash":false}
Received: {"StartTime":168202.75,"Position":368.9173,"HyperDash":false}

  462) The conversion generated differing hitobjects for object at time: 168480:
Expected: {"StartTime":168480.0,"Position":440.0,"HyperDash":false}
Received: {"StartTime":168480.0,"Position":444.57706,"HyperDash":false}

  463) The conversion generated differing hitobjects for object at time: 168647:
Expected: {"StartTime":168795.0,"Position":376.21548,"HyperDash":false}
Received: {"StartTime":168795.5,"Position":388.0571,"HyperDash":false}

  464) The conversion generated differing hitobjects for object at time: 168647:
Expected: {"StartTime":168869.0,"Position":354.07492,"HyperDash":false}
Received: {"StartTime":168869.75,"Position":378.83813,"HyperDash":false}

  465) The conversion generated differing hitobjects for object at time: 169147:
Expected: {"StartTime":169147.0,"Position":292.0,"HyperDash":false}
Received: {"StartTime":169147.0,"Position":258.6026,"HyperDash":false}

  466) The conversion generated differing hitobjects for object at time: 169313:
Expected: {"StartTime":169461.0,"Position":218.65059,"HyperDash":false}
Received: {"StartTime":169461.5,"Position":232.49472,"HyperDash":false}

  467) The conversion generated differing hitobjects for object at time: 169814:
Expected: {"StartTime":169814.0,"Position":108.0,"HyperDash":false}
Received: {"StartTime":169814.0,"Position":85.7236,"HyperDash":false}

  468) The conversion generated differing hitobjects for object at time: 169980:
Expected: {"StartTime":170054.0,"Position":102.96288,"HyperDash":false}
Received: {"StartTime":170054.25,"Position":95.0208,"HyperDash":false}

  469) The conversion generated differing hitobjects for object at time: 169980:
Expected: {"StartTime":170128.0,"Position":119.50539,"HyperDash":false}
Received: {"StartTime":170128.5,"Position":91.63527,"HyperDash":false}

  470) The conversion generated differing hitobjects for object at time: 169980:
Expected: {"StartTime":170202.0,"Position":134.05563,"HyperDash":false}
Received: {"StartTime":170202.75,"Position":137.2668,"HyperDash":false}

  471) The conversion generated differing hitobjects for object at time: 170480:
Expected: {"StartTime":170480.0,"Position":184.0,"HyperDash":false}
Received: {"StartTime":170480.0,"Position":228.07115,"HyperDash":false}

  472) The conversion generated differing hitobjects for object at time: 170647:
Expected: {"StartTime":170721.0,"Position":263.15802,"HyperDash":false}
Received: {"StartTime":170721.25,"Position":240.23602,"HyperDash":false}

  473) The conversion generated differing hitobjects for object at time: 170647:
Expected: {"StartTime":170795.0,"Position":293.18365,"HyperDash":false}
Received: {"StartTime":170795.5,"Position":285.3365,"HyperDash":false}

  474) The conversion generated differing hitobjects for object at time: 170647:
Expected: {"StartTime":170869.0,"Position":306.34665,"HyperDash":false}
Received: {"StartTime":170869.75,"Position":291.55972,"HyperDash":false}

  475) The conversion generated differing hitobjects for object at time: 171647:
Expected: {"StartTime":171647.0,"Position":404.0,"HyperDash":false}
Received: {"StartTime":171647.0,"Position":431.0,"HyperDash":false}

  476) The conversion generated differing hitobjects for object at time: 171980:
Expected: {"StartTime":172054.0,"Position":432.21777,"HyperDash":false}
Received: {"StartTime":172054.25,"Position":408.18948,"HyperDash":false}

  477) The conversion generated differing hitobjects for object at time: 171980:
Expected: {"StartTime":172128.0,"Position":396.40424,"HyperDash":false}
Received: {"StartTime":172128.5,"Position":424.31537,"HyperDash":false}

  478) The conversion generated differing hitobjects for object at time: 171980:
Expected: {"StartTime":172202.0,"Position":412.49338,"HyperDash":false}
Received: {"StartTime":172202.75,"Position":398.33255,"HyperDash":false}

  479) The conversion generated differing hitobjects for object at time: 172480:
Expected: {"StartTime":172480.0,"Position":312.0,"HyperDash":false}
Received: {"StartTime":172480.0,"Position":300.0498,"HyperDash":false}

  480) The conversion generated differing hitobjects for object at time: 172646:
Expected: {"StartTime":172812.0,"Position":246.78513,"HyperDash":false}
Received: {"StartTime":172812.5,"Position":251.63583,"HyperDash":false}

  481) The conversion generated differing hitobjects for object at time: 172646:
Expected: {"StartTime":172895.0,"Position":204.6299,"HyperDash":false}
Received: {"StartTime":172895.75,"Position":217.41638,"HyperDash":false}

  482) The conversion generated differing hitobjects for object at time: 172646:
Expected: {"StartTime":173053.0,"Position":230.80179,"HyperDash":false}
Received: {"StartTime":173053.58333333334,"Position":209.87381,"HyperDash":false}

  483) The conversion generated differing hitobjects for object at time: 172646:
Expected: {"StartTime":173127.0,"Position":226.16177,"HyperDash":false}
Received: {"StartTime":173127.83333333334,"Position":247.31467,"HyperDash":false}

  484) The conversion generated differing hitobjects for object at time: 172646:
Expected: {"StartTime":173201.0,"Position":272.24188,"HyperDash":false}
Received: {"StartTime":173202.08333333334,"Position":261.474,"HyperDash":false}

  485) The conversion generated differing hitobjects for object at time: 173647:
Expected: {"StartTime":173647.0,"Position":256.0,"HyperDash":false}
Received: {"StartTime":173647.0,"Position":216.0,"HyperDash":false}

  486) The conversion generated differing hitobjects for object at time: 173980:
Expected: {"StartTime":174063.0,"Position":132.23863,"HyperDash":false}
Received: {"StartTime":174063.25,"Position":151.16315,"HyperDash":false}

  487) The conversion generated differing hitobjects for object at time: 173980:
Expected: {"StartTime":174146.0,"Position":97.919014,"HyperDash":false}
Received: {"StartTime":174146.5,"Position":119.77713,"HyperDash":false}

  488) The conversion generated differing hitobjects for object at time: 173980:
Expected: {"StartTime":174387.0,"Position":104.74202,"HyperDash":false}
Received: {"StartTime":174387.58333333334,"Position":97.80767,"HyperDash":false}

  489) The conversion generated differing hitobjects for object at time: 173980:
Expected: {"StartTime":174461.0,"Position":110.64552,"HyperDash":false}
Received: {"StartTime":174461.83333333334,"Position":102.78906,"HyperDash":false}

  490) The conversion generated differing hitobjects for object at time: 174980:
Expected: {"StartTime":175054.0,"Position":123.05693,"HyperDash":false}
Received: {"StartTime":175054.25,"Position":109.02639,"HyperDash":false}

  491) The conversion generated differing hitobjects for object at time: 174980:
Expected: {"StartTime":175128.0,"Position":102.47711,"HyperDash":false}
Received: {"StartTime":175128.5,"Position":125.43843,"HyperDash":false}

  492) The conversion generated differing hitobjects for object at time: 175646:
Expected: {"StartTime":175729.0,"Position":240.88988,"HyperDash":false}
Received: {"StartTime":175729.25,"Position":233.9489,"HyperDash":false}

  493) The conversion generated differing hitobjects for object at time: 175646:
Expected: {"StartTime":175812.0,"Position":250.55815,"HyperDash":false}
Received: {"StartTime":175812.5,"Position":253.65242,"HyperDash":false}

  494) The conversion generated differing hitobjects for object at time: 175646:
Expected: {"StartTime":176053.0,"Position":272.26218,"HyperDash":false}
Received: {"StartTime":176053.58333333334,"Position":267.2206,"HyperDash":false}

  495) The conversion generated differing hitobjects for object at time: 175646:
Expected: {"StartTime":176201.0,"Position":248.79527,"HyperDash":false}
Received: {"StartTime":176202.08333333334,"Position":255.6083,"HyperDash":false}

  496) The conversion generated differing hitobjects for object at time: 176647:
Expected: {"StartTime":176647.0,"Position":212.0,"HyperDash":false}
Received: {"StartTime":176647.0,"Position":192.0,"HyperDash":false}

  497) The conversion generated differing hitobjects for object at time: 177313:
Expected: {"StartTime":177535.0,"Position":40.06486,"HyperDash":false}
Received: {"StartTime":177535.75,"Position":52.271675,"HyperDash":false}

  498) The conversion generated differing hitobjects for object at time: 177980:
Expected: {"StartTime":178146.0,"Position":239.25682,"HyperDash":false}
Received: {"StartTime":178146.5,"Position":251.35373,"HyperDash":false}

  499) The conversion generated differing hitobjects for object at time: 177980:
Expected: {"StartTime":178229.0,"Position":270.38522,"HyperDash":false}
Received: {"StartTime":178229.75,"Position":279.53058,"HyperDash":false}

  500) The conversion generated differing hitobjects for object at time: 177980:
Expected: {"StartTime":178378.0,"Position":329.7001,"HyperDash":false}
Received: {"StartTime":178378.83333333334,"Position":318.6621,"HyperDash":false}

  501) The conversion generated differing hitobjects for object at time: 178647:
Expected: {"StartTime":178730.0,"Position":319.3755,"HyperDash":false}
Received: {"StartTime":178730.25,"Position":315.27658,"HyperDash":false}

  502) The conversion generated differing hitobjects for object at time: 178647:
Expected: {"StartTime":178813.0,"Position":279.75098,"HyperDash":false}
Received: {"StartTime":178813.5,"Position":294.5532,"HyperDash":false}

  503) The conversion generated differing hitobjects for object at time: 178647:
Expected: {"StartTime":178896.0,"Position":284.12646,"HyperDash":false}
Received: {"StartTime":178896.75,"Position":287.82977,"HyperDash":false}

  504) The conversion generated differing hitobjects for object at time: 178647:
Expected: {"StartTime":179045.0,"Position":217.92099,"HyperDash":false}
Received: {"StartTime":179045.83333333334,"Position":224.7232,"HyperDash":false}

  505) The conversion generated differing hitobjects for object at time: 179313:
Expected: {"StartTime":179396.0,"Position":204.64459,"HyperDash":false}
Received: {"StartTime":179396.25,"Position":237.69408,"HyperDash":false}

  506) The conversion generated differing hitobjects for object at time: 179313:
Expected: {"StartTime":179479.0,"Position":247.28917,"HyperDash":false}
Received: {"StartTime":179479.5,"Position":261.38815,"HyperDash":false}

  507) The conversion generated differing hitobjects for object at time: 179313:
Expected: {"StartTime":179562.0,"Position":284.93378,"HyperDash":false}
Received: {"StartTime":179562.75,"Position":274.0822,"HyperDash":false}

  508) The conversion generated differing hitobjects for object at time: 179313:
Expected: {"StartTime":179711.0,"Position":321.17526,"HyperDash":false}
Received: {"StartTime":179711.83333333334,"Position":331.13644,"HyperDash":false}

  509) The conversion generated differing hitobjects for object at time: 179980:
Expected: {"StartTime":180063.0,"Position":304.22357,"HyperDash":false}
Received: {"StartTime":180063.25,"Position":320.12408,"HyperDash":false}

  510) The conversion generated differing hitobjects for object at time: 179980:
Expected: {"StartTime":180146.0,"Position":297.44714,"HyperDash":false}
Received: {"StartTime":180146.5,"Position":307.24814,"HyperDash":false}

  511) The conversion generated differing hitobjects for object at time: 179980:
Expected: {"StartTime":180229.0,"Position":264.67072,"HyperDash":false}
Received: {"StartTime":180229.75,"Position":278.3722,"HyperDash":false}

  512) The conversion generated differing hitobjects for object at time: 179980:
Expected: {"StartTime":180378.0,"Position":243.19255,"HyperDash":false}
Received: {"StartTime":180378.83333333334,"Position":237.99355,"HyperDash":false}

  513) The conversion generated differing hitobjects for object at time: 180647:
Expected: {"StartTime":180730.0,"Position":111.127846,"HyperDash":false}
Received: {"StartTime":180730.25,"Position":101.059074,"HyperDash":false}

  514) The conversion generated differing hitobjects for object at time: 180647:
Expected: {"StartTime":180813.0,"Position":94.761,"HyperDash":false}
Received: {"StartTime":180813.5,"Position":88.64079,"HyperDash":false}

  515) The conversion generated differing hitobjects for object at time: 180647:
Expected: {"StartTime":180896.0,"Position":98.944595,"HyperDash":false}
Received: {"StartTime":180896.75,"Position":70.801636,"HyperDash":false}

  516) The conversion generated differing hitobjects for object at time: 180647:
Expected: {"StartTime":181063.0,"Position":69.46596,"HyperDash":false}
Received: {"StartTime":181063.83333333334,"Position":50.438156,"HyperDash":false}

  517) The conversion generated differing hitobjects for object at time: 180647:
Expected: {"StartTime":181230.0,"Position":82.42001,"HyperDash":false}
Received: {"StartTime":181230.0,"Position":70.438156,"HyperDash":false}

  518) The conversion generated differing hitobjects for object at time: 180647:
Expected: {"StartTime":181387.0,"Position":81.29693,"HyperDash":false}
Received: {"StartTime":181388.16666666666,"Position":61.46019,"HyperDash":false}

  519) The conversion generated differing hitobjects for object at time: 180647:
Expected: {"StartTime":181462.0,"Position":106.020226,"HyperDash":false}
Received: {"StartTime":181462.66666666666,"Position":94.09525,"HyperDash":false}

  520) The conversion generated differing hitobjects for object at time: 180647:
Expected: {"StartTime":181536.0,"Position":117.600555,"HyperDash":false}
Received: {"StartTime":181537.16666666666,"Position":111.76166,"HyperDash":false}

  521) The conversion generated differing hitobjects for object at time: 181980:
Expected: {"StartTime":181980.0,"Position":188.0,"HyperDash":false}
Received: {"StartTime":181980.0,"Position":240.0,"HyperDash":false}

  522) The conversion generated differing hitobjects for object at time: 182647:
Expected: {"StartTime":182647.0,"Position":168.0,"HyperDash":false}
Received: {"StartTime":182647.0,"Position":136.0,"HyperDash":false}

  523) The conversion generated differing hitobjects for object at time: 182980:
Expected: {"StartTime":183063.0,"Position":66.09038,"HyperDash":false}
Received: {"StartTime":183063.0,"Position":70.02138,"HyperDash":false}

  524) The conversion generated differing hitobjects for object at time: 182980:
Expected: {"StartTime":183211.0,"Position":32.84601,"HyperDash":false}
Received: {"StartTime":183212.16666666666,"Position":55.05799,"HyperDash":false}

  525) The conversion generated differing hitobjects for object at time: 183647:
Expected: {"StartTime":183647.0,"Position":356.0,"HyperDash":false}
Received: {"StartTime":183647.0,"Position":188.0,"HyperDash":false}

  526) The conversion generated differing hitobjects for object at time: 183980:
Expected: {"StartTime":184063.0,"Position":315.39832,"HyperDash":false}
Received: {"StartTime":184063.25,"Position":326.47412,"HyperDash":false}

  527) The conversion generated differing hitobjects for object at time: 183980:
Expected: {"StartTime":184146.0,"Position":337.26385,"HyperDash":false}
Received: {"StartTime":184146.5,"Position":349.41483,"HyperDash":false}

  528) The conversion generated differing hitobjects for object at time: 183980:
Expected: {"StartTime":184387.0,"Position":361.09073,"HyperDash":false}
Received: {"StartTime":184387.58333333334,"Position":384.01428,"HyperDash":false}

  529) The conversion generated differing hitobjects for object at time: 183980:
Expected: {"StartTime":184461.0,"Position":359.96774,"HyperDash":false}
Received: {"StartTime":184461.83333333334,"Position":343.81302,"HyperDash":false}

  530) The conversion generated differing hitobjects for object at time: 183980:
Expected: {"StartTime":184535.0,"Position":348.76202,"HyperDash":false}
Received: {"StartTime":184536.08333333334,"Position":327.53027,"HyperDash":false}

  531) The conversion generated differing hitobjects for object at time: 184980:
Expected: {"StartTime":185063.0,"Position":211.878,"HyperDash":false}
Received: {"StartTime":185063.25,"Position":248.81042,"HyperDash":false}

  532) The conversion generated differing hitobjects for object at time: 184980:
Expected: {"StartTime":185146.0,"Position":210.73384,"HyperDash":false}
Received: {"StartTime":185146.5,"Position":207.61314,"HyperDash":false}

  533) The conversion generated differing hitobjects for object at time: 184980:
Expected: {"StartTime":185229.0,"Position":193.65529,"HyperDash":false}
Received: {"StartTime":185229.75,"Position":187.49837,"HyperDash":false}

  534) The conversion generated differing hitobjects for object at time: 184980:
Expected: {"StartTime":185387.0,"Position":205.58954,"HyperDash":false}
Received: {"StartTime":185387.58333333334,"Position":179.64772,"HyperDash":false}

  535) The conversion generated differing hitobjects for object at time: 184980:
Expected: {"StartTime":185461.0,"Position":212.06926,"HyperDash":false}
Received: {"StartTime":185461.83333333334,"Position":186.19861,"HyperDash":false}

  536) The conversion generated differing hitobjects for object at time: 184980:
Expected: {"StartTime":185535.0,"Position":226.12192,"HyperDash":false}
Received: {"StartTime":185536.08333333334,"Position":239.33713,"HyperDash":false}

  537) The conversion generated differing hitobjects for object at time: 185980:
Expected: {"StartTime":185980.0,"Position":344.0,"HyperDash":false}
Received: {"StartTime":185980.0,"Position":236.0,"HyperDash":false}

  538) The conversion generated differing hitobjects for object at time: 186647:
Expected: {"StartTime":186647.0,"Position":168.0,"HyperDash":false}
Received: {"StartTime":186647.0,"Position":276.0,"HyperDash":false}

  539) The conversion generated differing hitobjects for object at time: 188980:
Expected: {"StartTime":189063.0,"Position":203.26122,"HyperDash":false}
Received: {"StartTime":189063.0,"Position":210.19875,"HyperDash":false}

  540) The conversion generated differing hitobjects for object at time: 189647:
Expected: {"StartTime":189730.0,"Position":102.325584,"HyperDash":false}
Received: {"StartTime":189730.0,"Position":114.25127,"HyperDash":false}

  541) The conversion generated differing hitobjects for object at time: 189647:
Expected: {"StartTime":189878.0,"Position":77.67722,"HyperDash":false}
Received: {"StartTime":189879.16666666666,"Position":90.90553,"HyperDash":false}

  542) The conversion generated differing hitobjects for object at time: 190313:
Expected: {"StartTime":190544.0,"Position":85.603134,"HyperDash":false}
Received: {"StartTime":190545.16666666666,"Position":53.809418,"HyperDash":false}

  543) The conversion generated differing hitobjects for object at time: 190980:
Expected: {"StartTime":191054.0,"Position":204.48969,"HyperDash":false}
Received: {"StartTime":191054.25,"Position":223.54916,"HyperDash":false}

  544) The conversion generated differing hitobjects for object at time: 190980:
Expected: {"StartTime":191202.0,"Position":229.80124,"HyperDash":false}
Received: {"StartTime":191202.75,"Position":240.94318,"HyperDash":false}

  545) The conversion generated differing hitobjects for object at time: 191646:
Expected: {"StartTime":191729.0,"Position":322.9096,"HyperDash":false}
Received: {"StartTime":191729.0,"Position":338.97864,"HyperDash":false}

  546) The conversion generated differing hitobjects for object at time: 191646:
Expected: {"StartTime":191877.0,"Position":363.154,"HyperDash":false}
Received: {"StartTime":191878.16666666666,"Position":350.94202,"HyperDash":false}

  547) The conversion generated differing hitobjects for object at time: 192313:
Expected: {"StartTime":192313.0,"Position":256.0,"HyperDash":false}
Received: {"StartTime":192313.0,"Position":312.0,"HyperDash":false}

  548) The conversion generated differing hitobjects for object at time: 192646:
Expected: {"StartTime":192646.0,"Position":376.0,"HyperDash":false}
Received: {"StartTime":192646.0,"Position":320.0,"HyperDash":false}

  549) The conversion generated differing hitobjects for object at time: 192980:
Expected: {"StartTime":192980.0,"Position":264.0,"HyperDash":false}
Received: {"StartTime":192980.0,"Position":340.0,"HyperDash":false}

  550) The conversion generated differing hitobjects for object at time: 193313:
Expected: {"StartTime":193313.0,"Position":376.0,"HyperDash":false}
Received: {"StartTime":193313.0,"Position":340.0,"HyperDash":false}

  551) The conversion generated differing hitobjects for object at time: 193647:
Expected: {"StartTime":193730.0,"Position":427.95654,"HyperDash":false}
Received: {"StartTime":193730.0,"Position":417.0046,"HyperDash":false}

  552) The conversion generated differing hitobjects for object at time: 193647:
Expected: {"StartTime":193878.0,"Position":419.60925,"HyperDash":false}
Received: {"StartTime":193879.16666666666,"Position":406.4616,"HyperDash":false}

  553) The conversion generated differing hitobjects for object at time: 194313:
Expected: {"StartTime":194387.0,"Position":411.0,"HyperDash":false}
Received: {"StartTime":194387.25,"Position":404.0,"HyperDash":false}

  554) The conversion generated differing hitobjects for object at time: 194313:
Expected: {"StartTime":194461.0,"Position":401.0,"HyperDash":false}
Received: {"StartTime":194461.5,"Position":419.0,"HyperDash":false}

  555) The conversion generated differing hitobjects for object at time: 194313:
Expected: {"StartTime":194535.0,"Position":423.0,"HyperDash":false}
Received: {"StartTime":194535.75,"Position":398.0,"HyperDash":false}

  556) The conversion generated differing hitobjects for object at time: 194980:
Expected: {"StartTime":195054.0,"Position":333.80286,"HyperDash":false}
Received: {"StartTime":195054.25,"Position":349.76367,"HyperDash":false}

  557) The conversion generated differing hitobjects for object at time: 194980:
Expected: {"StartTime":195128.0,"Position":315.60574,"HyperDash":false}
Received: {"StartTime":195128.5,"Position":332.52734,"HyperDash":false}

  558) The conversion generated differing hitobjects for object at time: 194980:
Expected: {"StartTime":195202.0,"Position":294.4086,"HyperDash":false}
Received: {"StartTime":195202.75,"Position":314.29102,"HyperDash":false}

  559) The conversion generated differing hitobjects for object at time: 195647:
Expected: {"StartTime":195721.0,"Position":295.57455,"HyperDash":false}
Received: {"StartTime":195721.25,"Position":287.50305,"HyperDash":false}

  560) The conversion generated differing hitobjects for object at time: 195647:
Expected: {"StartTime":195795.0,"Position":256.1491,"HyperDash":false}
Received: {"StartTime":195795.5,"Position":268.00613,"HyperDash":false}

  561) The conversion generated differing hitobjects for object at time: 195647:
Expected: {"StartTime":195869.0,"Position":239.72366,"HyperDash":false}
Received: {"StartTime":195869.75,"Position":252.5092,"HyperDash":false}

  562) The conversion generated differing hitobjects for object at time: 196313:
Expected: {"StartTime":196396.0,"Position":270.29373,"HyperDash":false}
Received: {"StartTime":196396.25,"Position":263.2193,"HyperDash":false}

  563) The conversion generated differing hitobjects for object at time: 196313:
Expected: {"StartTime":196479.0,"Position":253.58743,"HyperDash":false}
Received: {"StartTime":196479.5,"Position":246.4386,"HyperDash":false}

  564) The conversion generated differing hitobjects for object at time: 196313:
Expected: {"StartTime":196562.0,"Position":235.88116,"HyperDash":false}
Received: {"StartTime":196562.75,"Position":213.65791,"HyperDash":false}

  565) The conversion generated differing hitobjects for object at time: 196313:
Expected: {"StartTime":196720.0,"Position":215.90448,"HyperDash":false}
Received: {"StartTime":196720.58333333334,"Position":236.9816,"HyperDash":false}

  566) The conversion generated differing hitobjects for object at time: 196313:
Expected: {"StartTime":196794.0,"Position":240.93178,"HyperDash":false}
Received: {"StartTime":196794.83333333334,"Position":234.08597,"HyperDash":false}

  567) The conversion generated differing hitobjects for object at time: 196313:
Expected: {"StartTime":196868.0,"Position":248.95908,"HyperDash":false}
Received: {"StartTime":196869.08333333334,"Position":285.19037,"HyperDash":false}

  568) The conversion generated differing hitobjects for object at time: 197647:
Expected: {"StartTime":197647.0,"Position":400.0,"HyperDash":false}
Received: {"StartTime":197647.0,"Position":440.0,"HyperDash":false}

  569) The conversion generated differing hitobjects for object at time: 197980:
Expected: {"StartTime":198054.0,"Position":293.0362,"HyperDash":false}
Received: {"StartTime":198054.25,"Position":277.95932,"HyperDash":false}

  570) The conversion generated differing hitobjects for object at time: 197980:
Expected: {"StartTime":198128.0,"Position":249.07236,"HyperDash":false}
Received: {"StartTime":198128.5,"Position":266.91864,"HyperDash":false}

  571) The conversion generated differing hitobjects for object at time: 197980:
Expected: {"StartTime":198202.0,"Position":251.10855,"HyperDash":false}
Received: {"StartTime":198202.75,"Position":237.87793,"HyperDash":false}

  572) The conversion generated differing hitobjects for object at time: 198980:
Expected: {"StartTime":198980.0,"Position":60.0,"HyperDash":false}
Received: {"StartTime":198980.0,"Position":100.0,"HyperDash":false}

  573) The conversion generated differing hitobjects for object at time: 199313:
Expected: {"StartTime":199387.0,"Position":224.2925,"HyperDash":false}
Received: {"StartTime":199387.25,"Position":220.35724,"HyperDash":false}

  574) The conversion generated differing hitobjects for object at time: 199313:
Expected: {"StartTime":199461.0,"Position":246.71005,"HyperDash":false}
Received: {"StartTime":199461.5,"Position":249.83043,"HyperDash":false}

  575) The conversion generated differing hitobjects for object at time: 199313:
Expected: {"StartTime":199535.0,"Position":263.1878,"HyperDash":false}
Received: {"StartTime":199535.75,"Position":245.33195,"HyperDash":false}

  576) The conversion generated differing hitobjects for object at time: 200647:
Expected: {"StartTime":200795.0,"Position":265.3053,"HyperDash":false}
Received: {"StartTime":200795.5,"Position":291.24265,"HyperDash":false}

  577) The conversion generated differing hitobjects for object at time: 200647:
Expected: {"StartTime":200869.0,"Position":263.66434,"HyperDash":false}
Received: {"StartTime":200869.75,"Position":271.53262,"HyperDash":false}

  578) The conversion generated differing hitobjects for object at time: 201147:
Expected: {"StartTime":201147.0,"Position":196.0,"HyperDash":false}
Received: {"StartTime":201147.0,"Position":176.80667,"HyperDash":false}

  579) The conversion generated differing hitobjects for object at time: 201314:
Expected: {"StartTime":201314.0,"Position":156.0,"HyperDash":false}
Received: {"StartTime":201314.0,"Position":175.19333,"HyperDash":false}

  580) The conversion generated differing hitobjects for object at time: 201647:
Expected: {"StartTime":201647.0,"Position":172.0,"HyperDash":false}
Received: {"StartTime":201647.0,"Position":152.80667,"HyperDash":false}

  581) The conversion generated differing hitobjects for object at time: 201980:
Expected: {"StartTime":202054.0,"Position":140.8467,"HyperDash":false}
Received: {"StartTime":202054.25,"Position":164.7689,"HyperDash":false}

  582) The conversion generated differing hitobjects for object at time: 201980:
Expected: {"StartTime":202128.0,"Position":146.27106,"HyperDash":false}
Received: {"StartTime":202128.5,"Position":127.12758,"HyperDash":false}

  583) The conversion generated differing hitobjects for object at time: 202480:
Expected: {"StartTime":202480.0,"Position":48.0,"HyperDash":false}
Received: {"StartTime":202480.0,"Position":34.245224,"HyperDash":false}

  584) The conversion generated differing hitobjects for object at time: 202647:
Expected: {"StartTime":202647.0,"Position":40.0,"HyperDash":false}
Received: {"StartTime":202647.0,"Position":53.754776,"HyperDash":false}

  585) The conversion generated differing hitobjects for object at time: 202980:
Expected: {"StartTime":202980.0,"Position":164.0,"HyperDash":false}
Received: {"StartTime":202980.0,"Position":274.24524,"HyperDash":false}

  586) The conversion generated differing hitobjects for object at time: 203313:
Expected: {"StartTime":203396.0,"Position":54.64748,"HyperDash":false}
Received: {"StartTime":203396.25,"Position":41.638226,"HyperDash":false}

  587) The conversion generated differing hitobjects for object at time: 203313:
Expected: {"StartTime":203479.0,"Position":34.008305,"HyperDash":false}
Received: {"StartTime":203479.5,"Position":45.015984,"HyperDash":false}

  588) The conversion generated differing hitobjects for object at time: 203313:
Expected: {"StartTime":203720.0,"Position":47.463043,"HyperDash":false}
Received: {"StartTime":203720.58333333334,"Position":24.45179,"HyperDash":false}

  589) The conversion generated differing hitobjects for object at time: 203313:
Expected: {"StartTime":203794.0,"Position":38.06579,"HyperDash":false}
Received: {"StartTime":203794.83333333334,"Position":21.068226,"HyperDash":false}

  590) The conversion generated differing hitobjects for object at time: 203313:
Expected: {"StartTime":203868.0,"Position":41.223095,"HyperDash":false}
Received: {"StartTime":203869.08333333334,"Position":27.263565,"HyperDash":false}

  591) The conversion generated differing hitobjects for object at time: 204313:
Expected: {"StartTime":204396.0,"Position":127.07507,"HyperDash":false}
Received: {"StartTime":204396.0,"Position":112.0,"HyperDash":false}

  592) The conversion generated differing hitobjects for object at time: 204313:
Expected: {"StartTime":204544.0,"Position":132.36937,"HyperDash":false}
Received: {"StartTime":204545.16666666666,"Position":107.6,"HyperDash":false}

  593) The conversion generated differing hitobjects for object at time: 204980:
Expected: {"StartTime":204980.0,"Position":464.0,"HyperDash":false}
Received: {"StartTime":204980.0,"Position":272.0,"HyperDash":false}

  594) The conversion generated differing hitobjects for object at time: 205313:
Expected: {"StartTime":205479.0,"Position":269.67416,"HyperDash":false}
Received: {"StartTime":205479.5,"Position":263.56705,"HyperDash":false}

  595) The conversion generated differing hitobjects for object at time: 205313:
Expected: {"StartTime":205562.0,"Position":250.01219,"HyperDash":false}
Received: {"StartTime":205562.75,"Position":229.79645,"HyperDash":false}

  596) The conversion generated differing hitobjects for object at time: 205313:
Expected: {"StartTime":205794.0,"Position":166.71329,"HyperDash":false}
Received: {"StartTime":205794.83333333334,"Position":180.61856,"HyperDash":false}

  597) The conversion generated differing hitobjects for object at time: 206313:
Expected: {"StartTime":206396.0,"Position":157.0,"HyperDash":false}
Received: {"StartTime":206396.0,"Position":166.0,"HyperDash":false}

  598) The conversion generated differing hitobjects for object at time: 206313:
Expected: {"StartTime":206544.0,"Position":163.0,"HyperDash":false}
Received: {"StartTime":206545.16666666666,"Position":146.0,"HyperDash":false}

  599) The conversion generated differing hitobjects for object at time: 207646:
Expected: {"StartTime":207729.0,"Position":138.0,"HyperDash":false}
Received: {"StartTime":207729.0,"Position":144.0,"HyperDash":false}

  600) The conversion generated differing hitobjects for object at time: 207646:
Expected: {"StartTime":207877.0,"Position":143.0,"HyperDash":false}
Received: {"StartTime":207878.16666666666,"Position":161.0,"HyperDash":false}

  601) The conversion generated differing hitobjects for object at time: 208313:
Expected: {"StartTime":208387.0,"Position":239.45256,"HyperDash":false}
Received: {"StartTime":208387.25,"Position":253.45636,"HyperDash":false}

  602) The conversion generated differing hitobjects for object at time: 208313:
Expected: {"StartTime":208461.0,"Position":243.22156,"HyperDash":false}
Received: {"StartTime":208461.5,"Position":275.2146,"HyperDash":false}

  603) The conversion generated differing hitobjects for object at time: 208313:
Expected: {"StartTime":208535.0,"Position":244.17065,"HyperDash":false}
Received: {"StartTime":208535.75,"Position":251.1329,"HyperDash":false}

  604) The conversion generated differing hitobjects for object at time: 208980:
Expected: {"StartTime":208980.0,"Position":353.0,"HyperDash":false}
Received: {"StartTime":208980.0,"Position":410.33743,"HyperDash":false}

  605) The conversion generated differing hitobjects for object at time: 208980:
Expected: {"StartTime":209042.0,"Position":358.0,"HyperDash":false}
Received: {"StartTime":209042.5,"Position":441.5305,"HyperDash":false}

  606) The conversion generated differing hitobjects for object at time: 208980:
Expected: {"StartTime":209105.0,"Position":447.0,"HyperDash":false}
Received: {"StartTime":209105.0,"Position":45.40947,"HyperDash":false}

  607) The conversion generated differing hitobjects for object at time: 208980:
Expected: {"StartTime":209167.0,"Position":222.0,"HyperDash":false}
Received: {"StartTime":209167.5,"Position":92.45084,"HyperDash":false}

  608) The conversion generated differing hitobjects for object at time: 208980:
Expected: {"StartTime":209230.0,"Position":382.0,"HyperDash":false}
Received: {"StartTime":209230.0,"Position":399.313,"HyperDash":false}

  609) The conversion generated differing hitobjects for object at time: 208980:
Expected: {"StartTime":209292.0,"Position":433.0,"HyperDash":false}
Received: {"StartTime":209292.5,"Position":494.93054,"HyperDash":false}

  610) The conversion generated differing hitobjects for object at time: 208980:
Expected: {"StartTime":209355.0,"Position":450.0,"HyperDash":false}
Received: {"StartTime":209355.0,"Position":324.17902,"HyperDash":false}

  611) The conversion generated differing hitobjects for object at time: 208980:
Expected: {"StartTime":209417.0,"Position":326.0,"HyperDash":false}
Received: {"StartTime":209417.5,"Position":31.243624,"HyperDash":false}

  612) The conversion generated differing hitobjects for object at time: 208980:
Expected: {"StartTime":209480.0,"Position":414.0,"HyperDash":false}
Received: {"StartTime":209480.0,"Position":79.26233,"HyperDash":false}

  613) The conversion generated differing hitobjects for object at time: 208980:
Expected: {"StartTime":209542.0,"Position":285.0,"HyperDash":false}
Received: {"StartTime":209542.5,"Position":163.28723,"HyperDash":false}

  614) The conversion generated differing hitobjects for object at time: 208980:
Expected: {"StartTime":209605.0,"Position":336.0,"HyperDash":false}
Received: {"StartTime":209605.0,"Position":303.7983,"HyperDash":false}

  615) The conversion generated differing hitobjects for object at time: 208980:
Expected: {"StartTime":209667.0,"Position":509.0,"HyperDash":false}
Received: {"StartTime":209667.5,"Position":462.36575,"HyperDash":false}

  616) The conversion generated differing hitobjects for object at time: 208980:
Expected: {"StartTime":209730.0,"Position":334.0,"HyperDash":false}
Received: {"StartTime":209730.0,"Position":74.883255,"HyperDash":false}

  617) The conversion generated differing hitobjects for object at time: 208980:
Expected: {"StartTime":209792.0,"Position":72.0,"HyperDash":false}
Received: {"StartTime":209792.5,"Position":4.274644,"HyperDash":false}

  618) The conversion generated differing hitobjects for object at time: 208980:
Expected: {"StartTime":209855.0,"Position":425.0,"HyperDash":false}
Received: {"StartTime":209855.0,"Position":253.87296,"HyperDash":false}

  619) The conversion generated differing hitobjects for object at time: 208980:
Expected: {"StartTime":209917.0,"Position":451.0,"HyperDash":false}
Received: {"StartTime":209917.5,"Position":159.25217,"HyperDash":false}

  620) The conversion generated differing hitobjects for object at time: 208980:
Expected: {"StartTime":209980.0,"Position":220.0,"HyperDash":false}
Received: {"StartTime":209980.0,"Position":74.76936,"HyperDash":false}

  621) The conversion generated differing hitobjects for object at time: 210313:
Expected: {"StartTime":210313.0,"Position":25.0,"HyperDash":false}
Received: {"StartTime":210313.0,"Position":242.98848,"HyperDash":false}

  622) The conversion generated differing hitobjects for object at time: 210313:
Expected: {"StartTime":210375.0,"Position":77.0,"HyperDash":false}
Received: {"StartTime":210375.5,"Position":251.08176,"HyperDash":false}

  623) The conversion generated differing hitobjects for object at time: 210313:
Expected: {"StartTime":210438.0,"Position":509.0,"HyperDash":false}
Received: {"StartTime":210438.0,"Position":146.65329,"HyperDash":false}

  624) The conversion generated differing hitobjects for object at time: 210313:
Expected: {"StartTime":210500.0,"Position":90.0,"HyperDash":false}
Received: {"StartTime":210500.5,"Position":487.51108,"HyperDash":false}

  625) The conversion generated differing hitobjects for object at time: 210313:
Expected: {"StartTime":210563.0,"Position":118.0,"HyperDash":false}
Received: {"StartTime":210563.0,"Position":294.71753,"HyperDash":false}

  626) The conversion generated differing hitobjects for object at time: 210313:
Expected: {"StartTime":210625.0,"Position":58.0,"HyperDash":false}
Received: {"StartTime":210625.5,"Position":322.4788,"HyperDash":false}

  627) The conversion generated differing hitobjects for object at time: 210313:
Expected: {"StartTime":210688.0,"Position":12.0,"HyperDash":false}
Received: {"StartTime":210688.0,"Position":208.42824,"HyperDash":false}

  628) The conversion generated differing hitobjects for object at time: 210313:
Expected: {"StartTime":210750.0,"Position":215.0,"HyperDash":false}
Received: {"StartTime":210750.5,"Position":154.12207,"HyperDash":false}

  629) The conversion generated differing hitobjects for object at time: 210313:
Expected: {"StartTime":210813.0,"Position":487.0,"HyperDash":false}
Received: {"StartTime":210813.0,"Position":476.51575,"HyperDash":false}

  630) The conversion generated differing hitobjects for object at time: 210313:
Expected: {"StartTime":210875.0,"Position":446.0,"HyperDash":false}
Received: {"StartTime":210875.5,"Position":27.138134,"HyperDash":false}

  631) The conversion generated differing hitobjects for object at time: 210313:
Expected: {"StartTime":210938.0,"Position":491.0,"HyperDash":false}
Received: {"StartTime":210938.0,"Position":377.54373,"HyperDash":false}

  632) The conversion generated differing hitobjects for object at time: 210313:
Expected: {"StartTime":211000.0,"Position":459.0,"HyperDash":false}
Received: {"StartTime":211000.5,"Position":234.5737,"HyperDash":false}

  633) The conversion generated differing hitobjects for object at time: 210313:
Expected: {"StartTime":211063.0,"Position":37.0,"HyperDash":false}
Received: {"StartTime":211063.0,"Position":459.74298,"HyperDash":false}

  634) The conversion generated differing hitobjects for object at time: 210313:
Expected: {"StartTime":211125.0,"Position":291.0,"HyperDash":false}
Received: {"StartTime":211125.5,"Position":106.912254,"HyperDash":false}

  635) The conversion generated differing hitobjects for object at time: 210313:
Expected: {"StartTime":211188.0,"Position":315.0,"HyperDash":false}
Received: {"StartTime":211188.0,"Position":321.60315,"HyperDash":false}

  636) The conversion generated differing hitobjects for object at time: 210313:
Expected: {"StartTime":211250.0,"Position":35.0,"HyperDash":false}
Received: {"StartTime":211250.5,"Position":368.0215,"HyperDash":false}

  637) The conversion generated differing hitobjects for object at time: 210313:
Expected: {"StartTime":211313.0,"Position":208.0,"HyperDash":false}
Received: {"StartTime":211313.0,"Position":488.77142,"HyperDash":false}

  638) The conversion generated differing hitobjects for object at time: 211980:
Expected: {"StartTime":212054.0,"Position":437.20932,"HyperDash":false}
Received: {"StartTime":212054.25,"Position":404.13306,"HyperDash":false}

  639) The conversion generated differing hitobjects for object at time: 211980:
Expected: {"StartTime":212128.0,"Position":384.41864,"HyperDash":false}
Received: {"StartTime":212128.5,"Position":394.2661,"HyperDash":false}

  640) The conversion generated differing hitobjects for object at time: 211980:
Expected: {"StartTime":212202.0,"Position":361.62793,"HyperDash":false}
Received: {"StartTime":212202.75,"Position":371.39914,"HyperDash":false}

  641) The conversion generated differing hitobjects for object at time: 212647:
Expected: {"StartTime":212730.0,"Position":307.11853,"HyperDash":false}
Received: {"StartTime":212730.25,"Position":291.0526,"HyperDash":false}

  642) The conversion generated differing hitobjects for object at time: 212647:
Expected: {"StartTime":212813.0,"Position":283.23703,"HyperDash":false}
Received: {"StartTime":212813.5,"Position":297.10522,"HyperDash":false}

  643) The conversion generated differing hitobjects for object at time: 212647:
Expected: {"StartTime":212896.0,"Position":247.35556,"HyperDash":false}
Received: {"StartTime":212896.75,"Position":272.15784,"HyperDash":false}

  644) The conversion generated differing hitobjects for object at time: 212647:
Expected: {"StartTime":213128.0,"Position":185.19287,"HyperDash":false}
Received: {"StartTime":213128.83333333334,"Position":179.0563,"HyperDash":false}

  645) The conversion generated differing hitobjects for object at time: 212647:
Expected: {"StartTime":213202.0,"Position":194.68408,"HyperDash":false}
Received: {"StartTime":213203.08333333334,"Position":176.47922,"HyperDash":false}

  646) The conversion generated differing hitobjects for object at time: 214980:
Expected: {"StartTime":215063.0,"Position":469.52493,"HyperDash":false}
Received: {"StartTime":215063.0,"Position":485.53552,"HyperDash":false}

  647) The conversion generated differing hitobjects for object at time: 214980:
Expected: {"StartTime":215211.0,"Position":494.33182,"HyperDash":false}
Received: {"StartTime":215212.16666666666,"Position":482.2992,"HyperDash":false}

  648) The conversion generated differing hitobjects for object at time: 215647:
Expected: {"StartTime":215730.0,"Position":363.95483,"HyperDash":false}
Received: {"StartTime":215730.0,"Position":353.9366,"HyperDash":false}

  649) The conversion generated differing hitobjects for object at time: 215647:
Expected: {"StartTime":215878.0,"Position":351.57098,"HyperDash":false}
Received: {"StartTime":215879.16666666666,"Position":356.62692,"HyperDash":false}

  650) The conversion generated differing hitobjects for object at time: 216313:
Expected: {"StartTime":216313.0,"Position":256.0,"HyperDash":false}
Received: {"StartTime":216313.0,"Position":240.0,"HyperDash":false}

  651) The conversion generated differing hitobjects for object at time: 216647:
Expected: {"StartTime":216647.0,"Position":96.0,"HyperDash":false}
Received: {"StartTime":216647.0,"Position":112.0,"HyperDash":false}

  652) The conversion generated differing hitobjects for object at time: 216980:
Expected: {"StartTime":216980.0,"Position":208.0,"HyperDash":false}
Received: {"StartTime":216980.0,"Position":192.0,"HyperDash":false}

  653) The conversion generated differing hitobjects for object at time: 217313:
Expected: {"StartTime":217313.0,"Position":336.0,"HyperDash":false}
Received: {"StartTime":217313.0,"Position":352.0,"HyperDash":false}

  654) The conversion generated differing hitobjects for object at time: 217647:
Expected: {"StartTime":217730.0,"Position":379.25687,"HyperDash":false}
Received: {"StartTime":217730.0,"Position":385.28476,"HyperDash":false}

  655) The conversion generated differing hitobjects for object at time: 217647:
Expected: {"StartTime":217878.0,"Position":356.37592,"HyperDash":false}
Received: {"StartTime":217879.16666666666,"Position":376.29028,"HyperDash":false}

  656) The conversion generated differing hitobjects for object at time: 218313:
Expected: {"StartTime":218387.0,"Position":227.65622,"HyperDash":false}
Received: {"StartTime":218387.25,"Position":239.60484,"HyperDash":false}

  657) The conversion generated differing hitobjects for object at time: 218313:
Expected: {"StartTime":218461.0,"Position":211.89256,"HyperDash":false}
Received: {"StartTime":218461.5,"Position":222.80602,"HyperDash":false}

  658) The conversion generated differing hitobjects for object at time: 218313:
Expected: {"StartTime":218535.0,"Position":191.88254,"HyperDash":false}
Received: {"StartTime":218535.75,"Position":217.7761,"HyperDash":false}

  659) The conversion generated differing hitobjects for object at time: 218980:
Expected: {"StartTime":218980.0,"Position":232.0,"HyperDash":false}
Received: {"StartTime":218980.0,"Position":225.29276,"HyperDash":false}

  660) The conversion generated differing hitobjects for object at time: 219313:
Expected: {"StartTime":219313.0,"Position":152.0,"HyperDash":false}
Received: {"StartTime":219313.0,"Position":158.70724,"HyperDash":false}

  661) The conversion generated differing hitobjects for object at time: 219647:
Expected: {"StartTime":219795.0,"Position":222.03883,"HyperDash":false}
Received: {"StartTime":219795.5,"Position":214.1276,"HyperDash":false}

  662) The conversion generated differing hitobjects for object at time: 220313:
Expected: {"StartTime":220396.0,"Position":373.28226,"HyperDash":false}
Received: {"StartTime":220396.0,"Position":354.34332,"HyperDash":false}

  663) The conversion generated differing hitobjects for object at time: 220313:
Expected: {"StartTime":220544.0,"Position":349.92517,"HyperDash":false}
Received: {"StartTime":220545.16666666666,"Position":385.7375,"HyperDash":false}

  664) The conversion generated differing hitobjects for object at time: 220980:
Expected: {"StartTime":221054.0,"Position":307.76666,"HyperDash":false}
Received: {"StartTime":221054.25,"Position":303.71912,"HyperDash":false}

  665) The conversion generated differing hitobjects for object at time: 220980:
Expected: {"StartTime":221128.0,"Position":306.87653,"HyperDash":false}
Received: {"StartTime":221128.5,"Position":292.76917,"HyperDash":false}

  666) The conversion generated differing hitobjects for object at time: 220980:
Expected: {"StartTime":221202.0,"Position":287.83853,"HyperDash":false}
Received: {"StartTime":221202.75,"Position":265.6648,"HyperDash":false}

  667) The conversion generated differing hitobjects for object at time: 221647:
Expected: {"StartTime":221878.0,"Position":121.55672,"HyperDash":false}
Received: {"StartTime":221879.16666666666,"Position":126.785934,"HyperDash":false}

  668) The conversion generated differing hitobjects for object at time: 222313:
Expected: {"StartTime":222313.0,"Position":436.0,"HyperDash":false}
Received: {"StartTime":222313.0,"Position":252.0,"HyperDash":false}

  669) The conversion generated differing hitobjects for object at time: 222647:
Expected: {"StartTime":222647.0,"Position":316.0,"HyperDash":false}
Received: {"StartTime":222647.0,"Position":380.0,"HyperDash":false}

  670) The conversion generated differing hitobjects for object at time: 222980:
Expected: {"StartTime":222980.0,"Position":428.0,"HyperDash":false}
Received: {"StartTime":222980.0,"Position":364.0,"HyperDash":false}

  671) The conversion generated differing hitobjects for object at time: 224647:
Expected: {"StartTime":224647.0,"Position":192.0,"HyperDash":false}
Received: {"StartTime":224647.0,"Position":232.0,"HyperDash":false}

  672) The conversion generated differing hitobjects for object at time: 225313:
Expected: {"StartTime":225313.0,"Position":232.0,"HyperDash":false}
Received: {"StartTime":225313.0,"Position":192.0,"HyperDash":false}

  673) The conversion generated differing hitobjects for object at time: 225980:
Expected: {"StartTime":226128.0,"Position":273.6619,"HyperDash":false}
Received: {"StartTime":226128.5,"Position":256.818,"HyperDash":false}

  674) The conversion generated differing hitobjects for object at time: 225980:
Expected: {"StartTime":226202.0,"Position":283.86673,"HyperDash":false}
Received: {"StartTime":226202.75,"Position":278.10013,"HyperDash":false}

  675) The conversion generated differing hitobjects for object at time: 226480:
Expected: {"StartTime":226480.0,"Position":380.0,"HyperDash":false}
Received: {"StartTime":226480.0,"Position":385.37967,"HyperDash":false}

  676) The conversion generated differing hitobjects for object at time: 226647:
Expected: {"StartTime":226647.0,"Position":400.0,"HyperDash":false}
Received: {"StartTime":226647.0,"Position":374.62033,"HyperDash":false}

  677) The conversion generated differing hitobjects for object at time: 226980:
Expected: {"StartTime":226980.0,"Position":180.0,"HyperDash":false}
Received: {"StartTime":226980.0,"Position":185.37967,"HyperDash":false}

  678) The conversion generated differing hitobjects for object at time: 227313:
Expected: {"StartTime":227387.0,"Position":339.48712,"HyperDash":false}
Received: {"StartTime":227387.25,"Position":331.409,"HyperDash":false}

  679) The conversion generated differing hitobjects for object at time: 227313:
Expected: {"StartTime":227461.0,"Position":345.4503,"HyperDash":false}
Received: {"StartTime":227461.5,"Position":341.29398,"HyperDash":false}

  680) The conversion generated differing hitobjects for object at time: 227313:
Expected: {"StartTime":227535.0,"Position":299.24823,"HyperDash":false}
Received: {"StartTime":227535.75,"Position":288.0151,"HyperDash":false}

  681) The conversion generated differing hitobjects for object at time: 227813:
Expected: {"StartTime":227813.0,"Position":204.0,"HyperDash":false}
Received: {"StartTime":227813.0,"Position":198.44461,"HyperDash":false}

  682) The conversion generated differing hitobjects for object at time: 227980:
Expected: {"StartTime":227980.0,"Position":212.0,"HyperDash":false}
Received: {"StartTime":227980.0,"Position":217.55539,"HyperDash":false}

  683) The conversion generated differing hitobjects for object at time: 228313:
Expected: {"StartTime":228313.0,"Position":300.0,"HyperDash":false}
Received: {"StartTime":228313.0,"Position":294.4446,"HyperDash":false}

  684) The conversion generated differing hitobjects for object at time: 228647:
Expected: {"StartTime":228647.0,"Position":212.0,"HyperDash":false}
Received: {"StartTime":228647.0,"Position":217.55539,"HyperDash":false}

  685) The conversion generated differing hitobjects for object at time: 228980:
Expected: {"StartTime":228980.0,"Position":60.0,"HyperDash":false}
Received: {"StartTime":228980.0,"Position":54.44461,"HyperDash":false}

  686) The conversion generated differing hitobjects for object at time: 229313:
Expected: {"StartTime":229396.0,"Position":126.90752,"HyperDash":false}
Received: {"StartTime":229396.25,"Position":142.90623,"HyperDash":false}

  687) The conversion generated differing hitobjects for object at time: 229313:
Expected: {"StartTime":229479.0,"Position":112.73897,"HyperDash":false}
Received: {"StartTime":229479.5,"Position":138.74583,"HyperDash":false}

  688) The conversion generated differing hitobjects for object at time: 229313:
Expected: {"StartTime":229562.0,"Position":135.40445,"HyperDash":false}
Received: {"StartTime":229562.75,"Position":127.42401,"HyperDash":false}

  689) The conversion generated differing hitobjects for object at time: 229313:
Expected: {"StartTime":229720.0,"Position":122.399216,"HyperDash":false}
Received: {"StartTime":229720.58333333334,"Position":133.41818,"HyperDash":false}

  690) The conversion generated differing hitobjects for object at time: 229313:
Expected: {"StartTime":229794.0,"Position":152.14203,"HyperDash":false}
Received: {"StartTime":229794.83333333334,"Position":141.18178,"HyperDash":false}

  691) The conversion generated differing hitobjects for object at time: 229313:
Expected: {"StartTime":229868.0,"Position":137.94139,"HyperDash":false}
Received: {"StartTime":229869.08333333334,"Position":159.00616,"HyperDash":false}

  692) The conversion generated differing hitobjects for object at time: 230313:
Expected: {"StartTime":230313.0,"Position":352.0,"HyperDash":false}
Received: {"StartTime":230313.0,"Position":361.06885,"HyperDash":false}

  693) The conversion generated differing hitobjects for object at time: 230647:
Expected: {"StartTime":230730.0,"Position":366.5288,"HyperDash":false}
Received: {"StartTime":230730.25,"Position":356.5287,"HyperDash":false}

  694) The conversion generated differing hitobjects for object at time: 230647:
Expected: {"StartTime":230813.0,"Position":373.81128,"HyperDash":false}
Received: {"StartTime":230813.5,"Position":349.8126,"HyperDash":false}

  695) The conversion generated differing hitobjects for object at time: 230647:
Expected: {"StartTime":230896.0,"Position":365.95578,"HyperDash":false}
Received: {"StartTime":230896.75,"Position":377.95865,"HyperDash":false}

  696) The conversion generated differing hitobjects for object at time: 230647:
Expected: {"StartTime":231054.0,"Position":343.7144,"HyperDash":false}
Received: {"StartTime":231054.58333333334,"Position":377.69092,"HyperDash":false}

  697) The conversion generated differing hitobjects for object at time: 230647:
Expected: {"StartTime":231128.0,"Position":374.02484,"HyperDash":false}
Received: {"StartTime":231128.83333333334,"Position":370.99103,"HyperDash":false}

  698) The conversion generated differing hitobjects for object at time: 230647:
Expected: {"StartTime":231202.0,"Position":338.17126,"HyperDash":false}
Received: {"StartTime":231203.08333333334,"Position":342.12314,"HyperDash":false}

  699) The conversion generated differing hitobjects for object at time: 231647:
Expected: {"StartTime":231878.0,"Position":214.5214,"HyperDash":false}
Received: {"StartTime":231879.16666666666,"Position":205.75087,"HyperDash":false}

  700) The conversion generated differing hitobjects for object at time: 232313:
Expected: {"StartTime":232313.0,"Position":316.0,"HyperDash":false}
Received: {"StartTime":232313.0,"Position":254.0,"HyperDash":false}

  701) The conversion generated differing hitobjects for object at time: 232647:
Expected: {"StartTime":232647.0,"Position":156.0,"HyperDash":false}
Received: {"StartTime":232647.0,"Position":216.0,"HyperDash":false}

  702) The conversion generated differing hitobjects for object at time: 233313:
Expected: {"StartTime":233535.0,"Position":195.48584,"HyperDash":false}
Received: {"StartTime":233535.75,"Position":208.31862,"HyperDash":false}

  703) The conversion generated differing hitobjects for object at time: 233980:
Expected: {"StartTime":234146.0,"Position":257.78613,"HyperDash":false}
Received: {"StartTime":234146.5,"Position":230.95702,"HyperDash":false}

  704) The conversion generated differing hitobjects for object at time: 233980:
Expected: {"StartTime":234396.0,"Position":317.35672,"HyperDash":false}
Received: {"StartTime":234396.58333333334,"Position":296.46234,"HyperDash":false}

  705) The conversion generated differing hitobjects for object at time: 233980:
Expected: {"StartTime":234479.0,"Position":321.96957,"HyperDash":false}
Received: {"StartTime":234479.83333333334,"Position":330.11798,"HyperDash":false}

  706) The conversion generated differing hitobjects for object at time: 233980:
Expected: {"StartTime":234562.0,"Position":349.117,"HyperDash":false}
Received: {"StartTime":234563.08333333334,"Position":334.30408,"HyperDash":false}

  707) The conversion generated differing hitobjects for object at time: 233980:
Expected: {"StartTime":234729.0,"Position":345.42813,"HyperDash":false}
Received: {"StartTime":234730.16666666666,"Position":335.30408,"HyperDash":false}

  708) The conversion generated differing hitobjects for object at time: 233980:
Expected: {"StartTime":234896.0,"Position":317.5711,"HyperDash":false}
Received: {"StartTime":234897.16666666666,"Position":311.46234,"HyperDash":false}

  709) The conversion generated differing hitobjects for object at time: 235647:
Expected: {"StartTime":235647.0,"Position":164.0,"HyperDash":false}
Received: {"StartTime":235647.0,"Position":136.0,"HyperDash":false}

  710) The conversion generated differing hitobjects for object at time: 235980:
Expected: {"StartTime":235980.0,"Position":348.0,"HyperDash":false}
Received: {"StartTime":235980.0,"Position":256.0,"HyperDash":false}

  711) The conversion generated differing hitobjects for object at time: 236313:
Expected: {"StartTime":236396.0,"Position":252.0,"HyperDash":false}
Received: {"StartTime":236396.0,"Position":246.0,"HyperDash":false}

  712) The conversion generated differing hitobjects for object at time: 236313:
Expected: {"StartTime":236544.0,"Position":263.0,"HyperDash":false}
Received: {"StartTime":236545.16666666666,"Position":241.0,"HyperDash":false}

  713) The conversion generated differing hitobjects for object at time: 236980:
Expected: {"StartTime":237211.0,"Position":262.0,"HyperDash":false}
Received: {"StartTime":237212.16666666666,"Position":258.0,"HyperDash":false}

  714) The conversion generated differing hitobjects for object at time: 237980:
Expected: {"StartTime":237980.0,"Position":276.0,"HyperDash":false}
Received: {"StartTime":237980.0,"Position":236.0,"HyperDash":false}

  715) The conversion generated differing hitobjects for object at time: 238313:
Expected: {"StartTime":238387.0,"Position":349.4431,"HyperDash":false}
Received: {"StartTime":238387.25,"Position":361.50067,"HyperDash":false}

  716) The conversion generated differing hitobjects for object at time: 238313:
Expected: {"StartTime":238535.0,"Position":402.32935,"HyperDash":false}
Received: {"StartTime":238535.75,"Position":393.50198,"HyperDash":false}

  717) The conversion generated differing hitobjects for object at time: 238980:
Expected: {"StartTime":238980.0,"Position":224.0,"HyperDash":false}
Received: {"StartTime":238980.0,"Position":238.00598,"HyperDash":false}

  718) The conversion generated differing hitobjects for object at time: 239313:
Expected: {"StartTime":239387.0,"Position":303.77777,"HyperDash":false}
Received: {"StartTime":239387.25,"Position":296.7,"HyperDash":false}

  719) The conversion generated differing hitobjects for object at time: 239313:
Expected: {"StartTime":239461.0,"Position":283.55554,"HyperDash":false}
Received: {"StartTime":239461.5,"Position":267.4,"HyperDash":false}

  720) The conversion generated differing hitobjects for object at time: 239313:
Expected: {"StartTime":239535.0,"Position":243.33331,"HyperDash":false}
Received: {"StartTime":239535.75,"Position":265.1,"HyperDash":false}

  721) The conversion generated differing hitobjects for object at time: 239980:
Expected: {"StartTime":240054.0,"Position":273.78934,"HyperDash":false}
Received: {"StartTime":240054.25,"Position":263.7151,"HyperDash":false}

  722) The conversion generated differing hitobjects for object at time: 239980:
Expected: {"StartTime":240128.0,"Position":255.57866,"HyperDash":false}
Received: {"StartTime":240128.5,"Position":244.43019,"HyperDash":false}

  723) The conversion generated differing hitobjects for object at time: 239980:
Expected: {"StartTime":240202.0,"Position":211.368,"HyperDash":false}
Received: {"StartTime":240202.75,"Position":207.1453,"HyperDash":false}

  724) The conversion generated differing hitobjects for object at time: 241980:
Expected: {"StartTime":242146.0,"Position":194.16792,"HyperDash":false}
Received: {"StartTime":242146.5,"Position":202.29712,"HyperDash":false}

  725) The conversion generated differing hitobjects for object at time: 241980:
Expected: {"StartTime":242229.0,"Position":202.25189,"HyperDash":false}
Received: {"StartTime":242229.75,"Position":183.44568,"HyperDash":false}

  726) The conversion generated differing hitobjects for object at time: 241980:
Expected: {"StartTime":242396.0,"Position":191.57486,"HyperDash":false}
Received: {"StartTime":242396.58333333334,"Position":208.44568,"HyperDash":false}

  727) The conversion generated differing hitobjects for object at time: 241980:
Expected: {"StartTime":242479.0,"Position":179.4909,"HyperDash":false}
Received: {"StartTime":242479.83333333334,"Position":203.29712,"HyperDash":false}

  728) The conversion generated differing hitobjects for object at time: 241980:
Expected: {"StartTime":242562.0,"Position":169.40694,"HyperDash":false}
Received: {"StartTime":242563.08333333334,"Position":185.14856,"HyperDash":false}

  729) The conversion generated differing hitobjects for object at time: 241980:
Expected: {"StartTime":242720.0,"Position":158.21074,"HyperDash":false}
Received: {"StartTime":242721.1666666667,"Position":152.40451,"HyperDash":false}

  730) The conversion generated differing hitobjects for object at time: 241980:
Expected: {"StartTime":242795.0,"Position":179.74443,"HyperDash":false}
Received: {"StartTime":242795.6666666667,"Position":174.80902,"HyperDash":false}

  731) The conversion generated differing hitobjects for object at time: 241980:
Expected: {"StartTime":242869.0,"Position":185.08435,"HyperDash":false}
Received: {"StartTime":242870.1666666667,"Position":200.21355,"HyperDash":false}

  732) The conversion generated differing hitobjects for object at time: 245313:
Expected: {"StartTime":245387.0,"Position":95.02887,"HyperDash":false}
Received: {"StartTime":245387.25,"Position":116.98316,"HyperDash":false}

  733) The conversion generated differing hitobjects for object at time: 245313:
Expected: {"StartTime":245461.0,"Position":102.54911,"HyperDash":false}
Received: {"StartTime":245461.5,"Position":116.47346,"HyperDash":false}

  734) The conversion generated differing hitobjects for object at time: 245313:
Expected: {"StartTime":245535.0,"Position":83.834335,"HyperDash":false}
Received: {"StartTime":245535.75,"Position":105.745804,"HyperDash":false}

  735) The conversion generated differing hitobjects for object at time: 245980:
Expected: {"StartTime":245980.0,"Position":52.0,"HyperDash":false}
Received: {"StartTime":245980.0,"Position":67.060715,"HyperDash":false}

  736) The conversion generated differing hitobjects for object at time: 246313:
Expected: {"StartTime":246313.0,"Position":312.0,"HyperDash":false}
Received: {"StartTime":246313.0,"Position":192.0,"HyperDash":false}

  737) The conversion generated differing hitobjects for object at time: 246480:
Expected: {"StartTime":246480.0,"Position":192.0,"HyperDash":false}
Received: {"StartTime":246480.0,"Position":187.0,"HyperDash":false}

  738) The conversion generated differing hitobjects for object at time: 246647:
Expected: {"StartTime":246730.0,"Position":188.38472,"HyperDash":false}
Received: {"StartTime":246730.25,"Position":223.43936,"HyperDash":false}

  739) The conversion generated differing hitobjects for object at time: 246647:
Expected: {"StartTime":246896.0,"Position":227.81825,"HyperDash":false}
Received: {"StartTime":246896.75,"Position":224.00337,"HyperDash":false}

  740) The conversion generated differing hitobjects for object at time: 246647:
Expected: {"StartTime":247054.0,"Position":259.40436,"HyperDash":false}
Received: {"StartTime":247054.58333333334,"Position":279.48157,"HyperDash":false}

  741) The conversion generated differing hitobjects for object at time: 246647:
Expected: {"StartTime":247128.0,"Position":316.93488,"HyperDash":false}
Received: {"StartTime":247128.83333333334,"Position":307.0782,"HyperDash":false}

  742) The conversion generated differing hitobjects for object at time: 246647:
Expected: {"StartTime":247202.0,"Position":301.16132,"HyperDash":false}
Received: {"StartTime":247203.08333333334,"Position":336.3832,"HyperDash":false}

  743) The conversion generated differing hitobjects for object at time: 247646:
Expected: {"StartTime":247646.0,"Position":436.0,"HyperDash":false}
Received: {"StartTime":247646.0,"Position":453.50214,"HyperDash":false}

  744) The conversion generated differing hitobjects for object at time: 247813:
Expected: {"StartTime":247813.0,"Position":368.0,"HyperDash":false}
Received: {"StartTime":247813.0,"Position":350.49786,"HyperDash":false}

  745) The conversion generated differing hitobjects for object at time: 247980:
Expected: {"StartTime":248054.0,"Position":427.9642,"HyperDash":false}
Received: {"StartTime":248054.25,"Position":410.02435,"HyperDash":false}

  746) The conversion generated differing hitobjects for object at time: 247980:
Expected: {"StartTime":248128.0,"Position":455.29227,"HyperDash":false}
Received: {"StartTime":248128.5,"Position":436.39728,"HyperDash":false}

  747) The conversion generated differing hitobjects for object at time: 247980:
Expected: {"StartTime":248202.0,"Position":467.62415,"HyperDash":false}
Received: {"StartTime":248202.75,"Position":452.75647,"HyperDash":false}

  748) The conversion generated differing hitobjects for object at time: 248647:
Expected: {"StartTime":248647.0,"Position":230.0,"HyperDash":false}
Received: {"StartTime":248647.0,"Position":352.0,"HyperDash":false}

  749) The conversion generated differing hitobjects for object at time: 248980:
Expected: {"StartTime":249054.0,"Position":448.11456,"HyperDash":false}
Received: {"StartTime":249054.25,"Position":456.08994,"HyperDash":false}

  750) The conversion generated differing hitobjects for object at time: 248980:
Expected: {"StartTime":249128.0,"Position":449.648,"HyperDash":false}
Received: {"StartTime":249128.5,"Position":453.59,"HyperDash":false}

  751) The conversion generated differing hitobjects for object at time: 248980:
Expected: {"StartTime":249202.0,"Position":452.13358,"HyperDash":false}
Received: {"StartTime":249202.75,"Position":458.00677,"HyperDash":false}

  752) The conversion generated differing hitobjects for object at time: 249647:
Expected: {"StartTime":249647.0,"Position":205.0,"HyperDash":false}
Received: {"StartTime":249647.0,"Position":312.0,"HyperDash":false}

  753) The conversion generated differing hitobjects for object at time: 249813:
Expected: {"StartTime":249813.0,"Position":307.0,"HyperDash":false}
Received: {"StartTime":249813.0,"Position":256.0,"HyperDash":false}

  754) The conversion generated differing hitobjects for object at time: 255813:
Expected: {"StartTime":255813.0,"Position":236.0,"HyperDash":false}
Received: {"StartTime":255813.0,"Position":262.0,"HyperDash":false}

  755) The conversion generated differing hitobjects for object at time: 256146:
Expected: {"StartTime":256146.0,"Position":496.0,"HyperDash":false}
Received: {"StartTime":256146.0,"Position":39.00185,"HyperDash":false}

  756) The conversion generated differing hitobjects for object at time: 256146:
Expected: {"StartTime":256216.0,"Position":27.0,"HyperDash":false}
Received: {"StartTime":256216.3125,"Position":217.55962,"HyperDash":false}

  757) The conversion generated differing hitobjects for object at time: 256146:
Expected: {"StartTime":256286.0,"Position":477.0,"HyperDash":false}
Received: {"StartTime":256286.625,"Position":262.86914,"HyperDash":false}

  758) The conversion generated differing hitobjects for object at time: 256146:
Expected: {"StartTime":256356.0,"Position":163.0,"HyperDash":false}
Received: {"StartTime":256356.9375,"Position":156.08592,"HyperDash":false}

  759) The conversion generated differing hitobjects for object at time: 256146:
Expected: {"StartTime":256427.0,"Position":260.0,"HyperDash":false}
Received: {"StartTime":256427.25,"Position":163.17497,"HyperDash":false}

  760) The conversion generated differing hitobjects for object at time: 256146:
Expected: {"StartTime":256497.0,"Position":253.0,"HyperDash":false}
Received: {"StartTime":256497.5625,"Position":134.22969,"HyperDash":false}

  761) The conversion generated differing hitobjects for object at time: 256146:
Expected: {"StartTime":256567.0,"Position":423.0,"HyperDash":false}
Received: {"StartTime":256567.875,"Position":506.52673,"HyperDash":false}

  762) The conversion generated differing hitobjects for object at time: 256146:
Expected: {"StartTime":256638.0,"Position":367.0,"HyperDash":false}
Received: {"StartTime":256638.1875,"Position":336.73227,"HyperDash":false}

  763) The conversion generated differing hitobjects for object at time: 256146:
Expected: {"StartTime":256708.0,"Position":146.0,"HyperDash":false}
Received: {"StartTime":256708.5,"Position":269.30624,"HyperDash":false}

  764) The conversion generated differing hitobjects for object at time: 256146:
Expected: {"StartTime":256778.0,"Position":322.0,"HyperDash":false}
Received: {"StartTime":256778.8125,"Position":318.39545,"HyperDash":false}

  765) The conversion generated differing hitobjects for object at time: 256146:
Expected: {"StartTime":256849.0,"Position":169.0,"HyperDash":false}
Received: {"StartTime":256849.125,"Position":165.6709,"HyperDash":false}

  766) The conversion generated differing hitobjects for object at time: 256146:
Expected: {"StartTime":256919.0,"Position":159.0,"HyperDash":false}
Received: {"StartTime":256919.4375,"Position":138.31569,"HyperDash":false}

  767) The conversion generated differing hitobjects for object at time: 256146:
Expected: {"StartTime":256989.0,"Position":388.0,"HyperDash":false}
Received: {"StartTime":256989.75,"Position":353.7102,"HyperDash":false}

  768) The conversion generated differing hitobjects for object at time: 256146:
Expected: {"StartTime":257060.0,"Position":67.0,"HyperDash":false}
Received: {"StartTime":257060.0625,"Position":165.00934,"HyperDash":false}

  769) The conversion generated differing hitobjects for object at time: 256146:
Expected: {"StartTime":257130.0,"Position":176.0,"HyperDash":false}
Received: {"StartTime":257130.375,"Position":479.5999,"HyperDash":false}

  770) The conversion generated differing hitobjects for object at time: 256146:
Expected: {"StartTime":257200.0,"Position":371.0,"HyperDash":false}
Received: {"StartTime":257200.6875,"Position":347.20676,"HyperDash":false}

  771) The conversion generated differing hitobjects for object at time: 256146:
Expected: {"StartTime":257271.0,"Position":365.0,"HyperDash":false}
Received: {"StartTime":257271.0,"Position":98.867874,"HyperDash":false}

  772) The conversion generated differing hitobjects for object at time: 256146:
Expected: {"StartTime":257341.0,"Position":104.0,"HyperDash":false}
Received: {"StartTime":257341.3125,"Position":243.27016,"HyperDash":false}

  773) The conversion generated differing hitobjects for object at time: 256146:
Expected: {"StartTime":257411.0,"Position":363.0,"HyperDash":false}
Received: {"StartTime":257411.625,"Position":196.86238,"HyperDash":false}

  774) The conversion generated differing hitobjects for object at time: 256146:
Expected: {"StartTime":257481.0,"Position":75.0,"HyperDash":false}
Received: {"StartTime":257481.9375,"Position":134.71257,"HyperDash":false}

  775) The conversion generated differing hitobjects for object at time: 256146:
Expected: {"StartTime":257552.0,"Position":158.0,"HyperDash":false}
Received: {"StartTime":257552.25,"Position":99.42623,"HyperDash":false}

  776) The conversion generated differing hitobjects for object at time: 256146:
Expected: {"StartTime":257622.0,"Position":98.0,"HyperDash":false}
Received: {"StartTime":257622.5625,"Position":280.75266,"HyperDash":false}

  777) The conversion generated differing hitobjects for object at time: 256146:
Expected: {"StartTime":257692.0,"Position":30.0,"HyperDash":false}
Received: {"StartTime":257692.875,"Position":462.49945,"HyperDash":false}

  778) The conversion generated differing hitobjects for object at time: 256146:
Expected: {"StartTime":257763.0,"Position":164.0,"HyperDash":false}
Received: {"StartTime":257763.1875,"Position":404.6448,"HyperDash":false}

  779) The conversion generated differing hitobjects for object at time: 256146:
Expected: {"StartTime":257833.0,"Position":341.0,"HyperDash":false}
Received: {"StartTime":257833.5,"Position":257.25162,"HyperDash":false}

  780) The conversion generated differing hitobjects for object at time: 256146:
Expected: {"StartTime":257903.0,"Position":18.0,"HyperDash":false}
Received: {"StartTime":257903.8125,"Position":335.13742,"HyperDash":false}

  781) The conversion generated differing hitobjects for object at time: 256146:
Expected: {"StartTime":257974.0,"Position":210.0,"HyperDash":false}
Received: {"StartTime":257974.125,"Position":231.25546,"HyperDash":false}

  782) The conversion generated differing hitobjects for object at time: 256146:
Expected: {"StartTime":258044.0,"Position":420.0,"HyperDash":false}
Received: {"StartTime":258044.4375,"Position":479.0643,"HyperDash":false}

  783) The conversion generated differing hitobjects for object at time: 256146:
Expected: {"StartTime":258114.0,"Position":447.0,"HyperDash":false}
Received: {"StartTime":258114.75,"Position":207.08365,"HyperDash":false}

  784) The conversion generated differing hitobjects for object at time: 256146:
Expected: {"StartTime":258185.0,"Position":78.0,"HyperDash":false}
Received: {"StartTime":258185.0625,"Position":424.8508,"HyperDash":false}

  785) The conversion generated differing hitobjects for object at time: 256146:
Expected: {"StartTime":258255.0,"Position":177.0,"HyperDash":false}
Received: {"StartTime":258255.375,"Position":293.3933,"HyperDash":false}

  786) The conversion generated differing hitobjects for object at time: 256146:
Expected: {"StartTime":258325.0,"Position":305.0,"HyperDash":false}
Received: {"StartTime":258325.6875,"Position":456.54068,"HyperDash":false}

  787) The conversion generated differing hitobjects for object at time: 256146:
Expected: {"StartTime":258396.0,"Position":400.0,"HyperDash":false}
Received: {"StartTime":258396.0,"Position":230.48369,"HyperDash":false}

  788) The conversion generated differing hitobjects for object at time: 256146:
Expected: {"StartTime":258466.0,"Position":462.0,"HyperDash":false}
Received: {"StartTime":258466.3125,"Position":378.98163,"HyperDash":false}

  789) The conversion generated differing hitobjects for object at time: 256146:
Expected: {"StartTime":258536.0,"Position":64.0,"HyperDash":false}
Received: {"StartTime":258536.625,"Position":183.22746,"HyperDash":false}

  790) The conversion generated differing hitobjects for object at time: 256146:
Expected: {"StartTime":258606.0,"Position":458.0,"HyperDash":false}
Received: {"StartTime":258606.9375,"Position":28.67908,"HyperDash":false}

  791) The conversion generated differing hitobjects for object at time: 256146:
Expected: {"StartTime":258677.0,"Position":380.0,"HyperDash":false}
Received: {"StartTime":258677.25,"Position":349.68228,"HyperDash":false}

  792) The conversion generated differing hitobjects for object at time: 256146:
Expected: {"StartTime":258747.0,"Position":65.0,"HyperDash":false}
Received: {"StartTime":258747.5625,"Position":461.43823,"HyperDash":false}

  793) The conversion generated differing hitobjects for object at time: 256146:
Expected: {"StartTime":258817.0,"Position":23.0,"HyperDash":false}
Received: {"StartTime":258817.875,"Position":321.78586,"HyperDash":false}

  794) The conversion generated differing hitobjects for object at time: 256146:
Expected: {"StartTime":258888.0,"Position":379.0,"HyperDash":false}
Received: {"StartTime":258888.1875,"Position":400.07336,"HyperDash":false}

  795) The conversion generated differing hitobjects for object at time: 256146:
Expected: {"StartTime":258958.0,"Position":44.0,"HyperDash":false}
Received: {"StartTime":258958.5,"Position":67.47513,"HyperDash":false}

  796) The conversion generated differing hitobjects for object at time: 256146:
Expected: {"StartTime":259028.0,"Position":485.0,"HyperDash":false}
Received: {"StartTime":259028.8125,"Position":282.72168,"HyperDash":false}

  797) The conversion generated differing hitobjects for object at time: 256146:
Expected: {"StartTime":259099.0,"Position":269.0,"HyperDash":false}
Received: {"StartTime":259099.125,"Position":384.3197,"HyperDash":false}

  798) The conversion generated differing hitobjects for object at time: 256146:
Expected: {"StartTime":259169.0,"Position":155.0,"HyperDash":false}
Received: {"StartTime":259169.4375,"Position":142.44865,"HyperDash":false}

  799) The conversion generated differing hitobjects for object at time: 256146:
Expected: {"StartTime":259239.0,"Position":324.0,"HyperDash":false}
Received: {"StartTime":259239.75,"Position":73.6471,"HyperDash":false}

  800) The conversion generated differing hitobjects for object at time: 256146:
Expected: {"StartTime":259310.0,"Position":149.0,"HyperDash":false}
Received: {"StartTime":259310.0625,"Position":37.951878,"HyperDash":false}

  801) The conversion generated differing hitobjects for object at time: 256146:
Expected: {"StartTime":259380.0,"Position":351.0,"HyperDash":false}
Received: {"StartTime":259380.375,"Position":495.5733,"HyperDash":false}

  802) The conversion generated differing hitobjects for object at time: 256146:
Expected: {"StartTime":259450.0,"Position":385.0,"HyperDash":false}
Received: {"StartTime":259450.6875,"Position":44.93891,"HyperDash":false}

  803) The conversion generated differing hitobjects for object at time: 256146:
Expected: {"StartTime":259521.0,"Position":338.0,"HyperDash":false}
Received: {"StartTime":259521.0,"Position":38.16734,"HyperDash":false}

  804) The conversion generated differing hitobjects for object at time: 256146:
Expected: {"StartTime":259591.0,"Position":322.0,"HyperDash":false}
Received: {"StartTime":259591.3125,"Position":315.4989,"HyperDash":false}

  805) The conversion generated differing hitobjects for object at time: 256146:
Expected: {"StartTime":259661.0,"Position":84.0,"HyperDash":false}
Received: {"StartTime":259661.625,"Position":386.4552,"HyperDash":false}

  806) The conversion generated differing hitobjects for object at time: 256146:
Expected: {"StartTime":259731.0,"Position":342.0,"HyperDash":false}
Received: {"StartTime":259731.9375,"Position":103.812805,"HyperDash":false}

  807) The conversion generated differing hitobjects for object at time: 256146:
Expected: {"StartTime":259802.0,"Position":395.0,"HyperDash":false}
Received: {"StartTime":259802.25,"Position":406.10474,"HyperDash":false}

  808) The conversion generated differing hitobjects for object at time: 256146:
Expected: {"StartTime":259872.0,"Position":72.0,"HyperDash":false}
Received: {"StartTime":259872.5625,"Position":253.56343,"HyperDash":false}

  809) The conversion generated differing hitobjects for object at time: 256146:
Expected: {"StartTime":259942.0,"Position":324.0,"HyperDash":false}
Received: {"StartTime":259942.875,"Position":97.15533,"HyperDash":false}

  810) The conversion generated differing hitobjects for object at time: 256146:
Expected: {"StartTime":260013.0,"Position":67.0,"HyperDash":false}
Received: {"StartTime":260013.1875,"Position":330.77158,"HyperDash":false}

  811) The conversion generated differing hitobjects for object at time: 256146:
Expected: {"StartTime":260083.0,"Position":371.0,"HyperDash":false}
Received: {"StartTime":260083.5,"Position":213.00082,"HyperDash":false}

  812) The conversion generated differing hitobjects for object at time: 256146:
Expected: {"StartTime":260153.0,"Position":446.0,"HyperDash":false}
Received: {"StartTime":260153.8125,"Position":216.83607,"HyperDash":false}

  813) The conversion generated differing hitobjects for object at time: 256146:
Expected: {"StartTime":260224.0,"Position":29.0,"HyperDash":false}
Received: {"StartTime":260224.125,"Position":288.42758,"HyperDash":false}

  814) The conversion generated differing hitobjects for object at time: 256146:
Expected: {"StartTime":260294.0,"Position":22.0,"HyperDash":false}
Received: {"StartTime":260294.4375,"Position":490.39566,"HyperDash":false}

  815) The conversion generated differing hitobjects for object at time: 256146:
Expected: {"StartTime":260364.0,"Position":432.0,"HyperDash":false}
Received: {"StartTime":260364.75,"Position":468.3726,"HyperDash":false}

  816) The conversion generated differing hitobjects for object at time: 256146:
Expected: {"StartTime":260435.0,"Position":12.0,"HyperDash":false}
Received: {"StartTime":260435.0625,"Position":486.9784,"HyperDash":false}

  817) The conversion generated differing hitobjects for object at time: 256146:
Expected: {"StartTime":260505.0,"Position":330.0,"HyperDash":false}
Received: {"StartTime":260505.375,"Position":229.50568,"HyperDash":false}

  818) The conversion generated differing hitobjects for object at time: 256146:
Expected: {"StartTime":260575.0,"Position":419.0,"HyperDash":false}
Received: {"StartTime":260575.6875,"Position":251.27335,"HyperDash":false}

  819) The conversion generated differing hitobjects for object at time: 256146:
Expected: {"StartTime":260646.0,"Position":278.0,"HyperDash":false}
Received: {"StartTime":260646.0,"Position":353.9411,"HyperDash":false}


  Stack Trace:
     at osu.Game.Tests.Beatmaps.BeatmapConversionTest`2.Test(String name, Type[] mods) in /app/osu.Game/Tests/Beatmaps/BeatmapConversionTest.cs:line 50
   at osu.Game.Rulesets.Catch.Tests.CatchBeatmapConversionTest.Test(String name, Type[] mods) in /app/osu.Game.Rulesets.Catch.Tests/CatchBeatmapConversionTest.cs:line 58
   at InvokeStub_CatchBeatmapConversionTest.Test(Object, Span`1)

1)    at osu.Game.Tests.Beatmaps.BeatmapConversionTest`2.<>c__DisplayClass4_1.<Test>b__2() in /app/osu.Game/Tests/Beatmaps/BeatmapConversionTest.cs:line 98
   at NUnit.Framework.Assert.Multiple(TestDelegate testDelegate)
   at osu.Game.Tests.Beatmaps.BeatmapConversionTest`2.<>c__DisplayClass4_0.<Test>b__1() in /app/osu.Game/Tests/Beatmaps/BeatmapConversionTest.cs:line 77
   at NUnit.Framework.Assert.Multiple(TestDelegate testDelegate)
   at osu.Game.Tests.Beatmaps.BeatmapConversionTest`2.Test(String name, Type[] mods) in /app/osu.Game/Tests/Beatmaps/BeatmapConversionTest.cs:line 50
   at osu.Game.Rulesets.Catch.Tests.CatchBeatmapConversionTest.Test(String name, Type[] mods) in /app/osu.Game.Rulesets.Catch.Tests/CatchBeatmapConversionTest.cs:line 58
   at InvokeStub_CatchBeatmapConversionTest.Test(Object, Span`1)

2)    at osu.Game.Tests.Beatmaps.BeatmapConversionTest`2.<>c__DisplayClass4_1.<Test>b__2() in /app/osu.Game/Tests/Beatmaps/BeatmapConversionTest.cs:line 98
   at NUnit.Framework.Assert.Multiple(TestDelegate testDelegate)
   at osu.Game.Tests.Beatmaps.BeatmapConversionTest`2.<>c__DisplayClass4_0.<Test>b__1() in /app/osu.Game/Tests/Beatmaps/BeatmapConversionTest.cs:line 77
   at NUnit.Framework.Assert.Multiple(TestDelegate testDelegate)
   at osu.Game.Tests.Beatmaps.BeatmapConversionTest`2.Test(String name, Type[] mods) in /app/osu.Game/Tests/Beatmaps/BeatmapConversionTest.cs:line 50
   at osu.Game.Rulesets.Catch.Tests.CatchBeatmapConversionTest.Test(String name, Type[] mods) in /app/osu.Game.Rulesets.Catch.Tests/CatchBeatmapConversionTest.cs:line 58
   at InvokeStub_CatchBeatmapConversionTest.Test(Object, Span`1)

3)    at osu.Game.Tests.Beatmaps.BeatmapConversionTest`2.<>c__DisplayClass4_1.<Test>b__2() in /app/osu.Game/Tests/Beatmaps/BeatmapConversionTest.cs:line 98
   at NUnit.Framework.Assert.Multiple(TestDelegate testDelegate)
   at osu.Game.Tests.Beatmaps.BeatmapConversionTest`2.<>c__DisplayClass4_0.<Test>b__1() in /app/osu.Game/Tests/Beatmaps/BeatmapConversionTest.cs:line 77
   at NUnit.Framework.Assert.Multiple(TestDelegate testDelegate)
   at osu.Game.Tests.Beatmaps.BeatmapConversionTest`2.Test(String name, Type[] mods) in /app/osu.Game/Tests/Beatmaps/BeatmapConversionTest.cs:line 50
   at osu.Game.Rulesets.Catch.Tests.CatchBeatmapConversionTest.Test(String name, Type[] mods) in /app/osu.Game.Rulesets.Catch.Tests/CatchBeatmapConversionTest.cs:line 58
   at InvokeStub_CatchBeatmapConversionTest.Test(Object, Span`1)

4)    at osu.Game.Tests.Beatmaps.BeatmapConversionTest`2.<>c__DisplayClass4_1.<Test>b__2() in /app/osu.Game/Tests/Beatmaps/BeatmapConversionTest.cs:line 98
   at NUnit.Framework.Assert.Multiple(TestDelegate testDelegate)
   at osu.Game.Tests.Beatmaps.BeatmapConversionTest`2.<>c__DisplayClass4_0.<Test>b__1() in /app/osu.Game/Tests/Beatmaps/BeatmapConversionTest.cs:line 77
   at NUnit.Framework.Assert.Multiple(TestDelegate testDelegate)
   at osu.Game.Tests.Beatmaps.BeatmapConversionTest`2.Test(String name, Type[] mods) in /app/osu.Game/Tests/Beatmaps/BeatmapConversionTest.cs:line 50
   at osu.Game.Rulesets.Catch.Tests.CatchBeatmapConversionTest.Test(String name, Type[] mods) in /app/osu.Game.Rulesets.Catch.Tests/CatchBeatmapConversionTest.cs:line 58
   at InvokeStub_CatchBeatmapConversionTest.Test(Object, Span`1)

5)    at osu.Game.Tests.Beatmaps.BeatmapConversionTest`2.<>c__DisplayClass4_1.<Test>b__2() in /app/osu.Game/Tests/Beatmaps/BeatmapConversionTest.cs:line 98
   at NUnit.Framework.Assert.Multiple(TestDelegate testDelegate)
   at osu.Game.Tests.Beatmaps.BeatmapConversionTest`2.<>c__DisplayClass4_0.<Test>b__1() in /app/osu.Game/Tests/Beatmaps/BeatmapConversionTest.cs:line 77
   at NUnit.Framework.Assert.Multiple(TestDelegate testDelegate)
   at osu.Game.Tests.Beatmaps.BeatmapConversionTest`2.Test(String name, Type[] mods) in /app/osu.Game/Tests/Beatmaps/BeatmapConversionTest.cs:line 50
   at osu.Game.Rulesets.Catch.Tests.CatchBeatmapConversionTest.Test(String name, Type[] mods) in /app/osu.Game.Rulesets.Catch.Tests/CatchBeatmapConversionTest.cs:line 58
   at InvokeStub_CatchBeatmapConversionTest.Test(Object, Span`1)

6)    at osu.Game.Tests.Beatmaps.BeatmapConversionTest`2.<>c__DisplayClass4_1.<Test>b__2() in /app/osu.Game/Tests/Beatmaps/BeatmapConversionTest.cs:line 98
   at NUnit.Framework.Assert.Multiple(TestDelegate testDelegate)
   at osu.Game.Tests.Beatmaps.BeatmapConversionTest`2.<>c__DisplayClass4_0.<Test>b__1() in /app/osu.Game/Tests/Beatmaps/BeatmapConversionTest.cs:line 77
   at NUnit.Framework.Assert.Multiple(TestDelegate testDelegate)
   at osu.Game.Tests.Beatmaps.BeatmapConversionTest`2.Test(String name, Type[] mods) in /app/osu.Game/Tests/Beatmaps/BeatmapConversionTest.cs:line 50
   at osu.Game.Rulesets.Catch.Tests.CatchBeatmapConversionTest.Test(String name, Type[] mods) in /app/osu.Game.Rulesets.Catch.Tests/CatchBeatmapConversionTest.cs:line 58
   at InvokeStub_CatchBeatmapConversionTest.Test(Object, Span`1)

7)    at osu.Game.Tests.Beatmaps.BeatmapConversionTest`2.<>c__DisplayClass4_1.<Test>b__2() in /app/osu.Game/Tests/Beatmaps/BeatmapConversionTest.cs:line 98
   at NUnit.Framework.Assert.Multiple(TestDelegate testDelegate)
   at osu.Game.Tests.Beatmaps.BeatmapConversionTest`2.<>c__DisplayClass4_0.<Test>b__1() in /app/osu.Game/Tests/Beatmaps/BeatmapConversionTest.cs:line 77
   at NUnit.Framework.Assert.Multiple(TestDelegate testDelegate)
   at osu.Game.Tests.Beatmaps.BeatmapConversionTest`2.Test(String name, Type[] mods) in /app/osu.Game/Tests/Beatmaps/BeatmapConversionTest.cs:line 50
   at osu.Game.Rulesets.Catch.Tests.CatchBeatmapConversionTest.Test(String name, Type[] mods) in /app/osu.Game.Rulesets.Catch.Tests/CatchBeatmapConversionTest.cs:line 58
   at InvokeStub_CatchBeatmapConversionTest.Test(Object, Span`1)

8)    at osu.Game.Tests.Beatmaps.BeatmapConversionTest`2.<>c__DisplayClass4_1.<Test>b__2() in /app/osu.Game/Tests/Beatmaps/BeatmapConversionTest.cs:line 98
   at NUnit.Framework.Assert.Multiple(TestDelegate testDelegate)
   at osu.Game.Tests.Beatmaps.BeatmapConversionTest`2.<>c__DisplayClass4_0.<Test>b__1() in /app/osu.Game/Tests/Beatmaps/BeatmapConversionTest.cs:line 77
   at NUnit.Framework.Assert.Multiple(TestDelegate testDelegate)
   at osu.Game.Tests.Beatmaps.BeatmapConversionTest`2.Test(String name, Type[] mods) in /app/osu.Game/Tests/Beatmaps/BeatmapConversionTest.cs:line 50
   at osu.Game.Rulesets.Catch.Tests.CatchBeatmapConversionTest.Test(String name, Type[] mods) in /app/osu.Game.Rulesets.Catch.Tests/CatchBeatmapConversionTest.cs:line 58
   at InvokeStub_CatchBeatmapConversionTest.Test(Object, Span`1)

9)    at osu.Game.Tests.Beatmaps.BeatmapConversionTest`2.<>c__DisplayClass4_1.<Test>b__2() in /app/osu.Game/Tests/Beatmaps/BeatmapConversionTest.cs:line 98
   at NUnit.Framework.Assert.Multiple(TestDelegate testDelegate)
   at osu.Game.Tests.Beatmaps.BeatmapConversionTest`2.<>c__DisplayClass4_0.<Test>b__1() in /app/osu.Game/Tests/Beatmaps/BeatmapConversionTest.cs:line 77
   at NUnit.Framework.Assert.Multiple(TestDelegate testDelegate)
   at osu.Game.Tests.Beatmaps.BeatmapConversionTest`2.Test(String name, Type[] mods) in /app/osu.Game/Tests/Beatmaps/BeatmapConversionTest.cs:line 50
   at osu.Game.Rulesets.Catch.Tests.CatchBeatmapConversionTest.Test(String name, Type[] mods) in /app/osu.Game.Rulesets.Catch.Tests/CatchBeatmapConversionTest.cs:line 58
   at InvokeStub_CatchBeatmapConversionTest.Test(Object, Span`1)

10)    at osu.Game.Tests.Beatmaps.BeatmapConversionTest`2.<>c__DisplayClass4_1.<Test>b__2() in /app/osu.Game/Tests/Beatmaps/BeatmapConversionTest.cs:line 98
   at NUnit.Framework.Assert.Multiple(TestDelegate testDelegate)
   at osu.Game.Tests.Beatmaps.BeatmapConversionTest`2.<>c__DisplayClass4_0.<Test>b__1() in /app/osu.Game/Tests/Beatmaps/BeatmapConversionTest.cs:line 77
   at NUnit.Framework.Assert.Multiple(TestDelegate testDelegate)
   at osu.Game.Tests.Beatmaps.BeatmapConversionTest`2.Test(String name, Type[] mods) in /app/osu.Game/Tests/Beatmaps/BeatmapConversionTest.cs:line 50
   at osu.Game.Rulesets.Catch.Tests.CatchBeatmapConversionTest.Test(String name, Type[] mods) in /app/osu.Game.Rulesets.Catch.Tests/CatchBeatmapConversionTest.cs:line 58
   at InvokeStub_CatchBeatmapConversionTest.Test(Object, Span`1)

11)    at osu.Game.Tests.Beatmaps.BeatmapConversionTest`2.<>c__DisplayClass4_1.<Test>b__2() in /app/osu.Game/Tests/Beatmaps/BeatmapConversionTest.cs:line 98
   at NUnit.Framework.Assert.Multiple(TestDelegate testDelegate)
   at osu.Game.Tests.Beatmaps.BeatmapConversionTest`2.<>c__DisplayClass4_0.<Test>b__1() in /app/osu.Game/Tests/Beatmaps/BeatmapConversionTest.cs:line 77
   at NUnit.Framework.Assert.Multiple(TestDelegate testDelegate)
   at osu.Game.Tests.Beatmaps.BeatmapConversionTest`2.Test(String name, Type[] mods) in /app/osu.Game/Tests/Beatmaps/BeatmapConversionTest.cs:line 50
   at osu.Game.Rulesets.Catch.Tests.CatchBeatmapConversionTest.Test(String name, Type[] mods) in /app/osu.Game.Rulesets.Catch.Tests/CatchBeatmapConversionTest.cs:line 58
   at InvokeStub_CatchBeatmapConversionTest.Test(Object, Span`1)

12)    at osu.Game.Tests.Beatmaps.BeatmapConversionTest`2.<>c__DisplayClass4_1.<Test>b__2() in /app/osu.Game/Tests/Beatmaps/BeatmapConversionTest.cs:line 98
   at NUnit.Framework.Assert.Multiple(TestDelegate testDelegate)
   at osu.Game.Tests.Beatmaps.BeatmapConversionTest`2.<>c__DisplayClass4_0.<Test>b__1() in /app/osu.Game/Tests/Beatmaps/BeatmapConversionTest.cs:line 77
   at NUnit.Framework.Assert.Multiple(TestDelegate testDelegate)
   at osu.Game.Tests.Beatmaps.BeatmapConversionTest`2.Test(String name, Type[] mods) in /app/osu.Game/Tests/Beatmaps/BeatmapConversionTest.cs:line 50
   at osu.Game.Rulesets.Catch.Tests.CatchBeatmapConversionTest.Test(String name, Type[] mods) in /app/osu.Game.Rulesets.Catch.Tests/CatchBeatmapConversionTest.cs:line 58
   at InvokeStub_CatchBeatmapConversionTest.Test(Object, Span`1)

13)    at osu.Game.Tests.Beatmaps.BeatmapConversionTest`2.<>c__DisplayClass4_1.<Test>b__2() in /app/osu.Game/Tests/Beatmaps/BeatmapConversionTest.cs:line 98
   at NUnit.Framework.Assert.Multiple(TestDelegate testDelegate)
   at osu.Game.Tests.Beatmaps.BeatmapConversionTest`2.<>c__DisplayClass4_0.<Test>b__1() in /app/osu.Game/Tests/Beatmaps/BeatmapConversionTest.cs:line 77
   at NUnit.Framework.Assert.Multiple(TestDelegate testDelegate)
   at osu.Game.Tests.Beatmaps.BeatmapConversionTest`2.Test(String name, Type[] mods) in /app/osu.Game/Tests/Beatmaps/BeatmapConversionTest.cs:line 50
   at osu.Game.Rulesets.Catch.Tests.CatchBeatmapConversionTest.Test(String name, Type[] mods) in /app/osu.Game.Rulesets.Catch.Tests/CatchBeatmapConversionTest.cs:line 58
   at InvokeStub_CatchBeatmapConversionTest.Test(Object, Span`1)

14)    at osu.Game.Tests.Beatmaps.BeatmapConversionTest`2.<>c__DisplayClass4_1.<Test>b__2() in /app/osu.Game/Tests/Beatmaps/BeatmapConversionTest.cs:line 98
   at NUnit.Framework.Assert.Multiple(TestDelegate testDelegate)
   at osu.Game.Tests.Beatmaps.BeatmapConversionTest`2.<>c__DisplayClass4_0.<Test>b__1() in /app/osu.Game/Tests/Beatmaps/BeatmapConversionTest.cs:line 77
   at NUnit.Framework.Assert.Multiple(TestDelegate testDelegate)
   at osu.Game.Tests.Beatmaps.BeatmapConversionTest`2.Test(String name, Type[] mods) in /app/osu.Game/Tests/Beatmaps/BeatmapConversionTest.cs:line 50
   at osu.Game.Rulesets.Catch.Tests.CatchBeatmapConversionTest.Test(String name, Type[] mods) in /app/osu.Game.Rulesets.Catch.Tests/CatchBeatmapConversionTest.cs:line 58
   at InvokeStub_CatchBeatmapConversionTest.Test(Object, Span`1)

15)    at osu.Game.Tests.Beatmaps.BeatmapConversionTest`2.<>c__DisplayClass4_1.<Test>b__2() in /app/osu.Game/Tests/Beatmaps/BeatmapConversionTest.cs:line 98
   at NUnit.Framework.Assert.Multiple(TestDelegate testDelegate)
   at osu.Game.Tests.Beatmaps.BeatmapConversionTest`2.<>c__DisplayClass4_0.<Test>b__1() in /app/osu.Game/Tests/Beatmaps/BeatmapConversionTest.cs:line 77
   at NUnit.Framework.Assert.Multiple(TestDelegate testDelegate)
   at osu.Game.Tests.Beatmaps.BeatmapConversionTest`2.Test(String name, Type[] mods) in /app/osu.Game/Tests/Beatmaps/BeatmapConversionTest.cs:line 50
   at osu.Game.Rulesets.Catch.Tests.CatchBeatmapConversionTest.Test(String name, Type[] mods) in /app/osu.Game.Rulesets.Catch.Tests/CatchBeatmapConversionTest.cs:line 58
   at InvokeStub_CatchBeatmapConversionTest.Test(Object, Span`1)

16)    at osu.Game.Tests.Beatmaps.BeatmapConversionTest`2.<>c__DisplayClass4_1.<Test>b__2() in /app/osu.Game/Tests/Beatmaps/BeatmapConversionTest.cs:line 98
   at NUnit.Framework.Assert.Multiple(TestDelegate testDelegate)
   at osu.Game.Tests.Beatmaps.BeatmapConversionTest`2.<>c__DisplayClass4_0.<Test>b__1() in /app/osu.Game/Tests/Beatmaps/BeatmapConversionTest.cs:line 77
   at NUnit.Framework.Assert.Multiple(TestDelegate testDelegate)
   at osu.Game.Tests.Beatmaps.BeatmapConversionTest`2.Test(String name, Type[] mods) in /app/osu.Game/Tests/Beatmaps/BeatmapConversionTest.cs:line 50
   at osu.Game.Rulesets.Catch.Tests.CatchBeatmapConversionTest.Test(String name, Type[] mods) in /app/osu.Game.Rulesets.Catch.Tests/CatchBeatmapConversionTest.cs:line 58
   at InvokeStub_CatchBeatmapConversionTest.Test(Object, Span`1)

17)    at osu.Game.Tests.Beatmaps.BeatmapConversionTest`2.<>c__DisplayClass4_1.<Test>b__2() in /app/osu.Game/Tests/Beatmaps/BeatmapConversionTest.cs:line 98
   at NUnit.Framework.Assert.Multiple(TestDelegate testDelegate)
   at osu.Game.Tests.Beatmaps.BeatmapConversionTest`2.<>c__DisplayClass4_0.<Test>b__1() in /app/osu.Game/Tests/Beatmaps/BeatmapConversionTest.cs:line 77
   at NUnit.Framework.Assert.Multiple(TestDelegate testDelegate)
   at osu.Game.Tests.Beatmaps.BeatmapConversionTest`2.Test(String name, Type[] mods) in /app/osu.Game/Tests/Beatmaps/BeatmapConversionTest.cs:line 50
   at osu.Game.Rulesets.Catch.Tests.CatchBeatmapConversionTest.Test(String name, Type[] mods) in /app/osu.Game.Rulesets.Catch.Tests/CatchBeatmapConversionTest.cs:line 58
   at InvokeStub_CatchBeatmapConversionTest.Test(Object, Span`1)

18)    at osu.Game.Tests.Beatmaps.BeatmapConversionTest`2.<>c__DisplayClass4_1.<Test>b__2() in /app/osu.Game/Tests/Beatmaps/BeatmapConversionTest.cs:line 98
   at NUnit.Framework.Assert.Multiple(TestDelegate testDelegate)
   at osu.Game.Tests.Beatmaps.BeatmapConversionTest`2.<>c__DisplayClass4_0.<Test>b__1() in /app/osu.Game/Tests/Beatmaps/BeatmapConversionTest.cs:line 77
   at NUnit.Framework.Assert.Multiple(TestDelegate testDelegate)
   at osu.Game.Tests.Beatmaps.BeatmapConversionTest`2.Test(String name, Type[] mods) in /app/osu.Game/Tests/Beatmaps/BeatmapConversionTest.cs:line 50
   at osu.Game.Rulesets.Catch.Tests.CatchBeatmapConversionTest.Test(String name, Type[] mods) in /app/osu.Game.Rulesets.Catch.Tests/CatchBeatmapConversionTest.cs:line 58
   at InvokeStub_CatchBeatmapConversionTest.Test(Object, Span`1)

19)    at osu.Game.Tests.Beatmaps.BeatmapConversionTest`2.<>c__DisplayClass4_1.<Test>b__2() in /app/osu.Game/Tests/Beatmaps/BeatmapConversionTest.cs:line 98
   at NUnit.Framework.Assert.Multiple(TestDelegate testDelegate)
   at osu.Game.Tests.Beatmaps.BeatmapConversionTest`2.<>c__DisplayClass4_0.<Test>b__1() in /app/osu.Game/Tests/Beatmaps/BeatmapConversionTest.cs:line 77
   at NUnit.Framework.Assert.Multiple(TestDelegate testDelegate)
   at osu.Game.Tests.Beatmaps.BeatmapConversionTest`2.Test(String name, Type[] mods) in /app/osu.Game/Tests/Beatmaps/BeatmapConversionTest.cs:line 50
   at osu.Game.Rulesets.Catch.Tests.CatchBeatmapConversionTest.Test(String name, Type[] mods) in /app/osu.Game.Rulesets.Catch.Tests/CatchBeatmapConversionTest.cs:line 58
   at InvokeStub_CatchBeatmapConversionTest.Test(Object, Span`1)

20)    at osu.Game.Tests.Beatmaps.BeatmapConversionTest`2.<>c__DisplayClass4_1.<Test>b__2() in /app/osu.Game/Tests/Beatmaps/BeatmapConversionTest.cs:line 98
   at NUnit.Framework.Assert.Multiple(TestDelegate testDelegate)
   at osu.Game.Tests.Beatmaps.BeatmapConversionTest`2.<>c__DisplayClass4_0.<Test>b__1() in /app/osu.Game/Tests/Beatmaps/BeatmapConversionTest.cs:line 77
   at NUnit.Framework.Assert.Multiple(TestDelegate testDelegate)
   at osu.Game.Tests.Beatmaps.BeatmapConversionTest`2.Test(String name, Type[] mods) in /app/osu.Game/Tests/Beatmaps/BeatmapConversionTest.cs:line 50
   at osu.Game.Rulesets.Catch.Tests.CatchBeatmapConversionTest.Test(String name, Type[] mods) in /app/osu.Game.Rulesets.Catch.Tests/CatchBeatmapConversionTest.cs:line 58
   at InvokeStub_CatchBeatmapConversionTest.Test(Object, Span`1)

21)    at osu.Game.Tests.Beatmaps.BeatmapConversionTest`2.<>c__DisplayClass4_1.<Test>b__2() in /app/osu.Game/Tests/Beatmaps/BeatmapConversionTest.cs:line 98
   at NUnit.Framework.Assert.Multiple(TestDelegate testDelegate)
   at osu.Game.Tests.Beatmaps.BeatmapConversionTest`2.<>c__DisplayClass4_0.<Test>b__1() in /app/osu.Game/Tests/Beatmaps/BeatmapConversionTest.cs:line 77
   at NUnit.Framework.Assert.Multiple(TestDelegate testDelegate)
   at osu.Game.Tests.Beatmaps.BeatmapConversionTest`2.Test(String name, Type[] mods) in /app/osu.Game/Tests/Beatmaps/BeatmapConversionTest.cs:line 50
   at osu.Game.Rulesets.Catch.Tests.CatchBeatmapConversionTest.Test(String name, Type[] mods) in /app/osu.Game.Rulesets.Catch.Tests/CatchBeatmapConversionTest.cs:line 58
   at InvokeStub_CatchBeatmapConversionTest.Test(Object, Span`1)

22)    at osu.Game.Tests.Beatmaps.BeatmapConversionTest`2.<>c__DisplayClass4_1.<Test>b__2() in /app/osu.Game/Tests/Beatmaps/BeatmapConversionTest.cs:line 98
   at NUnit.Framework.Assert.Multiple(TestDelegate testDelegate)
   at osu.Game.Tests.Beatmaps.BeatmapConversionTest`2.<>c__DisplayClass4_0.<Test>b__1() in /app/osu.Game/Tests/Beatmaps/BeatmapConversionTest.cs:line 77
   at NUnit.Framework.Assert.Multiple(TestDelegate testDelegate)
   at osu.Game.Tests.Beatmaps.BeatmapConversionTest`2.Test(String name, Type[] mods) in /app/osu.Game/Tests/Beatmaps/BeatmapConversionTest.cs:line 50
   at osu.Game.Rulesets.Catch.Tests.CatchBeatmapConversionTest.Test(String name, Type[] mods) in /app/osu.Game.Rulesets.Catch.Tests/CatchBeatmapConversionTest.cs:line 58
   at InvokeStub_CatchBeatmapConversionTest.Test(Object, Span`1)

23)    at osu.Game.Tests.Beatmaps.BeatmapConversionTest`2.<>c__DisplayClass4_1.<Test>b__2() in /app/osu.Game/Tests/Beatmaps/BeatmapConversionTest.cs:line 98
   at NUnit.Framework.Assert.Multiple(TestDelegate testDelegate)
   at osu.Game.Tests.Beatmaps.BeatmapConversionTest`2.<>c__DisplayClass4_0.<Test>b__1() in /app/osu.Game/Tests/Beatmaps/BeatmapConversionTest.cs:line 77
   at NUnit.Framework.Assert.Multiple(TestDelegate testDelegate)
   at osu.Game.Tests.Beatmaps.BeatmapConversionTest`2.Test(String name, Type[] mods) in /app/osu.Game/Tests/Beatmaps/BeatmapConversionTest.cs:line 50
   at osu.Game.Rulesets.Catch.Tests.CatchBeatmapConversionTest.Test(String name, Type[] mods) in /app/osu.Game.Rulesets.Catch.Tests/CatchBeatmapConversionTest.cs:line 58
   at InvokeStub_CatchBeatmapConversionTest.Test(Object, Span`1)

24)    at osu.Game.Tests.Beatmaps.BeatmapConversionTest`2.<>c__DisplayClass4_1.<Test>b__2() in /app/osu.Game/Tests/Beatmaps/BeatmapConversionTest.cs:line 98
   at NUnit.Framework.Assert.Multiple(TestDelegate testDelegate)
   at osu.Game.Tests.Beatmaps.BeatmapConversionTest`2.<>c__DisplayClass4_0.<Test>b__1() in /app/osu.Game/Tests/Beatmaps/BeatmapConversionTest.cs:line 77
   at NUnit.Framework.Assert.Multiple(TestDelegate testDelegate)
   at osu.Game.Tests.Beatmaps.BeatmapConversionTest`2.Test(String name, Type[] mods) in /app/osu.Game/Tests/Beatmaps/BeatmapConversionTest.cs:line 50
   at osu.Game.Rulesets.Catch.Tests.CatchBeatmapConversionTest.Test(String name, Type[] mods) in /app/osu.Game.Rulesets.Catch.Tests/CatchBeatmapConversionTest.cs:line 58
   at InvokeStub_CatchBeatmapConversionTest.Test(Object, Span`1)

25)    at osu.Game.Tests.Beatmaps.BeatmapConversionTest`2.<>c__DisplayClass4_1.<Test>b__2() in /app/osu.Game/Tests/Beatmaps/BeatmapConversionTest.cs:line 98
   at NUnit.Framework.Assert.Multiple(TestDelegate testDelegate)
   at osu.Game.Tests.Beatmaps.BeatmapConversionTest`2.<>c__DisplayClass4_0.<Test>b__1() in /app/osu.Game/Tests/Beatmaps/BeatmapConversionTest.cs:line 77
   at NUnit.Framework.Assert.Multiple(TestDelegate testDelegate)
   at osu.Game.Tests.Beatmaps.BeatmapConversionTest`2.Test(String name, Type[] mods) in /app/osu.Game/Tests/Beatmaps/BeatmapConversionTest.cs:line 50
   at osu.Game.Rulesets.Catch.Tests.CatchBeatmapConversionTest.Test(String name, Type[] mods) in /app/osu.Game.Rulesets.Catch.Tests/CatchBeatmapConversionTest.cs:line 58
   at InvokeStub_CatchBeatmapConversionTest.Test(Object, Span`1)

26)    at osu.Game.Tests.Beatmaps.BeatmapConversionTest`2.<>c__DisplayClass4_1.<Test>b__2() in /app/osu.Game/Tests/Beatmaps/BeatmapConversionTest.cs:line 98
   at NUnit.Framework.Assert.Multiple(TestDelegate testDelegate)
   at osu.Game.Tests.Beatmaps.BeatmapConversionTest`2.<>c__DisplayClass4_0.<Test>b__1() in /app/osu.Game/Tests/Beatmaps/BeatmapConversionTest.cs:line 77
   at NUnit.Framework.Assert.Multiple(TestDelegate testDelegate)
   at osu.Game.Tests.Beatmaps.BeatmapConversionTest`2.Test(String name, Type[] mods) in /app/osu.Game/Tests/Beatmaps/BeatmapConversionTest.cs:line 50
   at osu.Game.Rulesets.Catch.Tests.CatchBeatmapConversionTest.Test(String name, Type[] mods) in /app/osu.Game.Rulesets.Catch.Tests/CatchBeatmapConversionTest.cs:line 58
   at InvokeStub_CatchBeatmapConversionTest.Test(Object, Span`1)

27)    at osu.Game.Tests.Beatmaps.BeatmapConversionTest`2.<>c__DisplayClass4_1.<Test>b__2() in /app/osu.Game/Tests/Beatmaps/BeatmapConversionTest.cs:line 98
   at NUnit.Framework.Assert.Multiple(TestDelegate testDelegate)
   at osu.Game.Tests.Beatmaps.BeatmapConversionTest`2.<>c__DisplayClass4_0.<Test>b__1() in /app/osu.Game/Tests/Beatmaps/BeatmapConversionTest.cs:line 77
   at NUnit.Framework.Assert.Multiple(TestDelegate testDelegate)
   at osu.Game.Tests.Beatmaps.BeatmapConversionTest`2.Test(String name, Type[] mods) in /app/osu.Game/Tests/Beatmaps/BeatmapConversionTest.cs:line 50
   at osu.Game.Rulesets.Catch.Tests.CatchBeatmapConversionTest.Test(String name, Type[] mods) in /app/osu.Game.Rulesets.Catch.Tests/CatchBeatmapConversionTest.cs:line 58
   at InvokeStub_CatchBeatmapConversionTest.Test(Object, Span`1)

28)    at osu.Game.Tests.Beatmaps.BeatmapConversionTest`2.<>c__DisplayClass4_1.<Test>b__2() in /app/osu.Game/Tests/Beatmaps/BeatmapConversionTest.cs:line 98
   at NUnit.Framework.Assert.Multiple(TestDelegate testDelegate)
   at osu.Game.Tests.Beatmaps.BeatmapConversionTest`2.<>c__DisplayClass4_0.<Test>b__1() in /app/osu.Game/Tests/Beatmaps/BeatmapConversionTest.cs:line 77
   at NUnit.Framework.Assert.Multiple(TestDelegate testDelegate)
   at osu.Game.Tests.Beatmaps.BeatmapConversionTest`2.Test(String name, Type[] mods) in /app/osu.Game/Tests/Beatmaps/BeatmapConversionTest.cs:line 50
   at osu.Game.Rulesets.Catch.Tests.CatchBeatmapConversionTest.Test(String name, Type[] mods) in /app/osu.Game.Rulesets.Catch.Tests/CatchBeatmapConversionTest.cs:line 58
   at InvokeStub_CatchBeatmapConversionTest.Test(Object, Span`1)

29)    at osu.Game.Tests.Beatmaps.BeatmapConversionTest`2.<>c__DisplayClass4_1.<Test>b__2() in /app/osu.Game/Tests/Beatmaps/BeatmapConversionTest.cs:line 98
   at NUnit.Framework.Assert.Multiple(TestDelegate testDelegate)
   at osu.Game.Tests.Beatmaps.BeatmapConversionTest`2.<>c__DisplayClass4_0.<Test>b__1() in /app/osu.Game/Tests/Beatmaps/BeatmapConversionTest.cs:line 77
   at NUnit.Framework.Assert.Multiple(TestDelegate testDelegate)
   at osu.Game.Tests.Beatmaps.BeatmapConversionTest`2.Test(String name, Type[] mods) in /app/osu.Game/Tests/Beatmaps/BeatmapConversionTest.cs:line 50
   at osu.Game.Rulesets.Catch.Tests.CatchBeatmapConversionTest.Test(String name, Type[] mods) in /app/osu.Game.Rulesets.Catch.Tests/CatchBeatmapConversionTest.cs:line 58
   at InvokeStub_CatchBeatmapConversionTest.Test(Object, Span`1)

30)    at osu.Game.Tests.Beatmaps.BeatmapConversionTest`2.<>c__DisplayClass4_1.<Test>b__2() in /app/osu.Game/Tests/Beatmaps/BeatmapConversionTest.cs:line 98
   at NUnit.Framework.Assert.Multiple(TestDelegate testDelegate)
   at osu.Game.Tests.Beatmaps.BeatmapConversionTest`2.<>c__DisplayClass4_0.<Test>b__1() in /app/osu.Game/Tests/Beatmaps/BeatmapConversionTest.cs:line 77
   at NUnit.Framework.Assert.Multiple(TestDelegate testDelegate)
   at osu.Game.Tests.Beatmaps.BeatmapConversionTest`2.Test(String name, Type[] mods) in /app/osu.Game/Tests/Beatmaps/BeatmapConversionTest.cs:line 50
   at osu.Game.Rulesets.Catch.Tests.CatchBeatmapConversionTest.Test(String name, Type[] mods) in /app/osu.Game.Rulesets.Catch.Tests/CatchBeatmapConversionTest.cs:line 58
   at InvokeStub_CatchBeatmapConversionTest.Test(Object, Span`1)

31)    at osu.Game.Tests.Beatmaps.BeatmapConversionTest`2.<>c__DisplayClass4_1.<Test>b__2() in /app/osu.Game/Tests/Beatmaps/BeatmapConversionTest.cs:line 98
   at NUnit.Framework.Assert.Multiple(TestDelegate testDelegate)
   at osu.Game.Tests.Beatmaps.BeatmapConversionTest`2.<>c__DisplayClass4_0.<Test>b__1() in /app/osu.Game/Tests/Beatmaps/BeatmapConversionTest.cs:line 77
   at NUnit.Framework.Assert.Multiple(TestDelegate testDelegate)
   at osu.Game.Tests.Beatmaps.BeatmapConversionTest`2.Test(String name, Type[] mods) in /app/osu.Game/Tests/Beatmaps/BeatmapConversionTest.cs:line 50
   at osu.Game.Rulesets.Catch.Tests.CatchBeatmapConversionTest.Test(String name, Type[] mods) in /app/osu.Game.Rulesets.Catch.Tests/CatchBeatmapConversionTest.cs:line 58
   at InvokeStub_CatchBeatmapConversionTest.Test(Object, Span`1)

32)    at osu.Game.Tests.Beatmaps.BeatmapConversionTest`2.<>c__DisplayClass4_1.<Test>b__2() in /app/osu.Game/Tests/Beatmaps/BeatmapConversionTest.cs:line 98
   at NUnit.Framework.Assert.Multiple(TestDelegate testDelegate)
   at osu.Game.Tests.Beatmaps.BeatmapConversionTest`2.<>c__DisplayClass4_0.<Test>b__1() in /app/osu.Game/Tests/Beatmaps/BeatmapConversionTest.cs:line 77
   at NUnit.Framework.Assert.Multiple(TestDelegate testDelegate)
   at osu.Game.Tests.Beatmaps.BeatmapConversionTest`2.Test(String name, Type[] mods) in /app/osu.Game/Tests/Beatmaps/BeatmapConversionTest.cs:line 50
   at osu.Game.Rulesets.Catch.Tests.CatchBeatmapConversionTest.Test(String name, Type[] mods) in /app/osu.Game.Rulesets.Catch.Tests/CatchBeatmapConversionTest.cs:line 58
   at InvokeStub_CatchBeatmapConversionTest.Test(Object, Span`1)

33)    at osu.Game.Tests.Beatmaps.BeatmapConversionTest`2.<>c__DisplayClass4_1.<Test>b__2() in /app/osu.Game/Tests/Beatmaps/BeatmapConversionTest.cs:line 98
   at NUnit.Framework.Assert.Multiple(TestDelegate testDelegate)
   at osu.Game.Tests.Beatmaps.BeatmapConversionTest`2.<>c__DisplayClass4_0.<Test>b__1() in /app/osu.Game/Tests/Beatmaps/BeatmapConversionTest.cs:line 77
   at NUnit.Framework.Assert.Multiple(TestDelegate testDelegate)
   at osu.Game.Tests.Beatmaps.BeatmapConversionTest`2.Test(String name, Type[] mods) in /app/osu.Game/Tests/Beatmaps/BeatmapConversionTest.cs:line 50
   at osu.Game.Rulesets.Catch.Tests.CatchBeatmapConversionTest.Test(String name, Type[] mods) in /app/osu.Game.Rulesets.Catch.Tests/CatchBeatmapConversionTest.cs:line 58
   at InvokeStub_CatchBeatmapConversionTest.Test(Object, Span`1)

34)    at osu.Game.Tests.Beatmaps.BeatmapConversionTest`2.<>c__DisplayClass4_1.<Test>b__2() in /app/osu.Game/Tests/Beatmaps/BeatmapConversionTest.cs:line 98
   at NUnit.Framework.Assert.Multiple(TestDelegate testDelegate)
   at osu.Game.Tests.Beatmaps.BeatmapConversionTest`2.<>c__DisplayClass4_0.<Test>b__1() in /app/osu.Game/Tests/Beatmaps/BeatmapConversionTest.cs:line 77
   at NUnit.Framework.Assert.Multiple(TestDelegate testDelegate)
   at osu.Game.Tests.Beatmaps.BeatmapConversionTest`2.Test(String name, Type[] mods) in /app/osu.Game/Tests/Beatmaps/BeatmapConversionTest.cs:line 50
   at osu.Game.Rulesets.Catch.Tests.CatchBeatmapConversionTest.Test(String name, Type[] mods) in /app/osu.Game.Rulesets.Catch.Tests/CatchBeatmapConversionTest.cs:line 58
   at InvokeStub_CatchBeatmapConversionTest.Test(Object, Span`1)

35)    at osu.Game.Tests.Beatmaps.BeatmapConversionTest`2.<>c__DisplayClass4_1.<Test>b__2() in /app/osu.Game/Tests/Beatmaps/BeatmapConversionTest.cs:line 98
   at NUnit.Framework.Assert.Multiple(TestDelegate testDelegate)
   at osu.Game.Tests.Beatmaps.BeatmapConversionTest`2.<>c__DisplayClass4_0.<Test>b__1() in /app/osu.Game/Tests/Beatmaps/BeatmapConversionTest.cs:line 77
   at NUnit.Framework.Assert.Multiple(TestDelegate testDelegate)
   at osu.Game.Tests.Beatmaps.BeatmapConversionTest`2.Test(String name, Type[] mods) in /app/osu.Game/Tests/Beatmaps/BeatmapConversionTest.cs:line 50
   at osu.Game.Rulesets.Catch.Tests.CatchBeatmapConversionTest.Test(String name, Type[] mods) in /app/osu.Game.Rulesets.Catch.Tests/CatchBeatmapConversionTest.cs:line 58
   at InvokeStub_CatchBeatmapConversionTest.Test(Object, Span`1)

36)    at osu.Game.Tests.Beatmaps.BeatmapConversionTest`2.<>c__DisplayClass4_1.<Test>b__2() in /app/osu.Game/Tests/Beatmaps/BeatmapConversionTest.cs:line 98
   at NUnit.Framework.Assert.Multiple(TestDelegate testDelegate)
   at osu.Game.Tests.Beatmaps.BeatmapConversionTest`2.<>c__DisplayClass4_0.<Test>b__1() in /app/osu.Game/Tests/Beatmaps/BeatmapConversionTest.cs:line 77
   at NUnit.Framework.Assert.Multiple(TestDelegate testDelegate)
   at osu.Game.Tests.Beatmaps.BeatmapConversionTest`2.Test(String name, Type[] mods) in /app/osu.Game/Tests/Beatmaps/BeatmapConversionTest.cs:line 50
   at osu.Game.Rulesets.Catch.Tests.CatchBeatmapConversionTest.Test(String name, Type[] mods) in /app/osu.Game.Rulesets.Catch.Tests/CatchBeatmapConversionTest.cs:line 58
   at InvokeStub_CatchBeatmapConversionTest.Test(Object, Span`1)

37)    at osu.Game.Tests.Beatmaps.BeatmapConversionTest`2.<>c__DisplayClass4_1.<Test>b__2() in /app/osu.Game/Tests/Beatmaps/BeatmapConversionTest.cs:line 98
   at NUnit.Framework.Assert.Multiple(TestDelegate testDelegate)
   at osu.Game.Tests.Beatmaps.BeatmapConversionTest`2.<>c__DisplayClass4_0.<Test>b__1() in /app/osu.Game/Tests/Beatmaps/BeatmapConversionTest.cs:line 77
   at NUnit.Framework.Assert.Multiple(TestDelegate testDelegate)
   at osu.Game.Tests.Beatmaps.BeatmapConversionTest`2.Test(String name, Type[] mods) in /app/osu.Game/Tests/Beatmaps/BeatmapConversionTest.cs:line 50
   at osu.Game.Rulesets.Catch.Tests.CatchBeatmapConversionTest.Test(String name, Type[] mods) in /app/osu.Game.Rulesets.Catch.Tests/CatchBeatmapConversionTest.cs:line 58
   at InvokeStub_CatchBeatmapConversionTest.Test(Object, Span`1)

38)    at osu.Game.Tests.Beatmaps.BeatmapConversionTest`2.<>c__DisplayClass4_1.<Test>b__2() in /app/osu.Game/Tests/Beatmaps/BeatmapConversionTest.cs:line 98
   at NUnit.Framework.Assert.Multiple(TestDelegate testDelegate)
   at osu.Game.Tests.Beatmaps.BeatmapConversionTest`2.<>c__DisplayClass4_0.<Test>b__1() in /app/osu.Game/Tests/Beatmaps/BeatmapConversionTest.cs:line 77
   at NUnit.Framework.Assert.Multiple(TestDelegate testDelegate)
   at osu.Game.Tests.Beatmaps.BeatmapConversionTest`2.Test(String name, Type[] mods) in /app/osu.Game/Tests/Beatmaps/BeatmapConversionTest.cs:line 50
   at osu.Game.Rulesets.Catch.Tests.CatchBeatmapConversionTest.Test(String name, Type[] mods) in /app/osu.Game.Rulesets.Catch.Tests/CatchBeatmapConversionTest.cs:line 58
   at InvokeStub_CatchBeatmapConversionTest.Test(Object, Span`1)

39)    at osu.Game.Tests.Beatmaps.BeatmapConversionTest`2.<>c__DisplayClass4_1.<Test>b__2() in /app/osu.Game/Tests/Beatmaps/BeatmapConversionTest.cs:line 98
   at NUnit.Framework.Assert.Multiple(TestDelegate testDelegate)
   at osu.Game.Tests.Beatmaps.BeatmapConversionTest`2.<>c__DisplayClass4_0.<Test>b__1() in /app/osu.Game/Tests/Beatmaps/BeatmapConversionTest.cs:line 77
   at NUnit.Framework.Assert.Multiple(TestDelegate testDelegate)
   at osu.Game.Tests.Beatmaps.BeatmapConversionTest`2.Test(String name, Type[] mods) in /app/osu.Game/Tests/Beatmaps/BeatmapConversionTest.cs:line 50
   at osu.Game.Rulesets.Catch.Tests.CatchBeatmapConversionTest.Test(String name, Type[] mods) in /app/osu.Game.Rulesets.Catch.Tests/CatchBeatmapConversionTest.cs:line 58
   at InvokeStub_CatchBeatmapConversionTest.Test(Object, Span`1)

40)    at osu.Game.Tests.Beatmaps.BeatmapConversionTest`2.<>c__DisplayClass4_1.<Test>b__2() in /app/osu.Game/Tests/Beatmaps/BeatmapConversionTest.cs:line 98
   at NUnit.Framework.Assert.Multiple(TestDelegate testDelegate)
   at osu.Game.Tests.Beatmaps.BeatmapConversionTest`2.<>c__DisplayClass4_0.<Test>b__1() in /app/osu.Game/Tests/Beatmaps/BeatmapConversionTest.cs:line 77
   at NUnit.Framework.Assert.Multiple(TestDelegate testDelegate)
   at osu.Game.Tests.Beatmaps.BeatmapConversionTest`2.Test(String name, Type[] mods) in /app/osu.Game/Tests/Beatmaps/BeatmapConversionTest.cs:line 50
   at osu.Game.Rulesets.Catch.Tests.CatchBeatmapConversionTest.Test(String name, Type[] mods) in /app/osu.Game.Rulesets.Catch.Tests/CatchBeatmapConversionTest.cs:line 58
   at InvokeStub_CatchBeatmapConversionTest.Test(Object, Span`1)

41)    at osu.Game.Tests.Beatmaps.BeatmapConversionTest`2.<>c__DisplayClass4_1.<Test>b__2() in /app/osu.Game/Tests/Beatmaps/BeatmapConversionTest.cs:line 98
   at NUnit.Framework.Assert.Multiple(TestDelegate testDelegate)
   at osu.Game.Tests.Beatmaps.BeatmapConversionTest`2.<>c__DisplayClass4_0.<Test>b__1() in /app/osu.Game/Tests/Beatmaps/BeatmapConversionTest.cs:line 77
   at NUnit.Framework.Assert.Multiple(TestDelegate testDelegate)
   at osu.Game.Tests.Beatmaps.BeatmapConversionTest`2.Test(String name, Type[] mods) in /app/osu.Game/Tests/Beatmaps/BeatmapConversionTest.cs:line 50
   at osu.Game.Rulesets.Catch.Tests.CatchBeatmapConversionTest.Test(String name, Type[] mods) in /app/osu.Game.Rulesets.Catch.Tests/CatchBeatmapConversionTest.cs:line 58
   at InvokeStub_CatchBeatmapConversionTest.Test(Object, Span`1)

42)    at osu.Game.Tests.Beatmaps.BeatmapConversionTest`2.<>c__DisplayClass4_1.<Test>b__2() in /app/osu.Game/Tests/Beatmaps/BeatmapConversionTest.cs:line 98
   at NUnit.Framework.Assert.Multiple(TestDelegate testDelegate)
   at osu.Game.Tests.Beatmaps.BeatmapConversionTest`2.<>c__DisplayClass4_0.<Test>b__1() in /app/osu.Game/Tests/Beatmaps/BeatmapConversionTest.cs:line 77
   at NUnit.Framework.Assert.Multiple(TestDelegate testDelegate)
   at osu.Game.Tests.Beatmaps.BeatmapConversionTest`2.Test(String name, Type[] mods) in /app/osu.Game/Tests/Beatmaps/BeatmapConversionTest.cs:line 50
   at osu.Game.Rulesets.Catch.Tests.CatchBeatmapConversionTest.Test(String name, Type[] mods) in /app/osu.Game.Rulesets.Catch.Tests/CatchBeatmapConversionTest.cs:line 58
   at InvokeStub_CatchBeatmapConversionTest.Test(Object, Span`1)

43)    at osu.Game.Tests.Beatmaps.BeatmapConversionTest`2.<>c__DisplayClass4_1.<Test>b__2() in /app/osu.Game/Tests/Beatmaps/BeatmapConversionTest.cs:line 98
   at NUnit.Framework.Assert.Multiple(TestDelegate testDelegate)
   at osu.Game.Tests.Beatmaps.BeatmapConversionTest`2.<>c__DisplayClass4_0.<Test>b__1() in /app/osu.Game/Tests/Beatmaps/BeatmapConversionTest.cs:line 77
   at NUnit.Framework.Assert.Multiple(TestDelegate testDelegate)
   at osu.Game.Tests.Beatmaps.BeatmapConversionTest`2.Test(String name, Type[] mods) in /app/osu.Game/Tests/Beatmaps/BeatmapConversionTest.cs:line 50
   at osu.Game.Rulesets.Catch.Tests.CatchBeatmapConversionTest.Test(String name, Type[] mods) in /app/osu.Game.Rulesets.Catch.Tests/CatchBeatmapConversionTest.cs:line 58
   at InvokeStub_CatchBeatmapConversionTest.Test(Object, Span`1)

44)    at osu.Game.Tests.Beatmaps.BeatmapConversionTest`2.<>c__DisplayClass4_1.<Test>b__2() in /app/osu.Game/Tests/Beatmaps/BeatmapConversionTest.cs:line 98
   at NUnit.Framework.Assert.Multiple(TestDelegate testDelegate)
   at osu.Game.Tests.Beatmaps.BeatmapConversionTest`2.<>c__DisplayClass4_0.<Test>b__1() in /app/osu.Game/Tests/Beatmaps/BeatmapConversionTest.cs:line 77
   at NUnit.Framework.Assert.Multiple(TestDelegate testDelegate)
   at osu.Game.Tests.Beatmaps.BeatmapConversionTest`2.Test(String name, Type[] mods) in /app/osu.Game/Tests/Beatmaps/BeatmapConversionTest.cs:line 50
   at osu.Game.Rulesets.Catch.Tests.CatchBeatmapConversionTest.Test(String name, Type[] mods) in /app/osu.Game.Rulesets.Catch.Tests/CatchBeatmapConversionTest.cs:line 58
   at InvokeStub_CatchBeatmapConversionTest.Test(Object, Span`1)

45)    at osu.Game.Tests.Beatmaps.BeatmapConversionTest`2.<>c__DisplayClass4_1.<Test>b__2() in /app/osu.Game/Tests/Beatmaps/BeatmapConversionTest.cs:line 98
   at NUnit.Framework.Assert.Multiple(TestDelegate testDelegate)
   at osu.Game.Tests.Beatmaps.BeatmapConversionTest`2.<>c__DisplayClass4_0.<Test>b__1() in /app/osu.Game/Tests/Beatmaps/BeatmapConversionTest.cs:line 77
   at NUnit.Framework.Assert.Multiple(TestDelegate testDelegate)
   at osu.Game.Tests.Beatmaps.BeatmapConversionTest`2.Test(String name, Type[] mods) in /app/osu.Game/Tests/Beatmaps/BeatmapConversionTest.cs:line 50
   at osu.Game.Rulesets.Catch.Tests.CatchBeatmapConversionTest.Test(String name, Type[] mods) in /app/osu.Game.Rulesets.Catch.Tests/CatchBeatmapConversionTest.cs:line 58
   at InvokeStub_CatchBeatmapConversionTest.Test(Object, Span`1)

46)    at osu.Game.Tests.Beatmaps.BeatmapConversionTest`2.<>c__DisplayClass4_1.<Test>b__2() in /app/osu.Game/Tests/Beatmaps/BeatmapConversionTest.cs:line 98
   at NUnit.Framework.Assert.Multiple(TestDelegate testDelegate)
   at osu.Game.Tests.Beatmaps.BeatmapConversionTest`2.<>c__DisplayClass4_0.<Test>b__1() in /app/osu.Game/Tests/Beatmaps/BeatmapConversionTest.cs:line 77
   at NUnit.Framework.Assert.Multiple(TestDelegate testDelegate)
   at osu.Game.Tests.Beatmaps.BeatmapConversionTest`2.Test(String name, Type[] mods) in /app/osu.Game/Tests/Beatmaps/BeatmapConversionTest.cs:line 50
   at osu.Game.Rulesets.Catch.Tests.CatchBeatmapConversionTest.Test(String name, Type[] mods) in /app/osu.Game.Rulesets.Catch.Tests/CatchBeatmapConversionTest.cs:line 58
   at InvokeStub_CatchBeatmapConversionTest.Test(Object, Span`1)

47)    at osu.Game.Tests.Beatmaps.BeatmapConversionTest`2.<>c__DisplayClass4_1.<Test>b__2() in /app/osu.Game/Tests/Beatmaps/BeatmapConversionTest.cs:line 98
   at NUnit.Framework.Assert.Multiple(TestDelegate testDelegate)
   at osu.Game.Tests.Beatmaps.BeatmapConversionTest`2.<>c__DisplayClass4_0.<Test>b__1() in /app/osu.Game/Tests/Beatmaps/BeatmapConversionTest.cs:line 77
   at NUnit.Framework.Assert.Multiple(TestDelegate testDelegate)
   at osu.Game.Tests.Beatmaps.BeatmapConversionTest`2.Test(String name, Type[] mods) in /app/osu.Game/Tests/Beatmaps/BeatmapConversionTest.cs:line 50
   at osu.Game.Rulesets.Catch.Tests.CatchBeatmapConversionTest.Test(String name, Type[] mods) in /app/osu.Game.Rulesets.Catch.Tests/CatchBeatmapConversionTest.cs:line 58
   at InvokeStub_CatchBeatmapConversionTest.Test(Object, Span`1)

48)    at osu.Game.Tests.Beatmaps.BeatmapConversionTest`2.<>c__DisplayClass4_1.<Test>b__2() in /app/osu.Game/Tests/Beatmaps/BeatmapConversionTest.cs:line 98
   at NUnit.Framework.Assert.Multiple(TestDelegate testDelegate)
   at osu.Game.Tests.Beatmaps.BeatmapConversionTest`2.<>c__DisplayClass4_0.<Test>b__1() in /app/osu.Game/Tests/Beatmaps/BeatmapConversionTest.cs:line 77
   at NUnit.Framework.Assert.Multiple(TestDelegate testDelegate)
   at osu.Game.Tests.Beatmaps.BeatmapConversionTest`2.Test(String name, Type[] mods) in /app/osu.Game/Tests/Beatmaps/BeatmapConversionTest.cs:line 50
   at osu.Game.Rulesets.Catch.Tests.CatchBeatmapConversionTest.Test(String name, Type[] mods) in /app/osu.Game.Rulesets.Catch.Tests/CatchBeatmapConversionTest.cs:line 58
   at InvokeStub_CatchBeatmapConversionTest.Test(Object, Span`1)

49)    at osu.Game.Tests.Beatmaps.BeatmapConversionTest`2.<>c__DisplayClass4_1.<Test>b__2() in /app/osu.Game/Tests/Beatmaps/BeatmapConversionTest.cs:line 98
   at NUnit.Framework.Assert.Multiple(TestDelegate testDelegate)
   at osu.Game.Tests.Beatmaps.BeatmapConversionTest`2.<>c__DisplayClass4_0.<Test>b__1() in /app/osu.Game/Tests/Beatmaps/BeatmapConversionTest.cs:line 77
   at NUnit.Framework.Assert.Multiple(TestDelegate testDelegate)
   at osu.Game.Tests.Beatmaps.BeatmapConversionTest`2.Test(String name, Type[] mods) in /app/osu.Game/Tests/Beatmaps/BeatmapConversionTest.cs:line 50
   at osu.Game.Rulesets.Catch.Tests.CatchBeatmapConversionTest.Test(String name, Type[] mods) in /app/osu.Game.Rulesets.Catch.Tests/CatchBeatmapConversionTest.cs:line 58
   at InvokeStub_CatchBeatmapConversionTest.Test(Object, Span`1)

50)    at osu.Game.Tests.Beatmaps.BeatmapConversionTest`2.<>c__DisplayClass4_1.<Test>b__2() in /app/osu.Game/Tests/Beatmaps/BeatmapConversionTest.cs:line 98
   at NUnit.Framework.Assert.Multiple(TestDelegate testDelegate)
   at osu.Game.Tests.Beatmaps.BeatmapConversionTest`2.<>c__DisplayClass4_0.<Test>b__1() in /app/osu.Game/Tests/Beatmaps/BeatmapConversionTest.cs:line 77
   at NUnit.Framework.Assert.Multiple(TestDelegate testDelegate)
   at osu.Game.Tests.Beatmaps.BeatmapConversionTest`2.Test(String name, Type[] mods) in /app/osu.Game/Tests/Beatmaps/BeatmapConversionTest.cs:line 50
   at osu.Game.Rulesets.Catch.Tests.CatchBeatmapConversionTest.Test(String name, Type[] mods) in /app/osu.Game.Rulesets.Catch.Tests/CatchBeatmapConversionTest.cs:line 58
   at InvokeStub_CatchBeatmapConversionTest.Test(Object, Span`1)

51)    at osu.Game.Tests.Beatmaps.BeatmapConversionTest`2.<>c__DisplayClass4_1.<Test>b__2() in /app/osu.Game/Tests/Beatmaps/BeatmapConversionTest.cs:line 98
   at NUnit.Framework.Assert.Multiple(TestDelegate testDelegate)
   at osu.Game.Tests.Beatmaps.BeatmapConversionTest`2.<>c__DisplayClass4_0.<Test>b__1() in /app/osu.Game/Tests/Beatmaps/BeatmapConversionTest.cs:line 77
   at NUnit.Framework.Assert.Multiple(TestDelegate testDelegate)
   at osu.Game.Tests.Beatmaps.BeatmapConversionTest`2.Test(String name, Type[] mods) in /app/osu.Game/Tests/Beatmaps/BeatmapConversionTest.cs:line 50
   at osu.Game.Rulesets.Catch.Tests.CatchBeatmapConversionTest.Test(String name, Type[] mods) in /app/osu.Game.Rulesets.Catch.Tests/CatchBeatmapConversionTest.cs:line 58
   at InvokeStub_CatchBeatmapConversionTest.Test(Object, Span`1)

52)    at osu.Game.Tests.Beatmaps.BeatmapConversionTest`2.<>c__DisplayClass4_1.<Test>b__2() in /app/osu.Game/Tests/Beatmaps/BeatmapConversionTest.cs:line 98
   at NUnit.Framework.Assert.Multiple(TestDelegate testDelegate)
   at osu.Game.Tests.Beatmaps.BeatmapConversionTest`2.<>c__DisplayClass4_0.<Test>b__1() in /app/osu.Game/Tests/Beatmaps/BeatmapConversionTest.cs:line 77
   at NUnit.Framework.Assert.Multiple(TestDelegate testDelegate)
   at osu.Game.Tests.Beatmaps.BeatmapConversionTest`2.Test(String name, Type[] mods) in /app/osu.Game/Tests/Beatmaps/BeatmapConversionTest.cs:line 50
   at osu.Game.Rulesets.Catch.Tests.CatchBeatmapConversionTest.Test(String name, Type[] mods) in /app/osu.Game.Rulesets.Catch.Tests/CatchBeatmapConversionTest.cs:line 58
   at InvokeStub_CatchBeatmapConversionTest.Test(Object, Span`1)

53)    at osu.Game.Tests.Beatmaps.BeatmapConversionTest`2.<>c__DisplayClass4_1.<Test>b__2() in /app/osu.Game/Tests/Beatmaps/BeatmapConversionTest.cs:line 98
   at NUnit.Framework.Assert.Multiple(TestDelegate testDelegate)
   at osu.Game.Tests.Beatmaps.BeatmapConversionTest`2.<>c__DisplayClass4_0.<Test>b__1() in /app/osu.Game/Tests/Beatmaps/BeatmapConversionTest.cs:line 77
   at NUnit.Framework.Assert.Multiple(TestDelegate testDelegate)
   at osu.Game.Tests.Beatmaps.BeatmapConversionTest`2.Test(String name, Type[] mods) in /app/osu.Game/Tests/Beatmaps/BeatmapConversionTest.cs:line 50
   at osu.Game.Rulesets.Catch.Tests.CatchBeatmapConversionTest.Test(String name, Type[] mods) in /app/osu.Game.Rulesets.Catch.Tests/CatchBeatmapConversionTest.cs:line 58
   at InvokeStub_CatchBeatmapConversionTest.Test(Object, Span`1)

54)    at osu.Game.Tests.Beatmaps.BeatmapConversionTest`2.<>c__DisplayClass4_1.<Test>b__2() in /app/osu.Game/Tests/Beatmaps/BeatmapConversionTest.cs:line 98
   at NUnit.Framework.Assert.Multiple(TestDelegate testDelegate)
   at osu.Game.Tests.Beatmaps.BeatmapConversionTest`2.<>c__DisplayClass4_0.<Test>b__1() in /app/osu.Game/Tests/Beatmaps/BeatmapConversionTest.cs:line 77
   at NUnit.Framework.Assert.Multiple(TestDelegate testDelegate)
   at osu.Game.Tests.Beatmaps.BeatmapConversionTest`2.Test(String name, Type[] mods) in /app/osu.Game/Tests/Beatmaps/BeatmapConversionTest.cs:line 50
   at osu.Game.Rulesets.Catch.Tests.CatchBeatmapConversionTest.Test(String name, Type[] mods) in /app/osu.Game.Rulesets.Catch.Tests/CatchBeatmapConversionTest.cs:line 58
   at InvokeStub_CatchBeatmapConversionTest.Test(Object, Span`1)

55)    at osu.Game.Tests.Beatmaps.BeatmapConversionTest`2.<>c__DisplayClass4_1.<Test>b__2() in /app/osu.Game/Tests/Beatmaps/BeatmapConversionTest.cs:line 98
   at NUnit.Framework.Assert.Multiple(TestDelegate testDelegate)
   at osu.Game.Tests.Beatmaps.BeatmapConversionTest`2.<>c__DisplayClass4_0.<Test>b__1() in /app/osu.Game/Tests/Beatmaps/BeatmapConversionTest.cs:line 77
   at NUnit.Framework.Assert.Multiple(TestDelegate testDelegate)
   at osu.Game.Tests.Beatmaps.BeatmapConversionTest`2.Test(String name, Type[] mods) in /app/osu.Game/Tests/Beatmaps/BeatmapConversionTest.cs:line 50
   at osu.Game.Rulesets.Catch.Tests.CatchBeatmapConversionTest.Test(String name, Type[] mods) in /app/osu.Game.Rulesets.Catch.Tests/CatchBeatmapConversionTest.cs:line 58
   at InvokeStub_CatchBeatmapConversionTest.Test(Object, Span`1)

56)    at osu.Game.Tests.Beatmaps.BeatmapConversionTest`2.<>c__DisplayClass4_1.<Test>b__2() in /app/osu.Game/Tests/Beatmaps/BeatmapConversionTest.cs:line 98
   at NUnit.Framework.Assert.Multiple(TestDelegate testDelegate)
   at osu.Game.Tests.Beatmaps.BeatmapConversionTest`2.<>c__DisplayClass4_0.<Test>b__1() in /app/osu.Game/Tests/Beatmaps/BeatmapConversionTest.cs:line 77
   at NUnit.Framework.Assert.Multiple(TestDelegate testDelegate)
   at osu.Game.Tests.Beatmaps.BeatmapConversionTest`2.Test(String name, Type[] mods) in /app/osu.Game/Tests/Beatmaps/BeatmapConversionTest.cs:line 50
   at osu.Game.Rulesets.Catch.Tests.CatchBeatmapConversionTest.Test(String name, Type[] mods) in /app/osu.Game.Rulesets.Catch.Tests/CatchBeatmapConversionTest.cs:line 58
   at InvokeStub_CatchBeatmapConversionTest.Test(Object, Span`1)

57)    at osu.Game.Tests.Beatmaps.BeatmapConversionTest`2.<>c__DisplayClass4_1.<Test>b__2() in /app/osu.Game/Tests/Beatmaps/BeatmapConversionTest.cs:line 98
   at NUnit.Framework.Assert.Multiple(TestDelegate testDelegate)
   at osu.Game.Tests.Beatmaps.BeatmapConversionTest`2.<>c__DisplayClass4_0.<Test>b__1() in /app/osu.Game/Tests/Beatmaps/BeatmapConversionTest.cs:line 77
   at NUnit.Framework.Assert.Multiple(TestDelegate testDelegate)
   at osu.Game.Tests.Beatmaps.BeatmapConversionTest`2.Test(String name, Type[] mods) in /app/osu.Game/Tests/Beatmaps/BeatmapConversionTest.cs:line 50
   at osu.Game.Rulesets.Catch.Tests.CatchBeatmapConversionTest.Test(String name, Type[] mods) in /app/osu.Game.Rulesets.Catch.Tests/CatchBeatmapConversionTest.cs:line 58
   at InvokeStub_CatchBeatmapConversionTest.Test(Object, Span`1)

58)    at osu.Game.Tests.Beatmaps.BeatmapConversionTest`2.<>c__DisplayClass4_1.<Test>b__2() in /app/osu.Game/Tests/Beatmaps/BeatmapConversionTest.cs:line 98
   at NUnit.Framework.Assert.Multiple(TestDelegate testDelegate)
   at osu.Game.Tests.Beatmaps.BeatmapConversionTest`2.<>c__DisplayClass4_0.<Test>b__1() in /app/osu.Game/Tests/Beatmaps/BeatmapConversionTest.cs:line 77
   at NUnit.Framework.Assert.Multiple(TestDelegate testDelegate)
   at osu.Game.Tests.Beatmaps.BeatmapConversionTest`2.Test(String name, Type[] mods) in /app/osu.Game/Tests/Beatmaps/BeatmapConversionTest.cs:line 50
   at osu.Game.Rulesets.Catch.Tests.CatchBeatmapConversionTest.Test(String name, Type[] mods) in /app/osu.Game.Rulesets.Catch.Tests/CatchBeatmapConversionTest.cs:line 58
   at InvokeStub_CatchBeatmapConversionTest.Test(Object, Span`1)

59)    at osu.Game.Tests.Beatmaps.BeatmapConversionTest`2.<>c__DisplayClass4_1.<Test>b__2() in /app/osu.Game/Tests/Beatmaps/BeatmapConversionTest.cs:line 98
   at NUnit.Framework.Assert.Multiple(TestDelegate testDelegate)
   at osu.Game.Tests.Beatmaps.BeatmapConversionTest`2.<>c__DisplayClass4_0.<Test>b__1() in /app/osu.Game/Tests/Beatmaps/BeatmapConversionTest.cs:line 77
   at NUnit.Framework.Assert.Multiple(TestDelegate testDelegate)
   at osu.Game.Tests.Beatmaps.BeatmapConversionTest`2.Test(String name, Type[] mods) in /app/osu.Game/Tests/Beatmaps/BeatmapConversionTest.cs:line 50
   at osu.Game.Rulesets.Catch.Tests.CatchBeatmapConversionTest.Test(String name, Type[] mods) in /app/osu.Game.Rulesets.Catch.Tests/CatchBeatmapConversionTest.cs:line 58
   at InvokeStub_CatchBeatmapConversionTest.Test(Object, Span`1)

60)    at osu.Game.Tests.Beatmaps.BeatmapConversionTest`2.<>c__DisplayClass4_1.<Test>b__2() in /app/osu.Game/Tests/Beatmaps/BeatmapConversionTest.cs:line 98
   at NUnit.Framework.Assert.Multiple(TestDelegate testDelegate)
   at osu.Game.Tests.Beatmaps.BeatmapConversionTest`2.<>c__DisplayClass4_0.<Test>b__1() in /app/osu.Game/Tests/Beatmaps/BeatmapConversionTest.cs:line 77
   at NUnit.Framework.Assert.Multiple(TestDelegate testDelegate)
   at osu.Game.Tests.Beatmaps.BeatmapConversionTest`2.Test(String name, Type[] mods) in /app/osu.Game/Tests/Beatmaps/BeatmapConversionTest.cs:line 50
   at osu.Game.Rulesets.Catch.Tests.CatchBeatmapConversionTest.Test(String name, Type[] mods) in /app/osu.Game.Rulesets.Catch.Tests/CatchBeatmapConversionTest.cs:line 58
   at InvokeStub_CatchBeatmapConversionTest.Test(Object, Span`1)

61)    at osu.Game.Tests.Beatmaps.BeatmapConversionTest`2.<>c__DisplayClass4_1.<Test>b__2() in /app/osu.Game/Tests/Beatmaps/BeatmapConversionTest.cs:line 98
   at NUnit.Framework.Assert.Multiple(TestDelegate testDelegate)
   at osu.Game.Tests.Beatmaps.BeatmapConversionTest`2.<>c__DisplayClass4_0.<Test>b__1() in /app/osu.Game/Tests/Beatmaps/BeatmapConversionTest.cs:line 77
   at NUnit.Framework.Assert.Multiple(TestDelegate testDelegate)
   at osu.Game.Tests.Beatmaps.BeatmapConversionTest`2.Test(String name, Type[] mods) in /app/osu.Game/Tests/Beatmaps/BeatmapConversionTest.cs:line 50
   at osu.Game.Rulesets.Catch.Tests.CatchBeatmapConversionTest.Test(String name, Type[] mods) in /app/osu.Game.Rulesets.Catch.Tests/CatchBeatmapConversionTest.cs:line 58
   at InvokeStub_CatchBeatmapConversionTest.Test(Object, Span`1)

62)    at osu.Game.Tests.Beatmaps.BeatmapConversionTest`2.<>c__DisplayClass4_1.<Test>b__2() in /app/osu.Game/Tests/Beatmaps/BeatmapConversionTest.cs:line 98
   at NUnit.Framework.Assert.Multiple(TestDelegate testDelegate)
   at osu.Game.Tests.Beatmaps.BeatmapConversionTest`2.<>c__DisplayClass4_0.<Test>b__1() in /app/osu.Game/Tests/Beatmaps/BeatmapConversionTest.cs:line 77
   at NUnit.Framework.Assert.Multiple(TestDelegate testDelegate)
   at osu.Game.Tests.Beatmaps.BeatmapConversionTest`2.Test(String name, Type[] mods) in /app/osu.Game/Tests/Beatmaps/BeatmapConversionTest.cs:line 50
   at osu.Game.Rulesets.Catch.Tests.CatchBeatmapConversionTest.Test(String name, Type[] mods) in /app/osu.Game.Rulesets.Catch.Tests/CatchBeatmapConversionTest.cs:line 58
   at InvokeStub_CatchBeatmapConversionTest.Test(Object, Span`1)

63)    at osu.Game.Tests.Beatmaps.BeatmapConversionTest`2.<>c__DisplayClass4_1.<Test>b__2() in /app/osu.Game/Tests/Beatmaps/BeatmapConversionTest.cs:line 98
   at NUnit.Framework.Assert.Multiple(TestDelegate testDelegate)
   at osu.Game.Tests.Beatmaps.BeatmapConversionTest`2.<>c__DisplayClass4_0.<Test>b__1() in /app/osu.Game/Tests/Beatmaps/BeatmapConversionTest.cs:line 77
   at NUnit.Framework.Assert.Multiple(TestDelegate testDelegate)
   at osu.Game.Tests.Beatmaps.BeatmapConversionTest`2.Test(String name, Type[] mods) in /app/osu.Game/Tests/Beatmaps/BeatmapConversionTest.cs:line 50
   at osu.Game.Rulesets.Catch.Tests.CatchBeatmapConversionTest.Test(String name, Type[] mods) in /app/osu.Game.Rulesets.Catch.Tests/CatchBeatmapConversionTest.cs:line 58
   at InvokeStub_CatchBeatmapConversionTest.Test(Object, Span`1)

64)    at osu.Game.Tests.Beatmaps.BeatmapConversionTest`2.<>c__DisplayClass4_1.<Test>b__2() in /app/osu.Game/Tests/Beatmaps/BeatmapConversionTest.cs:line 98
   at NUnit.Framework.Assert.Multiple(TestDelegate testDelegate)
   at osu.Game.Tests.Beatmaps.BeatmapConversionTest`2.<>c__DisplayClass4_0.<Test>b__1() in /app/osu.Game/Tests/Beatmaps/BeatmapConversionTest.cs:line 77
   at NUnit.Framework.Assert.Multiple(TestDelegate testDelegate)
   at osu.Game.Tests.Beatmaps.BeatmapConversionTest`2.Test(String name, Type[] mods) in /app/osu.Game/Tests/Beatmaps/BeatmapConversionTest.cs:line 50
   at osu.Game.Rulesets.Catch.Tests.CatchBeatmapConversionTest.Test(String name, Type[] mods) in /app/osu.Game.Rulesets.Catch.Tests/CatchBeatmapConversionTest.cs:line 58
   at InvokeStub_CatchBeatmapConversionTest.Test(Object, Span`1)

65)    at osu.Game.Tests.Beatmaps.BeatmapConversionTest`2.<>c__DisplayClass4_1.<Test>b__2() in /app/osu.Game/Tests/Beatmaps/BeatmapConversionTest.cs:line 98
   at NUnit.Framework.Assert.Multiple(TestDelegate testDelegate)
   at osu.Game.Tests.Beatmaps.BeatmapConversionTest`2.<>c__DisplayClass4_0.<Test>b__1() in /app/osu.Game/Tests/Beatmaps/BeatmapConversionTest.cs:line 77
   at NUnit.Framework.Assert.Multiple(TestDelegate testDelegate)
   at osu.Game.Tests.Beatmaps.BeatmapConversionTest`2.Test(String name, Type[] mods) in /app/osu.Game/Tests/Beatmaps/BeatmapConversionTest.cs:line 50
   at osu.Game.Rulesets.Catch.Tests.CatchBeatmapConversionTest.Test(String name, Type[] mods) in /app/osu.Game.Rulesets.Catch.Tests/CatchBeatmapConversionTest.cs:line 58
   at InvokeStub_CatchBeatmapConversionTest.Test(Object, Span`1)

66)    at osu.Game.Tests.Beatmaps.BeatmapConversionTest`2.<>c__DisplayClass4_1.<Test>b__2() in /app/osu.Game/Tests/Beatmaps/BeatmapConversionTest.cs:line 98
   at NUnit.Framework.Assert.Multiple(TestDelegate testDelegate)
   at osu.Game.Tests.Beatmaps.BeatmapConversionTest`2.<>c__DisplayClass4_0.<Test>b__1() in /app/osu.Game/Tests/Beatmaps/BeatmapConversionTest.cs:line 77
   at NUnit.Framework.Assert.Multiple(TestDelegate testDelegate)
   at osu.Game.Tests.Beatmaps.BeatmapConversionTest`2.Test(String name, Type[] mods) in /app/osu.Game/Tests/Beatmaps/BeatmapConversionTest.cs:line 50
   at osu.Game.Rulesets.Catch.Tests.CatchBeatmapConversionTest.Test(String name, Type[] mods) in /app/osu.Game.Rulesets.Catch.Tests/CatchBeatmapConversionTest.cs:line 58
   at InvokeStub_CatchBeatmapConversionTest.Test(Object, Span`1)

67)    at osu.Game.Tests.Beatmaps.BeatmapConversionTest`2.<>c__DisplayClass4_1.<Test>b__2() in /app/osu.Game/Tests/Beatmaps/BeatmapConversionTest.cs:line 98
   at NUnit.Framework.Assert.Multiple(TestDelegate testDelegate)
   at osu.Game.Tests.Beatmaps.BeatmapConversionTest`2.<>c__DisplayClass4_0.<Test>b__1() in /app/osu.Game/Tests/Beatmaps/BeatmapConversionTest.cs:line 77
   at NUnit.Framework.Assert.Multiple(TestDelegate testDelegate)
   at osu.Game.Tests.Beatmaps.BeatmapConversionTest`2.Test(String name, Type[] mods) in /app/osu.Game/Tests/Beatmaps/BeatmapConversionTest.cs:line 50
   at osu.Game.Rulesets.Catch.Tests.CatchBeatmapConversionTest.Test(String name, Type[] mods) in /app/osu.Game.Rulesets.Catch.Tests/CatchBeatmapConversionTest.cs:line 58
   at InvokeStub_CatchBeatmapConversionTest.Test(Object, Span`1)

68)    at osu.Game.Tests.Beatmaps.BeatmapConversionTest`2.<>c__DisplayClass4_1.<Test>b__2() in /app/osu.Game/Tests/Beatmaps/BeatmapConversionTest.cs:line 98
   at NUnit.Framework.Assert.Multiple(TestDelegate testDelegate)
   at osu.Game.Tests.Beatmaps.BeatmapConversionTest`2.<>c__DisplayClass4_0.<Test>b__1() in /app/osu.Game/Tests/Beatmaps/BeatmapConversionTest.cs:line 77
   at NUnit.Framework.Assert.Multiple(TestDelegate testDelegate)
   at osu.Game.Tests.Beatmaps.BeatmapConversionTest`2.Test(String name, Type[] mods) in /app/osu.Game/Tests/Beatmaps/BeatmapConversionTest.cs:line 50
   at osu.Game.Rulesets.Catch.Tests.CatchBeatmapConversionTest.Test(String name, Type[] mods) in /app/osu.Game.Rulesets.Catch.Tests/CatchBeatmapConversionTest.cs:line 58
   at InvokeStub_CatchBeatmapConversionTest.Test(Object, Span`1)

69)    at osu.Game.Tests.Beatmaps.BeatmapConversionTest`2.<>c__DisplayClass4_1.<Test>b__2() in /app/osu.Game/Tests/Beatmaps/BeatmapConversionTest.cs:line 98
   at NUnit.Framework.Assert.Multiple(TestDelegate testDelegate)
   at osu.Game.Tests.Beatmaps.BeatmapConversionTest`2.<>c__DisplayClass4_0.<Test>b__1() in /app/osu.Game/Tests/Beatmaps/BeatmapConversionTest.cs:line 77
   at NUnit.Framework.Assert.Multiple(TestDelegate testDelegate)
   at osu.Game.Tests.Beatmaps.BeatmapConversionTest`2.Test(String name, Type[] mods) in /app/osu.Game/Tests/Beatmaps/BeatmapConversionTest.cs:line 50
   at osu.Game.Rulesets.Catch.Tests.CatchBeatmapConversionTest.Test(String name, Type[] mods) in /app/osu.Game.Rulesets.Catch.Tests/CatchBeatmapConversionTest.cs:line 58
   at InvokeStub_CatchBeatmapConversionTest.Test(Object, Span`1)

70)    at osu.Game.Tests.Beatmaps.BeatmapConversionTest`2.<>c__DisplayClass4_1.<Test>b__2() in /app/osu.Game/Tests/Beatmaps/BeatmapConversionTest.cs:line 98
   at NUnit.Framework.Assert.Multiple(TestDelegate testDelegate)
   at osu.Game.Tests.Beatmaps.BeatmapConversionTest`2.<>c__DisplayClass4_0.<Test>b__1() in /app/osu.Game/Tests/Beatmaps/BeatmapConversionTest.cs:line 77
   at NUnit.Framework.Assert.Multiple(TestDelegate testDelegate)
   at osu.Game.Tests.Beatmaps.BeatmapConversionTest`2.Test(String name, Type[] mods) in /app/osu.Game/Tests/Beatmaps/BeatmapConversionTest.cs:line 50
   at osu.Game.Rulesets.Catch.Tests.CatchBeatmapConversionTest.Test(String name, Type[] mods) in /app/osu.Game.Rulesets.Catch.Tests/CatchBeatmapConversionTest.cs:line 58
   at InvokeStub_CatchBeatmapConversionTest.Test(Object, Span`1)

71)    at osu.Game.Tests.Beatmaps.BeatmapConversionTest`2.<>c__DisplayClass4_1.<Test>b__2() in /app/osu.Game/Tests/Beatmaps/BeatmapConversionTest.cs:line 98
   at NUnit.Framework.Assert.Multiple(TestDelegate testDelegate)
   at osu.Game.Tests.Beatmaps.BeatmapConversionTest`2.<>c__DisplayClass4_0.<Test>b__1() in /app/osu.Game/Tests/Beatmaps/BeatmapConversionTest.cs:line 77
   at NUnit.Framework.Assert.Multiple(TestDelegate testDelegate)
   at osu.Game.Tests.Beatmaps.BeatmapConversionTest`2.Test(String name, Type[] mods) in /app/osu.Game/Tests/Beatmaps/BeatmapConversionTest.cs:line 50
   at osu.Game.Rulesets.Catch.Tests.CatchBeatmapConversionTest.Test(String name, Type[] mods) in /app/osu.Game.Rulesets.Catch.Tests/CatchBeatmapConversionTest.cs:line 58
   at InvokeStub_CatchBeatmapConversionTest.Test(Object, Span`1)

72)    at osu.Game.Tests.Beatmaps.BeatmapConversionTest`2.<>c__DisplayClass4_1.<Test>b__2() in /app/osu.Game/Tests/Beatmaps/BeatmapConversionTest.cs:line 98
   at NUnit.Framework.Assert.Multiple(TestDelegate testDelegate)
   at osu.Game.Tests.Beatmaps.BeatmapConversionTest`2.<>c__DisplayClass4_0.<Test>b__1() in /app/osu.Game/Tests/Beatmaps/BeatmapConversionTest.cs:line 77
   at NUnit.Framework.Assert.Multiple(TestDelegate testDelegate)
   at osu.Game.Tests.Beatmaps.BeatmapConversionTest`2.Test(String name, Type[] mods) in /app/osu.Game/Tests/Beatmaps/BeatmapConversionTest.cs:line 50
   at osu.Game.Rulesets.Catch.Tests.CatchBeatmapConversionTest.Test(String name, Type[] mods) in /app/osu.Game.Rulesets.Catch.Tests/CatchBeatmapConversionTest.cs:line 58
   at InvokeStub_CatchBeatmapConversionTest.Test(Object, Span`1)

73)    at osu.Game.Tests.Beatmaps.BeatmapConversionTest`2.<>c__DisplayClass4_1.<Test>b__2() in /app/osu.Game/Tests/Beatmaps/BeatmapConversionTest.cs:line 98
   at NUnit.Framework.Assert.Multiple(TestDelegate testDelegate)
   at osu.Game.Tests.Beatmaps.BeatmapConversionTest`2.<>c__DisplayClass4_0.<Test>b__1() in /app/osu.Game/Tests/Beatmaps/BeatmapConversionTest.cs:line 77
   at NUnit.Framework.Assert.Multiple(TestDelegate testDelegate)
   at osu.Game.Tests.Beatmaps.BeatmapConversionTest`2.Test(String name, Type[] mods) in /app/osu.Game/Tests/Beatmaps/BeatmapConversionTest.cs:line 50
   at osu.Game.Rulesets.Catch.Tests.CatchBeatmapConversionTest.Test(String name, Type[] mods) in /app/osu.Game.Rulesets.Catch.Tests/CatchBeatmapConversionTest.cs:line 58
   at InvokeStub_CatchBeatmapConversionTest.Test(Object, Span`1)

74)    at osu.Game.Tests.Beatmaps.BeatmapConversionTest`2.<>c__DisplayClass4_1.<Test>b__2() in /app/osu.Game/Tests/Beatmaps/BeatmapConversionTest.cs:line 98
   at NUnit.Framework.Assert.Multiple(TestDelegate testDelegate)
   at osu.Game.Tests.Beatmaps.BeatmapConversionTest`2.<>c__DisplayClass4_0.<Test>b__1() in /app/osu.Game/Tests/Beatmaps/BeatmapConversionTest.cs:line 77
   at NUnit.Framework.Assert.Multiple(TestDelegate testDelegate)
   at osu.Game.Tests.Beatmaps.BeatmapConversionTest`2.Test(String name, Type[] mods) in /app/osu.Game/Tests/Beatmaps/BeatmapConversionTest.cs:line 50
   at osu.Game.Rulesets.Catch.Tests.CatchBeatmapConversionTest.Test(String name, Type[] mods) in /app/osu.Game.Rulesets.Catch.Tests/CatchBeatmapConversionTest.cs:line 58
   at InvokeStub_CatchBeatmapConversionTest.Test(Object, Span`1)

75)    at osu.Game.Tests.Beatmaps.BeatmapConversionTest`2.<>c__DisplayClass4_1.<Test>b__2() in /app/osu.Game/Tests/Beatmaps/BeatmapConversionTest.cs:line 98
   at NUnit.Framework.Assert.Multiple(TestDelegate testDelegate)
   at osu.Game.Tests.Beatmaps.BeatmapConversionTest`2.<>c__DisplayClass4_0.<Test>b__1() in /app/osu.Game/Tests/Beatmaps/BeatmapConversionTest.cs:line 77
   at NUnit.Framework.Assert.Multiple(TestDelegate testDelegate)
   at osu.Game.Tests.Beatmaps.BeatmapConversionTest`2.Test(String name, Type[] mods) in /app/osu.Game/Tests/Beatmaps/BeatmapConversionTest.cs:line 50
   at osu.Game.Rulesets.Catch.Tests.CatchBeatmapConversionTest.Test(String name, Type[] mods) in /app/osu.Game.Rulesets.Catch.Tests/CatchBeatmapConversionTest.cs:line 58
   at InvokeStub_CatchBeatmapConversionTest.Test(Object, Span`1)

76)    at osu.Game.Tests.Beatmaps.BeatmapConversionTest`2.<>c__DisplayClass4_1.<Test>b__2() in /app/osu.Game/Tests/Beatmaps/BeatmapConversionTest.cs:line 98
   at NUnit.Framework.Assert.Multiple(TestDelegate testDelegate)
   at osu.Game.Tests.Beatmaps.BeatmapConversionTest`2.<>c__DisplayClass4_0.<Test>b__1() in /app/osu.Game/Tests/Beatmaps/BeatmapConversionTest.cs:line 77
   at NUnit.Framework.Assert.Multiple(TestDelegate testDelegate)
   at osu.Game.Tests.Beatmaps.BeatmapConversionTest`2.Test(String name, Type[] mods) in /app/osu.Game/Tests/Beatmaps/BeatmapConversionTest.cs:line 50
   at osu.Game.Rulesets.Catch.Tests.CatchBeatmapConversionTest.Test(String name, Type[] mods) in /app/osu.Game.Rulesets.Catch.Tests/CatchBeatmapConversionTest.cs:line 58
   at InvokeStub_CatchBeatmapConversionTest.Test(Object, Span`1)

77)    at osu.Game.Tests.Beatmaps.BeatmapConversionTest`2.<>c__DisplayClass4_1.<Test>b__2() in /app/osu.Game/Tests/Beatmaps/BeatmapConversionTest.cs:line 98
   at NUnit.Framework.Assert.Multiple(TestDelegate testDelegate)
   at osu.Game.Tests.Beatmaps.BeatmapConversionTest`2.<>c__DisplayClass4_0.<Test>b__1() in /app/osu.Game/Tests/Beatmaps/BeatmapConversionTest.cs:line 77
   at NUnit.Framework.Assert.Multiple(TestDelegate testDelegate)
   at osu.Game.Tests.Beatmaps.BeatmapConversionTest`2.Test(String name, Type[] mods) in /app/osu.Game/Tests/Beatmaps/BeatmapConversionTest.cs:line 50
   at osu.Game.Rulesets.Catch.Tests.CatchBeatmapConversionTest.Test(String name, Type[] mods) in /app/osu.Game.Rulesets.Catch.Tests/CatchBeatmapConversionTest.cs:line 58
   at InvokeStub_CatchBeatmapConversionTest.Test(Object, Span`1)

78)    at osu.Game.Tests.Beatmaps.BeatmapConversionTest`2.<>c__DisplayClass4_1.<Test>b__2() in /app/osu.Game/Tests/Beatmaps/BeatmapConversionTest.cs:line 98
   at NUnit.Framework.Assert.Multiple(TestDelegate testDelegate)
   at osu.Game.Tests.Beatmaps.BeatmapConversionTest`2.<>c__DisplayClass4_0.<Test>b__1() in /app/osu.Game/Tests/Beatmaps/BeatmapConversionTest.cs:line 77
   at NUnit.Framework.Assert.Multiple(TestDelegate testDelegate)
   at osu.Game.Tests.Beatmaps.BeatmapConversionTest`2.Test(String name, Type[] mods) in /app/osu.Game/Tests/Beatmaps/BeatmapConversionTest.cs:line 50
   at osu.Game.Rulesets.Catch.Tests.CatchBeatmapConversionTest.Test(String name, Type[] mods) in /app/osu.Game.Rulesets.Catch.Tests/CatchBeatmapConversionTest.cs:line 58
   at InvokeStub_CatchBeatmapConversionTest.Test(Object, Span`1)

79)    at osu.Game.Tests.Beatmaps.BeatmapConversionTest`2.<>c__DisplayClass4_1.<Test>b__2() in /app/osu.Game/Tests/Beatmaps/BeatmapConversionTest.cs:line 98
   at NUnit.Framework.Assert.Multiple(TestDelegate testDelegate)
   at osu.Game.Tests.Beatmaps.BeatmapConversionTest`2.<>c__DisplayClass4_0.<Test>b__1() in /app/osu.Game/Tests/Beatmaps/BeatmapConversionTest.cs:line 77
   at NUnit.Framework.Assert.Multiple(TestDelegate testDelegate)
   at osu.Game.Tests.Beatmaps.BeatmapConversionTest`2.Test(String name, Type[] mods) in /app/osu.Game/Tests/Beatmaps/BeatmapConversionTest.cs:line 50
   at osu.Game.Rulesets.Catch.Tests.CatchBeatmapConversionTest.Test(String name, Type[] mods) in /app/osu.Game.Rulesets.Catch.Tests/CatchBeatmapConversionTest.cs:line 58
   at InvokeStub_CatchBeatmapConversionTest.Test(Object, Span`1)

80)    at osu.Game.Tests.Beatmaps.BeatmapConversionTest`2.<>c__DisplayClass4_1.<Test>b__2() in /app/osu.Game/Tests/Beatmaps/BeatmapConversionTest.cs:line 98
   at NUnit.Framework.Assert.Multiple(TestDelegate testDelegate)
   at osu.Game.Tests.Beatmaps.BeatmapConversionTest`2.<>c__DisplayClass4_0.<Test>b__1() in /app/osu.Game/Tests/Beatmaps/BeatmapConversionTest.cs:line 77
   at NUnit.Framework.Assert.Multiple(TestDelegate testDelegate)
   at osu.Game.Tests.Beatmaps.BeatmapConversionTest`2.Test(String name, Type[] mods) in /app/osu.Game/Tests/Beatmaps/BeatmapConversionTest.cs:line 50
   at osu.Game.Rulesets.Catch.Tests.CatchBeatmapConversionTest.Test(String name, Type[] mods) in /app/osu.Game.Rulesets.Catch.Tests/CatchBeatmapConversionTest.cs:line 58
   at InvokeStub_CatchBeatmapConversionTest.Test(Object, Span`1)

81)    at osu.Game.Tests.Beatmaps.BeatmapConversionTest`2.<>c__DisplayClass4_1.<Test>b__2() in /app/osu.Game/Tests/Beatmaps/BeatmapConversionTest.cs:line 98
   at NUnit.Framework.Assert.Multiple(TestDelegate testDelegate)
   at osu.Game.Tests.Beatmaps.BeatmapConversionTest`2.<>c__DisplayClass4_0.<Test>b__1() in /app/osu.Game/Tests/Beatmaps/BeatmapConversionTest.cs:line 77
   at NUnit.Framework.Assert.Multiple(TestDelegate testDelegate)
   at osu.Game.Tests.Beatmaps.BeatmapConversionTest`2.Test(String name, Type[] mods) in /app/osu.Game/Tests/Beatmaps/BeatmapConversionTest.cs:line 50
   at osu.Game.Rulesets.Catch.Tests.CatchBeatmapConversionTest.Test(String name, Type[] mods) in /app/osu.Game.Rulesets.Catch.Tests/CatchBeatmapConversionTest.cs:line 58
   at InvokeStub_CatchBeatmapConversionTest.Test(Object, Span`1)

82)    at osu.Game.Tests.Beatmaps.BeatmapConversionTest`2.<>c__DisplayClass4_1.<Test>b__2() in /app/osu.Game/Tests/Beatmaps/BeatmapConversionTest.cs:line 98
   at NUnit.Framework.Assert.Multiple(TestDelegate testDelegate)
   at osu.Game.Tests.Beatmaps.BeatmapConversionTest`2.<>c__DisplayClass4_0.<Test>b__1() in /app/osu.Game/Tests/Beatmaps/BeatmapConversionTest.cs:line 77
   at NUnit.Framework.Assert.Multiple(TestDelegate testDelegate)
   at osu.Game.Tests.Beatmaps.BeatmapConversionTest`2.Test(String name, Type[] mods) in /app/osu.Game/Tests/Beatmaps/BeatmapConversionTest.cs:line 50
   at osu.Game.Rulesets.Catch.Tests.CatchBeatmapConversionTest.Test(String name, Type[] mods) in /app/osu.Game.Rulesets.Catch.Tests/CatchBeatmapConversionTest.cs:line 58
   at InvokeStub_CatchBeatmapConversionTest.Test(Object, Span`1)

83)    at osu.Game.Tests.Beatmaps.BeatmapConversionTest`2.<>c__DisplayClass4_1.<Test>b__2() in /app/osu.Game/Tests/Beatmaps/BeatmapConversionTest.cs:line 98
   at NUnit.Framework.Assert.Multiple(TestDelegate testDelegate)
   at osu.Game.Tests.Beatmaps.BeatmapConversionTest`2.<>c__DisplayClass4_0.<Test>b__1() in /app/osu.Game/Tests/Beatmaps/BeatmapConversionTest.cs:line 77
   at NUnit.Framework.Assert.Multiple(TestDelegate testDelegate)
   at osu.Game.Tests.Beatmaps.BeatmapConversionTest`2.Test(String name, Type[] mods) in /app/osu.Game/Tests/Beatmaps/BeatmapConversionTest.cs:line 50
   at osu.Game.Rulesets.Catch.Tests.CatchBeatmapConversionTest.Test(String name, Type[] mods) in /app/osu.Game.Rulesets.Catch.Tests/CatchBeatmapConversionTest.cs:line 58
   at InvokeStub_CatchBeatmapConversionTest.Test(Object, Span`1)

84)    at osu.Game.Tests.Beatmaps.BeatmapConversionTest`2.<>c__DisplayClass4_1.<Test>b__2() in /app/osu.Game/Tests/Beatmaps/BeatmapConversionTest.cs:line 98
   at NUnit.Framework.Assert.Multiple(TestDelegate testDelegate)
   at osu.Game.Tests.Beatmaps.BeatmapConversionTest`2.<>c__DisplayClass4_0.<Test>b__1() in /app/osu.Game/Tests/Beatmaps/BeatmapConversionTest.cs:line 77
   at NUnit.Framework.Assert.Multiple(TestDelegate testDelegate)
   at osu.Game.Tests.Beatmaps.BeatmapConversionTest`2.Test(String name, Type[] mods) in /app/osu.Game/Tests/Beatmaps/BeatmapConversionTest.cs:line 50
   at osu.Game.Rulesets.Catch.Tests.CatchBeatmapConversionTest.Test(String name, Type[] mods) in /app/osu.Game.Rulesets.Catch.Tests/CatchBeatmapConversionTest.cs:line 58
   at InvokeStub_CatchBeatmapConversionTest.Test(Object, Span`1)

85)    at osu.Game.Tests.Beatmaps.BeatmapConversionTest`2.<>c__DisplayClass4_1.<Test>b__2() in /app/osu.Game/Tests/Beatmaps/BeatmapConversionTest.cs:line 98
   at NUnit.Framework.Assert.Multiple(TestDelegate testDelegate)
   at osu.Game.Tests.Beatmaps.BeatmapConversionTest`2.<>c__DisplayClass4_0.<Test>b__1() in /app/osu.Game/Tests/Beatmaps/BeatmapConversionTest.cs:line 77
   at NUnit.Framework.Assert.Multiple(TestDelegate testDelegate)
   at osu.Game.Tests.Beatmaps.BeatmapConversionTest`2.Test(String name, Type[] mods) in /app/osu.Game/Tests/Beatmaps/BeatmapConversionTest.cs:line 50
   at osu.Game.Rulesets.Catch.Tests.CatchBeatmapConversionTest.Test(String name, Type[] mods) in /app/osu.Game.Rulesets.Catch.Tests/CatchBeatmapConversionTest.cs:line 58
   at InvokeStub_CatchBeatmapConversionTest.Test(Object, Span`1)

86)    at osu.Game.Tests.Beatmaps.BeatmapConversionTest`2.<>c__DisplayClass4_1.<Test>b__2() in /app/osu.Game/Tests/Beatmaps/BeatmapConversionTest.cs:line 98
   at NUnit.Framework.Assert.Multiple(TestDelegate testDelegate)
   at osu.Game.Tests.Beatmaps.BeatmapConversionTest`2.<>c__DisplayClass4_0.<Test>b__1() in /app/osu.Game/Tests/Beatmaps/BeatmapConversionTest.cs:line 77
   at NUnit.Framework.Assert.Multiple(TestDelegate testDelegate)
   at osu.Game.Tests.Beatmaps.BeatmapConversionTest`2.Test(String name, Type[] mods) in /app/osu.Game/Tests/Beatmaps/BeatmapConversionTest.cs:line 50
   at osu.Game.Rulesets.Catch.Tests.CatchBeatmapConversionTest.Test(String name, Type[] mods) in /app/osu.Game.Rulesets.Catch.Tests/CatchBeatmapConversionTest.cs:line 58
   at InvokeStub_CatchBeatmapConversionTest.Test(Object, Span`1)

87)    at osu.Game.Tests.Beatmaps.BeatmapConversionTest`2.<>c__DisplayClass4_1.<Test>b__2() in /app/osu.Game/Tests/Beatmaps/BeatmapConversionTest.cs:line 98
   at NUnit.Framework.Assert.Multiple(TestDelegate testDelegate)
   at osu.Game.Tests.Beatmaps.BeatmapConversionTest`2.<>c__DisplayClass4_0.<Test>b__1() in /app/osu.Game/Tests/Beatmaps/BeatmapConversionTest.cs:line 77
   at NUnit.Framework.Assert.Multiple(TestDelegate testDelegate)
   at osu.Game.Tests.Beatmaps.BeatmapConversionTest`2.Test(String name, Type[] mods) in /app/osu.Game/Tests/Beatmaps/BeatmapConversionTest.cs:line 50
   at osu.Game.Rulesets.Catch.Tests.CatchBeatmapConversionTest.Test(String name, Type[] mods) in /app/osu.Game.Rulesets.Catch.Tests/CatchBeatmapConversionTest.cs:line 58
   at InvokeStub_CatchBeatmapConversionTest.Test(Object, Span`1)

88)    at osu.Game.Tests.Beatmaps.BeatmapConversionTest`2.<>c__DisplayClass4_1.<Test>b__2() in /app/osu.Game/Tests/Beatmaps/BeatmapConversionTest.cs:line 98
   at NUnit.Framework.Assert.Multiple(TestDelegate testDelegate)
   at osu.Game.Tests.Beatmaps.BeatmapConversionTest`2.<>c__DisplayClass4_0.<Test>b__1() in /app/osu.Game/Tests/Beatmaps/BeatmapConversionTest.cs:line 77
   at NUnit.Framework.Assert.Multiple(TestDelegate testDelegate)
   at osu.Game.Tests.Beatmaps.BeatmapConversionTest`2.Test(String name, Type[] mods) in /app/osu.Game/Tests/Beatmaps/BeatmapConversionTest.cs:line 50
   at osu.Game.Rulesets.Catch.Tests.CatchBeatmapConversionTest.Test(String name, Type[] mods) in /app/osu.Game.Rulesets.Catch.Tests/CatchBeatmapConversionTest.cs:line 58
   at InvokeStub_CatchBeatmapConversionTest.Test(Object, Span`1)

89)    at osu.Game.Tests.Beatmaps.BeatmapConversionTest`2.<>c__DisplayClass4_1.<Test>b__2() in /app/osu.Game/Tests/Beatmaps/BeatmapConversionTest.cs:line 98
   at NUnit.Framework.Assert.Multiple(TestDelegate testDelegate)
   at osu.Game.Tests.Beatmaps.BeatmapConversionTest`2.<>c__DisplayClass4_0.<Test>b__1() in /app/osu.Game/Tests/Beatmaps/BeatmapConversionTest.cs:line 77
   at NUnit.Framework.Assert.Multiple(TestDelegate testDelegate)
   at osu.Game.Tests.Beatmaps.BeatmapConversionTest`2.Test(String name, Type[] mods) in /app/osu.Game/Tests/Beatmaps/BeatmapConversionTest.cs:line 50
   at osu.Game.Rulesets.Catch.Tests.CatchBeatmapConversionTest.Test(String name, Type[] mods) in /app/osu.Game.Rulesets.Catch.Tests/CatchBeatmapConversionTest.cs:line 58
   at InvokeStub_CatchBeatmapConversionTest.Test(Object, Span`1)

90)    at osu.Game.Tests.Beatmaps.BeatmapConversionTest`2.<>c__DisplayClass4_1.<Test>b__2() in /app/osu.Game/Tests/Beatmaps/BeatmapConversionTest.cs:line 98
   at NUnit.Framework.Assert.Multiple(TestDelegate testDelegate)
   at osu.Game.Tests.Beatmaps.BeatmapConversionTest`2.<>c__DisplayClass4_0.<Test>b__1() in /app/osu.Game/Tests/Beatmaps/BeatmapConversionTest.cs:line 77
   at NUnit.Framework.Assert.Multiple(TestDelegate testDelegate)
   at osu.Game.Tests.Beatmaps.BeatmapConversionTest`2.Test(String name, Type[] mods) in /app/osu.Game/Tests/Beatmaps/BeatmapConversionTest.cs:line 50
   at osu.Game.Rulesets.Catch.Tests.CatchBeatmapConversionTest.Test(String name, Type[] mods) in /app/osu.Game.Rulesets.Catch.Tests/CatchBeatmapConversionTest.cs:line 58
   at InvokeStub_CatchBeatmapConversionTest.Test(Object, Span`1)

91)    at osu.Game.Tests.Beatmaps.BeatmapConversionTest`2.<>c__DisplayClass4_1.<Test>b__2() in /app/osu.Game/Tests/Beatmaps/BeatmapConversionTest.cs:line 98
   at NUnit.Framework.Assert.Multiple(TestDelegate testDelegate)
   at osu.Game.Tests.Beatmaps.BeatmapConversionTest`2.<>c__DisplayClass4_0.<Test>b__1() in /app/osu.Game/Tests/Beatmaps/BeatmapConversionTest.cs:line 77
   at NUnit.Framework.Assert.Multiple(TestDelegate testDelegate)
   at osu.Game.Tests.Beatmaps.BeatmapConversionTest`2.Test(String name, Type[] mods) in /app/osu.Game/Tests/Beatmaps/BeatmapConversionTest.cs:line 50
   at osu.Game.Rulesets.Catch.Tests.CatchBeatmapConversionTest.Test(String name, Type[] mods) in /app/osu.Game.Rulesets.Catch.Tests/CatchBeatmapConversionTest.cs:line 58
   at InvokeStub_CatchBeatmapConversionTest.Test(Object, Span`1)

92)    at osu.Game.Tests.Beatmaps.BeatmapConversionTest`2.<>c__DisplayClass4_1.<Test>b__2() in /app/osu.Game/Tests/Beatmaps/BeatmapConversionTest.cs:line 98
   at NUnit.Framework.Assert.Multiple(TestDelegate testDelegate)
   at osu.Game.Tests.Beatmaps.BeatmapConversionTest`2.<>c__DisplayClass4_0.<Test>b__1() in /app/osu.Game/Tests/Beatmaps/BeatmapConversionTest.cs:line 77
   at NUnit.Framework.Assert.Multiple(TestDelegate testDelegate)
   at osu.Game.Tests.Beatmaps.BeatmapConversionTest`2.Test(String name, Type[] mods) in /app/osu.Game/Tests/Beatmaps/BeatmapConversionTest.cs:line 50
   at osu.Game.Rulesets.Catch.Tests.CatchBeatmapConversionTest.Test(String name, Type[] mods) in /app/osu.Game.Rulesets.Catch.Tests/CatchBeatmapConversionTest.cs:line 58
   at InvokeStub_CatchBeatmapConversionTest.Test(Object, Span`1)

93)    at osu.Game.Tests.Beatmaps.BeatmapConversionTest`2.<>c__DisplayClass4_1.<Test>b__2() in /app/osu.Game/Tests/Beatmaps/BeatmapConversionTest.cs:line 98
   at NUnit.Framework.Assert.Multiple(TestDelegate testDelegate)
   at osu.Game.Tests.Beatmaps.BeatmapConversionTest`2.<>c__DisplayClass4_0.<Test>b__1() in /app/osu.Game/Tests/Beatmaps/BeatmapConversionTest.cs:line 77
   at NUnit.Framework.Assert.Multiple(TestDelegate testDelegate)
   at osu.Game.Tests.Beatmaps.BeatmapConversionTest`2.Test(String name, Type[] mods) in /app/osu.Game/Tests/Beatmaps/BeatmapConversionTest.cs:line 50
   at osu.Game.Rulesets.Catch.Tests.CatchBeatmapConversionTest.Test(String name, Type[] mods) in /app/osu.Game.Rulesets.Catch.Tests/CatchBeatmapConversionTest.cs:line 58
   at InvokeStub_CatchBeatmapConversionTest.Test(Object, Span`1)

94)    at osu.Game.Tests.Beatmaps.BeatmapConversionTest`2.<>c__DisplayClass4_1.<Test>b__2() in /app/osu.Game/Tests/Beatmaps/BeatmapConversionTest.cs:line 98
   at NUnit.Framework.Assert.Multiple(TestDelegate testDelegate)
   at osu.Game.Tests.Beatmaps.BeatmapConversionTest`2.<>c__DisplayClass4_0.<Test>b__1() in /app/osu.Game/Tests/Beatmaps/BeatmapConversionTest.cs:line 77
   at NUnit.Framework.Assert.Multiple(TestDelegate testDelegate)
   at osu.Game.Tests.Beatmaps.BeatmapConversionTest`2.Test(String name, Type[] mods) in /app/osu.Game/Tests/Beatmaps/BeatmapConversionTest.cs:line 50
   at osu.Game.Rulesets.Catch.Tests.CatchBeatmapConversionTest.Test(String name, Type[] mods) in /app/osu.Game.Rulesets.Catch.Tests/CatchBeatmapConversionTest.cs:line 58
   at InvokeStub_CatchBeatmapConversionTest.Test(Object, Span`1)

95)    at osu.Game.Tests.Beatmaps.BeatmapConversionTest`2.<>c__DisplayClass4_1.<Test>b__2() in /app/osu.Game/Tests/Beatmaps/BeatmapConversionTest.cs:line 98
   at NUnit.Framework.Assert.Multiple(TestDelegate testDelegate)
   at osu.Game.Tests.Beatmaps.BeatmapConversionTest`2.<>c__DisplayClass4_0.<Test>b__1() in /app/osu.Game/Tests/Beatmaps/BeatmapConversionTest.cs:line 77
   at NUnit.Framework.Assert.Multiple(TestDelegate testDelegate)
   at osu.Game.Tests.Beatmaps.BeatmapConversionTest`2.Test(String name, Type[] mods) in /app/osu.Game/Tests/Beatmaps/BeatmapConversionTest.cs:line 50
   at osu.Game.Rulesets.Catch.Tests.CatchBeatmapConversionTest.Test(String name, Type[] mods) in /app/osu.Game.Rulesets.Catch.Tests/CatchBeatmapConversionTest.cs:line 58
   at InvokeStub_CatchBeatmapConversionTest.Test(Object, Span`1)

96)    at osu.Game.Tests.Beatmaps.BeatmapConversionTest`2.<>c__DisplayClass4_1.<Test>b__2() in /app/osu.Game/Tests/Beatmaps/BeatmapConversionTest.cs:line 98
   at NUnit.Framework.Assert.Multiple(TestDelegate testDelegate)
   at osu.Game.Tests.Beatmaps.BeatmapConversionTest`2.<>c__DisplayClass4_0.<Test>b__1() in /app/osu.Game/Tests/Beatmaps/BeatmapConversionTest.cs:line 77
   at NUnit.Framework.Assert.Multiple(TestDelegate testDelegate)
   at osu.Game.Tests.Beatmaps.BeatmapConversionTest`2.Test(String name, Type[] mods) in /app/osu.Game/Tests/Beatmaps/BeatmapConversionTest.cs:line 50
   at osu.Game.Rulesets.Catch.Tests.CatchBeatmapConversionTest.Test(String name, Type[] mods) in /app/osu.Game.Rulesets.Catch.Tests/CatchBeatmapConversionTest.cs:line 58
   at InvokeStub_CatchBeatmapConversionTest.Test(Object, Span`1)

97)    at osu.Game.Tests.Beatmaps.BeatmapConversionTest`2.<>c__DisplayClass4_1.<Test>b__2() in /app/osu.Game/Tests/Beatmaps/BeatmapConversionTest.cs:line 98
   at NUnit.Framework.Assert.Multiple(TestDelegate testDelegate)
   at osu.Game.Tests.Beatmaps.BeatmapConversionTest`2.<>c__DisplayClass4_0.<Test>b__1() in /app/osu.Game/Tests/Beatmaps/BeatmapConversionTest.cs:line 77
   at NUnit.Framework.Assert.Multiple(TestDelegate testDelegate)
   at osu.Game.Tests.Beatmaps.BeatmapConversionTest`2.Test(String name, Type[] mods) in /app/osu.Game/Tests/Beatmaps/BeatmapConversionTest.cs:line 50
   at osu.Game.Rulesets.Catch.Tests.CatchBeatmapConversionTest.Test(String name, Type[] mods) in /app/osu.Game.Rulesets.Catch.Tests/CatchBeatmapConversionTest.cs:line 58
   at InvokeStub_CatchBeatmapConversionTest.Test(Object, Span`1)

98)    at osu.Game.Tests.Beatmaps.BeatmapConversionTest`2.<>c__DisplayClass4_1.<Test>b__2() in /app/osu.Game/Tests/Beatmaps/BeatmapConversionTest.cs:line 98
   at NUnit.Framework.Assert.Multiple(TestDelegate testDelegate)
   at osu.Game.Tests.Beatmaps.BeatmapConversionTest`2.<>c__DisplayClass4_0.<Test>b__1() in /app/osu.Game/Tests/Beatmaps/BeatmapConversionTest.cs:line 77
   at NUnit.Framework.Assert.Multiple(TestDelegate testDelegate)
   at osu.Game.Tests.Beatmaps.BeatmapConversionTest`2.Test(String name, Type[] mods) in /app/osu.Game/Tests/Beatmaps/BeatmapConversionTest.cs:line 50
   at osu.Game.Rulesets.Catch.Tests.CatchBeatmapConversionTest.Test(String name, Type[] mods) in /app/osu.Game.Rulesets.Catch.Tests/CatchBeatmapConversionTest.cs:line 58
   at InvokeStub_CatchBeatmapConversionTest.Test(Object, Span`1)

99)    at osu.Game.Tests.Beatmaps.BeatmapConversionTest`2.<>c__DisplayClass4_1.<Test>b__2() in /app/osu.Game/Tests/Beatmaps/BeatmapConversionTest.cs:line 98
   at NUnit.Framework.Assert.Multiple(TestDelegate testDelegate)
   at osu.Game.Tests.Beatmaps.BeatmapConversionTest`2.<>c__DisplayClass4_0.<Test>b__1() in /app/osu.Game/Tests/Beatmaps/BeatmapConversionTest.cs:line 77
   at NUnit.Framework.Assert.Multiple(TestDelegate testDelegate)
   at osu.Game.Tests.Beatmaps.BeatmapConversionTest`2.Test(String name, Type[] mods) in /app/osu.Game/Tests/Beatmaps/BeatmapConversionTest.cs:line 50
   at osu.Game.Rulesets.Catch.Tests.CatchBeatmapConversionTest.Test(String name, Type[] mods) in /app/osu.Game.Rulesets.Catch.Tests/CatchBeatmapConversionTest.cs:line 58
   at InvokeStub_CatchBeatmapConversionTest.Test(Object, Span`1)

100)    at osu.Game.Tests.Beatmaps.BeatmapConversionTest`2.<>c__DisplayClass4_1.<Test>b__2() in /app/osu.Game/Tests/Beatmaps/BeatmapConversionTest.cs:line 98
   at NUnit.Framework.Assert.Multiple(TestDelegate testDelegate)
   at osu.Game.Tests.Beatmaps.BeatmapConversionTest`2.<>c__DisplayClass4_0.<Test>b__1() in /app/osu.Game/Tests/Beatmaps/BeatmapConversionTest.cs:line 77
   at NUnit.Framework.Assert.Multiple(TestDelegate testDelegate)
   at osu.Game.Tests.Beatmaps.BeatmapConversionTest`2.Test(String name, Type[] mods) in /app/osu.Game/Tests/Beatmaps/BeatmapConversionTest.cs:line 50
   at osu.Game.Rulesets.Catch.Tests.CatchBeatmapConversionTest.Test(String name, Type[] mods) in /app/osu.Game.Rulesets.Catch.Tests/CatchBeatmapConversionTest.cs:line 58
   at InvokeStub_CatchBeatmapConversionTest.Test(Object, Span`1)

101)    at osu.Game.Tests.Beatmaps.BeatmapConversionTest`2.<>c__DisplayClass4_1.<Test>b__2() in /app/osu.Game/Tests/Beatmaps/BeatmapConversionTest.cs:line 98
   at NUnit.Framework.Assert.Multiple(TestDelegate testDelegate)
   at osu.Game.Tests.Beatmaps.BeatmapConversionTest`2.<>c__DisplayClass4_0.<Test>b__1() in /app/osu.Game/Tests/Beatmaps/BeatmapConversionTest.cs:line 77
   at NUnit.Framework.Assert.Multiple(TestDelegate testDelegate)
   at osu.Game.Tests.Beatmaps.BeatmapConversionTest`2.Test(String name, Type[] mods) in /app/osu.Game/Tests/Beatmaps/BeatmapConversionTest.cs:line 50
   at osu.Game.Rulesets.Catch.Tests.CatchBeatmapConversionTest.Test(String name, Type[] mods) in /app/osu.Game.Rulesets.Catch.Tests/CatchBeatmapConversionTest.cs:line 58
   at InvokeStub_CatchBeatmapConversionTest.Test(Object, Span`1)

102)    at osu.Game.Tests.Beatmaps.BeatmapConversionTest`2.<>c__DisplayClass4_1.<Test>b__2() in /app/osu.Game/Tests/Beatmaps/BeatmapConversionTest.cs:line 98
   at NUnit.Framework.Assert.Multiple(TestDelegate testDelegate)
   at osu.Game.Tests.Beatmaps.BeatmapConversionTest`2.<>c__DisplayClass4_0.<Test>b__1() in /app/osu.Game/Tests/Beatmaps/BeatmapConversionTest.cs:line 77
   at NUnit.Framework.Assert.Multiple(TestDelegate testDelegate)
   at osu.Game.Tests.Beatmaps.BeatmapConversionTest`2.Test(String name, Type[] mods) in /app/osu.Game/Tests/Beatmaps/BeatmapConversionTest.cs:line 50
   at osu.Game.Rulesets.Catch.Tests.CatchBeatmapConversionTest.Test(String name, Type[] mods) in /app/osu.Game.Rulesets.Catch.Tests/CatchBeatmapConversionTest.cs:line 58
   at InvokeStub_CatchBeatmapConversionTest.Test(Object, Span`1)

103)    at osu.Game.Tests.Beatmaps.BeatmapConversionTest`2.<>c__DisplayClass4_1.<Test>b__2() in /app/osu.Game/Tests/Beatmaps/BeatmapConversionTest.cs:line 98
   at NUnit.Framework.Assert.Multiple(TestDelegate testDelegate)
   at osu.Game.Tests.Beatmaps.BeatmapConversionTest`2.<>c__DisplayClass4_0.<Test>b__1() in /app/osu.Game/Tests/Beatmaps/BeatmapConversionTest.cs:line 77
   at NUnit.Framework.Assert.Multiple(TestDelegate testDelegate)
   at osu.Game.Tests.Beatmaps.BeatmapConversionTest`2.Test(String name, Type[] mods) in /app/osu.Game/Tests/Beatmaps/BeatmapConversionTest.cs:line 50
   at osu.Game.Rulesets.Catch.Tests.CatchBeatmapConversionTest.Test(String name, Type[] mods) in /app/osu.Game.Rulesets.Catch.Tests/CatchBeatmapConversionTest.cs:line 58
   at InvokeStub_CatchBeatmapConversionTest.Test(Object, Span`1)

104)    at osu.Game.Tests.Beatmaps.BeatmapConversionTest`2.<>c__DisplayClass4_1.<Test>b__2() in /app/osu.Game/Tests/Beatmaps/BeatmapConversionTest.cs:line 98
   at NUnit.Framework.Assert.Multiple(TestDelegate testDelegate)
   at osu.Game.Tests.Beatmaps.BeatmapConversionTest`2.<>c__DisplayClass4_0.<Test>b__1() in /app/osu.Game/Tests/Beatmaps/BeatmapConversionTest.cs:line 77
   at NUnit.Framework.Assert.Multiple(TestDelegate testDelegate)
   at osu.Game.Tests.Beatmaps.BeatmapConversionTest`2.Test(String name, Type[] mods) in /app/osu.Game/Tests/Beatmaps/BeatmapConversionTest.cs:line 50
   at osu.Game.Rulesets.Catch.Tests.CatchBeatmapConversionTest.Test(String name, Type[] mods) in /app/osu.Game.Rulesets.Catch.Tests/CatchBeatmapConversionTest.cs:line 58
   at InvokeStub_CatchBeatmapConversionTest.Test(Object, Span`1)

105)    at osu.Game.Tests.Beatmaps.BeatmapConversionTest`2.<>c__DisplayClass4_1.<Test>b__2() in /app/osu.Game/Tests/Beatmaps/BeatmapConversionTest.cs:line 98
   at NUnit.Framework.Assert.Multiple(TestDelegate testDelegate)
   at osu.Game.Tests.Beatmaps.BeatmapConversionTest`2.<>c__DisplayClass4_0.<Test>b__1() in /app/osu.Game/Tests/Beatmaps/BeatmapConversionTest.cs:line 77
   at NUnit.Framework.Assert.Multiple(TestDelegate testDelegate)
   at osu.Game.Tests.Beatmaps.BeatmapConversionTest`2.Test(String name, Type[] mods) in /app/osu.Game/Tests/Beatmaps/BeatmapConversionTest.cs:line 50
   at osu.Game.Rulesets.Catch.Tests.CatchBeatmapConversionTest.Test(String name, Type[] mods) in /app/osu.Game.Rulesets.Catch.Tests/CatchBeatmapConversionTest.cs:line 58
   at InvokeStub_CatchBeatmapConversionTest.Test(Object, Span`1)

106)    at osu.Game.Tests.Beatmaps.BeatmapConversionTest`2.<>c__DisplayClass4_1.<Test>b__2() in /app/osu.Game/Tests/Beatmaps/BeatmapConversionTest.cs:line 98
   at NUnit.Framework.Assert.Multiple(TestDelegate testDelegate)
   at osu.Game.Tests.Beatmaps.BeatmapConversionTest`2.<>c__DisplayClass4_0.<Test>b__1() in /app/osu.Game/Tests/Beatmaps/BeatmapConversionTest.cs:line 77
   at NUnit.Framework.Assert.Multiple(TestDelegate testDelegate)
   at osu.Game.Tests.Beatmaps.BeatmapConversionTest`2.Test(String name, Type[] mods) in /app/osu.Game/Tests/Beatmaps/BeatmapConversionTest.cs:line 50
   at osu.Game.Rulesets.Catch.Tests.CatchBeatmapConversionTest.Test(String name, Type[] mods) in /app/osu.Game.Rulesets.Catch.Tests/CatchBeatmapConversionTest.cs:line 58
   at InvokeStub_CatchBeatmapConversionTest.Test(Object, Span`1)

107)    at osu.Game.Tests.Beatmaps.BeatmapConversionTest`2.<>c__DisplayClass4_1.<Test>b__2() in /app/osu.Game/Tests/Beatmaps/BeatmapConversionTest.cs:line 98
   at NUnit.Framework.Assert.Multiple(TestDelegate testDelegate)
   at osu.Game.Tests.Beatmaps.BeatmapConversionTest`2.<>c__DisplayClass4_0.<Test>b__1() in /app/osu.Game/Tests/Beatmaps/BeatmapConversionTest.cs:line 77
   at NUnit.Framework.Assert.Multiple(TestDelegate testDelegate)
   at osu.Game.Tests.Beatmaps.BeatmapConversionTest`2.Test(String name, Type[] mods) in /app/osu.Game/Tests/Beatmaps/BeatmapConversionTest.cs:line 50
   at osu.Game.Rulesets.Catch.Tests.CatchBeatmapConversionTest.Test(String name, Type[] mods) in /app/osu.Game.Rulesets.Catch.Tests/CatchBeatmapConversionTest.cs:line 58
   at InvokeStub_CatchBeatmapConversionTest.Test(Object, Span`1)

108)    at osu.Game.Tests.Beatmaps.BeatmapConversionTest`2.<>c__DisplayClass4_1.<Test>b__2() in /app/osu.Game/Tests/Beatmaps/BeatmapConversionTest.cs:line 98
   at NUnit.Framework.Assert.Multiple(TestDelegate testDelegate)
   at osu.Game.Tests.Beatmaps.BeatmapConversionTest`2.<>c__DisplayClass4_0.<Test>b__1() in /app/osu.Game/Tests/Beatmaps/BeatmapConversionTest.cs:line 77
   at NUnit.Framework.Assert.Multiple(TestDelegate testDelegate)
   at osu.Game.Tests.Beatmaps.BeatmapConversionTest`2.Test(String name, Type[] mods) in /app/osu.Game/Tests/Beatmaps/BeatmapConversionTest.cs:line 50
   at osu.Game.Rulesets.Catch.Tests.CatchBeatmapConversionTest.Test(String name, Type[] mods) in /app/osu.Game.Rulesets.Catch.Tests/CatchBeatmapConversionTest.cs:line 58
   at InvokeStub_CatchBeatmapConversionTest.Test(Object, Span`1)

109)    at osu.Game.Tests.Beatmaps.BeatmapConversionTest`2.<>c__DisplayClass4_1.<Test>b__2() in /app/osu.Game/Tests/Beatmaps/BeatmapConversionTest.cs:line 98
   at NUnit.Framework.Assert.Multiple(TestDelegate testDelegate)
   at osu.Game.Tests.Beatmaps.BeatmapConversionTest`2.<>c__DisplayClass4_0.<Test>b__1() in /app/osu.Game/Tests/Beatmaps/BeatmapConversionTest.cs:line 77
   at NUnit.Framework.Assert.Multiple(TestDelegate testDelegate)
   at osu.Game.Tests.Beatmaps.BeatmapConversionTest`2.Test(String name, Type[] mods) in /app/osu.Game/Tests/Beatmaps/BeatmapConversionTest.cs:line 50
   at osu.Game.Rulesets.Catch.Tests.CatchBeatmapConversionTest.Test(String name, Type[] mods) in /app/osu.Game.Rulesets.Catch.Tests/CatchBeatmapConversionTest.cs:line 58
   at InvokeStub_CatchBeatmapConversionTest.Test(Object, Span`1)

110)    at osu.Game.Tests.Beatmaps.BeatmapConversionTest`2.<>c__DisplayClass4_1.<Test>b__2() in /app/osu.Game/Tests/Beatmaps/BeatmapConversionTest.cs:line 98
   at NUnit.Framework.Assert.Multiple(TestDelegate testDelegate)
   at osu.Game.Tests.Beatmaps.BeatmapConversionTest`2.<>c__DisplayClass4_0.<Test>b__1() in /app/osu.Game/Tests/Beatmaps/BeatmapConversionTest.cs:line 77
   at NUnit.Framework.Assert.Multiple(TestDelegate testDelegate)
   at osu.Game.Tests.Beatmaps.BeatmapConversionTest`2.Test(String name, Type[] mods) in /app/osu.Game/Tests/Beatmaps/BeatmapConversionTest.cs:line 50
   at osu.Game.Rulesets.Catch.Tests.CatchBeatmapConversionTest.Test(String name, Type[] mods) in /app/osu.Game.Rulesets.Catch.Tests/CatchBeatmapConversionTest.cs:line 58
   at InvokeStub_CatchBeatmapConversionTest.Test(Object, Span`1)

111)    at osu.Game.Tests.Beatmaps.BeatmapConversionTest`2.<>c__DisplayClass4_1.<Test>b__2() in /app/osu.Game/Tests/Beatmaps/BeatmapConversionTest.cs:line 98
   at NUnit.Framework.Assert.Multiple(TestDelegate testDelegate)
   at osu.Game.Tests.Beatmaps.BeatmapConversionTest`2.<>c__DisplayClass4_0.<Test>b__1() in /app/osu.Game/Tests/Beatmaps/BeatmapConversionTest.cs:line 77
   at NUnit.Framework.Assert.Multiple(TestDelegate testDelegate)
   at osu.Game.Tests.Beatmaps.BeatmapConversionTest`2.Test(String name, Type[] mods) in /app/osu.Game/Tests/Beatmaps/BeatmapConversionTest.cs:line 50
   at osu.Game.Rulesets.Catch.Tests.CatchBeatmapConversionTest.Test(String name, Type[] mods) in /app/osu.Game.Rulesets.Catch.Tests/CatchBeatmapConversionTest.cs:line 58
   at InvokeStub_CatchBeatmapConversionTest.Test(Object, Span`1)

112)    at osu.Game.Tests.Beatmaps.BeatmapConversionTest`2.<>c__DisplayClass4_1.<Test>b__2() in /app/osu.Game/Tests/Beatmaps/BeatmapConversionTest.cs:line 98
   at NUnit.Framework.Assert.Multiple(TestDelegate testDelegate)
   at osu.Game.Tests.Beatmaps.BeatmapConversionTest`2.<>c__DisplayClass4_0.<Test>b__1() in /app/osu.Game/Tests/Beatmaps/BeatmapConversionTest.cs:line 77
   at NUnit.Framework.Assert.Multiple(TestDelegate testDelegate)
   at osu.Game.Tests.Beatmaps.BeatmapConversionTest`2.Test(String name, Type[] mods) in /app/osu.Game/Tests/Beatmaps/BeatmapConversionTest.cs:line 50
   at osu.Game.Rulesets.Catch.Tests.CatchBeatmapConversionTest.Test(String name, Type[] mods) in /app/osu.Game.Rulesets.Catch.Tests/CatchBeatmapConversionTest.cs:line 58
   at InvokeStub_CatchBeatmapConversionTest.Test(Object, Span`1)

113)    at osu.Game.Tests.Beatmaps.BeatmapConversionTest`2.<>c__DisplayClass4_1.<Test>b__2() in /app/osu.Game/Tests/Beatmaps/BeatmapConversionTest.cs:line 98
   at NUnit.Framework.Assert.Multiple(TestDelegate testDelegate)
   at osu.Game.Tests.Beatmaps.BeatmapConversionTest`2.<>c__DisplayClass4_0.<Test>b__1() in /app/osu.Game/Tests/Beatmaps/BeatmapConversionTest.cs:line 77
   at NUnit.Framework.Assert.Multiple(TestDelegate testDelegate)
   at osu.Game.Tests.Beatmaps.BeatmapConversionTest`2.Test(String name, Type[] mods) in /app/osu.Game/Tests/Beatmaps/BeatmapConversionTest.cs:line 50
   at osu.Game.Rulesets.Catch.Tests.CatchBeatmapConversionTest.Test(String name, Type[] mods) in /app/osu.Game.Rulesets.Catch.Tests/CatchBeatmapConversionTest.cs:line 58
   at InvokeStub_CatchBeatmapConversionTest.Test(Object, Span`1)

114)    at osu.Game.Tests.Beatmaps.BeatmapConversionTest`2.<>c__DisplayClass4_1.<Test>b__2() in /app/osu.Game/Tests/Beatmaps/BeatmapConversionTest.cs:line 98
   at NUnit.Framework.Assert.Multiple(TestDelegate testDelegate)
   at osu.Game.Tests.Beatmaps.BeatmapConversionTest`2.<>c__DisplayClass4_0.<Test>b__1() in /app/osu.Game/Tests/Beatmaps/BeatmapConversionTest.cs:line 77
   at NUnit.Framework.Assert.Multiple(TestDelegate testDelegate)
   at osu.Game.Tests.Beatmaps.BeatmapConversionTest`2.Test(String name, Type[] mods) in /app/osu.Game/Tests/Beatmaps/BeatmapConversionTest.cs:line 50
   at osu.Game.Rulesets.Catch.Tests.CatchBeatmapConversionTest.Test(String name, Type[] mods) in /app/osu.Game.Rulesets.Catch.Tests/CatchBeatmapConversionTest.cs:line 58
   at InvokeStub_CatchBeatmapConversionTest.Test(Object, Span`1)

115)    at osu.Game.Tests.Beatmaps.BeatmapConversionTest`2.<>c__DisplayClass4_1.<Test>b__2() in /app/osu.Game/Tests/Beatmaps/BeatmapConversionTest.cs:line 98
   at NUnit.Framework.Assert.Multiple(TestDelegate testDelegate)
   at osu.Game.Tests.Beatmaps.BeatmapConversionTest`2.<>c__DisplayClass4_0.<Test>b__1() in /app/osu.Game/Tests/Beatmaps/BeatmapConversionTest.cs:line 77
   at NUnit.Framework.Assert.Multiple(TestDelegate testDelegate)
   at osu.Game.Tests.Beatmaps.BeatmapConversionTest`2.Test(String name, Type[] mods) in /app/osu.Game/Tests/Beatmaps/BeatmapConversionTest.cs:line 50
   at osu.Game.Rulesets.Catch.Tests.CatchBeatmapConversionTest.Test(String name, Type[] mods) in /app/osu.Game.Rulesets.Catch.Tests/CatchBeatmapConversionTest.cs:line 58
   at InvokeStub_CatchBeatmapConversionTest.Test(Object, Span`1)

116)    at osu.Game.Tests.Beatmaps.BeatmapConversionTest`2.<>c__DisplayClass4_1.<Test>b__2() in /app/osu.Game/Tests/Beatmaps/BeatmapConversionTest.cs:line 98
   at NUnit.Framework.Assert.Multiple(TestDelegate testDelegate)
   at osu.Game.Tests.Beatmaps.BeatmapConversionTest`2.<>c__DisplayClass4_0.<Test>b__1() in /app/osu.Game/Tests/Beatmaps/BeatmapConversionTest.cs:line 77
   at NUnit.Framework.Assert.Multiple(TestDelegate testDelegate)
   at osu.Game.Tests.Beatmaps.BeatmapConversionTest`2.Test(String name, Type[] mods) in /app/osu.Game/Tests/Beatmaps/BeatmapConversionTest.cs:line 50
   at osu.Game.Rulesets.Catch.Tests.CatchBeatmapConversionTest.Test(String name, Type[] mods) in /app/osu.Game.Rulesets.Catch.Tests/CatchBeatmapConversionTest.cs:line 58
   at InvokeStub_CatchBeatmapConversionTest.Test(Object, Span`1)

117)    at osu.Game.Tests.Beatmaps.BeatmapConversionTest`2.<>c__DisplayClass4_1.<Test>b__2() in /app/osu.Game/Tests/Beatmaps/BeatmapConversionTest.cs:line 98
   at NUnit.Framework.Assert.Multiple(TestDelegate testDelegate)
   at osu.Game.Tests.Beatmaps.BeatmapConversionTest`2.<>c__DisplayClass4_0.<Test>b__1() in /app/osu.Game/Tests/Beatmaps/BeatmapConversionTest.cs:line 77
   at NUnit.Framework.Assert.Multiple(TestDelegate testDelegate)
   at osu.Game.Tests.Beatmaps.BeatmapConversionTest`2.Test(String name, Type[] mods) in /app/osu.Game/Tests/Beatmaps/BeatmapConversionTest.cs:line 50
   at osu.Game.Rulesets.Catch.Tests.CatchBeatmapConversionTest.Test(String name, Type[] mods) in /app/osu.Game.Rulesets.Catch.Tests/CatchBeatmapConversionTest.cs:line 58
   at InvokeStub_CatchBeatmapConversionTest.Test(Object, Span`1)

118)    at osu.Game.Tests.Beatmaps.BeatmapConversionTest`2.<>c__DisplayClass4_1.<Test>b__2() in /app/osu.Game/Tests/Beatmaps/BeatmapConversionTest.cs:line 98
   at NUnit.Framework.Assert.Multiple(TestDelegate testDelegate)
   at osu.Game.Tests.Beatmaps.BeatmapConversionTest`2.<>c__DisplayClass4_0.<Test>b__1() in /app/osu.Game/Tests/Beatmaps/BeatmapConversionTest.cs:line 77
   at NUnit.Framework.Assert.Multiple(TestDelegate testDelegate)
   at osu.Game.Tests.Beatmaps.BeatmapConversionTest`2.Test(String name, Type[] mods) in /app/osu.Game/Tests/Beatmaps/BeatmapConversionTest.cs:line 50
   at osu.Game.Rulesets.Catch.Tests.CatchBeatmapConversionTest.Test(String name, Type[] mods) in /app/osu.Game.Rulesets.Catch.Tests/CatchBeatmapConversionTest.cs:line 58
   at InvokeStub_CatchBeatmapConversionTest.Test(Object, Span`1)

119)    at osu.Game.Tests.Beatmaps.BeatmapConversionTest`2.<>c__DisplayClass4_1.<Test>b__2() in /app/osu.Game/Tests/Beatmaps/BeatmapConversionTest.cs:line 98
   at NUnit.Framework.Assert.Multiple(TestDelegate testDelegate)
   at osu.Game.Tests.Beatmaps.BeatmapConversionTest`2.<>c__DisplayClass4_0.<Test>b__1() in /app/osu.Game/Tests/Beatmaps/BeatmapConversionTest.cs:line 77
   at NUnit.Framework.Assert.Multiple(TestDelegate testDelegate)
   at osu.Game.Tests.Beatmaps.BeatmapConversionTest`2.Test(String name, Type[] mods) in /app/osu.Game/Tests/Beatmaps/BeatmapConversionTest.cs:line 50
   at osu.Game.Rulesets.Catch.Tests.CatchBeatmapConversionTest.Test(String name, Type[] mods) in /app/osu.Game.Rulesets.Catch.Tests/CatchBeatmapConversionTest.cs:line 58
   at InvokeStub_CatchBeatmapConversionTest.Test(Object, Span`1)

120)    at osu.Game.Tests.Beatmaps.BeatmapConversionTest`2.<>c__DisplayClass4_1.<Test>b__2() in /app/osu.Game/Tests/Beatmaps/BeatmapConversionTest.cs:line 98
   at NUnit.Framework.Assert.Multiple(TestDelegate testDelegate)
   at osu.Game.Tests.Beatmaps.BeatmapConversionTest`2.<>c__DisplayClass4_0.<Test>b__1() in /app/osu.Game/Tests/Beatmaps/BeatmapConversionTest.cs:line 77
   at NUnit.Framework.Assert.Multiple(TestDelegate testDelegate)
   at osu.Game.Tests.Beatmaps.BeatmapConversionTest`2.Test(String name, Type[] mods) in /app/osu.Game/Tests/Beatmaps/BeatmapConversionTest.cs:line 50
   at osu.Game.Rulesets.Catch.Tests.CatchBeatmapConversionTest.Test(String name, Type[] mods) in /app/osu.Game.Rulesets.Catch.Tests/CatchBeatmapConversionTest.cs:line 58
   at InvokeStub_CatchBeatmapConversionTest.Test(Object, Span`1)

121)    at osu.Game.Tests.Beatmaps.BeatmapConversionTest`2.<>c__DisplayClass4_1.<Test>b__2() in /app/osu.Game/Tests/Beatmaps/BeatmapConversionTest.cs:line 98
   at NUnit.Framework.Assert.Multiple(TestDelegate testDelegate)
   at osu.Game.Tests.Beatmaps.BeatmapConversionTest`2.<>c__DisplayClass4_0.<Test>b__1() in /app/osu.Game/Tests/Beatmaps/BeatmapConversionTest.cs:line 77
   at NUnit.Framework.Assert.Multiple(TestDelegate testDelegate)
   at osu.Game.Tests.Beatmaps.BeatmapConversionTest`2.Test(String name, Type[] mods) in /app/osu.Game/Tests/Beatmaps/BeatmapConversionTest.cs:line 50
   at osu.Game.Rulesets.Catch.Tests.CatchBeatmapConversionTest.Test(String name, Type[] mods) in /app/osu.Game.Rulesets.Catch.Tests/CatchBeatmapConversionTest.cs:line 58
   at InvokeStub_CatchBeatmapConversionTest.Test(Object, Span`1)

122)    at osu.Game.Tests.Beatmaps.BeatmapConversionTest`2.<>c__DisplayClass4_1.<Test>b__2() in /app/osu.Game/Tests/Beatmaps/BeatmapConversionTest.cs:line 98
   at NUnit.Framework.Assert.Multiple(TestDelegate testDelegate)
   at osu.Game.Tests.Beatmaps.BeatmapConversionTest`2.<>c__DisplayClass4_0.<Test>b__1() in /app/osu.Game/Tests/Beatmaps/BeatmapConversionTest.cs:line 77
   at NUnit.Framework.Assert.Multiple(TestDelegate testDelegate)
   at osu.Game.Tests.Beatmaps.BeatmapConversionTest`2.Test(String name, Type[] mods) in /app/osu.Game/Tests/Beatmaps/BeatmapConversionTest.cs:line 50
   at osu.Game.Rulesets.Catch.Tests.CatchBeatmapConversionTest.Test(String name, Type[] mods) in /app/osu.Game.Rulesets.Catch.Tests/CatchBeatmapConversionTest.cs:line 58
   at InvokeStub_CatchBeatmapConversionTest.Test(Object, Span`1)

123)    at osu.Game.Tests.Beatmaps.BeatmapConversionTest`2.<>c__DisplayClass4_1.<Test>b__2() in /app/osu.Game/Tests/Beatmaps/BeatmapConversionTest.cs:line 98
   at NUnit.Framework.Assert.Multiple(TestDelegate testDelegate)
   at osu.Game.Tests.Beatmaps.BeatmapConversionTest`2.<>c__DisplayClass4_0.<Test>b__1() in /app/osu.Game/Tests/Beatmaps/BeatmapConversionTest.cs:line 77
   at NUnit.Framework.Assert.Multiple(TestDelegate testDelegate)
   at osu.Game.Tests.Beatmaps.BeatmapConversionTest`2.Test(String name, Type[] mods) in /app/osu.Game/Tests/Beatmaps/BeatmapConversionTest.cs:line 50
   at osu.Game.Rulesets.Catch.Tests.CatchBeatmapConversionTest.Test(String name, Type[] mods) in /app/osu.Game.Rulesets.Catch.Tests/CatchBeatmapConversionTest.cs:line 58
   at InvokeStub_CatchBeatmapConversionTest.Test(Object, Span`1)

124)    at osu.Game.Tests.Beatmaps.BeatmapConversionTest`2.<>c__DisplayClass4_1.<Test>b__2() in /app/osu.Game/Tests/Beatmaps/BeatmapConversionTest.cs:line 98
   at NUnit.Framework.Assert.Multiple(TestDelegate testDelegate)
   at osu.Game.Tests.Beatmaps.BeatmapConversionTest`2.<>c__DisplayClass4_0.<Test>b__1() in /app/osu.Game/Tests/Beatmaps/BeatmapConversionTest.cs:line 77
   at NUnit.Framework.Assert.Multiple(TestDelegate testDelegate)
   at osu.Game.Tests.Beatmaps.BeatmapConversionTest`2.Test(String name, Type[] mods) in /app/osu.Game/Tests/Beatmaps/BeatmapConversionTest.cs:line 50
   at osu.Game.Rulesets.Catch.Tests.CatchBeatmapConversionTest.Test(String name, Type[] mods) in /app/osu.Game.Rulesets.Catch.Tests/CatchBeatmapConversionTest.cs:line 58
   at InvokeStub_CatchBeatmapConversionTest.Test(Object, Span`1)

125)    at osu.Game.Tests.Beatmaps.BeatmapConversionTest`2.<>c__DisplayClass4_1.<Test>b__2() in /app/osu.Game/Tests/Beatmaps/BeatmapConversionTest.cs:line 98
   at NUnit.Framework.Assert.Multiple(TestDelegate testDelegate)
   at osu.Game.Tests.Beatmaps.BeatmapConversionTest`2.<>c__DisplayClass4_0.<Test>b__1() in /app/osu.Game/Tests/Beatmaps/BeatmapConversionTest.cs:line 77
   at NUnit.Framework.Assert.Multiple(TestDelegate testDelegate)
   at osu.Game.Tests.Beatmaps.BeatmapConversionTest`2.Test(String name, Type[] mods) in /app/osu.Game/Tests/Beatmaps/BeatmapConversionTest.cs:line 50
   at osu.Game.Rulesets.Catch.Tests.CatchBeatmapConversionTest.Test(String name, Type[] mods) in /app/osu.Game.Rulesets.Catch.Tests/CatchBeatmapConversionTest.cs:line 58
   at InvokeStub_CatchBeatmapConversionTest.Test(Object, Span`1)

126)    at osu.Game.Tests.Beatmaps.BeatmapConversionTest`2.<>c__DisplayClass4_1.<Test>b__2() in /app/osu.Game/Tests/Beatmaps/BeatmapConversionTest.cs:line 98
   at NUnit.Framework.Assert.Multiple(TestDelegate testDelegate)
   at osu.Game.Tests.Beatmaps.BeatmapConversionTest`2.<>c__DisplayClass4_0.<Test>b__1() in /app/osu.Game/Tests/Beatmaps/BeatmapConversionTest.cs:line 77
   at NUnit.Framework.Assert.Multiple(TestDelegate testDelegate)
   at osu.Game.Tests.Beatmaps.BeatmapConversionTest`2.Test(String name, Type[] mods) in /app/osu.Game/Tests/Beatmaps/BeatmapConversionTest.cs:line 50
   at osu.Game.Rulesets.Catch.Tests.CatchBeatmapConversionTest.Test(String name, Type[] mods) in /app/osu.Game.Rulesets.Catch.Tests/CatchBeatmapConversionTest.cs:line 58
   at InvokeStub_CatchBeatmapConversionTest.Test(Object, Span`1)

127)    at osu.Game.Tests.Beatmaps.BeatmapConversionTest`2.<>c__DisplayClass4_1.<Test>b__2() in /app/osu.Game/Tests/Beatmaps/BeatmapConversionTest.cs:line 98
   at NUnit.Framework.Assert.Multiple(TestDelegate testDelegate)
   at osu.Game.Tests.Beatmaps.BeatmapConversionTest`2.<>c__DisplayClass4_0.<Test>b__1() in /app/osu.Game/Tests/Beatmaps/BeatmapConversionTest.cs:line 77
   at NUnit.Framework.Assert.Multiple(TestDelegate testDelegate)
   at osu.Game.Tests.Beatmaps.BeatmapConversionTest`2.Test(String name, Type[] mods) in /app/osu.Game/Tests/Beatmaps/BeatmapConversionTest.cs:line 50
   at osu.Game.Rulesets.Catch.Tests.CatchBeatmapConversionTest.Test(String name, Type[] mods) in /app/osu.Game.Rulesets.Catch.Tests/CatchBeatmapConversionTest.cs:line 58
   at InvokeStub_CatchBeatmapConversionTest.Test(Object, Span`1)

128)    at osu.Game.Tests.Beatmaps.BeatmapConversionTest`2.<>c__DisplayClass4_1.<Test>b__2() in /app/osu.Game/Tests/Beatmaps/BeatmapConversionTest.cs:line 98
   at NUnit.Framework.Assert.Multiple(TestDelegate testDelegate)
   at osu.Game.Tests.Beatmaps.BeatmapConversionTest`2.<>c__DisplayClass4_0.<Test>b__1() in /app/osu.Game/Tests/Beatmaps/BeatmapConversionTest.cs:line 77
   at NUnit.Framework.Assert.Multiple(TestDelegate testDelegate)
   at osu.Game.Tests.Beatmaps.BeatmapConversionTest`2.Test(String name, Type[] mods) in /app/osu.Game/Tests/Beatmaps/BeatmapConversionTest.cs:line 50
   at osu.Game.Rulesets.Catch.Tests.CatchBeatmapConversionTest.Test(String name, Type[] mods) in /app/osu.Game.Rulesets.Catch.Tests/CatchBeatmapConversionTest.cs:line 58
   at InvokeStub_CatchBeatmapConversionTest.Test(Object, Span`1)

129)    at osu.Game.Tests.Beatmaps.BeatmapConversionTest`2.<>c__DisplayClass4_1.<Test>b__2() in /app/osu.Game/Tests/Beatmaps/BeatmapConversionTest.cs:line 98
   at NUnit.Framework.Assert.Multiple(TestDelegate testDelegate)
   at osu.Game.Tests.Beatmaps.BeatmapConversionTest`2.<>c__DisplayClass4_0.<Test>b__1() in /app/osu.Game/Tests/Beatmaps/BeatmapConversionTest.cs:line 77
   at NUnit.Framework.Assert.Multiple(TestDelegate testDelegate)
   at osu.Game.Tests.Beatmaps.BeatmapConversionTest`2.Test(String name, Type[] mods) in /app/osu.Game/Tests/Beatmaps/BeatmapConversionTest.cs:line 50
   at osu.Game.Rulesets.Catch.Tests.CatchBeatmapConversionTest.Test(String name, Type[] mods) in /app/osu.Game.Rulesets.Catch.Tests/CatchBeatmapConversionTest.cs:line 58
   at InvokeStub_CatchBeatmapConversionTest.Test(Object, Span`1)

130)    at osu.Game.Tests.Beatmaps.BeatmapConversionTest`2.<>c__DisplayClass4_1.<Test>b__2() in /app/osu.Game/Tests/Beatmaps/BeatmapConversionTest.cs:line 98
   at NUnit.Framework.Assert.Multiple(TestDelegate testDelegate)
   at osu.Game.Tests.Beatmaps.BeatmapConversionTest`2.<>c__DisplayClass4_0.<Test>b__1() in /app/osu.Game/Tests/Beatmaps/BeatmapConversionTest.cs:line 77
   at NUnit.Framework.Assert.Multiple(TestDelegate testDelegate)
   at osu.Game.Tests.Beatmaps.BeatmapConversionTest`2.Test(String name, Type[] mods) in /app/osu.Game/Tests/Beatmaps/BeatmapConversionTest.cs:line 50
   at osu.Game.Rulesets.Catch.Tests.CatchBeatmapConversionTest.Test(String name, Type[] mods) in /app/osu.Game.Rulesets.Catch.Tests/CatchBeatmapConversionTest.cs:line 58
   at InvokeStub_CatchBeatmapConversionTest.Test(Object, Span`1)

131)    at osu.Game.Tests.Beatmaps.BeatmapConversionTest`2.<>c__DisplayClass4_1.<Test>b__2() in /app/osu.Game/Tests/Beatmaps/BeatmapConversionTest.cs:line 98
   at NUnit.Framework.Assert.Multiple(TestDelegate testDelegate)
   at osu.Game.Tests.Beatmaps.BeatmapConversionTest`2.<>c__DisplayClass4_0.<Test>b__1() in /app/osu.Game/Tests/Beatmaps/BeatmapConversionTest.cs:line 77
   at NUnit.Framework.Assert.Multiple(TestDelegate testDelegate)
   at osu.Game.Tests.Beatmaps.BeatmapConversionTest`2.Test(String name, Type[] mods) in /app/osu.Game/Tests/Beatmaps/BeatmapConversionTest.cs:line 50
   at osu.Game.Rulesets.Catch.Tests.CatchBeatmapConversionTest.Test(String name, Type[] mods) in /app/osu.Game.Rulesets.Catch.Tests/CatchBeatmapConversionTest.cs:line 58
   at InvokeStub_CatchBeatmapConversionTest.Test(Object, Span`1)

132)    at osu.Game.Tests.Beatmaps.BeatmapConversionTest`2.<>c__DisplayClass4_1.<Test>b__2() in /app/osu.Game/Tests/Beatmaps/BeatmapConversionTest.cs:line 98
   at NUnit.Framework.Assert.Multiple(TestDelegate testDelegate)
   at osu.Game.Tests.Beatmaps.BeatmapConversionTest`2.<>c__DisplayClass4_0.<Test>b__1() in /app/osu.Game/Tests/Beatmaps/BeatmapConversionTest.cs:line 77
   at NUnit.Framework.Assert.Multiple(TestDelegate testDelegate)
   at osu.Game.Tests.Beatmaps.BeatmapConversionTest`2.Test(String name, Type[] mods) in /app/osu.Game/Tests/Beatmaps/BeatmapConversionTest.cs:line 50
   at osu.Game.Rulesets.Catch.Tests.CatchBeatmapConversionTest.Test(String name, Type[] mods) in /app/osu.Game.Rulesets.Catch.Tests/CatchBeatmapConversionTest.cs:line 58
   at InvokeStub_CatchBeatmapConversionTest.Test(Object, Span`1)

133)    at osu.Game.Tests.Beatmaps.BeatmapConversionTest`2.<>c__DisplayClass4_1.<Test>b__2() in /app/osu.Game/Tests/Beatmaps/BeatmapConversionTest.cs:line 98
   at NUnit.Framework.Assert.Multiple(TestDelegate testDelegate)
   at osu.Game.Tests.Beatmaps.BeatmapConversionTest`2.<>c__DisplayClass4_0.<Test>b__1() in /app/osu.Game/Tests/Beatmaps/BeatmapConversionTest.cs:line 77
   at NUnit.Framework.Assert.Multiple(TestDelegate testDelegate)
   at osu.Game.Tests.Beatmaps.BeatmapConversionTest`2.Test(String name, Type[] mods) in /app/osu.Game/Tests/Beatmaps/BeatmapConversionTest.cs:line 50
   at osu.Game.Rulesets.Catch.Tests.CatchBeatmapConversionTest.Test(String name, Type[] mods) in /app/osu.Game.Rulesets.Catch.Tests/CatchBeatmapConversionTest.cs:line 58
   at InvokeStub_CatchBeatmapConversionTest.Test(Object, Span`1)

134)    at osu.Game.Tests.Beatmaps.BeatmapConversionTest`2.<>c__DisplayClass4_1.<Test>b__2() in /app/osu.Game/Tests/Beatmaps/BeatmapConversionTest.cs:line 98
   at NUnit.Framework.Assert.Multiple(TestDelegate testDelegate)
   at osu.Game.Tests.Beatmaps.BeatmapConversionTest`2.<>c__DisplayClass4_0.<Test>b__1() in /app/osu.Game/Tests/Beatmaps/BeatmapConversionTest.cs:line 77
   at NUnit.Framework.Assert.Multiple(TestDelegate testDelegate)
   at osu.Game.Tests.Beatmaps.BeatmapConversionTest`2.Test(String name, Type[] mods) in /app/osu.Game/Tests/Beatmaps/BeatmapConversionTest.cs:line 50
   at osu.Game.Rulesets.Catch.Tests.CatchBeatmapConversionTest.Test(String name, Type[] mods) in /app/osu.Game.Rulesets.Catch.Tests/CatchBeatmapConversionTest.cs:line 58
   at InvokeStub_CatchBeatmapConversionTest.Test(Object, Span`1)

135)    at osu.Game.Tests.Beatmaps.BeatmapConversionTest`2.<>c__DisplayClass4_1.<Test>b__2() in /app/osu.Game/Tests/Beatmaps/BeatmapConversionTest.cs:line 98
   at NUnit.Framework.Assert.Multiple(TestDelegate testDelegate)
   at osu.Game.Tests.Beatmaps.BeatmapConversionTest`2.<>c__DisplayClass4_0.<Test>b__1() in /app/osu.Game/Tests/Beatmaps/BeatmapConversionTest.cs:line 77
   at NUnit.Framework.Assert.Multiple(TestDelegate testDelegate)
   at osu.Game.Tests.Beatmaps.BeatmapConversionTest`2.Test(String name, Type[] mods) in /app/osu.Game/Tests/Beatmaps/BeatmapConversionTest.cs:line 50
   at osu.Game.Rulesets.Catch.Tests.CatchBeatmapConversionTest.Test(String name, Type[] mods) in /app/osu.Game.Rulesets.Catch.Tests/CatchBeatmapConversionTest.cs:line 58
   at InvokeStub_CatchBeatmapConversionTest.Test(Object, Span`1)

136)    at osu.Game.Tests.Beatmaps.BeatmapConversionTest`2.<>c__DisplayClass4_1.<Test>b__2() in /app/osu.Game/Tests/Beatmaps/BeatmapConversionTest.cs:line 98
   at NUnit.Framework.Assert.Multiple(TestDelegate testDelegate)
   at osu.Game.Tests.Beatmaps.BeatmapConversionTest`2.<>c__DisplayClass4_0.<Test>b__1() in /app/osu.Game/Tests/Beatmaps/BeatmapConversionTest.cs:line 77
   at NUnit.Framework.Assert.Multiple(TestDelegate testDelegate)
   at osu.Game.Tests.Beatmaps.BeatmapConversionTest`2.Test(String name, Type[] mods) in /app/osu.Game/Tests/Beatmaps/BeatmapConversionTest.cs:line 50
   at osu.Game.Rulesets.Catch.Tests.CatchBeatmapConversionTest.Test(String name, Type[] mods) in /app/osu.Game.Rulesets.Catch.Tests/CatchBeatmapConversionTest.cs:line 58
   at InvokeStub_CatchBeatmapConversionTest.Test(Object, Span`1)

137)    at osu.Game.Tests.Beatmaps.BeatmapConversionTest`2.<>c__DisplayClass4_1.<Test>b__2() in /app/osu.Game/Tests/Beatmaps/BeatmapConversionTest.cs:line 98
   at NUnit.Framework.Assert.Multiple(TestDelegate testDelegate)
   at osu.Game.Tests.Beatmaps.BeatmapConversionTest`2.<>c__DisplayClass4_0.<Test>b__1() in /app/osu.Game/Tests/Beatmaps/BeatmapConversionTest.cs:line 77
   at NUnit.Framework.Assert.Multiple(TestDelegate testDelegate)
   at osu.Game.Tests.Beatmaps.BeatmapConversionTest`2.Test(String name, Type[] mods) in /app/osu.Game/Tests/Beatmaps/BeatmapConversionTest.cs:line 50
   at osu.Game.Rulesets.Catch.Tests.CatchBeatmapConversionTest.Test(String name, Type[] mods) in /app/osu.Game.Rulesets.Catch.Tests/CatchBeatmapConversionTest.cs:line 58
   at InvokeStub_CatchBeatmapConversionTest.Test(Object, Span`1)

138)    at osu.Game.Tests.Beatmaps.BeatmapConversionTest`2.<>c__DisplayClass4_1.<Test>b__2() in /app/osu.Game/Tests/Beatmaps/BeatmapConversionTest.cs:line 98
   at NUnit.Framework.Assert.Multiple(TestDelegate testDelegate)
   at osu.Game.Tests.Beatmaps.BeatmapConversionTest`2.<>c__DisplayClass4_0.<Test>b__1() in /app/osu.Game/Tests/Beatmaps/BeatmapConversionTest.cs:line 77
   at NUnit.Framework.Assert.Multiple(TestDelegate testDelegate)
   at osu.Game.Tests.Beatmaps.BeatmapConversionTest`2.Test(String name, Type[] mods) in /app/osu.Game/Tests/Beatmaps/BeatmapConversionTest.cs:line 50
   at osu.Game.Rulesets.Catch.Tests.CatchBeatmapConversionTest.Test(String name, Type[] mods) in /app/osu.Game.Rulesets.Catch.Tests/CatchBeatmapConversionTest.cs:line 58
   at InvokeStub_CatchBeatmapConversionTest.Test(Object, Span`1)

139)    at osu.Game.Tests.Beatmaps.BeatmapConversionTest`2.<>c__DisplayClass4_1.<Test>b__2() in /app/osu.Game/Tests/Beatmaps/BeatmapConversionTest.cs:line 98
   at NUnit.Framework.Assert.Multiple(TestDelegate testDelegate)
   at osu.Game.Tests.Beatmaps.BeatmapConversionTest`2.<>c__DisplayClass4_0.<Test>b__1() in /app/osu.Game/Tests/Beatmaps/BeatmapConversionTest.cs:line 77
   at NUnit.Framework.Assert.Multiple(TestDelegate testDelegate)
   at osu.Game.Tests.Beatmaps.BeatmapConversionTest`2.Test(String name, Type[] mods) in /app/osu.Game/Tests/Beatmaps/BeatmapConversionTest.cs:line 50
   at osu.Game.Rulesets.Catch.Tests.CatchBeatmapConversionTest.Test(String name, Type[] mods) in /app/osu.Game.Rulesets.Catch.Tests/CatchBeatmapConversionTest.cs:line 58
   at InvokeStub_CatchBeatmapConversionTest.Test(Object, Span`1)

140)    at osu.Game.Tests.Beatmaps.BeatmapConversionTest`2.<>c__DisplayClass4_1.<Test>b__2() in /app/osu.Game/Tests/Beatmaps/BeatmapConversionTest.cs:line 98
   at NUnit.Framework.Assert.Multiple(TestDelegate testDelegate)
   at osu.Game.Tests.Beatmaps.BeatmapConversionTest`2.<>c__DisplayClass4_0.<Test>b__1() in /app/osu.Game/Tests/Beatmaps/BeatmapConversionTest.cs:line 77
   at NUnit.Framework.Assert.Multiple(TestDelegate testDelegate)
   at osu.Game.Tests.Beatmaps.BeatmapConversionTest`2.Test(String name, Type[] mods) in /app/osu.Game/Tests/Beatmaps/BeatmapConversionTest.cs:line 50
   at osu.Game.Rulesets.Catch.Tests.CatchBeatmapConversionTest.Test(String name, Type[] mods) in /app/osu.Game.Rulesets.Catch.Tests/CatchBeatmapConversionTest.cs:line 58
   at InvokeStub_CatchBeatmapConversionTest.Test(Object, Span`1)

141)    at osu.Game.Tests.Beatmaps.BeatmapConversionTest`2.<>c__DisplayClass4_1.<Test>b__2() in /app/osu.Game/Tests/Beatmaps/BeatmapConversionTest.cs:line 98
   at NUnit.Framework.Assert.Multiple(TestDelegate testDelegate)
   at osu.Game.Tests.Beatmaps.BeatmapConversionTest`2.<>c__DisplayClass4_0.<Test>b__1() in /app/osu.Game/Tests/Beatmaps/BeatmapConversionTest.cs:line 77
   at NUnit.Framework.Assert.Multiple(TestDelegate testDelegate)
   at osu.Game.Tests.Beatmaps.BeatmapConversionTest`2.Test(String name, Type[] mods) in /app/osu.Game/Tests/Beatmaps/BeatmapConversionTest.cs:line 50
   at osu.Game.Rulesets.Catch.Tests.CatchBeatmapConversionTest.Test(String name, Type[] mods) in /app/osu.Game.Rulesets.Catch.Tests/CatchBeatmapConversionTest.cs:line 58
   at InvokeStub_CatchBeatmapConversionTest.Test(Object, Span`1)

142)    at osu.Game.Tests.Beatmaps.BeatmapConversionTest`2.<>c__DisplayClass4_1.<Test>b__2() in /app/osu.Game/Tests/Beatmaps/BeatmapConversionTest.cs:line 98
   at NUnit.Framework.Assert.Multiple(TestDelegate testDelegate)
   at osu.Game.Tests.Beatmaps.BeatmapConversionTest`2.<>c__DisplayClass4_0.<Test>b__1() in /app/osu.Game/Tests/Beatmaps/BeatmapConversionTest.cs:line 77
   at NUnit.Framework.Assert.Multiple(TestDelegate testDelegate)
   at osu.Game.Tests.Beatmaps.BeatmapConversionTest`2.Test(String name, Type[] mods) in /app/osu.Game/Tests/Beatmaps/BeatmapConversionTest.cs:line 50
   at osu.Game.Rulesets.Catch.Tests.CatchBeatmapConversionTest.Test(String name, Type[] mods) in /app/osu.Game.Rulesets.Catch.Tests/CatchBeatmapConversionTest.cs:line 58
   at InvokeStub_CatchBeatmapConversionTest.Test(Object, Span`1)

143)    at osu.Game.Tests.Beatmaps.BeatmapConversionTest`2.<>c__DisplayClass4_1.<Test>b__2() in /app/osu.Game/Tests/Beatmaps/BeatmapConversionTest.cs:line 98
   at NUnit.Framework.Assert.Multiple(TestDelegate testDelegate)
   at osu.Game.Tests.Beatmaps.BeatmapConversionTest`2.<>c__DisplayClass4_0.<Test>b__1() in /app/osu.Game/Tests/Beatmaps/BeatmapConversionTest.cs:line 77
   at NUnit.Framework.Assert.Multiple(TestDelegate testDelegate)
   at osu.Game.Tests.Beatmaps.BeatmapConversionTest`2.Test(String name, Type[] mods) in /app/osu.Game/Tests/Beatmaps/BeatmapConversionTest.cs:line 50
   at osu.Game.Rulesets.Catch.Tests.CatchBeatmapConversionTest.Test(String name, Type[] mods) in /app/osu.Game.Rulesets.Catch.Tests/CatchBeatmapConversionTest.cs:line 58
   at InvokeStub_CatchBeatmapConversionTest.Test(Object, Span`1)

144)    at osu.Game.Tests.Beatmaps.BeatmapConversionTest`2.<>c__DisplayClass4_1.<Test>b__2() in /app/osu.Game/Tests/Beatmaps/BeatmapConversionTest.cs:line 98
   at NUnit.Framework.Assert.Multiple(TestDelegate testDelegate)
   at osu.Game.Tests.Beatmaps.BeatmapConversionTest`2.<>c__DisplayClass4_0.<Test>b__1() in /app/osu.Game/Tests/Beatmaps/BeatmapConversionTest.cs:line 77
   at NUnit.Framework.Assert.Multiple(TestDelegate testDelegate)
   at osu.Game.Tests.Beatmaps.BeatmapConversionTest`2.Test(String name, Type[] mods) in /app/osu.Game/Tests/Beatmaps/BeatmapConversionTest.cs:line 50
   at osu.Game.Rulesets.Catch.Tests.CatchBeatmapConversionTest.Test(String name, Type[] mods) in /app/osu.Game.Rulesets.Catch.Tests/CatchBeatmapConversionTest.cs:line 58
   at InvokeStub_CatchBeatmapConversionTest.Test(Object, Span`1)

145)    at osu.Game.Tests.Beatmaps.BeatmapConversionTest`2.<>c__DisplayClass4_1.<Test>b__2() in /app/osu.Game/Tests/Beatmaps/BeatmapConversionTest.cs:line 98
   at NUnit.Framework.Assert.Multiple(TestDelegate testDelegate)
   at osu.Game.Tests.Beatmaps.BeatmapConversionTest`2.<>c__DisplayClass4_0.<Test>b__1() in /app/osu.Game/Tests/Beatmaps/BeatmapConversionTest.cs:line 77
   at NUnit.Framework.Assert.Multiple(TestDelegate testDelegate)
   at osu.Game.Tests.Beatmaps.BeatmapConversionTest`2.Test(String name, Type[] mods) in /app/osu.Game/Tests/Beatmaps/BeatmapConversionTest.cs:line 50
   at osu.Game.Rulesets.Catch.Tests.CatchBeatmapConversionTest.Test(String name, Type[] mods) in /app/osu.Game.Rulesets.Catch.Tests/CatchBeatmapConversionTest.cs:line 58
   at InvokeStub_CatchBeatmapConversionTest.Test(Object, Span`1)

146)    at osu.Game.Tests.Beatmaps.BeatmapConversionTest`2.<>c__DisplayClass4_1.<Test>b__2() in /app/osu.Game/Tests/Beatmaps/BeatmapConversionTest.cs:line 98
   at NUnit.Framework.Assert.Multiple(TestDelegate testDelegate)
   at osu.Game.Tests.Beatmaps.BeatmapConversionTest`2.<>c__DisplayClass4_0.<Test>b__1() in /app/osu.Game/Tests/Beatmaps/BeatmapConversionTest.cs:line 77
   at NUnit.Framework.Assert.Multiple(TestDelegate testDelegate)
   at osu.Game.Tests.Beatmaps.BeatmapConversionTest`2.Test(String name, Type[] mods) in /app/osu.Game/Tests/Beatmaps/BeatmapConversionTest.cs:line 50
   at osu.Game.Rulesets.Catch.Tests.CatchBeatmapConversionTest.Test(String name, Type[] mods) in /app/osu.Game.Rulesets.Catch.Tests/CatchBeatmapConversionTest.cs:line 58
   at InvokeStub_CatchBeatmapConversionTest.Test(Object, Span`1)

147)    at osu.Game.Tests.Beatmaps.BeatmapConversionTest`2.<>c__DisplayClass4_1.<Test>b__2() in /app/osu.Game/Tests/Beatmaps/BeatmapConversionTest.cs:line 98
   at NUnit.Framework.Assert.Multiple(TestDelegate testDelegate)
   at osu.Game.Tests.Beatmaps.BeatmapConversionTest`2.<>c__DisplayClass4_0.<Test>b__1() in /app/osu.Game/Tests/Beatmaps/BeatmapConversionTest.cs:line 77
   at NUnit.Framework.Assert.Multiple(TestDelegate testDelegate)
   at osu.Game.Tests.Beatmaps.BeatmapConversionTest`2.Test(String name, Type[] mods) in /app/osu.Game/Tests/Beatmaps/BeatmapConversionTest.cs:line 50
   at osu.Game.Rulesets.Catch.Tests.CatchBeatmapConversionTest.Test(String name, Type[] mods) in /app/osu.Game.Rulesets.Catch.Tests/CatchBeatmapConversionTest.cs:line 58
   at InvokeStub_CatchBeatmapConversionTest.Test(Object, Span`1)

148)    at osu.Game.Tests.Beatmaps.BeatmapConversionTest`2.<>c__DisplayClass4_1.<Test>b__2() in /app/osu.Game/Tests/Beatmaps/BeatmapConversionTest.cs:line 98
   at NUnit.Framework.Assert.Multiple(TestDelegate testDelegate)
   at osu.Game.Tests.Beatmaps.BeatmapConversionTest`2.<>c__DisplayClass4_0.<Test>b__1() in /app/osu.Game/Tests/Beatmaps/BeatmapConversionTest.cs:line 77
   at NUnit.Framework.Assert.Multiple(TestDelegate testDelegate)
   at osu.Game.Tests.Beatmaps.BeatmapConversionTest`2.Test(String name, Type[] mods) in /app/osu.Game/Tests/Beatmaps/BeatmapConversionTest.cs:line 50
   at osu.Game.Rulesets.Catch.Tests.CatchBeatmapConversionTest.Test(String name, Type[] mods) in /app/osu.Game.Rulesets.Catch.Tests/CatchBeatmapConversionTest.cs:line 58
   at InvokeStub_CatchBeatmapConversionTest.Test(Object, Span`1)

149)    at osu.Game.Tests.Beatmaps.BeatmapConversionTest`2.<>c__DisplayClass4_1.<Test>b__2() in /app/osu.Game/Tests/Beatmaps/BeatmapConversionTest.cs:line 98
   at NUnit.Framework.Assert.Multiple(TestDelegate testDelegate)
   at osu.Game.Tests.Beatmaps.BeatmapConversionTest`2.<>c__DisplayClass4_0.<Test>b__1() in /app/osu.Game/Tests/Beatmaps/BeatmapConversionTest.cs:line 77
   at NUnit.Framework.Assert.Multiple(TestDelegate testDelegate)
   at osu.Game.Tests.Beatmaps.BeatmapConversionTest`2.Test(String name, Type[] mods) in /app/osu.Game/Tests/Beatmaps/BeatmapConversionTest.cs:line 50
   at osu.Game.Rulesets.Catch.Tests.CatchBeatmapConversionTest.Test(String name, Type[] mods) in /app/osu.Game.Rulesets.Catch.Tests/CatchBeatmapConversionTest.cs:line 58
   at InvokeStub_CatchBeatmapConversionTest.Test(Object, Span`1)

150)    at osu.Game.Tests.Beatmaps.BeatmapConversionTest`2.<>c__DisplayClass4_1.<Test>b__2() in /app/osu.Game/Tests/Beatmaps/BeatmapConversionTest.cs:line 98
   at NUnit.Framework.Assert.Multiple(TestDelegate testDelegate)
   at osu.Game.Tests.Beatmaps.BeatmapConversionTest`2.<>c__DisplayClass4_0.<Test>b__1() in /app/osu.Game/Tests/Beatmaps/BeatmapConversionTest.cs:line 77
   at NUnit.Framework.Assert.Multiple(TestDelegate testDelegate)
   at osu.Game.Tests.Beatmaps.BeatmapConversionTest`2.Test(String name, Type[] mods) in /app/osu.Game/Tests/Beatmaps/BeatmapConversionTest.cs:line 50
   at osu.Game.Rulesets.Catch.Tests.CatchBeatmapConversionTest.Test(String name, Type[] mods) in /app/osu.Game.Rulesets.Catch.Tests/CatchBeatmapConversionTest.cs:line 58
   at InvokeStub_CatchBeatmapConversionTest.Test(Object, Span`1)

151)    at osu.Game.Tests.Beatmaps.BeatmapConversionTest`2.<>c__DisplayClass4_1.<Test>b__2() in /app/osu.Game/Tests/Beatmaps/BeatmapConversionTest.cs:line 98
   at NUnit.Framework.Assert.Multiple(TestDelegate testDelegate)
   at osu.Game.Tests.Beatmaps.BeatmapConversionTest`2.<>c__DisplayClass4_0.<Test>b__1() in /app/osu.Game/Tests/Beatmaps/BeatmapConversionTest.cs:line 77
   at NUnit.Framework.Assert.Multiple(TestDelegate testDelegate)
   at osu.Game.Tests.Beatmaps.BeatmapConversionTest`2.Test(String name, Type[] mods) in /app/osu.Game/Tests/Beatmaps/BeatmapConversionTest.cs:line 50
   at osu.Game.Rulesets.Catch.Tests.CatchBeatmapConversionTest.Test(String name, Type[] mods) in /app/osu.Game.Rulesets.Catch.Tests/CatchBeatmapConversionTest.cs:line 58
   at InvokeStub_CatchBeatmapConversionTest.Test(Object, Span`1)

152)    at osu.Game.Tests.Beatmaps.BeatmapConversionTest`2.<>c__DisplayClass4_1.<Test>b__2() in /app/osu.Game/Tests/Beatmaps/BeatmapConversionTest.cs:line 98
   at NUnit.Framework.Assert.Multiple(TestDelegate testDelegate)
   at osu.Game.Tests.Beatmaps.BeatmapConversionTest`2.<>c__DisplayClass4_0.<Test>b__1() in /app/osu.Game/Tests/Beatmaps/BeatmapConversionTest.cs:line 77
   at NUnit.Framework.Assert.Multiple(TestDelegate testDelegate)
   at osu.Game.Tests.Beatmaps.BeatmapConversionTest`2.Test(String name, Type[] mods) in /app/osu.Game/Tests/Beatmaps/BeatmapConversionTest.cs:line 50
   at osu.Game.Rulesets.Catch.Tests.CatchBeatmapConversionTest.Test(String name, Type[] mods) in /app/osu.Game.Rulesets.Catch.Tests/CatchBeatmapConversionTest.cs:line 58
   at InvokeStub_CatchBeatmapConversionTest.Test(Object, Span`1)

153)    at osu.Game.Tests.Beatmaps.BeatmapConversionTest`2.<>c__DisplayClass4_1.<Test>b__2() in /app/osu.Game/Tests/Beatmaps/BeatmapConversionTest.cs:line 98
   at NUnit.Framework.Assert.Multiple(TestDelegate testDelegate)
   at osu.Game.Tests.Beatmaps.BeatmapConversionTest`2.<>c__DisplayClass4_0.<Test>b__1() in /app/osu.Game/Tests/Beatmaps/BeatmapConversionTest.cs:line 77
   at NUnit.Framework.Assert.Multiple(TestDelegate testDelegate)
   at osu.Game.Tests.Beatmaps.BeatmapConversionTest`2.Test(String name, Type[] mods) in /app/osu.Game/Tests/Beatmaps/BeatmapConversionTest.cs:line 50
   at osu.Game.Rulesets.Catch.Tests.CatchBeatmapConversionTest.Test(String name, Type[] mods) in /app/osu.Game.Rulesets.Catch.Tests/CatchBeatmapConversionTest.cs:line 58
   at InvokeStub_CatchBeatmapConversionTest.Test(Object, Span`1)

154)    at osu.Game.Tests.Beatmaps.BeatmapConversionTest`2.<>c__DisplayClass4_1.<Test>b__2() in /app/osu.Game/Tests/Beatmaps/BeatmapConversionTest.cs:line 98
   at NUnit.Framework.Assert.Multiple(TestDelegate testDelegate)
   at osu.Game.Tests.Beatmaps.BeatmapConversionTest`2.<>c__DisplayClass4_0.<Test>b__1() in /app/osu.Game/Tests/Beatmaps/BeatmapConversionTest.cs:line 77
   at NUnit.Framework.Assert.Multiple(TestDelegate testDelegate)
   at osu.Game.Tests.Beatmaps.BeatmapConversionTest`2.Test(String name, Type[] mods) in /app/osu.Game/Tests/Beatmaps/BeatmapConversionTest.cs:line 50
   at osu.Game.Rulesets.Catch.Tests.CatchBeatmapConversionTest.Test(String name, Type[] mods) in /app/osu.Game.Rulesets.Catch.Tests/CatchBeatmapConversionTest.cs:line 58
   at InvokeStub_CatchBeatmapConversionTest.Test(Object, Span`1)

155)    at osu.Game.Tests.Beatmaps.BeatmapConversionTest`2.<>c__DisplayClass4_1.<Test>b__2() in /app/osu.Game/Tests/Beatmaps/BeatmapConversionTest.cs:line 98
   at NUnit.Framework.Assert.Multiple(TestDelegate testDelegate)
   at osu.Game.Tests.Beatmaps.BeatmapConversionTest`2.<>c__DisplayClass4_0.<Test>b__1() in /app/osu.Game/Tests/Beatmaps/BeatmapConversionTest.cs:line 77
   at NUnit.Framework.Assert.Multiple(TestDelegate testDelegate)
   at osu.Game.Tests.Beatmaps.BeatmapConversionTest`2.Test(String name, Type[] mods) in /app/osu.Game/Tests/Beatmaps/BeatmapConversionTest.cs:line 50
   at osu.Game.Rulesets.Catch.Tests.CatchBeatmapConversionTest.Test(String name, Type[] mods) in /app/osu.Game.Rulesets.Catch.Tests/CatchBeatmapConversionTest.cs:line 58
   at InvokeStub_CatchBeatmapConversionTest.Test(Object, Span`1)

156)    at osu.Game.Tests.Beatmaps.BeatmapConversionTest`2.<>c__DisplayClass4_1.<Test>b__2() in /app/osu.Game/Tests/Beatmaps/BeatmapConversionTest.cs:line 98
   at NUnit.Framework.Assert.Multiple(TestDelegate testDelegate)
   at osu.Game.Tests.Beatmaps.BeatmapConversionTest`2.<>c__DisplayClass4_0.<Test>b__1() in /app/osu.Game/Tests/Beatmaps/BeatmapConversionTest.cs:line 77
   at NUnit.Framework.Assert.Multiple(TestDelegate testDelegate)
   at osu.Game.Tests.Beatmaps.BeatmapConversionTest`2.Test(String name, Type[] mods) in /app/osu.Game/Tests/Beatmaps/BeatmapConversionTest.cs:line 50
   at osu.Game.Rulesets.Catch.Tests.CatchBeatmapConversionTest.Test(String name, Type[] mods) in /app/osu.Game.Rulesets.Catch.Tests/CatchBeatmapConversionTest.cs:line 58
   at InvokeStub_CatchBeatmapConversionTest.Test(Object, Span`1)

157)    at osu.Game.Tests.Beatmaps.BeatmapConversionTest`2.<>c__DisplayClass4_1.<Test>b__2() in /app/osu.Game/Tests/Beatmaps/BeatmapConversionTest.cs:line 98
   at NUnit.Framework.Assert.Multiple(TestDelegate testDelegate)
   at osu.Game.Tests.Beatmaps.BeatmapConversionTest`2.<>c__DisplayClass4_0.<Test>b__1() in /app/osu.Game/Tests/Beatmaps/BeatmapConversionTest.cs:line 77
   at NUnit.Framework.Assert.Multiple(TestDelegate testDelegate)
   at osu.Game.Tests.Beatmaps.BeatmapConversionTest`2.Test(String name, Type[] mods) in /app/osu.Game/Tests/Beatmaps/BeatmapConversionTest.cs:line 50
   at osu.Game.Rulesets.Catch.Tests.CatchBeatmapConversionTest.Test(String name, Type[] mods) in /app/osu.Game.Rulesets.Catch.Tests/CatchBeatmapConversionTest.cs:line 58
   at InvokeStub_CatchBeatmapConversionTest.Test(Object, Span`1)

158)    at osu.Game.Tests.Beatmaps.BeatmapConversionTest`2.<>c__DisplayClass4_1.<Test>b__2() in /app/osu.Game/Tests/Beatmaps/BeatmapConversionTest.cs:line 98
   at NUnit.Framework.Assert.Multiple(TestDelegate testDelegate)
   at osu.Game.Tests.Beatmaps.BeatmapConversionTest`2.<>c__DisplayClass4_0.<Test>b__1() in /app/osu.Game/Tests/Beatmaps/BeatmapConversionTest.cs:line 77
   at NUnit.Framework.Assert.Multiple(TestDelegate testDelegate)
   at osu.Game.Tests.Beatmaps.BeatmapConversionTest`2.Test(String name, Type[] mods) in /app/osu.Game/Tests/Beatmaps/BeatmapConversionTest.cs:line 50
   at osu.Game.Rulesets.Catch.Tests.CatchBeatmapConversionTest.Test(String name, Type[] mods) in /app/osu.Game.Rulesets.Catch.Tests/CatchBeatmapConversionTest.cs:line 58
   at InvokeStub_CatchBeatmapConversionTest.Test(Object, Span`1)

159)    at osu.Game.Tests.Beatmaps.BeatmapConversionTest`2.<>c__DisplayClass4_1.<Test>b__2() in /app/osu.Game/Tests/Beatmaps/BeatmapConversionTest.cs:line 98
   at NUnit.Framework.Assert.Multiple(TestDelegate testDelegate)
   at osu.Game.Tests.Beatmaps.BeatmapConversionTest`2.<>c__DisplayClass4_0.<Test>b__1() in /app/osu.Game/Tests/Beatmaps/BeatmapConversionTest.cs:line 77
   at NUnit.Framework.Assert.Multiple(TestDelegate testDelegate)
   at osu.Game.Tests.Beatmaps.BeatmapConversionTest`2.Test(String name, Type[] mods) in /app/osu.Game/Tests/Beatmaps/BeatmapConversionTest.cs:line 50
   at osu.Game.Rulesets.Catch.Tests.CatchBeatmapConversionTest.Test(String name, Type[] mods) in /app/osu.Game.Rulesets.Catch.Tests/CatchBeatmapConversionTest.cs:line 58
   at InvokeStub_CatchBeatmapConversionTest.Test(Object, Span`1)

160)    at osu.Game.Tests.Beatmaps.BeatmapConversionTest`2.<>c__DisplayClass4_1.<Test>b__2() in /app/osu.Game/Tests/Beatmaps/BeatmapConversionTest.cs:line 98
   at NUnit.Framework.Assert.Multiple(TestDelegate testDelegate)
   at osu.Game.Tests.Beatmaps.BeatmapConversionTest`2.<>c__DisplayClass4_0.<Test>b__1() in /app/osu.Game/Tests/Beatmaps/BeatmapConversionTest.cs:line 77
   at NUnit.Framework.Assert.Multiple(TestDelegate testDelegate)
   at osu.Game.Tests.Beatmaps.BeatmapConversionTest`2.Test(String name, Type[] mods) in /app/osu.Game/Tests/Beatmaps/BeatmapConversionTest.cs:line 50
   at osu.Game.Rulesets.Catch.Tests.CatchBeatmapConversionTest.Test(String name, Type[] mods) in /app/osu.Game.Rulesets.Catch.Tests/CatchBeatmapConversionTest.cs:line 58
   at InvokeStub_CatchBeatmapConversionTest.Test(Object, Span`1)

161)    at osu.Game.Tests.Beatmaps.BeatmapConversionTest`2.<>c__DisplayClass4_1.<Test>b__2() in /app/osu.Game/Tests/Beatmaps/BeatmapConversionTest.cs:line 98
   at NUnit.Framework.Assert.Multiple(TestDelegate testDelegate)
   at osu.Game.Tests.Beatmaps.BeatmapConversionTest`2.<>c__DisplayClass4_0.<Test>b__1() in /app/osu.Game/Tests/Beatmaps/BeatmapConversionTest.cs:line 77
   at NUnit.Framework.Assert.Multiple(TestDelegate testDelegate)
   at osu.Game.Tests.Beatmaps.BeatmapConversionTest`2.Test(String name, Type[] mods) in /app/osu.Game/Tests/Beatmaps/BeatmapConversionTest.cs:line 50
   at osu.Game.Rulesets.Catch.Tests.CatchBeatmapConversionTest.Test(String name, Type[] mods) in /app/osu.Game.Rulesets.Catch.Tests/CatchBeatmapConversionTest.cs:line 58
   at InvokeStub_CatchBeatmapConversionTest.Test(Object, Span`1)

162)    at osu.Game.Tests.Beatmaps.BeatmapConversionTest`2.<>c__DisplayClass4_1.<Test>b__2() in /app/osu.Game/Tests/Beatmaps/BeatmapConversionTest.cs:line 98
   at NUnit.Framework.Assert.Multiple(TestDelegate testDelegate)
   at osu.Game.Tests.Beatmaps.BeatmapConversionTest`2.<>c__DisplayClass4_0.<Test>b__1() in /app/osu.Game/Tests/Beatmaps/BeatmapConversionTest.cs:line 77
   at NUnit.Framework.Assert.Multiple(TestDelegate testDelegate)
   at osu.Game.Tests.Beatmaps.BeatmapConversionTest`2.Test(String name, Type[] mods) in /app/osu.Game/Tests/Beatmaps/BeatmapConversionTest.cs:line 50
   at osu.Game.Rulesets.Catch.Tests.CatchBeatmapConversionTest.Test(String name, Type[] mods) in /app/osu.Game.Rulesets.Catch.Tests/CatchBeatmapConversionTest.cs:line 58
   at InvokeStub_CatchBeatmapConversionTest.Test(Object, Span`1)

163)    at osu.Game.Tests.Beatmaps.BeatmapConversionTest`2.<>c__DisplayClass4_1.<Test>b__2() in /app/osu.Game/Tests/Beatmaps/BeatmapConversionTest.cs:line 98
   at NUnit.Framework.Assert.Multiple(TestDelegate testDelegate)
   at osu.Game.Tests.Beatmaps.BeatmapConversionTest`2.<>c__DisplayClass4_0.<Test>b__1() in /app/osu.Game/Tests/Beatmaps/BeatmapConversionTest.cs:line 77
   at NUnit.Framework.Assert.Multiple(TestDelegate testDelegate)
   at osu.Game.Tests.Beatmaps.BeatmapConversionTest`2.Test(String name, Type[] mods) in /app/osu.Game/Tests/Beatmaps/BeatmapConversionTest.cs:line 50
   at osu.Game.Rulesets.Catch.Tests.CatchBeatmapConversionTest.Test(String name, Type[] mods) in /app/osu.Game.Rulesets.Catch.Tests/CatchBeatmapConversionTest.cs:line 58
   at InvokeStub_CatchBeatmapConversionTest.Test(Object, Span`1)

164)    at osu.Game.Tests.Beatmaps.BeatmapConversionTest`2.<>c__DisplayClass4_1.<Test>b__2() in /app/osu.Game/Tests/Beatmaps/BeatmapConversionTest.cs:line 98
   at NUnit.Framework.Assert.Multiple(TestDelegate testDelegate)
   at osu.Game.Tests.Beatmaps.BeatmapConversionTest`2.<>c__DisplayClass4_0.<Test>b__1() in /app/osu.Game/Tests/Beatmaps/BeatmapConversionTest.cs:line 77
   at NUnit.Framework.Assert.Multiple(TestDelegate testDelegate)
   at osu.Game.Tests.Beatmaps.BeatmapConversionTest`2.Test(String name, Type[] mods) in /app/osu.Game/Tests/Beatmaps/BeatmapConversionTest.cs:line 50
   at osu.Game.Rulesets.Catch.Tests.CatchBeatmapConversionTest.Test(String name, Type[] mods) in /app/osu.Game.Rulesets.Catch.Tests/CatchBeatmapConversionTest.cs:line 58
   at InvokeStub_CatchBeatmapConversionTest.Test(Object, Span`1)

165)    at osu.Game.Tests.Beatmaps.BeatmapConversionTest`2.<>c__DisplayClass4_1.<Test>b__2() in /app/osu.Game/Tests/Beatmaps/BeatmapConversionTest.cs:line 98
   at NUnit.Framework.Assert.Multiple(TestDelegate testDelegate)
   at osu.Game.Tests.Beatmaps.BeatmapConversionTest`2.<>c__DisplayClass4_0.<Test>b__1() in /app/osu.Game/Tests/Beatmaps/BeatmapConversionTest.cs:line 77
   at NUnit.Framework.Assert.Multiple(TestDelegate testDelegate)
   at osu.Game.Tests.Beatmaps.BeatmapConversionTest`2.Test(String name, Type[] mods) in /app/osu.Game/Tests/Beatmaps/BeatmapConversionTest.cs:line 50
   at osu.Game.Rulesets.Catch.Tests.CatchBeatmapConversionTest.Test(String name, Type[] mods) in /app/osu.Game.Rulesets.Catch.Tests/CatchBeatmapConversionTest.cs:line 58
   at InvokeStub_CatchBeatmapConversionTest.Test(Object, Span`1)

166)    at osu.Game.Tests.Beatmaps.BeatmapConversionTest`2.<>c__DisplayClass4_1.<Test>b__2() in /app/osu.Game/Tests/Beatmaps/BeatmapConversionTest.cs:line 98
   at NUnit.Framework.Assert.Multiple(TestDelegate testDelegate)
   at osu.Game.Tests.Beatmaps.BeatmapConversionTest`2.<>c__DisplayClass4_0.<Test>b__1() in /app/osu.Game/Tests/Beatmaps/BeatmapConversionTest.cs:line 77
   at NUnit.Framework.Assert.Multiple(TestDelegate testDelegate)
   at osu.Game.Tests.Beatmaps.BeatmapConversionTest`2.Test(String name, Type[] mods) in /app/osu.Game/Tests/Beatmaps/BeatmapConversionTest.cs:line 50
   at osu.Game.Rulesets.Catch.Tests.CatchBeatmapConversionTest.Test(String name, Type[] mods) in /app/osu.Game.Rulesets.Catch.Tests/CatchBeatmapConversionTest.cs:line 58
   at InvokeStub_CatchBeatmapConversionTest.Test(Object, Span`1)

167)    at osu.Game.Tests.Beatmaps.BeatmapConversionTest`2.<>c__DisplayClass4_1.<Test>b__2() in /app/osu.Game/Tests/Beatmaps/BeatmapConversionTest.cs:line 98
   at NUnit.Framework.Assert.Multiple(TestDelegate testDelegate)
   at osu.Game.Tests.Beatmaps.BeatmapConversionTest`2.<>c__DisplayClass4_0.<Test>b__1() in /app/osu.Game/Tests/Beatmaps/BeatmapConversionTest.cs:line 77
   at NUnit.Framework.Assert.Multiple(TestDelegate testDelegate)
   at osu.Game.Tests.Beatmaps.BeatmapConversionTest`2.Test(String name, Type[] mods) in /app/osu.Game/Tests/Beatmaps/BeatmapConversionTest.cs:line 50
   at osu.Game.Rulesets.Catch.Tests.CatchBeatmapConversionTest.Test(String name, Type[] mods) in /app/osu.Game.Rulesets.Catch.Tests/CatchBeatmapConversionTest.cs:line 58
   at InvokeStub_CatchBeatmapConversionTest.Test(Object, Span`1)

168)    at osu.Game.Tests.Beatmaps.BeatmapConversionTest`2.<>c__DisplayClass4_1.<Test>b__2() in /app/osu.Game/Tests/Beatmaps/BeatmapConversionTest.cs:line 98
   at NUnit.Framework.Assert.Multiple(TestDelegate testDelegate)
   at osu.Game.Tests.Beatmaps.BeatmapConversionTest`2.<>c__DisplayClass4_0.<Test>b__1() in /app/osu.Game/Tests/Beatmaps/BeatmapConversionTest.cs:line 77
   at NUnit.Framework.Assert.Multiple(TestDelegate testDelegate)
   at osu.Game.Tests.Beatmaps.BeatmapConversionTest`2.Test(String name, Type[] mods) in /app/osu.Game/Tests/Beatmaps/BeatmapConversionTest.cs:line 50
   at osu.Game.Rulesets.Catch.Tests.CatchBeatmapConversionTest.Test(String name, Type[] mods) in /app/osu.Game.Rulesets.Catch.Tests/CatchBeatmapConversionTest.cs:line 58
   at InvokeStub_CatchBeatmapConversionTest.Test(Object, Span`1)

169)    at osu.Game.Tests.Beatmaps.BeatmapConversionTest`2.<>c__DisplayClass4_1.<Test>b__2() in /app/osu.Game/Tests/Beatmaps/BeatmapConversionTest.cs:line 98
   at NUnit.Framework.Assert.Multiple(TestDelegate testDelegate)
   at osu.Game.Tests.Beatmaps.BeatmapConversionTest`2.<>c__DisplayClass4_0.<Test>b__1() in /app/osu.Game/Tests/Beatmaps/BeatmapConversionTest.cs:line 77
   at NUnit.Framework.Assert.Multiple(TestDelegate testDelegate)
   at osu.Game.Tests.Beatmaps.BeatmapConversionTest`2.Test(String name, Type[] mods) in /app/osu.Game/Tests/Beatmaps/BeatmapConversionTest.cs:line 50
   at osu.Game.Rulesets.Catch.Tests.CatchBeatmapConversionTest.Test(String name, Type[] mods) in /app/osu.Game.Rulesets.Catch.Tests/CatchBeatmapConversionTest.cs:line 58
   at InvokeStub_CatchBeatmapConversionTest.Test(Object, Span`1)

170)    at osu.Game.Tests.Beatmaps.BeatmapConversionTest`2.<>c__DisplayClass4_1.<Test>b__2() in /app/osu.Game/Tests/Beatmaps/BeatmapConversionTest.cs:line 98
   at NUnit.Framework.Assert.Multiple(TestDelegate testDelegate)
   at osu.Game.Tests.Beatmaps.BeatmapConversionTest`2.<>c__DisplayClass4_0.<Test>b__1() in /app/osu.Game/Tests/Beatmaps/BeatmapConversionTest.cs:line 77
   at NUnit.Framework.Assert.Multiple(TestDelegate testDelegate)
   at osu.Game.Tests.Beatmaps.BeatmapConversionTest`2.Test(String name, Type[] mods) in /app/osu.Game/Tests/Beatmaps/BeatmapConversionTest.cs:line 50
   at osu.Game.Rulesets.Catch.Tests.CatchBeatmapConversionTest.Test(String name, Type[] mods) in /app/osu.Game.Rulesets.Catch.Tests/CatchBeatmapConversionTest.cs:line 58
   at InvokeStub_CatchBeatmapConversionTest.Test(Object, Span`1)

171)    at osu.Game.Tests.Beatmaps.BeatmapConversionTest`2.<>c__DisplayClass4_1.<Test>b__2() in /app/osu.Game/Tests/Beatmaps/BeatmapConversionTest.cs:line 98
   at NUnit.Framework.Assert.Multiple(TestDelegate testDelegate)
   at osu.Game.Tests.Beatmaps.BeatmapConversionTest`2.<>c__DisplayClass4_0.<Test>b__1() in /app/osu.Game/Tests/Beatmaps/BeatmapConversionTest.cs:line 77
   at NUnit.Framework.Assert.Multiple(TestDelegate testDelegate)
   at osu.Game.Tests.Beatmaps.BeatmapConversionTest`2.Test(String name, Type[] mods) in /app/osu.Game/Tests/Beatmaps/BeatmapConversionTest.cs:line 50
   at osu.Game.Rulesets.Catch.Tests.CatchBeatmapConversionTest.Test(String name, Type[] mods) in /app/osu.Game.Rulesets.Catch.Tests/CatchBeatmapConversionTest.cs:line 58
   at InvokeStub_CatchBeatmapConversionTest.Test(Object, Span`1)

172)    at osu.Game.Tests.Beatmaps.BeatmapConversionTest`2.<>c__DisplayClass4_1.<Test>b__2() in /app/osu.Game/Tests/Beatmaps/BeatmapConversionTest.cs:line 98
   at NUnit.Framework.Assert.Multiple(TestDelegate testDelegate)
   at osu.Game.Tests.Beatmaps.BeatmapConversionTest`2.<>c__DisplayClass4_0.<Test>b__1() in /app/osu.Game/Tests/Beatmaps/BeatmapConversionTest.cs:line 77
   at NUnit.Framework.Assert.Multiple(TestDelegate testDelegate)
   at osu.Game.Tests.Beatmaps.BeatmapConversionTest`2.Test(String name, Type[] mods) in /app/osu.Game/Tests/Beatmaps/BeatmapConversionTest.cs:line 50
   at osu.Game.Rulesets.Catch.Tests.CatchBeatmapConversionTest.Test(String name, Type[] mods) in /app/osu.Game.Rulesets.Catch.Tests/CatchBeatmapConversionTest.cs:line 58
   at InvokeStub_CatchBeatmapConversionTest.Test(Object, Span`1)

173)    at osu.Game.Tests.Beatmaps.BeatmapConversionTest`2.<>c__DisplayClass4_1.<Test>b__2() in /app/osu.Game/Tests/Beatmaps/BeatmapConversionTest.cs:line 98
   at NUnit.Framework.Assert.Multiple(TestDelegate testDelegate)
   at osu.Game.Tests.Beatmaps.BeatmapConversionTest`2.<>c__DisplayClass4_0.<Test>b__1() in /app/osu.Game/Tests/Beatmaps/BeatmapConversionTest.cs:line 77
   at NUnit.Framework.Assert.Multiple(TestDelegate testDelegate)
   at osu.Game.Tests.Beatmaps.BeatmapConversionTest`2.Test(String name, Type[] mods) in /app/osu.Game/Tests/Beatmaps/BeatmapConversionTest.cs:line 50
   at osu.Game.Rulesets.Catch.Tests.CatchBeatmapConversionTest.Test(String name, Type[] mods) in /app/osu.Game.Rulesets.Catch.Tests/CatchBeatmapConversionTest.cs:line 58
   at InvokeStub_CatchBeatmapConversionTest.Test(Object, Span`1)

174)    at osu.Game.Tests.Beatmaps.BeatmapConversionTest`2.<>c__DisplayClass4_1.<Test>b__2() in /app/osu.Game/Tests/Beatmaps/BeatmapConversionTest.cs:line 98
   at NUnit.Framework.Assert.Multiple(TestDelegate testDelegate)
   at osu.Game.Tests.Beatmaps.BeatmapConversionTest`2.<>c__DisplayClass4_0.<Test>b__1() in /app/osu.Game/Tests/Beatmaps/BeatmapConversionTest.cs:line 77
   at NUnit.Framework.Assert.Multiple(TestDelegate testDelegate)
   at osu.Game.Tests.Beatmaps.BeatmapConversionTest`2.Test(String name, Type[] mods) in /app/osu.Game/Tests/Beatmaps/BeatmapConversionTest.cs:line 50
   at osu.Game.Rulesets.Catch.Tests.CatchBeatmapConversionTest.Test(String name, Type[] mods) in /app/osu.Game.Rulesets.Catch.Tests/CatchBeatmapConversionTest.cs:line 58
   at InvokeStub_CatchBeatmapConversionTest.Test(Object, Span`1)

175)    at osu.Game.Tests.Beatmaps.BeatmapConversionTest`2.<>c__DisplayClass4_1.<Test>b__2() in /app/osu.Game/Tests/Beatmaps/BeatmapConversionTest.cs:line 98
   at NUnit.Framework.Assert.Multiple(TestDelegate testDelegate)
   at osu.Game.Tests.Beatmaps.BeatmapConversionTest`2.<>c__DisplayClass4_0.<Test>b__1() in /app/osu.Game/Tests/Beatmaps/BeatmapConversionTest.cs:line 77
   at NUnit.Framework.Assert.Multiple(TestDelegate testDelegate)
   at osu.Game.Tests.Beatmaps.BeatmapConversionTest`2.Test(String name, Type[] mods) in /app/osu.Game/Tests/Beatmaps/BeatmapConversionTest.cs:line 50
   at osu.Game.Rulesets.Catch.Tests.CatchBeatmapConversionTest.Test(String name, Type[] mods) in /app/osu.Game.Rulesets.Catch.Tests/CatchBeatmapConversionTest.cs:line 58
   at InvokeStub_CatchBeatmapConversionTest.Test(Object, Span`1)

176)    at osu.Game.Tests.Beatmaps.BeatmapConversionTest`2.<>c__DisplayClass4_1.<Test>b__2() in /app/osu.Game/Tests/Beatmaps/BeatmapConversionTest.cs:line 98
   at NUnit.Framework.Assert.Multiple(TestDelegate testDelegate)
   at osu.Game.Tests.Beatmaps.BeatmapConversionTest`2.<>c__DisplayClass4_0.<Test>b__1() in /app/osu.Game/Tests/Beatmaps/BeatmapConversionTest.cs:line 77
   at NUnit.Framework.Assert.Multiple(TestDelegate testDelegate)
   at osu.Game.Tests.Beatmaps.BeatmapConversionTest`2.Test(String name, Type[] mods) in /app/osu.Game/Tests/Beatmaps/BeatmapConversionTest.cs:line 50
   at osu.Game.Rulesets.Catch.Tests.CatchBeatmapConversionTest.Test(String name, Type[] mods) in /app/osu.Game.Rulesets.Catch.Tests/CatchBeatmapConversionTest.cs:line 58
   at InvokeStub_CatchBeatmapConversionTest.Test(Object, Span`1)

177)    at osu.Game.Tests.Beatmaps.BeatmapConversionTest`2.<>c__DisplayClass4_1.<Test>b__2() in /app/osu.Game/Tests/Beatmaps/BeatmapConversionTest.cs:line 98
   at NUnit.Framework.Assert.Multiple(TestDelegate testDelegate)
   at osu.Game.Tests.Beatmaps.BeatmapConversionTest`2.<>c__DisplayClass4_0.<Test>b__1() in /app/osu.Game/Tests/Beatmaps/BeatmapConversionTest.cs:line 77
   at NUnit.Framework.Assert.Multiple(TestDelegate testDelegate)
   at osu.Game.Tests.Beatmaps.BeatmapConversionTest`2.Test(String name, Type[] mods) in /app/osu.Game/Tests/Beatmaps/BeatmapConversionTest.cs:line 50
   at osu.Game.Rulesets.Catch.Tests.CatchBeatmapConversionTest.Test(String name, Type[] mods) in /app/osu.Game.Rulesets.Catch.Tests/CatchBeatmapConversionTest.cs:line 58
   at InvokeStub_CatchBeatmapConversionTest.Test(Object, Span`1)

178)    at osu.Game.Tests.Beatmaps.BeatmapConversionTest`2.<>c__DisplayClass4_1.<Test>b__2() in /app/osu.Game/Tests/Beatmaps/BeatmapConversionTest.cs:line 98
   at NUnit.Framework.Assert.Multiple(TestDelegate testDelegate)
   at osu.Game.Tests.Beatmaps.BeatmapConversionTest`2.<>c__DisplayClass4_0.<Test>b__1() in /app/osu.Game/Tests/Beatmaps/BeatmapConversionTest.cs:line 77
   at NUnit.Framework.Assert.Multiple(TestDelegate testDelegate)
   at osu.Game.Tests.Beatmaps.BeatmapConversionTest`2.Test(String name, Type[] mods) in /app/osu.Game/Tests/Beatmaps/BeatmapConversionTest.cs:line 50
   at osu.Game.Rulesets.Catch.Tests.CatchBeatmapConversionTest.Test(String name, Type[] mods) in /app/osu.Game.Rulesets.Catch.Tests/CatchBeatmapConversionTest.cs:line 58
   at InvokeStub_CatchBeatmapConversionTest.Test(Object, Span`1)

179)    at osu.Game.Tests.Beatmaps.BeatmapConversionTest`2.<>c__DisplayClass4_1.<Test>b__2() in /app/osu.Game/Tests/Beatmaps/BeatmapConversionTest.cs:line 98
   at NUnit.Framework.Assert.Multiple(TestDelegate testDelegate)
   at osu.Game.Tests.Beatmaps.BeatmapConversionTest`2.<>c__DisplayClass4_0.<Test>b__1() in /app/osu.Game/Tests/Beatmaps/BeatmapConversionTest.cs:line 77
   at NUnit.Framework.Assert.Multiple(TestDelegate testDelegate)
   at osu.Game.Tests.Beatmaps.BeatmapConversionTest`2.Test(String name, Type[] mods) in /app/osu.Game/Tests/Beatmaps/BeatmapConversionTest.cs:line 50
   at osu.Game.Rulesets.Catch.Tests.CatchBeatmapConversionTest.Test(String name, Type[] mods) in /app/osu.Game.Rulesets.Catch.Tests/CatchBeatmapConversionTest.cs:line 58
   at InvokeStub_CatchBeatmapConversionTest.Test(Object, Span`1)

180)    at osu.Game.Tests.Beatmaps.BeatmapConversionTest`2.<>c__DisplayClass4_1.<Test>b__2() in /app/osu.Game/Tests/Beatmaps/BeatmapConversionTest.cs:line 98
   at NUnit.Framework.Assert.Multiple(TestDelegate testDelegate)
   at osu.Game.Tests.Beatmaps.BeatmapConversionTest`2.<>c__DisplayClass4_0.<Test>b__1() in /app/osu.Game/Tests/Beatmaps/BeatmapConversionTest.cs:line 77
   at NUnit.Framework.Assert.Multiple(TestDelegate testDelegate)
   at osu.Game.Tests.Beatmaps.BeatmapConversionTest`2.Test(String name, Type[] mods) in /app/osu.Game/Tests/Beatmaps/BeatmapConversionTest.cs:line 50
   at osu.Game.Rulesets.Catch.Tests.CatchBeatmapConversionTest.Test(String name, Type[] mods) in /app/osu.Game.Rulesets.Catch.Tests/CatchBeatmapConversionTest.cs:line 58
   at InvokeStub_CatchBeatmapConversionTest.Test(Object, Span`1)

181)    at osu.Game.Tests.Beatmaps.BeatmapConversionTest`2.<>c__DisplayClass4_1.<Test>b__2() in /app/osu.Game/Tests/Beatmaps/BeatmapConversionTest.cs:line 98
   at NUnit.Framework.Assert.Multiple(TestDelegate testDelegate)
   at osu.Game.Tests.Beatmaps.BeatmapConversionTest`2.<>c__DisplayClass4_0.<Test>b__1() in /app/osu.Game/Tests/Beatmaps/BeatmapConversionTest.cs:line 77
   at NUnit.Framework.Assert.Multiple(TestDelegate testDelegate)
   at osu.Game.Tests.Beatmaps.BeatmapConversionTest`2.Test(String name, Type[] mods) in /app/osu.Game/Tests/Beatmaps/BeatmapConversionTest.cs:line 50
   at osu.Game.Rulesets.Catch.Tests.CatchBeatmapConversionTest.Test(String name, Type[] mods) in /app/osu.Game.Rulesets.Catch.Tests/CatchBeatmapConversionTest.cs:line 58
   at InvokeStub_CatchBeatmapConversionTest.Test(Object, Span`1)

182)    at osu.Game.Tests.Beatmaps.BeatmapConversionTest`2.<>c__DisplayClass4_1.<Test>b__2() in /app/osu.Game/Tests/Beatmaps/BeatmapConversionTest.cs:line 98
   at NUnit.Framework.Assert.Multiple(TestDelegate testDelegate)
   at osu.Game.Tests.Beatmaps.BeatmapConversionTest`2.<>c__DisplayClass4_0.<Test>b__1() in /app/osu.Game/Tests/Beatmaps/BeatmapConversionTest.cs:line 77
   at NUnit.Framework.Assert.Multiple(TestDelegate testDelegate)
   at osu.Game.Tests.Beatmaps.BeatmapConversionTest`2.Test(String name, Type[] mods) in /app/osu.Game/Tests/Beatmaps/BeatmapConversionTest.cs:line 50
   at osu.Game.Rulesets.Catch.Tests.CatchBeatmapConversionTest.Test(String name, Type[] mods) in /app/osu.Game.Rulesets.Catch.Tests/CatchBeatmapConversionTest.cs:line 58
   at InvokeStub_CatchBeatmapConversionTest.Test(Object, Span`1)

183)    at osu.Game.Tests.Beatmaps.BeatmapConversionTest`2.<>c__DisplayClass4_1.<Test>b__2() in /app/osu.Game/Tests/Beatmaps/BeatmapConversionTest.cs:line 98
   at NUnit.Framework.Assert.Multiple(TestDelegate testDelegate)
   at osu.Game.Tests.Beatmaps.BeatmapConversionTest`2.<>c__DisplayClass4_0.<Test>b__1() in /app/osu.Game/Tests/Beatmaps/BeatmapConversionTest.cs:line 77
   at NUnit.Framework.Assert.Multiple(TestDelegate testDelegate)
   at osu.Game.Tests.Beatmaps.BeatmapConversionTest`2.Test(String name, Type[] mods) in /app/osu.Game/Tests/Beatmaps/BeatmapConversionTest.cs:line 50
   at osu.Game.Rulesets.Catch.Tests.CatchBeatmapConversionTest.Test(String name, Type[] mods) in /app/osu.Game.Rulesets.Catch.Tests/CatchBeatmapConversionTest.cs:line 58
   at InvokeStub_CatchBeatmapConversionTest.Test(Object, Span`1)

184)    at osu.Game.Tests.Beatmaps.BeatmapConversionTest`2.<>c__DisplayClass4_1.<Test>b__2() in /app/osu.Game/Tests/Beatmaps/BeatmapConversionTest.cs:line 98
   at NUnit.Framework.Assert.Multiple(TestDelegate testDelegate)
   at osu.Game.Tests.Beatmaps.BeatmapConversionTest`2.<>c__DisplayClass4_0.<Test>b__1() in /app/osu.Game/Tests/Beatmaps/BeatmapConversionTest.cs:line 77
   at NUnit.Framework.Assert.Multiple(TestDelegate testDelegate)
   at osu.Game.Tests.Beatmaps.BeatmapConversionTest`2.Test(String name, Type[] mods) in /app/osu.Game/Tests/Beatmaps/BeatmapConversionTest.cs:line 50
   at osu.Game.Rulesets.Catch.Tests.CatchBeatmapConversionTest.Test(String name, Type[] mods) in /app/osu.Game.Rulesets.Catch.Tests/CatchBeatmapConversionTest.cs:line 58
   at InvokeStub_CatchBeatmapConversionTest.Test(Object, Span`1)

185)    at osu.Game.Tests.Beatmaps.BeatmapConversionTest`2.<>c__DisplayClass4_1.<Test>b__2() in /app/osu.Game/Tests/Beatmaps/BeatmapConversionTest.cs:line 98
   at NUnit.Framework.Assert.Multiple(TestDelegate testDelegate)
   at osu.Game.Tests.Beatmaps.BeatmapConversionTest`2.<>c__DisplayClass4_0.<Test>b__1() in /app/osu.Game/Tests/Beatmaps/BeatmapConversionTest.cs:line 77
   at NUnit.Framework.Assert.Multiple(TestDelegate testDelegate)
   at osu.Game.Tests.Beatmaps.BeatmapConversionTest`2.Test(String name, Type[] mods) in /app/osu.Game/Tests/Beatmaps/BeatmapConversionTest.cs:line 50
   at osu.Game.Rulesets.Catch.Tests.CatchBeatmapConversionTest.Test(String name, Type[] mods) in /app/osu.Game.Rulesets.Catch.Tests/CatchBeatmapConversionTest.cs:line 58
   at InvokeStub_CatchBeatmapConversionTest.Test(Object, Span`1)

186)    at osu.Game.Tests.Beatmaps.BeatmapConversionTest`2.<>c__DisplayClass4_1.<Test>b__2() in /app/osu.Game/Tests/Beatmaps/BeatmapConversionTest.cs:line 98
   at NUnit.Framework.Assert.Multiple(TestDelegate testDelegate)
   at osu.Game.Tests.Beatmaps.BeatmapConversionTest`2.<>c__DisplayClass4_0.<Test>b__1() in /app/osu.Game/Tests/Beatmaps/BeatmapConversionTest.cs:line 77
   at NUnit.Framework.Assert.Multiple(TestDelegate testDelegate)
   at osu.Game.Tests.Beatmaps.BeatmapConversionTest`2.Test(String name, Type[] mods) in /app/osu.Game/Tests/Beatmaps/BeatmapConversionTest.cs:line 50
   at osu.Game.Rulesets.Catch.Tests.CatchBeatmapConversionTest.Test(String name, Type[] mods) in /app/osu.Game.Rulesets.Catch.Tests/CatchBeatmapConversionTest.cs:line 58
   at InvokeStub_CatchBeatmapConversionTest.Test(Object, Span`1)

187)    at osu.Game.Tests.Beatmaps.BeatmapConversionTest`2.<>c__DisplayClass4_1.<Test>b__2() in /app/osu.Game/Tests/Beatmaps/BeatmapConversionTest.cs:line 98
   at NUnit.Framework.Assert.Multiple(TestDelegate testDelegate)
   at osu.Game.Tests.Beatmaps.BeatmapConversionTest`2.<>c__DisplayClass4_0.<Test>b__1() in /app/osu.Game/Tests/Beatmaps/BeatmapConversionTest.cs:line 77
   at NUnit.Framework.Assert.Multiple(TestDelegate testDelegate)
   at osu.Game.Tests.Beatmaps.BeatmapConversionTest`2.Test(String name, Type[] mods) in /app/osu.Game/Tests/Beatmaps/BeatmapConversionTest.cs:line 50
   at osu.Game.Rulesets.Catch.Tests.CatchBeatmapConversionTest.Test(String name, Type[] mods) in /app/osu.Game.Rulesets.Catch.Tests/CatchBeatmapConversionTest.cs:line 58
   at InvokeStub_CatchBeatmapConversionTest.Test(Object, Span`1)

188)    at osu.Game.Tests.Beatmaps.BeatmapConversionTest`2.<>c__DisplayClass4_1.<Test>b__2() in /app/osu.Game/Tests/Beatmaps/BeatmapConversionTest.cs:line 98
   at NUnit.Framework.Assert.Multiple(TestDelegate testDelegate)
   at osu.Game.Tests.Beatmaps.BeatmapConversionTest`2.<>c__DisplayClass4_0.<Test>b__1() in /app/osu.Game/Tests/Beatmaps/BeatmapConversionTest.cs:line 77
   at NUnit.Framework.Assert.Multiple(TestDelegate testDelegate)
   at osu.Game.Tests.Beatmaps.BeatmapConversionTest`2.Test(String name, Type[] mods) in /app/osu.Game/Tests/Beatmaps/BeatmapConversionTest.cs:line 50
   at osu.Game.Rulesets.Catch.Tests.CatchBeatmapConversionTest.Test(String name, Type[] mods) in /app/osu.Game.Rulesets.Catch.Tests/CatchBeatmapConversionTest.cs:line 58
   at InvokeStub_CatchBeatmapConversionTest.Test(Object, Span`1)

189)    at osu.Game.Tests.Beatmaps.BeatmapConversionTest`2.<>c__DisplayClass4_1.<Test>b__2() in /app/osu.Game/Tests/Beatmaps/BeatmapConversionTest.cs:line 98
   at NUnit.Framework.Assert.Multiple(TestDelegate testDelegate)
   at osu.Game.Tests.Beatmaps.BeatmapConversionTest`2.<>c__DisplayClass4_0.<Test>b__1() in /app/osu.Game/Tests/Beatmaps/BeatmapConversionTest.cs:line 77
   at NUnit.Framework.Assert.Multiple(TestDelegate testDelegate)
   at osu.Game.Tests.Beatmaps.BeatmapConversionTest`2.Test(String name, Type[] mods) in /app/osu.Game/Tests/Beatmaps/BeatmapConversionTest.cs:line 50
   at osu.Game.Rulesets.Catch.Tests.CatchBeatmapConversionTest.Test(String name, Type[] mods) in /app/osu.Game.Rulesets.Catch.Tests/CatchBeatmapConversionTest.cs:line 58
   at InvokeStub_CatchBeatmapConversionTest.Test(Object, Span`1)

190)    at osu.Game.Tests.Beatmaps.BeatmapConversionTest`2.<>c__DisplayClass4_1.<Test>b__2() in /app/osu.Game/Tests/Beatmaps/BeatmapConversionTest.cs:line 98
   at NUnit.Framework.Assert.Multiple(TestDelegate testDelegate)
   at osu.Game.Tests.Beatmaps.BeatmapConversionTest`2.<>c__DisplayClass4_0.<Test>b__1() in /app/osu.Game/Tests/Beatmaps/BeatmapConversionTest.cs:line 77
   at NUnit.Framework.Assert.Multiple(TestDelegate testDelegate)
   at osu.Game.Tests.Beatmaps.BeatmapConversionTest`2.Test(String name, Type[] mods) in /app/osu.Game/Tests/Beatmaps/BeatmapConversionTest.cs:line 50
   at osu.Game.Rulesets.Catch.Tests.CatchBeatmapConversionTest.Test(String name, Type[] mods) in /app/osu.Game.Rulesets.Catch.Tests/CatchBeatmapConversionTest.cs:line 58
   at InvokeStub_CatchBeatmapConversionTest.Test(Object, Span`1)

191)    at osu.Game.Tests.Beatmaps.BeatmapConversionTest`2.<>c__DisplayClass4_1.<Test>b__2() in /app/osu.Game/Tests/Beatmaps/BeatmapConversionTest.cs:line 98
   at NUnit.Framework.Assert.Multiple(TestDelegate testDelegate)
   at osu.Game.Tests.Beatmaps.BeatmapConversionTest`2.<>c__DisplayClass4_0.<Test>b__1() in /app/osu.Game/Tests/Beatmaps/BeatmapConversionTest.cs:line 77
   at NUnit.Framework.Assert.Multiple(TestDelegate testDelegate)
   at osu.Game.Tests.Beatmaps.BeatmapConversionTest`2.Test(String name, Type[] mods) in /app/osu.Game/Tests/Beatmaps/BeatmapConversionTest.cs:line 50
   at osu.Game.Rulesets.Catch.Tests.CatchBeatmapConversionTest.Test(String name, Type[] mods) in /app/osu.Game.Rulesets.Catch.Tests/CatchBeatmapConversionTest.cs:line 58
   at InvokeStub_CatchBeatmapConversionTest.Test(Object, Span`1)

192)    at osu.Game.Tests.Beatmaps.BeatmapConversionTest`2.<>c__DisplayClass4_1.<Test>b__2() in /app/osu.Game/Tests/Beatmaps/BeatmapConversionTest.cs:line 98
   at NUnit.Framework.Assert.Multiple(TestDelegate testDelegate)
   at osu.Game.Tests.Beatmaps.BeatmapConversionTest`2.<>c__DisplayClass4_0.<Test>b__1() in /app/osu.Game/Tests/Beatmaps/BeatmapConversionTest.cs:line 77
   at NUnit.Framework.Assert.Multiple(TestDelegate testDelegate)
   at osu.Game.Tests.Beatmaps.BeatmapConversionTest`2.Test(String name, Type[] mods) in /app/osu.Game/Tests/Beatmaps/BeatmapConversionTest.cs:line 50
   at osu.Game.Rulesets.Catch.Tests.CatchBeatmapConversionTest.Test(String name, Type[] mods) in /app/osu.Game.Rulesets.Catch.Tests/CatchBeatmapConversionTest.cs:line 58
   at InvokeStub_CatchBeatmapConversionTest.Test(Object, Span`1)

193)    at osu.Game.Tests.Beatmaps.BeatmapConversionTest`2.<>c__DisplayClass4_1.<Test>b__2() in /app/osu.Game/Tests/Beatmaps/BeatmapConversionTest.cs:line 98
   at NUnit.Framework.Assert.Multiple(TestDelegate testDelegate)
   at osu.Game.Tests.Beatmaps.BeatmapConversionTest`2.<>c__DisplayClass4_0.<Test>b__1() in /app/osu.Game/Tests/Beatmaps/BeatmapConversionTest.cs:line 77
   at NUnit.Framework.Assert.Multiple(TestDelegate testDelegate)
   at osu.Game.Tests.Beatmaps.BeatmapConversionTest`2.Test(String name, Type[] mods) in /app/osu.Game/Tests/Beatmaps/BeatmapConversionTest.cs:line 50
   at osu.Game.Rulesets.Catch.Tests.CatchBeatmapConversionTest.Test(String name, Type[] mods) in /app/osu.Game.Rulesets.Catch.Tests/CatchBeatmapConversionTest.cs:line 58
   at InvokeStub_CatchBeatmapConversionTest.Test(Object, Span`1)

194)    at osu.Game.Tests.Beatmaps.BeatmapConversionTest`2.<>c__DisplayClass4_1.<Test>b__2() in /app/osu.Game/Tests/Beatmaps/BeatmapConversionTest.cs:line 98
   at NUnit.Framework.Assert.Multiple(TestDelegate testDelegate)
   at osu.Game.Tests.Beatmaps.BeatmapConversionTest`2.<>c__DisplayClass4_0.<Test>b__1() in /app/osu.Game/Tests/Beatmaps/BeatmapConversionTest.cs:line 77
   at NUnit.Framework.Assert.Multiple(TestDelegate testDelegate)
   at osu.Game.Tests.Beatmaps.BeatmapConversionTest`2.Test(String name, Type[] mods) in /app/osu.Game/Tests/Beatmaps/BeatmapConversionTest.cs:line 50
   at osu.Game.Rulesets.Catch.Tests.CatchBeatmapConversionTest.Test(String name, Type[] mods) in /app/osu.Game.Rulesets.Catch.Tests/CatchBeatmapConversionTest.cs:line 58
   at InvokeStub_CatchBeatmapConversionTest.Test(Object, Span`1)

195)    at osu.Game.Tests.Beatmaps.BeatmapConversionTest`2.<>c__DisplayClass4_1.<Test>b__2() in /app/osu.Game/Tests/Beatmaps/BeatmapConversionTest.cs:line 98
   at NUnit.Framework.Assert.Multiple(TestDelegate testDelegate)
   at osu.Game.Tests.Beatmaps.BeatmapConversionTest`2.<>c__DisplayClass4_0.<Test>b__1() in /app/osu.Game/Tests/Beatmaps/BeatmapConversionTest.cs:line 77
   at NUnit.Framework.Assert.Multiple(TestDelegate testDelegate)
   at osu.Game.Tests.Beatmaps.BeatmapConversionTest`2.Test(String name, Type[] mods) in /app/osu.Game/Tests/Beatmaps/BeatmapConversionTest.cs:line 50
   at osu.Game.Rulesets.Catch.Tests.CatchBeatmapConversionTest.Test(String name, Type[] mods) in /app/osu.Game.Rulesets.Catch.Tests/CatchBeatmapConversionTest.cs:line 58
   at InvokeStub_CatchBeatmapConversionTest.Test(Object, Span`1)

196)    at osu.Game.Tests.Beatmaps.BeatmapConversionTest`2.<>c__DisplayClass4_1.<Test>b__2() in /app/osu.Game/Tests/Beatmaps/BeatmapConversionTest.cs:line 98
   at NUnit.Framework.Assert.Multiple(TestDelegate testDelegate)
   at osu.Game.Tests.Beatmaps.BeatmapConversionTest`2.<>c__DisplayClass4_0.<Test>b__1() in /app/osu.Game/Tests/Beatmaps/BeatmapConversionTest.cs:line 77
   at NUnit.Framework.Assert.Multiple(TestDelegate testDelegate)
   at osu.Game.Tests.Beatmaps.BeatmapConversionTest`2.Test(String name, Type[] mods) in /app/osu.Game/Tests/Beatmaps/BeatmapConversionTest.cs:line 50
   at osu.Game.Rulesets.Catch.Tests.CatchBeatmapConversionTest.Test(String name, Type[] mods) in /app/osu.Game.Rulesets.Catch.Tests/CatchBeatmapConversionTest.cs:line 58
   at InvokeStub_CatchBeatmapConversionTest.Test(Object, Span`1)

197)    at osu.Game.Tests.Beatmaps.BeatmapConversionTest`2.<>c__DisplayClass4_1.<Test>b__2() in /app/osu.Game/Tests/Beatmaps/BeatmapConversionTest.cs:line 98
   at NUnit.Framework.Assert.Multiple(TestDelegate testDelegate)
   at osu.Game.Tests.Beatmaps.BeatmapConversionTest`2.<>c__DisplayClass4_0.<Test>b__1() in /app/osu.Game/Tests/Beatmaps/BeatmapConversionTest.cs:line 77
   at NUnit.Framework.Assert.Multiple(TestDelegate testDelegate)
   at osu.Game.Tests.Beatmaps.BeatmapConversionTest`2.Test(String name, Type[] mods) in /app/osu.Game/Tests/Beatmaps/BeatmapConversionTest.cs:line 50
   at osu.Game.Rulesets.Catch.Tests.CatchBeatmapConversionTest.Test(String name, Type[] mods) in /app/osu.Game.Rulesets.Catch.Tests/CatchBeatmapConversionTest.cs:line 58
   at InvokeStub_CatchBeatmapConversionTest.Test(Object, Span`1)

198)    at osu.Game.Tests.Beatmaps.BeatmapConversionTest`2.<>c__DisplayClass4_1.<Test>b__2() in /app/osu.Game/Tests/Beatmaps/BeatmapConversionTest.cs:line 98
   at NUnit.Framework.Assert.Multiple(TestDelegate testDelegate)
   at osu.Game.Tests.Beatmaps.BeatmapConversionTest`2.<>c__DisplayClass4_0.<Test>b__1() in /app/osu.Game/Tests/Beatmaps/BeatmapConversionTest.cs:line 77
   at NUnit.Framework.Assert.Multiple(TestDelegate testDelegate)
   at osu.Game.Tests.Beatmaps.BeatmapConversionTest`2.Test(String name, Type[] mods) in /app/osu.Game/Tests/Beatmaps/BeatmapConversionTest.cs:line 50
   at osu.Game.Rulesets.Catch.Tests.CatchBeatmapConversionTest.Test(String name, Type[] mods) in /app/osu.Game.Rulesets.Catch.Tests/CatchBeatmapConversionTest.cs:line 58
   at InvokeStub_CatchBeatmapConversionTest.Test(Object, Span`1)

199)    at osu.Game.Tests.Beatmaps.BeatmapConversionTest`2.<>c__DisplayClass4_1.<Test>b__2() in /app/osu.Game/Tests/Beatmaps/BeatmapConversionTest.cs:line 98
   at NUnit.Framework.Assert.Multiple(TestDelegate testDelegate)
   at osu.Game.Tests.Beatmaps.BeatmapConversionTest`2.<>c__DisplayClass4_0.<Test>b__1() in /app/osu.Game/Tests/Beatmaps/BeatmapConversionTest.cs:line 77
   at NUnit.Framework.Assert.Multiple(TestDelegate testDelegate)
   at osu.Game.Tests.Beatmaps.BeatmapConversionTest`2.Test(String name, Type[] mods) in /app/osu.Game/Tests/Beatmaps/BeatmapConversionTest.cs:line 50
   at osu.Game.Rulesets.Catch.Tests.CatchBeatmapConversionTest.Test(String name, Type[] mods) in /app/osu.Game.Rulesets.Catch.Tests/CatchBeatmapConversionTest.cs:line 58
   at InvokeStub_CatchBeatmapConversionTest.Test(Object, Span`1)

200)    at osu.Game.Tests.Beatmaps.BeatmapConversionTest`2.<>c__DisplayClass4_1.<Test>b__2() in /app/osu.Game/Tests/Beatmaps/BeatmapConversionTest.cs:line 98
   at NUnit.Framework.Assert.Multiple(TestDelegate testDelegate)
   at osu.Game.Tests.Beatmaps.BeatmapConversionTest`2.<>c__DisplayClass4_0.<Test>b__1() in /app/osu.Game/Tests/Beatmaps/BeatmapConversionTest.cs:line 77
   at NUnit.Framework.Assert.Multiple(TestDelegate testDelegate)
   at osu.Game.Tests.Beatmaps.BeatmapConversionTest`2.Test(String name, Type[] mods) in /app/osu.Game/Tests/Beatmaps/BeatmapConversionTest.cs:line 50
   at osu.Game.Rulesets.Catch.Tests.CatchBeatmapConversionTest.Test(String name, Type[] mods) in /app/osu.Game.Rulesets.Catch.Tests/CatchBeatmapConversionTest.cs:line 58
   at InvokeStub_CatchBeatmapConversionTest.Test(Object, Span`1)

201)    at osu.Game.Tests.Beatmaps.BeatmapConversionTest`2.<>c__DisplayClass4_1.<Test>b__2() in /app/osu.Game/Tests/Beatmaps/BeatmapConversionTest.cs:line 98
   at NUnit.Framework.Assert.Multiple(TestDelegate testDelegate)
   at osu.Game.Tests.Beatmaps.BeatmapConversionTest`2.<>c__DisplayClass4_0.<Test>b__1() in /app/osu.Game/Tests/Beatmaps/BeatmapConversionTest.cs:line 77
   at NUnit.Framework.Assert.Multiple(TestDelegate testDelegate)
   at osu.Game.Tests.Beatmaps.BeatmapConversionTest`2.Test(String name, Type[] mods) in /app/osu.Game/Tests/Beatmaps/BeatmapConversionTest.cs:line 50
   at osu.Game.Rulesets.Catch.Tests.CatchBeatmapConversionTest.Test(String name, Type[] mods) in /app/osu.Game.Rulesets.Catch.Tests/CatchBeatmapConversionTest.cs:line 58
   at InvokeStub_CatchBeatmapConversionTest.Test(Object, Span`1)

202)    at osu.Game.Tests.Beatmaps.BeatmapConversionTest`2.<>c__DisplayClass4_1.<Test>b__2() in /app/osu.Game/Tests/Beatmaps/BeatmapConversionTest.cs:line 98
   at NUnit.Framework.Assert.Multiple(TestDelegate testDelegate)
   at osu.Game.Tests.Beatmaps.BeatmapConversionTest`2.<>c__DisplayClass4_0.<Test>b__1() in /app/osu.Game/Tests/Beatmaps/BeatmapConversionTest.cs:line 77
   at NUnit.Framework.Assert.Multiple(TestDelegate testDelegate)
   at osu.Game.Tests.Beatmaps.BeatmapConversionTest`2.Test(String name, Type[] mods) in /app/osu.Game/Tests/Beatmaps/BeatmapConversionTest.cs:line 50
   at osu.Game.Rulesets.Catch.Tests.CatchBeatmapConversionTest.Test(String name, Type[] mods) in /app/osu.Game.Rulesets.Catch.Tests/CatchBeatmapConversionTest.cs:line 58
   at InvokeStub_CatchBeatmapConversionTest.Test(Object, Span`1)

203)    at osu.Game.Tests.Beatmaps.BeatmapConversionTest`2.<>c__DisplayClass4_1.<Test>b__2() in /app/osu.Game/Tests/Beatmaps/BeatmapConversionTest.cs:line 98
   at NUnit.Framework.Assert.Multiple(TestDelegate testDelegate)
   at osu.Game.Tests.Beatmaps.BeatmapConversionTest`2.<>c__DisplayClass4_0.<Test>b__1() in /app/osu.Game/Tests/Beatmaps/BeatmapConversionTest.cs:line 77
   at NUnit.Framework.Assert.Multiple(TestDelegate testDelegate)
   at osu.Game.Tests.Beatmaps.BeatmapConversionTest`2.Test(String name, Type[] mods) in /app/osu.Game/Tests/Beatmaps/BeatmapConversionTest.cs:line 50
   at osu.Game.Rulesets.Catch.Tests.CatchBeatmapConversionTest.Test(String name, Type[] mods) in /app/osu.Game.Rulesets.Catch.Tests/CatchBeatmapConversionTest.cs:line 58
   at InvokeStub_CatchBeatmapConversionTest.Test(Object, Span`1)

204)    at osu.Game.Tests.Beatmaps.BeatmapConversionTest`2.<>c__DisplayClass4_1.<Test>b__2() in /app/osu.Game/Tests/Beatmaps/BeatmapConversionTest.cs:line 98
   at NUnit.Framework.Assert.Multiple(TestDelegate testDelegate)
   at osu.Game.Tests.Beatmaps.BeatmapConversionTest`2.<>c__DisplayClass4_0.<Test>b__1() in /app/osu.Game/Tests/Beatmaps/BeatmapConversionTest.cs:line 77
   at NUnit.Framework.Assert.Multiple(TestDelegate testDelegate)
   at osu.Game.Tests.Beatmaps.BeatmapConversionTest`2.Test(String name, Type[] mods) in /app/osu.Game/Tests/Beatmaps/BeatmapConversionTest.cs:line 50
   at osu.Game.Rulesets.Catch.Tests.CatchBeatmapConversionTest.Test(String name, Type[] mods) in /app/osu.Game.Rulesets.Catch.Tests/CatchBeatmapConversionTest.cs:line 58
   at InvokeStub_CatchBeatmapConversionTest.Test(Object, Span`1)

205)    at osu.Game.Tests.Beatmaps.BeatmapConversionTest`2.<>c__DisplayClass4_1.<Test>b__2() in /app/osu.Game/Tests/Beatmaps/BeatmapConversionTest.cs:line 98
   at NUnit.Framework.Assert.Multiple(TestDelegate testDelegate)
   at osu.Game.Tests.Beatmaps.BeatmapConversionTest`2.<>c__DisplayClass4_0.<Test>b__1() in /app/osu.Game/Tests/Beatmaps/BeatmapConversionTest.cs:line 77
   at NUnit.Framework.Assert.Multiple(TestDelegate testDelegate)
   at osu.Game.Tests.Beatmaps.BeatmapConversionTest`2.Test(String name, Type[] mods) in /app/osu.Game/Tests/Beatmaps/BeatmapConversionTest.cs:line 50
   at osu.Game.Rulesets.Catch.Tests.CatchBeatmapConversionTest.Test(String name, Type[] mods) in /app/osu.Game.Rulesets.Catch.Tests/CatchBeatmapConversionTest.cs:line 58
   at InvokeStub_CatchBeatmapConversionTest.Test(Object, Span`1)

206)    at osu.Game.Tests.Beatmaps.BeatmapConversionTest`2.<>c__DisplayClass4_1.<Test>b__2() in /app/osu.Game/Tests/Beatmaps/BeatmapConversionTest.cs:line 98
   at NUnit.Framework.Assert.Multiple(TestDelegate testDelegate)
   at osu.Game.Tests.Beatmaps.BeatmapConversionTest`2.<>c__DisplayClass4_0.<Test>b__1() in /app/osu.Game/Tests/Beatmaps/BeatmapConversionTest.cs:line 77
   at NUnit.Framework.Assert.Multiple(TestDelegate testDelegate)
   at osu.Game.Tests.Beatmaps.BeatmapConversionTest`2.Test(String name, Type[] mods) in /app/osu.Game/Tests/Beatmaps/BeatmapConversionTest.cs:line 50
   at osu.Game.Rulesets.Catch.Tests.CatchBeatmapConversionTest.Test(String name, Type[] mods) in /app/osu.Game.Rulesets.Catch.Tests/CatchBeatmapConversionTest.cs:line 58
   at InvokeStub_CatchBeatmapConversionTest.Test(Object, Span`1)

207)    at osu.Game.Tests.Beatmaps.BeatmapConversionTest`2.<>c__DisplayClass4_1.<Test>b__2() in /app/osu.Game/Tests/Beatmaps/BeatmapConversionTest.cs:line 98
   at NUnit.Framework.Assert.Multiple(TestDelegate testDelegate)
   at osu.Game.Tests.Beatmaps.BeatmapConversionTest`2.<>c__DisplayClass4_0.<Test>b__1() in /app/osu.Game/Tests/Beatmaps/BeatmapConversionTest.cs:line 77
   at NUnit.Framework.Assert.Multiple(TestDelegate testDelegate)
   at osu.Game.Tests.Beatmaps.BeatmapConversionTest`2.Test(String name, Type[] mods) in /app/osu.Game/Tests/Beatmaps/BeatmapConversionTest.cs:line 50
   at osu.Game.Rulesets.Catch.Tests.CatchBeatmapConversionTest.Test(String name, Type[] mods) in /app/osu.Game.Rulesets.Catch.Tests/CatchBeatmapConversionTest.cs:line 58
   at InvokeStub_CatchBeatmapConversionTest.Test(Object, Span`1)

208)    at osu.Game.Tests.Beatmaps.BeatmapConversionTest`2.<>c__DisplayClass4_1.<Test>b__2() in /app/osu.Game/Tests/Beatmaps/BeatmapConversionTest.cs:line 98
   at NUnit.Framework.Assert.Multiple(TestDelegate testDelegate)
   at osu.Game.Tests.Beatmaps.BeatmapConversionTest`2.<>c__DisplayClass4_0.<Test>b__1() in /app/osu.Game/Tests/Beatmaps/BeatmapConversionTest.cs:line 77
   at NUnit.Framework.Assert.Multiple(TestDelegate testDelegate)
   at osu.Game.Tests.Beatmaps.BeatmapConversionTest`2.Test(String name, Type[] mods) in /app/osu.Game/Tests/Beatmaps/BeatmapConversionTest.cs:line 50
   at osu.Game.Rulesets.Catch.Tests.CatchBeatmapConversionTest.Test(String name, Type[] mods) in /app/osu.Game.Rulesets.Catch.Tests/CatchBeatmapConversionTest.cs:line 58
   at InvokeStub_CatchBeatmapConversionTest.Test(Object, Span`1)

209)    at osu.Game.Tests.Beatmaps.BeatmapConversionTest`2.<>c__DisplayClass4_1.<Test>b__2() in /app/osu.Game/Tests/Beatmaps/BeatmapConversionTest.cs:line 98
   at NUnit.Framework.Assert.Multiple(TestDelegate testDelegate)
   at osu.Game.Tests.Beatmaps.BeatmapConversionTest`2.<>c__DisplayClass4_0.<Test>b__1() in /app/osu.Game/Tests/Beatmaps/BeatmapConversionTest.cs:line 77
   at NUnit.Framework.Assert.Multiple(TestDelegate testDelegate)
   at osu.Game.Tests.Beatmaps.BeatmapConversionTest`2.Test(String name, Type[] mods) in /app/osu.Game/Tests/Beatmaps/BeatmapConversionTest.cs:line 50
   at osu.Game.Rulesets.Catch.Tests.CatchBeatmapConversionTest.Test(String name, Type[] mods) in /app/osu.Game.Rulesets.Catch.Tests/CatchBeatmapConversionTest.cs:line 58
   at InvokeStub_CatchBeatmapConversionTest.Test(Object, Span`1)

210)    at osu.Game.Tests.Beatmaps.BeatmapConversionTest`2.<>c__DisplayClass4_1.<Test>b__2() in /app/osu.Game/Tests/Beatmaps/BeatmapConversionTest.cs:line 98
   at NUnit.Framework.Assert.Multiple(TestDelegate testDelegate)
   at osu.Game.Tests.Beatmaps.BeatmapConversionTest`2.<>c__DisplayClass4_0.<Test>b__1() in /app/osu.Game/Tests/Beatmaps/BeatmapConversionTest.cs:line 77
   at NUnit.Framework.Assert.Multiple(TestDelegate testDelegate)
   at osu.Game.Tests.Beatmaps.BeatmapConversionTest`2.Test(String name, Type[] mods) in /app/osu.Game/Tests/Beatmaps/BeatmapConversionTest.cs:line 50
   at osu.Game.Rulesets.Catch.Tests.CatchBeatmapConversionTest.Test(String name, Type[] mods) in /app/osu.Game.Rulesets.Catch.Tests/CatchBeatmapConversionTest.cs:line 58
   at InvokeStub_CatchBeatmapConversionTest.Test(Object, Span`1)

211)    at osu.Game.Tests.Beatmaps.BeatmapConversionTest`2.<>c__DisplayClass4_1.<Test>b__2() in /app/osu.Game/Tests/Beatmaps/BeatmapConversionTest.cs:line 98
   at NUnit.Framework.Assert.Multiple(TestDelegate testDelegate)
   at osu.Game.Tests.Beatmaps.BeatmapConversionTest`2.<>c__DisplayClass4_0.<Test>b__1() in /app/osu.Game/Tests/Beatmaps/BeatmapConversionTest.cs:line 77
   at NUnit.Framework.Assert.Multiple(TestDelegate testDelegate)
   at osu.Game.Tests.Beatmaps.BeatmapConversionTest`2.Test(String name, Type[] mods) in /app/osu.Game/Tests/Beatmaps/BeatmapConversionTest.cs:line 50
   at osu.Game.Rulesets.Catch.Tests.CatchBeatmapConversionTest.Test(String name, Type[] mods) in /app/osu.Game.Rulesets.Catch.Tests/CatchBeatmapConversionTest.cs:line 58
   at InvokeStub_CatchBeatmapConversionTest.Test(Object, Span`1)

212)    at osu.Game.Tests.Beatmaps.BeatmapConversionTest`2.<>c__DisplayClass4_1.<Test>b__2() in /app/osu.Game/Tests/Beatmaps/BeatmapConversionTest.cs:line 98
   at NUnit.Framework.Assert.Multiple(TestDelegate testDelegate)
   at osu.Game.Tests.Beatmaps.BeatmapConversionTest`2.<>c__DisplayClass4_0.<Test>b__1() in /app/osu.Game/Tests/Beatmaps/BeatmapConversionTest.cs:line 77
   at NUnit.Framework.Assert.Multiple(TestDelegate testDelegate)
   at osu.Game.Tests.Beatmaps.BeatmapConversionTest`2.Test(String name, Type[] mods) in /app/osu.Game/Tests/Beatmaps/BeatmapConversionTest.cs:line 50
   at osu.Game.Rulesets.Catch.Tests.CatchBeatmapConversionTest.Test(String name, Type[] mods) in /app/osu.Game.Rulesets.Catch.Tests/CatchBeatmapConversionTest.cs:line 58
   at InvokeStub_CatchBeatmapConversionTest.Test(Object, Span`1)

213)    at osu.Game.Tests.Beatmaps.BeatmapConversionTest`2.<>c__DisplayClass4_1.<Test>b__2() in /app/osu.Game/Tests/Beatmaps/BeatmapConversionTest.cs:line 98
   at NUnit.Framework.Assert.Multiple(TestDelegate testDelegate)
   at osu.Game.Tests.Beatmaps.BeatmapConversionTest`2.<>c__DisplayClass4_0.<Test>b__1() in /app/osu.Game/Tests/Beatmaps/BeatmapConversionTest.cs:line 77
   at NUnit.Framework.Assert.Multiple(TestDelegate testDelegate)
   at osu.Game.Tests.Beatmaps.BeatmapConversionTest`2.Test(String name, Type[] mods) in /app/osu.Game/Tests/Beatmaps/BeatmapConversionTest.cs:line 50
   at osu.Game.Rulesets.Catch.Tests.CatchBeatmapConversionTest.Test(String name, Type[] mods) in /app/osu.Game.Rulesets.Catch.Tests/CatchBeatmapConversionTest.cs:line 58
   at InvokeStub_CatchBeatmapConversionTest.Test(Object, Span`1)

214)    at osu.Game.Tests.Beatmaps.BeatmapConversionTest`2.<>c__DisplayClass4_1.<Test>b__2() in /app/osu.Game/Tests/Beatmaps/BeatmapConversionTest.cs:line 98
   at NUnit.Framework.Assert.Multiple(TestDelegate testDelegate)
   at osu.Game.Tests.Beatmaps.BeatmapConversionTest`2.<>c__DisplayClass4_0.<Test>b__1() in /app/osu.Game/Tests/Beatmaps/BeatmapConversionTest.cs:line 77
   at NUnit.Framework.Assert.Multiple(TestDelegate testDelegate)
   at osu.Game.Tests.Beatmaps.BeatmapConversionTest`2.Test(String name, Type[] mods) in /app/osu.Game/Tests/Beatmaps/BeatmapConversionTest.cs:line 50
   at osu.Game.Rulesets.Catch.Tests.CatchBeatmapConversionTest.Test(String name, Type[] mods) in /app/osu.Game.Rulesets.Catch.Tests/CatchBeatmapConversionTest.cs:line 58
   at InvokeStub_CatchBeatmapConversionTest.Test(Object, Span`1)

215)    at osu.Game.Tests.Beatmaps.BeatmapConversionTest`2.<>c__DisplayClass4_1.<Test>b__2() in /app/osu.Game/Tests/Beatmaps/BeatmapConversionTest.cs:line 98
   at NUnit.Framework.Assert.Multiple(TestDelegate testDelegate)
   at osu.Game.Tests.Beatmaps.BeatmapConversionTest`2.<>c__DisplayClass4_0.<Test>b__1() in /app/osu.Game/Tests/Beatmaps/BeatmapConversionTest.cs:line 77
   at NUnit.Framework.Assert.Multiple(TestDelegate testDelegate)
   at osu.Game.Tests.Beatmaps.BeatmapConversionTest`2.Test(String name, Type[] mods) in /app/osu.Game/Tests/Beatmaps/BeatmapConversionTest.cs:line 50
   at osu.Game.Rulesets.Catch.Tests.CatchBeatmapConversionTest.Test(String name, Type[] mods) in /app/osu.Game.Rulesets.Catch.Tests/CatchBeatmapConversionTest.cs:line 58
   at InvokeStub_CatchBeatmapConversionTest.Test(Object, Span`1)

216)    at osu.Game.Tests.Beatmaps.BeatmapConversionTest`2.<>c__DisplayClass4_1.<Test>b__2() in /app/osu.Game/Tests/Beatmaps/BeatmapConversionTest.cs:line 98
   at NUnit.Framework.Assert.Multiple(TestDelegate testDelegate)
   at osu.Game.Tests.Beatmaps.BeatmapConversionTest`2.<>c__DisplayClass4_0.<Test>b__1() in /app/osu.Game/Tests/Beatmaps/BeatmapConversionTest.cs:line 77
   at NUnit.Framework.Assert.Multiple(TestDelegate testDelegate)
   at osu.Game.Tests.Beatmaps.BeatmapConversionTest`2.Test(String name, Type[] mods) in /app/osu.Game/Tests/Beatmaps/BeatmapConversionTest.cs:line 50
   at osu.Game.Rulesets.Catch.Tests.CatchBeatmapConversionTest.Test(String name, Type[] mods) in /app/osu.Game.Rulesets.Catch.Tests/CatchBeatmapConversionTest.cs:line 58
   at InvokeStub_CatchBeatmapConversionTest.Test(Object, Span`1)

217)    at osu.Game.Tests.Beatmaps.BeatmapConversionTest`2.<>c__DisplayClass4_1.<Test>b__2() in /app/osu.Game/Tests/Beatmaps/BeatmapConversionTest.cs:line 98
   at NUnit.Framework.Assert.Multiple(TestDelegate testDelegate)
   at osu.Game.Tests.Beatmaps.BeatmapConversionTest`2.<>c__DisplayClass4_0.<Test>b__1() in /app/osu.Game/Tests/Beatmaps/BeatmapConversionTest.cs:line 77
   at NUnit.Framework.Assert.Multiple(TestDelegate testDelegate)
   at osu.Game.Tests.Beatmaps.BeatmapConversionTest`2.Test(String name, Type[] mods) in /app/osu.Game/Tests/Beatmaps/BeatmapConversionTest.cs:line 50
   at osu.Game.Rulesets.Catch.Tests.CatchBeatmapConversionTest.Test(String name, Type[] mods) in /app/osu.Game.Rulesets.Catch.Tests/CatchBeatmapConversionTest.cs:line 58
   at InvokeStub_CatchBeatmapConversionTest.Test(Object, Span`1)

218)    at osu.Game.Tests.Beatmaps.BeatmapConversionTest`2.<>c__DisplayClass4_1.<Test>b__2() in /app/osu.Game/Tests/Beatmaps/BeatmapConversionTest.cs:line 98
   at NUnit.Framework.Assert.Multiple(TestDelegate testDelegate)
   at osu.Game.Tests.Beatmaps.BeatmapConversionTest`2.<>c__DisplayClass4_0.<Test>b__1() in /app/osu.Game/Tests/Beatmaps/BeatmapConversionTest.cs:line 77
   at NUnit.Framework.Assert.Multiple(TestDelegate testDelegate)
   at osu.Game.Tests.Beatmaps.BeatmapConversionTest`2.Test(String name, Type[] mods) in /app/osu.Game/Tests/Beatmaps/BeatmapConversionTest.cs:line 50
   at osu.Game.Rulesets.Catch.Tests.CatchBeatmapConversionTest.Test(String name, Type[] mods) in /app/osu.Game.Rulesets.Catch.Tests/CatchBeatmapConversionTest.cs:line 58
   at InvokeStub_CatchBeatmapConversionTest.Test(Object, Span`1)

219)    at osu.Game.Tests.Beatmaps.BeatmapConversionTest`2.<>c__DisplayClass4_1.<Test>b__2() in /app/osu.Game/Tests/Beatmaps/BeatmapConversionTest.cs:line 98
   at NUnit.Framework.Assert.Multiple(TestDelegate testDelegate)
   at osu.Game.Tests.Beatmaps.BeatmapConversionTest`2.<>c__DisplayClass4_0.<Test>b__1() in /app/osu.Game/Tests/Beatmaps/BeatmapConversionTest.cs:line 77
   at NUnit.Framework.Assert.Multiple(TestDelegate testDelegate)
   at osu.Game.Tests.Beatmaps.BeatmapConversionTest`2.Test(String name, Type[] mods) in /app/osu.Game/Tests/Beatmaps/BeatmapConversionTest.cs:line 50
   at osu.Game.Rulesets.Catch.Tests.CatchBeatmapConversionTest.Test(String name, Type[] mods) in /app/osu.Game.Rulesets.Catch.Tests/CatchBeatmapConversionTest.cs:line 58
   at InvokeStub_CatchBeatmapConversionTest.Test(Object, Span`1)

220)    at osu.Game.Tests.Beatmaps.BeatmapConversionTest`2.<>c__DisplayClass4_1.<Test>b__2() in /app/osu.Game/Tests/Beatmaps/BeatmapConversionTest.cs:line 98
   at NUnit.Framework.Assert.Multiple(TestDelegate testDelegate)
   at osu.Game.Tests.Beatmaps.BeatmapConversionTest`2.<>c__DisplayClass4_0.<Test>b__1() in /app/osu.Game/Tests/Beatmaps/BeatmapConversionTest.cs:line 77
   at NUnit.Framework.Assert.Multiple(TestDelegate testDelegate)
   at osu.Game.Tests.Beatmaps.BeatmapConversionTest`2.Test(String name, Type[] mods) in /app/osu.Game/Tests/Beatmaps/BeatmapConversionTest.cs:line 50
   at osu.Game.Rulesets.Catch.Tests.CatchBeatmapConversionTest.Test(String name, Type[] mods) in /app/osu.Game.Rulesets.Catch.Tests/CatchBeatmapConversionTest.cs:line 58
   at InvokeStub_CatchBeatmapConversionTest.Test(Object, Span`1)

221)    at osu.Game.Tests.Beatmaps.BeatmapConversionTest`2.<>c__DisplayClass4_1.<Test>b__2() in /app/osu.Game/Tests/Beatmaps/BeatmapConversionTest.cs:line 98
   at NUnit.Framework.Assert.Multiple(TestDelegate testDelegate)
   at osu.Game.Tests.Beatmaps.BeatmapConversionTest`2.<>c__DisplayClass4_0.<Test>b__1() in /app/osu.Game/Tests/Beatmaps/BeatmapConversionTest.cs:line 77
   at NUnit.Framework.Assert.Multiple(TestDelegate testDelegate)
   at osu.Game.Tests.Beatmaps.BeatmapConversionTest`2.Test(String name, Type[] mods) in /app/osu.Game/Tests/Beatmaps/BeatmapConversionTest.cs:line 50
   at osu.Game.Rulesets.Catch.Tests.CatchBeatmapConversionTest.Test(String name, Type[] mods) in /app/osu.Game.Rulesets.Catch.Tests/CatchBeatmapConversionTest.cs:line 58
   at InvokeStub_CatchBeatmapConversionTest.Test(Object, Span`1)

222)    at osu.Game.Tests.Beatmaps.BeatmapConversionTest`2.<>c__DisplayClass4_1.<Test>b__2() in /app/osu.Game/Tests/Beatmaps/BeatmapConversionTest.cs:line 98
   at NUnit.Framework.Assert.Multiple(TestDelegate testDelegate)
   at osu.Game.Tests.Beatmaps.BeatmapConversionTest`2.<>c__DisplayClass4_0.<Test>b__1() in /app/osu.Game/Tests/Beatmaps/BeatmapConversionTest.cs:line 77
   at NUnit.Framework.Assert.Multiple(TestDelegate testDelegate)
   at osu.Game.Tests.Beatmaps.BeatmapConversionTest`2.Test(String name, Type[] mods) in /app/osu.Game/Tests/Beatmaps/BeatmapConversionTest.cs:line 50
   at osu.Game.Rulesets.Catch.Tests.CatchBeatmapConversionTest.Test(String name, Type[] mods) in /app/osu.Game.Rulesets.Catch.Tests/CatchBeatmapConversionTest.cs:line 58
   at InvokeStub_CatchBeatmapConversionTest.Test(Object, Span`1)

223)    at osu.Game.Tests.Beatmaps.BeatmapConversionTest`2.<>c__DisplayClass4_1.<Test>b__2() in /app/osu.Game/Tests/Beatmaps/BeatmapConversionTest.cs:line 98
   at NUnit.Framework.Assert.Multiple(TestDelegate testDelegate)
   at osu.Game.Tests.Beatmaps.BeatmapConversionTest`2.<>c__DisplayClass4_0.<Test>b__1() in /app/osu.Game/Tests/Beatmaps/BeatmapConversionTest.cs:line 77
   at NUnit.Framework.Assert.Multiple(TestDelegate testDelegate)
   at osu.Game.Tests.Beatmaps.BeatmapConversionTest`2.Test(String name, Type[] mods) in /app/osu.Game/Tests/Beatmaps/BeatmapConversionTest.cs:line 50
   at osu.Game.Rulesets.Catch.Tests.CatchBeatmapConversionTest.Test(String name, Type[] mods) in /app/osu.Game.Rulesets.Catch.Tests/CatchBeatmapConversionTest.cs:line 58
   at InvokeStub_CatchBeatmapConversionTest.Test(Object, Span`1)

224)    at osu.Game.Tests.Beatmaps.BeatmapConversionTest`2.<>c__DisplayClass4_1.<Test>b__2() in /app/osu.Game/Tests/Beatmaps/BeatmapConversionTest.cs:line 98
   at NUnit.Framework.Assert.Multiple(TestDelegate testDelegate)
   at osu.Game.Tests.Beatmaps.BeatmapConversionTest`2.<>c__DisplayClass4_0.<Test>b__1() in /app/osu.Game/Tests/Beatmaps/BeatmapConversionTest.cs:line 77
   at NUnit.Framework.Assert.Multiple(TestDelegate testDelegate)
   at osu.Game.Tests.Beatmaps.BeatmapConversionTest`2.Test(String name, Type[] mods) in /app/osu.Game/Tests/Beatmaps/BeatmapConversionTest.cs:line 50
   at osu.Game.Rulesets.Catch.Tests.CatchBeatmapConversionTest.Test(String name, Type[] mods) in /app/osu.Game.Rulesets.Catch.Tests/CatchBeatmapConversionTest.cs:line 58
   at InvokeStub_CatchBeatmapConversionTest.Test(Object, Span`1)

225)    at osu.Game.Tests.Beatmaps.BeatmapConversionTest`2.<>c__DisplayClass4_1.<Test>b__2() in /app/osu.Game/Tests/Beatmaps/BeatmapConversionTest.cs:line 98
   at NUnit.Framework.Assert.Multiple(TestDelegate testDelegate)
   at osu.Game.Tests.Beatmaps.BeatmapConversionTest`2.<>c__DisplayClass4_0.<Test>b__1() in /app/osu.Game/Tests/Beatmaps/BeatmapConversionTest.cs:line 77
   at NUnit.Framework.Assert.Multiple(TestDelegate testDelegate)
   at osu.Game.Tests.Beatmaps.BeatmapConversionTest`2.Test(String name, Type[] mods) in /app/osu.Game/Tests/Beatmaps/BeatmapConversionTest.cs:line 50
   at osu.Game.Rulesets.Catch.Tests.CatchBeatmapConversionTest.Test(String name, Type[] mods) in /app/osu.Game.Rulesets.Catch.Tests/CatchBeatmapConversionTest.cs:line 58
   at InvokeStub_CatchBeatmapConversionTest.Test(Object, Span`1)

226)    at osu.Game.Tests.Beatmaps.BeatmapConversionTest`2.<>c__DisplayClass4_1.<Test>b__2() in /app/osu.Game/Tests/Beatmaps/BeatmapConversionTest.cs:line 98
   at NUnit.Framework.Assert.Multiple(TestDelegate testDelegate)
   at osu.Game.Tests.Beatmaps.BeatmapConversionTest`2.<>c__DisplayClass4_0.<Test>b__1() in /app/osu.Game/Tests/Beatmaps/BeatmapConversionTest.cs:line 77
   at NUnit.Framework.Assert.Multiple(TestDelegate testDelegate)
   at osu.Game.Tests.Beatmaps.BeatmapConversionTest`2.Test(String name, Type[] mods) in /app/osu.Game/Tests/Beatmaps/BeatmapConversionTest.cs:line 50
   at osu.Game.Rulesets.Catch.Tests.CatchBeatmapConversionTest.Test(String name, Type[] mods) in /app/osu.Game.Rulesets.Catch.Tests/CatchBeatmapConversionTest.cs:line 58
   at InvokeStub_CatchBeatmapConversionTest.Test(Object, Span`1)

227)    at osu.Game.Tests.Beatmaps.BeatmapConversionTest`2.<>c__DisplayClass4_1.<Test>b__2() in /app/osu.Game/Tests/Beatmaps/BeatmapConversionTest.cs:line 98
   at NUnit.Framework.Assert.Multiple(TestDelegate testDelegate)
   at osu.Game.Tests.Beatmaps.BeatmapConversionTest`2.<>c__DisplayClass4_0.<Test>b__1() in /app/osu.Game/Tests/Beatmaps/BeatmapConversionTest.cs:line 77
   at NUnit.Framework.Assert.Multiple(TestDelegate testDelegate)
   at osu.Game.Tests.Beatmaps.BeatmapConversionTest`2.Test(String name, Type[] mods) in /app/osu.Game/Tests/Beatmaps/BeatmapConversionTest.cs:line 50
   at osu.Game.Rulesets.Catch.Tests.CatchBeatmapConversionTest.Test(String name, Type[] mods) in /app/osu.Game.Rulesets.Catch.Tests/CatchBeatmapConversionTest.cs:line 58
   at InvokeStub_CatchBeatmapConversionTest.Test(Object, Span`1)

228)    at osu.Game.Tests.Beatmaps.BeatmapConversionTest`2.<>c__DisplayClass4_1.<Test>b__2() in /app/osu.Game/Tests/Beatmaps/BeatmapConversionTest.cs:line 98
   at NUnit.Framework.Assert.Multiple(TestDelegate testDelegate)
   at osu.Game.Tests.Beatmaps.BeatmapConversionTest`2.<>c__DisplayClass4_0.<Test>b__1() in /app/osu.Game/Tests/Beatmaps/BeatmapConversionTest.cs:line 77
   at NUnit.Framework.Assert.Multiple(TestDelegate testDelegate)
   at osu.Game.Tests.Beatmaps.BeatmapConversionTest`2.Test(String name, Type[] mods) in /app/osu.Game/Tests/Beatmaps/BeatmapConversionTest.cs:line 50
   at osu.Game.Rulesets.Catch.Tests.CatchBeatmapConversionTest.Test(String name, Type[] mods) in /app/osu.Game.Rulesets.Catch.Tests/CatchBeatmapConversionTest.cs:line 58
   at InvokeStub_CatchBeatmapConversionTest.Test(Object, Span`1)

229)    at osu.Game.Tests.Beatmaps.BeatmapConversionTest`2.<>c__DisplayClass4_1.<Test>b__2() in /app/osu.Game/Tests/Beatmaps/BeatmapConversionTest.cs:line 98
   at NUnit.Framework.Assert.Multiple(TestDelegate testDelegate)
   at osu.Game.Tests.Beatmaps.BeatmapConversionTest`2.<>c__DisplayClass4_0.<Test>b__1() in /app/osu.Game/Tests/Beatmaps/BeatmapConversionTest.cs:line 77
   at NUnit.Framework.Assert.Multiple(TestDelegate testDelegate)
   at osu.Game.Tests.Beatmaps.BeatmapConversionTest`2.Test(String name, Type[] mods) in /app/osu.Game/Tests/Beatmaps/BeatmapConversionTest.cs:line 50
   at osu.Game.Rulesets.Catch.Tests.CatchBeatmapConversionTest.Test(String name, Type[] mods) in /app/osu.Game.Rulesets.Catch.Tests/CatchBeatmapConversionTest.cs:line 58
   at InvokeStub_CatchBeatmapConversionTest.Test(Object, Span`1)

230)    at osu.Game.Tests.Beatmaps.BeatmapConversionTest`2.<>c__DisplayClass4_1.<Test>b__2() in /app/osu.Game/Tests/Beatmaps/BeatmapConversionTest.cs:line 98
   at NUnit.Framework.Assert.Multiple(TestDelegate testDelegate)
   at osu.Game.Tests.Beatmaps.BeatmapConversionTest`2.<>c__DisplayClass4_0.<Test>b__1() in /app/osu.Game/Tests/Beatmaps/BeatmapConversionTest.cs:line 77
   at NUnit.Framework.Assert.Multiple(TestDelegate testDelegate)
   at osu.Game.Tests.Beatmaps.BeatmapConversionTest`2.Test(String name, Type[] mods) in /app/osu.Game/Tests/Beatmaps/BeatmapConversionTest.cs:line 50
   at osu.Game.Rulesets.Catch.Tests.CatchBeatmapConversionTest.Test(String name, Type[] mods) in /app/osu.Game.Rulesets.Catch.Tests/CatchBeatmapConversionTest.cs:line 58
   at InvokeStub_CatchBeatmapConversionTest.Test(Object, Span`1)

231)    at osu.Game.Tests.Beatmaps.BeatmapConversionTest`2.<>c__DisplayClass4_1.<Test>b__2() in /app/osu.Game/Tests/Beatmaps/BeatmapConversionTest.cs:line 98
   at NUnit.Framework.Assert.Multiple(TestDelegate testDelegate)
   at osu.Game.Tests.Beatmaps.BeatmapConversionTest`2.<>c__DisplayClass4_0.<Test>b__1() in /app/osu.Game/Tests/Beatmaps/BeatmapConversionTest.cs:line 77
   at NUnit.Framework.Assert.Multiple(TestDelegate testDelegate)
   at osu.Game.Tests.Beatmaps.BeatmapConversionTest`2.Test(String name, Type[] mods) in /app/osu.Game/Tests/Beatmaps/BeatmapConversionTest.cs:line 50
   at osu.Game.Rulesets.Catch.Tests.CatchBeatmapConversionTest.Test(String name, Type[] mods) in /app/osu.Game.Rulesets.Catch.Tests/CatchBeatmapConversionTest.cs:line 58
   at InvokeStub_CatchBeatmapConversionTest.Test(Object, Span`1)

232)    at osu.Game.Tests.Beatmaps.BeatmapConversionTest`2.<>c__DisplayClass4_1.<Test>b__2() in /app/osu.Game/Tests/Beatmaps/BeatmapConversionTest.cs:line 98
   at NUnit.Framework.Assert.Multiple(TestDelegate testDelegate)
   at osu.Game.Tests.Beatmaps.BeatmapConversionTest`2.<>c__DisplayClass4_0.<Test>b__1() in /app/osu.Game/Tests/Beatmaps/BeatmapConversionTest.cs:line 77
   at NUnit.Framework.Assert.Multiple(TestDelegate testDelegate)
   at osu.Game.Tests.Beatmaps.BeatmapConversionTest`2.Test(String name, Type[] mods) in /app/osu.Game/Tests/Beatmaps/BeatmapConversionTest.cs:line 50
   at osu.Game.Rulesets.Catch.Tests.CatchBeatmapConversionTest.Test(String name, Type[] mods) in /app/osu.Game.Rulesets.Catch.Tests/CatchBeatmapConversionTest.cs:line 58
   at InvokeStub_CatchBeatmapConversionTest.Test(Object, Span`1)

233)    at osu.Game.Tests.Beatmaps.BeatmapConversionTest`2.<>c__DisplayClass4_1.<Test>b__2() in /app/osu.Game/Tests/Beatmaps/BeatmapConversionTest.cs:line 98
   at NUnit.Framework.Assert.Multiple(TestDelegate testDelegate)
   at osu.Game.Tests.Beatmaps.BeatmapConversionTest`2.<>c__DisplayClass4_0.<Test>b__1() in /app/osu.Game/Tests/Beatmaps/BeatmapConversionTest.cs:line 77
   at NUnit.Framework.Assert.Multiple(TestDelegate testDelegate)
   at osu.Game.Tests.Beatmaps.BeatmapConversionTest`2.Test(String name, Type[] mods) in /app/osu.Game/Tests/Beatmaps/BeatmapConversionTest.cs:line 50
   at osu.Game.Rulesets.Catch.Tests.CatchBeatmapConversionTest.Test(String name, Type[] mods) in /app/osu.Game.Rulesets.Catch.Tests/CatchBeatmapConversionTest.cs:line 58
   at InvokeStub_CatchBeatmapConversionTest.Test(Object, Span`1)

234)    at osu.Game.Tests.Beatmaps.BeatmapConversionTest`2.<>c__DisplayClass4_1.<Test>b__2() in /app/osu.Game/Tests/Beatmaps/BeatmapConversionTest.cs:line 98
   at NUnit.Framework.Assert.Multiple(TestDelegate testDelegate)
   at osu.Game.Tests.Beatmaps.BeatmapConversionTest`2.<>c__DisplayClass4_0.<Test>b__1() in /app/osu.Game/Tests/Beatmaps/BeatmapConversionTest.cs:line 77
   at NUnit.Framework.Assert.Multiple(TestDelegate testDelegate)
   at osu.Game.Tests.Beatmaps.BeatmapConversionTest`2.Test(String name, Type[] mods) in /app/osu.Game/Tests/Beatmaps/BeatmapConversionTest.cs:line 50
   at osu.Game.Rulesets.Catch.Tests.CatchBeatmapConversionTest.Test(String name, Type[] mods) in /app/osu.Game.Rulesets.Catch.Tests/CatchBeatmapConversionTest.cs:line 58
   at InvokeStub_CatchBeatmapConversionTest.Test(Object, Span`1)

235)    at osu.Game.Tests.Beatmaps.BeatmapConversionTest`2.<>c__DisplayClass4_1.<Test>b__2() in /app/osu.Game/Tests/Beatmaps/BeatmapConversionTest.cs:line 98
   at NUnit.Framework.Assert.Multiple(TestDelegate testDelegate)
   at osu.Game.Tests.Beatmaps.BeatmapConversionTest`2.<>c__DisplayClass4_0.<Test>b__1() in /app/osu.Game/Tests/Beatmaps/BeatmapConversionTest.cs:line 77
   at NUnit.Framework.Assert.Multiple(TestDelegate testDelegate)
   at osu.Game.Tests.Beatmaps.BeatmapConversionTest`2.Test(String name, Type[] mods) in /app/osu.Game/Tests/Beatmaps/BeatmapConversionTest.cs:line 50
   at osu.Game.Rulesets.Catch.Tests.CatchBeatmapConversionTest.Test(String name, Type[] mods) in /app/osu.Game.Rulesets.Catch.Tests/CatchBeatmapConversionTest.cs:line 58
   at InvokeStub_CatchBeatmapConversionTest.Test(Object, Span`1)

236)    at osu.Game.Tests.Beatmaps.BeatmapConversionTest`2.<>c__DisplayClass4_1.<Test>b__2() in /app/osu.Game/Tests/Beatmaps/BeatmapConversionTest.cs:line 98
   at NUnit.Framework.Assert.Multiple(TestDelegate testDelegate)
   at osu.Game.Tests.Beatmaps.BeatmapConversionTest`2.<>c__DisplayClass4_0.<Test>b__1() in /app/osu.Game/Tests/Beatmaps/BeatmapConversionTest.cs:line 77
   at NUnit.Framework.Assert.Multiple(TestDelegate testDelegate)
   at osu.Game.Tests.Beatmaps.BeatmapConversionTest`2.Test(String name, Type[] mods) in /app/osu.Game/Tests/Beatmaps/BeatmapConversionTest.cs:line 50
   at osu.Game.Rulesets.Catch.Tests.CatchBeatmapConversionTest.Test(String name, Type[] mods) in /app/osu.Game.Rulesets.Catch.Tests/CatchBeatmapConversionTest.cs:line 58
   at InvokeStub_CatchBeatmapConversionTest.Test(Object, Span`1)

237)    at osu.Game.Tests.Beatmaps.BeatmapConversionTest`2.<>c__DisplayClass4_1.<Test>b__2() in /app/osu.Game/Tests/Beatmaps/BeatmapConversionTest.cs:line 98
   at NUnit.Framework.Assert.Multiple(TestDelegate testDelegate)
   at osu.Game.Tests.Beatmaps.BeatmapConversionTest`2.<>c__DisplayClass4_0.<Test>b__1() in /app/osu.Game/Tests/Beatmaps/BeatmapConversionTest.cs:line 77
   at NUnit.Framework.Assert.Multiple(TestDelegate testDelegate)
   at osu.Game.Tests.Beatmaps.BeatmapConversionTest`2.Test(String name, Type[] mods) in /app/osu.Game/Tests/Beatmaps/BeatmapConversionTest.cs:line 50
   at osu.Game.Rulesets.Catch.Tests.CatchBeatmapConversionTest.Test(String name, Type[] mods) in /app/osu.Game.Rulesets.Catch.Tests/CatchBeatmapConversionTest.cs:line 58
   at InvokeStub_CatchBeatmapConversionTest.Test(Object, Span`1)

238)    at osu.Game.Tests.Beatmaps.BeatmapConversionTest`2.<>c__DisplayClass4_1.<Test>b__2() in /app/osu.Game/Tests/Beatmaps/BeatmapConversionTest.cs:line 98
   at NUnit.Framework.Assert.Multiple(TestDelegate testDelegate)
   at osu.Game.Tests.Beatmaps.BeatmapConversionTest`2.<>c__DisplayClass4_0.<Test>b__1() in /app/osu.Game/Tests/Beatmaps/BeatmapConversionTest.cs:line 77
   at NUnit.Framework.Assert.Multiple(TestDelegate testDelegate)
   at osu.Game.Tests.Beatmaps.BeatmapConversionTest`2.Test(String name, Type[] mods) in /app/osu.Game/Tests/Beatmaps/BeatmapConversionTest.cs:line 50
   at osu.Game.Rulesets.Catch.Tests.CatchBeatmapConversionTest.Test(String name, Type[] mods) in /app/osu.Game.Rulesets.Catch.Tests/CatchBeatmapConversionTest.cs:line 58
   at InvokeStub_CatchBeatmapConversionTest.Test(Object, Span`1)

239)    at osu.Game.Tests.Beatmaps.BeatmapConversionTest`2.<>c__DisplayClass4_1.<Test>b__2() in /app/osu.Game/Tests/Beatmaps/BeatmapConversionTest.cs:line 98
   at NUnit.Framework.Assert.Multiple(TestDelegate testDelegate)
   at osu.Game.Tests.Beatmaps.BeatmapConversionTest`2.<>c__DisplayClass4_0.<Test>b__1() in /app/osu.Game/Tests/Beatmaps/BeatmapConversionTest.cs:line 77
   at NUnit.Framework.Assert.Multiple(TestDelegate testDelegate)
   at osu.Game.Tests.Beatmaps.BeatmapConversionTest`2.Test(String name, Type[] mods) in /app/osu.Game/Tests/Beatmaps/BeatmapConversionTest.cs:line 50
   at osu.Game.Rulesets.Catch.Tests.CatchBeatmapConversionTest.Test(String name, Type[] mods) in /app/osu.Game.Rulesets.Catch.Tests/CatchBeatmapConversionTest.cs:line 58
   at InvokeStub_CatchBeatmapConversionTest.Test(Object, Span`1)

240)    at osu.Game.Tests.Beatmaps.BeatmapConversionTest`2.<>c__DisplayClass4_1.<Test>b__2() in /app/osu.Game/Tests/Beatmaps/BeatmapConversionTest.cs:line 98
   at NUnit.Framework.Assert.Multiple(TestDelegate testDelegate)
   at osu.Game.Tests.Beatmaps.BeatmapConversionTest`2.<>c__DisplayClass4_0.<Test>b__1() in /app/osu.Game/Tests/Beatmaps/BeatmapConversionTest.cs:line 77
   at NUnit.Framework.Assert.Multiple(TestDelegate testDelegate)
   at osu.Game.Tests.Beatmaps.BeatmapConversionTest`2.Test(String name, Type[] mods) in /app/osu.Game/Tests/Beatmaps/BeatmapConversionTest.cs:line 50
   at osu.Game.Rulesets.Catch.Tests.CatchBeatmapConversionTest.Test(String name, Type[] mods) in /app/osu.Game.Rulesets.Catch.Tests/CatchBeatmapConversionTest.cs:line 58
   at InvokeStub_CatchBeatmapConversionTest.Test(Object, Span`1)

241)    at osu.Game.Tests.Beatmaps.BeatmapConversionTest`2.<>c__DisplayClass4_1.<Test>b__2() in /app/osu.Game/Tests/Beatmaps/BeatmapConversionTest.cs:line 98
   at NUnit.Framework.Assert.Multiple(TestDelegate testDelegate)
   at osu.Game.Tests.Beatmaps.BeatmapConversionTest`2.<>c__DisplayClass4_0.<Test>b__1() in /app/osu.Game/Tests/Beatmaps/BeatmapConversionTest.cs:line 77
   at NUnit.Framework.Assert.Multiple(TestDelegate testDelegate)
   at osu.Game.Tests.Beatmaps.BeatmapConversionTest`2.Test(String name, Type[] mods) in /app/osu.Game/Tests/Beatmaps/BeatmapConversionTest.cs:line 50
   at osu.Game.Rulesets.Catch.Tests.CatchBeatmapConversionTest.Test(String name, Type[] mods) in /app/osu.Game.Rulesets.Catch.Tests/CatchBeatmapConversionTest.cs:line 58
   at InvokeStub_CatchBeatmapConversionTest.Test(Object, Span`1)

242)    at osu.Game.Tests.Beatmaps.BeatmapConversionTest`2.<>c__DisplayClass4_1.<Test>b__2() in /app/osu.Game/Tests/Beatmaps/BeatmapConversionTest.cs:line 98
   at NUnit.Framework.Assert.Multiple(TestDelegate testDelegate)
   at osu.Game.Tests.Beatmaps.BeatmapConversionTest`2.<>c__DisplayClass4_0.<Test>b__1() in /app/osu.Game/Tests/Beatmaps/BeatmapConversionTest.cs:line 77
   at NUnit.Framework.Assert.Multiple(TestDelegate testDelegate)
   at osu.Game.Tests.Beatmaps.BeatmapConversionTest`2.Test(String name, Type[] mods) in /app/osu.Game/Tests/Beatmaps/BeatmapConversionTest.cs:line 50
   at osu.Game.Rulesets.Catch.Tests.CatchBeatmapConversionTest.Test(String name, Type[] mods) in /app/osu.Game.Rulesets.Catch.Tests/CatchBeatmapConversionTest.cs:line 58
   at InvokeStub_CatchBeatmapConversionTest.Test(Object, Span`1)

243)    at osu.Game.Tests.Beatmaps.BeatmapConversionTest`2.<>c__DisplayClass4_1.<Test>b__2() in /app/osu.Game/Tests/Beatmaps/BeatmapConversionTest.cs:line 98
   at NUnit.Framework.Assert.Multiple(TestDelegate testDelegate)
   at osu.Game.Tests.Beatmaps.BeatmapConversionTest`2.<>c__DisplayClass4_0.<Test>b__1() in /app/osu.Game/Tests/Beatmaps/BeatmapConversionTest.cs:line 77
   at NUnit.Framework.Assert.Multiple(TestDelegate testDelegate)
   at osu.Game.Tests.Beatmaps.BeatmapConversionTest`2.Test(String name, Type[] mods) in /app/osu.Game/Tests/Beatmaps/BeatmapConversionTest.cs:line 50
   at osu.Game.Rulesets.Catch.Tests.CatchBeatmapConversionTest.Test(String name, Type[] mods) in /app/osu.Game.Rulesets.Catch.Tests/CatchBeatmapConversionTest.cs:line 58
   at InvokeStub_CatchBeatmapConversionTest.Test(Object, Span`1)

244)    at osu.Game.Tests.Beatmaps.BeatmapConversionTest`2.<>c__DisplayClass4_1.<Test>b__2() in /app/osu.Game/Tests/Beatmaps/BeatmapConversionTest.cs:line 98
   at NUnit.Framework.Assert.Multiple(TestDelegate testDelegate)
   at osu.Game.Tests.Beatmaps.BeatmapConversionTest`2.<>c__DisplayClass4_0.<Test>b__1() in /app/osu.Game/Tests/Beatmaps/BeatmapConversionTest.cs:line 77
   at NUnit.Framework.Assert.Multiple(TestDelegate testDelegate)
   at osu.Game.Tests.Beatmaps.BeatmapConversionTest`2.Test(String name, Type[] mods) in /app/osu.Game/Tests/Beatmaps/BeatmapConversionTest.cs:line 50
   at osu.Game.Rulesets.Catch.Tests.CatchBeatmapConversionTest.Test(String name, Type[] mods) in /app/osu.Game.Rulesets.Catch.Tests/CatchBeatmapConversionTest.cs:line 58
   at InvokeStub_CatchBeatmapConversionTest.Test(Object, Span`1)

245)    at osu.Game.Tests.Beatmaps.BeatmapConversionTest`2.<>c__DisplayClass4_1.<Test>b__2() in /app/osu.Game/Tests/Beatmaps/BeatmapConversionTest.cs:line 98
   at NUnit.Framework.Assert.Multiple(TestDelegate testDelegate)
   at osu.Game.Tests.Beatmaps.BeatmapConversionTest`2.<>c__DisplayClass4_0.<Test>b__1() in /app/osu.Game/Tests/Beatmaps/BeatmapConversionTest.cs:line 77
   at NUnit.Framework.Assert.Multiple(TestDelegate testDelegate)
   at osu.Game.Tests.Beatmaps.BeatmapConversionTest`2.Test(String name, Type[] mods) in /app/osu.Game/Tests/Beatmaps/BeatmapConversionTest.cs:line 50
   at osu.Game.Rulesets.Catch.Tests.CatchBeatmapConversionTest.Test(String name, Type[] mods) in /app/osu.Game.Rulesets.Catch.Tests/CatchBeatmapConversionTest.cs:line 58
   at InvokeStub_CatchBeatmapConversionTest.Test(Object, Span`1)

246)    at osu.Game.Tests.Beatmaps.BeatmapConversionTest`2.<>c__DisplayClass4_1.<Test>b__2() in /app/osu.Game/Tests/Beatmaps/BeatmapConversionTest.cs:line 98
   at NUnit.Framework.Assert.Multiple(TestDelegate testDelegate)
   at osu.Game.Tests.Beatmaps.BeatmapConversionTest`2.<>c__DisplayClass4_0.<Test>b__1() in /app/osu.Game/Tests/Beatmaps/BeatmapConversionTest.cs:line 77
   at NUnit.Framework.Assert.Multiple(TestDelegate testDelegate)
   at osu.Game.Tests.Beatmaps.BeatmapConversionTest`2.Test(String name, Type[] mods) in /app/osu.Game/Tests/Beatmaps/BeatmapConversionTest.cs:line 50
   at osu.Game.Rulesets.Catch.Tests.CatchBeatmapConversionTest.Test(String name, Type[] mods) in /app/osu.Game.Rulesets.Catch.Tests/CatchBeatmapConversionTest.cs:line 58
   at InvokeStub_CatchBeatmapConversionTest.Test(Object, Span`1)

247)    at osu.Game.Tests.Beatmaps.BeatmapConversionTest`2.<>c__DisplayClass4_1.<Test>b__2() in /app/osu.Game/Tests/Beatmaps/BeatmapConversionTest.cs:line 98
   at NUnit.Framework.Assert.Multiple(TestDelegate testDelegate)
   at osu.Game.Tests.Beatmaps.BeatmapConversionTest`2.<>c__DisplayClass4_0.<Test>b__1() in /app/osu.Game/Tests/Beatmaps/BeatmapConversionTest.cs:line 77
   at NUnit.Framework.Assert.Multiple(TestDelegate testDelegate)
   at osu.Game.Tests.Beatmaps.BeatmapConversionTest`2.Test(String name, Type[] mods) in /app/osu.Game/Tests/Beatmaps/BeatmapConversionTest.cs:line 50
   at osu.Game.Rulesets.Catch.Tests.CatchBeatmapConversionTest.Test(String name, Type[] mods) in /app/osu.Game.Rulesets.Catch.Tests/CatchBeatmapConversionTest.cs:line 58
   at InvokeStub_CatchBeatmapConversionTest.Test(Object, Span`1)

248)    at osu.Game.Tests.Beatmaps.BeatmapConversionTest`2.<>c__DisplayClass4_1.<Test>b__2() in /app/osu.Game/Tests/Beatmaps/BeatmapConversionTest.cs:line 98
   at NUnit.Framework.Assert.Multiple(TestDelegate testDelegate)
   at osu.Game.Tests.Beatmaps.BeatmapConversionTest`2.<>c__DisplayClass4_0.<Test>b__1() in /app/osu.Game/Tests/Beatmaps/BeatmapConversionTest.cs:line 77
   at NUnit.Framework.Assert.Multiple(TestDelegate testDelegate)
   at osu.Game.Tests.Beatmaps.BeatmapConversionTest`2.Test(String name, Type[] mods) in /app/osu.Game/Tests/Beatmaps/BeatmapConversionTest.cs:line 50
   at osu.Game.Rulesets.Catch.Tests.CatchBeatmapConversionTest.Test(String name, Type[] mods) in /app/osu.Game.Rulesets.Catch.Tests/CatchBeatmapConversionTest.cs:line 58
   at InvokeStub_CatchBeatmapConversionTest.Test(Object, Span`1)

249)    at osu.Game.Tests.Beatmaps.BeatmapConversionTest`2.<>c__DisplayClass4_1.<Test>b__2() in /app/osu.Game/Tests/Beatmaps/BeatmapConversionTest.cs:line 98
   at NUnit.Framework.Assert.Multiple(TestDelegate testDelegate)
   at osu.Game.Tests.Beatmaps.BeatmapConversionTest`2.<>c__DisplayClass4_0.<Test>b__1() in /app/osu.Game/Tests/Beatmaps/BeatmapConversionTest.cs:line 77
   at NUnit.Framework.Assert.Multiple(TestDelegate testDelegate)
   at osu.Game.Tests.Beatmaps.BeatmapConversionTest`2.Test(String name, Type[] mods) in /app/osu.Game/Tests/Beatmaps/BeatmapConversionTest.cs:line 50
   at osu.Game.Rulesets.Catch.Tests.CatchBeatmapConversionTest.Test(String name, Type[] mods) in /app/osu.Game.Rulesets.Catch.Tests/CatchBeatmapConversionTest.cs:line 58
   at InvokeStub_CatchBeatmapConversionTest.Test(Object, Span`1)

250)    at osu.Game.Tests.Beatmaps.BeatmapConversionTest`2.<>c__DisplayClass4_1.<Test>b__2() in /app/osu.Game/Tests/Beatmaps/BeatmapConversionTest.cs:line 98
   at NUnit.Framework.Assert.Multiple(TestDelegate testDelegate)
   at osu.Game.Tests.Beatmaps.BeatmapConversionTest`2.<>c__DisplayClass4_0.<Test>b__1() in /app/osu.Game/Tests/Beatmaps/BeatmapConversionTest.cs:line 77
   at NUnit.Framework.Assert.Multiple(TestDelegate testDelegate)
   at osu.Game.Tests.Beatmaps.BeatmapConversionTest`2.Test(String name, Type[] mods) in /app/osu.Game/Tests/Beatmaps/BeatmapConversionTest.cs:line 50
   at osu.Game.Rulesets.Catch.Tests.CatchBeatmapConversionTest.Test(String name, Type[] mods) in /app/osu.Game.Rulesets.Catch.Tests/CatchBeatmapConversionTest.cs:line 58
   at InvokeStub_CatchBeatmapConversionTest.Test(Object, Span`1)

251)    at osu.Game.Tests.Beatmaps.BeatmapConversionTest`2.<>c__DisplayClass4_1.<Test>b__2() in /app/osu.Game/Tests/Beatmaps/BeatmapConversionTest.cs:line 98
   at NUnit.Framework.Assert.Multiple(TestDelegate testDelegate)
   at osu.Game.Tests.Beatmaps.BeatmapConversionTest`2.<>c__DisplayClass4_0.<Test>b__1() in /app/osu.Game/Tests/Beatmaps/BeatmapConversionTest.cs:line 77
   at NUnit.Framework.Assert.Multiple(TestDelegate testDelegate)
   at osu.Game.Tests.Beatmaps.BeatmapConversionTest`2.Test(String name, Type[] mods) in /app/osu.Game/Tests/Beatmaps/BeatmapConversionTest.cs:line 50
   at osu.Game.Rulesets.Catch.Tests.CatchBeatmapConversionTest.Test(String name, Type[] mods) in /app/osu.Game.Rulesets.Catch.Tests/CatchBeatmapConversionTest.cs:line 58
   at InvokeStub_CatchBeatmapConversionTest.Test(Object, Span`1)

252)    at osu.Game.Tests.Beatmaps.BeatmapConversionTest`2.<>c__DisplayClass4_1.<Test>b__2() in /app/osu.Game/Tests/Beatmaps/BeatmapConversionTest.cs:line 98
   at NUnit.Framework.Assert.Multiple(TestDelegate testDelegate)
   at osu.Game.Tests.Beatmaps.BeatmapConversionTest`2.<>c__DisplayClass4_0.<Test>b__1() in /app/osu.Game/Tests/Beatmaps/BeatmapConversionTest.cs:line 77
   at NUnit.Framework.Assert.Multiple(TestDelegate testDelegate)
   at osu.Game.Tests.Beatmaps.BeatmapConversionTest`2.Test(String name, Type[] mods) in /app/osu.Game/Tests/Beatmaps/BeatmapConversionTest.cs:line 50
   at osu.Game.Rulesets.Catch.Tests.CatchBeatmapConversionTest.Test(String name, Type[] mods) in /app/osu.Game.Rulesets.Catch.Tests/CatchBeatmapConversionTest.cs:line 58
   at InvokeStub_CatchBeatmapConversionTest.Test(Object, Span`1)

253)    at osu.Game.Tests.Beatmaps.BeatmapConversionTest`2.<>c__DisplayClass4_1.<Test>b__2() in /app/osu.Game/Tests/Beatmaps/BeatmapConversionTest.cs:line 98
   at NUnit.Framework.Assert.Multiple(TestDelegate testDelegate)
   at osu.Game.Tests.Beatmaps.BeatmapConversionTest`2.<>c__DisplayClass4_0.<Test>b__1() in /app/osu.Game/Tests/Beatmaps/BeatmapConversionTest.cs:line 77
   at NUnit.Framework.Assert.Multiple(TestDelegate testDelegate)
   at osu.Game.Tests.Beatmaps.BeatmapConversionTest`2.Test(String name, Type[] mods) in /app/osu.Game/Tests/Beatmaps/BeatmapConversionTest.cs:line 50
   at osu.Game.Rulesets.Catch.Tests.CatchBeatmapConversionTest.Test(String name, Type[] mods) in /app/osu.Game.Rulesets.Catch.Tests/CatchBeatmapConversionTest.cs:line 58
   at InvokeStub_CatchBeatmapConversionTest.Test(Object, Span`1)

254)    at osu.Game.Tests.Beatmaps.BeatmapConversionTest`2.<>c__DisplayClass4_1.<Test>b__2() in /app/osu.Game/Tests/Beatmaps/BeatmapConversionTest.cs:line 98
   at NUnit.Framework.Assert.Multiple(TestDelegate testDelegate)
   at osu.Game.Tests.Beatmaps.BeatmapConversionTest`2.<>c__DisplayClass4_0.<Test>b__1() in /app/osu.Game/Tests/Beatmaps/BeatmapConversionTest.cs:line 77
   at NUnit.Framework.Assert.Multiple(TestDelegate testDelegate)
   at osu.Game.Tests.Beatmaps.BeatmapConversionTest`2.Test(String name, Type[] mods) in /app/osu.Game/Tests/Beatmaps/BeatmapConversionTest.cs:line 50
   at osu.Game.Rulesets.Catch.Tests.CatchBeatmapConversionTest.Test(String name, Type[] mods) in /app/osu.Game.Rulesets.Catch.Tests/CatchBeatmapConversionTest.cs:line 58
   at InvokeStub_CatchBeatmapConversionTest.Test(Object, Span`1)

255)    at osu.Game.Tests.Beatmaps.BeatmapConversionTest`2.<>c__DisplayClass4_1.<Test>b__2() in /app/osu.Game/Tests/Beatmaps/BeatmapConversionTest.cs:line 98
   at NUnit.Framework.Assert.Multiple(TestDelegate testDelegate)
   at osu.Game.Tests.Beatmaps.BeatmapConversionTest`2.<>c__DisplayClass4_0.<Test>b__1() in /app/osu.Game/Tests/Beatmaps/BeatmapConversionTest.cs:line 77
   at NUnit.Framework.Assert.Multiple(TestDelegate testDelegate)
   at osu.Game.Tests.Beatmaps.BeatmapConversionTest`2.Test(String name, Type[] mods) in /app/osu.Game/Tests/Beatmaps/BeatmapConversionTest.cs:line 50
   at osu.Game.Rulesets.Catch.Tests.CatchBeatmapConversionTest.Test(String name, Type[] mods) in /app/osu.Game.Rulesets.Catch.Tests/CatchBeatmapConversionTest.cs:line 58
   at InvokeStub_CatchBeatmapConversionTest.Test(Object, Span`1)

256)    at osu.Game.Tests.Beatmaps.BeatmapConversionTest`2.<>c__DisplayClass4_1.<Test>b__2() in /app/osu.Game/Tests/Beatmaps/BeatmapConversionTest.cs:line 98
   at NUnit.Framework.Assert.Multiple(TestDelegate testDelegate)
   at osu.Game.Tests.Beatmaps.BeatmapConversionTest`2.<>c__DisplayClass4_0.<Test>b__1() in /app/osu.Game/Tests/Beatmaps/BeatmapConversionTest.cs:line 77
   at NUnit.Framework.Assert.Multiple(TestDelegate testDelegate)
   at osu.Game.Tests.Beatmaps.BeatmapConversionTest`2.Test(String name, Type[] mods) in /app/osu.Game/Tests/Beatmaps/BeatmapConversionTest.cs:line 50
   at osu.Game.Rulesets.Catch.Tests.CatchBeatmapConversionTest.Test(String name, Type[] mods) in /app/osu.Game.Rulesets.Catch.Tests/CatchBeatmapConversionTest.cs:line 58
   at InvokeStub_CatchBeatmapConversionTest.Test(Object, Span`1)

257)    at osu.Game.Tests.Beatmaps.BeatmapConversionTest`2.<>c__DisplayClass4_1.<Test>b__2() in /app/osu.Game/Tests/Beatmaps/BeatmapConversionTest.cs:line 98
   at NUnit.Framework.Assert.Multiple(TestDelegate testDelegate)
   at osu.Game.Tests.Beatmaps.BeatmapConversionTest`2.<>c__DisplayClass4_0.<Test>b__1() in /app/osu.Game/Tests/Beatmaps/BeatmapConversionTest.cs:line 77
   at NUnit.Framework.Assert.Multiple(TestDelegate testDelegate)
   at osu.Game.Tests.Beatmaps.BeatmapConversionTest`2.Test(String name, Type[] mods) in /app/osu.Game/Tests/Beatmaps/BeatmapConversionTest.cs:line 50
   at osu.Game.Rulesets.Catch.Tests.CatchBeatmapConversionTest.Test(String name, Type[] mods) in /app/osu.Game.Rulesets.Catch.Tests/CatchBeatmapConversionTest.cs:line 58
   at InvokeStub_CatchBeatmapConversionTest.Test(Object, Span`1)

258)    at osu.Game.Tests.Beatmaps.BeatmapConversionTest`2.<>c__DisplayClass4_1.<Test>b__2() in /app/osu.Game/Tests/Beatmaps/BeatmapConversionTest.cs:line 98
   at NUnit.Framework.Assert.Multiple(TestDelegate testDelegate)
   at osu.Game.Tests.Beatmaps.BeatmapConversionTest`2.<>c__DisplayClass4_0.<Test>b__1() in /app/osu.Game/Tests/Beatmaps/BeatmapConversionTest.cs:line 77
   at NUnit.Framework.Assert.Multiple(TestDelegate testDelegate)
   at osu.Game.Tests.Beatmaps.BeatmapConversionTest`2.Test(String name, Type[] mods) in /app/osu.Game/Tests/Beatmaps/BeatmapConversionTest.cs:line 50
   at osu.Game.Rulesets.Catch.Tests.CatchBeatmapConversionTest.Test(String name, Type[] mods) in /app/osu.Game.Rulesets.Catch.Tests/CatchBeatmapConversionTest.cs:line 58
   at InvokeStub_CatchBeatmapConversionTest.Test(Object, Span`1)

259)    at osu.Game.Tests.Beatmaps.BeatmapConversionTest`2.<>c__DisplayClass4_1.<Test>b__2() in /app/osu.Game/Tests/Beatmaps/BeatmapConversionTest.cs:line 98
   at NUnit.Framework.Assert.Multiple(TestDelegate testDelegate)
   at osu.Game.Tests.Beatmaps.BeatmapConversionTest`2.<>c__DisplayClass4_0.<Test>b__1() in /app/osu.Game/Tests/Beatmaps/BeatmapConversionTest.cs:line 77
   at NUnit.Framework.Assert.Multiple(TestDelegate testDelegate)
   at osu.Game.Tests.Beatmaps.BeatmapConversionTest`2.Test(String name, Type[] mods) in /app/osu.Game/Tests/Beatmaps/BeatmapConversionTest.cs:line 50
   at osu.Game.Rulesets.Catch.Tests.CatchBeatmapConversionTest.Test(String name, Type[] mods) in /app/osu.Game.Rulesets.Catch.Tests/CatchBeatmapConversionTest.cs:line 58
   at InvokeStub_CatchBeatmapConversionTest.Test(Object, Span`1)

260)    at osu.Game.Tests.Beatmaps.BeatmapConversionTest`2.<>c__DisplayClass4_1.<Test>b__2() in /app/osu.Game/Tests/Beatmaps/BeatmapConversionTest.cs:line 98
   at NUnit.Framework.Assert.Multiple(TestDelegate testDelegate)
   at osu.Game.Tests.Beatmaps.BeatmapConversionTest`2.<>c__DisplayClass4_0.<Test>b__1() in /app/osu.Game/Tests/Beatmaps/BeatmapConversionTest.cs:line 77
   at NUnit.Framework.Assert.Multiple(TestDelegate testDelegate)
   at osu.Game.Tests.Beatmaps.BeatmapConversionTest`2.Test(String name, Type[] mods) in /app/osu.Game/Tests/Beatmaps/BeatmapConversionTest.cs:line 50
   at osu.Game.Rulesets.Catch.Tests.CatchBeatmapConversionTest.Test(String name, Type[] mods) in /app/osu.Game.Rulesets.Catch.Tests/CatchBeatmapConversionTest.cs:line 58
   at InvokeStub_CatchBeatmapConversionTest.Test(Object, Span`1)

261)    at osu.Game.Tests.Beatmaps.BeatmapConversionTest`2.<>c__DisplayClass4_1.<Test>b__2() in /app/osu.Game/Tests/Beatmaps/BeatmapConversionTest.cs:line 98
   at NUnit.Framework.Assert.Multiple(TestDelegate testDelegate)
   at osu.Game.Tests.Beatmaps.BeatmapConversionTest`2.<>c__DisplayClass4_0.<Test>b__1() in /app/osu.Game/Tests/Beatmaps/BeatmapConversionTest.cs:line 77
   at NUnit.Framework.Assert.Multiple(TestDelegate testDelegate)
   at osu.Game.Tests.Beatmaps.BeatmapConversionTest`2.Test(String name, Type[] mods) in /app/osu.Game/Tests/Beatmaps/BeatmapConversionTest.cs:line 50
   at osu.Game.Rulesets.Catch.Tests.CatchBeatmapConversionTest.Test(String name, Type[] mods) in /app/osu.Game.Rulesets.Catch.Tests/CatchBeatmapConversionTest.cs:line 58
   at InvokeStub_CatchBeatmapConversionTest.Test(Object, Span`1)

262)    at osu.Game.Tests.Beatmaps.BeatmapConversionTest`2.<>c__DisplayClass4_1.<Test>b__2() in /app/osu.Game/Tests/Beatmaps/BeatmapConversionTest.cs:line 98
   at NUnit.Framework.Assert.Multiple(TestDelegate testDelegate)
   at osu.Game.Tests.Beatmaps.BeatmapConversionTest`2.<>c__DisplayClass4_0.<Test>b__1() in /app/osu.Game/Tests/Beatmaps/BeatmapConversionTest.cs:line 77
   at NUnit.Framework.Assert.Multiple(TestDelegate testDelegate)
   at osu.Game.Tests.Beatmaps.BeatmapConversionTest`2.Test(String name, Type[] mods) in /app/osu.Game/Tests/Beatmaps/BeatmapConversionTest.cs:line 50
   at osu.Game.Rulesets.Catch.Tests.CatchBeatmapConversionTest.Test(String name, Type[] mods) in /app/osu.Game.Rulesets.Catch.Tests/CatchBeatmapConversionTest.cs:line 58
   at InvokeStub_CatchBeatmapConversionTest.Test(Object, Span`1)

263)    at osu.Game.Tests.Beatmaps.BeatmapConversionTest`2.<>c__DisplayClass4_1.<Test>b__2() in /app/osu.Game/Tests/Beatmaps/BeatmapConversionTest.cs:line 98
   at NUnit.Framework.Assert.Multiple(TestDelegate testDelegate)
   at osu.Game.Tests.Beatmaps.BeatmapConversionTest`2.<>c__DisplayClass4_0.<Test>b__1() in /app/osu.Game/Tests/Beatmaps/BeatmapConversionTest.cs:line 77
   at NUnit.Framework.Assert.Multiple(TestDelegate testDelegate)
   at osu.Game.Tests.Beatmaps.BeatmapConversionTest`2.Test(String name, Type[] mods) in /app/osu.Game/Tests/Beatmaps/BeatmapConversionTest.cs:line 50
   at osu.Game.Rulesets.Catch.Tests.CatchBeatmapConversionTest.Test(String name, Type[] mods) in /app/osu.Game.Rulesets.Catch.Tests/CatchBeatmapConversionTest.cs:line 58
   at InvokeStub_CatchBeatmapConversionTest.Test(Object, Span`1)

264)    at osu.Game.Tests.Beatmaps.BeatmapConversionTest`2.<>c__DisplayClass4_1.<Test>b__2() in /app/osu.Game/Tests/Beatmaps/BeatmapConversionTest.cs:line 98
   at NUnit.Framework.Assert.Multiple(TestDelegate testDelegate)
   at osu.Game.Tests.Beatmaps.BeatmapConversionTest`2.<>c__DisplayClass4_0.<Test>b__1() in /app/osu.Game/Tests/Beatmaps/BeatmapConversionTest.cs:line 77
   at NUnit.Framework.Assert.Multiple(TestDelegate testDelegate)
   at osu.Game.Tests.Beatmaps.BeatmapConversionTest`2.Test(String name, Type[] mods) in /app/osu.Game/Tests/Beatmaps/BeatmapConversionTest.cs:line 50
   at osu.Game.Rulesets.Catch.Tests.CatchBeatmapConversionTest.Test(String name, Type[] mods) in /app/osu.Game.Rulesets.Catch.Tests/CatchBeatmapConversionTest.cs:line 58
   at InvokeStub_CatchBeatmapConversionTest.Test(Object, Span`1)

265)    at osu.Game.Tests.Beatmaps.BeatmapConversionTest`2.<>c__DisplayClass4_1.<Test>b__2() in /app/osu.Game/Tests/Beatmaps/BeatmapConversionTest.cs:line 98
   at NUnit.Framework.Assert.Multiple(TestDelegate testDelegate)
   at osu.Game.Tests.Beatmaps.BeatmapConversionTest`2.<>c__DisplayClass4_0.<Test>b__1() in /app/osu.Game/Tests/Beatmaps/BeatmapConversionTest.cs:line 77
   at NUnit.Framework.Assert.Multiple(TestDelegate testDelegate)
   at osu.Game.Tests.Beatmaps.BeatmapConversionTest`2.Test(String name, Type[] mods) in /app/osu.Game/Tests/Beatmaps/BeatmapConversionTest.cs:line 50
   at osu.Game.Rulesets.Catch.Tests.CatchBeatmapConversionTest.Test(String name, Type[] mods) in /app/osu.Game.Rulesets.Catch.Tests/CatchBeatmapConversionTest.cs:line 58
   at InvokeStub_CatchBeatmapConversionTest.Test(Object, Span`1)

266)    at osu.Game.Tests.Beatmaps.BeatmapConversionTest`2.<>c__DisplayClass4_1.<Test>b__2() in /app/osu.Game/Tests/Beatmaps/BeatmapConversionTest.cs:line 98
   at NUnit.Framework.Assert.Multiple(TestDelegate testDelegate)
   at osu.Game.Tests.Beatmaps.BeatmapConversionTest`2.<>c__DisplayClass4_0.<Test>b__1() in /app/osu.Game/Tests/Beatmaps/BeatmapConversionTest.cs:line 77
   at NUnit.Framework.Assert.Multiple(TestDelegate testDelegate)
   at osu.Game.Tests.Beatmaps.BeatmapConversionTest`2.Test(String name, Type[] mods) in /app/osu.Game/Tests/Beatmaps/BeatmapConversionTest.cs:line 50
   at osu.Game.Rulesets.Catch.Tests.CatchBeatmapConversionTest.Test(String name, Type[] mods) in /app/osu.Game.Rulesets.Catch.Tests/CatchBeatmapConversionTest.cs:line 58
   at InvokeStub_CatchBeatmapConversionTest.Test(Object, Span`1)

267)    at osu.Game.Tests.Beatmaps.BeatmapConversionTest`2.<>c__DisplayClass4_1.<Test>b__2() in /app/osu.Game/Tests/Beatmaps/BeatmapConversionTest.cs:line 98
   at NUnit.Framework.Assert.Multiple(TestDelegate testDelegate)
   at osu.Game.Tests.Beatmaps.BeatmapConversionTest`2.<>c__DisplayClass4_0.<Test>b__1() in /app/osu.Game/Tests/Beatmaps/BeatmapConversionTest.cs:line 77
   at NUnit.Framework.Assert.Multiple(TestDelegate testDelegate)
   at osu.Game.Tests.Beatmaps.BeatmapConversionTest`2.Test(String name, Type[] mods) in /app/osu.Game/Tests/Beatmaps/BeatmapConversionTest.cs:line 50
   at osu.Game.Rulesets.Catch.Tests.CatchBeatmapConversionTest.Test(String name, Type[] mods) in /app/osu.Game.Rulesets.Catch.Tests/CatchBeatmapConversionTest.cs:line 58
   at InvokeStub_CatchBeatmapConversionTest.Test(Object, Span`1)

268)    at osu.Game.Tests.Beatmaps.BeatmapConversionTest`2.<>c__DisplayClass4_1.<Test>b__2() in /app/osu.Game/Tests/Beatmaps/BeatmapConversionTest.cs:line 98
   at NUnit.Framework.Assert.Multiple(TestDelegate testDelegate)
   at osu.Game.Tests.Beatmaps.BeatmapConversionTest`2.<>c__DisplayClass4_0.<Test>b__1() in /app/osu.Game/Tests/Beatmaps/BeatmapConversionTest.cs:line 77
   at NUnit.Framework.Assert.Multiple(TestDelegate testDelegate)
   at osu.Game.Tests.Beatmaps.BeatmapConversionTest`2.Test(String name, Type[] mods) in /app/osu.Game/Tests/Beatmaps/BeatmapConversionTest.cs:line 50
   at osu.Game.Rulesets.Catch.Tests.CatchBeatmapConversionTest.Test(String name, Type[] mods) in /app/osu.Game.Rulesets.Catch.Tests/CatchBeatmapConversionTest.cs:line 58
   at InvokeStub_CatchBeatmapConversionTest.Test(Object, Span`1)

269)    at osu.Game.Tests.Beatmaps.BeatmapConversionTest`2.<>c__DisplayClass4_1.<Test>b__2() in /app/osu.Game/Tests/Beatmaps/BeatmapConversionTest.cs:line 98
   at NUnit.Framework.Assert.Multiple(TestDelegate testDelegate)
   at osu.Game.Tests.Beatmaps.BeatmapConversionTest`2.<>c__DisplayClass4_0.<Test>b__1() in /app/osu.Game/Tests/Beatmaps/BeatmapConversionTest.cs:line 77
   at NUnit.Framework.Assert.Multiple(TestDelegate testDelegate)
   at osu.Game.Tests.Beatmaps.BeatmapConversionTest`2.Test(String name, Type[] mods) in /app/osu.Game/Tests/Beatmaps/BeatmapConversionTest.cs:line 50
   at osu.Game.Rulesets.Catch.Tests.CatchBeatmapConversionTest.Test(String name, Type[] mods) in /app/osu.Game.Rulesets.Catch.Tests/CatchBeatmapConversionTest.cs:line 58
   at InvokeStub_CatchBeatmapConversionTest.Test(Object, Span`1)

270)    at osu.Game.Tests.Beatmaps.BeatmapConversionTest`2.<>c__DisplayClass4_1.<Test>b__2() in /app/osu.Game/Tests/Beatmaps/BeatmapConversionTest.cs:line 98
   at NUnit.Framework.Assert.Multiple(TestDelegate testDelegate)
   at osu.Game.Tests.Beatmaps.BeatmapConversionTest`2.<>c__DisplayClass4_0.<Test>b__1() in /app/osu.Game/Tests/Beatmaps/BeatmapConversionTest.cs:line 77
   at NUnit.Framework.Assert.Multiple(TestDelegate testDelegate)
   at osu.Game.Tests.Beatmaps.BeatmapConversionTest`2.Test(String name, Type[] mods) in /app/osu.Game/Tests/Beatmaps/BeatmapConversionTest.cs:line 50
   at osu.Game.Rulesets.Catch.Tests.CatchBeatmapConversionTest.Test(String name, Type[] mods) in /app/osu.Game.Rulesets.Catch.Tests/CatchBeatmapConversionTest.cs:line 58
   at InvokeStub_CatchBeatmapConversionTest.Test(Object, Span`1)

271)    at osu.Game.Tests.Beatmaps.BeatmapConversionTest`2.<>c__DisplayClass4_1.<Test>b__2() in /app/osu.Game/Tests/Beatmaps/BeatmapConversionTest.cs:line 98
   at NUnit.Framework.Assert.Multiple(TestDelegate testDelegate)
   at osu.Game.Tests.Beatmaps.BeatmapConversionTest`2.<>c__DisplayClass4_0.<Test>b__1() in /app/osu.Game/Tests/Beatmaps/BeatmapConversionTest.cs:line 77
   at NUnit.Framework.Assert.Multiple(TestDelegate testDelegate)
   at osu.Game.Tests.Beatmaps.BeatmapConversionTest`2.Test(String name, Type[] mods) in /app/osu.Game/Tests/Beatmaps/BeatmapConversionTest.cs:line 50
   at osu.Game.Rulesets.Catch.Tests.CatchBeatmapConversionTest.Test(String name, Type[] mods) in /app/osu.Game.Rulesets.Catch.Tests/CatchBeatmapConversionTest.cs:line 58
   at InvokeStub_CatchBeatmapConversionTest.Test(Object, Span`1)

272)    at osu.Game.Tests.Beatmaps.BeatmapConversionTest`2.<>c__DisplayClass4_1.<Test>b__2() in /app/osu.Game/Tests/Beatmaps/BeatmapConversionTest.cs:line 98
   at NUnit.Framework.Assert.Multiple(TestDelegate testDelegate)
   at osu.Game.Tests.Beatmaps.BeatmapConversionTest`2.<>c__DisplayClass4_0.<Test>b__1() in /app/osu.Game/Tests/Beatmaps/BeatmapConversionTest.cs:line 77
   at NUnit.Framework.Assert.Multiple(TestDelegate testDelegate)
   at osu.Game.Tests.Beatmaps.BeatmapConversionTest`2.Test(String name, Type[] mods) in /app/osu.Game/Tests/Beatmaps/BeatmapConversionTest.cs:line 50
   at osu.Game.Rulesets.Catch.Tests.CatchBeatmapConversionTest.Test(String name, Type[] mods) in /app/osu.Game.Rulesets.Catch.Tests/CatchBeatmapConversionTest.cs:line 58
   at InvokeStub_CatchBeatmapConversionTest.Test(Object, Span`1)

273)    at osu.Game.Tests.Beatmaps.BeatmapConversionTest`2.<>c__DisplayClass4_1.<Test>b__2() in /app/osu.Game/Tests/Beatmaps/BeatmapConversionTest.cs:line 98
   at NUnit.Framework.Assert.Multiple(TestDelegate testDelegate)
   at osu.Game.Tests.Beatmaps.BeatmapConversionTest`2.<>c__DisplayClass4_0.<Test>b__1() in /app/osu.Game/Tests/Beatmaps/BeatmapConversionTest.cs:line 77
   at NUnit.Framework.Assert.Multiple(TestDelegate testDelegate)
   at osu.Game.Tests.Beatmaps.BeatmapConversionTest`2.Test(String name, Type[] mods) in /app/osu.Game/Tests/Beatmaps/BeatmapConversionTest.cs:line 50
   at osu.Game.Rulesets.Catch.Tests.CatchBeatmapConversionTest.Test(String name, Type[] mods) in /app/osu.Game.Rulesets.Catch.Tests/CatchBeatmapConversionTest.cs:line 58
   at InvokeStub_CatchBeatmapConversionTest.Test(Object, Span`1)

274)    at osu.Game.Tests.Beatmaps.BeatmapConversionTest`2.<>c__DisplayClass4_1.<Test>b__2() in /app/osu.Game/Tests/Beatmaps/BeatmapConversionTest.cs:line 98
   at NUnit.Framework.Assert.Multiple(TestDelegate testDelegate)
   at osu.Game.Tests.Beatmaps.BeatmapConversionTest`2.<>c__DisplayClass4_0.<Test>b__1() in /app/osu.Game/Tests/Beatmaps/BeatmapConversionTest.cs:line 77
   at NUnit.Framework.Assert.Multiple(TestDelegate testDelegate)
   at osu.Game.Tests.Beatmaps.BeatmapConversionTest`2.Test(String name, Type[] mods) in /app/osu.Game/Tests/Beatmaps/BeatmapConversionTest.cs:line 50
   at osu.Game.Rulesets.Catch.Tests.CatchBeatmapConversionTest.Test(String name, Type[] mods) in /app/osu.Game.Rulesets.Catch.Tests/CatchBeatmapConversionTest.cs:line 58
   at InvokeStub_CatchBeatmapConversionTest.Test(Object, Span`1)

275)    at osu.Game.Tests.Beatmaps.BeatmapConversionTest`2.<>c__DisplayClass4_1.<Test>b__2() in /app/osu.Game/Tests/Beatmaps/BeatmapConversionTest.cs:line 98
   at NUnit.Framework.Assert.Multiple(TestDelegate testDelegate)
   at osu.Game.Tests.Beatmaps.BeatmapConversionTest`2.<>c__DisplayClass4_0.<Test>b__1() in /app/osu.Game/Tests/Beatmaps/BeatmapConversionTest.cs:line 77
   at NUnit.Framework.Assert.Multiple(TestDelegate testDelegate)
   at osu.Game.Tests.Beatmaps.BeatmapConversionTest`2.Test(String name, Type[] mods) in /app/osu.Game/Tests/Beatmaps/BeatmapConversionTest.cs:line 50
   at osu.Game.Rulesets.Catch.Tests.CatchBeatmapConversionTest.Test(String name, Type[] mods) in /app/osu.Game.Rulesets.Catch.Tests/CatchBeatmapConversionTest.cs:line 58
   at InvokeStub_CatchBeatmapConversionTest.Test(Object, Span`1)

276)    at osu.Game.Tests.Beatmaps.BeatmapConversionTest`2.<>c__DisplayClass4_1.<Test>b__2() in /app/osu.Game/Tests/Beatmaps/BeatmapConversionTest.cs:line 98
   at NUnit.Framework.Assert.Multiple(TestDelegate testDelegate)
   at osu.Game.Tests.Beatmaps.BeatmapConversionTest`2.<>c__DisplayClass4_0.<Test>b__1() in /app/osu.Game/Tests/Beatmaps/BeatmapConversionTest.cs:line 77
   at NUnit.Framework.Assert.Multiple(TestDelegate testDelegate)
   at osu.Game.Tests.Beatmaps.BeatmapConversionTest`2.Test(String name, Type[] mods) in /app/osu.Game/Tests/Beatmaps/BeatmapConversionTest.cs:line 50
   at osu.Game.Rulesets.Catch.Tests.CatchBeatmapConversionTest.Test(String name, Type[] mods) in /app/osu.Game.Rulesets.Catch.Tests/CatchBeatmapConversionTest.cs:line 58
   at InvokeStub_CatchBeatmapConversionTest.Test(Object, Span`1)

277)    at osu.Game.Tests.Beatmaps.BeatmapConversionTest`2.<>c__DisplayClass4_1.<Test>b__2() in /app/osu.Game/Tests/Beatmaps/BeatmapConversionTest.cs:line 98
   at NUnit.Framework.Assert.Multiple(TestDelegate testDelegate)
   at osu.Game.Tests.Beatmaps.BeatmapConversionTest`2.<>c__DisplayClass4_0.<Test>b__1() in /app/osu.Game/Tests/Beatmaps/BeatmapConversionTest.cs:line 77
   at NUnit.Framework.Assert.Multiple(TestDelegate testDelegate)
   at osu.Game.Tests.Beatmaps.BeatmapConversionTest`2.Test(String name, Type[] mods) in /app/osu.Game/Tests/Beatmaps/BeatmapConversionTest.cs:line 50
   at osu.Game.Rulesets.Catch.Tests.CatchBeatmapConversionTest.Test(String name, Type[] mods) in /app/osu.Game.Rulesets.Catch.Tests/CatchBeatmapConversionTest.cs:line 58
   at InvokeStub_CatchBeatmapConversionTest.Test(Object, Span`1)

278)    at osu.Game.Tests.Beatmaps.BeatmapConversionTest`2.<>c__DisplayClass4_1.<Test>b__2() in /app/osu.Game/Tests/Beatmaps/BeatmapConversionTest.cs:line 98
   at NUnit.Framework.Assert.Multiple(TestDelegate testDelegate)
   at osu.Game.Tests.Beatmaps.BeatmapConversionTest`2.<>c__DisplayClass4_0.<Test>b__1() in /app/osu.Game/Tests/Beatmaps/BeatmapConversionTest.cs:line 77
   at NUnit.Framework.Assert.Multiple(TestDelegate testDelegate)
   at osu.Game.Tests.Beatmaps.BeatmapConversionTest`2.Test(String name, Type[] mods) in /app/osu.Game/Tests/Beatmaps/BeatmapConversionTest.cs:line 50
   at osu.Game.Rulesets.Catch.Tests.CatchBeatmapConversionTest.Test(String name, Type[] mods) in /app/osu.Game.Rulesets.Catch.Tests/CatchBeatmapConversionTest.cs:line 58
   at InvokeStub_CatchBeatmapConversionTest.Test(Object, Span`1)

279)    at osu.Game.Tests.Beatmaps.BeatmapConversionTest`2.<>c__DisplayClass4_1.<Test>b__2() in /app/osu.Game/Tests/Beatmaps/BeatmapConversionTest.cs:line 98
   at NUnit.Framework.Assert.Multiple(TestDelegate testDelegate)
   at osu.Game.Tests.Beatmaps.BeatmapConversionTest`2.<>c__DisplayClass4_0.<Test>b__1() in /app/osu.Game/Tests/Beatmaps/BeatmapConversionTest.cs:line 77
   at NUnit.Framework.Assert.Multiple(TestDelegate testDelegate)
   at osu.Game.Tests.Beatmaps.BeatmapConversionTest`2.Test(String name, Type[] mods) in /app/osu.Game/Tests/Beatmaps/BeatmapConversionTest.cs:line 50
   at osu.Game.Rulesets.Catch.Tests.CatchBeatmapConversionTest.Test(String name, Type[] mods) in /app/osu.Game.Rulesets.Catch.Tests/CatchBeatmapConversionTest.cs:line 58
   at InvokeStub_CatchBeatmapConversionTest.Test(Object, Span`1)

280)    at osu.Game.Tests.Beatmaps.BeatmapConversionTest`2.<>c__DisplayClass4_1.<Test>b__2() in /app/osu.Game/Tests/Beatmaps/BeatmapConversionTest.cs:line 98
   at NUnit.Framework.Assert.Multiple(TestDelegate testDelegate)
   at osu.Game.Tests.Beatmaps.BeatmapConversionTest`2.<>c__DisplayClass4_0.<Test>b__1() in /app/osu.Game/Tests/Beatmaps/BeatmapConversionTest.cs:line 77
   at NUnit.Framework.Assert.Multiple(TestDelegate testDelegate)
   at osu.Game.Tests.Beatmaps.BeatmapConversionTest`2.Test(String name, Type[] mods) in /app/osu.Game/Tests/Beatmaps/BeatmapConversionTest.cs:line 50
   at osu.Game.Rulesets.Catch.Tests.CatchBeatmapConversionTest.Test(String name, Type[] mods) in /app/osu.Game.Rulesets.Catch.Tests/CatchBeatmapConversionTest.cs:line 58
   at InvokeStub_CatchBeatmapConversionTest.Test(Object, Span`1)

281)    at osu.Game.Tests.Beatmaps.BeatmapConversionTest`2.<>c__DisplayClass4_1.<Test>b__2() in /app/osu.Game/Tests/Beatmaps/BeatmapConversionTest.cs:line 98
   at NUnit.Framework.Assert.Multiple(TestDelegate testDelegate)
   at osu.Game.Tests.Beatmaps.BeatmapConversionTest`2.<>c__DisplayClass4_0.<Test>b__1() in /app/osu.Game/Tests/Beatmaps/BeatmapConversionTest.cs:line 77
   at NUnit.Framework.Assert.Multiple(TestDelegate testDelegate)
   at osu.Game.Tests.Beatmaps.BeatmapConversionTest`2.Test(String name, Type[] mods) in /app/osu.Game/Tests/Beatmaps/BeatmapConversionTest.cs:line 50
   at osu.Game.Rulesets.Catch.Tests.CatchBeatmapConversionTest.Test(String name, Type[] mods) in /app/osu.Game.Rulesets.Catch.Tests/CatchBeatmapConversionTest.cs:line 58
   at InvokeStub_CatchBeatmapConversionTest.Test(Object, Span`1)

282)    at osu.Game.Tests.Beatmaps.BeatmapConversionTest`2.<>c__DisplayClass4_1.<Test>b__2() in /app/osu.Game/Tests/Beatmaps/BeatmapConversionTest.cs:line 98
   at NUnit.Framework.Assert.Multiple(TestDelegate testDelegate)
   at osu.Game.Tests.Beatmaps.BeatmapConversionTest`2.<>c__DisplayClass4_0.<Test>b__1() in /app/osu.Game/Tests/Beatmaps/BeatmapConversionTest.cs:line 77
   at NUnit.Framework.Assert.Multiple(TestDelegate testDelegate)
   at osu.Game.Tests.Beatmaps.BeatmapConversionTest`2.Test(String name, Type[] mods) in /app/osu.Game/Tests/Beatmaps/BeatmapConversionTest.cs:line 50
   at osu.Game.Rulesets.Catch.Tests.CatchBeatmapConversionTest.Test(String name, Type[] mods) in /app/osu.Game.Rulesets.Catch.Tests/CatchBeatmapConversionTest.cs:line 58
   at InvokeStub_CatchBeatmapConversionTest.Test(Object, Span`1)

283)    at osu.Game.Tests.Beatmaps.BeatmapConversionTest`2.<>c__DisplayClass4_1.<Test>b__2() in /app/osu.Game/Tests/Beatmaps/BeatmapConversionTest.cs:line 98
   at NUnit.Framework.Assert.Multiple(TestDelegate testDelegate)
   at osu.Game.Tests.Beatmaps.BeatmapConversionTest`2.<>c__DisplayClass4_0.<Test>b__1() in /app/osu.Game/Tests/Beatmaps/BeatmapConversionTest.cs:line 77
   at NUnit.Framework.Assert.Multiple(TestDelegate testDelegate)
   at osu.Game.Tests.Beatmaps.BeatmapConversionTest`2.Test(String name, Type[] mods) in /app/osu.Game/Tests/Beatmaps/BeatmapConversionTest.cs:line 50
   at osu.Game.Rulesets.Catch.Tests.CatchBeatmapConversionTest.Test(String name, Type[] mods) in /app/osu.Game.Rulesets.Catch.Tests/CatchBeatmapConversionTest.cs:line 58
   at InvokeStub_CatchBeatmapConversionTest.Test(Object, Span`1)

284)    at osu.Game.Tests.Beatmaps.BeatmapConversionTest`2.<>c__DisplayClass4_1.<Test>b__2() in /app/osu.Game/Tests/Beatmaps/BeatmapConversionTest.cs:line 98
   at NUnit.Framework.Assert.Multiple(TestDelegate testDelegate)
   at osu.Game.Tests.Beatmaps.BeatmapConversionTest`2.<>c__DisplayClass4_0.<Test>b__1() in /app/osu.Game/Tests/Beatmaps/BeatmapConversionTest.cs:line 77
   at NUnit.Framework.Assert.Multiple(TestDelegate testDelegate)
   at osu.Game.Tests.Beatmaps.BeatmapConversionTest`2.Test(String name, Type[] mods) in /app/osu.Game/Tests/Beatmaps/BeatmapConversionTest.cs:line 50
   at osu.Game.Rulesets.Catch.Tests.CatchBeatmapConversionTest.Test(String name, Type[] mods) in /app/osu.Game.Rulesets.Catch.Tests/CatchBeatmapConversionTest.cs:line 58
   at InvokeStub_CatchBeatmapConversionTest.Test(Object, Span`1)

285)    at osu.Game.Tests.Beatmaps.BeatmapConversionTest`2.<>c__DisplayClass4_1.<Test>b__2() in /app/osu.Game/Tests/Beatmaps/BeatmapConversionTest.cs:line 98
   at NUnit.Framework.Assert.Multiple(TestDelegate testDelegate)
   at osu.Game.Tests.Beatmaps.BeatmapConversionTest`2.<>c__DisplayClass4_0.<Test>b__1() in /app/osu.Game/Tests/Beatmaps/BeatmapConversionTest.cs:line 77
   at NUnit.Framework.Assert.Multiple(TestDelegate testDelegate)
   at osu.Game.Tests.Beatmaps.BeatmapConversionTest`2.Test(String name, Type[] mods) in /app/osu.Game/Tests/Beatmaps/BeatmapConversionTest.cs:line 50
   at osu.Game.Rulesets.Catch.Tests.CatchBeatmapConversionTest.Test(String name, Type[] mods) in /app/osu.Game.Rulesets.Catch.Tests/CatchBeatmapConversionTest.cs:line 58
   at InvokeStub_CatchBeatmapConversionTest.Test(Object, Span`1)

286)    at osu.Game.Tests.Beatmaps.BeatmapConversionTest`2.<>c__DisplayClass4_1.<Test>b__2() in /app/osu.Game/Tests/Beatmaps/BeatmapConversionTest.cs:line 98
   at NUnit.Framework.Assert.Multiple(TestDelegate testDelegate)
   at osu.Game.Tests.Beatmaps.BeatmapConversionTest`2.<>c__DisplayClass4_0.<Test>b__1() in /app/osu.Game/Tests/Beatmaps/BeatmapConversionTest.cs:line 77
   at NUnit.Framework.Assert.Multiple(TestDelegate testDelegate)
   at osu.Game.Tests.Beatmaps.BeatmapConversionTest`2.Test(String name, Type[] mods) in /app/osu.Game/Tests/Beatmaps/BeatmapConversionTest.cs:line 50
   at osu.Game.Rulesets.Catch.Tests.CatchBeatmapConversionTest.Test(String name, Type[] mods) in /app/osu.Game.Rulesets.Catch.Tests/CatchBeatmapConversionTest.cs:line 58
   at InvokeStub_CatchBeatmapConversionTest.Test(Object, Span`1)

287)    at osu.Game.Tests.Beatmaps.BeatmapConversionTest`2.<>c__DisplayClass4_1.<Test>b__2() in /app/osu.Game/Tests/Beatmaps/BeatmapConversionTest.cs:line 98
   at NUnit.Framework.Assert.Multiple(TestDelegate testDelegate)
   at osu.Game.Tests.Beatmaps.BeatmapConversionTest`2.<>c__DisplayClass4_0.<Test>b__1() in /app/osu.Game/Tests/Beatmaps/BeatmapConversionTest.cs:line 77
   at NUnit.Framework.Assert.Multiple(TestDelegate testDelegate)
   at osu.Game.Tests.Beatmaps.BeatmapConversionTest`2.Test(String name, Type[] mods) in /app/osu.Game/Tests/Beatmaps/BeatmapConversionTest.cs:line 50
   at osu.Game.Rulesets.Catch.Tests.CatchBeatmapConversionTest.Test(String name, Type[] mods) in /app/osu.Game.Rulesets.Catch.Tests/CatchBeatmapConversionTest.cs:line 58
   at InvokeStub_CatchBeatmapConversionTest.Test(Object, Span`1)

288)    at osu.Game.Tests.Beatmaps.BeatmapConversionTest`2.<>c__DisplayClass4_1.<Test>b__2() in /app/osu.Game/Tests/Beatmaps/BeatmapConversionTest.cs:line 98
   at NUnit.Framework.Assert.Multiple(TestDelegate testDelegate)
   at osu.Game.Tests.Beatmaps.BeatmapConversionTest`2.<>c__DisplayClass4_0.<Test>b__1() in /app/osu.Game/Tests/Beatmaps/BeatmapConversionTest.cs:line 77
   at NUnit.Framework.Assert.Multiple(TestDelegate testDelegate)
   at osu.Game.Tests.Beatmaps.BeatmapConversionTest`2.Test(String name, Type[] mods) in /app/osu.Game/Tests/Beatmaps/BeatmapConversionTest.cs:line 50
   at osu.Game.Rulesets.Catch.Tests.CatchBeatmapConversionTest.Test(String name, Type[] mods) in /app/osu.Game.Rulesets.Catch.Tests/CatchBeatmapConversionTest.cs:line 58
   at InvokeStub_CatchBeatmapConversionTest.Test(Object, Span`1)

289)    at osu.Game.Tests.Beatmaps.BeatmapConversionTest`2.<>c__DisplayClass4_1.<Test>b__2() in /app/osu.Game/Tests/Beatmaps/BeatmapConversionTest.cs:line 98
   at NUnit.Framework.Assert.Multiple(TestDelegate testDelegate)
   at osu.Game.Tests.Beatmaps.BeatmapConversionTest`2.<>c__DisplayClass4_0.<Test>b__1() in /app/osu.Game/Tests/Beatmaps/BeatmapConversionTest.cs:line 77
   at NUnit.Framework.Assert.Multiple(TestDelegate testDelegate)
   at osu.Game.Tests.Beatmaps.BeatmapConversionTest`2.Test(String name, Type[] mods) in /app/osu.Game/Tests/Beatmaps/BeatmapConversionTest.cs:line 50
   at osu.Game.Rulesets.Catch.Tests.CatchBeatmapConversionTest.Test(String name, Type[] mods) in /app/osu.Game.Rulesets.Catch.Tests/CatchBeatmapConversionTest.cs:line 58
   at InvokeStub_CatchBeatmapConversionTest.Test(Object, Span`1)

290)    at osu.Game.Tests.Beatmaps.BeatmapConversionTest`2.<>c__DisplayClass4_1.<Test>b__2() in /app/osu.Game/Tests/Beatmaps/BeatmapConversionTest.cs:line 98
   at NUnit.Framework.Assert.Multiple(TestDelegate testDelegate)
   at osu.Game.Tests.Beatmaps.BeatmapConversionTest`2.<>c__DisplayClass4_0.<Test>b__1() in /app/osu.Game/Tests/Beatmaps/BeatmapConversionTest.cs:line 77
   at NUnit.Framework.Assert.Multiple(TestDelegate testDelegate)
   at osu.Game.Tests.Beatmaps.BeatmapConversionTest`2.Test(String name, Type[] mods) in /app/osu.Game/Tests/Beatmaps/BeatmapConversionTest.cs:line 50
   at osu.Game.Rulesets.Catch.Tests.CatchBeatmapConversionTest.Test(String name, Type[] mods) in /app/osu.Game.Rulesets.Catch.Tests/CatchBeatmapConversionTest.cs:line 58
   at InvokeStub_CatchBeatmapConversionTest.Test(Object, Span`1)

291)    at osu.Game.Tests.Beatmaps.BeatmapConversionTest`2.<>c__DisplayClass4_1.<Test>b__2() in /app/osu.Game/Tests/Beatmaps/BeatmapConversionTest.cs:line 98
   at NUnit.Framework.Assert.Multiple(TestDelegate testDelegate)
   at osu.Game.Tests.Beatmaps.BeatmapConversionTest`2.<>c__DisplayClass4_0.<Test>b__1() in /app/osu.Game/Tests/Beatmaps/BeatmapConversionTest.cs:line 77
   at NUnit.Framework.Assert.Multiple(TestDelegate testDelegate)
   at osu.Game.Tests.Beatmaps.BeatmapConversionTest`2.Test(String name, Type[] mods) in /app/osu.Game/Tests/Beatmaps/BeatmapConversionTest.cs:line 50
   at osu.Game.Rulesets.Catch.Tests.CatchBeatmapConversionTest.Test(String name, Type[] mods) in /app/osu.Game.Rulesets.Catch.Tests/CatchBeatmapConversionTest.cs:line 58
   at InvokeStub_CatchBeatmapConversionTest.Test(Object, Span`1)

292)    at osu.Game.Tests.Beatmaps.BeatmapConversionTest`2.<>c__DisplayClass4_1.<Test>b__2() in /app/osu.Game/Tests/Beatmaps/BeatmapConversionTest.cs:line 98
   at NUnit.Framework.Assert.Multiple(TestDelegate testDelegate)
   at osu.Game.Tests.Beatmaps.BeatmapConversionTest`2.<>c__DisplayClass4_0.<Test>b__1() in /app/osu.Game/Tests/Beatmaps/BeatmapConversionTest.cs:line 77
   at NUnit.Framework.Assert.Multiple(TestDelegate testDelegate)
   at osu.Game.Tests.Beatmaps.BeatmapConversionTest`2.Test(String name, Type[] mods) in /app/osu.Game/Tests/Beatmaps/BeatmapConversionTest.cs:line 50
   at osu.Game.Rulesets.Catch.Tests.CatchBeatmapConversionTest.Test(String name, Type[] mods) in /app/osu.Game.Rulesets.Catch.Tests/CatchBeatmapConversionTest.cs:line 58
   at InvokeStub_CatchBeatmapConversionTest.Test(Object, Span`1)

293)    at osu.Game.Tests.Beatmaps.BeatmapConversionTest`2.<>c__DisplayClass4_1.<Test>b__2() in /app/osu.Game/Tests/Beatmaps/BeatmapConversionTest.cs:line 98
   at NUnit.Framework.Assert.Multiple(TestDelegate testDelegate)
   at osu.Game.Tests.Beatmaps.BeatmapConversionTest`2.<>c__DisplayClass4_0.<Test>b__1() in /app/osu.Game/Tests/Beatmaps/BeatmapConversionTest.cs:line 77
   at NUnit.Framework.Assert.Multiple(TestDelegate testDelegate)
   at osu.Game.Tests.Beatmaps.BeatmapConversionTest`2.Test(String name, Type[] mods) in /app/osu.Game/Tests/Beatmaps/BeatmapConversionTest.cs:line 50
   at osu.Game.Rulesets.Catch.Tests.CatchBeatmapConversionTest.Test(String name, Type[] mods) in /app/osu.Game.Rulesets.Catch.Tests/CatchBeatmapConversionTest.cs:line 58
   at InvokeStub_CatchBeatmapConversionTest.Test(Object, Span`1)

294)    at osu.Game.Tests.Beatmaps.BeatmapConversionTest`2.<>c__DisplayClass4_1.<Test>b__2() in /app/osu.Game/Tests/Beatmaps/BeatmapConversionTest.cs:line 98
   at NUnit.Framework.Assert.Multiple(TestDelegate testDelegate)
   at osu.Game.Tests.Beatmaps.BeatmapConversionTest`2.<>c__DisplayClass4_0.<Test>b__1() in /app/osu.Game/Tests/Beatmaps/BeatmapConversionTest.cs:line 77
   at NUnit.Framework.Assert.Multiple(TestDelegate testDelegate)
   at osu.Game.Tests.Beatmaps.BeatmapConversionTest`2.Test(String name, Type[] mods) in /app/osu.Game/Tests/Beatmaps/BeatmapConversionTest.cs:line 50
   at osu.Game.Rulesets.Catch.Tests.CatchBeatmapConversionTest.Test(String name, Type[] mods) in /app/osu.Game.Rulesets.Catch.Tests/CatchBeatmapConversionTest.cs:line 58
   at InvokeStub_CatchBeatmapConversionTest.Test(Object, Span`1)

295)    at osu.Game.Tests.Beatmaps.BeatmapConversionTest`2.<>c__DisplayClass4_1.<Test>b__2() in /app/osu.Game/Tests/Beatmaps/BeatmapConversionTest.cs:line 98
   at NUnit.Framework.Assert.Multiple(TestDelegate testDelegate)
   at osu.Game.Tests.Beatmaps.BeatmapConversionTest`2.<>c__DisplayClass4_0.<Test>b__1() in /app/osu.Game/Tests/Beatmaps/BeatmapConversionTest.cs:line 77
   at NUnit.Framework.Assert.Multiple(TestDelegate testDelegate)
   at osu.Game.Tests.Beatmaps.BeatmapConversionTest`2.Test(String name, Type[] mods) in /app/osu.Game/Tests/Beatmaps/BeatmapConversionTest.cs:line 50
   at osu.Game.Rulesets.Catch.Tests.CatchBeatmapConversionTest.Test(String name, Type[] mods) in /app/osu.Game.Rulesets.Catch.Tests/CatchBeatmapConversionTest.cs:line 58
   at InvokeStub_CatchBeatmapConversionTest.Test(Object, Span`1)

296)    at osu.Game.Tests.Beatmaps.BeatmapConversionTest`2.<>c__DisplayClass4_1.<Test>b__2() in /app/osu.Game/Tests/Beatmaps/BeatmapConversionTest.cs:line 98
   at NUnit.Framework.Assert.Multiple(TestDelegate testDelegate)
   at osu.Game.Tests.Beatmaps.BeatmapConversionTest`2.<>c__DisplayClass4_0.<Test>b__1() in /app/osu.Game/Tests/Beatmaps/BeatmapConversionTest.cs:line 77
   at NUnit.Framework.Assert.Multiple(TestDelegate testDelegate)
   at osu.Game.Tests.Beatmaps.BeatmapConversionTest`2.Test(String name, Type[] mods) in /app/osu.Game/Tests/Beatmaps/BeatmapConversionTest.cs:line 50
   at osu.Game.Rulesets.Catch.Tests.CatchBeatmapConversionTest.Test(String name, Type[] mods) in /app/osu.Game.Rulesets.Catch.Tests/CatchBeatmapConversionTest.cs:line 58
   at InvokeStub_CatchBeatmapConversionTest.Test(Object, Span`1)

297)    at osu.Game.Tests.Beatmaps.BeatmapConversionTest`2.<>c__DisplayClass4_1.<Test>b__2() in /app/osu.Game/Tests/Beatmaps/BeatmapConversionTest.cs:line 98
   at NUnit.Framework.Assert.Multiple(TestDelegate testDelegate)
   at osu.Game.Tests.Beatmaps.BeatmapConversionTest`2.<>c__DisplayClass4_0.<Test>b__1() in /app/osu.Game/Tests/Beatmaps/BeatmapConversionTest.cs:line 77
   at NUnit.Framework.Assert.Multiple(TestDelegate testDelegate)
   at osu.Game.Tests.Beatmaps.BeatmapConversionTest`2.Test(String name, Type[] mods) in /app/osu.Game/Tests/Beatmaps/BeatmapConversionTest.cs:line 50
   at osu.Game.Rulesets.Catch.Tests.CatchBeatmapConversionTest.Test(String name, Type[] mods) in /app/osu.Game.Rulesets.Catch.Tests/CatchBeatmapConversionTest.cs:line 58
   at InvokeStub_CatchBeatmapConversionTest.Test(Object, Span`1)

298)    at osu.Game.Tests.Beatmaps.BeatmapConversionTest`2.<>c__DisplayClass4_1.<Test>b__2() in /app/osu.Game/Tests/Beatmaps/BeatmapConversionTest.cs:line 98
   at NUnit.Framework.Assert.Multiple(TestDelegate testDelegate)
   at osu.Game.Tests.Beatmaps.BeatmapConversionTest`2.<>c__DisplayClass4_0.<Test>b__1() in /app/osu.Game/Tests/Beatmaps/BeatmapConversionTest.cs:line 77
   at NUnit.Framework.Assert.Multiple(TestDelegate testDelegate)
   at osu.Game.Tests.Beatmaps.BeatmapConversionTest`2.Test(String name, Type[] mods) in /app/osu.Game/Tests/Beatmaps/BeatmapConversionTest.cs:line 50
   at osu.Game.Rulesets.Catch.Tests.CatchBeatmapConversionTest.Test(String name, Type[] mods) in /app/osu.Game.Rulesets.Catch.Tests/CatchBeatmapConversionTest.cs:line 58
   at InvokeStub_CatchBeatmapConversionTest.Test(Object, Span`1)

299)    at osu.Game.Tests.Beatmaps.BeatmapConversionTest`2.<>c__DisplayClass4_1.<Test>b__2() in /app/osu.Game/Tests/Beatmaps/BeatmapConversionTest.cs:line 98
   at NUnit.Framework.Assert.Multiple(TestDelegate testDelegate)
   at osu.Game.Tests.Beatmaps.BeatmapConversionTest`2.<>c__DisplayClass4_0.<Test>b__1() in /app/osu.Game/Tests/Beatmaps/BeatmapConversionTest.cs:line 77
   at NUnit.Framework.Assert.Multiple(TestDelegate testDelegate)
   at osu.Game.Tests.Beatmaps.BeatmapConversionTest`2.Test(String name, Type[] mods) in /app/osu.Game/Tests/Beatmaps/BeatmapConversionTest.cs:line 50
   at osu.Game.Rulesets.Catch.Tests.CatchBeatmapConversionTest.Test(String name, Type[] mods) in /app/osu.Game.Rulesets.Catch.Tests/CatchBeatmapConversionTest.cs:line 58
   at InvokeStub_CatchBeatmapConversionTest.Test(Object, Span`1)

300)    at osu.Game.Tests.Beatmaps.BeatmapConversionTest`2.<>c__DisplayClass4_1.<Test>b__2() in /app/osu.Game/Tests/Beatmaps/BeatmapConversionTest.cs:line 98
   at NUnit.Framework.Assert.Multiple(TestDelegate testDelegate)
   at osu.Game.Tests.Beatmaps.BeatmapConversionTest`2.<>c__DisplayClass4_0.<Test>b__1() in /app/osu.Game/Tests/Beatmaps/BeatmapConversionTest.cs:line 77
   at NUnit.Framework.Assert.Multiple(TestDelegate testDelegate)
   at osu.Game.Tests.Beatmaps.BeatmapConversionTest`2.Test(String name, Type[] mods) in /app/osu.Game/Tests/Beatmaps/BeatmapConversionTest.cs:line 50
   at osu.Game.Rulesets.Catch.Tests.CatchBeatmapConversionTest.Test(String name, Type[] mods) in /app/osu.Game.Rulesets.Catch.Tests/CatchBeatmapConversionTest.cs:line 58
   at InvokeStub_CatchBeatmapConversionTest.Test(Object, Span`1)

301)    at osu.Game.Tests.Beatmaps.BeatmapConversionTest`2.<>c__DisplayClass4_1.<Test>b__2() in /app/osu.Game/Tests/Beatmaps/BeatmapConversionTest.cs:line 98
   at NUnit.Framework.Assert.Multiple(TestDelegate testDelegate)
   at osu.Game.Tests.Beatmaps.BeatmapConversionTest`2.<>c__DisplayClass4_0.<Test>b__1() in /app/osu.Game/Tests/Beatmaps/BeatmapConversionTest.cs:line 77
   at NUnit.Framework.Assert.Multiple(TestDelegate testDelegate)
   at osu.Game.Tests.Beatmaps.BeatmapConversionTest`2.Test(String name, Type[] mods) in /app/osu.Game/Tests/Beatmaps/BeatmapConversionTest.cs:line 50
   at osu.Game.Rulesets.Catch.Tests.CatchBeatmapConversionTest.Test(String name, Type[] mods) in /app/osu.Game.Rulesets.Catch.Tests/CatchBeatmapConversionTest.cs:line 58
   at InvokeStub_CatchBeatmapConversionTest.Test(Object, Span`1)

302)    at osu.Game.Tests.Beatmaps.BeatmapConversionTest`2.<>c__DisplayClass4_1.<Test>b__2() in /app/osu.Game/Tests/Beatmaps/BeatmapConversionTest.cs:line 98
   at NUnit.Framework.Assert.Multiple(TestDelegate testDelegate)
   at osu.Game.Tests.Beatmaps.BeatmapConversionTest`2.<>c__DisplayClass4_0.<Test>b__1() in /app/osu.Game/Tests/Beatmaps/BeatmapConversionTest.cs:line 77
   at NUnit.Framework.Assert.Multiple(TestDelegate testDelegate)
   at osu.Game.Tests.Beatmaps.BeatmapConversionTest`2.Test(String name, Type[] mods) in /app/osu.Game/Tests/Beatmaps/BeatmapConversionTest.cs:line 50
   at osu.Game.Rulesets.Catch.Tests.CatchBeatmapConversionTest.Test(String name, Type[] mods) in /app/osu.Game.Rulesets.Catch.Tests/CatchBeatmapConversionTest.cs:line 58
   at InvokeStub_CatchBeatmapConversionTest.Test(Object, Span`1)

303)    at osu.Game.Tests.Beatmaps.BeatmapConversionTest`2.<>c__DisplayClass4_1.<Test>b__2() in /app/osu.Game/Tests/Beatmaps/BeatmapConversionTest.cs:line 98
   at NUnit.Framework.Assert.Multiple(TestDelegate testDelegate)
   at osu.Game.Tests.Beatmaps.BeatmapConversionTest`2.<>c__DisplayClass4_0.<Test>b__1() in /app/osu.Game/Tests/Beatmaps/BeatmapConversionTest.cs:line 77
   at NUnit.Framework.Assert.Multiple(TestDelegate testDelegate)
   at osu.Game.Tests.Beatmaps.BeatmapConversionTest`2.Test(String name, Type[] mods) in /app/osu.Game/Tests/Beatmaps/BeatmapConversionTest.cs:line 50
   at osu.Game.Rulesets.Catch.Tests.CatchBeatmapConversionTest.Test(String name, Type[] mods) in /app/osu.Game.Rulesets.Catch.Tests/CatchBeatmapConversionTest.cs:line 58
   at InvokeStub_CatchBeatmapConversionTest.Test(Object, Span`1)

304)    at osu.Game.Tests.Beatmaps.BeatmapConversionTest`2.<>c__DisplayClass4_1.<Test>b__2() in /app/osu.Game/Tests/Beatmaps/BeatmapConversionTest.cs:line 98
   at NUnit.Framework.Assert.Multiple(TestDelegate testDelegate)
   at osu.Game.Tests.Beatmaps.BeatmapConversionTest`2.<>c__DisplayClass4_0.<Test>b__1() in /app/osu.Game/Tests/Beatmaps/BeatmapConversionTest.cs:line 77
   at NUnit.Framework.Assert.Multiple(TestDelegate testDelegate)
   at osu.Game.Tests.Beatmaps.BeatmapConversionTest`2.Test(String name, Type[] mods) in /app/osu.Game/Tests/Beatmaps/BeatmapConversionTest.cs:line 50
   at osu.Game.Rulesets.Catch.Tests.CatchBeatmapConversionTest.Test(String name, Type[] mods) in /app/osu.Game.Rulesets.Catch.Tests/CatchBeatmapConversionTest.cs:line 58
   at InvokeStub_CatchBeatmapConversionTest.Test(Object, Span`1)

305)    at osu.Game.Tests.Beatmaps.BeatmapConversionTest`2.<>c__DisplayClass4_1.<Test>b__2() in /app/osu.Game/Tests/Beatmaps/BeatmapConversionTest.cs:line 98
   at NUnit.Framework.Assert.Multiple(TestDelegate testDelegate)
   at osu.Game.Tests.Beatmaps.BeatmapConversionTest`2.<>c__DisplayClass4_0.<Test>b__1() in /app/osu.Game/Tests/Beatmaps/BeatmapConversionTest.cs:line 77
   at NUnit.Framework.Assert.Multiple(TestDelegate testDelegate)
   at osu.Game.Tests.Beatmaps.BeatmapConversionTest`2.Test(String name, Type[] mods) in /app/osu.Game/Tests/Beatmaps/BeatmapConversionTest.cs:line 50
   at osu.Game.Rulesets.Catch.Tests.CatchBeatmapConversionTest.Test(String name, Type[] mods) in /app/osu.Game.Rulesets.Catch.Tests/CatchBeatmapConversionTest.cs:line 58
   at InvokeStub_CatchBeatmapConversionTest.Test(Object, Span`1)

306)    at osu.Game.Tests.Beatmaps.BeatmapConversionTest`2.<>c__DisplayClass4_1.<Test>b__2() in /app/osu.Game/Tests/Beatmaps/BeatmapConversionTest.cs:line 98
   at NUnit.Framework.Assert.Multiple(TestDelegate testDelegate)
   at osu.Game.Tests.Beatmaps.BeatmapConversionTest`2.<>c__DisplayClass4_0.<Test>b__1() in /app/osu.Game/Tests/Beatmaps/BeatmapConversionTest.cs:line 77
   at NUnit.Framework.Assert.Multiple(TestDelegate testDelegate)
   at osu.Game.Tests.Beatmaps.BeatmapConversionTest`2.Test(String name, Type[] mods) in /app/osu.Game/Tests/Beatmaps/BeatmapConversionTest.cs:line 50
   at osu.Game.Rulesets.Catch.Tests.CatchBeatmapConversionTest.Test(String name, Type[] mods) in /app/osu.Game.Rulesets.Catch.Tests/CatchBeatmapConversionTest.cs:line 58
   at InvokeStub_CatchBeatmapConversionTest.Test(Object, Span`1)

307)    at osu.Game.Tests.Beatmaps.BeatmapConversionTest`2.<>c__DisplayClass4_1.<Test>b__2() in /app/osu.Game/Tests/Beatmaps/BeatmapConversionTest.cs:line 98
   at NUnit.Framework.Assert.Multiple(TestDelegate testDelegate)
   at osu.Game.Tests.Beatmaps.BeatmapConversionTest`2.<>c__DisplayClass4_0.<Test>b__1() in /app/osu.Game/Tests/Beatmaps/BeatmapConversionTest.cs:line 77
   at NUnit.Framework.Assert.Multiple(TestDelegate testDelegate)
   at osu.Game.Tests.Beatmaps.BeatmapConversionTest`2.Test(String name, Type[] mods) in /app/osu.Game/Tests/Beatmaps/BeatmapConversionTest.cs:line 50
   at osu.Game.Rulesets.Catch.Tests.CatchBeatmapConversionTest.Test(String name, Type[] mods) in /app/osu.Game.Rulesets.Catch.Tests/CatchBeatmapConversionTest.cs:line 58
   at InvokeStub_CatchBeatmapConversionTest.Test(Object, Span`1)

308)    at osu.Game.Tests.Beatmaps.BeatmapConversionTest`2.<>c__DisplayClass4_1.<Test>b__2() in /app/osu.Game/Tests/Beatmaps/BeatmapConversionTest.cs:line 98
   at NUnit.Framework.Assert.Multiple(TestDelegate testDelegate)
   at osu.Game.Tests.Beatmaps.BeatmapConversionTest`2.<>c__DisplayClass4_0.<Test>b__1() in /app/osu.Game/Tests/Beatmaps/BeatmapConversionTest.cs:line 77
   at NUnit.Framework.Assert.Multiple(TestDelegate testDelegate)
   at osu.Game.Tests.Beatmaps.BeatmapConversionTest`2.Test(String name, Type[] mods) in /app/osu.Game/Tests/Beatmaps/BeatmapConversionTest.cs:line 50
   at osu.Game.Rulesets.Catch.Tests.CatchBeatmapConversionTest.Test(String name, Type[] mods) in /app/osu.Game.Rulesets.Catch.Tests/CatchBeatmapConversionTest.cs:line 58
   at InvokeStub_CatchBeatmapConversionTest.Test(Object, Span`1)

309)    at osu.Game.Tests.Beatmaps.BeatmapConversionTest`2.<>c__DisplayClass4_1.<Test>b__2() in /app/osu.Game/Tests/Beatmaps/BeatmapConversionTest.cs:line 98
   at NUnit.Framework.Assert.Multiple(TestDelegate testDelegate)
   at osu.Game.Tests.Beatmaps.BeatmapConversionTest`2.<>c__DisplayClass4_0.<Test>b__1() in /app/osu.Game/Tests/Beatmaps/BeatmapConversionTest.cs:line 77
   at NUnit.Framework.Assert.Multiple(TestDelegate testDelegate)
   at osu.Game.Tests.Beatmaps.BeatmapConversionTest`2.Test(String name, Type[] mods) in /app/osu.Game/Tests/Beatmaps/BeatmapConversionTest.cs:line 50
   at osu.Game.Rulesets.Catch.Tests.CatchBeatmapConversionTest.Test(String name, Type[] mods) in /app/osu.Game.Rulesets.Catch.Tests/CatchBeatmapConversionTest.cs:line 58
   at InvokeStub_CatchBeatmapConversionTest.Test(Object, Span`1)

310)    at osu.Game.Tests.Beatmaps.BeatmapConversionTest`2.<>c__DisplayClass4_1.<Test>b__2() in /app/osu.Game/Tests/Beatmaps/BeatmapConversionTest.cs:line 98
   at NUnit.Framework.Assert.Multiple(TestDelegate testDelegate)
   at osu.Game.Tests.Beatmaps.BeatmapConversionTest`2.<>c__DisplayClass4_0.<Test>b__1() in /app/osu.Game/Tests/Beatmaps/BeatmapConversionTest.cs:line 77
   at NUnit.Framework.Assert.Multiple(TestDelegate testDelegate)
   at osu.Game.Tests.Beatmaps.BeatmapConversionTest`2.Test(String name, Type[] mods) in /app/osu.Game/Tests/Beatmaps/BeatmapConversionTest.cs:line 50
   at osu.Game.Rulesets.Catch.Tests.CatchBeatmapConversionTest.Test(String name, Type[] mods) in /app/osu.Game.Rulesets.Catch.Tests/CatchBeatmapConversionTest.cs:line 58
   at InvokeStub_CatchBeatmapConversionTest.Test(Object, Span`1)

311)    at osu.Game.Tests.Beatmaps.BeatmapConversionTest`2.<>c__DisplayClass4_1.<Test>b__2() in /app/osu.Game/Tests/Beatmaps/BeatmapConversionTest.cs:line 98
   at NUnit.Framework.Assert.Multiple(TestDelegate testDelegate)
   at osu.Game.Tests.Beatmaps.BeatmapConversionTest`2.<>c__DisplayClass4_0.<Test>b__1() in /app/osu.Game/Tests/Beatmaps/BeatmapConversionTest.cs:line 77
   at NUnit.Framework.Assert.Multiple(TestDelegate testDelegate)
   at osu.Game.Tests.Beatmaps.BeatmapConversionTest`2.Test(String name, Type[] mods) in /app/osu.Game/Tests/Beatmaps/BeatmapConversionTest.cs:line 50
   at osu.Game.Rulesets.Catch.Tests.CatchBeatmapConversionTest.Test(String name, Type[] mods) in /app/osu.Game.Rulesets.Catch.Tests/CatchBeatmapConversionTest.cs:line 58
   at InvokeStub_CatchBeatmapConversionTest.Test(Object, Span`1)

312)    at osu.Game.Tests.Beatmaps.BeatmapConversionTest`2.<>c__DisplayClass4_1.<Test>b__2() in /app/osu.Game/Tests/Beatmaps/BeatmapConversionTest.cs:line 98
   at NUnit.Framework.Assert.Multiple(TestDelegate testDelegate)
   at osu.Game.Tests.Beatmaps.BeatmapConversionTest`2.<>c__DisplayClass4_0.<Test>b__1() in /app/osu.Game/Tests/Beatmaps/BeatmapConversionTest.cs:line 77
   at NUnit.Framework.Assert.Multiple(TestDelegate testDelegate)
   at osu.Game.Tests.Beatmaps.BeatmapConversionTest`2.Test(String name, Type[] mods) in /app/osu.Game/Tests/Beatmaps/BeatmapConversionTest.cs:line 50
   at osu.Game.Rulesets.Catch.Tests.CatchBeatmapConversionTest.Test(String name, Type[] mods) in /app/osu.Game.Rulesets.Catch.Tests/CatchBeatmapConversionTest.cs:line 58
   at InvokeStub_CatchBeatmapConversionTest.Test(Object, Span`1)

313)    at osu.Game.Tests.Beatmaps.BeatmapConversionTest`2.<>c__DisplayClass4_1.<Test>b__2() in /app/osu.Game/Tests/Beatmaps/BeatmapConversionTest.cs:line 98
   at NUnit.Framework.Assert.Multiple(TestDelegate testDelegate)
   at osu.Game.Tests.Beatmaps.BeatmapConversionTest`2.<>c__DisplayClass4_0.<Test>b__1() in /app/osu.Game/Tests/Beatmaps/BeatmapConversionTest.cs:line 77
   at NUnit.Framework.Assert.Multiple(TestDelegate testDelegate)
   at osu.Game.Tests.Beatmaps.BeatmapConversionTest`2.Test(String name, Type[] mods) in /app/osu.Game/Tests/Beatmaps/BeatmapConversionTest.cs:line 50
   at osu.Game.Rulesets.Catch.Tests.CatchBeatmapConversionTest.Test(String name, Type[] mods) in /app/osu.Game.Rulesets.Catch.Tests/CatchBeatmapConversionTest.cs:line 58
   at InvokeStub_CatchBeatmapConversionTest.Test(Object, Span`1)

314)    at osu.Game.Tests.Beatmaps.BeatmapConversionTest`2.<>c__DisplayClass4_1.<Test>b__2() in /app/osu.Game/Tests/Beatmaps/BeatmapConversionTest.cs:line 98
   at NUnit.Framework.Assert.Multiple(TestDelegate testDelegate)
   at osu.Game.Tests.Beatmaps.BeatmapConversionTest`2.<>c__DisplayClass4_0.<Test>b__1() in /app/osu.Game/Tests/Beatmaps/BeatmapConversionTest.cs:line 77
   at NUnit.Framework.Assert.Multiple(TestDelegate testDelegate)
   at osu.Game.Tests.Beatmaps.BeatmapConversionTest`2.Test(String name, Type[] mods) in /app/osu.Game/Tests/Beatmaps/BeatmapConversionTest.cs:line 50
   at osu.Game.Rulesets.Catch.Tests.CatchBeatmapConversionTest.Test(String name, Type[] mods) in /app/osu.Game.Rulesets.Catch.Tests/CatchBeatmapConversionTest.cs:line 58
   at InvokeStub_CatchBeatmapConversionTest.Test(Object, Span`1)

315)    at osu.Game.Tests.Beatmaps.BeatmapConversionTest`2.<>c__DisplayClass4_1.<Test>b__2() in /app/osu.Game/Tests/Beatmaps/BeatmapConversionTest.cs:line 98
   at NUnit.Framework.Assert.Multiple(TestDelegate testDelegate)
   at osu.Game.Tests.Beatmaps.BeatmapConversionTest`2.<>c__DisplayClass4_0.<Test>b__1() in /app/osu.Game/Tests/Beatmaps/BeatmapConversionTest.cs:line 77
   at NUnit.Framework.Assert.Multiple(TestDelegate testDelegate)
   at osu.Game.Tests.Beatmaps.BeatmapConversionTest`2.Test(String name, Type[] mods) in /app/osu.Game/Tests/Beatmaps/BeatmapConversionTest.cs:line 50
   at osu.Game.Rulesets.Catch.Tests.CatchBeatmapConversionTest.Test(String name, Type[] mods) in /app/osu.Game.Rulesets.Catch.Tests/CatchBeatmapConversionTest.cs:line 58
   at InvokeStub_CatchBeatmapConversionTest.Test(Object, Span`1)

316)    at osu.Game.Tests.Beatmaps.BeatmapConversionTest`2.<>c__DisplayClass4_1.<Test>b__2() in /app/osu.Game/Tests/Beatmaps/BeatmapConversionTest.cs:line 98
   at NUnit.Framework.Assert.Multiple(TestDelegate testDelegate)
   at osu.Game.Tests.Beatmaps.BeatmapConversionTest`2.<>c__DisplayClass4_0.<Test>b__1() in /app/osu.Game/Tests/Beatmaps/BeatmapConversionTest.cs:line 77
   at NUnit.Framework.Assert.Multiple(TestDelegate testDelegate)
   at osu.Game.Tests.Beatmaps.BeatmapConversionTest`2.Test(String name, Type[] mods) in /app/osu.Game/Tests/Beatmaps/BeatmapConversionTest.cs:line 50
   at osu.Game.Rulesets.Catch.Tests.CatchBeatmapConversionTest.Test(String name, Type[] mods) in /app/osu.Game.Rulesets.Catch.Tests/CatchBeatmapConversionTest.cs:line 58
   at InvokeStub_CatchBeatmapConversionTest.Test(Object, Span`1)

317)    at osu.Game.Tests.Beatmaps.BeatmapConversionTest`2.<>c__DisplayClass4_1.<Test>b__2() in /app/osu.Game/Tests/Beatmaps/BeatmapConversionTest.cs:line 98
   at NUnit.Framework.Assert.Multiple(TestDelegate testDelegate)
   at osu.Game.Tests.Beatmaps.BeatmapConversionTest`2.<>c__DisplayClass4_0.<Test>b__1() in /app/osu.Game/Tests/Beatmaps/BeatmapConversionTest.cs:line 77
   at NUnit.Framework.Assert.Multiple(TestDelegate testDelegate)
   at osu.Game.Tests.Beatmaps.BeatmapConversionTest`2.Test(String name, Type[] mods) in /app/osu.Game/Tests/Beatmaps/BeatmapConversionTest.cs:line 50
   at osu.Game.Rulesets.Catch.Tests.CatchBeatmapConversionTest.Test(String name, Type[] mods) in /app/osu.Game.Rulesets.Catch.Tests/CatchBeatmapConversionTest.cs:line 58
   at InvokeStub_CatchBeatmapConversionTest.Test(Object, Span`1)

318)    at osu.Game.Tests.Beatmaps.BeatmapConversionTest`2.<>c__DisplayClass4_1.<Test>b__2() in /app/osu.Game/Tests/Beatmaps/BeatmapConversionTest.cs:line 98
   at NUnit.Framework.Assert.Multiple(TestDelegate testDelegate)
   at osu.Game.Tests.Beatmaps.BeatmapConversionTest`2.<>c__DisplayClass4_0.<Test>b__1() in /app/osu.Game/Tests/Beatmaps/BeatmapConversionTest.cs:line 77
   at NUnit.Framework.Assert.Multiple(TestDelegate testDelegate)
   at osu.Game.Tests.Beatmaps.BeatmapConversionTest`2.Test(String name, Type[] mods) in /app/osu.Game/Tests/Beatmaps/BeatmapConversionTest.cs:line 50
   at osu.Game.Rulesets.Catch.Tests.CatchBeatmapConversionTest.Test(String name, Type[] mods) in /app/osu.Game.Rulesets.Catch.Tests/CatchBeatmapConversionTest.cs:line 58
   at InvokeStub_CatchBeatmapConversionTest.Test(Object, Span`1)

319)    at osu.Game.Tests.Beatmaps.BeatmapConversionTest`2.<>c__DisplayClass4_1.<Test>b__2() in /app/osu.Game/Tests/Beatmaps/BeatmapConversionTest.cs:line 98
   at NUnit.Framework.Assert.Multiple(TestDelegate testDelegate)
   at osu.Game.Tests.Beatmaps.BeatmapConversionTest`2.<>c__DisplayClass4_0.<Test>b__1() in /app/osu.Game/Tests/Beatmaps/BeatmapConversionTest.cs:line 77
   at NUnit.Framework.Assert.Multiple(TestDelegate testDelegate)
   at osu.Game.Tests.Beatmaps.BeatmapConversionTest`2.Test(String name, Type[] mods) in /app/osu.Game/Tests/Beatmaps/BeatmapConversionTest.cs:line 50
   at osu.Game.Rulesets.Catch.Tests.CatchBeatmapConversionTest.Test(String name, Type[] mods) in /app/osu.Game.Rulesets.Catch.Tests/CatchBeatmapConversionTest.cs:line 58
   at InvokeStub_CatchBeatmapConversionTest.Test(Object, Span`1)

320)    at osu.Game.Tests.Beatmaps.BeatmapConversionTest`2.<>c__DisplayClass4_1.<Test>b__2() in /app/osu.Game/Tests/Beatmaps/BeatmapConversionTest.cs:line 98
   at NUnit.Framework.Assert.Multiple(TestDelegate testDelegate)
   at osu.Game.Tests.Beatmaps.BeatmapConversionTest`2.<>c__DisplayClass4_0.<Test>b__1() in /app/osu.Game/Tests/Beatmaps/BeatmapConversionTest.cs:line 77
   at NUnit.Framework.Assert.Multiple(TestDelegate testDelegate)
   at osu.Game.Tests.Beatmaps.BeatmapConversionTest`2.Test(String name, Type[] mods) in /app/osu.Game/Tests/Beatmaps/BeatmapConversionTest.cs:line 50
   at osu.Game.Rulesets.Catch.Tests.CatchBeatmapConversionTest.Test(String name, Type[] mods) in /app/osu.Game.Rulesets.Catch.Tests/CatchBeatmapConversionTest.cs:line 58
   at InvokeStub_CatchBeatmapConversionTest.Test(Object, Span`1)

321)    at osu.Game.Tests.Beatmaps.BeatmapConversionTest`2.<>c__DisplayClass4_1.<Test>b__2() in /app/osu.Game/Tests/Beatmaps/BeatmapConversionTest.cs:line 98
   at NUnit.Framework.Assert.Multiple(TestDelegate testDelegate)
   at osu.Game.Tests.Beatmaps.BeatmapConversionTest`2.<>c__DisplayClass4_0.<Test>b__1() in /app/osu.Game/Tests/Beatmaps/BeatmapConversionTest.cs:line 77
   at NUnit.Framework.Assert.Multiple(TestDelegate testDelegate)
   at osu.Game.Tests.Beatmaps.BeatmapConversionTest`2.Test(String name, Type[] mods) in /app/osu.Game/Tests/Beatmaps/BeatmapConversionTest.cs:line 50
   at osu.Game.Rulesets.Catch.Tests.CatchBeatmapConversionTest.Test(String name, Type[] mods) in /app/osu.Game.Rulesets.Catch.Tests/CatchBeatmapConversionTest.cs:line 58
   at InvokeStub_CatchBeatmapConversionTest.Test(Object, Span`1)

322)    at osu.Game.Tests.Beatmaps.BeatmapConversionTest`2.<>c__DisplayClass4_1.<Test>b__2() in /app/osu.Game/Tests/Beatmaps/BeatmapConversionTest.cs:line 98
   at NUnit.Framework.Assert.Multiple(TestDelegate testDelegate)
   at osu.Game.Tests.Beatmaps.BeatmapConversionTest`2.<>c__DisplayClass4_0.<Test>b__1() in /app/osu.Game/Tests/Beatmaps/BeatmapConversionTest.cs:line 77
   at NUnit.Framework.Assert.Multiple(TestDelegate testDelegate)
   at osu.Game.Tests.Beatmaps.BeatmapConversionTest`2.Test(String name, Type[] mods) in /app/osu.Game/Tests/Beatmaps/BeatmapConversionTest.cs:line 50
   at osu.Game.Rulesets.Catch.Tests.CatchBeatmapConversionTest.Test(String name, Type[] mods) in /app/osu.Game.Rulesets.Catch.Tests/CatchBeatmapConversionTest.cs:line 58
   at InvokeStub_CatchBeatmapConversionTest.Test(Object, Span`1)

323)    at osu.Game.Tests.Beatmaps.BeatmapConversionTest`2.<>c__DisplayClass4_1.<Test>b__2() in /app/osu.Game/Tests/Beatmaps/BeatmapConversionTest.cs:line 98
   at NUnit.Framework.Assert.Multiple(TestDelegate testDelegate)
   at osu.Game.Tests.Beatmaps.BeatmapConversionTest`2.<>c__DisplayClass4_0.<Test>b__1() in /app/osu.Game/Tests/Beatmaps/BeatmapConversionTest.cs:line 77
   at NUnit.Framework.Assert.Multiple(TestDelegate testDelegate)
   at osu.Game.Tests.Beatmaps.BeatmapConversionTest`2.Test(String name, Type[] mods) in /app/osu.Game/Tests/Beatmaps/BeatmapConversionTest.cs:line 50
   at osu.Game.Rulesets.Catch.Tests.CatchBeatmapConversionTest.Test(String name, Type[] mods) in /app/osu.Game.Rulesets.Catch.Tests/CatchBeatmapConversionTest.cs:line 58
   at InvokeStub_CatchBeatmapConversionTest.Test(Object, Span`1)

324)    at osu.Game.Tests.Beatmaps.BeatmapConversionTest`2.<>c__DisplayClass4_1.<Test>b__2() in /app/osu.Game/Tests/Beatmaps/BeatmapConversionTest.cs:line 98
   at NUnit.Framework.Assert.Multiple(TestDelegate testDelegate)
   at osu.Game.Tests.Beatmaps.BeatmapConversionTest`2.<>c__DisplayClass4_0.<Test>b__1() in /app/osu.Game/Tests/Beatmaps/BeatmapConversionTest.cs:line 77
   at NUnit.Framework.Assert.Multiple(TestDelegate testDelegate)
   at osu.Game.Tests.Beatmaps.BeatmapConversionTest`2.Test(String name, Type[] mods) in /app/osu.Game/Tests/Beatmaps/BeatmapConversionTest.cs:line 50
   at osu.Game.Rulesets.Catch.Tests.CatchBeatmapConversionTest.Test(String name, Type[] mods) in /app/osu.Game.Rulesets.Catch.Tests/CatchBeatmapConversionTest.cs:line 58
   at InvokeStub_CatchBeatmapConversionTest.Test(Object, Span`1)

325)    at osu.Game.Tests.Beatmaps.BeatmapConversionTest`2.<>c__DisplayClass4_1.<Test>b__2() in /app/osu.Game/Tests/Beatmaps/BeatmapConversionTest.cs:line 98
   at NUnit.Framework.Assert.Multiple(TestDelegate testDelegate)
   at osu.Game.Tests.Beatmaps.BeatmapConversionTest`2.<>c__DisplayClass4_0.<Test>b__1() in /app/osu.Game/Tests/Beatmaps/BeatmapConversionTest.cs:line 77
   at NUnit.Framework.Assert.Multiple(TestDelegate testDelegate)
   at osu.Game.Tests.Beatmaps.BeatmapConversionTest`2.Test(String name, Type[] mods) in /app/osu.Game/Tests/Beatmaps/BeatmapConversionTest.cs:line 50
   at osu.Game.Rulesets.Catch.Tests.CatchBeatmapConversionTest.Test(String name, Type[] mods) in /app/osu.Game.Rulesets.Catch.Tests/CatchBeatmapConversionTest.cs:line 58
   at InvokeStub_CatchBeatmapConversionTest.Test(Object, Span`1)

326)    at osu.Game.Tests.Beatmaps.BeatmapConversionTest`2.<>c__DisplayClass4_1.<Test>b__2() in /app/osu.Game/Tests/Beatmaps/BeatmapConversionTest.cs:line 98
   at NUnit.Framework.Assert.Multiple(TestDelegate testDelegate)
   at osu.Game.Tests.Beatmaps.BeatmapConversionTest`2.<>c__DisplayClass4_0.<Test>b__1() in /app/osu.Game/Tests/Beatmaps/BeatmapConversionTest.cs:line 77
   at NUnit.Framework.Assert.Multiple(TestDelegate testDelegate)
   at osu.Game.Tests.Beatmaps.BeatmapConversionTest`2.Test(String name, Type[] mods) in /app/osu.Game/Tests/Beatmaps/BeatmapConversionTest.cs:line 50
   at osu.Game.Rulesets.Catch.Tests.CatchBeatmapConversionTest.Test(String name, Type[] mods) in /app/osu.Game.Rulesets.Catch.Tests/CatchBeatmapConversionTest.cs:line 58
   at InvokeStub_CatchBeatmapConversionTest.Test(Object, Span`1)

327)    at osu.Game.Tests.Beatmaps.BeatmapConversionTest`2.<>c__DisplayClass4_1.<Test>b__2() in /app/osu.Game/Tests/Beatmaps/BeatmapConversionTest.cs:line 98
   at NUnit.Framework.Assert.Multiple(TestDelegate testDelegate)
   at osu.Game.Tests.Beatmaps.BeatmapConversionTest`2.<>c__DisplayClass4_0.<Test>b__1() in /app/osu.Game/Tests/Beatmaps/BeatmapConversionTest.cs:line 77
   at NUnit.Framework.Assert.Multiple(TestDelegate testDelegate)
   at osu.Game.Tests.Beatmaps.BeatmapConversionTest`2.Test(String name, Type[] mods) in /app/osu.Game/Tests/Beatmaps/BeatmapConversionTest.cs:line 50
   at osu.Game.Rulesets.Catch.Tests.CatchBeatmapConversionTest.Test(String name, Type[] mods) in /app/osu.Game.Rulesets.Catch.Tests/CatchBeatmapConversionTest.cs:line 58
   at InvokeStub_CatchBeatmapConversionTest.Test(Object, Span`1)

328)    at osu.Game.Tests.Beatmaps.BeatmapConversionTest`2.<>c__DisplayClass4_1.<Test>b__2() in /app/osu.Game/Tests/Beatmaps/BeatmapConversionTest.cs:line 98
   at NUnit.Framework.Assert.Multiple(TestDelegate testDelegate)
   at osu.Game.Tests.Beatmaps.BeatmapConversionTest`2.<>c__DisplayClass4_0.<Test>b__1() in /app/osu.Game/Tests/Beatmaps/BeatmapConversionTest.cs:line 77
   at NUnit.Framework.Assert.Multiple(TestDelegate testDelegate)
   at osu.Game.Tests.Beatmaps.BeatmapConversionTest`2.Test(String name, Type[] mods) in /app/osu.Game/Tests/Beatmaps/BeatmapConversionTest.cs:line 50
   at osu.Game.Rulesets.Catch.Tests.CatchBeatmapConversionTest.Test(String name, Type[] mods) in /app/osu.Game.Rulesets.Catch.Tests/CatchBeatmapConversionTest.cs:line 58
   at InvokeStub_CatchBeatmapConversionTest.Test(Object, Span`1)

329)    at osu.Game.Tests.Beatmaps.BeatmapConversionTest`2.<>c__DisplayClass4_1.<Test>b__2() in /app/osu.Game/Tests/Beatmaps/BeatmapConversionTest.cs:line 98
   at NUnit.Framework.Assert.Multiple(TestDelegate testDelegate)
   at osu.Game.Tests.Beatmaps.BeatmapConversionTest`2.<>c__DisplayClass4_0.<Test>b__1() in /app/osu.Game/Tests/Beatmaps/BeatmapConversionTest.cs:line 77
   at NUnit.Framework.Assert.Multiple(TestDelegate testDelegate)
   at osu.Game.Tests.Beatmaps.BeatmapConversionTest`2.Test(String name, Type[] mods) in /app/osu.Game/Tests/Beatmaps/BeatmapConversionTest.cs:line 50
   at osu.Game.Rulesets.Catch.Tests.CatchBeatmapConversionTest.Test(String name, Type[] mods) in /app/osu.Game.Rulesets.Catch.Tests/CatchBeatmapConversionTest.cs:line 58
   at InvokeStub_CatchBeatmapConversionTest.Test(Object, Span`1)

330)    at osu.Game.Tests.Beatmaps.BeatmapConversionTest`2.<>c__DisplayClass4_1.<Test>b__2() in /app/osu.Game/Tests/Beatmaps/BeatmapConversionTest.cs:line 98
   at NUnit.Framework.Assert.Multiple(TestDelegate testDelegate)
   at osu.Game.Tests.Beatmaps.BeatmapConversionTest`2.<>c__DisplayClass4_0.<Test>b__1() in /app/osu.Game/Tests/Beatmaps/BeatmapConversionTest.cs:line 77
   at NUnit.Framework.Assert.Multiple(TestDelegate testDelegate)
   at osu.Game.Tests.Beatmaps.BeatmapConversionTest`2.Test(String name, Type[] mods) in /app/osu.Game/Tests/Beatmaps/BeatmapConversionTest.cs:line 50
   at osu.Game.Rulesets.Catch.Tests.CatchBeatmapConversionTest.Test(String name, Type[] mods) in /app/osu.Game.Rulesets.Catch.Tests/CatchBeatmapConversionTest.cs:line 58
   at InvokeStub_CatchBeatmapConversionTest.Test(Object, Span`1)

331)    at osu.Game.Tests.Beatmaps.BeatmapConversionTest`2.<>c__DisplayClass4_1.<Test>b__2() in /app/osu.Game/Tests/Beatmaps/BeatmapConversionTest.cs:line 98
   at NUnit.Framework.Assert.Multiple(TestDelegate testDelegate)
   at osu.Game.Tests.Beatmaps.BeatmapConversionTest`2.<>c__DisplayClass4_0.<Test>b__1() in /app/osu.Game/Tests/Beatmaps/BeatmapConversionTest.cs:line 77
   at NUnit.Framework.Assert.Multiple(TestDelegate testDelegate)
   at osu.Game.Tests.Beatmaps.BeatmapConversionTest`2.Test(String name, Type[] mods) in /app/osu.Game/Tests/Beatmaps/BeatmapConversionTest.cs:line 50
   at osu.Game.Rulesets.Catch.Tests.CatchBeatmapConversionTest.Test(String name, Type[] mods) in /app/osu.Game.Rulesets.Catch.Tests/CatchBeatmapConversionTest.cs:line 58
   at InvokeStub_CatchBeatmapConversionTest.Test(Object, Span`1)

332)    at osu.Game.Tests.Beatmaps.BeatmapConversionTest`2.<>c__DisplayClass4_1.<Test>b__2() in /app/osu.Game/Tests/Beatmaps/BeatmapConversionTest.cs:line 98
   at NUnit.Framework.Assert.Multiple(TestDelegate testDelegate)
   at osu.Game.Tests.Beatmaps.BeatmapConversionTest`2.<>c__DisplayClass4_0.<Test>b__1() in /app/osu.Game/Tests/Beatmaps/BeatmapConversionTest.cs:line 77
   at NUnit.Framework.Assert.Multiple(TestDelegate testDelegate)
   at osu.Game.Tests.Beatmaps.BeatmapConversionTest`2.Test(String name, Type[] mods) in /app/osu.Game/Tests/Beatmaps/BeatmapConversionTest.cs:line 50
   at osu.Game.Rulesets.Catch.Tests.CatchBeatmapConversionTest.Test(String name, Type[] mods) in /app/osu.Game.Rulesets.Catch.Tests/CatchBeatmapConversionTest.cs:line 58
   at InvokeStub_CatchBeatmapConversionTest.Test(Object, Span`1)

333)    at osu.Game.Tests.Beatmaps.BeatmapConversionTest`2.<>c__DisplayClass4_1.<Test>b__2() in /app/osu.Game/Tests/Beatmaps/BeatmapConversionTest.cs:line 98
   at NUnit.Framework.Assert.Multiple(TestDelegate testDelegate)
   at osu.Game.Tests.Beatmaps.BeatmapConversionTest`2.<>c__DisplayClass4_0.<Test>b__1() in /app/osu.Game/Tests/Beatmaps/BeatmapConversionTest.cs:line 77
   at NUnit.Framework.Assert.Multiple(TestDelegate testDelegate)
   at osu.Game.Tests.Beatmaps.BeatmapConversionTest`2.Test(String name, Type[] mods) in /app/osu.Game/Tests/Beatmaps/BeatmapConversionTest.cs:line 50
   at osu.Game.Rulesets.Catch.Tests.CatchBeatmapConversionTest.Test(String name, Type[] mods) in /app/osu.Game.Rulesets.Catch.Tests/CatchBeatmapConversionTest.cs:line 58
   at InvokeStub_CatchBeatmapConversionTest.Test(Object, Span`1)

334)    at osu.Game.Tests.Beatmaps.BeatmapConversionTest`2.<>c__DisplayClass4_1.<Test>b__2() in /app/osu.Game/Tests/Beatmaps/BeatmapConversionTest.cs:line 98
   at NUnit.Framework.Assert.Multiple(TestDelegate testDelegate)
   at osu.Game.Tests.Beatmaps.BeatmapConversionTest`2.<>c__DisplayClass4_0.<Test>b__1() in /app/osu.Game/Tests/Beatmaps/BeatmapConversionTest.cs:line 77
   at NUnit.Framework.Assert.Multiple(TestDelegate testDelegate)
   at osu.Game.Tests.Beatmaps.BeatmapConversionTest`2.Test(String name, Type[] mods) in /app/osu.Game/Tests/Beatmaps/BeatmapConversionTest.cs:line 50
   at osu.Game.Rulesets.Catch.Tests.CatchBeatmapConversionTest.Test(String name, Type[] mods) in /app/osu.Game.Rulesets.Catch.Tests/CatchBeatmapConversionTest.cs:line 58
   at InvokeStub_CatchBeatmapConversionTest.Test(Object, Span`1)

335)    at osu.Game.Tests.Beatmaps.BeatmapConversionTest`2.<>c__DisplayClass4_1.<Test>b__2() in /app/osu.Game/Tests/Beatmaps/BeatmapConversionTest.cs:line 98
   at NUnit.Framework.Assert.Multiple(TestDelegate testDelegate)
   at osu.Game.Tests.Beatmaps.BeatmapConversionTest`2.<>c__DisplayClass4_0.<Test>b__1() in /app/osu.Game/Tests/Beatmaps/BeatmapConversionTest.cs:line 77
   at NUnit.Framework.Assert.Multiple(TestDelegate testDelegate)
   at osu.Game.Tests.Beatmaps.BeatmapConversionTest`2.Test(String name, Type[] mods) in /app/osu.Game/Tests/Beatmaps/BeatmapConversionTest.cs:line 50
   at osu.Game.Rulesets.Catch.Tests.CatchBeatmapConversionTest.Test(String name, Type[] mods) in /app/osu.Game.Rulesets.Catch.Tests/CatchBeatmapConversionTest.cs:line 58
   at InvokeStub_CatchBeatmapConversionTest.Test(Object, Span`1)

336)    at osu.Game.Tests.Beatmaps.BeatmapConversionTest`2.<>c__DisplayClass4_1.<Test>b__2() in /app/osu.Game/Tests/Beatmaps/BeatmapConversionTest.cs:line 98
   at NUnit.Framework.Assert.Multiple(TestDelegate testDelegate)
   at osu.Game.Tests.Beatmaps.BeatmapConversionTest`2.<>c__DisplayClass4_0.<Test>b__1() in /app/osu.Game/Tests/Beatmaps/BeatmapConversionTest.cs:line 77
   at NUnit.Framework.Assert.Multiple(TestDelegate testDelegate)
   at osu.Game.Tests.Beatmaps.BeatmapConversionTest`2.Test(String name, Type[] mods) in /app/osu.Game/Tests/Beatmaps/BeatmapConversionTest.cs:line 50
   at osu.Game.Rulesets.Catch.Tests.CatchBeatmapConversionTest.Test(String name, Type[] mods) in /app/osu.Game.Rulesets.Catch.Tests/CatchBeatmapConversionTest.cs:line 58
   at InvokeStub_CatchBeatmapConversionTest.Test(Object, Span`1)

337)    at osu.Game.Tests.Beatmaps.BeatmapConversionTest`2.<>c__DisplayClass4_1.<Test>b__2() in /app/osu.Game/Tests/Beatmaps/BeatmapConversionTest.cs:line 98
   at NUnit.Framework.Assert.Multiple(TestDelegate testDelegate)
   at osu.Game.Tests.Beatmaps.BeatmapConversionTest`2.<>c__DisplayClass4_0.<Test>b__1() in /app/osu.Game/Tests/Beatmaps/BeatmapConversionTest.cs:line 77
   at NUnit.Framework.Assert.Multiple(TestDelegate testDelegate)
   at osu.Game.Tests.Beatmaps.BeatmapConversionTest`2.Test(String name, Type[] mods) in /app/osu.Game/Tests/Beatmaps/BeatmapConversionTest.cs:line 50
   at osu.Game.Rulesets.Catch.Tests.CatchBeatmapConversionTest.Test(String name, Type[] mods) in /app/osu.Game.Rulesets.Catch.Tests/CatchBeatmapConversionTest.cs:line 58
   at InvokeStub_CatchBeatmapConversionTest.Test(Object, Span`1)

338)    at osu.Game.Tests.Beatmaps.BeatmapConversionTest`2.<>c__DisplayClass4_1.<Test>b__2() in /app/osu.Game/Tests/Beatmaps/BeatmapConversionTest.cs:line 98
   at NUnit.Framework.Assert.Multiple(TestDelegate testDelegate)
   at osu.Game.Tests.Beatmaps.BeatmapConversionTest`2.<>c__DisplayClass4_0.<Test>b__1() in /app/osu.Game/Tests/Beatmaps/BeatmapConversionTest.cs:line 77
   at NUnit.Framework.Assert.Multiple(TestDelegate testDelegate)
   at osu.Game.Tests.Beatmaps.BeatmapConversionTest`2.Test(String name, Type[] mods) in /app/osu.Game/Tests/Beatmaps/BeatmapConversionTest.cs:line 50
   at osu.Game.Rulesets.Catch.Tests.CatchBeatmapConversionTest.Test(String name, Type[] mods) in /app/osu.Game.Rulesets.Catch.Tests/CatchBeatmapConversionTest.cs:line 58
   at InvokeStub_CatchBeatmapConversionTest.Test(Object, Span`1)

339)    at osu.Game.Tests.Beatmaps.BeatmapConversionTest`2.<>c__DisplayClass4_1.<Test>b__2() in /app/osu.Game/Tests/Beatmaps/BeatmapConversionTest.cs:line 98
   at NUnit.Framework.Assert.Multiple(TestDelegate testDelegate)
   at osu.Game.Tests.Beatmaps.BeatmapConversionTest`2.<>c__DisplayClass4_0.<Test>b__1() in /app/osu.Game/Tests/Beatmaps/BeatmapConversionTest.cs:line 77
   at NUnit.Framework.Assert.Multiple(TestDelegate testDelegate)
   at osu.Game.Tests.Beatmaps.BeatmapConversionTest`2.Test(String name, Type[] mods) in /app/osu.Game/Tests/Beatmaps/BeatmapConversionTest.cs:line 50
   at osu.Game.Rulesets.Catch.Tests.CatchBeatmapConversionTest.Test(String name, Type[] mods) in /app/osu.Game.Rulesets.Catch.Tests/CatchBeatmapConversionTest.cs:line 58
   at InvokeStub_CatchBeatmapConversionTest.Test(Object, Span`1)

340)    at osu.Game.Tests.Beatmaps.BeatmapConversionTest`2.<>c__DisplayClass4_1.<Test>b__2() in /app/osu.Game/Tests/Beatmaps/BeatmapConversionTest.cs:line 98
   at NUnit.Framework.Assert.Multiple(TestDelegate testDelegate)
   at osu.Game.Tests.Beatmaps.BeatmapConversionTest`2.<>c__DisplayClass4_0.<Test>b__1() in /app/osu.Game/Tests/Beatmaps/BeatmapConversionTest.cs:line 77
   at NUnit.Framework.Assert.Multiple(TestDelegate testDelegate)
   at osu.Game.Tests.Beatmaps.BeatmapConversionTest`2.Test(String name, Type[] mods) in /app/osu.Game/Tests/Beatmaps/BeatmapConversionTest.cs:line 50
   at osu.Game.Rulesets.Catch.Tests.CatchBeatmapConversionTest.Test(String name, Type[] mods) in /app/osu.Game.Rulesets.Catch.Tests/CatchBeatmapConversionTest.cs:line 58
   at InvokeStub_CatchBeatmapConversionTest.Test(Object, Span`1)

341)    at osu.Game.Tests.Beatmaps.BeatmapConversionTest`2.<>c__DisplayClass4_1.<Test>b__2() in /app/osu.Game/Tests/Beatmaps/BeatmapConversionTest.cs:line 98
   at NUnit.Framework.Assert.Multiple(TestDelegate testDelegate)
   at osu.Game.Tests.Beatmaps.BeatmapConversionTest`2.<>c__DisplayClass4_0.<Test>b__1() in /app/osu.Game/Tests/Beatmaps/BeatmapConversionTest.cs:line 77
   at NUnit.Framework.Assert.Multiple(TestDelegate testDelegate)
   at osu.Game.Tests.Beatmaps.BeatmapConversionTest`2.Test(String name, Type[] mods) in /app/osu.Game/Tests/Beatmaps/BeatmapConversionTest.cs:line 50
   at osu.Game.Rulesets.Catch.Tests.CatchBeatmapConversionTest.Test(String name, Type[] mods) in /app/osu.Game.Rulesets.Catch.Tests/CatchBeatmapConversionTest.cs:line 58
   at InvokeStub_CatchBeatmapConversionTest.Test(Object, Span`1)

342)    at osu.Game.Tests.Beatmaps.BeatmapConversionTest`2.<>c__DisplayClass4_1.<Test>b__2() in /app/osu.Game/Tests/Beatmaps/BeatmapConversionTest.cs:line 98
   at NUnit.Framework.Assert.Multiple(TestDelegate testDelegate)
   at osu.Game.Tests.Beatmaps.BeatmapConversionTest`2.<>c__DisplayClass4_0.<Test>b__1() in /app/osu.Game/Tests/Beatmaps/BeatmapConversionTest.cs:line 77
   at NUnit.Framework.Assert.Multiple(TestDelegate testDelegate)
   at osu.Game.Tests.Beatmaps.BeatmapConversionTest`2.Test(String name, Type[] mods) in /app/osu.Game/Tests/Beatmaps/BeatmapConversionTest.cs:line 50
   at osu.Game.Rulesets.Catch.Tests.CatchBeatmapConversionTest.Test(String name, Type[] mods) in /app/osu.Game.Rulesets.Catch.Tests/CatchBeatmapConversionTest.cs:line 58
   at InvokeStub_CatchBeatmapConversionTest.Test(Object, Span`1)

343)    at osu.Game.Tests.Beatmaps.BeatmapConversionTest`2.<>c__DisplayClass4_1.<Test>b__2() in /app/osu.Game/Tests/Beatmaps/BeatmapConversionTest.cs:line 98
   at NUnit.Framework.Assert.Multiple(TestDelegate testDelegate)
   at osu.Game.Tests.Beatmaps.BeatmapConversionTest`2.<>c__DisplayClass4_0.<Test>b__1() in /app/osu.Game/Tests/Beatmaps/BeatmapConversionTest.cs:line 77
   at NUnit.Framework.Assert.Multiple(TestDelegate testDelegate)
   at osu.Game.Tests.Beatmaps.BeatmapConversionTest`2.Test(String name, Type[] mods) in /app/osu.Game/Tests/Beatmaps/BeatmapConversionTest.cs:line 50
   at osu.Game.Rulesets.Catch.Tests.CatchBeatmapConversionTest.Test(String name, Type[] mods) in /app/osu.Game.Rulesets.Catch.Tests/CatchBeatmapConversionTest.cs:line 58
   at InvokeStub_CatchBeatmapConversionTest.Test(Object, Span`1)

344)    at osu.Game.Tests.Beatmaps.BeatmapConversionTest`2.<>c__DisplayClass4_1.<Test>b__2() in /app/osu.Game/Tests/Beatmaps/BeatmapConversionTest.cs:line 98
   at NUnit.Framework.Assert.Multiple(TestDelegate testDelegate)
   at osu.Game.Tests.Beatmaps.BeatmapConversionTest`2.<>c__DisplayClass4_0.<Test>b__1() in /app/osu.Game/Tests/Beatmaps/BeatmapConversionTest.cs:line 77
   at NUnit.Framework.Assert.Multiple(TestDelegate testDelegate)
   at osu.Game.Tests.Beatmaps.BeatmapConversionTest`2.Test(String name, Type[] mods) in /app/osu.Game/Tests/Beatmaps/BeatmapConversionTest.cs:line 50
   at osu.Game.Rulesets.Catch.Tests.CatchBeatmapConversionTest.Test(String name, Type[] mods) in /app/osu.Game.Rulesets.Catch.Tests/CatchBeatmapConversionTest.cs:line 58
   at InvokeStub_CatchBeatmapConversionTest.Test(Object, Span`1)

345)    at osu.Game.Tests.Beatmaps.BeatmapConversionTest`2.<>c__DisplayClass4_1.<Test>b__2() in /app/osu.Game/Tests/Beatmaps/BeatmapConversionTest.cs:line 98
   at NUnit.Framework.Assert.Multiple(TestDelegate testDelegate)
   at osu.Game.Tests.Beatmaps.BeatmapConversionTest`2.<>c__DisplayClass4_0.<Test>b__1() in /app/osu.Game/Tests/Beatmaps/BeatmapConversionTest.cs:line 77
   at NUnit.Framework.Assert.Multiple(TestDelegate testDelegate)
   at osu.Game.Tests.Beatmaps.BeatmapConversionTest`2.Test(String name, Type[] mods) in /app/osu.Game/Tests/Beatmaps/BeatmapConversionTest.cs:line 50
   at osu.Game.Rulesets.Catch.Tests.CatchBeatmapConversionTest.Test(String name, Type[] mods) in /app/osu.Game.Rulesets.Catch.Tests/CatchBeatmapConversionTest.cs:line 58
   at InvokeStub_CatchBeatmapConversionTest.Test(Object, Span`1)

346)    at osu.Game.Tests.Beatmaps.BeatmapConversionTest`2.<>c__DisplayClass4_1.<Test>b__2() in /app/osu.Game/Tests/Beatmaps/BeatmapConversionTest.cs:line 98
   at NUnit.Framework.Assert.Multiple(TestDelegate testDelegate)
   at osu.Game.Tests.Beatmaps.BeatmapConversionTest`2.<>c__DisplayClass4_0.<Test>b__1() in /app/osu.Game/Tests/Beatmaps/BeatmapConversionTest.cs:line 77
   at NUnit.Framework.Assert.Multiple(TestDelegate testDelegate)
   at osu.Game.Tests.Beatmaps.BeatmapConversionTest`2.Test(String name, Type[] mods) in /app/osu.Game/Tests/Beatmaps/BeatmapConversionTest.cs:line 50
   at osu.Game.Rulesets.Catch.Tests.CatchBeatmapConversionTest.Test(String name, Type[] mods) in /app/osu.Game.Rulesets.Catch.Tests/CatchBeatmapConversionTest.cs:line 58
   at InvokeStub_CatchBeatmapConversionTest.Test(Object, Span`1)

347)    at osu.Game.Tests.Beatmaps.BeatmapConversionTest`2.<>c__DisplayClass4_1.<Test>b__2() in /app/osu.Game/Tests/Beatmaps/BeatmapConversionTest.cs:line 98
   at NUnit.Framework.Assert.Multiple(TestDelegate testDelegate)
   at osu.Game.Tests.Beatmaps.BeatmapConversionTest`2.<>c__DisplayClass4_0.<Test>b__1() in /app/osu.Game/Tests/Beatmaps/BeatmapConversionTest.cs:line 77
   at NUnit.Framework.Assert.Multiple(TestDelegate testDelegate)
   at osu.Game.Tests.Beatmaps.BeatmapConversionTest`2.Test(String name, Type[] mods) in /app/osu.Game/Tests/Beatmaps/BeatmapConversionTest.cs:line 50
   at osu.Game.Rulesets.Catch.Tests.CatchBeatmapConversionTest.Test(String name, Type[] mods) in /app/osu.Game.Rulesets.Catch.Tests/CatchBeatmapConversionTest.cs:line 58
   at InvokeStub_CatchBeatmapConversionTest.Test(Object, Span`1)

348)    at osu.Game.Tests.Beatmaps.BeatmapConversionTest`2.<>c__DisplayClass4_1.<Test>b__2() in /app/osu.Game/Tests/Beatmaps/BeatmapConversionTest.cs:line 98
   at NUnit.Framework.Assert.Multiple(TestDelegate testDelegate)
   at osu.Game.Tests.Beatmaps.BeatmapConversionTest`2.<>c__DisplayClass4_0.<Test>b__1() in /app/osu.Game/Tests/Beatmaps/BeatmapConversionTest.cs:line 77
   at NUnit.Framework.Assert.Multiple(TestDelegate testDelegate)
   at osu.Game.Tests.Beatmaps.BeatmapConversionTest`2.Test(String name, Type[] mods) in /app/osu.Game/Tests/Beatmaps/BeatmapConversionTest.cs:line 50
   at osu.Game.Rulesets.Catch.Tests.CatchBeatmapConversionTest.Test(String name, Type[] mods) in /app/osu.Game.Rulesets.Catch.Tests/CatchBeatmapConversionTest.cs:line 58
   at InvokeStub_CatchBeatmapConversionTest.Test(Object, Span`1)

349)    at osu.Game.Tests.Beatmaps.BeatmapConversionTest`2.<>c__DisplayClass4_1.<Test>b__2() in /app/osu.Game/Tests/Beatmaps/BeatmapConversionTest.cs:line 98
   at NUnit.Framework.Assert.Multiple(TestDelegate testDelegate)
   at osu.Game.Tests.Beatmaps.BeatmapConversionTest`2.<>c__DisplayClass4_0.<Test>b__1() in /app/osu.Game/Tests/Beatmaps/BeatmapConversionTest.cs:line 77
   at NUnit.Framework.Assert.Multiple(TestDelegate testDelegate)
   at osu.Game.Tests.Beatmaps.BeatmapConversionTest`2.Test(String name, Type[] mods) in /app/osu.Game/Tests/Beatmaps/BeatmapConversionTest.cs:line 50
   at osu.Game.Rulesets.Catch.Tests.CatchBeatmapConversionTest.Test(String name, Type[] mods) in /app/osu.Game.Rulesets.Catch.Tests/CatchBeatmapConversionTest.cs:line 58
   at InvokeStub_CatchBeatmapConversionTest.Test(Object, Span`1)

350)    at osu.Game.Tests.Beatmaps.BeatmapConversionTest`2.<>c__DisplayClass4_1.<Test>b__2() in /app/osu.Game/Tests/Beatmaps/BeatmapConversionTest.cs:line 98
   at NUnit.Framework.Assert.Multiple(TestDelegate testDelegate)
   at osu.Game.Tests.Beatmaps.BeatmapConversionTest`2.<>c__DisplayClass4_0.<Test>b__1() in /app/osu.Game/Tests/Beatmaps/BeatmapConversionTest.cs:line 77
   at NUnit.Framework.Assert.Multiple(TestDelegate testDelegate)
   at osu.Game.Tests.Beatmaps.BeatmapConversionTest`2.Test(String name, Type[] mods) in /app/osu.Game/Tests/Beatmaps/BeatmapConversionTest.cs:line 50
   at osu.Game.Rulesets.Catch.Tests.CatchBeatmapConversionTest.Test(String name, Type[] mods) in /app/osu.Game.Rulesets.Catch.Tests/CatchBeatmapConversionTest.cs:line 58
   at InvokeStub_CatchBeatmapConversionTest.Test(Object, Span`1)

351)    at osu.Game.Tests.Beatmaps.BeatmapConversionTest`2.<>c__DisplayClass4_1.<Test>b__2() in /app/osu.Game/Tests/Beatmaps/BeatmapConversionTest.cs:line 98
   at NUnit.Framework.Assert.Multiple(TestDelegate testDelegate)
   at osu.Game.Tests.Beatmaps.BeatmapConversionTest`2.<>c__DisplayClass4_0.<Test>b__1() in /app/osu.Game/Tests/Beatmaps/BeatmapConversionTest.cs:line 77
   at NUnit.Framework.Assert.Multiple(TestDelegate testDelegate)
   at osu.Game.Tests.Beatmaps.BeatmapConversionTest`2.Test(String name, Type[] mods) in /app/osu.Game/Tests/Beatmaps/BeatmapConversionTest.cs:line 50
   at osu.Game.Rulesets.Catch.Tests.CatchBeatmapConversionTest.Test(String name, Type[] mods) in /app/osu.Game.Rulesets.Catch.Tests/CatchBeatmapConversionTest.cs:line 58
   at InvokeStub_CatchBeatmapConversionTest.Test(Object, Span`1)

352)    at osu.Game.Tests.Beatmaps.BeatmapConversionTest`2.<>c__DisplayClass4_1.<Test>b__2() in /app/osu.Game/Tests/Beatmaps/BeatmapConversionTest.cs:line 98
   at NUnit.Framework.Assert.Multiple(TestDelegate testDelegate)
   at osu.Game.Tests.Beatmaps.BeatmapConversionTest`2.<>c__DisplayClass4_0.<Test>b__1() in /app/osu.Game/Tests/Beatmaps/BeatmapConversionTest.cs:line 77
   at NUnit.Framework.Assert.Multiple(TestDelegate testDelegate)
   at osu.Game.Tests.Beatmaps.BeatmapConversionTest`2.Test(String name, Type[] mods) in /app/osu.Game/Tests/Beatmaps/BeatmapConversionTest.cs:line 50
   at osu.Game.Rulesets.Catch.Tests.CatchBeatmapConversionTest.Test(String name, Type[] mods) in /app/osu.Game.Rulesets.Catch.Tests/CatchBeatmapConversionTest.cs:line 58
   at InvokeStub_CatchBeatmapConversionTest.Test(Object, Span`1)

353)    at osu.Game.Tests.Beatmaps.BeatmapConversionTest`2.<>c__DisplayClass4_1.<Test>b__2() in /app/osu.Game/Tests/Beatmaps/BeatmapConversionTest.cs:line 98
   at NUnit.Framework.Assert.Multiple(TestDelegate testDelegate)
   at osu.Game.Tests.Beatmaps.BeatmapConversionTest`2.<>c__DisplayClass4_0.<Test>b__1() in /app/osu.Game/Tests/Beatmaps/BeatmapConversionTest.cs:line 77
   at NUnit.Framework.Assert.Multiple(TestDelegate testDelegate)
   at osu.Game.Tests.Beatmaps.BeatmapConversionTest`2.Test(String name, Type[] mods) in /app/osu.Game/Tests/Beatmaps/BeatmapConversionTest.cs:line 50
   at osu.Game.Rulesets.Catch.Tests.CatchBeatmapConversionTest.Test(String name, Type[] mods) in /app/osu.Game.Rulesets.Catch.Tests/CatchBeatmapConversionTest.cs:line 58
   at InvokeStub_CatchBeatmapConversionTest.Test(Object, Span`1)

354)    at osu.Game.Tests.Beatmaps.BeatmapConversionTest`2.<>c__DisplayClass4_1.<Test>b__2() in /app/osu.Game/Tests/Beatmaps/BeatmapConversionTest.cs:line 98
   at NUnit.Framework.Assert.Multiple(TestDelegate testDelegate)
   at osu.Game.Tests.Beatmaps.BeatmapConversionTest`2.<>c__DisplayClass4_0.<Test>b__1() in /app/osu.Game/Tests/Beatmaps/BeatmapConversionTest.cs:line 77
   at NUnit.Framework.Assert.Multiple(TestDelegate testDelegate)
   at osu.Game.Tests.Beatmaps.BeatmapConversionTest`2.Test(String name, Type[] mods) in /app/osu.Game/Tests/Beatmaps/BeatmapConversionTest.cs:line 50
   at osu.Game.Rulesets.Catch.Tests.CatchBeatmapConversionTest.Test(String name, Type[] mods) in /app/osu.Game.Rulesets.Catch.Tests/CatchBeatmapConversionTest.cs:line 58
   at InvokeStub_CatchBeatmapConversionTest.Test(Object, Span`1)

355)    at osu.Game.Tests.Beatmaps.BeatmapConversionTest`2.<>c__DisplayClass4_1.<Test>b__2() in /app/osu.Game/Tests/Beatmaps/BeatmapConversionTest.cs:line 98
   at NUnit.Framework.Assert.Multiple(TestDelegate testDelegate)
   at osu.Game.Tests.Beatmaps.BeatmapConversionTest`2.<>c__DisplayClass4_0.<Test>b__1() in /app/osu.Game/Tests/Beatmaps/BeatmapConversionTest.cs:line 77
   at NUnit.Framework.Assert.Multiple(TestDelegate testDelegate)
   at osu.Game.Tests.Beatmaps.BeatmapConversionTest`2.Test(String name, Type[] mods) in /app/osu.Game/Tests/Beatmaps/BeatmapConversionTest.cs:line 50
   at osu.Game.Rulesets.Catch.Tests.CatchBeatmapConversionTest.Test(String name, Type[] mods) in /app/osu.Game.Rulesets.Catch.Tests/CatchBeatmapConversionTest.cs:line 58
   at InvokeStub_CatchBeatmapConversionTest.Test(Object, Span`1)

356)    at osu.Game.Tests.Beatmaps.BeatmapConversionTest`2.<>c__DisplayClass4_1.<Test>b__2() in /app/osu.Game/Tests/Beatmaps/BeatmapConversionTest.cs:line 98
   at NUnit.Framework.Assert.Multiple(TestDelegate testDelegate)
   at osu.Game.Tests.Beatmaps.BeatmapConversionTest`2.<>c__DisplayClass4_0.<Test>b__1() in /app/osu.Game/Tests/Beatmaps/BeatmapConversionTest.cs:line 77
   at NUnit.Framework.Assert.Multiple(TestDelegate testDelegate)
   at osu.Game.Tests.Beatmaps.BeatmapConversionTest`2.Test(String name, Type[] mods) in /app/osu.Game/Tests/Beatmaps/BeatmapConversionTest.cs:line 50
   at osu.Game.Rulesets.Catch.Tests.CatchBeatmapConversionTest.Test(String name, Type[] mods) in /app/osu.Game.Rulesets.Catch.Tests/CatchBeatmapConversionTest.cs:line 58
   at InvokeStub_CatchBeatmapConversionTest.Test(Object, Span`1)

357)    at osu.Game.Tests.Beatmaps.BeatmapConversionTest`2.<>c__DisplayClass4_1.<Test>b__2() in /app/osu.Game/Tests/Beatmaps/BeatmapConversionTest.cs:line 98
   at NUnit.Framework.Assert.Multiple(TestDelegate testDelegate)
   at osu.Game.Tests.Beatmaps.BeatmapConversionTest`2.<>c__DisplayClass4_0.<Test>b__1() in /app/osu.Game/Tests/Beatmaps/BeatmapConversionTest.cs:line 77
   at NUnit.Framework.Assert.Multiple(TestDelegate testDelegate)
   at osu.Game.Tests.Beatmaps.BeatmapConversionTest`2.Test(String name, Type[] mods) in /app/osu.Game/Tests/Beatmaps/BeatmapConversionTest.cs:line 50
   at osu.Game.Rulesets.Catch.Tests.CatchBeatmapConversionTest.Test(String name, Type[] mods) in /app/osu.Game.Rulesets.Catch.Tests/CatchBeatmapConversionTest.cs:line 58
   at InvokeStub_CatchBeatmapConversionTest.Test(Object, Span`1)

358)    at osu.Game.Tests.Beatmaps.BeatmapConversionTest`2.<>c__DisplayClass4_1.<Test>b__2() in /app/osu.Game/Tests/Beatmaps/BeatmapConversionTest.cs:line 98
   at NUnit.Framework.Assert.Multiple(TestDelegate testDelegate)
   at osu.Game.Tests.Beatmaps.BeatmapConversionTest`2.<>c__DisplayClass4_0.<Test>b__1() in /app/osu.Game/Tests/Beatmaps/BeatmapConversionTest.cs:line 77
   at NUnit.Framework.Assert.Multiple(TestDelegate testDelegate)
   at osu.Game.Tests.Beatmaps.BeatmapConversionTest`2.Test(String name, Type[] mods) in /app/osu.Game/Tests/Beatmaps/BeatmapConversionTest.cs:line 50
   at osu.Game.Rulesets.Catch.Tests.CatchBeatmapConversionTest.Test(String name, Type[] mods) in /app/osu.Game.Rulesets.Catch.Tests/CatchBeatmapConversionTest.cs:line 58
   at InvokeStub_CatchBeatmapConversionTest.Test(Object, Span`1)

359)    at osu.Game.Tests.Beatmaps.BeatmapConversionTest`2.<>c__DisplayClass4_1.<Test>b__2() in /app/osu.Game/Tests/Beatmaps/BeatmapConversionTest.cs:line 98
   at NUnit.Framework.Assert.Multiple(TestDelegate testDelegate)
   at osu.Game.Tests.Beatmaps.BeatmapConversionTest`2.<>c__DisplayClass4_0.<Test>b__1() in /app/osu.Game/Tests/Beatmaps/BeatmapConversionTest.cs:line 77
   at NUnit.Framework.Assert.Multiple(TestDelegate testDelegate)
   at osu.Game.Tests.Beatmaps.BeatmapConversionTest`2.Test(String name, Type[] mods) in /app/osu.Game/Tests/Beatmaps/BeatmapConversionTest.cs:line 50
   at osu.Game.Rulesets.Catch.Tests.CatchBeatmapConversionTest.Test(String name, Type[] mods) in /app/osu.Game.Rulesets.Catch.Tests/CatchBeatmapConversionTest.cs:line 58
   at InvokeStub_CatchBeatmapConversionTest.Test(Object, Span`1)

360)    at osu.Game.Tests.Beatmaps.BeatmapConversionTest`2.<>c__DisplayClass4_1.<Test>b__2() in /app/osu.Game/Tests/Beatmaps/BeatmapConversionTest.cs:line 98
   at NUnit.Framework.Assert.Multiple(TestDelegate testDelegate)
   at osu.Game.Tests.Beatmaps.BeatmapConversionTest`2.<>c__DisplayClass4_0.<Test>b__1() in /app/osu.Game/Tests/Beatmaps/BeatmapConversionTest.cs:line 77
   at NUnit.Framework.Assert.Multiple(TestDelegate testDelegate)
   at osu.Game.Tests.Beatmaps.BeatmapConversionTest`2.Test(String name, Type[] mods) in /app/osu.Game/Tests/Beatmaps/BeatmapConversionTest.cs:line 50
   at osu.Game.Rulesets.Catch.Tests.CatchBeatmapConversionTest.Test(String name, Type[] mods) in /app/osu.Game.Rulesets.Catch.Tests/CatchBeatmapConversionTest.cs:line 58
   at InvokeStub_CatchBeatmapConversionTest.Test(Object, Span`1)

361)    at osu.Game.Tests.Beatmaps.BeatmapConversionTest`2.<>c__DisplayClass4_1.<Test>b__2() in /app/osu.Game/Tests/Beatmaps/BeatmapConversionTest.cs:line 98
   at NUnit.Framework.Assert.Multiple(TestDelegate testDelegate)
   at osu.Game.Tests.Beatmaps.BeatmapConversionTest`2.<>c__DisplayClass4_0.<Test>b__1() in /app/osu.Game/Tests/Beatmaps/BeatmapConversionTest.cs:line 77
   at NUnit.Framework.Assert.Multiple(TestDelegate testDelegate)
   at osu.Game.Tests.Beatmaps.BeatmapConversionTest`2.Test(String name, Type[] mods) in /app/osu.Game/Tests/Beatmaps/BeatmapConversionTest.cs:line 50
   at osu.Game.Rulesets.Catch.Tests.CatchBeatmapConversionTest.Test(String name, Type[] mods) in /app/osu.Game.Rulesets.Catch.Tests/CatchBeatmapConversionTest.cs:line 58
   at InvokeStub_CatchBeatmapConversionTest.Test(Object, Span`1)

362)    at osu.Game.Tests.Beatmaps.BeatmapConversionTest`2.<>c__DisplayClass4_1.<Test>b__2() in /app/osu.Game/Tests/Beatmaps/BeatmapConversionTest.cs:line 98
   at NUnit.Framework.Assert.Multiple(TestDelegate testDelegate)
   at osu.Game.Tests.Beatmaps.BeatmapConversionTest`2.<>c__DisplayClass4_0.<Test>b__1() in /app/osu.Game/Tests/Beatmaps/BeatmapConversionTest.cs:line 77
   at NUnit.Framework.Assert.Multiple(TestDelegate testDelegate)
   at osu.Game.Tests.Beatmaps.BeatmapConversionTest`2.Test(String name, Type[] mods) in /app/osu.Game/Tests/Beatmaps/BeatmapConversionTest.cs:line 50
   at osu.Game.Rulesets.Catch.Tests.CatchBeatmapConversionTest.Test(String name, Type[] mods) in /app/osu.Game.Rulesets.Catch.Tests/CatchBeatmapConversionTest.cs:line 58
   at InvokeStub_CatchBeatmapConversionTest.Test(Object, Span`1)

363)    at osu.Game.Tests.Beatmaps.BeatmapConversionTest`2.<>c__DisplayClass4_1.<Test>b__2() in /app/osu.Game/Tests/Beatmaps/BeatmapConversionTest.cs:line 98
   at NUnit.Framework.Assert.Multiple(TestDelegate testDelegate)
   at osu.Game.Tests.Beatmaps.BeatmapConversionTest`2.<>c__DisplayClass4_0.<Test>b__1() in /app/osu.Game/Tests/Beatmaps/BeatmapConversionTest.cs:line 77
   at NUnit.Framework.Assert.Multiple(TestDelegate testDelegate)
   at osu.Game.Tests.Beatmaps.BeatmapConversionTest`2.Test(String name, Type[] mods) in /app/osu.Game/Tests/Beatmaps/BeatmapConversionTest.cs:line 50
   at osu.Game.Rulesets.Catch.Tests.CatchBeatmapConversionTest.Test(String name, Type[] mods) in /app/osu.Game.Rulesets.Catch.Tests/CatchBeatmapConversionTest.cs:line 58
   at InvokeStub_CatchBeatmapConversionTest.Test(Object, Span`1)

364)    at osu.Game.Tests.Beatmaps.BeatmapConversionTest`2.<>c__DisplayClass4_1.<Test>b__2() in /app/osu.Game/Tests/Beatmaps/BeatmapConversionTest.cs:line 98
   at NUnit.Framework.Assert.Multiple(TestDelegate testDelegate)
   at osu.Game.Tests.Beatmaps.BeatmapConversionTest`2.<>c__DisplayClass4_0.<Test>b__1() in /app/osu.Game/Tests/Beatmaps/BeatmapConversionTest.cs:line 77
   at NUnit.Framework.Assert.Multiple(TestDelegate testDelegate)
   at osu.Game.Tests.Beatmaps.BeatmapConversionTest`2.Test(String name, Type[] mods) in /app/osu.Game/Tests/Beatmaps/BeatmapConversionTest.cs:line 50
   at osu.Game.Rulesets.Catch.Tests.CatchBeatmapConversionTest.Test(String name, Type[] mods) in /app/osu.Game.Rulesets.Catch.Tests/CatchBeatmapConversionTest.cs:line 58
   at InvokeStub_CatchBeatmapConversionTest.Test(Object, Span`1)

365)    at osu.Game.Tests.Beatmaps.BeatmapConversionTest`2.<>c__DisplayClass4_1.<Test>b__2() in /app/osu.Game/Tests/Beatmaps/BeatmapConversionTest.cs:line 98
   at NUnit.Framework.Assert.Multiple(TestDelegate testDelegate)
   at osu.Game.Tests.Beatmaps.BeatmapConversionTest`2.<>c__DisplayClass4_0.<Test>b__1() in /app/osu.Game/Tests/Beatmaps/BeatmapConversionTest.cs:line 77
   at NUnit.Framework.Assert.Multiple(TestDelegate testDelegate)
   at osu.Game.Tests.Beatmaps.BeatmapConversionTest`2.Test(String name, Type[] mods) in /app/osu.Game/Tests/Beatmaps/BeatmapConversionTest.cs:line 50
   at osu.Game.Rulesets.Catch.Tests.CatchBeatmapConversionTest.Test(String name, Type[] mods) in /app/osu.Game.Rulesets.Catch.Tests/CatchBeatmapConversionTest.cs:line 58
   at InvokeStub_CatchBeatmapConversionTest.Test(Object, Span`1)

366)    at osu.Game.Tests.Beatmaps.BeatmapConversionTest`2.<>c__DisplayClass4_1.<Test>b__2() in /app/osu.Game/Tests/Beatmaps/BeatmapConversionTest.cs:line 98
   at NUnit.Framework.Assert.Multiple(TestDelegate testDelegate)
   at osu.Game.Tests.Beatmaps.BeatmapConversionTest`2.<>c__DisplayClass4_0.<Test>b__1() in /app/osu.Game/Tests/Beatmaps/BeatmapConversionTest.cs:line 77
   at NUnit.Framework.Assert.Multiple(TestDelegate testDelegate)
   at osu.Game.Tests.Beatmaps.BeatmapConversionTest`2.Test(String name, Type[] mods) in /app/osu.Game/Tests/Beatmaps/BeatmapConversionTest.cs:line 50
   at osu.Game.Rulesets.Catch.Tests.CatchBeatmapConversionTest.Test(String name, Type[] mods) in /app/osu.Game.Rulesets.Catch.Tests/CatchBeatmapConversionTest.cs:line 58
   at InvokeStub_CatchBeatmapConversionTest.Test(Object, Span`1)

367)    at osu.Game.Tests.Beatmaps.BeatmapConversionTest`2.<>c__DisplayClass4_1.<Test>b__2() in /app/osu.Game/Tests/Beatmaps/BeatmapConversionTest.cs:line 98
   at NUnit.Framework.Assert.Multiple(TestDelegate testDelegate)
   at osu.Game.Tests.Beatmaps.BeatmapConversionTest`2.<>c__DisplayClass4_0.<Test>b__1() in /app/osu.Game/Tests/Beatmaps/BeatmapConversionTest.cs:line 77
   at NUnit.Framework.Assert.Multiple(TestDelegate testDelegate)
   at osu.Game.Tests.Beatmaps.BeatmapConversionTest`2.Test(String name, Type[] mods) in /app/osu.Game/Tests/Beatmaps/BeatmapConversionTest.cs:line 50
   at osu.Game.Rulesets.Catch.Tests.CatchBeatmapConversionTest.Test(String name, Type[] mods) in /app/osu.Game.Rulesets.Catch.Tests/CatchBeatmapConversionTest.cs:line 58
   at InvokeStub_CatchBeatmapConversionTest.Test(Object, Span`1)

368)    at osu.Game.Tests.Beatmaps.BeatmapConversionTest`2.<>c__DisplayClass4_1.<Test>b__2() in /app/osu.Game/Tests/Beatmaps/BeatmapConversionTest.cs:line 98
   at NUnit.Framework.Assert.Multiple(TestDelegate testDelegate)
   at osu.Game.Tests.Beatmaps.BeatmapConversionTest`2.<>c__DisplayClass4_0.<Test>b__1() in /app/osu.Game/Tests/Beatmaps/BeatmapConversionTest.cs:line 77
   at NUnit.Framework.Assert.Multiple(TestDelegate testDelegate)
   at osu.Game.Tests.Beatmaps.BeatmapConversionTest`2.Test(String name, Type[] mods) in /app/osu.Game/Tests/Beatmaps/BeatmapConversionTest.cs:line 50
   at osu.Game.Rulesets.Catch.Tests.CatchBeatmapConversionTest.Test(String name, Type[] mods) in /app/osu.Game.Rulesets.Catch.Tests/CatchBeatmapConversionTest.cs:line 58
   at InvokeStub_CatchBeatmapConversionTest.Test(Object, Span`1)

369)    at osu.Game.Tests.Beatmaps.BeatmapConversionTest`2.<>c__DisplayClass4_1.<Test>b__2() in /app/osu.Game/Tests/Beatmaps/BeatmapConversionTest.cs:line 98
   at NUnit.Framework.Assert.Multiple(TestDelegate testDelegate)
   at osu.Game.Tests.Beatmaps.BeatmapConversionTest`2.<>c__DisplayClass4_0.<Test>b__1() in /app/osu.Game/Tests/Beatmaps/BeatmapConversionTest.cs:line 77
   at NUnit.Framework.Assert.Multiple(TestDelegate testDelegate)
   at osu.Game.Tests.Beatmaps.BeatmapConversionTest`2.Test(String name, Type[] mods) in /app/osu.Game/Tests/Beatmaps/BeatmapConversionTest.cs:line 50
   at osu.Game.Rulesets.Catch.Tests.CatchBeatmapConversionTest.Test(String name, Type[] mods) in /app/osu.Game.Rulesets.Catch.Tests/CatchBeatmapConversionTest.cs:line 58
   at InvokeStub_CatchBeatmapConversionTest.Test(Object, Span`1)

370)    at osu.Game.Tests.Beatmaps.BeatmapConversionTest`2.<>c__DisplayClass4_1.<Test>b__2() in /app/osu.Game/Tests/Beatmaps/BeatmapConversionTest.cs:line 98
   at NUnit.Framework.Assert.Multiple(TestDelegate testDelegate)
   at osu.Game.Tests.Beatmaps.BeatmapConversionTest`2.<>c__DisplayClass4_0.<Test>b__1() in /app/osu.Game/Tests/Beatmaps/BeatmapConversionTest.cs:line 77
   at NUnit.Framework.Assert.Multiple(TestDelegate testDelegate)
   at osu.Game.Tests.Beatmaps.BeatmapConversionTest`2.Test(String name, Type[] mods) in /app/osu.Game/Tests/Beatmaps/BeatmapConversionTest.cs:line 50
   at osu.Game.Rulesets.Catch.Tests.CatchBeatmapConversionTest.Test(String name, Type[] mods) in /app/osu.Game.Rulesets.Catch.Tests/CatchBeatmapConversionTest.cs:line 58
   at InvokeStub_CatchBeatmapConversionTest.Test(Object, Span`1)

371)    at osu.Game.Tests.Beatmaps.BeatmapConversionTest`2.<>c__DisplayClass4_1.<Test>b__2() in /app/osu.Game/Tests/Beatmaps/BeatmapConversionTest.cs:line 98
   at NUnit.Framework.Assert.Multiple(TestDelegate testDelegate)
   at osu.Game.Tests.Beatmaps.BeatmapConversionTest`2.<>c__DisplayClass4_0.<Test>b__1() in /app/osu.Game/Tests/Beatmaps/BeatmapConversionTest.cs:line 77
   at NUnit.Framework.Assert.Multiple(TestDelegate testDelegate)
   at osu.Game.Tests.Beatmaps.BeatmapConversionTest`2.Test(String name, Type[] mods) in /app/osu.Game/Tests/Beatmaps/BeatmapConversionTest.cs:line 50
   at osu.Game.Rulesets.Catch.Tests.CatchBeatmapConversionTest.Test(String name, Type[] mods) in /app/osu.Game.Rulesets.Catch.Tests/CatchBeatmapConversionTest.cs:line 58
   at InvokeStub_CatchBeatmapConversionTest.Test(Object, Span`1)

372)    at osu.Game.Tests.Beatmaps.BeatmapConversionTest`2.<>c__DisplayClass4_1.<Test>b__2() in /app/osu.Game/Tests/Beatmaps/BeatmapConversionTest.cs:line 98
   at NUnit.Framework.Assert.Multiple(TestDelegate testDelegate)
   at osu.Game.Tests.Beatmaps.BeatmapConversionTest`2.<>c__DisplayClass4_0.<Test>b__1() in /app/osu.Game/Tests/Beatmaps/BeatmapConversionTest.cs:line 77
   at NUnit.Framework.Assert.Multiple(TestDelegate testDelegate)
   at osu.Game.Tests.Beatmaps.BeatmapConversionTest`2.Test(String name, Type[] mods) in /app/osu.Game/Tests/Beatmaps/BeatmapConversionTest.cs:line 50
   at osu.Game.Rulesets.Catch.Tests.CatchBeatmapConversionTest.Test(String name, Type[] mods) in /app/osu.Game.Rulesets.Catch.Tests/CatchBeatmapConversionTest.cs:line 58
   at InvokeStub_CatchBeatmapConversionTest.Test(Object, Span`1)

373)    at osu.Game.Tests.Beatmaps.BeatmapConversionTest`2.<>c__DisplayClass4_1.<Test>b__2() in /app/osu.Game/Tests/Beatmaps/BeatmapConversionTest.cs:line 98
   at NUnit.Framework.Assert.Multiple(TestDelegate testDelegate)
   at osu.Game.Tests.Beatmaps.BeatmapConversionTest`2.<>c__DisplayClass4_0.<Test>b__1() in /app/osu.Game/Tests/Beatmaps/BeatmapConversionTest.cs:line 77
   at NUnit.Framework.Assert.Multiple(TestDelegate testDelegate)
   at osu.Game.Tests.Beatmaps.BeatmapConversionTest`2.Test(String name, Type[] mods) in /app/osu.Game/Tests/Beatmaps/BeatmapConversionTest.cs:line 50
   at osu.Game.Rulesets.Catch.Tests.CatchBeatmapConversionTest.Test(String name, Type[] mods) in /app/osu.Game.Rulesets.Catch.Tests/CatchBeatmapConversionTest.cs:line 58
   at InvokeStub_CatchBeatmapConversionTest.Test(Object, Span`1)

374)    at osu.Game.Tests.Beatmaps.BeatmapConversionTest`2.<>c__DisplayClass4_1.<Test>b__2() in /app/osu.Game/Tests/Beatmaps/BeatmapConversionTest.cs:line 98
   at NUnit.Framework.Assert.Multiple(TestDelegate testDelegate)
   at osu.Game.Tests.Beatmaps.BeatmapConversionTest`2.<>c__DisplayClass4_0.<Test>b__1() in /app/osu.Game/Tests/Beatmaps/BeatmapConversionTest.cs:line 77
   at NUnit.Framework.Assert.Multiple(TestDelegate testDelegate)
   at osu.Game.Tests.Beatmaps.BeatmapConversionTest`2.Test(String name, Type[] mods) in /app/osu.Game/Tests/Beatmaps/BeatmapConversionTest.cs:line 50
   at osu.Game.Rulesets.Catch.Tests.CatchBeatmapConversionTest.Test(String name, Type[] mods) in /app/osu.Game.Rulesets.Catch.Tests/CatchBeatmapConversionTest.cs:line 58
   at InvokeStub_CatchBeatmapConversionTest.Test(Object, Span`1)

375)    at osu.Game.Tests.Beatmaps.BeatmapConversionTest`2.<>c__DisplayClass4_1.<Test>b__2() in /app/osu.Game/Tests/Beatmaps/BeatmapConversionTest.cs:line 98
   at NUnit.Framework.Assert.Multiple(TestDelegate testDelegate)
   at osu.Game.Tests.Beatmaps.BeatmapConversionTest`2.<>c__DisplayClass4_0.<Test>b__1() in /app/osu.Game/Tests/Beatmaps/BeatmapConversionTest.cs:line 77
   at NUnit.Framework.Assert.Multiple(TestDelegate testDelegate)
   at osu.Game.Tests.Beatmaps.BeatmapConversionTest`2.Test(String name, Type[] mods) in /app/osu.Game/Tests/Beatmaps/BeatmapConversionTest.cs:line 50
   at osu.Game.Rulesets.Catch.Tests.CatchBeatmapConversionTest.Test(String name, Type[] mods) in /app/osu.Game.Rulesets.Catch.Tests/CatchBeatmapConversionTest.cs:line 58
   at InvokeStub_CatchBeatmapConversionTest.Test(Object, Span`1)

376)    at osu.Game.Tests.Beatmaps.BeatmapConversionTest`2.<>c__DisplayClass4_1.<Test>b__2() in /app/osu.Game/Tests/Beatmaps/BeatmapConversionTest.cs:line 98
   at NUnit.Framework.Assert.Multiple(TestDelegate testDelegate)
   at osu.Game.Tests.Beatmaps.BeatmapConversionTest`2.<>c__DisplayClass4_0.<Test>b__1() in /app/osu.Game/Tests/Beatmaps/BeatmapConversionTest.cs:line 77
   at NUnit.Framework.Assert.Multiple(TestDelegate testDelegate)
   at osu.Game.Tests.Beatmaps.BeatmapConversionTest`2.Test(String name, Type[] mods) in /app/osu.Game/Tests/Beatmaps/BeatmapConversionTest.cs:line 50
   at osu.Game.Rulesets.Catch.Tests.CatchBeatmapConversionTest.Test(String name, Type[] mods) in /app/osu.Game.Rulesets.Catch.Tests/CatchBeatmapConversionTest.cs:line 58
   at InvokeStub_CatchBeatmapConversionTest.Test(Object, Span`1)

377)    at osu.Game.Tests.Beatmaps.BeatmapConversionTest`2.<>c__DisplayClass4_1.<Test>b__2() in /app/osu.Game/Tests/Beatmaps/BeatmapConversionTest.cs:line 98
   at NUnit.Framework.Assert.Multiple(TestDelegate testDelegate)
   at osu.Game.Tests.Beatmaps.BeatmapConversionTest`2.<>c__DisplayClass4_0.<Test>b__1() in /app/osu.Game/Tests/Beatmaps/BeatmapConversionTest.cs:line 77
   at NUnit.Framework.Assert.Multiple(TestDelegate testDelegate)
   at osu.Game.Tests.Beatmaps.BeatmapConversionTest`2.Test(String name, Type[] mods) in /app/osu.Game/Tests/Beatmaps/BeatmapConversionTest.cs:line 50
   at osu.Game.Rulesets.Catch.Tests.CatchBeatmapConversionTest.Test(String name, Type[] mods) in /app/osu.Game.Rulesets.Catch.Tests/CatchBeatmapConversionTest.cs:line 58
   at InvokeStub_CatchBeatmapConversionTest.Test(Object, Span`1)

378)    at osu.Game.Tests.Beatmaps.BeatmapConversionTest`2.<>c__DisplayClass4_1.<Test>b__2() in /app/osu.Game/Tests/Beatmaps/BeatmapConversionTest.cs:line 98
   at NUnit.Framework.Assert.Multiple(TestDelegate testDelegate)
   at osu.Game.Tests.Beatmaps.BeatmapConversionTest`2.<>c__DisplayClass4_0.<Test>b__1() in /app/osu.Game/Tests/Beatmaps/BeatmapConversionTest.cs:line 77
   at NUnit.Framework.Assert.Multiple(TestDelegate testDelegate)
   at osu.Game.Tests.Beatmaps.BeatmapConversionTest`2.Test(String name, Type[] mods) in /app/osu.Game/Tests/Beatmaps/BeatmapConversionTest.cs:line 50
   at osu.Game.Rulesets.Catch.Tests.CatchBeatmapConversionTest.Test(String name, Type[] mods) in /app/osu.Game.Rulesets.Catch.Tests/CatchBeatmapConversionTest.cs:line 58
   at InvokeStub_CatchBeatmapConversionTest.Test(Object, Span`1)

379)    at osu.Game.Tests.Beatmaps.BeatmapConversionTest`2.<>c__DisplayClass4_1.<Test>b__2() in /app/osu.Game/Tests/Beatmaps/BeatmapConversionTest.cs:line 98
   at NUnit.Framework.Assert.Multiple(TestDelegate testDelegate)
   at osu.Game.Tests.Beatmaps.BeatmapConversionTest`2.<>c__DisplayClass4_0.<Test>b__1() in /app/osu.Game/Tests/Beatmaps/BeatmapConversionTest.cs:line 77
   at NUnit.Framework.Assert.Multiple(TestDelegate testDelegate)
   at osu.Game.Tests.Beatmaps.BeatmapConversionTest`2.Test(String name, Type[] mods) in /app/osu.Game/Tests/Beatmaps/BeatmapConversionTest.cs:line 50
   at osu.Game.Rulesets.Catch.Tests.CatchBeatmapConversionTest.Test(String name, Type[] mods) in /app/osu.Game.Rulesets.Catch.Tests/CatchBeatmapConversionTest.cs:line 58
   at InvokeStub_CatchBeatmapConversionTest.Test(Object, Span`1)

380)    at osu.Game.Tests.Beatmaps.BeatmapConversionTest`2.<>c__DisplayClass4_1.<Test>b__2() in /app/osu.Game/Tests/Beatmaps/BeatmapConversionTest.cs:line 98
   at NUnit.Framework.Assert.Multiple(TestDelegate testDelegate)
   at osu.Game.Tests.Beatmaps.BeatmapConversionTest`2.<>c__DisplayClass4_0.<Test>b__1() in /app/osu.Game/Tests/Beatmaps/BeatmapConversionTest.cs:line 77
   at NUnit.Framework.Assert.Multiple(TestDelegate testDelegate)
   at osu.Game.Tests.Beatmaps.BeatmapConversionTest`2.Test(String name, Type[] mods) in /app/osu.Game/Tests/Beatmaps/BeatmapConversionTest.cs:line 50
   at osu.Game.Rulesets.Catch.Tests.CatchBeatmapConversionTest.Test(String name, Type[] mods) in /app/osu.Game.Rulesets.Catch.Tests/CatchBeatmapConversionTest.cs:line 58
   at InvokeStub_CatchBeatmapConversionTest.Test(Object, Span`1)

381)    at osu.Game.Tests.Beatmaps.BeatmapConversionTest`2.<>c__DisplayClass4_1.<Test>b__2() in /app/osu.Game/Tests/Beatmaps/BeatmapConversionTest.cs:line 98
   at NUnit.Framework.Assert.Multiple(TestDelegate testDelegate)
   at osu.Game.Tests.Beatmaps.BeatmapConversionTest`2.<>c__DisplayClass4_0.<Test>b__1() in /app/osu.Game/Tests/Beatmaps/BeatmapConversionTest.cs:line 77
   at NUnit.Framework.Assert.Multiple(TestDelegate testDelegate)
   at osu.Game.Tests.Beatmaps.BeatmapConversionTest`2.Test(String name, Type[] mods) in /app/osu.Game/Tests/Beatmaps/BeatmapConversionTest.cs:line 50
   at osu.Game.Rulesets.Catch.Tests.CatchBeatmapConversionTest.Test(String name, Type[] mods) in /app/osu.Game.Rulesets.Catch.Tests/CatchBeatmapConversionTest.cs:line 58
   at InvokeStub_CatchBeatmapConversionTest.Test(Object, Span`1)

382)    at osu.Game.Tests.Beatmaps.BeatmapConversionTest`2.<>c__DisplayClass4_1.<Test>b__2() in /app/osu.Game/Tests/Beatmaps/BeatmapConversionTest.cs:line 98
   at NUnit.Framework.Assert.Multiple(TestDelegate testDelegate)
   at osu.Game.Tests.Beatmaps.BeatmapConversionTest`2.<>c__DisplayClass4_0.<Test>b__1() in /app/osu.Game/Tests/Beatmaps/BeatmapConversionTest.cs:line 77
   at NUnit.Framework.Assert.Multiple(TestDelegate testDelegate)
   at osu.Game.Tests.Beatmaps.BeatmapConversionTest`2.Test(String name, Type[] mods) in /app/osu.Game/Tests/Beatmaps/BeatmapConversionTest.cs:line 50
   at osu.Game.Rulesets.Catch.Tests.CatchBeatmapConversionTest.Test(String name, Type[] mods) in /app/osu.Game.Rulesets.Catch.Tests/CatchBeatmapConversionTest.cs:line 58
   at InvokeStub_CatchBeatmapConversionTest.Test(Object, Span`1)

383)    at osu.Game.Tests.Beatmaps.BeatmapConversionTest`2.<>c__DisplayClass4_1.<Test>b__2() in /app/osu.Game/Tests/Beatmaps/BeatmapConversionTest.cs:line 98
   at NUnit.Framework.Assert.Multiple(TestDelegate testDelegate)
   at osu.Game.Tests.Beatmaps.BeatmapConversionTest`2.<>c__DisplayClass4_0.<Test>b__1() in /app/osu.Game/Tests/Beatmaps/BeatmapConversionTest.cs:line 77
   at NUnit.Framework.Assert.Multiple(TestDelegate testDelegate)
   at osu.Game.Tests.Beatmaps.BeatmapConversionTest`2.Test(String name, Type[] mods) in /app/osu.Game/Tests/Beatmaps/BeatmapConversionTest.cs:line 50
   at osu.Game.Rulesets.Catch.Tests.CatchBeatmapConversionTest.Test(String name, Type[] mods) in /app/osu.Game.Rulesets.Catch.Tests/CatchBeatmapConversionTest.cs:line 58
   at InvokeStub_CatchBeatmapConversionTest.Test(Object, Span`1)

384)    at osu.Game.Tests.Beatmaps.BeatmapConversionTest`2.<>c__DisplayClass4_1.<Test>b__2() in /app/osu.Game/Tests/Beatmaps/BeatmapConversionTest.cs:line 98
   at NUnit.Framework.Assert.Multiple(TestDelegate testDelegate)
   at osu.Game.Tests.Beatmaps.BeatmapConversionTest`2.<>c__DisplayClass4_0.<Test>b__1() in /app/osu.Game/Tests/Beatmaps/BeatmapConversionTest.cs:line 77
   at NUnit.Framework.Assert.Multiple(TestDelegate testDelegate)
   at osu.Game.Tests.Beatmaps.BeatmapConversionTest`2.Test(String name, Type[] mods) in /app/osu.Game/Tests/Beatmaps/BeatmapConversionTest.cs:line 50
   at osu.Game.Rulesets.Catch.Tests.CatchBeatmapConversionTest.Test(String name, Type[] mods) in /app/osu.Game.Rulesets.Catch.Tests/CatchBeatmapConversionTest.cs:line 58
   at InvokeStub_CatchBeatmapConversionTest.Test(Object, Span`1)

385)    at osu.Game.Tests.Beatmaps.BeatmapConversionTest`2.<>c__DisplayClass4_1.<Test>b__2() in /app/osu.Game/Tests/Beatmaps/BeatmapConversionTest.cs:line 98
   at NUnit.Framework.Assert.Multiple(TestDelegate testDelegate)
   at osu.Game.Tests.Beatmaps.BeatmapConversionTest`2.<>c__DisplayClass4_0.<Test>b__1() in /app/osu.Game/Tests/Beatmaps/BeatmapConversionTest.cs:line 77
   at NUnit.Framework.Assert.Multiple(TestDelegate testDelegate)
   at osu.Game.Tests.Beatmaps.BeatmapConversionTest`2.Test(String name, Type[] mods) in /app/osu.Game/Tests/Beatmaps/BeatmapConversionTest.cs:line 50
   at osu.Game.Rulesets.Catch.Tests.CatchBeatmapConversionTest.Test(String name, Type[] mods) in /app/osu.Game.Rulesets.Catch.Tests/CatchBeatmapConversionTest.cs:line 58
   at InvokeStub_CatchBeatmapConversionTest.Test(Object, Span`1)

386)    at osu.Game.Tests.Beatmaps.BeatmapConversionTest`2.<>c__DisplayClass4_1.<Test>b__2() in /app/osu.Game/Tests/Beatmaps/BeatmapConversionTest.cs:line 98
   at NUnit.Framework.Assert.Multiple(TestDelegate testDelegate)
   at osu.Game.Tests.Beatmaps.BeatmapConversionTest`2.<>c__DisplayClass4_0.<Test>b__1() in /app/osu.Game/Tests/Beatmaps/BeatmapConversionTest.cs:line 77
   at NUnit.Framework.Assert.Multiple(TestDelegate testDelegate)
   at osu.Game.Tests.Beatmaps.BeatmapConversionTest`2.Test(String name, Type[] mods) in /app/osu.Game/Tests/Beatmaps/BeatmapConversionTest.cs:line 50
   at osu.Game.Rulesets.Catch.Tests.CatchBeatmapConversionTest.Test(String name, Type[] mods) in /app/osu.Game.Rulesets.Catch.Tests/CatchBeatmapConversionTest.cs:line 58
   at InvokeStub_CatchBeatmapConversionTest.Test(Object, Span`1)

387)    at osu.Game.Tests.Beatmaps.BeatmapConversionTest`2.<>c__DisplayClass4_1.<Test>b__2() in /app/osu.Game/Tests/Beatmaps/BeatmapConversionTest.cs:line 98
   at NUnit.Framework.Assert.Multiple(TestDelegate testDelegate)
   at osu.Game.Tests.Beatmaps.BeatmapConversionTest`2.<>c__DisplayClass4_0.<Test>b__1() in /app/osu.Game/Tests/Beatmaps/BeatmapConversionTest.cs:line 77
   at NUnit.Framework.Assert.Multiple(TestDelegate testDelegate)
   at osu.Game.Tests.Beatmaps.BeatmapConversionTest`2.Test(String name, Type[] mods) in /app/osu.Game/Tests/Beatmaps/BeatmapConversionTest.cs:line 50
   at osu.Game.Rulesets.Catch.Tests.CatchBeatmapConversionTest.Test(String name, Type[] mods) in /app/osu.Game.Rulesets.Catch.Tests/CatchBeatmapConversionTest.cs:line 58
   at InvokeStub_CatchBeatmapConversionTest.Test(Object, Span`1)

388)    at osu.Game.Tests.Beatmaps.BeatmapConversionTest`2.<>c__DisplayClass4_1.<Test>b__2() in /app/osu.Game/Tests/Beatmaps/BeatmapConversionTest.cs:line 98
   at NUnit.Framework.Assert.Multiple(TestDelegate testDelegate)
   at osu.Game.Tests.Beatmaps.BeatmapConversionTest`2.<>c__DisplayClass4_0.<Test>b__1() in /app/osu.Game/Tests/Beatmaps/BeatmapConversionTest.cs:line 77
   at NUnit.Framework.Assert.Multiple(TestDelegate testDelegate)
   at osu.Game.Tests.Beatmaps.BeatmapConversionTest`2.Test(String name, Type[] mods) in /app/osu.Game/Tests/Beatmaps/BeatmapConversionTest.cs:line 50
   at osu.Game.Rulesets.Catch.Tests.CatchBeatmapConversionTest.Test(String name, Type[] mods) in /app/osu.Game.Rulesets.Catch.Tests/CatchBeatmapConversionTest.cs:line 58
   at InvokeStub_CatchBeatmapConversionTest.Test(Object, Span`1)

389)    at osu.Game.Tests.Beatmaps.BeatmapConversionTest`2.<>c__DisplayClass4_1.<Test>b__2() in /app/osu.Game/Tests/Beatmaps/BeatmapConversionTest.cs:line 98
   at NUnit.Framework.Assert.Multiple(TestDelegate testDelegate)
   at osu.Game.Tests.Beatmaps.BeatmapConversionTest`2.<>c__DisplayClass4_0.<Test>b__1() in /app/osu.Game/Tests/Beatmaps/BeatmapConversionTest.cs:line 77
   at NUnit.Framework.Assert.Multiple(TestDelegate testDelegate)
   at osu.Game.Tests.Beatmaps.BeatmapConversionTest`2.Test(String name, Type[] mods) in /app/osu.Game/Tests/Beatmaps/BeatmapConversionTest.cs:line 50
   at osu.Game.Rulesets.Catch.Tests.CatchBeatmapConversionTest.Test(String name, Type[] mods) in /app/osu.Game.Rulesets.Catch.Tests/CatchBeatmapConversionTest.cs:line 58
   at InvokeStub_CatchBeatmapConversionTest.Test(Object, Span`1)

390)    at osu.Game.Tests.Beatmaps.BeatmapConversionTest`2.<>c__DisplayClass4_1.<Test>b__2() in /app/osu.Game/Tests/Beatmaps/BeatmapConversionTest.cs:line 98
   at NUnit.Framework.Assert.Multiple(TestDelegate testDelegate)
   at osu.Game.Tests.Beatmaps.BeatmapConversionTest`2.<>c__DisplayClass4_0.<Test>b__1() in /app/osu.Game/Tests/Beatmaps/BeatmapConversionTest.cs:line 77
   at NUnit.Framework.Assert.Multiple(TestDelegate testDelegate)
   at osu.Game.Tests.Beatmaps.BeatmapConversionTest`2.Test(String name, Type[] mods) in /app/osu.Game/Tests/Beatmaps/BeatmapConversionTest.cs:line 50
   at osu.Game.Rulesets.Catch.Tests.CatchBeatmapConversionTest.Test(String name, Type[] mods) in /app/osu.Game.Rulesets.Catch.Tests/CatchBeatmapConversionTest.cs:line 58
   at InvokeStub_CatchBeatmapConversionTest.Test(Object, Span`1)

391)    at osu.Game.Tests.Beatmaps.BeatmapConversionTest`2.<>c__DisplayClass4_1.<Test>b__2() in /app/osu.Game/Tests/Beatmaps/BeatmapConversionTest.cs:line 98
   at NUnit.Framework.Assert.Multiple(TestDelegate testDelegate)
   at osu.Game.Tests.Beatmaps.BeatmapConversionTest`2.<>c__DisplayClass4_0.<Test>b__1() in /app/osu.Game/Tests/Beatmaps/BeatmapConversionTest.cs:line 77
   at NUnit.Framework.Assert.Multiple(TestDelegate testDelegate)
   at osu.Game.Tests.Beatmaps.BeatmapConversionTest`2.Test(String name, Type[] mods) in /app/osu.Game/Tests/Beatmaps/BeatmapConversionTest.cs:line 50
   at osu.Game.Rulesets.Catch.Tests.CatchBeatmapConversionTest.Test(String name, Type[] mods) in /app/osu.Game.Rulesets.Catch.Tests/CatchBeatmapConversionTest.cs:line 58
   at InvokeStub_CatchBeatmapConversionTest.Test(Object, Span`1)

392)    at osu.Game.Tests.Beatmaps.BeatmapConversionTest`2.<>c__DisplayClass4_1.<Test>b__2() in /app/osu.Game/Tests/Beatmaps/BeatmapConversionTest.cs:line 98
   at NUnit.Framework.Assert.Multiple(TestDelegate testDelegate)
   at osu.Game.Tests.Beatmaps.BeatmapConversionTest`2.<>c__DisplayClass4_0.<Test>b__1() in /app/osu.Game/Tests/Beatmaps/BeatmapConversionTest.cs:line 77
   at NUnit.Framework.Assert.Multiple(TestDelegate testDelegate)
   at osu.Game.Tests.Beatmaps.BeatmapConversionTest`2.Test(String name, Type[] mods) in /app/osu.Game/Tests/Beatmaps/BeatmapConversionTest.cs:line 50
   at osu.Game.Rulesets.Catch.Tests.CatchBeatmapConversionTest.Test(String name, Type[] mods) in /app/osu.Game.Rulesets.Catch.Tests/CatchBeatmapConversionTest.cs:line 58
   at InvokeStub_CatchBeatmapConversionTest.Test(Object, Span`1)

393)    at osu.Game.Tests.Beatmaps.BeatmapConversionTest`2.<>c__DisplayClass4_1.<Test>b__2() in /app/osu.Game/Tests/Beatmaps/BeatmapConversionTest.cs:line 98
   at NUnit.Framework.Assert.Multiple(TestDelegate testDelegate)
   at osu.Game.Tests.Beatmaps.BeatmapConversionTest`2.<>c__DisplayClass4_0.<Test>b__1() in /app/osu.Game/Tests/Beatmaps/BeatmapConversionTest.cs:line 77
   at NUnit.Framework.Assert.Multiple(TestDelegate testDelegate)
   at osu.Game.Tests.Beatmaps.BeatmapConversionTest`2.Test(String name, Type[] mods) in /app/osu.Game/Tests/Beatmaps/BeatmapConversionTest.cs:line 50
   at osu.Game.Rulesets.Catch.Tests.CatchBeatmapConversionTest.Test(String name, Type[] mods) in /app/osu.Game.Rulesets.Catch.Tests/CatchBeatmapConversionTest.cs:line 58
   at InvokeStub_CatchBeatmapConversionTest.Test(Object, Span`1)

394)    at osu.Game.Tests.Beatmaps.BeatmapConversionTest`2.<>c__DisplayClass4_1.<Test>b__2() in /app/osu.Game/Tests/Beatmaps/BeatmapConversionTest.cs:line 98
   at NUnit.Framework.Assert.Multiple(TestDelegate testDelegate)
   at osu.Game.Tests.Beatmaps.BeatmapConversionTest`2.<>c__DisplayClass4_0.<Test>b__1() in /app/osu.Game/Tests/Beatmaps/BeatmapConversionTest.cs:line 77
   at NUnit.Framework.Assert.Multiple(TestDelegate testDelegate)
   at osu.Game.Tests.Beatmaps.BeatmapConversionTest`2.Test(String name, Type[] mods) in /app/osu.Game/Tests/Beatmaps/BeatmapConversionTest.cs:line 50
   at osu.Game.Rulesets.Catch.Tests.CatchBeatmapConversionTest.Test(String name, Type[] mods) in /app/osu.Game.Rulesets.Catch.Tests/CatchBeatmapConversionTest.cs:line 58
   at InvokeStub_CatchBeatmapConversionTest.Test(Object, Span`1)

395)    at osu.Game.Tests.Beatmaps.BeatmapConversionTest`2.<>c__DisplayClass4_1.<Test>b__2() in /app/osu.Game/Tests/Beatmaps/BeatmapConversionTest.cs:line 98
   at NUnit.Framework.Assert.Multiple(TestDelegate testDelegate)
   at osu.Game.Tests.Beatmaps.BeatmapConversionTest`2.<>c__DisplayClass4_0.<Test>b__1() in /app/osu.Game/Tests/Beatmaps/BeatmapConversionTest.cs:line 77
   at NUnit.Framework.Assert.Multiple(TestDelegate testDelegate)
   at osu.Game.Tests.Beatmaps.BeatmapConversionTest`2.Test(String name, Type[] mods) in /app/osu.Game/Tests/Beatmaps/BeatmapConversionTest.cs:line 50
   at osu.Game.Rulesets.Catch.Tests.CatchBeatmapConversionTest.Test(String name, Type[] mods) in /app/osu.Game.Rulesets.Catch.Tests/CatchBeatmapConversionTest.cs:line 58
   at InvokeStub_CatchBeatmapConversionTest.Test(Object, Span`1)

396)    at osu.Game.Tests.Beatmaps.BeatmapConversionTest`2.<>c__DisplayClass4_1.<Test>b__2() in /app/osu.Game/Tests/Beatmaps/BeatmapConversionTest.cs:line 98
   at NUnit.Framework.Assert.Multiple(TestDelegate testDelegate)
   at osu.Game.Tests.Beatmaps.BeatmapConversionTest`2.<>c__DisplayClass4_0.<Test>b__1() in /app/osu.Game/Tests/Beatmaps/BeatmapConversionTest.cs:line 77
   at NUnit.Framework.Assert.Multiple(TestDelegate testDelegate)
   at osu.Game.Tests.Beatmaps.BeatmapConversionTest`2.Test(String name, Type[] mods) in /app/osu.Game/Tests/Beatmaps/BeatmapConversionTest.cs:line 50
   at osu.Game.Rulesets.Catch.Tests.CatchBeatmapConversionTest.Test(String name, Type[] mods) in /app/osu.Game.Rulesets.Catch.Tests/CatchBeatmapConversionTest.cs:line 58
   at InvokeStub_CatchBeatmapConversionTest.Test(Object, Span`1)

397)    at osu.Game.Tests.Beatmaps.BeatmapConversionTest`2.<>c__DisplayClass4_1.<Test>b__2() in /app/osu.Game/Tests/Beatmaps/BeatmapConversionTest.cs:line 98
   at NUnit.Framework.Assert.Multiple(TestDelegate testDelegate)
   at osu.Game.Tests.Beatmaps.BeatmapConversionTest`2.<>c__DisplayClass4_0.<Test>b__1() in /app/osu.Game/Tests/Beatmaps/BeatmapConversionTest.cs:line 77
   at NUnit.Framework.Assert.Multiple(TestDelegate testDelegate)
   at osu.Game.Tests.Beatmaps.BeatmapConversionTest`2.Test(String name, Type[] mods) in /app/osu.Game/Tests/Beatmaps/BeatmapConversionTest.cs:line 50
   at osu.Game.Rulesets.Catch.Tests.CatchBeatmapConversionTest.Test(String name, Type[] mods) in /app/osu.Game.Rulesets.Catch.Tests/CatchBeatmapConversionTest.cs:line 58
   at InvokeStub_CatchBeatmapConversionTest.Test(Object, Span`1)

398)    at osu.Game.Tests.Beatmaps.BeatmapConversionTest`2.<>c__DisplayClass4_1.<Test>b__2() in /app/osu.Game/Tests/Beatmaps/BeatmapConversionTest.cs:line 98
   at NUnit.Framework.Assert.Multiple(TestDelegate testDelegate)
   at osu.Game.Tests.Beatmaps.BeatmapConversionTest`2.<>c__DisplayClass4_0.<Test>b__1() in /app/osu.Game/Tests/Beatmaps/BeatmapConversionTest.cs:line 77
   at NUnit.Framework.Assert.Multiple(TestDelegate testDelegate)
   at osu.Game.Tests.Beatmaps.BeatmapConversionTest`2.Test(String name, Type[] mods) in /app/osu.Game/Tests/Beatmaps/BeatmapConversionTest.cs:line 50
   at osu.Game.Rulesets.Catch.Tests.CatchBeatmapConversionTest.Test(String name, Type[] mods) in /app/osu.Game.Rulesets.Catch.Tests/CatchBeatmapConversionTest.cs:line 58
   at InvokeStub_CatchBeatmapConversionTest.Test(Object, Span`1)

399)    at osu.Game.Tests.Beatmaps.BeatmapConversionTest`2.<>c__DisplayClass4_1.<Test>b__2() in /app/osu.Game/Tests/Beatmaps/BeatmapConversionTest.cs:line 98
   at NUnit.Framework.Assert.Multiple(TestDelegate testDelegate)
   at osu.Game.Tests.Beatmaps.BeatmapConversionTest`2.<>c__DisplayClass4_0.<Test>b__1() in /app/osu.Game/Tests/Beatmaps/BeatmapConversionTest.cs:line 77
   at NUnit.Framework.Assert.Multiple(TestDelegate testDelegate)
   at osu.Game.Tests.Beatmaps.BeatmapConversionTest`2.Test(String name, Type[] mods) in /app/osu.Game/Tests/Beatmaps/BeatmapConversionTest.cs:line 50
   at osu.Game.Rulesets.Catch.Tests.CatchBeatmapConversionTest.Test(String name, Type[] mods) in /app/osu.Game.Rulesets.Catch.Tests/CatchBeatmapConversionTest.cs:line 58
   at InvokeStub_CatchBeatmapConversionTest.Test(Object, Span`1)

400)    at osu.Game.Tests.Beatmaps.BeatmapConversionTest`2.<>c__DisplayClass4_1.<Test>b__2() in /app/osu.Game/Tests/Beatmaps/BeatmapConversionTest.cs:line 98
   at NUnit.Framework.Assert.Multiple(TestDelegate testDelegate)
   at osu.Game.Tests.Beatmaps.BeatmapConversionTest`2.<>c__DisplayClass4_0.<Test>b__1() in /app/osu.Game/Tests/Beatmaps/BeatmapConversionTest.cs:line 77
   at NUnit.Framework.Assert.Multiple(TestDelegate testDelegate)
   at osu.Game.Tests.Beatmaps.BeatmapConversionTest`2.Test(String name, Type[] mods) in /app/osu.Game/Tests/Beatmaps/BeatmapConversionTest.cs:line 50
   at osu.Game.Rulesets.Catch.Tests.CatchBeatmapConversionTest.Test(String name, Type[] mods) in /app/osu.Game.Rulesets.Catch.Tests/CatchBeatmapConversionTest.cs:line 58
   at InvokeStub_CatchBeatmapConversionTest.Test(Object, Span`1)

401)    at osu.Game.Tests.Beatmaps.BeatmapConversionTest`2.<>c__DisplayClass4_1.<Test>b__2() in /app/osu.Game/Tests/Beatmaps/BeatmapConversionTest.cs:line 98
   at NUnit.Framework.Assert.Multiple(TestDelegate testDelegate)
   at osu.Game.Tests.Beatmaps.BeatmapConversionTest`2.<>c__DisplayClass4_0.<Test>b__1() in /app/osu.Game/Tests/Beatmaps/BeatmapConversionTest.cs:line 77
   at NUnit.Framework.Assert.Multiple(TestDelegate testDelegate)
   at osu.Game.Tests.Beatmaps.BeatmapConversionTest`2.Test(String name, Type[] mods) in /app/osu.Game/Tests/Beatmaps/BeatmapConversionTest.cs:line 50
   at osu.Game.Rulesets.Catch.Tests.CatchBeatmapConversionTest.Test(String name, Type[] mods) in /app/osu.Game.Rulesets.Catch.Tests/CatchBeatmapConversionTest.cs:line 58
   at InvokeStub_CatchBeatmapConversionTest.Test(Object, Span`1)

402)    at osu.Game.Tests.Beatmaps.BeatmapConversionTest`2.<>c__DisplayClass4_1.<Test>b__2() in /app/osu.Game/Tests/Beatmaps/BeatmapConversionTest.cs:line 98
   at NUnit.Framework.Assert.Multiple(TestDelegate testDelegate)
   at osu.Game.Tests.Beatmaps.BeatmapConversionTest`2.<>c__DisplayClass4_0.<Test>b__1() in /app/osu.Game/Tests/Beatmaps/BeatmapConversionTest.cs:line 77
   at NUnit.Framework.Assert.Multiple(TestDelegate testDelegate)
   at osu.Game.Tests.Beatmaps.BeatmapConversionTest`2.Test(String name, Type[] mods) in /app/osu.Game/Tests/Beatmaps/BeatmapConversionTest.cs:line 50
   at osu.Game.Rulesets.Catch.Tests.CatchBeatmapConversionTest.Test(String name, Type[] mods) in /app/osu.Game.Rulesets.Catch.Tests/CatchBeatmapConversionTest.cs:line 58
   at InvokeStub_CatchBeatmapConversionTest.Test(Object, Span`1)

403)    at osu.Game.Tests.Beatmaps.BeatmapConversionTest`2.<>c__DisplayClass4_1.<Test>b__2() in /app/osu.Game/Tests/Beatmaps/BeatmapConversionTest.cs:line 98
   at NUnit.Framework.Assert.Multiple(TestDelegate testDelegate)
   at osu.Game.Tests.Beatmaps.BeatmapConversionTest`2.<>c__DisplayClass4_0.<Test>b__1() in /app/osu.Game/Tests/Beatmaps/BeatmapConversionTest.cs:line 77
   at NUnit.Framework.Assert.Multiple(TestDelegate testDelegate)
   at osu.Game.Tests.Beatmaps.BeatmapConversionTest`2.Test(String name, Type[] mods) in /app/osu.Game/Tests/Beatmaps/BeatmapConversionTest.cs:line 50
   at osu.Game.Rulesets.Catch.Tests.CatchBeatmapConversionTest.Test(String name, Type[] mods) in /app/osu.Game.Rulesets.Catch.Tests/CatchBeatmapConversionTest.cs:line 58
   at InvokeStub_CatchBeatmapConversionTest.Test(Object, Span`1)

404)    at osu.Game.Tests.Beatmaps.BeatmapConversionTest`2.<>c__DisplayClass4_1.<Test>b__2() in /app/osu.Game/Tests/Beatmaps/BeatmapConversionTest.cs:line 98
   at NUnit.Framework.Assert.Multiple(TestDelegate testDelegate)
   at osu.Game.Tests.Beatmaps.BeatmapConversionTest`2.<>c__DisplayClass4_0.<Test>b__1() in /app/osu.Game/Tests/Beatmaps/BeatmapConversionTest.cs:line 77
   at NUnit.Framework.Assert.Multiple(TestDelegate testDelegate)
   at osu.Game.Tests.Beatmaps.BeatmapConversionTest`2.Test(String name, Type[] mods) in /app/osu.Game/Tests/Beatmaps/BeatmapConversionTest.cs:line 50
   at osu.Game.Rulesets.Catch.Tests.CatchBeatmapConversionTest.Test(String name, Type[] mods) in /app/osu.Game.Rulesets.Catch.Tests/CatchBeatmapConversionTest.cs:line 58
   at InvokeStub_CatchBeatmapConversionTest.Test(Object, Span`1)

405)    at osu.Game.Tests.Beatmaps.BeatmapConversionTest`2.<>c__DisplayClass4_1.<Test>b__2() in /app/osu.Game/Tests/Beatmaps/BeatmapConversionTest.cs:line 98
   at NUnit.Framework.Assert.Multiple(TestDelegate testDelegate)
   at osu.Game.Tests.Beatmaps.BeatmapConversionTest`2.<>c__DisplayClass4_0.<Test>b__1() in /app/osu.Game/Tests/Beatmaps/BeatmapConversionTest.cs:line 77
   at NUnit.Framework.Assert.Multiple(TestDelegate testDelegate)
   at osu.Game.Tests.Beatmaps.BeatmapConversionTest`2.Test(String name, Type[] mods) in /app/osu.Game/Tests/Beatmaps/BeatmapConversionTest.cs:line 50
   at osu.Game.Rulesets.Catch.Tests.CatchBeatmapConversionTest.Test(String name, Type[] mods) in /app/osu.Game.Rulesets.Catch.Tests/CatchBeatmapConversionTest.cs:line 58
   at InvokeStub_CatchBeatmapConversionTest.Test(Object, Span`1)

406)    at osu.Game.Tests.Beatmaps.BeatmapConversionTest`2.<>c__DisplayClass4_1.<Test>b__2() in /app/osu.Game/Tests/Beatmaps/BeatmapConversionTest.cs:line 98
   at NUnit.Framework.Assert.Multiple(TestDelegate testDelegate)
   at osu.Game.Tests.Beatmaps.BeatmapConversionTest`2.<>c__DisplayClass4_0.<Test>b__1() in /app/osu.Game/Tests/Beatmaps/BeatmapConversionTest.cs:line 77
   at NUnit.Framework.Assert.Multiple(TestDelegate testDelegate)
   at osu.Game.Tests.Beatmaps.BeatmapConversionTest`2.Test(String name, Type[] mods) in /app/osu.Game/Tests/Beatmaps/BeatmapConversionTest.cs:line 50
   at osu.Game.Rulesets.Catch.Tests.CatchBeatmapConversionTest.Test(String name, Type[] mods) in /app/osu.Game.Rulesets.Catch.Tests/CatchBeatmapConversionTest.cs:line 58
   at InvokeStub_CatchBeatmapConversionTest.Test(Object, Span`1)

407)    at osu.Game.Tests.Beatmaps.BeatmapConversionTest`2.<>c__DisplayClass4_1.<Test>b__2() in /app/osu.Game/Tests/Beatmaps/BeatmapConversionTest.cs:line 98
   at NUnit.Framework.Assert.Multiple(TestDelegate testDelegate)
   at osu.Game.Tests.Beatmaps.BeatmapConversionTest`2.<>c__DisplayClass4_0.<Test>b__1() in /app/osu.Game/Tests/Beatmaps/BeatmapConversionTest.cs:line 77
   at NUnit.Framework.Assert.Multiple(TestDelegate testDelegate)
   at osu.Game.Tests.Beatmaps.BeatmapConversionTest`2.Test(String name, Type[] mods) in /app/osu.Game/Tests/Beatmaps/BeatmapConversionTest.cs:line 50
   at osu.Game.Rulesets.Catch.Tests.CatchBeatmapConversionTest.Test(String name, Type[] mods) in /app/osu.Game.Rulesets.Catch.Tests/CatchBeatmapConversionTest.cs:line 58
   at InvokeStub_CatchBeatmapConversionTest.Test(Object, Span`1)

408)    at osu.Game.Tests.Beatmaps.BeatmapConversionTest`2.<>c__DisplayClass4_1.<Test>b__2() in /app/osu.Game/Tests/Beatmaps/BeatmapConversionTest.cs:line 98
   at NUnit.Framework.Assert.Multiple(TestDelegate testDelegate)
   at osu.Game.Tests.Beatmaps.BeatmapConversionTest`2.<>c__DisplayClass4_0.<Test>b__1() in /app/osu.Game/Tests/Beatmaps/BeatmapConversionTest.cs:line 77
   at NUnit.Framework.Assert.Multiple(TestDelegate testDelegate)
   at osu.Game.Tests.Beatmaps.BeatmapConversionTest`2.Test(String name, Type[] mods) in /app/osu.Game/Tests/Beatmaps/BeatmapConversionTest.cs:line 50
   at osu.Game.Rulesets.Catch.Tests.CatchBeatmapConversionTest.Test(String name, Type[] mods) in /app/osu.Game.Rulesets.Catch.Tests/CatchBeatmapConversionTest.cs:line 58
   at InvokeStub_CatchBeatmapConversionTest.Test(Object, Span`1)

409)    at osu.Game.Tests.Beatmaps.BeatmapConversionTest`2.<>c__DisplayClass4_1.<Test>b__2() in /app/osu.Game/Tests/Beatmaps/BeatmapConversionTest.cs:line 98
   at NUnit.Framework.Assert.Multiple(TestDelegate testDelegate)
   at osu.Game.Tests.Beatmaps.BeatmapConversionTest`2.<>c__DisplayClass4_0.<Test>b__1() in /app/osu.Game/Tests/Beatmaps/BeatmapConversionTest.cs:line 77
   at NUnit.Framework.Assert.Multiple(TestDelegate testDelegate)
   at osu.Game.Tests.Beatmaps.BeatmapConversionTest`2.Test(String name, Type[] mods) in /app/osu.Game/Tests/Beatmaps/BeatmapConversionTest.cs:line 50
   at osu.Game.Rulesets.Catch.Tests.CatchBeatmapConversionTest.Test(String name, Type[] mods) in /app/osu.Game.Rulesets.Catch.Tests/CatchBeatmapConversionTest.cs:line 58
   at InvokeStub_CatchBeatmapConversionTest.Test(Object, Span`1)

410)    at osu.Game.Tests.Beatmaps.BeatmapConversionTest`2.<>c__DisplayClass4_1.<Test>b__2() in /app/osu.Game/Tests/Beatmaps/BeatmapConversionTest.cs:line 98
   at NUnit.Framework.Assert.Multiple(TestDelegate testDelegate)
   at osu.Game.Tests.Beatmaps.BeatmapConversionTest`2.<>c__DisplayClass4_0.<Test>b__1() in /app/osu.Game/Tests/Beatmaps/BeatmapConversionTest.cs:line 77
   at NUnit.Framework.Assert.Multiple(TestDelegate testDelegate)
   at osu.Game.Tests.Beatmaps.BeatmapConversionTest`2.Test(String name, Type[] mods) in /app/osu.Game/Tests/Beatmaps/BeatmapConversionTest.cs:line 50
   at osu.Game.Rulesets.Catch.Tests.CatchBeatmapConversionTest.Test(String name, Type[] mods) in /app/osu.Game.Rulesets.Catch.Tests/CatchBeatmapConversionTest.cs:line 58
   at InvokeStub_CatchBeatmapConversionTest.Test(Object, Span`1)

411)    at osu.Game.Tests.Beatmaps.BeatmapConversionTest`2.<>c__DisplayClass4_1.<Test>b__2() in /app/osu.Game/Tests/Beatmaps/BeatmapConversionTest.cs:line 98
   at NUnit.Framework.Assert.Multiple(TestDelegate testDelegate)
   at osu.Game.Tests.Beatmaps.BeatmapConversionTest`2.<>c__DisplayClass4_0.<Test>b__1() in /app/osu.Game/Tests/Beatmaps/BeatmapConversionTest.cs:line 77
   at NUnit.Framework.Assert.Multiple(TestDelegate testDelegate)
   at osu.Game.Tests.Beatmaps.BeatmapConversionTest`2.Test(String name, Type[] mods) in /app/osu.Game/Tests/Beatmaps/BeatmapConversionTest.cs:line 50
   at osu.Game.Rulesets.Catch.Tests.CatchBeatmapConversionTest.Test(String name, Type[] mods) in /app/osu.Game.Rulesets.Catch.Tests/CatchBeatmapConversionTest.cs:line 58
   at InvokeStub_CatchBeatmapConversionTest.Test(Object, Span`1)

412)    at osu.Game.Tests.Beatmaps.BeatmapConversionTest`2.<>c__DisplayClass4_1.<Test>b__2() in /app/osu.Game/Tests/Beatmaps/BeatmapConversionTest.cs:line 98
   at NUnit.Framework.Assert.Multiple(TestDelegate testDelegate)
   at osu.Game.Tests.Beatmaps.BeatmapConversionTest`2.<>c__DisplayClass4_0.<Test>b__1() in /app/osu.Game/Tests/Beatmaps/BeatmapConversionTest.cs:line 77
   at NUnit.Framework.Assert.Multiple(TestDelegate testDelegate)
   at osu.Game.Tests.Beatmaps.BeatmapConversionTest`2.Test(String name, Type[] mods) in /app/osu.Game/Tests/Beatmaps/BeatmapConversionTest.cs:line 50
   at osu.Game.Rulesets.Catch.Tests.CatchBeatmapConversionTest.Test(String name, Type[] mods) in /app/osu.Game.Rulesets.Catch.Tests/CatchBeatmapConversionTest.cs:line 58
   at InvokeStub_CatchBeatmapConversionTest.Test(Object, Span`1)

413)    at osu.Game.Tests.Beatmaps.BeatmapConversionTest`2.<>c__DisplayClass4_1.<Test>b__2() in /app/osu.Game/Tests/Beatmaps/BeatmapConversionTest.cs:line 98
   at NUnit.Framework.Assert.Multiple(TestDelegate testDelegate)
   at osu.Game.Tests.Beatmaps.BeatmapConversionTest`2.<>c__DisplayClass4_0.<Test>b__1() in /app/osu.Game/Tests/Beatmaps/BeatmapConversionTest.cs:line 77
   at NUnit.Framework.Assert.Multiple(TestDelegate testDelegate)
   at osu.Game.Tests.Beatmaps.BeatmapConversionTest`2.Test(String name, Type[] mods) in /app/osu.Game/Tests/Beatmaps/BeatmapConversionTest.cs:line 50
   at osu.Game.Rulesets.Catch.Tests.CatchBeatmapConversionTest.Test(String name, Type[] mods) in /app/osu.Game.Rulesets.Catch.Tests/CatchBeatmapConversionTest.cs:line 58
   at InvokeStub_CatchBeatmapConversionTest.Test(Object, Span`1)

414)    at osu.Game.Tests.Beatmaps.BeatmapConversionTest`2.<>c__DisplayClass4_1.<Test>b__2() in /app/osu.Game/Tests/Beatmaps/BeatmapConversionTest.cs:line 98
   at NUnit.Framework.Assert.Multiple(TestDelegate testDelegate)
   at osu.Game.Tests.Beatmaps.BeatmapConversionTest`2.<>c__DisplayClass4_0.<Test>b__1() in /app/osu.Game/Tests/Beatmaps/BeatmapConversionTest.cs:line 77
   at NUnit.Framework.Assert.Multiple(TestDelegate testDelegate)
   at osu.Game.Tests.Beatmaps.BeatmapConversionTest`2.Test(String name, Type[] mods) in /app/osu.Game/Tests/Beatmaps/BeatmapConversionTest.cs:line 50
   at osu.Game.Rulesets.Catch.Tests.CatchBeatmapConversionTest.Test(String name, Type[] mods) in /app/osu.Game.Rulesets.Catch.Tests/CatchBeatmapConversionTest.cs:line 58
   at InvokeStub_CatchBeatmapConversionTest.Test(Object, Span`1)

415)    at osu.Game.Tests.Beatmaps.BeatmapConversionTest`2.<>c__DisplayClass4_1.<Test>b__2() in /app/osu.Game/Tests/Beatmaps/BeatmapConversionTest.cs:line 98
   at NUnit.Framework.Assert.Multiple(TestDelegate testDelegate)
   at osu.Game.Tests.Beatmaps.BeatmapConversionTest`2.<>c__DisplayClass4_0.<Test>b__1() in /app/osu.Game/Tests/Beatmaps/BeatmapConversionTest.cs:line 77
   at NUnit.Framework.Assert.Multiple(TestDelegate testDelegate)
   at osu.Game.Tests.Beatmaps.BeatmapConversionTest`2.Test(String name, Type[] mods) in /app/osu.Game/Tests/Beatmaps/BeatmapConversionTest.cs:line 50
   at osu.Game.Rulesets.Catch.Tests.CatchBeatmapConversionTest.Test(String name, Type[] mods) in /app/osu.Game.Rulesets.Catch.Tests/CatchBeatmapConversionTest.cs:line 58
   at InvokeStub_CatchBeatmapConversionTest.Test(Object, Span`1)

416)    at osu.Game.Tests.Beatmaps.BeatmapConversionTest`2.<>c__DisplayClass4_1.<Test>b__2() in /app/osu.Game/Tests/Beatmaps/BeatmapConversionTest.cs:line 98
   at NUnit.Framework.Assert.Multiple(TestDelegate testDelegate)
   at osu.Game.Tests.Beatmaps.BeatmapConversionTest`2.<>c__DisplayClass4_0.<Test>b__1() in /app/osu.Game/Tests/Beatmaps/BeatmapConversionTest.cs:line 77
   at NUnit.Framework.Assert.Multiple(TestDelegate testDelegate)
   at osu.Game.Tests.Beatmaps.BeatmapConversionTest`2.Test(String name, Type[] mods) in /app/osu.Game/Tests/Beatmaps/BeatmapConversionTest.cs:line 50
   at osu.Game.Rulesets.Catch.Tests.CatchBeatmapConversionTest.Test(String name, Type[] mods) in /app/osu.Game.Rulesets.Catch.Tests/CatchBeatmapConversionTest.cs:line 58
   at InvokeStub_CatchBeatmapConversionTest.Test(Object, Span`1)

417)    at osu.Game.Tests.Beatmaps.BeatmapConversionTest`2.<>c__DisplayClass4_1.<Test>b__2() in /app/osu.Game/Tests/Beatmaps/BeatmapConversionTest.cs:line 98
   at NUnit.Framework.Assert.Multiple(TestDelegate testDelegate)
   at osu.Game.Tests.Beatmaps.BeatmapConversionTest`2.<>c__DisplayClass4_0.<Test>b__1() in /app/osu.Game/Tests/Beatmaps/BeatmapConversionTest.cs:line 77
   at NUnit.Framework.Assert.Multiple(TestDelegate testDelegate)
   at osu.Game.Tests.Beatmaps.BeatmapConversionTest`2.Test(String name, Type[] mods) in /app/osu.Game/Tests/Beatmaps/BeatmapConversionTest.cs:line 50
   at osu.Game.Rulesets.Catch.Tests.CatchBeatmapConversionTest.Test(String name, Type[] mods) in /app/osu.Game.Rulesets.Catch.Tests/CatchBeatmapConversionTest.cs:line 58
   at InvokeStub_CatchBeatmapConversionTest.Test(Object, Span`1)

418)    at osu.Game.Tests.Beatmaps.BeatmapConversionTest`2.<>c__DisplayClass4_1.<Test>b__2() in /app/osu.Game/Tests/Beatmaps/BeatmapConversionTest.cs:line 98
   at NUnit.Framework.Assert.Multiple(TestDelegate testDelegate)
   at osu.Game.Tests.Beatmaps.BeatmapConversionTest`2.<>c__DisplayClass4_0.<Test>b__1() in /app/osu.Game/Tests/Beatmaps/BeatmapConversionTest.cs:line 77
   at NUnit.Framework.Assert.Multiple(TestDelegate testDelegate)
   at osu.Game.Tests.Beatmaps.BeatmapConversionTest`2.Test(String name, Type[] mods) in /app/osu.Game/Tests/Beatmaps/BeatmapConversionTest.cs:line 50
   at osu.Game.Rulesets.Catch.Tests.CatchBeatmapConversionTest.Test(String name, Type[] mods) in /app/osu.Game.Rulesets.Catch.Tests/CatchBeatmapConversionTest.cs:line 58
   at InvokeStub_CatchBeatmapConversionTest.Test(Object, Span`1)

419)    at osu.Game.Tests.Beatmaps.BeatmapConversionTest`2.<>c__DisplayClass4_1.<Test>b__2() in /app/osu.Game/Tests/Beatmaps/BeatmapConversionTest.cs:line 98
   at NUnit.Framework.Assert.Multiple(TestDelegate testDelegate)
   at osu.Game.Tests.Beatmaps.BeatmapConversionTest`2.<>c__DisplayClass4_0.<Test>b__1() in /app/osu.Game/Tests/Beatmaps/BeatmapConversionTest.cs:line 77
   at NUnit.Framework.Assert.Multiple(TestDelegate testDelegate)
   at osu.Game.Tests.Beatmaps.BeatmapConversionTest`2.Test(String name, Type[] mods) in /app/osu.Game/Tests/Beatmaps/BeatmapConversionTest.cs:line 50
   at osu.Game.Rulesets.Catch.Tests.CatchBeatmapConversionTest.Test(String name, Type[] mods) in /app/osu.Game.Rulesets.Catch.Tests/CatchBeatmapConversionTest.cs:line 58
   at InvokeStub_CatchBeatmapConversionTest.Test(Object, Span`1)

420)    at osu.Game.Tests.Beatmaps.BeatmapConversionTest`2.<>c__DisplayClass4_1.<Test>b__2() in /app/osu.Game/Tests/Beatmaps/BeatmapConversionTest.cs:line 98
   at NUnit.Framework.Assert.Multiple(TestDelegate testDelegate)
   at osu.Game.Tests.Beatmaps.BeatmapConversionTest`2.<>c__DisplayClass4_0.<Test>b__1() in /app/osu.Game/Tests/Beatmaps/BeatmapConversionTest.cs:line 77
   at NUnit.Framework.Assert.Multiple(TestDelegate testDelegate)
   at osu.Game.Tests.Beatmaps.BeatmapConversionTest`2.Test(String name, Type[] mods) in /app/osu.Game/Tests/Beatmaps/BeatmapConversionTest.cs:line 50
   at osu.Game.Rulesets.Catch.Tests.CatchBeatmapConversionTest.Test(String name, Type[] mods) in /app/osu.Game.Rulesets.Catch.Tests/CatchBeatmapConversionTest.cs:line 58
   at InvokeStub_CatchBeatmapConversionTest.Test(Object, Span`1)

421)    at osu.Game.Tests.Beatmaps.BeatmapConversionTest`2.<>c__DisplayClass4_1.<Test>b__2() in /app/osu.Game/Tests/Beatmaps/BeatmapConversionTest.cs:line 98
   at NUnit.Framework.Assert.Multiple(TestDelegate testDelegate)
   at osu.Game.Tests.Beatmaps.BeatmapConversionTest`2.<>c__DisplayClass4_0.<Test>b__1() in /app/osu.Game/Tests/Beatmaps/BeatmapConversionTest.cs:line 77
   at NUnit.Framework.Assert.Multiple(TestDelegate testDelegate)
   at osu.Game.Tests.Beatmaps.BeatmapConversionTest`2.Test(String name, Type[] mods) in /app/osu.Game/Tests/Beatmaps/BeatmapConversionTest.cs:line 50
   at osu.Game.Rulesets.Catch.Tests.CatchBeatmapConversionTest.Test(String name, Type[] mods) in /app/osu.Game.Rulesets.Catch.Tests/CatchBeatmapConversionTest.cs:line 58
   at InvokeStub_CatchBeatmapConversionTest.Test(Object, Span`1)

422)    at osu.Game.Tests.Beatmaps.BeatmapConversionTest`2.<>c__DisplayClass4_1.<Test>b__2() in /app/osu.Game/Tests/Beatmaps/BeatmapConversionTest.cs:line 98
   at NUnit.Framework.Assert.Multiple(TestDelegate testDelegate)
   at osu.Game.Tests.Beatmaps.BeatmapConversionTest`2.<>c__DisplayClass4_0.<Test>b__1() in /app/osu.Game/Tests/Beatmaps/BeatmapConversionTest.cs:line 77
   at NUnit.Framework.Assert.Multiple(TestDelegate testDelegate)
   at osu.Game.Tests.Beatmaps.BeatmapConversionTest`2.Test(String name, Type[] mods) in /app/osu.Game/Tests/Beatmaps/BeatmapConversionTest.cs:line 50
   at osu.Game.Rulesets.Catch.Tests.CatchBeatmapConversionTest.Test(String name, Type[] mods) in /app/osu.Game.Rulesets.Catch.Tests/CatchBeatmapConversionTest.cs:line 58
   at InvokeStub_CatchBeatmapConversionTest.Test(Object, Span`1)

423)    at osu.Game.Tests.Beatmaps.BeatmapConversionTest`2.<>c__DisplayClass4_1.<Test>b__2() in /app/osu.Game/Tests/Beatmaps/BeatmapConversionTest.cs:line 98
   at NUnit.Framework.Assert.Multiple(TestDelegate testDelegate)
   at osu.Game.Tests.Beatmaps.BeatmapConversionTest`2.<>c__DisplayClass4_0.<Test>b__1() in /app/osu.Game/Tests/Beatmaps/BeatmapConversionTest.cs:line 77
   at NUnit.Framework.Assert.Multiple(TestDelegate testDelegate)
   at osu.Game.Tests.Beatmaps.BeatmapConversionTest`2.Test(String name, Type[] mods) in /app/osu.Game/Tests/Beatmaps/BeatmapConversionTest.cs:line 50
   at osu.Game.Rulesets.Catch.Tests.CatchBeatmapConversionTest.Test(String name, Type[] mods) in /app/osu.Game.Rulesets.Catch.Tests/CatchBeatmapConversionTest.cs:line 58
   at InvokeStub_CatchBeatmapConversionTest.Test(Object, Span`1)

424)    at osu.Game.Tests.Beatmaps.BeatmapConversionTest`2.<>c__DisplayClass4_1.<Test>b__2() in /app/osu.Game/Tests/Beatmaps/BeatmapConversionTest.cs:line 98
   at NUnit.Framework.Assert.Multiple(TestDelegate testDelegate)
   at osu.Game.Tests.Beatmaps.BeatmapConversionTest`2.<>c__DisplayClass4_0.<Test>b__1() in /app/osu.Game/Tests/Beatmaps/BeatmapConversionTest.cs:line 77
   at NUnit.Framework.Assert.Multiple(TestDelegate testDelegate)
   at osu.Game.Tests.Beatmaps.BeatmapConversionTest`2.Test(String name, Type[] mods) in /app/osu.Game/Tests/Beatmaps/BeatmapConversionTest.cs:line 50
   at osu.Game.Rulesets.Catch.Tests.CatchBeatmapConversionTest.Test(String name, Type[] mods) in /app/osu.Game.Rulesets.Catch.Tests/CatchBeatmapConversionTest.cs:line 58
   at InvokeStub_CatchBeatmapConversionTest.Test(Object, Span`1)

425)    at osu.Game.Tests.Beatmaps.BeatmapConversionTest`2.<>c__DisplayClass4_1.<Test>b__2() in /app/osu.Game/Tests/Beatmaps/BeatmapConversionTest.cs:line 98
   at NUnit.Framework.Assert.Multiple(TestDelegate testDelegate)
   at osu.Game.Tests.Beatmaps.BeatmapConversionTest`2.<>c__DisplayClass4_0.<Test>b__1() in /app/osu.Game/Tests/Beatmaps/BeatmapConversionTest.cs:line 77
   at NUnit.Framework.Assert.Multiple(TestDelegate testDelegate)
   at osu.Game.Tests.Beatmaps.BeatmapConversionTest`2.Test(String name, Type[] mods) in /app/osu.Game/Tests/Beatmaps/BeatmapConversionTest.cs:line 50
   at osu.Game.Rulesets.Catch.Tests.CatchBeatmapConversionTest.Test(String name, Type[] mods) in /app/osu.Game.Rulesets.Catch.Tests/CatchBeatmapConversionTest.cs:line 58
   at InvokeStub_CatchBeatmapConversionTest.Test(Object, Span`1)

426)    at osu.Game.Tests.Beatmaps.BeatmapConversionTest`2.<>c__DisplayClass4_1.<Test>b__2() in /app/osu.Game/Tests/Beatmaps/BeatmapConversionTest.cs:line 98
   at NUnit.Framework.Assert.Multiple(TestDelegate testDelegate)
   at osu.Game.Tests.Beatmaps.BeatmapConversionTest`2.<>c__DisplayClass4_0.<Test>b__1() in /app/osu.Game/Tests/Beatmaps/BeatmapConversionTest.cs:line 77
   at NUnit.Framework.Assert.Multiple(TestDelegate testDelegate)
   at osu.Game.Tests.Beatmaps.BeatmapConversionTest`2.Test(String name, Type[] mods) in /app/osu.Game/Tests/Beatmaps/BeatmapConversionTest.cs:line 50
   at osu.Game.Rulesets.Catch.Tests.CatchBeatmapConversionTest.Test(String name, Type[] mods) in /app/osu.Game.Rulesets.Catch.Tests/CatchBeatmapConversionTest.cs:line 58
   at InvokeStub_CatchBeatmapConversionTest.Test(Object, Span`1)

427)    at osu.Game.Tests.Beatmaps.BeatmapConversionTest`2.<>c__DisplayClass4_1.<Test>b__2() in /app/osu.Game/Tests/Beatmaps/BeatmapConversionTest.cs:line 98
   at NUnit.Framework.Assert.Multiple(TestDelegate testDelegate)
   at osu.Game.Tests.Beatmaps.BeatmapConversionTest`2.<>c__DisplayClass4_0.<Test>b__1() in /app/osu.Game/Tests/Beatmaps/BeatmapConversionTest.cs:line 77
   at NUnit.Framework.Assert.Multiple(TestDelegate testDelegate)
   at osu.Game.Tests.Beatmaps.BeatmapConversionTest`2.Test(String name, Type[] mods) in /app/osu.Game/Tests/Beatmaps/BeatmapConversionTest.cs:line 50
   at osu.Game.Rulesets.Catch.Tests.CatchBeatmapConversionTest.Test(String name, Type[] mods) in /app/osu.Game.Rulesets.Catch.Tests/CatchBeatmapConversionTest.cs:line 58
   at InvokeStub_CatchBeatmapConversionTest.Test(Object, Span`1)

428)    at osu.Game.Tests.Beatmaps.BeatmapConversionTest`2.<>c__DisplayClass4_1.<Test>b__2() in /app/osu.Game/Tests/Beatmaps/BeatmapConversionTest.cs:line 98
   at NUnit.Framework.Assert.Multiple(TestDelegate testDelegate)
   at osu.Game.Tests.Beatmaps.BeatmapConversionTest`2.<>c__DisplayClass4_0.<Test>b__1() in /app/osu.Game/Tests/Beatmaps/BeatmapConversionTest.cs:line 77
   at NUnit.Framework.Assert.Multiple(TestDelegate testDelegate)
   at osu.Game.Tests.Beatmaps.BeatmapConversionTest`2.Test(String name, Type[] mods) in /app/osu.Game/Tests/Beatmaps/BeatmapConversionTest.cs:line 50
   at osu.Game.Rulesets.Catch.Tests.CatchBeatmapConversionTest.Test(String name, Type[] mods) in /app/osu.Game.Rulesets.Catch.Tests/CatchBeatmapConversionTest.cs:line 58
   at InvokeStub_CatchBeatmapConversionTest.Test(Object, Span`1)

429)    at osu.Game.Tests.Beatmaps.BeatmapConversionTest`2.<>c__DisplayClass4_1.<Test>b__2() in /app/osu.Game/Tests/Beatmaps/BeatmapConversionTest.cs:line 98
   at NUnit.Framework.Assert.Multiple(TestDelegate testDelegate)
   at osu.Game.Tests.Beatmaps.BeatmapConversionTest`2.<>c__DisplayClass4_0.<Test>b__1() in /app/osu.Game/Tests/Beatmaps/BeatmapConversionTest.cs:line 77
   at NUnit.Framework.Assert.Multiple(TestDelegate testDelegate)
   at osu.Game.Tests.Beatmaps.BeatmapConversionTest`2.Test(String name, Type[] mods) in /app/osu.Game/Tests/Beatmaps/BeatmapConversionTest.cs:line 50
   at osu.Game.Rulesets.Catch.Tests.CatchBeatmapConversionTest.Test(String name, Type[] mods) in /app/osu.Game.Rulesets.Catch.Tests/CatchBeatmapConversionTest.cs:line 58
   at InvokeStub_CatchBeatmapConversionTest.Test(Object, Span`1)

430)    at osu.Game.Tests.Beatmaps.BeatmapConversionTest`2.<>c__DisplayClass4_1.<Test>b__2() in /app/osu.Game/Tests/Beatmaps/BeatmapConversionTest.cs:line 98
   at NUnit.Framework.Assert.Multiple(TestDelegate testDelegate)
   at osu.Game.Tests.Beatmaps.BeatmapConversionTest`2.<>c__DisplayClass4_0.<Test>b__1() in /app/osu.Game/Tests/Beatmaps/BeatmapConversionTest.cs:line 77
   at NUnit.Framework.Assert.Multiple(TestDelegate testDelegate)
   at osu.Game.Tests.Beatmaps.BeatmapConversionTest`2.Test(String name, Type[] mods) in /app/osu.Game/Tests/Beatmaps/BeatmapConversionTest.cs:line 50
   at osu.Game.Rulesets.Catch.Tests.CatchBeatmapConversionTest.Test(String name, Type[] mods) in /app/osu.Game.Rulesets.Catch.Tests/CatchBeatmapConversionTest.cs:line 58
   at InvokeStub_CatchBeatmapConversionTest.Test(Object, Span`1)

431)    at osu.Game.Tests.Beatmaps.BeatmapConversionTest`2.<>c__DisplayClass4_1.<Test>b__2() in /app/osu.Game/Tests/Beatmaps/BeatmapConversionTest.cs:line 98
   at NUnit.Framework.Assert.Multiple(TestDelegate testDelegate)
   at osu.Game.Tests.Beatmaps.BeatmapConversionTest`2.<>c__DisplayClass4_0.<Test>b__1() in /app/osu.Game/Tests/Beatmaps/BeatmapConversionTest.cs:line 77
   at NUnit.Framework.Assert.Multiple(TestDelegate testDelegate)
   at osu.Game.Tests.Beatmaps.BeatmapConversionTest`2.Test(String name, Type[] mods) in /app/osu.Game/Tests/Beatmaps/BeatmapConversionTest.cs:line 50
   at osu.Game.Rulesets.Catch.Tests.CatchBeatmapConversionTest.Test(String name, Type[] mods) in /app/osu.Game.Rulesets.Catch.Tests/CatchBeatmapConversionTest.cs:line 58
   at InvokeStub_CatchBeatmapConversionTest.Test(Object, Span`1)

432)    at osu.Game.Tests.Beatmaps.BeatmapConversionTest`2.<>c__DisplayClass4_1.<Test>b__2() in /app/osu.Game/Tests/Beatmaps/BeatmapConversionTest.cs:line 98
   at NUnit.Framework.Assert.Multiple(TestDelegate testDelegate)
   at osu.Game.Tests.Beatmaps.BeatmapConversionTest`2.<>c__DisplayClass4_0.<Test>b__1() in /app/osu.Game/Tests/Beatmaps/BeatmapConversionTest.cs:line 77
   at NUnit.Framework.Assert.Multiple(TestDelegate testDelegate)
   at osu.Game.Tests.Beatmaps.BeatmapConversionTest`2.Test(String name, Type[] mods) in /app/osu.Game/Tests/Beatmaps/BeatmapConversionTest.cs:line 50
   at osu.Game.Rulesets.Catch.Tests.CatchBeatmapConversionTest.Test(String name, Type[] mods) in /app/osu.Game.Rulesets.Catch.Tests/CatchBeatmapConversionTest.cs:line 58
   at InvokeStub_CatchBeatmapConversionTest.Test(Object, Span`1)

433)    at osu.Game.Tests.Beatmaps.BeatmapConversionTest`2.<>c__DisplayClass4_1.<Test>b__2() in /app/osu.Game/Tests/Beatmaps/BeatmapConversionTest.cs:line 98
   at NUnit.Framework.Assert.Multiple(TestDelegate testDelegate)
   at osu.Game.Tests.Beatmaps.BeatmapConversionTest`2.<>c__DisplayClass4_0.<Test>b__1() in /app/osu.Game/Tests/Beatmaps/BeatmapConversionTest.cs:line 77
   at NUnit.Framework.Assert.Multiple(TestDelegate testDelegate)
   at osu.Game.Tests.Beatmaps.BeatmapConversionTest`2.Test(String name, Type[] mods) in /app/osu.Game/Tests/Beatmaps/BeatmapConversionTest.cs:line 50
   at osu.Game.Rulesets.Catch.Tests.CatchBeatmapConversionTest.Test(String name, Type[] mods) in /app/osu.Game.Rulesets.Catch.Tests/CatchBeatmapConversionTest.cs:line 58
   at InvokeStub_CatchBeatmapConversionTest.Test(Object, Span`1)

434)    at osu.Game.Tests.Beatmaps.BeatmapConversionTest`2.<>c__DisplayClass4_1.<Test>b__2() in /app/osu.Game/Tests/Beatmaps/BeatmapConversionTest.cs:line 98
   at NUnit.Framework.Assert.Multiple(TestDelegate testDelegate)
   at osu.Game.Tests.Beatmaps.BeatmapConversionTest`2.<>c__DisplayClass4_0.<Test>b__1() in /app/osu.Game/Tests/Beatmaps/BeatmapConversionTest.cs:line 77
   at NUnit.Framework.Assert.Multiple(TestDelegate testDelegate)
   at osu.Game.Tests.Beatmaps.BeatmapConversionTest`2.Test(String name, Type[] mods) in /app/osu.Game/Tests/Beatmaps/BeatmapConversionTest.cs:line 50
   at osu.Game.Rulesets.Catch.Tests.CatchBeatmapConversionTest.Test(String name, Type[] mods) in /app/osu.Game.Rulesets.Catch.Tests/CatchBeatmapConversionTest.cs:line 58
   at InvokeStub_CatchBeatmapConversionTest.Test(Object, Span`1)

435)    at osu.Game.Tests.Beatmaps.BeatmapConversionTest`2.<>c__DisplayClass4_1.<Test>b__2() in /app/osu.Game/Tests/Beatmaps/BeatmapConversionTest.cs:line 98
   at NUnit.Framework.Assert.Multiple(TestDelegate testDelegate)
   at osu.Game.Tests.Beatmaps.BeatmapConversionTest`2.<>c__DisplayClass4_0.<Test>b__1() in /app/osu.Game/Tests/Beatmaps/BeatmapConversionTest.cs:line 77
   at NUnit.Framework.Assert.Multiple(TestDelegate testDelegate)
   at osu.Game.Tests.Beatmaps.BeatmapConversionTest`2.Test(String name, Type[] mods) in /app/osu.Game/Tests/Beatmaps/BeatmapConversionTest.cs:line 50
   at osu.Game.Rulesets.Catch.Tests.CatchBeatmapConversionTest.Test(String name, Type[] mods) in /app/osu.Game.Rulesets.Catch.Tests/CatchBeatmapConversionTest.cs:line 58
   at InvokeStub_CatchBeatmapConversionTest.Test(Object, Span`1)

436)    at osu.Game.Tests.Beatmaps.BeatmapConversionTest`2.<>c__DisplayClass4_1.<Test>b__2() in /app/osu.Game/Tests/Beatmaps/BeatmapConversionTest.cs:line 98
   at NUnit.Framework.Assert.Multiple(TestDelegate testDelegate)
   at osu.Game.Tests.Beatmaps.BeatmapConversionTest`2.<>c__DisplayClass4_0.<Test>b__1() in /app/osu.Game/Tests/Beatmaps/BeatmapConversionTest.cs:line 77
   at NUnit.Framework.Assert.Multiple(TestDelegate testDelegate)
   at osu.Game.Tests.Beatmaps.BeatmapConversionTest`2.Test(String name, Type[] mods) in /app/osu.Game/Tests/Beatmaps/BeatmapConversionTest.cs:line 50
   at osu.Game.Rulesets.Catch.Tests.CatchBeatmapConversionTest.Test(String name, Type[] mods) in /app/osu.Game.Rulesets.Catch.Tests/CatchBeatmapConversionTest.cs:line 58
   at InvokeStub_CatchBeatmapConversionTest.Test(Object, Span`1)

437)    at osu.Game.Tests.Beatmaps.BeatmapConversionTest`2.<>c__DisplayClass4_1.<Test>b__2() in /app/osu.Game/Tests/Beatmaps/BeatmapConversionTest.cs:line 98
   at NUnit.Framework.Assert.Multiple(TestDelegate testDelegate)
   at osu.Game.Tests.Beatmaps.BeatmapConversionTest`2.<>c__DisplayClass4_0.<Test>b__1() in /app/osu.Game/Tests/Beatmaps/BeatmapConversionTest.cs:line 77
   at NUnit.Framework.Assert.Multiple(TestDelegate testDelegate)
   at osu.Game.Tests.Beatmaps.BeatmapConversionTest`2.Test(String name, Type[] mods) in /app/osu.Game/Tests/Beatmaps/BeatmapConversionTest.cs:line 50
   at osu.Game.Rulesets.Catch.Tests.CatchBeatmapConversionTest.Test(String name, Type[] mods) in /app/osu.Game.Rulesets.Catch.Tests/CatchBeatmapConversionTest.cs:line 58
   at InvokeStub_CatchBeatmapConversionTest.Test(Object, Span`1)

438)    at osu.Game.Tests.Beatmaps.BeatmapConversionTest`2.<>c__DisplayClass4_1.<Test>b__2() in /app/osu.Game/Tests/Beatmaps/BeatmapConversionTest.cs:line 98
   at NUnit.Framework.Assert.Multiple(TestDelegate testDelegate)
   at osu.Game.Tests.Beatmaps.BeatmapConversionTest`2.<>c__DisplayClass4_0.<Test>b__1() in /app/osu.Game/Tests/Beatmaps/BeatmapConversionTest.cs:line 77
   at NUnit.Framework.Assert.Multiple(TestDelegate testDelegate)
   at osu.Game.Tests.Beatmaps.BeatmapConversionTest`2.Test(String name, Type[] mods) in /app/osu.Game/Tests/Beatmaps/BeatmapConversionTest.cs:line 50
   at osu.Game.Rulesets.Catch.Tests.CatchBeatmapConversionTest.Test(String name, Type[] mods) in /app/osu.Game.Rulesets.Catch.Tests/CatchBeatmapConversionTest.cs:line 58
   at InvokeStub_CatchBeatmapConversionTest.Test(Object, Span`1)

439)    at osu.Game.Tests.Beatmaps.BeatmapConversionTest`2.<>c__DisplayClass4_1.<Test>b__2() in /app/osu.Game/Tests/Beatmaps/BeatmapConversionTest.cs:line 98
   at NUnit.Framework.Assert.Multiple(TestDelegate testDelegate)
   at osu.Game.Tests.Beatmaps.BeatmapConversionTest`2.<>c__DisplayClass4_0.<Test>b__1() in /app/osu.Game/Tests/Beatmaps/BeatmapConversionTest.cs:line 77
   at NUnit.Framework.Assert.Multiple(TestDelegate testDelegate)
   at osu.Game.Tests.Beatmaps.BeatmapConversionTest`2.Test(String name, Type[] mods) in /app/osu.Game/Tests/Beatmaps/BeatmapConversionTest.cs:line 50
   at osu.Game.Rulesets.Catch.Tests.CatchBeatmapConversionTest.Test(String name, Type[] mods) in /app/osu.Game.Rulesets.Catch.Tests/CatchBeatmapConversionTest.cs:line 58
   at InvokeStub_CatchBeatmapConversionTest.Test(Object, Span`1)

440)    at osu.Game.Tests.Beatmaps.BeatmapConversionTest`2.<>c__DisplayClass4_1.<Test>b__2() in /app/osu.Game/Tests/Beatmaps/BeatmapConversionTest.cs:line 98
   at NUnit.Framework.Assert.Multiple(TestDelegate testDelegate)
   at osu.Game.Tests.Beatmaps.BeatmapConversionTest`2.<>c__DisplayClass4_0.<Test>b__1() in /app/osu.Game/Tests/Beatmaps/BeatmapConversionTest.cs:line 77
   at NUnit.Framework.Assert.Multiple(TestDelegate testDelegate)
   at osu.Game.Tests.Beatmaps.BeatmapConversionTest`2.Test(String name, Type[] mods) in /app/osu.Game/Tests/Beatmaps/BeatmapConversionTest.cs:line 50
   at osu.Game.Rulesets.Catch.Tests.CatchBeatmapConversionTest.Test(String name, Type[] mods) in /app/osu.Game.Rulesets.Catch.Tests/CatchBeatmapConversionTest.cs:line 58
   at InvokeStub_CatchBeatmapConversionTest.Test(Object, Span`1)

441)    at osu.Game.Tests.Beatmaps.BeatmapConversionTest`2.<>c__DisplayClass4_1.<Test>b__2() in /app/osu.Game/Tests/Beatmaps/BeatmapConversionTest.cs:line 98
   at NUnit.Framework.Assert.Multiple(TestDelegate testDelegate)
   at osu.Game.Tests.Beatmaps.BeatmapConversionTest`2.<>c__DisplayClass4_0.<Test>b__1() in /app/osu.Game/Tests/Beatmaps/BeatmapConversionTest.cs:line 77
   at NUnit.Framework.Assert.Multiple(TestDelegate testDelegate)
   at osu.Game.Tests.Beatmaps.BeatmapConversionTest`2.Test(String name, Type[] mods) in /app/osu.Game/Tests/Beatmaps/BeatmapConversionTest.cs:line 50
   at osu.Game.Rulesets.Catch.Tests.CatchBeatmapConversionTest.Test(String name, Type[] mods) in /app/osu.Game.Rulesets.Catch.Tests/CatchBeatmapConversionTest.cs:line 58
   at InvokeStub_CatchBeatmapConversionTest.Test(Object, Span`1)

442)    at osu.Game.Tests.Beatmaps.BeatmapConversionTest`2.<>c__DisplayClass4_1.<Test>b__2() in /app/osu.Game/Tests/Beatmaps/BeatmapConversionTest.cs:line 98
   at NUnit.Framework.Assert.Multiple(TestDelegate testDelegate)
   at osu.Game.Tests.Beatmaps.BeatmapConversionTest`2.<>c__DisplayClass4_0.<Test>b__1() in /app/osu.Game/Tests/Beatmaps/BeatmapConversionTest.cs:line 77
   at NUnit.Framework.Assert.Multiple(TestDelegate testDelegate)
   at osu.Game.Tests.Beatmaps.BeatmapConversionTest`2.Test(String name, Type[] mods) in /app/osu.Game/Tests/Beatmaps/BeatmapConversionTest.cs:line 50
   at osu.Game.Rulesets.Catch.Tests.CatchBeatmapConversionTest.Test(String name, Type[] mods) in /app/osu.Game.Rulesets.Catch.Tests/CatchBeatmapConversionTest.cs:line 58
   at InvokeStub_CatchBeatmapConversionTest.Test(Object, Span`1)

443)    at osu.Game.Tests.Beatmaps.BeatmapConversionTest`2.<>c__DisplayClass4_1.<Test>b__2() in /app/osu.Game/Tests/Beatmaps/BeatmapConversionTest.cs:line 98
   at NUnit.Framework.Assert.Multiple(TestDelegate testDelegate)
   at osu.Game.Tests.Beatmaps.BeatmapConversionTest`2.<>c__DisplayClass4_0.<Test>b__1() in /app/osu.Game/Tests/Beatmaps/BeatmapConversionTest.cs:line 77
   at NUnit.Framework.Assert.Multiple(TestDelegate testDelegate)
   at osu.Game.Tests.Beatmaps.BeatmapConversionTest`2.Test(String name, Type[] mods) in /app/osu.Game/Tests/Beatmaps/BeatmapConversionTest.cs:line 50
   at osu.Game.Rulesets.Catch.Tests.CatchBeatmapConversionTest.Test(String name, Type[] mods) in /app/osu.Game.Rulesets.Catch.Tests/CatchBeatmapConversionTest.cs:line 58
   at InvokeStub_CatchBeatmapConversionTest.Test(Object, Span`1)

444)    at osu.Game.Tests.Beatmaps.BeatmapConversionTest`2.<>c__DisplayClass4_1.<Test>b__2() in /app/osu.Game/Tests/Beatmaps/BeatmapConversionTest.cs:line 98
   at NUnit.Framework.Assert.Multiple(TestDelegate testDelegate)
   at osu.Game.Tests.Beatmaps.BeatmapConversionTest`2.<>c__DisplayClass4_0.<Test>b__1() in /app/osu.Game/Tests/Beatmaps/BeatmapConversionTest.cs:line 77
   at NUnit.Framework.Assert.Multiple(TestDelegate testDelegate)
   at osu.Game.Tests.Beatmaps.BeatmapConversionTest`2.Test(String name, Type[] mods) in /app/osu.Game/Tests/Beatmaps/BeatmapConversionTest.cs:line 50
   at osu.Game.Rulesets.Catch.Tests.CatchBeatmapConversionTest.Test(String name, Type[] mods) in /app/osu.Game.Rulesets.Catch.Tests/CatchBeatmapConversionTest.cs:line 58
   at InvokeStub_CatchBeatmapConversionTest.Test(Object, Span`1)

445)    at osu.Game.Tests.Beatmaps.BeatmapConversionTest`2.<>c__DisplayClass4_1.<Test>b__2() in /app/osu.Game/Tests/Beatmaps/BeatmapConversionTest.cs:line 98
   at NUnit.Framework.Assert.Multiple(TestDelegate testDelegate)
   at osu.Game.Tests.Beatmaps.BeatmapConversionTest`2.<>c__DisplayClass4_0.<Test>b__1() in /app/osu.Game/Tests/Beatmaps/BeatmapConversionTest.cs:line 77
   at NUnit.Framework.Assert.Multiple(TestDelegate testDelegate)
   at osu.Game.Tests.Beatmaps.BeatmapConversionTest`2.Test(String name, Type[] mods) in /app/osu.Game/Tests/Beatmaps/BeatmapConversionTest.cs:line 50
   at osu.Game.Rulesets.Catch.Tests.CatchBeatmapConversionTest.Test(String name, Type[] mods) in /app/osu.Game.Rulesets.Catch.Tests/CatchBeatmapConversionTest.cs:line 58
   at InvokeStub_CatchBeatmapConversionTest.Test(Object, Span`1)

446)    at osu.Game.Tests.Beatmaps.BeatmapConversionTest`2.<>c__DisplayClass4_1.<Test>b__2() in /app/osu.Game/Tests/Beatmaps/BeatmapConversionTest.cs:line 98
   at NUnit.Framework.Assert.Multiple(TestDelegate testDelegate)
   at osu.Game.Tests.Beatmaps.BeatmapConversionTest`2.<>c__DisplayClass4_0.<Test>b__1() in /app/osu.Game/Tests/Beatmaps/BeatmapConversionTest.cs:line 77
   at NUnit.Framework.Assert.Multiple(TestDelegate testDelegate)
   at osu.Game.Tests.Beatmaps.BeatmapConversionTest`2.Test(String name, Type[] mods) in /app/osu.Game/Tests/Beatmaps/BeatmapConversionTest.cs:line 50
   at osu.Game.Rulesets.Catch.Tests.CatchBeatmapConversionTest.Test(String name, Type[] mods) in /app/osu.Game.Rulesets.Catch.Tests/CatchBeatmapConversionTest.cs:line 58
   at InvokeStub_CatchBeatmapConversionTest.Test(Object, Span`1)

447)    at osu.Game.Tests.Beatmaps.BeatmapConversionTest`2.<>c__DisplayClass4_1.<Test>b__2() in /app/osu.Game/Tests/Beatmaps/BeatmapConversionTest.cs:line 98
   at NUnit.Framework.Assert.Multiple(TestDelegate testDelegate)
   at osu.Game.Tests.Beatmaps.BeatmapConversionTest`2.<>c__DisplayClass4_0.<Test>b__1() in /app/osu.Game/Tests/Beatmaps/BeatmapConversionTest.cs:line 77
   at NUnit.Framework.Assert.Multiple(TestDelegate testDelegate)
   at osu.Game.Tests.Beatmaps.BeatmapConversionTest`2.Test(String name, Type[] mods) in /app/osu.Game/Tests/Beatmaps/BeatmapConversionTest.cs:line 50
   at osu.Game.Rulesets.Catch.Tests.CatchBeatmapConversionTest.Test(String name, Type[] mods) in /app/osu.Game.Rulesets.Catch.Tests/CatchBeatmapConversionTest.cs:line 58
   at InvokeStub_CatchBeatmapConversionTest.Test(Object, Span`1)

448)    at osu.Game.Tests.Beatmaps.BeatmapConversionTest`2.<>c__DisplayClass4_1.<Test>b__2() in /app/osu.Game/Tests/Beatmaps/BeatmapConversionTest.cs:line 98
   at NUnit.Framework.Assert.Multiple(TestDelegate testDelegate)
   at osu.Game.Tests.Beatmaps.BeatmapConversionTest`2.<>c__DisplayClass4_0.<Test>b__1() in /app/osu.Game/Tests/Beatmaps/BeatmapConversionTest.cs:line 77
   at NUnit.Framework.Assert.Multiple(TestDelegate testDelegate)
   at osu.Game.Tests.Beatmaps.BeatmapConversionTest`2.Test(String name, Type[] mods) in /app/osu.Game/Tests/Beatmaps/BeatmapConversionTest.cs:line 50
   at osu.Game.Rulesets.Catch.Tests.CatchBeatmapConversionTest.Test(String name, Type[] mods) in /app/osu.Game.Rulesets.Catch.Tests/CatchBeatmapConversionTest.cs:line 58
   at InvokeStub_CatchBeatmapConversionTest.Test(Object, Span`1)

449)    at osu.Game.Tests.Beatmaps.BeatmapConversionTest`2.<>c__DisplayClass4_1.<Test>b__2() in /app/osu.Game/Tests/Beatmaps/BeatmapConversionTest.cs:line 98
   at NUnit.Framework.Assert.Multiple(TestDelegate testDelegate)
   at osu.Game.Tests.Beatmaps.BeatmapConversionTest`2.<>c__DisplayClass4_0.<Test>b__1() in /app/osu.Game/Tests/Beatmaps/BeatmapConversionTest.cs:line 77
   at NUnit.Framework.Assert.Multiple(TestDelegate testDelegate)
   at osu.Game.Tests.Beatmaps.BeatmapConversionTest`2.Test(String name, Type[] mods) in /app/osu.Game/Tests/Beatmaps/BeatmapConversionTest.cs:line 50
   at osu.Game.Rulesets.Catch.Tests.CatchBeatmapConversionTest.Test(String name, Type[] mods) in /app/osu.Game.Rulesets.Catch.Tests/CatchBeatmapConversionTest.cs:line 58
   at InvokeStub_CatchBeatmapConversionTest.Test(Object, Span`1)

450)    at osu.Game.Tests.Beatmaps.BeatmapConversionTest`2.<>c__DisplayClass4_1.<Test>b__2() in /app/osu.Game/Tests/Beatmaps/BeatmapConversionTest.cs:line 98
   at NUnit.Framework.Assert.Multiple(TestDelegate testDelegate)
   at osu.Game.Tests.Beatmaps.BeatmapConversionTest`2.<>c__DisplayClass4_0.<Test>b__1() in /app/osu.Game/Tests/Beatmaps/BeatmapConversionTest.cs:line 77
   at NUnit.Framework.Assert.Multiple(TestDelegate testDelegate)
   at osu.Game.Tests.Beatmaps.BeatmapConversionTest`2.Test(String name, Type[] mods) in /app/osu.Game/Tests/Beatmaps/BeatmapConversionTest.cs:line 50
   at osu.Game.Rulesets.Catch.Tests.CatchBeatmapConversionTest.Test(String name, Type[] mods) in /app/osu.Game.Rulesets.Catch.Tests/CatchBeatmapConversionTest.cs:line 58
   at InvokeStub_CatchBeatmapConversionTest.Test(Object, Span`1)

451)    at osu.Game.Tests.Beatmaps.BeatmapConversionTest`2.<>c__DisplayClass4_1.<Test>b__2() in /app/osu.Game/Tests/Beatmaps/BeatmapConversionTest.cs:line 98
   at NUnit.Framework.Assert.Multiple(TestDelegate testDelegate)
   at osu.Game.Tests.Beatmaps.BeatmapConversionTest`2.<>c__DisplayClass4_0.<Test>b__1() in /app/osu.Game/Tests/Beatmaps/BeatmapConversionTest.cs:line 77
   at NUnit.Framework.Assert.Multiple(TestDelegate testDelegate)
   at osu.Game.Tests.Beatmaps.BeatmapConversionTest`2.Test(String name, Type[] mods) in /app/osu.Game/Tests/Beatmaps/BeatmapConversionTest.cs:line 50
   at osu.Game.Rulesets.Catch.Tests.CatchBeatmapConversionTest.Test(String name, Type[] mods) in /app/osu.Game.Rulesets.Catch.Tests/CatchBeatmapConversionTest.cs:line 58
   at InvokeStub_CatchBeatmapConversionTest.Test(Object, Span`1)

452)    at osu.Game.Tests.Beatmaps.BeatmapConversionTest`2.<>c__DisplayClass4_1.<Test>b__2() in /app/osu.Game/Tests/Beatmaps/BeatmapConversionTest.cs:line 98
   at NUnit.Framework.Assert.Multiple(TestDelegate testDelegate)
   at osu.Game.Tests.Beatmaps.BeatmapConversionTest`2.<>c__DisplayClass4_0.<Test>b__1() in /app/osu.Game/Tests/Beatmaps/BeatmapConversionTest.cs:line 77
   at NUnit.Framework.Assert.Multiple(TestDelegate testDelegate)
   at osu.Game.Tests.Beatmaps.BeatmapConversionTest`2.Test(String name, Type[] mods) in /app/osu.Game/Tests/Beatmaps/BeatmapConversionTest.cs:line 50
   at osu.Game.Rulesets.Catch.Tests.CatchBeatmapConversionTest.Test(String name, Type[] mods) in /app/osu.Game.Rulesets.Catch.Tests/CatchBeatmapConversionTest.cs:line 58
   at InvokeStub_CatchBeatmapConversionTest.Test(Object, Span`1)

453)    at osu.Game.Tests.Beatmaps.BeatmapConversionTest`2.<>c__DisplayClass4_1.<Test>b__2() in /app/osu.Game/Tests/Beatmaps/BeatmapConversionTest.cs:line 98
   at NUnit.Framework.Assert.Multiple(TestDelegate testDelegate)
   at osu.Game.Tests.Beatmaps.BeatmapConversionTest`2.<>c__DisplayClass4_0.<Test>b__1() in /app/osu.Game/Tests/Beatmaps/BeatmapConversionTest.cs:line 77
   at NUnit.Framework.Assert.Multiple(TestDelegate testDelegate)
   at osu.Game.Tests.Beatmaps.BeatmapConversionTest`2.Test(String name, Type[] mods) in /app/osu.Game/Tests/Beatmaps/BeatmapConversionTest.cs:line 50
   at osu.Game.Rulesets.Catch.Tests.CatchBeatmapConversionTest.Test(String name, Type[] mods) in /app/osu.Game.Rulesets.Catch.Tests/CatchBeatmapConversionTest.cs:line 58
   at InvokeStub_CatchBeatmapConversionTest.Test(Object, Span`1)

454)    at osu.Game.Tests.Beatmaps.BeatmapConversionTest`2.<>c__DisplayClass4_1.<Test>b__2() in /app/osu.Game/Tests/Beatmaps/BeatmapConversionTest.cs:line 98
   at NUnit.Framework.Assert.Multiple(TestDelegate testDelegate)
   at osu.Game.Tests.Beatmaps.BeatmapConversionTest`2.<>c__DisplayClass4_0.<Test>b__1() in /app/osu.Game/Tests/Beatmaps/BeatmapConversionTest.cs:line 77
   at NUnit.Framework.Assert.Multiple(TestDelegate testDelegate)
   at osu.Game.Tests.Beatmaps.BeatmapConversionTest`2.Test(String name, Type[] mods) in /app/osu.Game/Tests/Beatmaps/BeatmapConversionTest.cs:line 50
   at osu.Game.Rulesets.Catch.Tests.CatchBeatmapConversionTest.Test(String name, Type[] mods) in /app/osu.Game.Rulesets.Catch.Tests/CatchBeatmapConversionTest.cs:line 58
   at InvokeStub_CatchBeatmapConversionTest.Test(Object, Span`1)

455)    at osu.Game.Tests.Beatmaps.BeatmapConversionTest`2.<>c__DisplayClass4_1.<Test>b__2() in /app/osu.Game/Tests/Beatmaps/BeatmapConversionTest.cs:line 98
   at NUnit.Framework.Assert.Multiple(TestDelegate testDelegate)
   at osu.Game.Tests.Beatmaps.BeatmapConversionTest`2.<>c__DisplayClass4_0.<Test>b__1() in /app/osu.Game/Tests/Beatmaps/BeatmapConversionTest.cs:line 77
   at NUnit.Framework.Assert.Multiple(TestDelegate testDelegate)
   at osu.Game.Tests.Beatmaps.BeatmapConversionTest`2.Test(String name, Type[] mods) in /app/osu.Game/Tests/Beatmaps/BeatmapConversionTest.cs:line 50
   at osu.Game.Rulesets.Catch.Tests.CatchBeatmapConversionTest.Test(String name, Type[] mods) in /app/osu.Game.Rulesets.Catch.Tests/CatchBeatmapConversionTest.cs:line 58
   at InvokeStub_CatchBeatmapConversionTest.Test(Object, Span`1)

456)    at osu.Game.Tests.Beatmaps.BeatmapConversionTest`2.<>c__DisplayClass4_1.<Test>b__2() in /app/osu.Game/Tests/Beatmaps/BeatmapConversionTest.cs:line 98
   at NUnit.Framework.Assert.Multiple(TestDelegate testDelegate)
   at osu.Game.Tests.Beatmaps.BeatmapConversionTest`2.<>c__DisplayClass4_0.<Test>b__1() in /app/osu.Game/Tests/Beatmaps/BeatmapConversionTest.cs:line 77
   at NUnit.Framework.Assert.Multiple(TestDelegate testDelegate)
   at osu.Game.Tests.Beatmaps.BeatmapConversionTest`2.Test(String name, Type[] mods) in /app/osu.Game/Tests/Beatmaps/BeatmapConversionTest.cs:line 50
   at osu.Game.Rulesets.Catch.Tests.CatchBeatmapConversionTest.Test(String name, Type[] mods) in /app/osu.Game.Rulesets.Catch.Tests/CatchBeatmapConversionTest.cs:line 58
   at InvokeStub_CatchBeatmapConversionTest.Test(Object, Span`1)

457)    at osu.Game.Tests.Beatmaps.BeatmapConversionTest`2.<>c__DisplayClass4_1.<Test>b__2() in /app/osu.Game/Tests/Beatmaps/BeatmapConversionTest.cs:line 98
   at NUnit.Framework.Assert.Multiple(TestDelegate testDelegate)
   at osu.Game.Tests.Beatmaps.BeatmapConversionTest`2.<>c__DisplayClass4_0.<Test>b__1() in /app/osu.Game/Tests/Beatmaps/BeatmapConversionTest.cs:line 77
   at NUnit.Framework.Assert.Multiple(TestDelegate testDelegate)
   at osu.Game.Tests.Beatmaps.BeatmapConversionTest`2.Test(String name, Type[] mods) in /app/osu.Game/Tests/Beatmaps/BeatmapConversionTest.cs:line 50
   at osu.Game.Rulesets.Catch.Tests.CatchBeatmapConversionTest.Test(String name, Type[] mods) in /app/osu.Game.Rulesets.Catch.Tests/CatchBeatmapConversionTest.cs:line 58
   at InvokeStub_CatchBeatmapConversionTest.Test(Object, Span`1)

458)    at osu.Game.Tests.Beatmaps.BeatmapConversionTest`2.<>c__DisplayClass4_1.<Test>b__2() in /app/osu.Game/Tests/Beatmaps/BeatmapConversionTest.cs:line 98
   at NUnit.Framework.Assert.Multiple(TestDelegate testDelegate)
   at osu.Game.Tests.Beatmaps.BeatmapConversionTest`2.<>c__DisplayClass4_0.<Test>b__1() in /app/osu.Game/Tests/Beatmaps/BeatmapConversionTest.cs:line 77
   at NUnit.Framework.Assert.Multiple(TestDelegate testDelegate)
   at osu.Game.Tests.Beatmaps.BeatmapConversionTest`2.Test(String name, Type[] mods) in /app/osu.Game/Tests/Beatmaps/BeatmapConversionTest.cs:line 50
   at osu.Game.Rulesets.Catch.Tests.CatchBeatmapConversionTest.Test(String name, Type[] mods) in /app/osu.Game.Rulesets.Catch.Tests/CatchBeatmapConversionTest.cs:line 58
   at InvokeStub_CatchBeatmapConversionTest.Test(Object, Span`1)

459)    at osu.Game.Tests.Beatmaps.BeatmapConversionTest`2.<>c__DisplayClass4_1.<Test>b__2() in /app/osu.Game/Tests/Beatmaps/BeatmapConversionTest.cs:line 98
   at NUnit.Framework.Assert.Multiple(TestDelegate testDelegate)
   at osu.Game.Tests.Beatmaps.BeatmapConversionTest`2.<>c__DisplayClass4_0.<Test>b__1() in /app/osu.Game/Tests/Beatmaps/BeatmapConversionTest.cs:line 77
   at NUnit.Framework.Assert.Multiple(TestDelegate testDelegate)
   at osu.Game.Tests.Beatmaps.BeatmapConversionTest`2.Test(String name, Type[] mods) in /app/osu.Game/Tests/Beatmaps/BeatmapConversionTest.cs:line 50
   at osu.Game.Rulesets.Catch.Tests.CatchBeatmapConversionTest.Test(String name, Type[] mods) in /app/osu.Game.Rulesets.Catch.Tests/CatchBeatmapConversionTest.cs:line 58
   at InvokeStub_CatchBeatmapConversionTest.Test(Object, Span`1)

460)    at osu.Game.Tests.Beatmaps.BeatmapConversionTest`2.<>c__DisplayClass4_1.<Test>b__2() in /app/osu.Game/Tests/Beatmaps/BeatmapConversionTest.cs:line 98
   at NUnit.Framework.Assert.Multiple(TestDelegate testDelegate)
   at osu.Game.Tests.Beatmaps.BeatmapConversionTest`2.<>c__DisplayClass4_0.<Test>b__1() in /app/osu.Game/Tests/Beatmaps/BeatmapConversionTest.cs:line 77
   at NUnit.Framework.Assert.Multiple(TestDelegate testDelegate)
   at osu.Game.Tests.Beatmaps.BeatmapConversionTest`2.Test(String name, Type[] mods) in /app/osu.Game/Tests/Beatmaps/BeatmapConversionTest.cs:line 50
   at osu.Game.Rulesets.Catch.Tests.CatchBeatmapConversionTest.Test(String name, Type[] mods) in /app/osu.Game.Rulesets.Catch.Tests/CatchBeatmapConversionTest.cs:line 58
   at InvokeStub_CatchBeatmapConversionTest.Test(Object, Span`1)

461)    at osu.Game.Tests.Beatmaps.BeatmapConversionTest`2.<>c__DisplayClass4_1.<Test>b__2() in /app/osu.Game/Tests/Beatmaps/BeatmapConversionTest.cs:line 98
   at NUnit.Framework.Assert.Multiple(TestDelegate testDelegate)
   at osu.Game.Tests.Beatmaps.BeatmapConversionTest`2.<>c__DisplayClass4_0.<Test>b__1() in /app/osu.Game/Tests/Beatmaps/BeatmapConversionTest.cs:line 77
   at NUnit.Framework.Assert.Multiple(TestDelegate testDelegate)
   at osu.Game.Tests.Beatmaps.BeatmapConversionTest`2.Test(String name, Type[] mods) in /app/osu.Game/Tests/Beatmaps/BeatmapConversionTest.cs:line 50
   at osu.Game.Rulesets.Catch.Tests.CatchBeatmapConversionTest.Test(String name, Type[] mods) in /app/osu.Game.Rulesets.Catch.Tests/CatchBeatmapConversionTest.cs:line 58
   at InvokeStub_CatchBeatmapConversionTest.Test(Object, Span`1)

462)    at osu.Game.Tests.Beatmaps.BeatmapConversionTest`2.<>c__DisplayClass4_1.<Test>b__2() in /app/osu.Game/Tests/Beatmaps/BeatmapConversionTest.cs:line 98
   at NUnit.Framework.Assert.Multiple(TestDelegate testDelegate)
   at osu.Game.Tests.Beatmaps.BeatmapConversionTest`2.<>c__DisplayClass4_0.<Test>b__1() in /app/osu.Game/Tests/Beatmaps/BeatmapConversionTest.cs:line 77
   at NUnit.Framework.Assert.Multiple(TestDelegate testDelegate)
   at osu.Game.Tests.Beatmaps.BeatmapConversionTest`2.Test(String name, Type[] mods) in /app/osu.Game/Tests/Beatmaps/BeatmapConversionTest.cs:line 50
   at osu.Game.Rulesets.Catch.Tests.CatchBeatmapConversionTest.Test(String name, Type[] mods) in /app/osu.Game.Rulesets.Catch.Tests/CatchBeatmapConversionTest.cs:line 58
   at InvokeStub_CatchBeatmapConversionTest.Test(Object, Span`1)

463)    at osu.Game.Tests.Beatmaps.BeatmapConversionTest`2.<>c__DisplayClass4_1.<Test>b__2() in /app/osu.Game/Tests/Beatmaps/BeatmapConversionTest.cs:line 98
   at NUnit.Framework.Assert.Multiple(TestDelegate testDelegate)
   at osu.Game.Tests.Beatmaps.BeatmapConversionTest`2.<>c__DisplayClass4_0.<Test>b__1() in /app/osu.Game/Tests/Beatmaps/BeatmapConversionTest.cs:line 77
   at NUnit.Framework.Assert.Multiple(TestDelegate testDelegate)
   at osu.Game.Tests.Beatmaps.BeatmapConversionTest`2.Test(String name, Type[] mods) in /app/osu.Game/Tests/Beatmaps/BeatmapConversionTest.cs:line 50
   at osu.Game.Rulesets.Catch.Tests.CatchBeatmapConversionTest.Test(String name, Type[] mods) in /app/osu.Game.Rulesets.Catch.Tests/CatchBeatmapConversionTest.cs:line 58
   at InvokeStub_CatchBeatmapConversionTest.Test(Object, Span`1)

464)    at osu.Game.Tests.Beatmaps.BeatmapConversionTest`2.<>c__DisplayClass4_1.<Test>b__2() in /app/osu.Game/Tests/Beatmaps/BeatmapConversionTest.cs:line 98
   at NUnit.Framework.Assert.Multiple(TestDelegate testDelegate)
   at osu.Game.Tests.Beatmaps.BeatmapConversionTest`2.<>c__DisplayClass4_0.<Test>b__1() in /app/osu.Game/Tests/Beatmaps/BeatmapConversionTest.cs:line 77
   at NUnit.Framework.Assert.Multiple(TestDelegate testDelegate)
   at osu.Game.Tests.Beatmaps.BeatmapConversionTest`2.Test(String name, Type[] mods) in /app/osu.Game/Tests/Beatmaps/BeatmapConversionTest.cs:line 50
   at osu.Game.Rulesets.Catch.Tests.CatchBeatmapConversionTest.Test(String name, Type[] mods) in /app/osu.Game.Rulesets.Catch.Tests/CatchBeatmapConversionTest.cs:line 58
   at InvokeStub_CatchBeatmapConversionTest.Test(Object, Span`1)

465)    at osu.Game.Tests.Beatmaps.BeatmapConversionTest`2.<>c__DisplayClass4_1.<Test>b__2() in /app/osu.Game/Tests/Beatmaps/BeatmapConversionTest.cs:line 98
   at NUnit.Framework.Assert.Multiple(TestDelegate testDelegate)
   at osu.Game.Tests.Beatmaps.BeatmapConversionTest`2.<>c__DisplayClass4_0.<Test>b__1() in /app/osu.Game/Tests/Beatmaps/BeatmapConversionTest.cs:line 77
   at NUnit.Framework.Assert.Multiple(TestDelegate testDelegate)
   at osu.Game.Tests.Beatmaps.BeatmapConversionTest`2.Test(String name, Type[] mods) in /app/osu.Game/Tests/Beatmaps/BeatmapConversionTest.cs:line 50
   at osu.Game.Rulesets.Catch.Tests.CatchBeatmapConversionTest.Test(String name, Type[] mods) in /app/osu.Game.Rulesets.Catch.Tests/CatchBeatmapConversionTest.cs:line 58
   at InvokeStub_CatchBeatmapConversionTest.Test(Object, Span`1)

466)    at osu.Game.Tests.Beatmaps.BeatmapConversionTest`2.<>c__DisplayClass4_1.<Test>b__2() in /app/osu.Game/Tests/Beatmaps/BeatmapConversionTest.cs:line 98
   at NUnit.Framework.Assert.Multiple(TestDelegate testDelegate)
   at osu.Game.Tests.Beatmaps.BeatmapConversionTest`2.<>c__DisplayClass4_0.<Test>b__1() in /app/osu.Game/Tests/Beatmaps/BeatmapConversionTest.cs:line 77
   at NUnit.Framework.Assert.Multiple(TestDelegate testDelegate)
   at osu.Game.Tests.Beatmaps.BeatmapConversionTest`2.Test(String name, Type[] mods) in /app/osu.Game/Tests/Beatmaps/BeatmapConversionTest.cs:line 50
   at osu.Game.Rulesets.Catch.Tests.CatchBeatmapConversionTest.Test(String name, Type[] mods) in /app/osu.Game.Rulesets.Catch.Tests/CatchBeatmapConversionTest.cs:line 58
   at InvokeStub_CatchBeatmapConversionTest.Test(Object, Span`1)

467)    at osu.Game.Tests.Beatmaps.BeatmapConversionTest`2.<>c__DisplayClass4_1.<Test>b__2() in /app/osu.Game/Tests/Beatmaps/BeatmapConversionTest.cs:line 98
   at NUnit.Framework.Assert.Multiple(TestDelegate testDelegate)
   at osu.Game.Tests.Beatmaps.BeatmapConversionTest`2.<>c__DisplayClass4_0.<Test>b__1() in /app/osu.Game/Tests/Beatmaps/BeatmapConversionTest.cs:line 77
   at NUnit.Framework.Assert.Multiple(TestDelegate testDelegate)
   at osu.Game.Tests.Beatmaps.BeatmapConversionTest`2.Test(String name, Type[] mods) in /app/osu.Game/Tests/Beatmaps/BeatmapConversionTest.cs:line 50
   at osu.Game.Rulesets.Catch.Tests.CatchBeatmapConversionTest.Test(String name, Type[] mods) in /app/osu.Game.Rulesets.Catch.Tests/CatchBeatmapConversionTest.cs:line 58
   at InvokeStub_CatchBeatmapConversionTest.Test(Object, Span`1)

468)    at osu.Game.Tests.Beatmaps.BeatmapConversionTest`2.<>c__DisplayClass4_1.<Test>b__2() in /app/osu.Game/Tests/Beatmaps/BeatmapConversionTest.cs:line 98
   at NUnit.Framework.Assert.Multiple(TestDelegate testDelegate)
   at osu.Game.Tests.Beatmaps.BeatmapConversionTest`2.<>c__DisplayClass4_0.<Test>b__1() in /app/osu.Game/Tests/Beatmaps/BeatmapConversionTest.cs:line 77
   at NUnit.Framework.Assert.Multiple(TestDelegate testDelegate)
   at osu.Game.Tests.Beatmaps.BeatmapConversionTest`2.Test(String name, Type[] mods) in /app/osu.Game/Tests/Beatmaps/BeatmapConversionTest.cs:line 50
   at osu.Game.Rulesets.Catch.Tests.CatchBeatmapConversionTest.Test(String name, Type[] mods) in /app/osu.Game.Rulesets.Catch.Tests/CatchBeatmapConversionTest.cs:line 58
   at InvokeStub_CatchBeatmapConversionTest.Test(Object, Span`1)

469)    at osu.Game.Tests.Beatmaps.BeatmapConversionTest`2.<>c__DisplayClass4_1.<Test>b__2() in /app/osu.Game/Tests/Beatmaps/BeatmapConversionTest.cs:line 98
   at NUnit.Framework.Assert.Multiple(TestDelegate testDelegate)
   at osu.Game.Tests.Beatmaps.BeatmapConversionTest`2.<>c__DisplayClass4_0.<Test>b__1() in /app/osu.Game/Tests/Beatmaps/BeatmapConversionTest.cs:line 77
   at NUnit.Framework.Assert.Multiple(TestDelegate testDelegate)
   at osu.Game.Tests.Beatmaps.BeatmapConversionTest`2.Test(String name, Type[] mods) in /app/osu.Game/Tests/Beatmaps/BeatmapConversionTest.cs:line 50
   at osu.Game.Rulesets.Catch.Tests.CatchBeatmapConversionTest.Test(String name, Type[] mods) in /app/osu.Game.Rulesets.Catch.Tests/CatchBeatmapConversionTest.cs:line 58
   at InvokeStub_CatchBeatmapConversionTest.Test(Object, Span`1)

470)    at osu.Game.Tests.Beatmaps.BeatmapConversionTest`2.<>c__DisplayClass4_1.<Test>b__2() in /app/osu.Game/Tests/Beatmaps/BeatmapConversionTest.cs:line 98
   at NUnit.Framework.Assert.Multiple(TestDelegate testDelegate)
   at osu.Game.Tests.Beatmaps.BeatmapConversionTest`2.<>c__DisplayClass4_0.<Test>b__1() in /app/osu.Game/Tests/Beatmaps/BeatmapConversionTest.cs:line 77
   at NUnit.Framework.Assert.Multiple(TestDelegate testDelegate)
   at osu.Game.Tests.Beatmaps.BeatmapConversionTest`2.Test(String name, Type[] mods) in /app/osu.Game/Tests/Beatmaps/BeatmapConversionTest.cs:line 50
   at osu.Game.Rulesets.Catch.Tests.CatchBeatmapConversionTest.Test(String name, Type[] mods) in /app/osu.Game.Rulesets.Catch.Tests/CatchBeatmapConversionTest.cs:line 58
   at InvokeStub_CatchBeatmapConversionTest.Test(Object, Span`1)

471)    at osu.Game.Tests.Beatmaps.BeatmapConversionTest`2.<>c__DisplayClass4_1.<Test>b__2() in /app/osu.Game/Tests/Beatmaps/BeatmapConversionTest.cs:line 98
   at NUnit.Framework.Assert.Multiple(TestDelegate testDelegate)
   at osu.Game.Tests.Beatmaps.BeatmapConversionTest`2.<>c__DisplayClass4_0.<Test>b__1() in /app/osu.Game/Tests/Beatmaps/BeatmapConversionTest.cs:line 77
   at NUnit.Framework.Assert.Multiple(TestDelegate testDelegate)
   at osu.Game.Tests.Beatmaps.BeatmapConversionTest`2.Test(String name, Type[] mods) in /app/osu.Game/Tests/Beatmaps/BeatmapConversionTest.cs:line 50
   at osu.Game.Rulesets.Catch.Tests.CatchBeatmapConversionTest.Test(String name, Type[] mods) in /app/osu.Game.Rulesets.Catch.Tests/CatchBeatmapConversionTest.cs:line 58
   at InvokeStub_CatchBeatmapConversionTest.Test(Object, Span`1)

472)    at osu.Game.Tests.Beatmaps.BeatmapConversionTest`2.<>c__DisplayClass4_1.<Test>b__2() in /app/osu.Game/Tests/Beatmaps/BeatmapConversionTest.cs:line 98
   at NUnit.Framework.Assert.Multiple(TestDelegate testDelegate)
   at osu.Game.Tests.Beatmaps.BeatmapConversionTest`2.<>c__DisplayClass4_0.<Test>b__1() in /app/osu.Game/Tests/Beatmaps/BeatmapConversionTest.cs:line 77
   at NUnit.Framework.Assert.Multiple(TestDelegate testDelegate)
   at osu.Game.Tests.Beatmaps.BeatmapConversionTest`2.Test(String name, Type[] mods) in /app/osu.Game/Tests/Beatmaps/BeatmapConversionTest.cs:line 50
   at osu.Game.Rulesets.Catch.Tests.CatchBeatmapConversionTest.Test(String name, Type[] mods) in /app/osu.Game.Rulesets.Catch.Tests/CatchBeatmapConversionTest.cs:line 58
   at InvokeStub_CatchBeatmapConversionTest.Test(Object, Span`1)

473)    at osu.Game.Tests.Beatmaps.BeatmapConversionTest`2.<>c__DisplayClass4_1.<Test>b__2() in /app/osu.Game/Tests/Beatmaps/BeatmapConversionTest.cs:line 98
   at NUnit.Framework.Assert.Multiple(TestDelegate testDelegate)
   at osu.Game.Tests.Beatmaps.BeatmapConversionTest`2.<>c__DisplayClass4_0.<Test>b__1() in /app/osu.Game/Tests/Beatmaps/BeatmapConversionTest.cs:line 77
   at NUnit.Framework.Assert.Multiple(TestDelegate testDelegate)
   at osu.Game.Tests.Beatmaps.BeatmapConversionTest`2.Test(String name, Type[] mods) in /app/osu.Game/Tests/Beatmaps/BeatmapConversionTest.cs:line 50
   at osu.Game.Rulesets.Catch.Tests.CatchBeatmapConversionTest.Test(String name, Type[] mods) in /app/osu.Game.Rulesets.Catch.Tests/CatchBeatmapConversionTest.cs:line 58
   at InvokeStub_CatchBeatmapConversionTest.Test(Object, Span`1)

474)    at osu.Game.Tests.Beatmaps.BeatmapConversionTest`2.<>c__DisplayClass4_1.<Test>b__2() in /app/osu.Game/Tests/Beatmaps/BeatmapConversionTest.cs:line 98
   at NUnit.Framework.Assert.Multiple(TestDelegate testDelegate)
   at osu.Game.Tests.Beatmaps.BeatmapConversionTest`2.<>c__DisplayClass4_0.<Test>b__1() in /app/osu.Game/Tests/Beatmaps/BeatmapConversionTest.cs:line 77
   at NUnit.Framework.Assert.Multiple(TestDelegate testDelegate)
   at osu.Game.Tests.Beatmaps.BeatmapConversionTest`2.Test(String name, Type[] mods) in /app/osu.Game/Tests/Beatmaps/BeatmapConversionTest.cs:line 50
   at osu.Game.Rulesets.Catch.Tests.CatchBeatmapConversionTest.Test(String name, Type[] mods) in /app/osu.Game.Rulesets.Catch.Tests/CatchBeatmapConversionTest.cs:line 58
   at InvokeStub_CatchBeatmapConversionTest.Test(Object, Span`1)

475)    at osu.Game.Tests.Beatmaps.BeatmapConversionTest`2.<>c__DisplayClass4_1.<Test>b__2() in /app/osu.Game/Tests/Beatmaps/BeatmapConversionTest.cs:line 98
   at NUnit.Framework.Assert.Multiple(TestDelegate testDelegate)
   at osu.Game.Tests.Beatmaps.BeatmapConversionTest`2.<>c__DisplayClass4_0.<Test>b__1() in /app/osu.Game/Tests/Beatmaps/BeatmapConversionTest.cs:line 77
   at NUnit.Framework.Assert.Multiple(TestDelegate testDelegate)
   at osu.Game.Tests.Beatmaps.BeatmapConversionTest`2.Test(String name, Type[] mods) in /app/osu.Game/Tests/Beatmaps/BeatmapConversionTest.cs:line 50
   at osu.Game.Rulesets.Catch.Tests.CatchBeatmapConversionTest.Test(String name, Type[] mods) in /app/osu.Game.Rulesets.Catch.Tests/CatchBeatmapConversionTest.cs:line 58
   at InvokeStub_CatchBeatmapConversionTest.Test(Object, Span`1)

476)    at osu.Game.Tests.Beatmaps.BeatmapConversionTest`2.<>c__DisplayClass4_1.<Test>b__2() in /app/osu.Game/Tests/Beatmaps/BeatmapConversionTest.cs:line 98
   at NUnit.Framework.Assert.Multiple(TestDelegate testDelegate)
   at osu.Game.Tests.Beatmaps.BeatmapConversionTest`2.<>c__DisplayClass4_0.<Test>b__1() in /app/osu.Game/Tests/Beatmaps/BeatmapConversionTest.cs:line 77
   at NUnit.Framework.Assert.Multiple(TestDelegate testDelegate)
   at osu.Game.Tests.Beatmaps.BeatmapConversionTest`2.Test(String name, Type[] mods) in /app/osu.Game/Tests/Beatmaps/BeatmapConversionTest.cs:line 50
   at osu.Game.Rulesets.Catch.Tests.CatchBeatmapConversionTest.Test(String name, Type[] mods) in /app/osu.Game.Rulesets.Catch.Tests/CatchBeatmapConversionTest.cs:line 58
   at InvokeStub_CatchBeatmapConversionTest.Test(Object, Span`1)

477)    at osu.Game.Tests.Beatmaps.BeatmapConversionTest`2.<>c__DisplayClass4_1.<Test>b__2() in /app/osu.Game/Tests/Beatmaps/BeatmapConversionTest.cs:line 98
   at NUnit.Framework.Assert.Multiple(TestDelegate testDelegate)
   at osu.Game.Tests.Beatmaps.BeatmapConversionTest`2.<>c__DisplayClass4_0.<Test>b__1() in /app/osu.Game/Tests/Beatmaps/BeatmapConversionTest.cs:line 77
   at NUnit.Framework.Assert.Multiple(TestDelegate testDelegate)
   at osu.Game.Tests.Beatmaps.BeatmapConversionTest`2.Test(String name, Type[] mods) in /app/osu.Game/Tests/Beatmaps/BeatmapConversionTest.cs:line 50
   at osu.Game.Rulesets.Catch.Tests.CatchBeatmapConversionTest.Test(String name, Type[] mods) in /app/osu.Game.Rulesets.Catch.Tests/CatchBeatmapConversionTest.cs:line 58
   at InvokeStub_CatchBeatmapConversionTest.Test(Object, Span`1)

478)    at osu.Game.Tests.Beatmaps.BeatmapConversionTest`2.<>c__DisplayClass4_1.<Test>b__2() in /app/osu.Game/Tests/Beatmaps/BeatmapConversionTest.cs:line 98
   at NUnit.Framework.Assert.Multiple(TestDelegate testDelegate)
   at osu.Game.Tests.Beatmaps.BeatmapConversionTest`2.<>c__DisplayClass4_0.<Test>b__1() in /app/osu.Game/Tests/Beatmaps/BeatmapConversionTest.cs:line 77
   at NUnit.Framework.Assert.Multiple(TestDelegate testDelegate)
   at osu.Game.Tests.Beatmaps.BeatmapConversionTest`2.Test(String name, Type[] mods) in /app/osu.Game/Tests/Beatmaps/BeatmapConversionTest.cs:line 50
   at osu.Game.Rulesets.Catch.Tests.CatchBeatmapConversionTest.Test(String name, Type[] mods) in /app/osu.Game.Rulesets.Catch.Tests/CatchBeatmapConversionTest.cs:line 58
   at InvokeStub_CatchBeatmapConversionTest.Test(Object, Span`1)

479)    at osu.Game.Tests.Beatmaps.BeatmapConversionTest`2.<>c__DisplayClass4_1.<Test>b__2() in /app/osu.Game/Tests/Beatmaps/BeatmapConversionTest.cs:line 98
   at NUnit.Framework.Assert.Multiple(TestDelegate testDelegate)
   at osu.Game.Tests.Beatmaps.BeatmapConversionTest`2.<>c__DisplayClass4_0.<Test>b__1() in /app/osu.Game/Tests/Beatmaps/BeatmapConversionTest.cs:line 77
   at NUnit.Framework.Assert.Multiple(TestDelegate testDelegate)
   at osu.Game.Tests.Beatmaps.BeatmapConversionTest`2.Test(String name, Type[] mods) in /app/osu.Game/Tests/Beatmaps/BeatmapConversionTest.cs:line 50
   at osu.Game.Rulesets.Catch.Tests.CatchBeatmapConversionTest.Test(String name, Type[] mods) in /app/osu.Game.Rulesets.Catch.Tests/CatchBeatmapConversionTest.cs:line 58
   at InvokeStub_CatchBeatmapConversionTest.Test(Object, Span`1)

480)    at osu.Game.Tests.Beatmaps.BeatmapConversionTest`2.<>c__DisplayClass4_1.<Test>b__2() in /app/osu.Game/Tests/Beatmaps/BeatmapConversionTest.cs:line 98
   at NUnit.Framework.Assert.Multiple(TestDelegate testDelegate)
   at osu.Game.Tests.Beatmaps.BeatmapConversionTest`2.<>c__DisplayClass4_0.<Test>b__1() in /app/osu.Game/Tests/Beatmaps/BeatmapConversionTest.cs:line 77
   at NUnit.Framework.Assert.Multiple(TestDelegate testDelegate)
   at osu.Game.Tests.Beatmaps.BeatmapConversionTest`2.Test(String name, Type[] mods) in /app/osu.Game/Tests/Beatmaps/BeatmapConversionTest.cs:line 50
   at osu.Game.Rulesets.Catch.Tests.CatchBeatmapConversionTest.Test(String name, Type[] mods) in /app/osu.Game.Rulesets.Catch.Tests/CatchBeatmapConversionTest.cs:line 58
   at InvokeStub_CatchBeatmapConversionTest.Test(Object, Span`1)

481)    at osu.Game.Tests.Beatmaps.BeatmapConversionTest`2.<>c__DisplayClass4_1.<Test>b__2() in /app/osu.Game/Tests/Beatmaps/BeatmapConversionTest.cs:line 98
   at NUnit.Framework.Assert.Multiple(TestDelegate testDelegate)
   at osu.Game.Tests.Beatmaps.BeatmapConversionTest`2.<>c__DisplayClass4_0.<Test>b__1() in /app/osu.Game/Tests/Beatmaps/BeatmapConversionTest.cs:line 77
   at NUnit.Framework.Assert.Multiple(TestDelegate testDelegate)
   at osu.Game.Tests.Beatmaps.BeatmapConversionTest`2.Test(String name, Type[] mods) in /app/osu.Game/Tests/Beatmaps/BeatmapConversionTest.cs:line 50
   at osu.Game.Rulesets.Catch.Tests.CatchBeatmapConversionTest.Test(String name, Type[] mods) in /app/osu.Game.Rulesets.Catch.Tests/CatchBeatmapConversionTest.cs:line 58
   at InvokeStub_CatchBeatmapConversionTest.Test(Object, Span`1)

482)    at osu.Game.Tests.Beatmaps.BeatmapConversionTest`2.<>c__DisplayClass4_1.<Test>b__2() in /app/osu.Game/Tests/Beatmaps/BeatmapConversionTest.cs:line 98
   at NUnit.Framework.Assert.Multiple(TestDelegate testDelegate)
   at osu.Game.Tests.Beatmaps.BeatmapConversionTest`2.<>c__DisplayClass4_0.<Test>b__1() in /app/osu.Game/Tests/Beatmaps/BeatmapConversionTest.cs:line 77
   at NUnit.Framework.Assert.Multiple(TestDelegate testDelegate)
   at osu.Game.Tests.Beatmaps.BeatmapConversionTest`2.Test(String name, Type[] mods) in /app/osu.Game/Tests/Beatmaps/BeatmapConversionTest.cs:line 50
   at osu.Game.Rulesets.Catch.Tests.CatchBeatmapConversionTest.Test(String name, Type[] mods) in /app/osu.Game.Rulesets.Catch.Tests/CatchBeatmapConversionTest.cs:line 58
   at InvokeStub_CatchBeatmapConversionTest.Test(Object, Span`1)

483)    at osu.Game.Tests.Beatmaps.BeatmapConversionTest`2.<>c__DisplayClass4_1.<Test>b__2() in /app/osu.Game/Tests/Beatmaps/BeatmapConversionTest.cs:line 98
   at NUnit.Framework.Assert.Multiple(TestDelegate testDelegate)
   at osu.Game.Tests.Beatmaps.BeatmapConversionTest`2.<>c__DisplayClass4_0.<Test>b__1() in /app/osu.Game/Tests/Beatmaps/BeatmapConversionTest.cs:line 77
   at NUnit.Framework.Assert.Multiple(TestDelegate testDelegate)
   at osu.Game.Tests.Beatmaps.BeatmapConversionTest`2.Test(String name, Type[] mods) in /app/osu.Game/Tests/Beatmaps/BeatmapConversionTest.cs:line 50
   at osu.Game.Rulesets.Catch.Tests.CatchBeatmapConversionTest.Test(String name, Type[] mods) in /app/osu.Game.Rulesets.Catch.Tests/CatchBeatmapConversionTest.cs:line 58
   at InvokeStub_CatchBeatmapConversionTest.Test(Object, Span`1)

484)    at osu.Game.Tests.Beatmaps.BeatmapConversionTest`2.<>c__DisplayClass4_1.<Test>b__2() in /app/osu.Game/Tests/Beatmaps/BeatmapConversionTest.cs:line 98
   at NUnit.Framework.Assert.Multiple(TestDelegate testDelegate)
   at osu.Game.Tests.Beatmaps.BeatmapConversionTest`2.<>c__DisplayClass4_0.<Test>b__1() in /app/osu.Game/Tests/Beatmaps/BeatmapConversionTest.cs:line 77
   at NUnit.Framework.Assert.Multiple(TestDelegate testDelegate)
   at osu.Game.Tests.Beatmaps.BeatmapConversionTest`2.Test(String name, Type[] mods) in /app/osu.Game/Tests/Beatmaps/BeatmapConversionTest.cs:line 50
   at osu.Game.Rulesets.Catch.Tests.CatchBeatmapConversionTest.Test(String name, Type[] mods) in /app/osu.Game.Rulesets.Catch.Tests/CatchBeatmapConversionTest.cs:line 58
   at InvokeStub_CatchBeatmapConversionTest.Test(Object, Span`1)

485)    at osu.Game.Tests.Beatmaps.BeatmapConversionTest`2.<>c__DisplayClass4_1.<Test>b__2() in /app/osu.Game/Tests/Beatmaps/BeatmapConversionTest.cs:line 98
   at NUnit.Framework.Assert.Multiple(TestDelegate testDelegate)
   at osu.Game.Tests.Beatmaps.BeatmapConversionTest`2.<>c__DisplayClass4_0.<Test>b__1() in /app/osu.Game/Tests/Beatmaps/BeatmapConversionTest.cs:line 77
   at NUnit.Framework.Assert.Multiple(TestDelegate testDelegate)
   at osu.Game.Tests.Beatmaps.BeatmapConversionTest`2.Test(String name, Type[] mods) in /app/osu.Game/Tests/Beatmaps/BeatmapConversionTest.cs:line 50
   at osu.Game.Rulesets.Catch.Tests.CatchBeatmapConversionTest.Test(String name, Type[] mods) in /app/osu.Game.Rulesets.Catch.Tests/CatchBeatmapConversionTest.cs:line 58
   at InvokeStub_CatchBeatmapConversionTest.Test(Object, Span`1)

486)    at osu.Game.Tests.Beatmaps.BeatmapConversionTest`2.<>c__DisplayClass4_1.<Test>b__2() in /app/osu.Game/Tests/Beatmaps/BeatmapConversionTest.cs:line 98
   at NUnit.Framework.Assert.Multiple(TestDelegate testDelegate)
   at osu.Game.Tests.Beatmaps.BeatmapConversionTest`2.<>c__DisplayClass4_0.<Test>b__1() in /app/osu.Game/Tests/Beatmaps/BeatmapConversionTest.cs:line 77
   at NUnit.Framework.Assert.Multiple(TestDelegate testDelegate)
   at osu.Game.Tests.Beatmaps.BeatmapConversionTest`2.Test(String name, Type[] mods) in /app/osu.Game/Tests/Beatmaps/BeatmapConversionTest.cs:line 50
   at osu.Game.Rulesets.Catch.Tests.CatchBeatmapConversionTest.Test(String name, Type[] mods) in /app/osu.Game.Rulesets.Catch.Tests/CatchBeatmapConversionTest.cs:line 58
   at InvokeStub_CatchBeatmapConversionTest.Test(Object, Span`1)

487)    at osu.Game.Tests.Beatmaps.BeatmapConversionTest`2.<>c__DisplayClass4_1.<Test>b__2() in /app/osu.Game/Tests/Beatmaps/BeatmapConversionTest.cs:line 98
   at NUnit.Framework.Assert.Multiple(TestDelegate testDelegate)
   at osu.Game.Tests.Beatmaps.BeatmapConversionTest`2.<>c__DisplayClass4_0.<Test>b__1() in /app/osu.Game/Tests/Beatmaps/BeatmapConversionTest.cs:line 77
   at NUnit.Framework.Assert.Multiple(TestDelegate testDelegate)
   at osu.Game.Tests.Beatmaps.BeatmapConversionTest`2.Test(String name, Type[] mods) in /app/osu.Game/Tests/Beatmaps/BeatmapConversionTest.cs:line 50
   at osu.Game.Rulesets.Catch.Tests.CatchBeatmapConversionTest.Test(String name, Type[] mods) in /app/osu.Game.Rulesets.Catch.Tests/CatchBeatmapConversionTest.cs:line 58
   at InvokeStub_CatchBeatmapConversionTest.Test(Object, Span`1)

488)    at osu.Game.Tests.Beatmaps.BeatmapConversionTest`2.<>c__DisplayClass4_1.<Test>b__2() in /app/osu.Game/Tests/Beatmaps/BeatmapConversionTest.cs:line 98
   at NUnit.Framework.Assert.Multiple(TestDelegate testDelegate)
   at osu.Game.Tests.Beatmaps.BeatmapConversionTest`2.<>c__DisplayClass4_0.<Test>b__1() in /app/osu.Game/Tests/Beatmaps/BeatmapConversionTest.cs:line 77
   at NUnit.Framework.Assert.Multiple(TestDelegate testDelegate)
   at osu.Game.Tests.Beatmaps.BeatmapConversionTest`2.Test(String name, Type[] mods) in /app/osu.Game/Tests/Beatmaps/BeatmapConversionTest.cs:line 50
   at osu.Game.Rulesets.Catch.Tests.CatchBeatmapConversionTest.Test(String name, Type[] mods) in /app/osu.Game.Rulesets.Catch.Tests/CatchBeatmapConversionTest.cs:line 58
   at InvokeStub_CatchBeatmapConversionTest.Test(Object, Span`1)

489)    at osu.Game.Tests.Beatmaps.BeatmapConversionTest`2.<>c__DisplayClass4_1.<Test>b__2() in /app/osu.Game/Tests/Beatmaps/BeatmapConversionTest.cs:line 98
   at NUnit.Framework.Assert.Multiple(TestDelegate testDelegate)
   at osu.Game.Tests.Beatmaps.BeatmapConversionTest`2.<>c__DisplayClass4_0.<Test>b__1() in /app/osu.Game/Tests/Beatmaps/BeatmapConversionTest.cs:line 77
   at NUnit.Framework.Assert.Multiple(TestDelegate testDelegate)
   at osu.Game.Tests.Beatmaps.BeatmapConversionTest`2.Test(String name, Type[] mods) in /app/osu.Game/Tests/Beatmaps/BeatmapConversionTest.cs:line 50
   at osu.Game.Rulesets.Catch.Tests.CatchBeatmapConversionTest.Test(String name, Type[] mods) in /app/osu.Game.Rulesets.Catch.Tests/CatchBeatmapConversionTest.cs:line 58
   at InvokeStub_CatchBeatmapConversionTest.Test(Object, Span`1)

490)    at osu.Game.Tests.Beatmaps.BeatmapConversionTest`2.<>c__DisplayClass4_1.<Test>b__2() in /app/osu.Game/Tests/Beatmaps/BeatmapConversionTest.cs:line 98
   at NUnit.Framework.Assert.Multiple(TestDelegate testDelegate)
   at osu.Game.Tests.Beatmaps.BeatmapConversionTest`2.<>c__DisplayClass4_0.<Test>b__1() in /app/osu.Game/Tests/Beatmaps/BeatmapConversionTest.cs:line 77
   at NUnit.Framework.Assert.Multiple(TestDelegate testDelegate)
   at osu.Game.Tests.Beatmaps.BeatmapConversionTest`2.Test(String name, Type[] mods) in /app/osu.Game/Tests/Beatmaps/BeatmapConversionTest.cs:line 50
   at osu.Game.Rulesets.Catch.Tests.CatchBeatmapConversionTest.Test(String name, Type[] mods) in /app/osu.Game.Rulesets.Catch.Tests/CatchBeatmapConversionTest.cs:line 58
   at InvokeStub_CatchBeatmapConversionTest.Test(Object, Span`1)

491)    at osu.Game.Tests.Beatmaps.BeatmapConversionTest`2.<>c__DisplayClass4_1.<Test>b__2() in /app/osu.Game/Tests/Beatmaps/BeatmapConversionTest.cs:line 98
   at NUnit.Framework.Assert.Multiple(TestDelegate testDelegate)
   at osu.Game.Tests.Beatmaps.BeatmapConversionTest`2.<>c__DisplayClass4_0.<Test>b__1() in /app/osu.Game/Tests/Beatmaps/BeatmapConversionTest.cs:line 77
   at NUnit.Framework.Assert.Multiple(TestDelegate testDelegate)
   at osu.Game.Tests.Beatmaps.BeatmapConversionTest`2.Test(String name, Type[] mods) in /app/osu.Game/Tests/Beatmaps/BeatmapConversionTest.cs:line 50
   at osu.Game.Rulesets.Catch.Tests.CatchBeatmapConversionTest.Test(String name, Type[] mods) in /app/osu.Game.Rulesets.Catch.Tests/CatchBeatmapConversionTest.cs:line 58
   at InvokeStub_CatchBeatmapConversionTest.Test(Object, Span`1)

492)    at osu.Game.Tests.Beatmaps.BeatmapConversionTest`2.<>c__DisplayClass4_1.<Test>b__2() in /app/osu.Game/Tests/Beatmaps/BeatmapConversionTest.cs:line 98
   at NUnit.Framework.Assert.Multiple(TestDelegate testDelegate)
   at osu.Game.Tests.Beatmaps.BeatmapConversionTest`2.<>c__DisplayClass4_0.<Test>b__1() in /app/osu.Game/Tests/Beatmaps/BeatmapConversionTest.cs:line 77
   at NUnit.Framework.Assert.Multiple(TestDelegate testDelegate)
   at osu.Game.Tests.Beatmaps.BeatmapConversionTest`2.Test(String name, Type[] mods) in /app/osu.Game/Tests/Beatmaps/BeatmapConversionTest.cs:line 50
   at osu.Game.Rulesets.Catch.Tests.CatchBeatmapConversionTest.Test(String name, Type[] mods) in /app/osu.Game.Rulesets.Catch.Tests/CatchBeatmapConversionTest.cs:line 58
   at InvokeStub_CatchBeatmapConversionTest.Test(Object, Span`1)

493)    at osu.Game.Tests.Beatmaps.BeatmapConversionTest`2.<>c__DisplayClass4_1.<Test>b__2() in /app/osu.Game/Tests/Beatmaps/BeatmapConversionTest.cs:line 98
   at NUnit.Framework.Assert.Multiple(TestDelegate testDelegate)
   at osu.Game.Tests.Beatmaps.BeatmapConversionTest`2.<>c__DisplayClass4_0.<Test>b__1() in /app/osu.Game/Tests/Beatmaps/BeatmapConversionTest.cs:line 77
   at NUnit.Framework.Assert.Multiple(TestDelegate testDelegate)
   at osu.Game.Tests.Beatmaps.BeatmapConversionTest`2.Test(String name, Type[] mods) in /app/osu.Game/Tests/Beatmaps/BeatmapConversionTest.cs:line 50
   at osu.Game.Rulesets.Catch.Tests.CatchBeatmapConversionTest.Test(String name, Type[] mods) in /app/osu.Game.Rulesets.Catch.Tests/CatchBeatmapConversionTest.cs:line 58
   at InvokeStub_CatchBeatmapConversionTest.Test(Object, Span`1)

494)    at osu.Game.Tests.Beatmaps.BeatmapConversionTest`2.<>c__DisplayClass4_1.<Test>b__2() in /app/osu.Game/Tests/Beatmaps/BeatmapConversionTest.cs:line 98
   at NUnit.Framework.Assert.Multiple(TestDelegate testDelegate)
   at osu.Game.Tests.Beatmaps.BeatmapConversionTest`2.<>c__DisplayClass4_0.<Test>b__1() in /app/osu.Game/Tests/Beatmaps/BeatmapConversionTest.cs:line 77
   at NUnit.Framework.Assert.Multiple(TestDelegate testDelegate)
   at osu.Game.Tests.Beatmaps.BeatmapConversionTest`2.Test(String name, Type[] mods) in /app/osu.Game/Tests/Beatmaps/BeatmapConversionTest.cs:line 50
   at osu.Game.Rulesets.Catch.Tests.CatchBeatmapConversionTest.Test(String name, Type[] mods) in /app/osu.Game.Rulesets.Catch.Tests/CatchBeatmapConversionTest.cs:line 58
   at InvokeStub_CatchBeatmapConversionTest.Test(Object, Span`1)

495)    at osu.Game.Tests.Beatmaps.BeatmapConversionTest`2.<>c__DisplayClass4_1.<Test>b__2() in /app/osu.Game/Tests/Beatmaps/BeatmapConversionTest.cs:line 98
   at NUnit.Framework.Assert.Multiple(TestDelegate testDelegate)
   at osu.Game.Tests.Beatmaps.BeatmapConversionTest`2.<>c__DisplayClass4_0.<Test>b__1() in /app/osu.Game/Tests/Beatmaps/BeatmapConversionTest.cs:line 77
   at NUnit.Framework.Assert.Multiple(TestDelegate testDelegate)
   at osu.Game.Tests.Beatmaps.BeatmapConversionTest`2.Test(String name, Type[] mods) in /app/osu.Game/Tests/Beatmaps/BeatmapConversionTest.cs:line 50
   at osu.Game.Rulesets.Catch.Tests.CatchBeatmapConversionTest.Test(String name, Type[] mods) in /app/osu.Game.Rulesets.Catch.Tests/CatchBeatmapConversionTest.cs:line 58
   at InvokeStub_CatchBeatmapConversionTest.Test(Object, Span`1)

496)    at osu.Game.Tests.Beatmaps.BeatmapConversionTest`2.<>c__DisplayClass4_1.<Test>b__2() in /app/osu.Game/Tests/Beatmaps/BeatmapConversionTest.cs:line 98
   at NUnit.Framework.Assert.Multiple(TestDelegate testDelegate)
   at osu.Game.Tests.Beatmaps.BeatmapConversionTest`2.<>c__DisplayClass4_0.<Test>b__1() in /app/osu.Game/Tests/Beatmaps/BeatmapConversionTest.cs:line 77
   at NUnit.Framework.Assert.Multiple(TestDelegate testDelegate)
   at osu.Game.Tests.Beatmaps.BeatmapConversionTest`2.Test(String name, Type[] mods) in /app/osu.Game/Tests/Beatmaps/BeatmapConversionTest.cs:line 50
   at osu.Game.Rulesets.Catch.Tests.CatchBeatmapConversionTest.Test(String name, Type[] mods) in /app/osu.Game.Rulesets.Catch.Tests/CatchBeatmapConversionTest.cs:line 58
   at InvokeStub_CatchBeatmapConversionTest.Test(Object, Span`1)

497)    at osu.Game.Tests.Beatmaps.BeatmapConversionTest`2.<>c__DisplayClass4_1.<Test>b__2() in /app/osu.Game/Tests/Beatmaps/BeatmapConversionTest.cs:line 98
   at NUnit.Framework.Assert.Multiple(TestDelegate testDelegate)
   at osu.Game.Tests.Beatmaps.BeatmapConversionTest`2.<>c__DisplayClass4_0.<Test>b__1() in /app/osu.Game/Tests/Beatmaps/BeatmapConversionTest.cs:line 77
   at NUnit.Framework.Assert.Multiple(TestDelegate testDelegate)
   at osu.Game.Tests.Beatmaps.BeatmapConversionTest`2.Test(String name, Type[] mods) in /app/osu.Game/Tests/Beatmaps/BeatmapConversionTest.cs:line 50
   at osu.Game.Rulesets.Catch.Tests.CatchBeatmapConversionTest.Test(String name, Type[] mods) in /app/osu.Game.Rulesets.Catch.Tests/CatchBeatmapConversionTest.cs:line 58
   at InvokeStub_CatchBeatmapConversionTest.Test(Object, Span`1)

498)    at osu.Game.Tests.Beatmaps.BeatmapConversionTest`2.<>c__DisplayClass4_1.<Test>b__2() in /app/osu.Game/Tests/Beatmaps/BeatmapConversionTest.cs:line 98
   at NUnit.Framework.Assert.Multiple(TestDelegate testDelegate)
   at osu.Game.Tests.Beatmaps.BeatmapConversionTest`2.<>c__DisplayClass4_0.<Test>b__1() in /app/osu.Game/Tests/Beatmaps/BeatmapConversionTest.cs:line 77
   at NUnit.Framework.Assert.Multiple(TestDelegate testDelegate)
   at osu.Game.Tests.Beatmaps.BeatmapConversionTest`2.Test(String name, Type[] mods) in /app/osu.Game/Tests/Beatmaps/BeatmapConversionTest.cs:line 50
   at osu.Game.Rulesets.Catch.Tests.CatchBeatmapConversionTest.Test(String name, Type[] mods) in /app/osu.Game.Rulesets.Catch.Tests/CatchBeatmapConversionTest.cs:line 58
   at InvokeStub_CatchBeatmapConversionTest.Test(Object, Span`1)

499)    at osu.Game.Tests.Beatmaps.BeatmapConversionTest`2.<>c__DisplayClass4_1.<Test>b__2() in /app/osu.Game/Tests/Beatmaps/BeatmapConversionTest.cs:line 98
   at NUnit.Framework.Assert.Multiple(TestDelegate testDelegate)
   at osu.Game.Tests.Beatmaps.BeatmapConversionTest`2.<>c__DisplayClass4_0.<Test>b__1() in /app/osu.Game/Tests/Beatmaps/BeatmapConversionTest.cs:line 77
   at NUnit.Framework.Assert.Multiple(TestDelegate testDelegate)
   at osu.Game.Tests.Beatmaps.BeatmapConversionTest`2.Test(String name, Type[] mods) in /app/osu.Game/Tests/Beatmaps/BeatmapConversionTest.cs:line 50
   at osu.Game.Rulesets.Catch.Tests.CatchBeatmapConversionTest.Test(String name, Type[] mods) in /app/osu.Game.Rulesets.Catch.Tests/CatchBeatmapConversionTest.cs:line 58
   at InvokeStub_CatchBeatmapConversionTest.Test(Object, Span`1)

500)    at osu.Game.Tests.Beatmaps.BeatmapConversionTest`2.<>c__DisplayClass4_1.<Test>b__2() in /app/osu.Game/Tests/Beatmaps/BeatmapConversionTest.cs:line 98
   at NUnit.Framework.Assert.Multiple(TestDelegate testDelegate)
   at osu.Game.Tests.Beatmaps.BeatmapConversionTest`2.<>c__DisplayClass4_0.<Test>b__1() in /app/osu.Game/Tests/Beatmaps/BeatmapConversionTest.cs:line 77
   at NUnit.Framework.Assert.Multiple(TestDelegate testDelegate)
   at osu.Game.Tests.Beatmaps.BeatmapConversionTest`2.Test(String name, Type[] mods) in /app/osu.Game/Tests/Beatmaps/BeatmapConversionTest.cs:line 50
   at osu.Game.Rulesets.Catch.Tests.CatchBeatmapConversionTest.Test(String name, Type[] mods) in /app/osu.Game.Rulesets.Catch.Tests/CatchBeatmapConversionTest.cs:line 58
   at InvokeStub_CatchBeatmapConversionTest.Test(Object, Span`1)

501)    at osu.Game.Tests.Beatmaps.BeatmapConversionTest`2.<>c__DisplayClass4_1.<Test>b__2() in /app/osu.Game/Tests/Beatmaps/BeatmapConversionTest.cs:line 98
   at NUnit.Framework.Assert.Multiple(TestDelegate testDelegate)
   at osu.Game.Tests.Beatmaps.BeatmapConversionTest`2.<>c__DisplayClass4_0.<Test>b__1() in /app/osu.Game/Tests/Beatmaps/BeatmapConversionTest.cs:line 77
   at NUnit.Framework.Assert.Multiple(TestDelegate testDelegate)
   at osu.Game.Tests.Beatmaps.BeatmapConversionTest`2.Test(String name, Type[] mods) in /app/osu.Game/Tests/Beatmaps/BeatmapConversionTest.cs:line 50
   at osu.Game.Rulesets.Catch.Tests.CatchBeatmapConversionTest.Test(String name, Type[] mods) in /app/osu.Game.Rulesets.Catch.Tests/CatchBeatmapConversionTest.cs:line 58
   at InvokeStub_CatchBeatmapConversionTest.Test(Object, Span`1)

502)    at osu.Game.Tests.Beatmaps.BeatmapConversionTest`2.<>c__DisplayClass4_1.<Test>b__2() in /app/osu.Game/Tests/Beatmaps/BeatmapConversionTest.cs:line 98
   at NUnit.Framework.Assert.Multiple(TestDelegate testDelegate)
   at osu.Game.Tests.Beatmaps.BeatmapConversionTest`2.<>c__DisplayClass4_0.<Test>b__1() in /app/osu.Game/Tests/Beatmaps/BeatmapConversionTest.cs:line 77
   at NUnit.Framework.Assert.Multiple(TestDelegate testDelegate)
   at osu.Game.Tests.Beatmaps.BeatmapConversionTest`2.Test(String name, Type[] mods) in /app/osu.Game/Tests/Beatmaps/BeatmapConversionTest.cs:line 50
   at osu.Game.Rulesets.Catch.Tests.CatchBeatmapConversionTest.Test(String name, Type[] mods) in /app/osu.Game.Rulesets.Catch.Tests/CatchBeatmapConversionTest.cs:line 58
   at InvokeStub_CatchBeatmapConversionTest.Test(Object, Span`1)

503)    at osu.Game.Tests.Beatmaps.BeatmapConversionTest`2.<>c__DisplayClass4_1.<Test>b__2() in /app/osu.Game/Tests/Beatmaps/BeatmapConversionTest.cs:line 98
   at NUnit.Framework.Assert.Multiple(TestDelegate testDelegate)
   at osu.Game.Tests.Beatmaps.BeatmapConversionTest`2.<>c__DisplayClass4_0.<Test>b__1() in /app/osu.Game/Tests/Beatmaps/BeatmapConversionTest.cs:line 77
   at NUnit.Framework.Assert.Multiple(TestDelegate testDelegate)
   at osu.Game.Tests.Beatmaps.BeatmapConversionTest`2.Test(String name, Type[] mods) in /app/osu.Game/Tests/Beatmaps/BeatmapConversionTest.cs:line 50
   at osu.Game.Rulesets.Catch.Tests.CatchBeatmapConversionTest.Test(String name, Type[] mods) in /app/osu.Game.Rulesets.Catch.Tests/CatchBeatmapConversionTest.cs:line 58
   at InvokeStub_CatchBeatmapConversionTest.Test(Object, Span`1)

504)    at osu.Game.Tests.Beatmaps.BeatmapConversionTest`2.<>c__DisplayClass4_1.<Test>b__2() in /app/osu.Game/Tests/Beatmaps/BeatmapConversionTest.cs:line 98
   at NUnit.Framework.Assert.Multiple(TestDelegate testDelegate)
   at osu.Game.Tests.Beatmaps.BeatmapConversionTest`2.<>c__DisplayClass4_0.<Test>b__1() in /app/osu.Game/Tests/Beatmaps/BeatmapConversionTest.cs:line 77
   at NUnit.Framework.Assert.Multiple(TestDelegate testDelegate)
   at osu.Game.Tests.Beatmaps.BeatmapConversionTest`2.Test(String name, Type[] mods) in /app/osu.Game/Tests/Beatmaps/BeatmapConversionTest.cs:line 50
   at osu.Game.Rulesets.Catch.Tests.CatchBeatmapConversionTest.Test(String name, Type[] mods) in /app/osu.Game.Rulesets.Catch.Tests/CatchBeatmapConversionTest.cs:line 58
   at InvokeStub_CatchBeatmapConversionTest.Test(Object, Span`1)

505)    at osu.Game.Tests.Beatmaps.BeatmapConversionTest`2.<>c__DisplayClass4_1.<Test>b__2() in /app/osu.Game/Tests/Beatmaps/BeatmapConversionTest.cs:line 98
   at NUnit.Framework.Assert.Multiple(TestDelegate testDelegate)
   at osu.Game.Tests.Beatmaps.BeatmapConversionTest`2.<>c__DisplayClass4_0.<Test>b__1() in /app/osu.Game/Tests/Beatmaps/BeatmapConversionTest.cs:line 77
   at NUnit.Framework.Assert.Multiple(TestDelegate testDelegate)
   at osu.Game.Tests.Beatmaps.BeatmapConversionTest`2.Test(String name, Type[] mods) in /app/osu.Game/Tests/Beatmaps/BeatmapConversionTest.cs:line 50
   at osu.Game.Rulesets.Catch.Tests.CatchBeatmapConversionTest.Test(String name, Type[] mods) in /app/osu.Game.Rulesets.Catch.Tests/CatchBeatmapConversionTest.cs:line 58
   at InvokeStub_CatchBeatmapConversionTest.Test(Object, Span`1)

506)    at osu.Game.Tests.Beatmaps.BeatmapConversionTest`2.<>c__DisplayClass4_1.<Test>b__2() in /app/osu.Game/Tests/Beatmaps/BeatmapConversionTest.cs:line 98
   at NUnit.Framework.Assert.Multiple(TestDelegate testDelegate)
   at osu.Game.Tests.Beatmaps.BeatmapConversionTest`2.<>c__DisplayClass4_0.<Test>b__1() in /app/osu.Game/Tests/Beatmaps/BeatmapConversionTest.cs:line 77
   at NUnit.Framework.Assert.Multiple(TestDelegate testDelegate)
   at osu.Game.Tests.Beatmaps.BeatmapConversionTest`2.Test(String name, Type[] mods) in /app/osu.Game/Tests/Beatmaps/BeatmapConversionTest.cs:line 50
   at osu.Game.Rulesets.Catch.Tests.CatchBeatmapConversionTest.Test(String name, Type[] mods) in /app/osu.Game.Rulesets.Catch.Tests/CatchBeatmapConversionTest.cs:line 58
   at InvokeStub_CatchBeatmapConversionTest.Test(Object, Span`1)

507)    at osu.Game.Tests.Beatmaps.BeatmapConversionTest`2.<>c__DisplayClass4_1.<Test>b__2() in /app/osu.Game/Tests/Beatmaps/BeatmapConversionTest.cs:line 98
   at NUnit.Framework.Assert.Multiple(TestDelegate testDelegate)
   at osu.Game.Tests.Beatmaps.BeatmapConversionTest`2.<>c__DisplayClass4_0.<Test>b__1() in /app/osu.Game/Tests/Beatmaps/BeatmapConversionTest.cs:line 77
   at NUnit.Framework.Assert.Multiple(TestDelegate testDelegate)
   at osu.Game.Tests.Beatmaps.BeatmapConversionTest`2.Test(String name, Type[] mods) in /app/osu.Game/Tests/Beatmaps/BeatmapConversionTest.cs:line 50
   at osu.Game.Rulesets.Catch.Tests.CatchBeatmapConversionTest.Test(String name, Type[] mods) in /app/osu.Game.Rulesets.Catch.Tests/CatchBeatmapConversionTest.cs:line 58
   at InvokeStub_CatchBeatmapConversionTest.Test(Object, Span`1)

508)    at osu.Game.Tests.Beatmaps.BeatmapConversionTest`2.<>c__DisplayClass4_1.<Test>b__2() in /app/osu.Game/Tests/Beatmaps/BeatmapConversionTest.cs:line 98
   at NUnit.Framework.Assert.Multiple(TestDelegate testDelegate)
   at osu.Game.Tests.Beatmaps.BeatmapConversionTest`2.<>c__DisplayClass4_0.<Test>b__1() in /app/osu.Game/Tests/Beatmaps/BeatmapConversionTest.cs:line 77
   at NUnit.Framework.Assert.Multiple(TestDelegate testDelegate)
   at osu.Game.Tests.Beatmaps.BeatmapConversionTest`2.Test(String name, Type[] mods) in /app/osu.Game/Tests/Beatmaps/BeatmapConversionTest.cs:line 50
   at osu.Game.Rulesets.Catch.Tests.CatchBeatmapConversionTest.Test(String name, Type[] mods) in /app/osu.Game.Rulesets.Catch.Tests/CatchBeatmapConversionTest.cs:line 58
   at InvokeStub_CatchBeatmapConversionTest.Test(Object, Span`1)

509)    at osu.Game.Tests.Beatmaps.BeatmapConversionTest`2.<>c__DisplayClass4_1.<Test>b__2() in /app/osu.Game/Tests/Beatmaps/BeatmapConversionTest.cs:line 98
   at NUnit.Framework.Assert.Multiple(TestDelegate testDelegate)
   at osu.Game.Tests.Beatmaps.BeatmapConversionTest`2.<>c__DisplayClass4_0.<Test>b__1() in /app/osu.Game/Tests/Beatmaps/BeatmapConversionTest.cs:line 77
   at NUnit.Framework.Assert.Multiple(TestDelegate testDelegate)
   at osu.Game.Tests.Beatmaps.BeatmapConversionTest`2.Test(String name, Type[] mods) in /app/osu.Game/Tests/Beatmaps/BeatmapConversionTest.cs:line 50
   at osu.Game.Rulesets.Catch.Tests.CatchBeatmapConversionTest.Test(String name, Type[] mods) in /app/osu.Game.Rulesets.Catch.Tests/CatchBeatmapConversionTest.cs:line 58
   at InvokeStub_CatchBeatmapConversionTest.Test(Object, Span`1)

510)    at osu.Game.Tests.Beatmaps.BeatmapConversionTest`2.<>c__DisplayClass4_1.<Test>b__2() in /app/osu.Game/Tests/Beatmaps/BeatmapConversionTest.cs:line 98
   at NUnit.Framework.Assert.Multiple(TestDelegate testDelegate)
   at osu.Game.Tests.Beatmaps.BeatmapConversionTest`2.<>c__DisplayClass4_0.<Test>b__1() in /app/osu.Game/Tests/Beatmaps/BeatmapConversionTest.cs:line 77
   at NUnit.Framework.Assert.Multiple(TestDelegate testDelegate)
   at osu.Game.Tests.Beatmaps.BeatmapConversionTest`2.Test(String name, Type[] mods) in /app/osu.Game/Tests/Beatmaps/BeatmapConversionTest.cs:line 50
   at osu.Game.Rulesets.Catch.Tests.CatchBeatmapConversionTest.Test(String name, Type[] mods) in /app/osu.Game.Rulesets.Catch.Tests/CatchBeatmapConversionTest.cs:line 58
   at InvokeStub_CatchBeatmapConversionTest.Test(Object, Span`1)

511)    at osu.Game.Tests.Beatmaps.BeatmapConversionTest`2.<>c__DisplayClass4_1.<Test>b__2() in /app/osu.Game/Tests/Beatmaps/BeatmapConversionTest.cs:line 98
   at NUnit.Framework.Assert.Multiple(TestDelegate testDelegate)
   at osu.Game.Tests.Beatmaps.BeatmapConversionTest`2.<>c__DisplayClass4_0.<Test>b__1() in /app/osu.Game/Tests/Beatmaps/BeatmapConversionTest.cs:line 77
   at NUnit.Framework.Assert.Multiple(TestDelegate testDelegate)
   at osu.Game.Tests.Beatmaps.BeatmapConversionTest`2.Test(String name, Type[] mods) in /app/osu.Game/Tests/Beatmaps/BeatmapConversionTest.cs:line 50
   at osu.Game.Rulesets.Catch.Tests.CatchBeatmapConversionTest.Test(String name, Type[] mods) in /app/osu.Game.Rulesets.Catch.Tests/CatchBeatmapConversionTest.cs:line 58
   at InvokeStub_CatchBeatmapConversionTest.Test(Object, Span`1)

512)    at osu.Game.Tests.Beatmaps.BeatmapConversionTest`2.<>c__DisplayClass4_1.<Test>b__2() in /app/osu.Game/Tests/Beatmaps/BeatmapConversionTest.cs:line 98
   at NUnit.Framework.Assert.Multiple(TestDelegate testDelegate)
   at osu.Game.Tests.Beatmaps.BeatmapConversionTest`2.<>c__DisplayClass4_0.<Test>b__1() in /app/osu.Game/Tests/Beatmaps/BeatmapConversionTest.cs:line 77
   at NUnit.Framework.Assert.Multiple(TestDelegate testDelegate)
   at osu.Game.Tests.Beatmaps.BeatmapConversionTest`2.Test(String name, Type[] mods) in /app/osu.Game/Tests/Beatmaps/BeatmapConversionTest.cs:line 50
   at osu.Game.Rulesets.Catch.Tests.CatchBeatmapConversionTest.Test(String name, Type[] mods) in /app/osu.Game.Rulesets.Catch.Tests/CatchBeatmapConversionTest.cs:line 58
   at InvokeStub_CatchBeatmapConversionTest.Test(Object, Span`1)

513)    at osu.Game.Tests.Beatmaps.BeatmapConversionTest`2.<>c__DisplayClass4_1.<Test>b__2() in /app/osu.Game/Tests/Beatmaps/BeatmapConversionTest.cs:line 98
   at NUnit.Framework.Assert.Multiple(TestDelegate testDelegate)
   at osu.Game.Tests.Beatmaps.BeatmapConversionTest`2.<>c__DisplayClass4_0.<Test>b__1() in /app/osu.Game/Tests/Beatmaps/BeatmapConversionTest.cs:line 77
   at NUnit.Framework.Assert.Multiple(TestDelegate testDelegate)
   at osu.Game.Tests.Beatmaps.BeatmapConversionTest`2.Test(String name, Type[] mods) in /app/osu.Game/Tests/Beatmaps/BeatmapConversionTest.cs:line 50
   at osu.Game.Rulesets.Catch.Tests.CatchBeatmapConversionTest.Test(String name, Type[] mods) in /app/osu.Game.Rulesets.Catch.Tests/CatchBeatmapConversionTest.cs:line 58
   at InvokeStub_CatchBeatmapConversionTest.Test(Object, Span`1)

514)    at osu.Game.Tests.Beatmaps.BeatmapConversionTest`2.<>c__DisplayClass4_1.<Test>b__2() in /app/osu.Game/Tests/Beatmaps/BeatmapConversionTest.cs:line 98
   at NUnit.Framework.Assert.Multiple(TestDelegate testDelegate)
   at osu.Game.Tests.Beatmaps.BeatmapConversionTest`2.<>c__DisplayClass4_0.<Test>b__1() in /app/osu.Game/Tests/Beatmaps/BeatmapConversionTest.cs:line 77
   at NUnit.Framework.Assert.Multiple(TestDelegate testDelegate)
   at osu.Game.Tests.Beatmaps.BeatmapConversionTest`2.Test(String name, Type[] mods) in /app/osu.Game/Tests/Beatmaps/BeatmapConversionTest.cs:line 50
   at osu.Game.Rulesets.Catch.Tests.CatchBeatmapConversionTest.Test(String name, Type[] mods) in /app/osu.Game.Rulesets.Catch.Tests/CatchBeatmapConversionTest.cs:line 58
   at InvokeStub_CatchBeatmapConversionTest.Test(Object, Span`1)

515)    at osu.Game.Tests.Beatmaps.BeatmapConversionTest`2.<>c__DisplayClass4_1.<Test>b__2() in /app/osu.Game/Tests/Beatmaps/BeatmapConversionTest.cs:line 98
   at NUnit.Framework.Assert.Multiple(TestDelegate testDelegate)
   at osu.Game.Tests.Beatmaps.BeatmapConversionTest`2.<>c__DisplayClass4_0.<Test>b__1() in /app/osu.Game/Tests/Beatmaps/BeatmapConversionTest.cs:line 77
   at NUnit.Framework.Assert.Multiple(TestDelegate testDelegate)
   at osu.Game.Tests.Beatmaps.BeatmapConversionTest`2.Test(String name, Type[] mods) in /app/osu.Game/Tests/Beatmaps/BeatmapConversionTest.cs:line 50
   at osu.Game.Rulesets.Catch.Tests.CatchBeatmapConversionTest.Test(String name, Type[] mods) in /app/osu.Game.Rulesets.Catch.Tests/CatchBeatmapConversionTest.cs:line 58
   at InvokeStub_CatchBeatmapConversionTest.Test(Object, Span`1)

516)    at osu.Game.Tests.Beatmaps.BeatmapConversionTest`2.<>c__DisplayClass4_1.<Test>b__2() in /app/osu.Game/Tests/Beatmaps/BeatmapConversionTest.cs:line 98
   at NUnit.Framework.Assert.Multiple(TestDelegate testDelegate)
   at osu.Game.Tests.Beatmaps.BeatmapConversionTest`2.<>c__DisplayClass4_0.<Test>b__1() in /app/osu.Game/Tests/Beatmaps/BeatmapConversionTest.cs:line 77
   at NUnit.Framework.Assert.Multiple(TestDelegate testDelegate)
   at osu.Game.Tests.Beatmaps.BeatmapConversionTest`2.Test(String name, Type[] mods) in /app/osu.Game/Tests/Beatmaps/BeatmapConversionTest.cs:line 50
   at osu.Game.Rulesets.Catch.Tests.CatchBeatmapConversionTest.Test(String name, Type[] mods) in /app/osu.Game.Rulesets.Catch.Tests/CatchBeatmapConversionTest.cs:line 58
   at InvokeStub_CatchBeatmapConversionTest.Test(Object, Span`1)

517)    at osu.Game.Tests.Beatmaps.BeatmapConversionTest`2.<>c__DisplayClass4_1.<Test>b__2() in /app/osu.Game/Tests/Beatmaps/BeatmapConversionTest.cs:line 98
   at NUnit.Framework.Assert.Multiple(TestDelegate testDelegate)
   at osu.Game.Tests.Beatmaps.BeatmapConversionTest`2.<>c__DisplayClass4_0.<Test>b__1() in /app/osu.Game/Tests/Beatmaps/BeatmapConversionTest.cs:line 77
   at NUnit.Framework.Assert.Multiple(TestDelegate testDelegate)
   at osu.Game.Tests.Beatmaps.BeatmapConversionTest`2.Test(String name, Type[] mods) in /app/osu.Game/Tests/Beatmaps/BeatmapConversionTest.cs:line 50
   at osu.Game.Rulesets.Catch.Tests.CatchBeatmapConversionTest.Test(String name, Type[] mods) in /app/osu.Game.Rulesets.Catch.Tests/CatchBeatmapConversionTest.cs:line 58
   at InvokeStub_CatchBeatmapConversionTest.Test(Object, Span`1)

518)    at osu.Game.Tests.Beatmaps.BeatmapConversionTest`2.<>c__DisplayClass4_1.<Test>b__2() in /app/osu.Game/Tests/Beatmaps/BeatmapConversionTest.cs:line 98
   at NUnit.Framework.Assert.Multiple(TestDelegate testDelegate)
   at osu.Game.Tests.Beatmaps.BeatmapConversionTest`2.<>c__DisplayClass4_0.<Test>b__1() in /app/osu.Game/Tests/Beatmaps/BeatmapConversionTest.cs:line 77
   at NUnit.Framework.Assert.Multiple(TestDelegate testDelegate)
   at osu.Game.Tests.Beatmaps.BeatmapConversionTest`2.Test(String name, Type[] mods) in /app/osu.Game/Tests/Beatmaps/BeatmapConversionTest.cs:line 50
   at osu.Game.Rulesets.Catch.Tests.CatchBeatmapConversionTest.Test(String name, Type[] mods) in /app/osu.Game.Rulesets.Catch.Tests/CatchBeatmapConversionTest.cs:line 58
   at InvokeStub_CatchBeatmapConversionTest.Test(Object, Span`1)

519)    at osu.Game.Tests.Beatmaps.BeatmapConversionTest`2.<>c__DisplayClass4_1.<Test>b__2() in /app/osu.Game/Tests/Beatmaps/BeatmapConversionTest.cs:line 98
   at NUnit.Framework.Assert.Multiple(TestDelegate testDelegate)
   at osu.Game.Tests.Beatmaps.BeatmapConversionTest`2.<>c__DisplayClass4_0.<Test>b__1() in /app/osu.Game/Tests/Beatmaps/BeatmapConversionTest.cs:line 77
   at NUnit.Framework.Assert.Multiple(TestDelegate testDelegate)
   at osu.Game.Tests.Beatmaps.BeatmapConversionTest`2.Test(String name, Type[] mods) in /app/osu.Game/Tests/Beatmaps/BeatmapConversionTest.cs:line 50
   at osu.Game.Rulesets.Catch.Tests.CatchBeatmapConversionTest.Test(String name, Type[] mods) in /app/osu.Game.Rulesets.Catch.Tests/CatchBeatmapConversionTest.cs:line 58
   at InvokeStub_CatchBeatmapConversionTest.Test(Object, Span`1)

520)    at osu.Game.Tests.Beatmaps.BeatmapConversionTest`2.<>c__DisplayClass4_1.<Test>b__2() in /app/osu.Game/Tests/Beatmaps/BeatmapConversionTest.cs:line 98
   at NUnit.Framework.Assert.Multiple(TestDelegate testDelegate)
   at osu.Game.Tests.Beatmaps.BeatmapConversionTest`2.<>c__DisplayClass4_0.<Test>b__1() in /app/osu.Game/Tests/Beatmaps/BeatmapConversionTest.cs:line 77
   at NUnit.Framework.Assert.Multiple(TestDelegate testDelegate)
   at osu.Game.Tests.Beatmaps.BeatmapConversionTest`2.Test(String name, Type[] mods) in /app/osu.Game/Tests/Beatmaps/BeatmapConversionTest.cs:line 50
   at osu.Game.Rulesets.Catch.Tests.CatchBeatmapConversionTest.Test(String name, Type[] mods) in /app/osu.Game.Rulesets.Catch.Tests/CatchBeatmapConversionTest.cs:line 58
   at InvokeStub_CatchBeatmapConversionTest.Test(Object, Span`1)

521)    at osu.Game.Tests.Beatmaps.BeatmapConversionTest`2.<>c__DisplayClass4_1.<Test>b__2() in /app/osu.Game/Tests/Beatmaps/BeatmapConversionTest.cs:line 98
   at NUnit.Framework.Assert.Multiple(TestDelegate testDelegate)
   at osu.Game.Tests.Beatmaps.BeatmapConversionTest`2.<>c__DisplayClass4_0.<Test>b__1() in /app/osu.Game/Tests/Beatmaps/BeatmapConversionTest.cs:line 77
   at NUnit.Framework.Assert.Multiple(TestDelegate testDelegate)
   at osu.Game.Tests.Beatmaps.BeatmapConversionTest`2.Test(String name, Type[] mods) in /app/osu.Game/Tests/Beatmaps/BeatmapConversionTest.cs:line 50
   at osu.Game.Rulesets.Catch.Tests.CatchBeatmapConversionTest.Test(String name, Type[] mods) in /app/osu.Game.Rulesets.Catch.Tests/CatchBeatmapConversionTest.cs:line 58
   at InvokeStub_CatchBeatmapConversionTest.Test(Object, Span`1)

522)    at osu.Game.Tests.Beatmaps.BeatmapConversionTest`2.<>c__DisplayClass4_1.<Test>b__2() in /app/osu.Game/Tests/Beatmaps/BeatmapConversionTest.cs:line 98
   at NUnit.Framework.Assert.Multiple(TestDelegate testDelegate)
   at osu.Game.Tests.Beatmaps.BeatmapConversionTest`2.<>c__DisplayClass4_0.<Test>b__1() in /app/osu.Game/Tests/Beatmaps/BeatmapConversionTest.cs:line 77
   at NUnit.Framework.Assert.Multiple(TestDelegate testDelegate)
   at osu.Game.Tests.Beatmaps.BeatmapConversionTest`2.Test(String name, Type[] mods) in /app/osu.Game/Tests/Beatmaps/BeatmapConversionTest.cs:line 50
   at osu.Game.Rulesets.Catch.Tests.CatchBeatmapConversionTest.Test(String name, Type[] mods) in /app/osu.Game.Rulesets.Catch.Tests/CatchBeatmapConversionTest.cs:line 58
   at InvokeStub_CatchBeatmapConversionTest.Test(Object, Span`1)

523)    at osu.Game.Tests.Beatmaps.BeatmapConversionTest`2.<>c__DisplayClass4_1.<Test>b__2() in /app/osu.Game/Tests/Beatmaps/BeatmapConversionTest.cs:line 98
   at NUnit.Framework.Assert.Multiple(TestDelegate testDelegate)
   at osu.Game.Tests.Beatmaps.BeatmapConversionTest`2.<>c__DisplayClass4_0.<Test>b__1() in /app/osu.Game/Tests/Beatmaps/BeatmapConversionTest.cs:line 77
   at NUnit.Framework.Assert.Multiple(TestDelegate testDelegate)
   at osu.Game.Tests.Beatmaps.BeatmapConversionTest`2.Test(String name, Type[] mods) in /app/osu.Game/Tests/Beatmaps/BeatmapConversionTest.cs:line 50
   at osu.Game.Rulesets.Catch.Tests.CatchBeatmapConversionTest.Test(String name, Type[] mods) in /app/osu.Game.Rulesets.Catch.Tests/CatchBeatmapConversionTest.cs:line 58
   at InvokeStub_CatchBeatmapConversionTest.Test(Object, Span`1)

524)    at osu.Game.Tests.Beatmaps.BeatmapConversionTest`2.<>c__DisplayClass4_1.<Test>b__2() in /app/osu.Game/Tests/Beatmaps/BeatmapConversionTest.cs:line 98
   at NUnit.Framework.Assert.Multiple(TestDelegate testDelegate)
   at osu.Game.Tests.Beatmaps.BeatmapConversionTest`2.<>c__DisplayClass4_0.<Test>b__1() in /app/osu.Game/Tests/Beatmaps/BeatmapConversionTest.cs:line 77
   at NUnit.Framework.Assert.Multiple(TestDelegate testDelegate)
   at osu.Game.Tests.Beatmaps.BeatmapConversionTest`2.Test(String name, Type[] mods) in /app/osu.Game/Tests/Beatmaps/BeatmapConversionTest.cs:line 50
   at osu.Game.Rulesets.Catch.Tests.CatchBeatmapConversionTest.Test(String name, Type[] mods) in /app/osu.Game.Rulesets.Catch.Tests/CatchBeatmapConversionTest.cs:line 58
   at InvokeStub_CatchBeatmapConversionTest.Test(Object, Span`1)

525)    at osu.Game.Tests.Beatmaps.BeatmapConversionTest`2.<>c__DisplayClass4_1.<Test>b__2() in /app/osu.Game/Tests/Beatmaps/BeatmapConversionTest.cs:line 98
   at NUnit.Framework.Assert.Multiple(TestDelegate testDelegate)
   at osu.Game.Tests.Beatmaps.BeatmapConversionTest`2.<>c__DisplayClass4_0.<Test>b__1() in /app/osu.Game/Tests/Beatmaps/BeatmapConversionTest.cs:line 77
   at NUnit.Framework.Assert.Multiple(TestDelegate testDelegate)
   at osu.Game.Tests.Beatmaps.BeatmapConversionTest`2.Test(String name, Type[] mods) in /app/osu.Game/Tests/Beatmaps/BeatmapConversionTest.cs:line 50
   at osu.Game.Rulesets.Catch.Tests.CatchBeatmapConversionTest.Test(String name, Type[] mods) in /app/osu.Game.Rulesets.Catch.Tests/CatchBeatmapConversionTest.cs:line 58
   at InvokeStub_CatchBeatmapConversionTest.Test(Object, Span`1)

526)    at osu.Game.Tests.Beatmaps.BeatmapConversionTest`2.<>c__DisplayClass4_1.<Test>b__2() in /app/osu.Game/Tests/Beatmaps/BeatmapConversionTest.cs:line 98
   at NUnit.Framework.Assert.Multiple(TestDelegate testDelegate)
   at osu.Game.Tests.Beatmaps.BeatmapConversionTest`2.<>c__DisplayClass4_0.<Test>b__1() in /app/osu.Game/Tests/Beatmaps/BeatmapConversionTest.cs:line 77
   at NUnit.Framework.Assert.Multiple(TestDelegate testDelegate)
   at osu.Game.Tests.Beatmaps.BeatmapConversionTest`2.Test(String name, Type[] mods) in /app/osu.Game/Tests/Beatmaps/BeatmapConversionTest.cs:line 50
   at osu.Game.Rulesets.Catch.Tests.CatchBeatmapConversionTest.Test(String name, Type[] mods) in /app/osu.Game.Rulesets.Catch.Tests/CatchBeatmapConversionTest.cs:line 58
   at InvokeStub_CatchBeatmapConversionTest.Test(Object, Span`1)

527)    at osu.Game.Tests.Beatmaps.BeatmapConversionTest`2.<>c__DisplayClass4_1.<Test>b__2() in /app/osu.Game/Tests/Beatmaps/BeatmapConversionTest.cs:line 98
   at NUnit.Framework.Assert.Multiple(TestDelegate testDelegate)
   at osu.Game.Tests.Beatmaps.BeatmapConversionTest`2.<>c__DisplayClass4_0.<Test>b__1() in /app/osu.Game/Tests/Beatmaps/BeatmapConversionTest.cs:line 77
   at NUnit.Framework.Assert.Multiple(TestDelegate testDelegate)
   at osu.Game.Tests.Beatmaps.BeatmapConversionTest`2.Test(String name, Type[] mods) in /app/osu.Game/Tests/Beatmaps/BeatmapConversionTest.cs:line 50
   at osu.Game.Rulesets.Catch.Tests.CatchBeatmapConversionTest.Test(String name, Type[] mods) in /app/osu.Game.Rulesets.Catch.Tests/CatchBeatmapConversionTest.cs:line 58
   at InvokeStub_CatchBeatmapConversionTest.Test(Object, Span`1)

528)    at osu.Game.Tests.Beatmaps.BeatmapConversionTest`2.<>c__DisplayClass4_1.<Test>b__2() in /app/osu.Game/Tests/Beatmaps/BeatmapConversionTest.cs:line 98
   at NUnit.Framework.Assert.Multiple(TestDelegate testDelegate)
   at osu.Game.Tests.Beatmaps.BeatmapConversionTest`2.<>c__DisplayClass4_0.<Test>b__1() in /app/osu.Game/Tests/Beatmaps/BeatmapConversionTest.cs:line 77
   at NUnit.Framework.Assert.Multiple(TestDelegate testDelegate)
   at osu.Game.Tests.Beatmaps.BeatmapConversionTest`2.Test(String name, Type[] mods) in /app/osu.Game/Tests/Beatmaps/BeatmapConversionTest.cs:line 50
   at osu.Game.Rulesets.Catch.Tests.CatchBeatmapConversionTest.Test(String name, Type[] mods) in /app/osu.Game.Rulesets.Catch.Tests/CatchBeatmapConversionTest.cs:line 58
   at InvokeStub_CatchBeatmapConversionTest.Test(Object, Span`1)

529)    at osu.Game.Tests.Beatmaps.BeatmapConversionTest`2.<>c__DisplayClass4_1.<Test>b__2() in /app/osu.Game/Tests/Beatmaps/BeatmapConversionTest.cs:line 98
   at NUnit.Framework.Assert.Multiple(TestDelegate testDelegate)
   at osu.Game.Tests.Beatmaps.BeatmapConversionTest`2.<>c__DisplayClass4_0.<Test>b__1() in /app/osu.Game/Tests/Beatmaps/BeatmapConversionTest.cs:line 77
   at NUnit.Framework.Assert.Multiple(TestDelegate testDelegate)
   at osu.Game.Tests.Beatmaps.BeatmapConversionTest`2.Test(String name, Type[] mods) in /app/osu.Game/Tests/Beatmaps/BeatmapConversionTest.cs:line 50
   at osu.Game.Rulesets.Catch.Tests.CatchBeatmapConversionTest.Test(String name, Type[] mods) in /app/osu.Game.Rulesets.Catch.Tests/CatchBeatmapConversionTest.cs:line 58
   at InvokeStub_CatchBeatmapConversionTest.Test(Object, Span`1)

530)    at osu.Game.Tests.Beatmaps.BeatmapConversionTest`2.<>c__DisplayClass4_1.<Test>b__2() in /app/osu.Game/Tests/Beatmaps/BeatmapConversionTest.cs:line 98
   at NUnit.Framework.Assert.Multiple(TestDelegate testDelegate)
   at osu.Game.Tests.Beatmaps.BeatmapConversionTest`2.<>c__DisplayClass4_0.<Test>b__1() in /app/osu.Game/Tests/Beatmaps/BeatmapConversionTest.cs:line 77
   at NUnit.Framework.Assert.Multiple(TestDelegate testDelegate)
   at osu.Game.Tests.Beatmaps.BeatmapConversionTest`2.Test(String name, Type[] mods) in /app/osu.Game/Tests/Beatmaps/BeatmapConversionTest.cs:line 50
   at osu.Game.Rulesets.Catch.Tests.CatchBeatmapConversionTest.Test(String name, Type[] mods) in /app/osu.Game.Rulesets.Catch.Tests/CatchBeatmapConversionTest.cs:line 58
   at InvokeStub_CatchBeatmapConversionTest.Test(Object, Span`1)

531)    at osu.Game.Tests.Beatmaps.BeatmapConversionTest`2.<>c__DisplayClass4_1.<Test>b__2() in /app/osu.Game/Tests/Beatmaps/BeatmapConversionTest.cs:line 98
   at NUnit.Framework.Assert.Multiple(TestDelegate testDelegate)
   at osu.Game.Tests.Beatmaps.BeatmapConversionTest`2.<>c__DisplayClass4_0.<Test>b__1() in /app/osu.Game/Tests/Beatmaps/BeatmapConversionTest.cs:line 77
   at NUnit.Framework.Assert.Multiple(TestDelegate testDelegate)
   at osu.Game.Tests.Beatmaps.BeatmapConversionTest`2.Test(String name, Type[] mods) in /app/osu.Game/Tests/Beatmaps/BeatmapConversionTest.cs:line 50
   at osu.Game.Rulesets.Catch.Tests.CatchBeatmapConversionTest.Test(String name, Type[] mods) in /app/osu.Game.Rulesets.Catch.Tests/CatchBeatmapConversionTest.cs:line 58
   at InvokeStub_CatchBeatmapConversionTest.Test(Object, Span`1)

532)    at osu.Game.Tests.Beatmaps.BeatmapConversionTest`2.<>c__DisplayClass4_1.<Test>b__2() in /app/osu.Game/Tests/Beatmaps/BeatmapConversionTest.cs:line 98
   at NUnit.Framework.Assert.Multiple(TestDelegate testDelegate)
   at osu.Game.Tests.Beatmaps.BeatmapConversionTest`2.<>c__DisplayClass4_0.<Test>b__1() in /app/osu.Game/Tests/Beatmaps/BeatmapConversionTest.cs:line 77
   at NUnit.Framework.Assert.Multiple(TestDelegate testDelegate)
   at osu.Game.Tests.Beatmaps.BeatmapConversionTest`2.Test(String name, Type[] mods) in /app/osu.Game/Tests/Beatmaps/BeatmapConversionTest.cs:line 50
   at osu.Game.Rulesets.Catch.Tests.CatchBeatmapConversionTest.Test(String name, Type[] mods) in /app/osu.Game.Rulesets.Catch.Tests/CatchBeatmapConversionTest.cs:line 58
   at InvokeStub_CatchBeatmapConversionTest.Test(Object, Span`1)

533)    at osu.Game.Tests.Beatmaps.BeatmapConversionTest`2.<>c__DisplayClass4_1.<Test>b__2() in /app/osu.Game/Tests/Beatmaps/BeatmapConversionTest.cs:line 98
   at NUnit.Framework.Assert.Multiple(TestDelegate testDelegate)
   at osu.Game.Tests.Beatmaps.BeatmapConversionTest`2.<>c__DisplayClass4_0.<Test>b__1() in /app/osu.Game/Tests/Beatmaps/BeatmapConversionTest.cs:line 77
   at NUnit.Framework.Assert.Multiple(TestDelegate testDelegate)
   at osu.Game.Tests.Beatmaps.BeatmapConversionTest`2.Test(String name, Type[] mods) in /app/osu.Game/Tests/Beatmaps/BeatmapConversionTest.cs:line 50
   at osu.Game.Rulesets.Catch.Tests.CatchBeatmapConversionTest.Test(String name, Type[] mods) in /app/osu.Game.Rulesets.Catch.Tests/CatchBeatmapConversionTest.cs:line 58
   at InvokeStub_CatchBeatmapConversionTest.Test(Object, Span`1)

534)    at osu.Game.Tests.Beatmaps.BeatmapConversionTest`2.<>c__DisplayClass4_1.<Test>b__2() in /app/osu.Game/Tests/Beatmaps/BeatmapConversionTest.cs:line 98
   at NUnit.Framework.Assert.Multiple(TestDelegate testDelegate)
   at osu.Game.Tests.Beatmaps.BeatmapConversionTest`2.<>c__DisplayClass4_0.<Test>b__1() in /app/osu.Game/Tests/Beatmaps/BeatmapConversionTest.cs:line 77
   at NUnit.Framework.Assert.Multiple(TestDelegate testDelegate)
   at osu.Game.Tests.Beatmaps.BeatmapConversionTest`2.Test(String name, Type[] mods) in /app/osu.Game/Tests/Beatmaps/BeatmapConversionTest.cs:line 50
   at osu.Game.Rulesets.Catch.Tests.CatchBeatmapConversionTest.Test(String name, Type[] mods) in /app/osu.Game.Rulesets.Catch.Tests/CatchBeatmapConversionTest.cs:line 58
   at InvokeStub_CatchBeatmapConversionTest.Test(Object, Span`1)

535)    at osu.Game.Tests.Beatmaps.BeatmapConversionTest`2.<>c__DisplayClass4_1.<Test>b__2() in /app/osu.Game/Tests/Beatmaps/BeatmapConversionTest.cs:line 98
   at NUnit.Framework.Assert.Multiple(TestDelegate testDelegate)
   at osu.Game.Tests.Beatmaps.BeatmapConversionTest`2.<>c__DisplayClass4_0.<Test>b__1() in /app/osu.Game/Tests/Beatmaps/BeatmapConversionTest.cs:line 77
   at NUnit.Framework.Assert.Multiple(TestDelegate testDelegate)
   at osu.Game.Tests.Beatmaps.BeatmapConversionTest`2.Test(String name, Type[] mods) in /app/osu.Game/Tests/Beatmaps/BeatmapConversionTest.cs:line 50
   at osu.Game.Rulesets.Catch.Tests.CatchBeatmapConversionTest.Test(String name, Type[] mods) in /app/osu.Game.Rulesets.Catch.Tests/CatchBeatmapConversionTest.cs:line 58
   at InvokeStub_CatchBeatmapConversionTest.Test(Object, Span`1)

536)    at osu.Game.Tests.Beatmaps.BeatmapConversionTest`2.<>c__DisplayClass4_1.<Test>b__2() in /app/osu.Game/Tests/Beatmaps/BeatmapConversionTest.cs:line 98
   at NUnit.Framework.Assert.Multiple(TestDelegate testDelegate)
   at osu.Game.Tests.Beatmaps.BeatmapConversionTest`2.<>c__DisplayClass4_0.<Test>b__1() in /app/osu.Game/Tests/Beatmaps/BeatmapConversionTest.cs:line 77
   at NUnit.Framework.Assert.Multiple(TestDelegate testDelegate)
   at osu.Game.Tests.Beatmaps.BeatmapConversionTest`2.Test(String name, Type[] mods) in /app/osu.Game/Tests/Beatmaps/BeatmapConversionTest.cs:line 50
   at osu.Game.Rulesets.Catch.Tests.CatchBeatmapConversionTest.Test(String name, Type[] mods) in /app/osu.Game.Rulesets.Catch.Tests/CatchBeatmapConversionTest.cs:line 58
   at InvokeStub_CatchBeatmapConversionTest.Test(Object, Span`1)

537)    at osu.Game.Tests.Beatmaps.BeatmapConversionTest`2.<>c__DisplayClass4_1.<Test>b__2() in /app/osu.Game/Tests/Beatmaps/BeatmapConversionTest.cs:line 98
   at NUnit.Framework.Assert.Multiple(TestDelegate testDelegate)
   at osu.Game.Tests.Beatmaps.BeatmapConversionTest`2.<>c__DisplayClass4_0.<Test>b__1() in /app/osu.Game/Tests/Beatmaps/BeatmapConversionTest.cs:line 77
   at NUnit.Framework.Assert.Multiple(TestDelegate testDelegate)
   at osu.Game.Tests.Beatmaps.BeatmapConversionTest`2.Test(String name, Type[] mods) in /app/osu.Game/Tests/Beatmaps/BeatmapConversionTest.cs:line 50
   at osu.Game.Rulesets.Catch.Tests.CatchBeatmapConversionTest.Test(String name, Type[] mods) in /app/osu.Game.Rulesets.Catch.Tests/CatchBeatmapConversionTest.cs:line 58
   at InvokeStub_CatchBeatmapConversionTest.Test(Object, Span`1)

538)    at osu.Game.Tests.Beatmaps.BeatmapConversionTest`2.<>c__DisplayClass4_1.<Test>b__2() in /app/osu.Game/Tests/Beatmaps/BeatmapConversionTest.cs:line 98
   at NUnit.Framework.Assert.Multiple(TestDelegate testDelegate)
   at osu.Game.Tests.Beatmaps.BeatmapConversionTest`2.<>c__DisplayClass4_0.<Test>b__1() in /app/osu.Game/Tests/Beatmaps/BeatmapConversionTest.cs:line 77
   at NUnit.Framework.Assert.Multiple(TestDelegate testDelegate)
   at osu.Game.Tests.Beatmaps.BeatmapConversionTest`2.Test(String name, Type[] mods) in /app/osu.Game/Tests/Beatmaps/BeatmapConversionTest.cs:line 50
   at osu.Game.Rulesets.Catch.Tests.CatchBeatmapConversionTest.Test(String name, Type[] mods) in /app/osu.Game.Rulesets.Catch.Tests/CatchBeatmapConversionTest.cs:line 58
   at InvokeStub_CatchBeatmapConversionTest.Test(Object, Span`1)

539)    at osu.Game.Tests.Beatmaps.BeatmapConversionTest`2.<>c__DisplayClass4_1.<Test>b__2() in /app/osu.Game/Tests/Beatmaps/BeatmapConversionTest.cs:line 98
   at NUnit.Framework.Assert.Multiple(TestDelegate testDelegate)
   at osu.Game.Tests.Beatmaps.BeatmapConversionTest`2.<>c__DisplayClass4_0.<Test>b__1() in /app/osu.Game/Tests/Beatmaps/BeatmapConversionTest.cs:line 77
   at NUnit.Framework.Assert.Multiple(TestDelegate testDelegate)
   at osu.Game.Tests.Beatmaps.BeatmapConversionTest`2.Test(String name, Type[] mods) in /app/osu.Game/Tests/Beatmaps/BeatmapConversionTest.cs:line 50
   at osu.Game.Rulesets.Catch.Tests.CatchBeatmapConversionTest.Test(String name, Type[] mods) in /app/osu.Game.Rulesets.Catch.Tests/CatchBeatmapConversionTest.cs:line 58
   at InvokeStub_CatchBeatmapConversionTest.Test(Object, Span`1)

540)    at osu.Game.Tests.Beatmaps.BeatmapConversionTest`2.<>c__DisplayClass4_1.<Test>b__2() in /app/osu.Game/Tests/Beatmaps/BeatmapConversionTest.cs:line 98
   at NUnit.Framework.Assert.Multiple(TestDelegate testDelegate)
   at osu.Game.Tests.Beatmaps.BeatmapConversionTest`2.<>c__DisplayClass4_0.<Test>b__1() in /app/osu.Game/Tests/Beatmaps/BeatmapConversionTest.cs:line 77
   at NUnit.Framework.Assert.Multiple(TestDelegate testDelegate)
   at osu.Game.Tests.Beatmaps.BeatmapConversionTest`2.Test(String name, Type[] mods) in /app/osu.Game/Tests/Beatmaps/BeatmapConversionTest.cs:line 50
   at osu.Game.Rulesets.Catch.Tests.CatchBeatmapConversionTest.Test(String name, Type[] mods) in /app/osu.Game.Rulesets.Catch.Tests/CatchBeatmapConversionTest.cs:line 58
   at InvokeStub_CatchBeatmapConversionTest.Test(Object, Span`1)

541)    at osu.Game.Tests.Beatmaps.BeatmapConversionTest`2.<>c__DisplayClass4_1.<Test>b__2() in /app/osu.Game/Tests/Beatmaps/BeatmapConversionTest.cs:line 98
   at NUnit.Framework.Assert.Multiple(TestDelegate testDelegate)
   at osu.Game.Tests.Beatmaps.BeatmapConversionTest`2.<>c__DisplayClass4_0.<Test>b__1() in /app/osu.Game/Tests/Beatmaps/BeatmapConversionTest.cs:line 77
   at NUnit.Framework.Assert.Multiple(TestDelegate testDelegate)
   at osu.Game.Tests.Beatmaps.BeatmapConversionTest`2.Test(String name, Type[] mods) in /app/osu.Game/Tests/Beatmaps/BeatmapConversionTest.cs:line 50
   at osu.Game.Rulesets.Catch.Tests.CatchBeatmapConversionTest.Test(String name, Type[] mods) in /app/osu.Game.Rulesets.Catch.Tests/CatchBeatmapConversionTest.cs:line 58
   at InvokeStub_CatchBeatmapConversionTest.Test(Object, Span`1)

542)    at osu.Game.Tests.Beatmaps.BeatmapConversionTest`2.<>c__DisplayClass4_1.<Test>b__2() in /app/osu.Game/Tests/Beatmaps/BeatmapConversionTest.cs:line 98
   at NUnit.Framework.Assert.Multiple(TestDelegate testDelegate)
   at osu.Game.Tests.Beatmaps.BeatmapConversionTest`2.<>c__DisplayClass4_0.<Test>b__1() in /app/osu.Game/Tests/Beatmaps/BeatmapConversionTest.cs:line 77
   at NUnit.Framework.Assert.Multiple(TestDelegate testDelegate)
   at osu.Game.Tests.Beatmaps.BeatmapConversionTest`2.Test(String name, Type[] mods) in /app/osu.Game/Tests/Beatmaps/BeatmapConversionTest.cs:line 50
   at osu.Game.Rulesets.Catch.Tests.CatchBeatmapConversionTest.Test(String name, Type[] mods) in /app/osu.Game.Rulesets.Catch.Tests/CatchBeatmapConversionTest.cs:line 58
   at InvokeStub_CatchBeatmapConversionTest.Test(Object, Span`1)

543)    at osu.Game.Tests.Beatmaps.BeatmapConversionTest`2.<>c__DisplayClass4_1.<Test>b__2() in /app/osu.Game/Tests/Beatmaps/BeatmapConversionTest.cs:line 98
   at NUnit.Framework.Assert.Multiple(TestDelegate testDelegate)
   at osu.Game.Tests.Beatmaps.BeatmapConversionTest`2.<>c__DisplayClass4_0.<Test>b__1() in /app/osu.Game/Tests/Beatmaps/BeatmapConversionTest.cs:line 77
   at NUnit.Framework.Assert.Multiple(TestDelegate testDelegate)
   at osu.Game.Tests.Beatmaps.BeatmapConversionTest`2.Test(String name, Type[] mods) in /app/osu.Game/Tests/Beatmaps/BeatmapConversionTest.cs:line 50
   at osu.Game.Rulesets.Catch.Tests.CatchBeatmapConversionTest.Test(String name, Type[] mods) in /app/osu.Game.Rulesets.Catch.Tests/CatchBeatmapConversionTest.cs:line 58
   at InvokeStub_CatchBeatmapConversionTest.Test(Object, Span`1)

544)    at osu.Game.Tests.Beatmaps.BeatmapConversionTest`2.<>c__DisplayClass4_1.<Test>b__2() in /app/osu.Game/Tests/Beatmaps/BeatmapConversionTest.cs:line 98
   at NUnit.Framework.Assert.Multiple(TestDelegate testDelegate)
   at osu.Game.Tests.Beatmaps.BeatmapConversionTest`2.<>c__DisplayClass4_0.<Test>b__1() in /app/osu.Game/Tests/Beatmaps/BeatmapConversionTest.cs:line 77
   at NUnit.Framework.Assert.Multiple(TestDelegate testDelegate)
   at osu.Game.Tests.Beatmaps.BeatmapConversionTest`2.Test(String name, Type[] mods) in /app/osu.Game/Tests/Beatmaps/BeatmapConversionTest.cs:line 50
   at osu.Game.Rulesets.Catch.Tests.CatchBeatmapConversionTest.Test(String name, Type[] mods) in /app/osu.Game.Rulesets.Catch.Tests/CatchBeatmapConversionTest.cs:line 58
   at InvokeStub_CatchBeatmapConversionTest.Test(Object, Span`1)

545)    at osu.Game.Tests.Beatmaps.BeatmapConversionTest`2.<>c__DisplayClass4_1.<Test>b__2() in /app/osu.Game/Tests/Beatmaps/BeatmapConversionTest.cs:line 98
   at NUnit.Framework.Assert.Multiple(TestDelegate testDelegate)
   at osu.Game.Tests.Beatmaps.BeatmapConversionTest`2.<>c__DisplayClass4_0.<Test>b__1() in /app/osu.Game/Tests/Beatmaps/BeatmapConversionTest.cs:line 77
   at NUnit.Framework.Assert.Multiple(TestDelegate testDelegate)
   at osu.Game.Tests.Beatmaps.BeatmapConversionTest`2.Test(String name, Type[] mods) in /app/osu.Game/Tests/Beatmaps/BeatmapConversionTest.cs:line 50
   at osu.Game.Rulesets.Catch.Tests.CatchBeatmapConversionTest.Test(String name, Type[] mods) in /app/osu.Game.Rulesets.Catch.Tests/CatchBeatmapConversionTest.cs:line 58
   at InvokeStub_CatchBeatmapConversionTest.Test(Object, Span`1)

546)    at osu.Game.Tests.Beatmaps.BeatmapConversionTest`2.<>c__DisplayClass4_1.<Test>b__2() in /app/osu.Game/Tests/Beatmaps/BeatmapConversionTest.cs:line 98
   at NUnit.Framework.Assert.Multiple(TestDelegate testDelegate)
   at osu.Game.Tests.Beatmaps.BeatmapConversionTest`2.<>c__DisplayClass4_0.<Test>b__1() in /app/osu.Game/Tests/Beatmaps/BeatmapConversionTest.cs:line 77
   at NUnit.Framework.Assert.Multiple(TestDelegate testDelegate)
   at osu.Game.Tests.Beatmaps.BeatmapConversionTest`2.Test(String name, Type[] mods) in /app/osu.Game/Tests/Beatmaps/BeatmapConversionTest.cs:line 50
   at osu.Game.Rulesets.Catch.Tests.CatchBeatmapConversionTest.Test(String name, Type[] mods) in /app/osu.Game.Rulesets.Catch.Tests/CatchBeatmapConversionTest.cs:line 58
   at InvokeStub_CatchBeatmapConversionTest.Test(Object, Span`1)

547)    at osu.Game.Tests.Beatmaps.BeatmapConversionTest`2.<>c__DisplayClass4_1.<Test>b__2() in /app/osu.Game/Tests/Beatmaps/BeatmapConversionTest.cs:line 98
   at NUnit.Framework.Assert.Multiple(TestDelegate testDelegate)
   at osu.Game.Tests.Beatmaps.BeatmapConversionTest`2.<>c__DisplayClass4_0.<Test>b__1() in /app/osu.Game/Tests/Beatmaps/BeatmapConversionTest.cs:line 77
   at NUnit.Framework.Assert.Multiple(TestDelegate testDelegate)
   at osu.Game.Tests.Beatmaps.BeatmapConversionTest`2.Test(String name, Type[] mods) in /app/osu.Game/Tests/Beatmaps/BeatmapConversionTest.cs:line 50
   at osu.Game.Rulesets.Catch.Tests.CatchBeatmapConversionTest.Test(String name, Type[] mods) in /app/osu.Game.Rulesets.Catch.Tests/CatchBeatmapConversionTest.cs:line 58
   at InvokeStub_CatchBeatmapConversionTest.Test(Object, Span`1)

548)    at osu.Game.Tests.Beatmaps.BeatmapConversionTest`2.<>c__DisplayClass4_1.<Test>b__2() in /app/osu.Game/Tests/Beatmaps/BeatmapConversionTest.cs:line 98
   at NUnit.Framework.Assert.Multiple(TestDelegate testDelegate)
   at osu.Game.Tests.Beatmaps.BeatmapConversionTest`2.<>c__DisplayClass4_0.<Test>b__1() in /app/osu.Game/Tests/Beatmaps/BeatmapConversionTest.cs:line 77
   at NUnit.Framework.Assert.Multiple(TestDelegate testDelegate)
   at osu.Game.Tests.Beatmaps.BeatmapConversionTest`2.Test(String name, Type[] mods) in /app/osu.Game/Tests/Beatmaps/BeatmapConversionTest.cs:line 50
   at osu.Game.Rulesets.Catch.Tests.CatchBeatmapConversionTest.Test(String name, Type[] mods) in /app/osu.Game.Rulesets.Catch.Tests/CatchBeatmapConversionTest.cs:line 58
   at InvokeStub_CatchBeatmapConversionTest.Test(Object, Span`1)

549)    at osu.Game.Tests.Beatmaps.BeatmapConversionTest`2.<>c__DisplayClass4_1.<Test>b__2() in /app/osu.Game/Tests/Beatmaps/BeatmapConversionTest.cs:line 98
   at NUnit.Framework.Assert.Multiple(TestDelegate testDelegate)
   at osu.Game.Tests.Beatmaps.BeatmapConversionTest`2.<>c__DisplayClass4_0.<Test>b__1() in /app/osu.Game/Tests/Beatmaps/BeatmapConversionTest.cs:line 77
   at NUnit.Framework.Assert.Multiple(TestDelegate testDelegate)
   at osu.Game.Tests.Beatmaps.BeatmapConversionTest`2.Test(String name, Type[] mods) in /app/osu.Game/Tests/Beatmaps/BeatmapConversionTest.cs:line 50
   at osu.Game.Rulesets.Catch.Tests.CatchBeatmapConversionTest.Test(String name, Type[] mods) in /app/osu.Game.Rulesets.Catch.Tests/CatchBeatmapConversionTest.cs:line 58
   at InvokeStub_CatchBeatmapConversionTest.Test(Object, Span`1)

550)    at osu.Game.Tests.Beatmaps.BeatmapConversionTest`2.<>c__DisplayClass4_1.<Test>b__2() in /app/osu.Game/Tests/Beatmaps/BeatmapConversionTest.cs:line 98
   at NUnit.Framework.Assert.Multiple(TestDelegate testDelegate)
   at osu.Game.Tests.Beatmaps.BeatmapConversionTest`2.<>c__DisplayClass4_0.<Test>b__1() in /app/osu.Game/Tests/Beatmaps/BeatmapConversionTest.cs:line 77
   at NUnit.Framework.Assert.Multiple(TestDelegate testDelegate)
   at osu.Game.Tests.Beatmaps.BeatmapConversionTest`2.Test(String name, Type[] mods) in /app/osu.Game/Tests/Beatmaps/BeatmapConversionTest.cs:line 50
   at osu.Game.Rulesets.Catch.Tests.CatchBeatmapConversionTest.Test(String name, Type[] mods) in /app/osu.Game.Rulesets.Catch.Tests/CatchBeatmapConversionTest.cs:line 58
   at InvokeStub_CatchBeatmapConversionTest.Test(Object, Span`1)

551)    at osu.Game.Tests.Beatmaps.BeatmapConversionTest`2.<>c__DisplayClass4_1.<Test>b__2() in /app/osu.Game/Tests/Beatmaps/BeatmapConversionTest.cs:line 98
   at NUnit.Framework.Assert.Multiple(TestDelegate testDelegate)
   at osu.Game.Tests.Beatmaps.BeatmapConversionTest`2.<>c__DisplayClass4_0.<Test>b__1() in /app/osu.Game/Tests/Beatmaps/BeatmapConversionTest.cs:line 77
   at NUnit.Framework.Assert.Multiple(TestDelegate testDelegate)
   at osu.Game.Tests.Beatmaps.BeatmapConversionTest`2.Test(String name, Type[] mods) in /app/osu.Game/Tests/Beatmaps/BeatmapConversionTest.cs:line 50
   at osu.Game.Rulesets.Catch.Tests.CatchBeatmapConversionTest.Test(String name, Type[] mods) in /app/osu.Game.Rulesets.Catch.Tests/CatchBeatmapConversionTest.cs:line 58
   at InvokeStub_CatchBeatmapConversionTest.Test(Object, Span`1)

552)    at osu.Game.Tests.Beatmaps.BeatmapConversionTest`2.<>c__DisplayClass4_1.<Test>b__2() in /app/osu.Game/Tests/Beatmaps/BeatmapConversionTest.cs:line 98
   at NUnit.Framework.Assert.Multiple(TestDelegate testDelegate)
   at osu.Game.Tests.Beatmaps.BeatmapConversionTest`2.<>c__DisplayClass4_0.<Test>b__1() in /app/osu.Game/Tests/Beatmaps/BeatmapConversionTest.cs:line 77
   at NUnit.Framework.Assert.Multiple(TestDelegate testDelegate)
   at osu.Game.Tests.Beatmaps.BeatmapConversionTest`2.Test(String name, Type[] mods) in /app/osu.Game/Tests/Beatmaps/BeatmapConversionTest.cs:line 50
   at osu.Game.Rulesets.Catch.Tests.CatchBeatmapConversionTest.Test(String name, Type[] mods) in /app/osu.Game.Rulesets.Catch.Tests/CatchBeatmapConversionTest.cs:line 58
   at InvokeStub_CatchBeatmapConversionTest.Test(Object, Span`1)

553)    at osu.Game.Tests.Beatmaps.BeatmapConversionTest`2.<>c__DisplayClass4_1.<Test>b__2() in /app/osu.Game/Tests/Beatmaps/BeatmapConversionTest.cs:line 98
   at NUnit.Framework.Assert.Multiple(TestDelegate testDelegate)
   at osu.Game.Tests.Beatmaps.BeatmapConversionTest`2.<>c__DisplayClass4_0.<Test>b__1() in /app/osu.Game/Tests/Beatmaps/BeatmapConversionTest.cs:line 77
   at NUnit.Framework.Assert.Multiple(TestDelegate testDelegate)
   at osu.Game.Tests.Beatmaps.BeatmapConversionTest`2.Test(String name, Type[] mods) in /app/osu.Game/Tests/Beatmaps/BeatmapConversionTest.cs:line 50
   at osu.Game.Rulesets.Catch.Tests.CatchBeatmapConversionTest.Test(String name, Type[] mods) in /app/osu.Game.Rulesets.Catch.Tests/CatchBeatmapConversionTest.cs:line 58
   at InvokeStub_CatchBeatmapConversionTest.Test(Object, Span`1)

554)    at osu.Game.Tests.Beatmaps.BeatmapConversionTest`2.<>c__DisplayClass4_1.<Test>b__2() in /app/osu.Game/Tests/Beatmaps/BeatmapConversionTest.cs:line 98
   at NUnit.Framework.Assert.Multiple(TestDelegate testDelegate)
   at osu.Game.Tests.Beatmaps.BeatmapConversionTest`2.<>c__DisplayClass4_0.<Test>b__1() in /app/osu.Game/Tests/Beatmaps/BeatmapConversionTest.cs:line 77
   at NUnit.Framework.Assert.Multiple(TestDelegate testDelegate)
   at osu.Game.Tests.Beatmaps.BeatmapConversionTest`2.Test(String name, Type[] mods) in /app/osu.Game/Tests/Beatmaps/BeatmapConversionTest.cs:line 50
   at osu.Game.Rulesets.Catch.Tests.CatchBeatmapConversionTest.Test(String name, Type[] mods) in /app/osu.Game.Rulesets.Catch.Tests/CatchBeatmapConversionTest.cs:line 58
   at InvokeStub_CatchBeatmapConversionTest.Test(Object, Span`1)

555)    at osu.Game.Tests.Beatmaps.BeatmapConversionTest`2.<>c__DisplayClass4_1.<Test>b__2() in /app/osu.Game/Tests/Beatmaps/BeatmapConversionTest.cs:line 98
   at NUnit.Framework.Assert.Multiple(TestDelegate testDelegate)
   at osu.Game.Tests.Beatmaps.BeatmapConversionTest`2.<>c__DisplayClass4_0.<Test>b__1() in /app/osu.Game/Tests/Beatmaps/BeatmapConversionTest.cs:line 77
   at NUnit.Framework.Assert.Multiple(TestDelegate testDelegate)
   at osu.Game.Tests.Beatmaps.BeatmapConversionTest`2.Test(String name, Type[] mods) in /app/osu.Game/Tests/Beatmaps/BeatmapConversionTest.cs:line 50
   at osu.Game.Rulesets.Catch.Tests.CatchBeatmapConversionTest.Test(String name, Type[] mods) in /app/osu.Game.Rulesets.Catch.Tests/CatchBeatmapConversionTest.cs:line 58
   at InvokeStub_CatchBeatmapConversionTest.Test(Object, Span`1)

556)    at osu.Game.Tests.Beatmaps.BeatmapConversionTest`2.<>c__DisplayClass4_1.<Test>b__2() in /app/osu.Game/Tests/Beatmaps/BeatmapConversionTest.cs:line 98
   at NUnit.Framework.Assert.Multiple(TestDelegate testDelegate)
   at osu.Game.Tests.Beatmaps.BeatmapConversionTest`2.<>c__DisplayClass4_0.<Test>b__1() in /app/osu.Game/Tests/Beatmaps/BeatmapConversionTest.cs:line 77
   at NUnit.Framework.Assert.Multiple(TestDelegate testDelegate)
   at osu.Game.Tests.Beatmaps.BeatmapConversionTest`2.Test(String name, Type[] mods) in /app/osu.Game/Tests/Beatmaps/BeatmapConversionTest.cs:line 50
   at osu.Game.Rulesets.Catch.Tests.CatchBeatmapConversionTest.Test(String name, Type[] mods) in /app/osu.Game.Rulesets.Catch.Tests/CatchBeatmapConversionTest.cs:line 58
   at InvokeStub_CatchBeatmapConversionTest.Test(Object, Span`1)

557)    at osu.Game.Tests.Beatmaps.BeatmapConversionTest`2.<>c__DisplayClass4_1.<Test>b__2() in /app/osu.Game/Tests/Beatmaps/BeatmapConversionTest.cs:line 98
   at NUnit.Framework.Assert.Multiple(TestDelegate testDelegate)
   at osu.Game.Tests.Beatmaps.BeatmapConversionTest`2.<>c__DisplayClass4_0.<Test>b__1() in /app/osu.Game/Tests/Beatmaps/BeatmapConversionTest.cs:line 77
   at NUnit.Framework.Assert.Multiple(TestDelegate testDelegate)
   at osu.Game.Tests.Beatmaps.BeatmapConversionTest`2.Test(String name, Type[] mods) in /app/osu.Game/Tests/Beatmaps/BeatmapConversionTest.cs:line 50
   at osu.Game.Rulesets.Catch.Tests.CatchBeatmapConversionTest.Test(String name, Type[] mods) in /app/osu.Game.Rulesets.Catch.Tests/CatchBeatmapConversionTest.cs:line 58
   at InvokeStub_CatchBeatmapConversionTest.Test(Object, Span`1)

558)    at osu.Game.Tests.Beatmaps.BeatmapConversionTest`2.<>c__DisplayClass4_1.<Test>b__2() in /app/osu.Game/Tests/Beatmaps/BeatmapConversionTest.cs:line 98
   at NUnit.Framework.Assert.Multiple(TestDelegate testDelegate)
   at osu.Game.Tests.Beatmaps.BeatmapConversionTest`2.<>c__DisplayClass4_0.<Test>b__1() in /app/osu.Game/Tests/Beatmaps/BeatmapConversionTest.cs:line 77
   at NUnit.Framework.Assert.Multiple(TestDelegate testDelegate)
   at osu.Game.Tests.Beatmaps.BeatmapConversionTest`2.Test(String name, Type[] mods) in /app/osu.Game/Tests/Beatmaps/BeatmapConversionTest.cs:line 50
   at osu.Game.Rulesets.Catch.Tests.CatchBeatmapConversionTest.Test(String name, Type[] mods) in /app/osu.Game.Rulesets.Catch.Tests/CatchBeatmapConversionTest.cs:line 58
   at InvokeStub_CatchBeatmapConversionTest.Test(Object, Span`1)

559)    at osu.Game.Tests.Beatmaps.BeatmapConversionTest`2.<>c__DisplayClass4_1.<Test>b__2() in /app/osu.Game/Tests/Beatmaps/BeatmapConversionTest.cs:line 98
   at NUnit.Framework.Assert.Multiple(TestDelegate testDelegate)
   at osu.Game.Tests.Beatmaps.BeatmapConversionTest`2.<>c__DisplayClass4_0.<Test>b__1() in /app/osu.Game/Tests/Beatmaps/BeatmapConversionTest.cs:line 77
   at NUnit.Framework.Assert.Multiple(TestDelegate testDelegate)
   at osu.Game.Tests.Beatmaps.BeatmapConversionTest`2.Test(String name, Type[] mods) in /app/osu.Game/Tests/Beatmaps/BeatmapConversionTest.cs:line 50
   at osu.Game.Rulesets.Catch.Tests.CatchBeatmapConversionTest.Test(String name, Type[] mods) in /app/osu.Game.Rulesets.Catch.Tests/CatchBeatmapConversionTest.cs:line 58
   at InvokeStub_CatchBeatmapConversionTest.Test(Object, Span`1)

560)    at osu.Game.Tests.Beatmaps.BeatmapConversionTest`2.<>c__DisplayClass4_1.<Test>b__2() in /app/osu.Game/Tests/Beatmaps/BeatmapConversionTest.cs:line 98
   at NUnit.Framework.Assert.Multiple(TestDelegate testDelegate)
   at osu.Game.Tests.Beatmaps.BeatmapConversionTest`2.<>c__DisplayClass4_0.<Test>b__1() in /app/osu.Game/Tests/Beatmaps/BeatmapConversionTest.cs:line 77
   at NUnit.Framework.Assert.Multiple(TestDelegate testDelegate)
   at osu.Game.Tests.Beatmaps.BeatmapConversionTest`2.Test(String name, Type[] mods) in /app/osu.Game/Tests/Beatmaps/BeatmapConversionTest.cs:line 50
   at osu.Game.Rulesets.Catch.Tests.CatchBeatmapConversionTest.Test(String name, Type[] mods) in /app/osu.Game.Rulesets.Catch.Tests/CatchBeatmapConversionTest.cs:line 58
   at InvokeStub_CatchBeatmapConversionTest.Test(Object, Span`1)

561)    at osu.Game.Tests.Beatmaps.BeatmapConversionTest`2.<>c__DisplayClass4_1.<Test>b__2() in /app/osu.Game/Tests/Beatmaps/BeatmapConversionTest.cs:line 98
   at NUnit.Framework.Assert.Multiple(TestDelegate testDelegate)
   at osu.Game.Tests.Beatmaps.BeatmapConversionTest`2.<>c__DisplayClass4_0.<Test>b__1() in /app/osu.Game/Tests/Beatmaps/BeatmapConversionTest.cs:line 77
   at NUnit.Framework.Assert.Multiple(TestDelegate testDelegate)
   at osu.Game.Tests.Beatmaps.BeatmapConversionTest`2.Test(String name, Type[] mods) in /app/osu.Game/Tests/Beatmaps/BeatmapConversionTest.cs:line 50
   at osu.Game.Rulesets.Catch.Tests.CatchBeatmapConversionTest.Test(String name, Type[] mods) in /app/osu.Game.Rulesets.Catch.Tests/CatchBeatmapConversionTest.cs:line 58
   at InvokeStub_CatchBeatmapConversionTest.Test(Object, Span`1)

562)    at osu.Game.Tests.Beatmaps.BeatmapConversionTest`2.<>c__DisplayClass4_1.<Test>b__2() in /app/osu.Game/Tests/Beatmaps/BeatmapConversionTest.cs:line 98
   at NUnit.Framework.Assert.Multiple(TestDelegate testDelegate)
   at osu.Game.Tests.Beatmaps.BeatmapConversionTest`2.<>c__DisplayClass4_0.<Test>b__1() in /app/osu.Game/Tests/Beatmaps/BeatmapConversionTest.cs:line 77
   at NUnit.Framework.Assert.Multiple(TestDelegate testDelegate)
   at osu.Game.Tests.Beatmaps.BeatmapConversionTest`2.Test(String name, Type[] mods) in /app/osu.Game/Tests/Beatmaps/BeatmapConversionTest.cs:line 50
   at osu.Game.Rulesets.Catch.Tests.CatchBeatmapConversionTest.Test(String name, Type[] mods) in /app/osu.Game.Rulesets.Catch.Tests/CatchBeatmapConversionTest.cs:line 58
   at InvokeStub_CatchBeatmapConversionTest.Test(Object, Span`1)

563)    at osu.Game.Tests.Beatmaps.BeatmapConversionTest`2.<>c__DisplayClass4_1.<Test>b__2() in /app/osu.Game/Tests/Beatmaps/BeatmapConversionTest.cs:line 98
   at NUnit.Framework.Assert.Multiple(TestDelegate testDelegate)
   at osu.Game.Tests.Beatmaps.BeatmapConversionTest`2.<>c__DisplayClass4_0.<Test>b__1() in /app/osu.Game/Tests/Beatmaps/BeatmapConversionTest.cs:line 77
   at NUnit.Framework.Assert.Multiple(TestDelegate testDelegate)
   at osu.Game.Tests.Beatmaps.BeatmapConversionTest`2.Test(String name, Type[] mods) in /app/osu.Game/Tests/Beatmaps/BeatmapConversionTest.cs:line 50
   at osu.Game.Rulesets.Catch.Tests.CatchBeatmapConversionTest.Test(String name, Type[] mods) in /app/osu.Game.Rulesets.Catch.Tests/CatchBeatmapConversionTest.cs:line 58
   at InvokeStub_CatchBeatmapConversionTest.Test(Object, Span`1)

564)    at osu.Game.Tests.Beatmaps.BeatmapConversionTest`2.<>c__DisplayClass4_1.<Test>b__2() in /app/osu.Game/Tests/Beatmaps/BeatmapConversionTest.cs:line 98
   at NUnit.Framework.Assert.Multiple(TestDelegate testDelegate)
   at osu.Game.Tests.Beatmaps.BeatmapConversionTest`2.<>c__DisplayClass4_0.<Test>b__1() in /app/osu.Game/Tests/Beatmaps/BeatmapConversionTest.cs:line 77
   at NUnit.Framework.Assert.Multiple(TestDelegate testDelegate)
   at osu.Game.Tests.Beatmaps.BeatmapConversionTest`2.Test(String name, Type[] mods) in /app/osu.Game/Tests/Beatmaps/BeatmapConversionTest.cs:line 50
   at osu.Game.Rulesets.Catch.Tests.CatchBeatmapConversionTest.Test(String name, Type[] mods) in /app/osu.Game.Rulesets.Catch.Tests/CatchBeatmapConversionTest.cs:line 58
   at InvokeStub_CatchBeatmapConversionTest.Test(Object, Span`1)

565)    at osu.Game.Tests.Beatmaps.BeatmapConversionTest`2.<>c__DisplayClass4_1.<Test>b__2() in /app/osu.Game/Tests/Beatmaps/BeatmapConversionTest.cs:line 98
   at NUnit.Framework.Assert.Multiple(TestDelegate testDelegate)
   at osu.Game.Tests.Beatmaps.BeatmapConversionTest`2.<>c__DisplayClass4_0.<Test>b__1() in /app/osu.Game/Tests/Beatmaps/BeatmapConversionTest.cs:line 77
   at NUnit.Framework.Assert.Multiple(TestDelegate testDelegate)
   at osu.Game.Tests.Beatmaps.BeatmapConversionTest`2.Test(String name, Type[] mods) in /app/osu.Game/Tests/Beatmaps/BeatmapConversionTest.cs:line 50
   at osu.Game.Rulesets.Catch.Tests.CatchBeatmapConversionTest.Test(String name, Type[] mods) in /app/osu.Game.Rulesets.Catch.Tests/CatchBeatmapConversionTest.cs:line 58
   at InvokeStub_CatchBeatmapConversionTest.Test(Object, Span`1)

566)    at osu.Game.Tests.Beatmaps.BeatmapConversionTest`2.<>c__DisplayClass4_1.<Test>b__2() in /app/osu.Game/Tests/Beatmaps/BeatmapConversionTest.cs:line 98
   at NUnit.Framework.Assert.Multiple(TestDelegate testDelegate)
   at osu.Game.Tests.Beatmaps.BeatmapConversionTest`2.<>c__DisplayClass4_0.<Test>b__1() in /app/osu.Game/Tests/Beatmaps/BeatmapConversionTest.cs:line 77
   at NUnit.Framework.Assert.Multiple(TestDelegate testDelegate)
   at osu.Game.Tests.Beatmaps.BeatmapConversionTest`2.Test(String name, Type[] mods) in /app/osu.Game/Tests/Beatmaps/BeatmapConversionTest.cs:line 50
   at osu.Game.Rulesets.Catch.Tests.CatchBeatmapConversionTest.Test(String name, Type[] mods) in /app/osu.Game.Rulesets.Catch.Tests/CatchBeatmapConversionTest.cs:line 58
   at InvokeStub_CatchBeatmapConversionTest.Test(Object, Span`1)

567)    at osu.Game.Tests.Beatmaps.BeatmapConversionTest`2.<>c__DisplayClass4_1.<Test>b__2() in /app/osu.Game/Tests/Beatmaps/BeatmapConversionTest.cs:line 98
   at NUnit.Framework.Assert.Multiple(TestDelegate testDelegate)
   at osu.Game.Tests.Beatmaps.BeatmapConversionTest`2.<>c__DisplayClass4_0.<Test>b__1() in /app/osu.Game/Tests/Beatmaps/BeatmapConversionTest.cs:line 77
   at NUnit.Framework.Assert.Multiple(TestDelegate testDelegate)
   at osu.Game.Tests.Beatmaps.BeatmapConversionTest`2.Test(String name, Type[] mods) in /app/osu.Game/Tests/Beatmaps/BeatmapConversionTest.cs:line 50
   at osu.Game.Rulesets.Catch.Tests.CatchBeatmapConversionTest.Test(String name, Type[] mods) in /app/osu.Game.Rulesets.Catch.Tests/CatchBeatmapConversionTest.cs:line 58
   at InvokeStub_CatchBeatmapConversionTest.Test(Object, Span`1)

568)    at osu.Game.Tests.Beatmaps.BeatmapConversionTest`2.<>c__DisplayClass4_1.<Test>b__2() in /app/osu.Game/Tests/Beatmaps/BeatmapConversionTest.cs:line 98
   at NUnit.Framework.Assert.Multiple(TestDelegate testDelegate)
   at osu.Game.Tests.Beatmaps.BeatmapConversionTest`2.<>c__DisplayClass4_0.<Test>b__1() in /app/osu.Game/Tests/Beatmaps/BeatmapConversionTest.cs:line 77
   at NUnit.Framework.Assert.Multiple(TestDelegate testDelegate)
   at osu.Game.Tests.Beatmaps.BeatmapConversionTest`2.Test(String name, Type[] mods) in /app/osu.Game/Tests/Beatmaps/BeatmapConversionTest.cs:line 50
   at osu.Game.Rulesets.Catch.Tests.CatchBeatmapConversionTest.Test(String name, Type[] mods) in /app/osu.Game.Rulesets.Catch.Tests/CatchBeatmapConversionTest.cs:line 58
   at InvokeStub_CatchBeatmapConversionTest.Test(Object, Span`1)

569)    at osu.Game.Tests.Beatmaps.BeatmapConversionTest`2.<>c__DisplayClass4_1.<Test>b__2() in /app/osu.Game/Tests/Beatmaps/BeatmapConversionTest.cs:line 98
   at NUnit.Framework.Assert.Multiple(TestDelegate testDelegate)
   at osu.Game.Tests.Beatmaps.BeatmapConversionTest`2.<>c__DisplayClass4_0.<Test>b__1() in /app/osu.Game/Tests/Beatmaps/BeatmapConversionTest.cs:line 77
   at NUnit.Framework.Assert.Multiple(TestDelegate testDelegate)
   at osu.Game.Tests.Beatmaps.BeatmapConversionTest`2.Test(String name, Type[] mods) in /app/osu.Game/Tests/Beatmaps/BeatmapConversionTest.cs:line 50
   at osu.Game.Rulesets.Catch.Tests.CatchBeatmapConversionTest.Test(String name, Type[] mods) in /app/osu.Game.Rulesets.Catch.Tests/CatchBeatmapConversionTest.cs:line 58
   at InvokeStub_CatchBeatmapConversionTest.Test(Object, Span`1)

570)    at osu.Game.Tests.Beatmaps.BeatmapConversionTest`2.<>c__DisplayClass4_1.<Test>b__2() in /app/osu.Game/Tests/Beatmaps/BeatmapConversionTest.cs:line 98
   at NUnit.Framework.Assert.Multiple(TestDelegate testDelegate)
   at osu.Game.Tests.Beatmaps.BeatmapConversionTest`2.<>c__DisplayClass4_0.<Test>b__1() in /app/osu.Game/Tests/Beatmaps/BeatmapConversionTest.cs:line 77
   at NUnit.Framework.Assert.Multiple(TestDelegate testDelegate)
   at osu.Game.Tests.Beatmaps.BeatmapConversionTest`2.Test(String name, Type[] mods) in /app/osu.Game/Tests/Beatmaps/BeatmapConversionTest.cs:line 50
   at osu.Game.Rulesets.Catch.Tests.CatchBeatmapConversionTest.Test(String name, Type[] mods) in /app/osu.Game.Rulesets.Catch.Tests/CatchBeatmapConversionTest.cs:line 58
   at InvokeStub_CatchBeatmapConversionTest.Test(Object, Span`1)

571)    at osu.Game.Tests.Beatmaps.BeatmapConversionTest`2.<>c__DisplayClass4_1.<Test>b__2() in /app/osu.Game/Tests/Beatmaps/BeatmapConversionTest.cs:line 98
   at NUnit.Framework.Assert.Multiple(TestDelegate testDelegate)
   at osu.Game.Tests.Beatmaps.BeatmapConversionTest`2.<>c__DisplayClass4_0.<Test>b__1() in /app/osu.Game/Tests/Beatmaps/BeatmapConversionTest.cs:line 77
   at NUnit.Framework.Assert.Multiple(TestDelegate testDelegate)
   at osu.Game.Tests.Beatmaps.BeatmapConversionTest`2.Test(String name, Type[] mods) in /app/osu.Game/Tests/Beatmaps/BeatmapConversionTest.cs:line 50
   at osu.Game.Rulesets.Catch.Tests.CatchBeatmapConversionTest.Test(String name, Type[] mods) in /app/osu.Game.Rulesets.Catch.Tests/CatchBeatmapConversionTest.cs:line 58
   at InvokeStub_CatchBeatmapConversionTest.Test(Object, Span`1)

572)    at osu.Game.Tests.Beatmaps.BeatmapConversionTest`2.<>c__DisplayClass4_1.<Test>b__2() in /app/osu.Game/Tests/Beatmaps/BeatmapConversionTest.cs:line 98
   at NUnit.Framework.Assert.Multiple(TestDelegate testDelegate)
   at osu.Game.Tests.Beatmaps.BeatmapConversionTest`2.<>c__DisplayClass4_0.<Test>b__1() in /app/osu.Game/Tests/Beatmaps/BeatmapConversionTest.cs:line 77
   at NUnit.Framework.Assert.Multiple(TestDelegate testDelegate)
   at osu.Game.Tests.Beatmaps.BeatmapConversionTest`2.Test(String name, Type[] mods) in /app/osu.Game/Tests/Beatmaps/BeatmapConversionTest.cs:line 50
   at osu.Game.Rulesets.Catch.Tests.CatchBeatmapConversionTest.Test(String name, Type[] mods) in /app/osu.Game.Rulesets.Catch.Tests/CatchBeatmapConversionTest.cs:line 58
   at InvokeStub_CatchBeatmapConversionTest.Test(Object, Span`1)

573)    at osu.Game.Tests.Beatmaps.BeatmapConversionTest`2.<>c__DisplayClass4_1.<Test>b__2() in /app/osu.Game/Tests/Beatmaps/BeatmapConversionTest.cs:line 98
   at NUnit.Framework.Assert.Multiple(TestDelegate testDelegate)
   at osu.Game.Tests.Beatmaps.BeatmapConversionTest`2.<>c__DisplayClass4_0.<Test>b__1() in /app/osu.Game/Tests/Beatmaps/BeatmapConversionTest.cs:line 77
   at NUnit.Framework.Assert.Multiple(TestDelegate testDelegate)
   at osu.Game.Tests.Beatmaps.BeatmapConversionTest`2.Test(String name, Type[] mods) in /app/osu.Game/Tests/Beatmaps/BeatmapConversionTest.cs:line 50
   at osu.Game.Rulesets.Catch.Tests.CatchBeatmapConversionTest.Test(String name, Type[] mods) in /app/osu.Game.Rulesets.Catch.Tests/CatchBeatmapConversionTest.cs:line 58
   at InvokeStub_CatchBeatmapConversionTest.Test(Object, Span`1)

574)    at osu.Game.Tests.Beatmaps.BeatmapConversionTest`2.<>c__DisplayClass4_1.<Test>b__2() in /app/osu.Game/Tests/Beatmaps/BeatmapConversionTest.cs:line 98
   at NUnit.Framework.Assert.Multiple(TestDelegate testDelegate)
   at osu.Game.Tests.Beatmaps.BeatmapConversionTest`2.<>c__DisplayClass4_0.<Test>b__1() in /app/osu.Game/Tests/Beatmaps/BeatmapConversionTest.cs:line 77
   at NUnit.Framework.Assert.Multiple(TestDelegate testDelegate)
   at osu.Game.Tests.Beatmaps.BeatmapConversionTest`2.Test(String name, Type[] mods) in /app/osu.Game/Tests/Beatmaps/BeatmapConversionTest.cs:line 50
   at osu.Game.Rulesets.Catch.Tests.CatchBeatmapConversionTest.Test(String name, Type[] mods) in /app/osu.Game.Rulesets.Catch.Tests/CatchBeatmapConversionTest.cs:line 58
   at InvokeStub_CatchBeatmapConversionTest.Test(Object, Span`1)

575)    at osu.Game.Tests.Beatmaps.BeatmapConversionTest`2.<>c__DisplayClass4_1.<Test>b__2() in /app/osu.Game/Tests/Beatmaps/BeatmapConversionTest.cs:line 98
   at NUnit.Framework.Assert.Multiple(TestDelegate testDelegate)
   at osu.Game.Tests.Beatmaps.BeatmapConversionTest`2.<>c__DisplayClass4_0.<Test>b__1() in /app/osu.Game/Tests/Beatmaps/BeatmapConversionTest.cs:line 77
   at NUnit.Framework.Assert.Multiple(TestDelegate testDelegate)
   at osu.Game.Tests.Beatmaps.BeatmapConversionTest`2.Test(String name, Type[] mods) in /app/osu.Game/Tests/Beatmaps/BeatmapConversionTest.cs:line 50
   at osu.Game.Rulesets.Catch.Tests.CatchBeatmapConversionTest.Test(String name, Type[] mods) in /app/osu.Game.Rulesets.Catch.Tests/CatchBeatmapConversionTest.cs:line 58
   at InvokeStub_CatchBeatmapConversionTest.Test(Object, Span`1)

576)    at osu.Game.Tests.Beatmaps.BeatmapConversionTest`2.<>c__DisplayClass4_1.<Test>b__2() in /app/osu.Game/Tests/Beatmaps/BeatmapConversionTest.cs:line 98
   at NUnit.Framework.Assert.Multiple(TestDelegate testDelegate)
   at osu.Game.Tests.Beatmaps.BeatmapConversionTest`2.<>c__DisplayClass4_0.<Test>b__1() in /app/osu.Game/Tests/Beatmaps/BeatmapConversionTest.cs:line 77
   at NUnit.Framework.Assert.Multiple(TestDelegate testDelegate)
   at osu.Game.Tests.Beatmaps.BeatmapConversionTest`2.Test(String name, Type[] mods) in /app/osu.Game/Tests/Beatmaps/BeatmapConversionTest.cs:line 50
   at osu.Game.Rulesets.Catch.Tests.CatchBeatmapConversionTest.Test(String name, Type[] mods) in /app/osu.Game.Rulesets.Catch.Tests/CatchBeatmapConversionTest.cs:line 58
   at InvokeStub_CatchBeatmapConversionTest.Test(Object, Span`1)

577)    at osu.Game.Tests.Beatmaps.BeatmapConversionTest`2.<>c__DisplayClass4_1.<Test>b__2() in /app/osu.Game/Tests/Beatmaps/BeatmapConversionTest.cs:line 98
   at NUnit.Framework.Assert.Multiple(TestDelegate testDelegate)
   at osu.Game.Tests.Beatmaps.BeatmapConversionTest`2.<>c__DisplayClass4_0.<Test>b__1() in /app/osu.Game/Tests/Beatmaps/BeatmapConversionTest.cs:line 77
   at NUnit.Framework.Assert.Multiple(TestDelegate testDelegate)
   at osu.Game.Tests.Beatmaps.BeatmapConversionTest`2.Test(String name, Type[] mods) in /app/osu.Game/Tests/Beatmaps/BeatmapConversionTest.cs:line 50
   at osu.Game.Rulesets.Catch.Tests.CatchBeatmapConversionTest.Test(String name, Type[] mods) in /app/osu.Game.Rulesets.Catch.Tests/CatchBeatmapConversionTest.cs:line 58
   at InvokeStub_CatchBeatmapConversionTest.Test(Object, Span`1)

578)    at osu.Game.Tests.Beatmaps.BeatmapConversionTest`2.<>c__DisplayClass4_1.<Test>b__2() in /app/osu.Game/Tests/Beatmaps/BeatmapConversionTest.cs:line 98
   at NUnit.Framework.Assert.Multiple(TestDelegate testDelegate)
   at osu.Game.Tests.Beatmaps.BeatmapConversionTest`2.<>c__DisplayClass4_0.<Test>b__1() in /app/osu.Game/Tests/Beatmaps/BeatmapConversionTest.cs:line 77
   at NUnit.Framework.Assert.Multiple(TestDelegate testDelegate)
   at osu.Game.Tests.Beatmaps.BeatmapConversionTest`2.Test(String name, Type[] mods) in /app/osu.Game/Tests/Beatmaps/BeatmapConversionTest.cs:line 50
   at osu.Game.Rulesets.Catch.Tests.CatchBeatmapConversionTest.Test(String name, Type[] mods) in /app/osu.Game.Rulesets.Catch.Tests/CatchBeatmapConversionTest.cs:line 58
   at InvokeStub_CatchBeatmapConversionTest.Test(Object, Span`1)

579)    at osu.Game.Tests.Beatmaps.BeatmapConversionTest`2.<>c__DisplayClass4_1.<Test>b__2() in /app/osu.Game/Tests/Beatmaps/BeatmapConversionTest.cs:line 98
   at NUnit.Framework.Assert.Multiple(TestDelegate testDelegate)
   at osu.Game.Tests.Beatmaps.BeatmapConversionTest`2.<>c__DisplayClass4_0.<Test>b__1() in /app/osu.Game/Tests/Beatmaps/BeatmapConversionTest.cs:line 77
   at NUnit.Framework.Assert.Multiple(TestDelegate testDelegate)
   at osu.Game.Tests.Beatmaps.BeatmapConversionTest`2.Test(String name, Type[] mods) in /app/osu.Game/Tests/Beatmaps/BeatmapConversionTest.cs:line 50
   at osu.Game.Rulesets.Catch.Tests.CatchBeatmapConversionTest.Test(String name, Type[] mods) in /app/osu.Game.Rulesets.Catch.Tests/CatchBeatmapConversionTest.cs:line 58
   at InvokeStub_CatchBeatmapConversionTest.Test(Object, Span`1)

580)    at osu.Game.Tests.Beatmaps.BeatmapConversionTest`2.<>c__DisplayClass4_1.<Test>b__2() in /app/osu.Game/Tests/Beatmaps/BeatmapConversionTest.cs:line 98
   at NUnit.Framework.Assert.Multiple(TestDelegate testDelegate)
   at osu.Game.Tests.Beatmaps.BeatmapConversionTest`2.<>c__DisplayClass4_0.<Test>b__1() in /app/osu.Game/Tests/Beatmaps/BeatmapConversionTest.cs:line 77
   at NUnit.Framework.Assert.Multiple(TestDelegate testDelegate)
   at osu.Game.Tests.Beatmaps.BeatmapConversionTest`2.Test(String name, Type[] mods) in /app/osu.Game/Tests/Beatmaps/BeatmapConversionTest.cs:line 50
   at osu.Game.Rulesets.Catch.Tests.CatchBeatmapConversionTest.Test(String name, Type[] mods) in /app/osu.Game.Rulesets.Catch.Tests/CatchBeatmapConversionTest.cs:line 58
   at InvokeStub_CatchBeatmapConversionTest.Test(Object, Span`1)

581)    at osu.Game.Tests.Beatmaps.BeatmapConversionTest`2.<>c__DisplayClass4_1.<Test>b__2() in /app/osu.Game/Tests/Beatmaps/BeatmapConversionTest.cs:line 98
   at NUnit.Framework.Assert.Multiple(TestDelegate testDelegate)
   at osu.Game.Tests.Beatmaps.BeatmapConversionTest`2.<>c__DisplayClass4_0.<Test>b__1() in /app/osu.Game/Tests/Beatmaps/BeatmapConversionTest.cs:line 77
   at NUnit.Framework.Assert.Multiple(TestDelegate testDelegate)
   at osu.Game.Tests.Beatmaps.BeatmapConversionTest`2.Test(String name, Type[] mods) in /app/osu.Game/Tests/Beatmaps/BeatmapConversionTest.cs:line 50
   at osu.Game.Rulesets.Catch.Tests.CatchBeatmapConversionTest.Test(String name, Type[] mods) in /app/osu.Game.Rulesets.Catch.Tests/CatchBeatmapConversionTest.cs:line 58
   at InvokeStub_CatchBeatmapConversionTest.Test(Object, Span`1)

582)    at osu.Game.Tests.Beatmaps.BeatmapConversionTest`2.<>c__DisplayClass4_1.<Test>b__2() in /app/osu.Game/Tests/Beatmaps/BeatmapConversionTest.cs:line 98
   at NUnit.Framework.Assert.Multiple(TestDelegate testDelegate)
   at osu.Game.Tests.Beatmaps.BeatmapConversionTest`2.<>c__DisplayClass4_0.<Test>b__1() in /app/osu.Game/Tests/Beatmaps/BeatmapConversionTest.cs:line 77
   at NUnit.Framework.Assert.Multiple(TestDelegate testDelegate)
   at osu.Game.Tests.Beatmaps.BeatmapConversionTest`2.Test(String name, Type[] mods) in /app/osu.Game/Tests/Beatmaps/BeatmapConversionTest.cs:line 50
   at osu.Game.Rulesets.Catch.Tests.CatchBeatmapConversionTest.Test(String name, Type[] mods) in /app/osu.Game.Rulesets.Catch.Tests/CatchBeatmapConversionTest.cs:line 58
   at InvokeStub_CatchBeatmapConversionTest.Test(Object, Span`1)

583)    at osu.Game.Tests.Beatmaps.BeatmapConversionTest`2.<>c__DisplayClass4_1.<Test>b__2() in /app/osu.Game/Tests/Beatmaps/BeatmapConversionTest.cs:line 98
   at NUnit.Framework.Assert.Multiple(TestDelegate testDelegate)
   at osu.Game.Tests.Beatmaps.BeatmapConversionTest`2.<>c__DisplayClass4_0.<Test>b__1() in /app/osu.Game/Tests/Beatmaps/BeatmapConversionTest.cs:line 77
   at NUnit.Framework.Assert.Multiple(TestDelegate testDelegate)
   at osu.Game.Tests.Beatmaps.BeatmapConversionTest`2.Test(String name, Type[] mods) in /app/osu.Game/Tests/Beatmaps/BeatmapConversionTest.cs:line 50
   at osu.Game.Rulesets.Catch.Tests.CatchBeatmapConversionTest.Test(String name, Type[] mods) in /app/osu.Game.Rulesets.Catch.Tests/CatchBeatmapConversionTest.cs:line 58
   at InvokeStub_CatchBeatmapConversionTest.Test(Object, Span`1)

584)    at osu.Game.Tests.Beatmaps.BeatmapConversionTest`2.<>c__DisplayClass4_1.<Test>b__2() in /app/osu.Game/Tests/Beatmaps/BeatmapConversionTest.cs:line 98
   at NUnit.Framework.Assert.Multiple(TestDelegate testDelegate)
   at osu.Game.Tests.Beatmaps.BeatmapConversionTest`2.<>c__DisplayClass4_0.<Test>b__1() in /app/osu.Game/Tests/Beatmaps/BeatmapConversionTest.cs:line 77
   at NUnit.Framework.Assert.Multiple(TestDelegate testDelegate)
   at osu.Game.Tests.Beatmaps.BeatmapConversionTest`2.Test(String name, Type[] mods) in /app/osu.Game/Tests/Beatmaps/BeatmapConversionTest.cs:line 50
   at osu.Game.Rulesets.Catch.Tests.CatchBeatmapConversionTest.Test(String name, Type[] mods) in /app/osu.Game.Rulesets.Catch.Tests/CatchBeatmapConversionTest.cs:line 58
   at InvokeStub_CatchBeatmapConversionTest.Test(Object, Span`1)

585)    at osu.Game.Tests.Beatmaps.BeatmapConversionTest`2.<>c__DisplayClass4_1.<Test>b__2() in /app/osu.Game/Tests/Beatmaps/BeatmapConversionTest.cs:line 98
   at NUnit.Framework.Assert.Multiple(TestDelegate testDelegate)
   at osu.Game.Tests.Beatmaps.BeatmapConversionTest`2.<>c__DisplayClass4_0.<Test>b__1() in /app/osu.Game/Tests/Beatmaps/BeatmapConversionTest.cs:line 77
   at NUnit.Framework.Assert.Multiple(TestDelegate testDelegate)
   at osu.Game.Tests.Beatmaps.BeatmapConversionTest`2.Test(String name, Type[] mods) in /app/osu.Game/Tests/Beatmaps/BeatmapConversionTest.cs:line 50
   at osu.Game.Rulesets.Catch.Tests.CatchBeatmapConversionTest.Test(String name, Type[] mods) in /app/osu.Game.Rulesets.Catch.Tests/CatchBeatmapConversionTest.cs:line 58
   at InvokeStub_CatchBeatmapConversionTest.Test(Object, Span`1)

586)    at osu.Game.Tests.Beatmaps.BeatmapConversionTest`2.<>c__DisplayClass4_1.<Test>b__2() in /app/osu.Game/Tests/Beatmaps/BeatmapConversionTest.cs:line 98
   at NUnit.Framework.Assert.Multiple(TestDelegate testDelegate)
   at osu.Game.Tests.Beatmaps.BeatmapConversionTest`2.<>c__DisplayClass4_0.<Test>b__1() in /app/osu.Game/Tests/Beatmaps/BeatmapConversionTest.cs:line 77
   at NUnit.Framework.Assert.Multiple(TestDelegate testDelegate)
   at osu.Game.Tests.Beatmaps.BeatmapConversionTest`2.Test(String name, Type[] mods) in /app/osu.Game/Tests/Beatmaps/BeatmapConversionTest.cs:line 50
   at osu.Game.Rulesets.Catch.Tests.CatchBeatmapConversionTest.Test(String name, Type[] mods) in /app/osu.Game.Rulesets.Catch.Tests/CatchBeatmapConversionTest.cs:line 58
   at InvokeStub_CatchBeatmapConversionTest.Test(Object, Span`1)

587)    at osu.Game.Tests.Beatmaps.BeatmapConversionTest`2.<>c__DisplayClass4_1.<Test>b__2() in /app/osu.Game/Tests/Beatmaps/BeatmapConversionTest.cs:line 98
   at NUnit.Framework.Assert.Multiple(TestDelegate testDelegate)
   at osu.Game.Tests.Beatmaps.BeatmapConversionTest`2.<>c__DisplayClass4_0.<Test>b__1() in /app/osu.Game/Tests/Beatmaps/BeatmapConversionTest.cs:line 77
   at NUnit.Framework.Assert.Multiple(TestDelegate testDelegate)
   at osu.Game.Tests.Beatmaps.BeatmapConversionTest`2.Test(String name, Type[] mods) in /app/osu.Game/Tests/Beatmaps/BeatmapConversionTest.cs:line 50
   at osu.Game.Rulesets.Catch.Tests.CatchBeatmapConversionTest.Test(String name, Type[] mods) in /app/osu.Game.Rulesets.Catch.Tests/CatchBeatmapConversionTest.cs:line 58
   at InvokeStub_CatchBeatmapConversionTest.Test(Object, Span`1)

588)    at osu.Game.Tests.Beatmaps.BeatmapConversionTest`2.<>c__DisplayClass4_1.<Test>b__2() in /app/osu.Game/Tests/Beatmaps/BeatmapConversionTest.cs:line 98
   at NUnit.Framework.Assert.Multiple(TestDelegate testDelegate)
   at osu.Game.Tests.Beatmaps.BeatmapConversionTest`2.<>c__DisplayClass4_0.<Test>b__1() in /app/osu.Game/Tests/Beatmaps/BeatmapConversionTest.cs:line 77
   at NUnit.Framework.Assert.Multiple(TestDelegate testDelegate)
   at osu.Game.Tests.Beatmaps.BeatmapConversionTest`2.Test(String name, Type[] mods) in /app/osu.Game/Tests/Beatmaps/BeatmapConversionTest.cs:line 50
   at osu.Game.Rulesets.Catch.Tests.CatchBeatmapConversionTest.Test(String name, Type[] mods) in /app/osu.Game.Rulesets.Catch.Tests/CatchBeatmapConversionTest.cs:line 58
   at InvokeStub_CatchBeatmapConversionTest.Test(Object, Span`1)

589)    at osu.Game.Tests.Beatmaps.BeatmapConversionTest`2.<>c__DisplayClass4_1.<Test>b__2() in /app/osu.Game/Tests/Beatmaps/BeatmapConversionTest.cs:line 98
   at NUnit.Framework.Assert.Multiple(TestDelegate testDelegate)
   at osu.Game.Tests.Beatmaps.BeatmapConversionTest`2.<>c__DisplayClass4_0.<Test>b__1() in /app/osu.Game/Tests/Beatmaps/BeatmapConversionTest.cs:line 77
   at NUnit.Framework.Assert.Multiple(TestDelegate testDelegate)
   at osu.Game.Tests.Beatmaps.BeatmapConversionTest`2.Test(String name, Type[] mods) in /app/osu.Game/Tests/Beatmaps/BeatmapConversionTest.cs:line 50
   at osu.Game.Rulesets.Catch.Tests.CatchBeatmapConversionTest.Test(String name, Type[] mods) in /app/osu.Game.Rulesets.Catch.Tests/CatchBeatmapConversionTest.cs:line 58
   at InvokeStub_CatchBeatmapConversionTest.Test(Object, Span`1)

590)    at osu.Game.Tests.Beatmaps.BeatmapConversionTest`2.<>c__DisplayClass4_1.<Test>b__2() in /app/osu.Game/Tests/Beatmaps/BeatmapConversionTest.cs:line 98
   at NUnit.Framework.Assert.Multiple(TestDelegate testDelegate)
   at osu.Game.Tests.Beatmaps.BeatmapConversionTest`2.<>c__DisplayClass4_0.<Test>b__1() in /app/osu.Game/Tests/Beatmaps/BeatmapConversionTest.cs:line 77
   at NUnit.Framework.Assert.Multiple(TestDelegate testDelegate)
   at osu.Game.Tests.Beatmaps.BeatmapConversionTest`2.Test(String name, Type[] mods) in /app/osu.Game/Tests/Beatmaps/BeatmapConversionTest.cs:line 50
   at osu.Game.Rulesets.Catch.Tests.CatchBeatmapConversionTest.Test(String name, Type[] mods) in /app/osu.Game.Rulesets.Catch.Tests/CatchBeatmapConversionTest.cs:line 58
   at InvokeStub_CatchBeatmapConversionTest.Test(Object, Span`1)

591)    at osu.Game.Tests.Beatmaps.BeatmapConversionTest`2.<>c__DisplayClass4_1.<Test>b__2() in /app/osu.Game/Tests/Beatmaps/BeatmapConversionTest.cs:line 98
   at NUnit.Framework.Assert.Multiple(TestDelegate testDelegate)
   at osu.Game.Tests.Beatmaps.BeatmapConversionTest`2.<>c__DisplayClass4_0.<Test>b__1() in /app/osu.Game/Tests/Beatmaps/BeatmapConversionTest.cs:line 77
   at NUnit.Framework.Assert.Multiple(TestDelegate testDelegate)
   at osu.Game.Tests.Beatmaps.BeatmapConversionTest`2.Test(String name, Type[] mods) in /app/osu.Game/Tests/Beatmaps/BeatmapConversionTest.cs:line 50
   at osu.Game.Rulesets.Catch.Tests.CatchBeatmapConversionTest.Test(String name, Type[] mods) in /app/osu.Game.Rulesets.Catch.Tests/CatchBeatmapConversionTest.cs:line 58
   at InvokeStub_CatchBeatmapConversionTest.Test(Object, Span`1)

592)    at osu.Game.Tests.Beatmaps.BeatmapConversionTest`2.<>c__DisplayClass4_1.<Test>b__2() in /app/osu.Game/Tests/Beatmaps/BeatmapConversionTest.cs:line 98
   at NUnit.Framework.Assert.Multiple(TestDelegate testDelegate)
   at osu.Game.Tests.Beatmaps.BeatmapConversionTest`2.<>c__DisplayClass4_0.<Test>b__1() in /app/osu.Game/Tests/Beatmaps/BeatmapConversionTest.cs:line 77
   at NUnit.Framework.Assert.Multiple(TestDelegate testDelegate)
   at osu.Game.Tests.Beatmaps.BeatmapConversionTest`2.Test(String name, Type[] mods) in /app/osu.Game/Tests/Beatmaps/BeatmapConversionTest.cs:line 50
   at osu.Game.Rulesets.Catch.Tests.CatchBeatmapConversionTest.Test(String name, Type[] mods) in /app/osu.Game.Rulesets.Catch.Tests/CatchBeatmapConversionTest.cs:line 58
   at InvokeStub_CatchBeatmapConversionTest.Test(Object, Span`1)

593)    at osu.Game.Tests.Beatmaps.BeatmapConversionTest`2.<>c__DisplayClass4_1.<Test>b__2() in /app/osu.Game/Tests/Beatmaps/BeatmapConversionTest.cs:line 98
   at NUnit.Framework.Assert.Multiple(TestDelegate testDelegate)
   at osu.Game.Tests.Beatmaps.BeatmapConversionTest`2.<>c__DisplayClass4_0.<Test>b__1() in /app/osu.Game/Tests/Beatmaps/BeatmapConversionTest.cs:line 77
   at NUnit.Framework.Assert.Multiple(TestDelegate testDelegate)
   at osu.Game.Tests.Beatmaps.BeatmapConversionTest`2.Test(String name, Type[] mods) in /app/osu.Game/Tests/Beatmaps/BeatmapConversionTest.cs:line 50
   at osu.Game.Rulesets.Catch.Tests.CatchBeatmapConversionTest.Test(String name, Type[] mods) in /app/osu.Game.Rulesets.Catch.Tests/CatchBeatmapConversionTest.cs:line 58
   at InvokeStub_CatchBeatmapConversionTest.Test(Object, Span`1)

594)    at osu.Game.Tests.Beatmaps.BeatmapConversionTest`2.<>c__DisplayClass4_1.<Test>b__2() in /app/osu.Game/Tests/Beatmaps/BeatmapConversionTest.cs:line 98
   at NUnit.Framework.Assert.Multiple(TestDelegate testDelegate)
   at osu.Game.Tests.Beatmaps.BeatmapConversionTest`2.<>c__DisplayClass4_0.<Test>b__1() in /app/osu.Game/Tests/Beatmaps/BeatmapConversionTest.cs:line 77
   at NUnit.Framework.Assert.Multiple(TestDelegate testDelegate)
   at osu.Game.Tests.Beatmaps.BeatmapConversionTest`2.Test(String name, Type[] mods) in /app/osu.Game/Tests/Beatmaps/BeatmapConversionTest.cs:line 50
   at osu.Game.Rulesets.Catch.Tests.CatchBeatmapConversionTest.Test(String name, Type[] mods) in /app/osu.Game.Rulesets.Catch.Tests/CatchBeatmapConversionTest.cs:line 58
   at InvokeStub_CatchBeatmapConversionTest.Test(Object, Span`1)

595)    at osu.Game.Tests.Beatmaps.BeatmapConversionTest`2.<>c__DisplayClass4_1.<Test>b__2() in /app/osu.Game/Tests/Beatmaps/BeatmapConversionTest.cs:line 98
   at NUnit.Framework.Assert.Multiple(TestDelegate testDelegate)
   at osu.Game.Tests.Beatmaps.BeatmapConversionTest`2.<>c__DisplayClass4_0.<Test>b__1() in /app/osu.Game/Tests/Beatmaps/BeatmapConversionTest.cs:line 77
   at NUnit.Framework.Assert.Multiple(TestDelegate testDelegate)
   at osu.Game.Tests.Beatmaps.BeatmapConversionTest`2.Test(String name, Type[] mods) in /app/osu.Game/Tests/Beatmaps/BeatmapConversionTest.cs:line 50
   at osu.Game.Rulesets.Catch.Tests.CatchBeatmapConversionTest.Test(String name, Type[] mods) in /app/osu.Game.Rulesets.Catch.Tests/CatchBeatmapConversionTest.cs:line 58
   at InvokeStub_CatchBeatmapConversionTest.Test(Object, Span`1)

596)    at osu.Game.Tests.Beatmaps.BeatmapConversionTest`2.<>c__DisplayClass4_1.<Test>b__2() in /app/osu.Game/Tests/Beatmaps/BeatmapConversionTest.cs:line 98
   at NUnit.Framework.Assert.Multiple(TestDelegate testDelegate)
   at osu.Game.Tests.Beatmaps.BeatmapConversionTest`2.<>c__DisplayClass4_0.<Test>b__1() in /app/osu.Game/Tests/Beatmaps/BeatmapConversionTest.cs:line 77
   at NUnit.Framework.Assert.Multiple(TestDelegate testDelegate)
   at osu.Game.Tests.Beatmaps.BeatmapConversionTest`2.Test(String name, Type[] mods) in /app/osu.Game/Tests/Beatmaps/BeatmapConversionTest.cs:line 50
   at osu.Game.Rulesets.Catch.Tests.CatchBeatmapConversionTest.Test(String name, Type[] mods) in /app/osu.Game.Rulesets.Catch.Tests/CatchBeatmapConversionTest.cs:line 58
   at InvokeStub_CatchBeatmapConversionTest.Test(Object, Span`1)

597)    at osu.Game.Tests.Beatmaps.BeatmapConversionTest`2.<>c__DisplayClass4_1.<Test>b__2() in /app/osu.Game/Tests/Beatmaps/BeatmapConversionTest.cs:line 98
   at NUnit.Framework.Assert.Multiple(TestDelegate testDelegate)
   at osu.Game.Tests.Beatmaps.BeatmapConversionTest`2.<>c__DisplayClass4_0.<Test>b__1() in /app/osu.Game/Tests/Beatmaps/BeatmapConversionTest.cs:line 77
   at NUnit.Framework.Assert.Multiple(TestDelegate testDelegate)
   at osu.Game.Tests.Beatmaps.BeatmapConversionTest`2.Test(String name, Type[] mods) in /app/osu.Game/Tests/Beatmaps/BeatmapConversionTest.cs:line 50
   at osu.Game.Rulesets.Catch.Tests.CatchBeatmapConversionTest.Test(String name, Type[] mods) in /app/osu.Game.Rulesets.Catch.Tests/CatchBeatmapConversionTest.cs:line 58
   at InvokeStub_CatchBeatmapConversionTest.Test(Object, Span`1)

598)    at osu.Game.Tests.Beatmaps.BeatmapConversionTest`2.<>c__DisplayClass4_1.<Test>b__2() in /app/osu.Game/Tests/Beatmaps/BeatmapConversionTest.cs:line 98
   at NUnit.Framework.Assert.Multiple(TestDelegate testDelegate)
   at osu.Game.Tests.Beatmaps.BeatmapConversionTest`2.<>c__DisplayClass4_0.<Test>b__1() in /app/osu.Game/Tests/Beatmaps/BeatmapConversionTest.cs:line 77
   at NUnit.Framework.Assert.Multiple(TestDelegate testDelegate)
   at osu.Game.Tests.Beatmaps.BeatmapConversionTest`2.Test(String name, Type[] mods) in /app/osu.Game/Tests/Beatmaps/BeatmapConversionTest.cs:line 50
   at osu.Game.Rulesets.Catch.Tests.CatchBeatmapConversionTest.Test(String name, Type[] mods) in /app/osu.Game.Rulesets.Catch.Tests/CatchBeatmapConversionTest.cs:line 58
   at InvokeStub_CatchBeatmapConversionTest.Test(Object, Span`1)

599)    at osu.Game.Tests.Beatmaps.BeatmapConversionTest`2.<>c__DisplayClass4_1.<Test>b__2() in /app/osu.Game/Tests/Beatmaps/BeatmapConversionTest.cs:line 98
   at NUnit.Framework.Assert.Multiple(TestDelegate testDelegate)
   at osu.Game.Tests.Beatmaps.BeatmapConversionTest`2.<>c__DisplayClass4_0.<Test>b__1() in /app/osu.Game/Tests/Beatmaps/BeatmapConversionTest.cs:line 77
   at NUnit.Framework.Assert.Multiple(TestDelegate testDelegate)
   at osu.Game.Tests.Beatmaps.BeatmapConversionTest`2.Test(String name, Type[] mods) in /app/osu.Game/Tests/Beatmaps/BeatmapConversionTest.cs:line 50
   at osu.Game.Rulesets.Catch.Tests.CatchBeatmapConversionTest.Test(String name, Type[] mods) in /app/osu.Game.Rulesets.Catch.Tests/CatchBeatmapConversionTest.cs:line 58
   at InvokeStub_CatchBeatmapConversionTest.Test(Object, Span`1)

600)    at osu.Game.Tests.Beatmaps.BeatmapConversionTest`2.<>c__DisplayClass4_1.<Test>b__2() in /app/osu.Game/Tests/Beatmaps/BeatmapConversionTest.cs:line 98
   at NUnit.Framework.Assert.Multiple(TestDelegate testDelegate)
   at osu.Game.Tests.Beatmaps.BeatmapConversionTest`2.<>c__DisplayClass4_0.<Test>b__1() in /app/osu.Game/Tests/Beatmaps/BeatmapConversionTest.cs:line 77
   at NUnit.Framework.Assert.Multiple(TestDelegate testDelegate)
   at osu.Game.Tests.Beatmaps.BeatmapConversionTest`2.Test(String name, Type[] mods) in /app/osu.Game/Tests/Beatmaps/BeatmapConversionTest.cs:line 50
   at osu.Game.Rulesets.Catch.Tests.CatchBeatmapConversionTest.Test(String name, Type[] mods) in /app/osu.Game.Rulesets.Catch.Tests/CatchBeatmapConversionTest.cs:line 58
   at InvokeStub_CatchBeatmapConversionTest.Test(Object, Span`1)

601)    at osu.Game.Tests.Beatmaps.BeatmapConversionTest`2.<>c__DisplayClass4_1.<Test>b__2() in /app/osu.Game/Tests/Beatmaps/BeatmapConversionTest.cs:line 98
   at NUnit.Framework.Assert.Multiple(TestDelegate testDelegate)
   at osu.Game.Tests.Beatmaps.BeatmapConversionTest`2.<>c__DisplayClass4_0.<Test>b__1() in /app/osu.Game/Tests/Beatmaps/BeatmapConversionTest.cs:line 77
   at NUnit.Framework.Assert.Multiple(TestDelegate testDelegate)
   at osu.Game.Tests.Beatmaps.BeatmapConversionTest`2.Test(String name, Type[] mods) in /app/osu.Game/Tests/Beatmaps/BeatmapConversionTest.cs:line 50
   at osu.Game.Rulesets.Catch.Tests.CatchBeatmapConversionTest.Test(String name, Type[] mods) in /app/osu.Game.Rulesets.Catch.Tests/CatchBeatmapConversionTest.cs:line 58
   at InvokeStub_CatchBeatmapConversionTest.Test(Object, Span`1)

602)    at osu.Game.Tests.Beatmaps.BeatmapConversionTest`2.<>c__DisplayClass4_1.<Test>b__2() in /app/osu.Game/Tests/Beatmaps/BeatmapConversionTest.cs:line 98
   at NUnit.Framework.Assert.Multiple(TestDelegate testDelegate)
   at osu.Game.Tests.Beatmaps.BeatmapConversionTest`2.<>c__DisplayClass4_0.<Test>b__1() in /app/osu.Game/Tests/Beatmaps/BeatmapConversionTest.cs:line 77
   at NUnit.Framework.Assert.Multiple(TestDelegate testDelegate)
   at osu.Game.Tests.Beatmaps.BeatmapConversionTest`2.Test(String name, Type[] mods) in /app/osu.Game/Tests/Beatmaps/BeatmapConversionTest.cs:line 50
   at osu.Game.Rulesets.Catch.Tests.CatchBeatmapConversionTest.Test(String name, Type[] mods) in /app/osu.Game.Rulesets.Catch.Tests/CatchBeatmapConversionTest.cs:line 58
   at InvokeStub_CatchBeatmapConversionTest.Test(Object, Span`1)

603)    at osu.Game.Tests.Beatmaps.BeatmapConversionTest`2.<>c__DisplayClass4_1.<Test>b__2() in /app/osu.Game/Tests/Beatmaps/BeatmapConversionTest.cs:line 98
   at NUnit.Framework.Assert.Multiple(TestDelegate testDelegate)
   at osu.Game.Tests.Beatmaps.BeatmapConversionTest`2.<>c__DisplayClass4_0.<Test>b__1() in /app/osu.Game/Tests/Beatmaps/BeatmapConversionTest.cs:line 77
   at NUnit.Framework.Assert.Multiple(TestDelegate testDelegate)
   at osu.Game.Tests.Beatmaps.BeatmapConversionTest`2.Test(String name, Type[] mods) in /app/osu.Game/Tests/Beatmaps/BeatmapConversionTest.cs:line 50
   at osu.Game.Rulesets.Catch.Tests.CatchBeatmapConversionTest.Test(String name, Type[] mods) in /app/osu.Game.Rulesets.Catch.Tests/CatchBeatmapConversionTest.cs:line 58
   at InvokeStub_CatchBeatmapConversionTest.Test(Object, Span`1)

604)    at osu.Game.Tests.Beatmaps.BeatmapConversionTest`2.<>c__DisplayClass4_1.<Test>b__2() in /app/osu.Game/Tests/Beatmaps/BeatmapConversionTest.cs:line 98
   at NUnit.Framework.Assert.Multiple(TestDelegate testDelegate)
   at osu.Game.Tests.Beatmaps.BeatmapConversionTest`2.<>c__DisplayClass4_0.<Test>b__1() in /app/osu.Game/Tests/Beatmaps/BeatmapConversionTest.cs:line 77
   at NUnit.Framework.Assert.Multiple(TestDelegate testDelegate)
   at osu.Game.Tests.Beatmaps.BeatmapConversionTest`2.Test(String name, Type[] mods) in /app/osu.Game/Tests/Beatmaps/BeatmapConversionTest.cs:line 50
   at osu.Game.Rulesets.Catch.Tests.CatchBeatmapConversionTest.Test(String name, Type[] mods) in /app/osu.Game.Rulesets.Catch.Tests/CatchBeatmapConversionTest.cs:line 58
   at InvokeStub_CatchBeatmapConversionTest.Test(Object, Span`1)

605)    at osu.Game.Tests.Beatmaps.BeatmapConversionTest`2.<>c__DisplayClass4_1.<Test>b__2() in /app/osu.Game/Tests/Beatmaps/BeatmapConversionTest.cs:line 98
   at NUnit.Framework.Assert.Multiple(TestDelegate testDelegate)
   at osu.Game.Tests.Beatmaps.BeatmapConversionTest`2.<>c__DisplayClass4_0.<Test>b__1() in /app/osu.Game/Tests/Beatmaps/BeatmapConversionTest.cs:line 77
   at NUnit.Framework.Assert.Multiple(TestDelegate testDelegate)
   at osu.Game.Tests.Beatmaps.BeatmapConversionTest`2.Test(String name, Type[] mods) in /app/osu.Game/Tests/Beatmaps/BeatmapConversionTest.cs:line 50
   at osu.Game.Rulesets.Catch.Tests.CatchBeatmapConversionTest.Test(String name, Type[] mods) in /app/osu.Game.Rulesets.Catch.Tests/CatchBeatmapConversionTest.cs:line 58
   at InvokeStub_CatchBeatmapConversionTest.Test(Object, Span`1)

606)    at osu.Game.Tests.Beatmaps.BeatmapConversionTest`2.<>c__DisplayClass4_1.<Test>b__2() in /app/osu.Game/Tests/Beatmaps/BeatmapConversionTest.cs:line 98
   at NUnit.Framework.Assert.Multiple(TestDelegate testDelegate)
   at osu.Game.Tests.Beatmaps.BeatmapConversionTest`2.<>c__DisplayClass4_0.<Test>b__1() in /app/osu.Game/Tests/Beatmaps/BeatmapConversionTest.cs:line 77
   at NUnit.Framework.Assert.Multiple(TestDelegate testDelegate)
   at osu.Game.Tests.Beatmaps.BeatmapConversionTest`2.Test(String name, Type[] mods) in /app/osu.Game/Tests/Beatmaps/BeatmapConversionTest.cs:line 50
   at osu.Game.Rulesets.Catch.Tests.CatchBeatmapConversionTest.Test(String name, Type[] mods) in /app/osu.Game.Rulesets.Catch.Tests/CatchBeatmapConversionTest.cs:line 58
   at InvokeStub_CatchBeatmapConversionTest.Test(Object, Span`1)

607)    at osu.Game.Tests.Beatmaps.BeatmapConversionTest`2.<>c__DisplayClass4_1.<Test>b__2() in /app/osu.Game/Tests/Beatmaps/BeatmapConversionTest.cs:line 98
   at NUnit.Framework.Assert.Multiple(TestDelegate testDelegate)
   at osu.Game.Tests.Beatmaps.BeatmapConversionTest`2.<>c__DisplayClass4_0.<Test>b__1() in /app/osu.Game/Tests/Beatmaps/BeatmapConversionTest.cs:line 77
   at NUnit.Framework.Assert.Multiple(TestDelegate testDelegate)
   at osu.Game.Tests.Beatmaps.BeatmapConversionTest`2.Test(String name, Type[] mods) in /app/osu.Game/Tests/Beatmaps/BeatmapConversionTest.cs:line 50
   at osu.Game.Rulesets.Catch.Tests.CatchBeatmapConversionTest.Test(String name, Type[] mods) in /app/osu.Game.Rulesets.Catch.Tests/CatchBeatmapConversionTest.cs:line 58
   at InvokeStub_CatchBeatmapConversionTest.Test(Object, Span`1)

608)    at osu.Game.Tests.Beatmaps.BeatmapConversionTest`2.<>c__DisplayClass4_1.<Test>b__2() in /app/osu.Game/Tests/Beatmaps/BeatmapConversionTest.cs:line 98
   at NUnit.Framework.Assert.Multiple(TestDelegate testDelegate)
   at osu.Game.Tests.Beatmaps.BeatmapConversionTest`2.<>c__DisplayClass4_0.<Test>b__1() in /app/osu.Game/Tests/Beatmaps/BeatmapConversionTest.cs:line 77
   at NUnit.Framework.Assert.Multiple(TestDelegate testDelegate)
   at osu.Game.Tests.Beatmaps.BeatmapConversionTest`2.Test(String name, Type[] mods) in /app/osu.Game/Tests/Beatmaps/BeatmapConversionTest.cs:line 50
   at osu.Game.Rulesets.Catch.Tests.CatchBeatmapConversionTest.Test(String name, Type[] mods) in /app/osu.Game.Rulesets.Catch.Tests/CatchBeatmapConversionTest.cs:line 58
   at InvokeStub_CatchBeatmapConversionTest.Test(Object, Span`1)

609)    at osu.Game.Tests.Beatmaps.BeatmapConversionTest`2.<>c__DisplayClass4_1.<Test>b__2() in /app/osu.Game/Tests/Beatmaps/BeatmapConversionTest.cs:line 98
   at NUnit.Framework.Assert.Multiple(TestDelegate testDelegate)
   at osu.Game.Tests.Beatmaps.BeatmapConversionTest`2.<>c__DisplayClass4_0.<Test>b__1() in /app/osu.Game/Tests/Beatmaps/BeatmapConversionTest.cs:line 77
   at NUnit.Framework.Assert.Multiple(TestDelegate testDelegate)
   at osu.Game.Tests.Beatmaps.BeatmapConversionTest`2.Test(String name, Type[] mods) in /app/osu.Game/Tests/Beatmaps/BeatmapConversionTest.cs:line 50
   at osu.Game.Rulesets.Catch.Tests.CatchBeatmapConversionTest.Test(String name, Type[] mods) in /app/osu.Game.Rulesets.Catch.Tests/CatchBeatmapConversionTest.cs:line 58
   at InvokeStub_CatchBeatmapConversionTest.Test(Object, Span`1)

610)    at osu.Game.Tests.Beatmaps.BeatmapConversionTest`2.<>c__DisplayClass4_1.<Test>b__2() in /app/osu.Game/Tests/Beatmaps/BeatmapConversionTest.cs:line 98
   at NUnit.Framework.Assert.Multiple(TestDelegate testDelegate)
   at osu.Game.Tests.Beatmaps.BeatmapConversionTest`2.<>c__DisplayClass4_0.<Test>b__1() in /app/osu.Game/Tests/Beatmaps/BeatmapConversionTest.cs:line 77
   at NUnit.Framework.Assert.Multiple(TestDelegate testDelegate)
   at osu.Game.Tests.Beatmaps.BeatmapConversionTest`2.Test(String name, Type[] mods) in /app/osu.Game/Tests/Beatmaps/BeatmapConversionTest.cs:line 50
   at osu.Game.Rulesets.Catch.Tests.CatchBeatmapConversionTest.Test(String name, Type[] mods) in /app/osu.Game.Rulesets.Catch.Tests/CatchBeatmapConversionTest.cs:line 58
   at InvokeStub_CatchBeatmapConversionTest.Test(Object, Span`1)

611)    at osu.Game.Tests.Beatmaps.BeatmapConversionTest`2.<>c__DisplayClass4_1.<Test>b__2() in /app/osu.Game/Tests/Beatmaps/BeatmapConversionTest.cs:line 98
   at NUnit.Framework.Assert.Multiple(TestDelegate testDelegate)
   at osu.Game.Tests.Beatmaps.BeatmapConversionTest`2.<>c__DisplayClass4_0.<Test>b__1() in /app/osu.Game/Tests/Beatmaps/BeatmapConversionTest.cs:line 77
   at NUnit.Framework.Assert.Multiple(TestDelegate testDelegate)
   at osu.Game.Tests.Beatmaps.BeatmapConversionTest`2.Test(String name, Type[] mods) in /app/osu.Game/Tests/Beatmaps/BeatmapConversionTest.cs:line 50
   at osu.Game.Rulesets.Catch.Tests.CatchBeatmapConversionTest.Test(String name, Type[] mods) in /app/osu.Game.Rulesets.Catch.Tests/CatchBeatmapConversionTest.cs:line 58
   at InvokeStub_CatchBeatmapConversionTest.Test(Object, Span`1)

612)    at osu.Game.Tests.Beatmaps.BeatmapConversionTest`2.<>c__DisplayClass4_1.<Test>b__2() in /app/osu.Game/Tests/Beatmaps/BeatmapConversionTest.cs:line 98
   at NUnit.Framework.Assert.Multiple(TestDelegate testDelegate)
   at osu.Game.Tests.Beatmaps.BeatmapConversionTest`2.<>c__DisplayClass4_0.<Test>b__1() in /app/osu.Game/Tests/Beatmaps/BeatmapConversionTest.cs:line 77
   at NUnit.Framework.Assert.Multiple(TestDelegate testDelegate)
   at osu.Game.Tests.Beatmaps.BeatmapConversionTest`2.Test(String name, Type[] mods) in /app/osu.Game/Tests/Beatmaps/BeatmapConversionTest.cs:line 50
   at osu.Game.Rulesets.Catch.Tests.CatchBeatmapConversionTest.Test(String name, Type[] mods) in /app/osu.Game.Rulesets.Catch.Tests/CatchBeatmapConversionTest.cs:line 58
   at InvokeStub_CatchBeatmapConversionTest.Test(Object, Span`1)

613)    at osu.Game.Tests.Beatmaps.BeatmapConversionTest`2.<>c__DisplayClass4_1.<Test>b__2() in /app/osu.Game/Tests/Beatmaps/BeatmapConversionTest.cs:line 98
   at NUnit.Framework.Assert.Multiple(TestDelegate testDelegate)
   at osu.Game.Tests.Beatmaps.BeatmapConversionTest`2.<>c__DisplayClass4_0.<Test>b__1() in /app/osu.Game/Tests/Beatmaps/BeatmapConversionTest.cs:line 77
   at NUnit.Framework.Assert.Multiple(TestDelegate testDelegate)
   at osu.Game.Tests.Beatmaps.BeatmapConversionTest`2.Test(String name, Type[] mods) in /app/osu.Game/Tests/Beatmaps/BeatmapConversionTest.cs:line 50
   at osu.Game.Rulesets.Catch.Tests.CatchBeatmapConversionTest.Test(String name, Type[] mods) in /app/osu.Game.Rulesets.Catch.Tests/CatchBeatmapConversionTest.cs:line 58
   at InvokeStub_CatchBeatmapConversionTest.Test(Object, Span`1)

614)    at osu.Game.Tests.Beatmaps.BeatmapConversionTest`2.<>c__DisplayClass4_1.<Test>b__2() in /app/osu.Game/Tests/Beatmaps/BeatmapConversionTest.cs:line 98
   at NUnit.Framework.Assert.Multiple(TestDelegate testDelegate)
   at osu.Game.Tests.Beatmaps.BeatmapConversionTest`2.<>c__DisplayClass4_0.<Test>b__1() in /app/osu.Game/Tests/Beatmaps/BeatmapConversionTest.cs:line 77
   at NUnit.Framework.Assert.Multiple(TestDelegate testDelegate)
   at osu.Game.Tests.Beatmaps.BeatmapConversionTest`2.Test(String name, Type[] mods) in /app/osu.Game/Tests/Beatmaps/BeatmapConversionTest.cs:line 50
   at osu.Game.Rulesets.Catch.Tests.CatchBeatmapConversionTest.Test(String name, Type[] mods) in /app/osu.Game.Rulesets.Catch.Tests/CatchBeatmapConversionTest.cs:line 58
   at InvokeStub_CatchBeatmapConversionTest.Test(Object, Span`1)

615)    at osu.Game.Tests.Beatmaps.BeatmapConversionTest`2.<>c__DisplayClass4_1.<Test>b__2() in /app/osu.Game/Tests/Beatmaps/BeatmapConversionTest.cs:line 98
   at NUnit.Framework.Assert.Multiple(TestDelegate testDelegate)
   at osu.Game.Tests.Beatmaps.BeatmapConversionTest`2.<>c__DisplayClass4_0.<Test>b__1() in /app/osu.Game/Tests/Beatmaps/BeatmapConversionTest.cs:line 77
   at NUnit.Framework.Assert.Multiple(TestDelegate testDelegate)
   at osu.Game.Tests.Beatmaps.BeatmapConversionTest`2.Test(String name, Type[] mods) in /app/osu.Game/Tests/Beatmaps/BeatmapConversionTest.cs:line 50
   at osu.Game.Rulesets.Catch.Tests.CatchBeatmapConversionTest.Test(String name, Type[] mods) in /app/osu.Game.Rulesets.Catch.Tests/CatchBeatmapConversionTest.cs:line 58
   at InvokeStub_CatchBeatmapConversionTest.Test(Object, Span`1)

616)    at osu.Game.Tests.Beatmaps.BeatmapConversionTest`2.<>c__DisplayClass4_1.<Test>b__2() in /app/osu.Game/Tests/Beatmaps/BeatmapConversionTest.cs:line 98
   at NUnit.Framework.Assert.Multiple(TestDelegate testDelegate)
   at osu.Game.Tests.Beatmaps.BeatmapConversionTest`2.<>c__DisplayClass4_0.<Test>b__1() in /app/osu.Game/Tests/Beatmaps/BeatmapConversionTest.cs:line 77
   at NUnit.Framework.Assert.Multiple(TestDelegate testDelegate)
   at osu.Game.Tests.Beatmaps.BeatmapConversionTest`2.Test(String name, Type[] mods) in /app/osu.Game/Tests/Beatmaps/BeatmapConversionTest.cs:line 50
   at osu.Game.Rulesets.Catch.Tests.CatchBeatmapConversionTest.Test(String name, Type[] mods) in /app/osu.Game.Rulesets.Catch.Tests/CatchBeatmapConversionTest.cs:line 58
   at InvokeStub_CatchBeatmapConversionTest.Test(Object, Span`1)

617)    at osu.Game.Tests.Beatmaps.BeatmapConversionTest`2.<>c__DisplayClass4_1.<Test>b__2() in /app/osu.Game/Tests/Beatmaps/BeatmapConversionTest.cs:line 98
   at NUnit.Framework.Assert.Multiple(TestDelegate testDelegate)
   at osu.Game.Tests.Beatmaps.BeatmapConversionTest`2.<>c__DisplayClass4_0.<Test>b__1() in /app/osu.Game/Tests/Beatmaps/BeatmapConversionTest.cs:line 77
   at NUnit.Framework.Assert.Multiple(TestDelegate testDelegate)
   at osu.Game.Tests.Beatmaps.BeatmapConversionTest`2.Test(String name, Type[] mods) in /app/osu.Game/Tests/Beatmaps/BeatmapConversionTest.cs:line 50
   at osu.Game.Rulesets.Catch.Tests.CatchBeatmapConversionTest.Test(String name, Type[] mods) in /app/osu.Game.Rulesets.Catch.Tests/CatchBeatmapConversionTest.cs:line 58
   at InvokeStub_CatchBeatmapConversionTest.Test(Object, Span`1)

618)    at osu.Game.Tests.Beatmaps.BeatmapConversionTest`2.<>c__DisplayClass4_1.<Test>b__2() in /app/osu.Game/Tests/Beatmaps/BeatmapConversionTest.cs:line 98
   at NUnit.Framework.Assert.Multiple(TestDelegate testDelegate)
   at osu.Game.Tests.Beatmaps.BeatmapConversionTest`2.<>c__DisplayClass4_0.<Test>b__1() in /app/osu.Game/Tests/Beatmaps/BeatmapConversionTest.cs:line 77
   at NUnit.Framework.Assert.Multiple(TestDelegate testDelegate)
   at osu.Game.Tests.Beatmaps.BeatmapConversionTest`2.Test(String name, Type[] mods) in /app/osu.Game/Tests/Beatmaps/BeatmapConversionTest.cs:line 50
   at osu.Game.Rulesets.Catch.Tests.CatchBeatmapConversionTest.Test(String name, Type[] mods) in /app/osu.Game.Rulesets.Catch.Tests/CatchBeatmapConversionTest.cs:line 58
   at InvokeStub_CatchBeatmapConversionTest.Test(Object, Span`1)

619)    at osu.Game.Tests.Beatmaps.BeatmapConversionTest`2.<>c__DisplayClass4_1.<Test>b__2() in /app/osu.Game/Tests/Beatmaps/BeatmapConversionTest.cs:line 98
   at NUnit.Framework.Assert.Multiple(TestDelegate testDelegate)
   at osu.Game.Tests.Beatmaps.BeatmapConversionTest`2.<>c__DisplayClass4_0.<Test>b__1() in /app/osu.Game/Tests/Beatmaps/BeatmapConversionTest.cs:line 77
   at NUnit.Framework.Assert.Multiple(TestDelegate testDelegate)
   at osu.Game.Tests.Beatmaps.BeatmapConversionTest`2.Test(String name, Type[] mods) in /app/osu.Game/Tests/Beatmaps/BeatmapConversionTest.cs:line 50
   at osu.Game.Rulesets.Catch.Tests.CatchBeatmapConversionTest.Test(String name, Type[] mods) in /app/osu.Game.Rulesets.Catch.Tests/CatchBeatmapConversionTest.cs:line 58
   at InvokeStub_CatchBeatmapConversionTest.Test(Object, Span`1)

620)    at osu.Game.Tests.Beatmaps.BeatmapConversionTest`2.<>c__DisplayClass4_1.<Test>b__2() in /app/osu.Game/Tests/Beatmaps/BeatmapConversionTest.cs:line 98
   at NUnit.Framework.Assert.Multiple(TestDelegate testDelegate)
   at osu.Game.Tests.Beatmaps.BeatmapConversionTest`2.<>c__DisplayClass4_0.<Test>b__1() in /app/osu.Game/Tests/Beatmaps/BeatmapConversionTest.cs:line 77
   at NUnit.Framework.Assert.Multiple(TestDelegate testDelegate)
   at osu.Game.Tests.Beatmaps.BeatmapConversionTest`2.Test(String name, Type[] mods) in /app/osu.Game/Tests/Beatmaps/BeatmapConversionTest.cs:line 50
   at osu.Game.Rulesets.Catch.Tests.CatchBeatmapConversionTest.Test(String name, Type[] mods) in /app/osu.Game.Rulesets.Catch.Tests/CatchBeatmapConversionTest.cs:line 58
   at InvokeStub_CatchBeatmapConversionTest.Test(Object, Span`1)

621)    at osu.Game.Tests.Beatmaps.BeatmapConversionTest`2.<>c__DisplayClass4_1.<Test>b__2() in /app/osu.Game/Tests/Beatmaps/BeatmapConversionTest.cs:line 98
   at NUnit.Framework.Assert.Multiple(TestDelegate testDelegate)
   at osu.Game.Tests.Beatmaps.BeatmapConversionTest`2.<>c__DisplayClass4_0.<Test>b__1() in /app/osu.Game/Tests/Beatmaps/BeatmapConversionTest.cs:line 77
   at NUnit.Framework.Assert.Multiple(TestDelegate testDelegate)
   at osu.Game.Tests.Beatmaps.BeatmapConversionTest`2.Test(String name, Type[] mods) in /app/osu.Game/Tests/Beatmaps/BeatmapConversionTest.cs:line 50
   at osu.Game.Rulesets.Catch.Tests.CatchBeatmapConversionTest.Test(String name, Type[] mods) in /app/osu.Game.Rulesets.Catch.Tests/CatchBeatmapConversionTest.cs:line 58
   at InvokeStub_CatchBeatmapConversionTest.Test(Object, Span`1)

622)    at osu.Game.Tests.Beatmaps.BeatmapConversionTest`2.<>c__DisplayClass4_1.<Test>b__2() in /app/osu.Game/Tests/Beatmaps/BeatmapConversionTest.cs:line 98
   at NUnit.Framework.Assert.Multiple(TestDelegate testDelegate)
   at osu.Game.Tests.Beatmaps.BeatmapConversionTest`2.<>c__DisplayClass4_0.<Test>b__1() in /app/osu.Game/Tests/Beatmaps/BeatmapConversionTest.cs:line 77
   at NUnit.Framework.Assert.Multiple(TestDelegate testDelegate)
   at osu.Game.Tests.Beatmaps.BeatmapConversionTest`2.Test(String name, Type[] mods) in /app/osu.Game/Tests/Beatmaps/BeatmapConversionTest.cs:line 50
   at osu.Game.Rulesets.Catch.Tests.CatchBeatmapConversionTest.Test(String name, Type[] mods) in /app/osu.Game.Rulesets.Catch.Tests/CatchBeatmapConversionTest.cs:line 58
   at InvokeStub_CatchBeatmapConversionTest.Test(Object, Span`1)

623)    at osu.Game.Tests.Beatmaps.BeatmapConversionTest`2.<>c__DisplayClass4_1.<Test>b__2() in /app/osu.Game/Tests/Beatmaps/BeatmapConversionTest.cs:line 98
   at NUnit.Framework.Assert.Multiple(TestDelegate testDelegate)
   at osu.Game.Tests.Beatmaps.BeatmapConversionTest`2.<>c__DisplayClass4_0.<Test>b__1() in /app/osu.Game/Tests/Beatmaps/BeatmapConversionTest.cs:line 77
   at NUnit.Framework.Assert.Multiple(TestDelegate testDelegate)
   at osu.Game.Tests.Beatmaps.BeatmapConversionTest`2.Test(String name, Type[] mods) in /app/osu.Game/Tests/Beatmaps/BeatmapConversionTest.cs:line 50
   at osu.Game.Rulesets.Catch.Tests.CatchBeatmapConversionTest.Test(String name, Type[] mods) in /app/osu.Game.Rulesets.Catch.Tests/CatchBeatmapConversionTest.cs:line 58
   at InvokeStub_CatchBeatmapConversionTest.Test(Object, Span`1)

624)    at osu.Game.Tests.Beatmaps.BeatmapConversionTest`2.<>c__DisplayClass4_1.<Test>b__2() in /app/osu.Game/Tests/Beatmaps/BeatmapConversionTest.cs:line 98
   at NUnit.Framework.Assert.Multiple(TestDelegate testDelegate)
   at osu.Game.Tests.Beatmaps.BeatmapConversionTest`2.<>c__DisplayClass4_0.<Test>b__1() in /app/osu.Game/Tests/Beatmaps/BeatmapConversionTest.cs:line 77
   at NUnit.Framework.Assert.Multiple(TestDelegate testDelegate)
   at osu.Game.Tests.Beatmaps.BeatmapConversionTest`2.Test(String name, Type[] mods) in /app/osu.Game/Tests/Beatmaps/BeatmapConversionTest.cs:line 50
   at osu.Game.Rulesets.Catch.Tests.CatchBeatmapConversionTest.Test(String name, Type[] mods) in /app/osu.Game.Rulesets.Catch.Tests/CatchBeatmapConversionTest.cs:line 58
   at InvokeStub_CatchBeatmapConversionTest.Test(Object, Span`1)

625)    at osu.Game.Tests.Beatmaps.BeatmapConversionTest`2.<>c__DisplayClass4_1.<Test>b__2() in /app/osu.Game/Tests/Beatmaps/BeatmapConversionTest.cs:line 98
   at NUnit.Framework.Assert.Multiple(TestDelegate testDelegate)
   at osu.Game.Tests.Beatmaps.BeatmapConversionTest`2.<>c__DisplayClass4_0.<Test>b__1() in /app/osu.Game/Tests/Beatmaps/BeatmapConversionTest.cs:line 77
   at NUnit.Framework.Assert.Multiple(TestDelegate testDelegate)
   at osu.Game.Tests.Beatmaps.BeatmapConversionTest`2.Test(String name, Type[] mods) in /app/osu.Game/Tests/Beatmaps/BeatmapConversionTest.cs:line 50
   at osu.Game.Rulesets.Catch.Tests.CatchBeatmapConversionTest.Test(String name, Type[] mods) in /app/osu.Game.Rulesets.Catch.Tests/CatchBeatmapConversionTest.cs:line 58
   at InvokeStub_CatchBeatmapConversionTest.Test(Object, Span`1)

626)    at osu.Game.Tests.Beatmaps.BeatmapConversionTest`2.<>c__DisplayClass4_1.<Test>b__2() in /app/osu.Game/Tests/Beatmaps/BeatmapConversionTest.cs:line 98
   at NUnit.Framework.Assert.Multiple(TestDelegate testDelegate)
   at osu.Game.Tests.Beatmaps.BeatmapConversionTest`2.<>c__DisplayClass4_0.<Test>b__1() in /app/osu.Game/Tests/Beatmaps/BeatmapConversionTest.cs:line 77
   at NUnit.Framework.Assert.Multiple(TestDelegate testDelegate)
   at osu.Game.Tests.Beatmaps.BeatmapConversionTest`2.Test(String name, Type[] mods) in /app/osu.Game/Tests/Beatmaps/BeatmapConversionTest.cs:line 50
   at osu.Game.Rulesets.Catch.Tests.CatchBeatmapConversionTest.Test(String name, Type[] mods) in /app/osu.Game.Rulesets.Catch.Tests/CatchBeatmapConversionTest.cs:line 58
   at InvokeStub_CatchBeatmapConversionTest.Test(Object, Span`1)

627)    at osu.Game.Tests.Beatmaps.BeatmapConversionTest`2.<>c__DisplayClass4_1.<Test>b__2() in /app/osu.Game/Tests/Beatmaps/BeatmapConversionTest.cs:line 98
   at NUnit.Framework.Assert.Multiple(TestDelegate testDelegate)
   at osu.Game.Tests.Beatmaps.BeatmapConversionTest`2.<>c__DisplayClass4_0.<Test>b__1() in /app/osu.Game/Tests/Beatmaps/BeatmapConversionTest.cs:line 77
   at NUnit.Framework.Assert.Multiple(TestDelegate testDelegate)
   at osu.Game.Tests.Beatmaps.BeatmapConversionTest`2.Test(String name, Type[] mods) in /app/osu.Game/Tests/Beatmaps/BeatmapConversionTest.cs:line 50
   at osu.Game.Rulesets.Catch.Tests.CatchBeatmapConversionTest.Test(String name, Type[] mods) in /app/osu.Game.Rulesets.Catch.Tests/CatchBeatmapConversionTest.cs:line 58
   at InvokeStub_CatchBeatmapConversionTest.Test(Object, Span`1)

628)    at osu.Game.Tests.Beatmaps.BeatmapConversionTest`2.<>c__DisplayClass4_1.<Test>b__2() in /app/osu.Game/Tests/Beatmaps/BeatmapConversionTest.cs:line 98
   at NUnit.Framework.Assert.Multiple(TestDelegate testDelegate)
   at osu.Game.Tests.Beatmaps.BeatmapConversionTest`2.<>c__DisplayClass4_0.<Test>b__1() in /app/osu.Game/Tests/Beatmaps/BeatmapConversionTest.cs:line 77
   at NUnit.Framework.Assert.Multiple(TestDelegate testDelegate)
   at osu.Game.Tests.Beatmaps.BeatmapConversionTest`2.Test(String name, Type[] mods) in /app/osu.Game/Tests/Beatmaps/BeatmapConversionTest.cs:line 50
   at osu.Game.Rulesets.Catch.Tests.CatchBeatmapConversionTest.Test(String name, Type[] mods) in /app/osu.Game.Rulesets.Catch.Tests/CatchBeatmapConversionTest.cs:line 58
   at InvokeStub_CatchBeatmapConversionTest.Test(Object, Span`1)

629)    at osu.Game.Tests.Beatmaps.BeatmapConversionTest`2.<>c__DisplayClass4_1.<Test>b__2() in /app/osu.Game/Tests/Beatmaps/BeatmapConversionTest.cs:line 98
   at NUnit.Framework.Assert.Multiple(TestDelegate testDelegate)
   at osu.Game.Tests.Beatmaps.BeatmapConversionTest`2.<>c__DisplayClass4_0.<Test>b__1() in /app/osu.Game/Tests/Beatmaps/BeatmapConversionTest.cs:line 77
   at NUnit.Framework.Assert.Multiple(TestDelegate testDelegate)
   at osu.Game.Tests.Beatmaps.BeatmapConversionTest`2.Test(String name, Type[] mods) in /app/osu.Game/Tests/Beatmaps/BeatmapConversionTest.cs:line 50
   at osu.Game.Rulesets.Catch.Tests.CatchBeatmapConversionTest.Test(String name, Type[] mods) in /app/osu.Game.Rulesets.Catch.Tests/CatchBeatmapConversionTest.cs:line 58
   at InvokeStub_CatchBeatmapConversionTest.Test(Object, Span`1)

630)    at osu.Game.Tests.Beatmaps.BeatmapConversionTest`2.<>c__DisplayClass4_1.<Test>b__2() in /app/osu.Game/Tests/Beatmaps/BeatmapConversionTest.cs:line 98
   at NUnit.Framework.Assert.Multiple(TestDelegate testDelegate)
   at osu.Game.Tests.Beatmaps.BeatmapConversionTest`2.<>c__DisplayClass4_0.<Test>b__1() in /app/osu.Game/Tests/Beatmaps/BeatmapConversionTest.cs:line 77
   at NUnit.Framework.Assert.Multiple(TestDelegate testDelegate)
   at osu.Game.Tests.Beatmaps.BeatmapConversionTest`2.Test(String name, Type[] mods) in /app/osu.Game/Tests/Beatmaps/BeatmapConversionTest.cs:line 50
   at osu.Game.Rulesets.Catch.Tests.CatchBeatmapConversionTest.Test(String name, Type[] mods) in /app/osu.Game.Rulesets.Catch.Tests/CatchBeatmapConversionTest.cs:line 58
   at InvokeStub_CatchBeatmapConversionTest.Test(Object, Span`1)

631)    at osu.Game.Tests.Beatmaps.BeatmapConversionTest`2.<>c__DisplayClass4_1.<Test>b__2() in /app/osu.Game/Tests/Beatmaps/BeatmapConversionTest.cs:line 98
   at NUnit.Framework.Assert.Multiple(TestDelegate testDelegate)
   at osu.Game.Tests.Beatmaps.BeatmapConversionTest`2.<>c__DisplayClass4_0.<Test>b__1() in /app/osu.Game/Tests/Beatmaps/BeatmapConversionTest.cs:line 77
   at NUnit.Framework.Assert.Multiple(TestDelegate testDelegate)
   at osu.Game.Tests.Beatmaps.BeatmapConversionTest`2.Test(String name, Type[] mods) in /app/osu.Game/Tests/Beatmaps/BeatmapConversionTest.cs:line 50
   at osu.Game.Rulesets.Catch.Tests.CatchBeatmapConversionTest.Test(String name, Type[] mods) in /app/osu.Game.Rulesets.Catch.Tests/CatchBeatmapConversionTest.cs:line 58
   at InvokeStub_CatchBeatmapConversionTest.Test(Object, Span`1)

632)    at osu.Game.Tests.Beatmaps.BeatmapConversionTest`2.<>c__DisplayClass4_1.<Test>b__2() in /app/osu.Game/Tests/Beatmaps/BeatmapConversionTest.cs:line 98
   at NUnit.Framework.Assert.Multiple(TestDelegate testDelegate)
   at osu.Game.Tests.Beatmaps.BeatmapConversionTest`2.<>c__DisplayClass4_0.<Test>b__1() in /app/osu.Game/Tests/Beatmaps/BeatmapConversionTest.cs:line 77
   at NUnit.Framework.Assert.Multiple(TestDelegate testDelegate)
   at osu.Game.Tests.Beatmaps.BeatmapConversionTest`2.Test(String name, Type[] mods) in /app/osu.Game/Tests/Beatmaps/BeatmapConversionTest.cs:line 50
   at osu.Game.Rulesets.Catch.Tests.CatchBeatmapConversionTest.Test(String name, Type[] mods) in /app/osu.Game.Rulesets.Catch.Tests/CatchBeatmapConversionTest.cs:line 58
   at InvokeStub_CatchBeatmapConversionTest.Test(Object, Span`1)

633)    at osu.Game.Tests.Beatmaps.BeatmapConversionTest`2.<>c__DisplayClass4_1.<Test>b__2() in /app/osu.Game/Tests/Beatmaps/BeatmapConversionTest.cs:line 98
   at NUnit.Framework.Assert.Multiple(TestDelegate testDelegate)
   at osu.Game.Tests.Beatmaps.BeatmapConversionTest`2.<>c__DisplayClass4_0.<Test>b__1() in /app/osu.Game/Tests/Beatmaps/BeatmapConversionTest.cs:line 77
   at NUnit.Framework.Assert.Multiple(TestDelegate testDelegate)
   at osu.Game.Tests.Beatmaps.BeatmapConversionTest`2.Test(String name, Type[] mods) in /app/osu.Game/Tests/Beatmaps/BeatmapConversionTest.cs:line 50
   at osu.Game.Rulesets.Catch.Tests.CatchBeatmapConversionTest.Test(String name, Type[] mods) in /app/osu.Game.Rulesets.Catch.Tests/CatchBeatmapConversionTest.cs:line 58
   at InvokeStub_CatchBeatmapConversionTest.Test(Object, Span`1)

634)    at osu.Game.Tests.Beatmaps.BeatmapConversionTest`2.<>c__DisplayClass4_1.<Test>b__2() in /app/osu.Game/Tests/Beatmaps/BeatmapConversionTest.cs:line 98
   at NUnit.Framework.Assert.Multiple(TestDelegate testDelegate)
   at osu.Game.Tests.Beatmaps.BeatmapConversionTest`2.<>c__DisplayClass4_0.<Test>b__1() in /app/osu.Game/Tests/Beatmaps/BeatmapConversionTest.cs:line 77
   at NUnit.Framework.Assert.Multiple(TestDelegate testDelegate)
   at osu.Game.Tests.Beatmaps.BeatmapConversionTest`2.Test(String name, Type[] mods) in /app/osu.Game/Tests/Beatmaps/BeatmapConversionTest.cs:line 50
   at osu.Game.Rulesets.Catch.Tests.CatchBeatmapConversionTest.Test(String name, Type[] mods) in /app/osu.Game.Rulesets.Catch.Tests/CatchBeatmapConversionTest.cs:line 58
   at InvokeStub_CatchBeatmapConversionTest.Test(Object, Span`1)

635)    at osu.Game.Tests.Beatmaps.BeatmapConversionTest`2.<>c__DisplayClass4_1.<Test>b__2() in /app/osu.Game/Tests/Beatmaps/BeatmapConversionTest.cs:line 98
   at NUnit.Framework.Assert.Multiple(TestDelegate testDelegate)
   at osu.Game.Tests.Beatmaps.BeatmapConversionTest`2.<>c__DisplayClass4_0.<Test>b__1() in /app/osu.Game/Tests/Beatmaps/BeatmapConversionTest.cs:line 77
   at NUnit.Framework.Assert.Multiple(TestDelegate testDelegate)
   at osu.Game.Tests.Beatmaps.BeatmapConversionTest`2.Test(String name, Type[] mods) in /app/osu.Game/Tests/Beatmaps/BeatmapConversionTest.cs:line 50
   at osu.Game.Rulesets.Catch.Tests.CatchBeatmapConversionTest.Test(String name, Type[] mods) in /app/osu.Game.Rulesets.Catch.Tests/CatchBeatmapConversionTest.cs:line 58
   at InvokeStub_CatchBeatmapConversionTest.Test(Object, Span`1)

636)    at osu.Game.Tests.Beatmaps.BeatmapConversionTest`2.<>c__DisplayClass4_1.<Test>b__2() in /app/osu.Game/Tests/Beatmaps/BeatmapConversionTest.cs:line 98
   at NUnit.Framework.Assert.Multiple(TestDelegate testDelegate)
   at osu.Game.Tests.Beatmaps.BeatmapConversionTest`2.<>c__DisplayClass4_0.<Test>b__1() in /app/osu.Game/Tests/Beatmaps/BeatmapConversionTest.cs:line 77
   at NUnit.Framework.Assert.Multiple(TestDelegate testDelegate)
   at osu.Game.Tests.Beatmaps.BeatmapConversionTest`2.Test(String name, Type[] mods) in /app/osu.Game/Tests/Beatmaps/BeatmapConversionTest.cs:line 50
   at osu.Game.Rulesets.Catch.Tests.CatchBeatmapConversionTest.Test(String name, Type[] mods) in /app/osu.Game.Rulesets.Catch.Tests/CatchBeatmapConversionTest.cs:line 58
   at InvokeStub_CatchBeatmapConversionTest.Test(Object, Span`1)

637)    at osu.Game.Tests.Beatmaps.BeatmapConversionTest`2.<>c__DisplayClass4_1.<Test>b__2() in /app/osu.Game/Tests/Beatmaps/BeatmapConversionTest.cs:line 98
   at NUnit.Framework.Assert.Multiple(TestDelegate testDelegate)
   at osu.Game.Tests.Beatmaps.BeatmapConversionTest`2.<>c__DisplayClass4_0.<Test>b__1() in /app/osu.Game/Tests/Beatmaps/BeatmapConversionTest.cs:line 77
   at NUnit.Framework.Assert.Multiple(TestDelegate testDelegate)
   at osu.Game.Tests.Beatmaps.BeatmapConversionTest`2.Test(String name, Type[] mods) in /app/osu.Game/Tests/Beatmaps/BeatmapConversionTest.cs:line 50
   at osu.Game.Rulesets.Catch.Tests.CatchBeatmapConversionTest.Test(String name, Type[] mods) in /app/osu.Game.Rulesets.Catch.Tests/CatchBeatmapConversionTest.cs:line 58
   at InvokeStub_CatchBeatmapConversionTest.Test(Object, Span`1)

638)    at osu.Game.Tests.Beatmaps.BeatmapConversionTest`2.<>c__DisplayClass4_1.<Test>b__2() in /app/osu.Game/Tests/Beatmaps/BeatmapConversionTest.cs:line 98
   at NUnit.Framework.Assert.Multiple(TestDelegate testDelegate)
   at osu.Game.Tests.Beatmaps.BeatmapConversionTest`2.<>c__DisplayClass4_0.<Test>b__1() in /app/osu.Game/Tests/Beatmaps/BeatmapConversionTest.cs:line 77
   at NUnit.Framework.Assert.Multiple(TestDelegate testDelegate)
   at osu.Game.Tests.Beatmaps.BeatmapConversionTest`2.Test(String name, Type[] mods) in /app/osu.Game/Tests/Beatmaps/BeatmapConversionTest.cs:line 50
   at osu.Game.Rulesets.Catch.Tests.CatchBeatmapConversionTest.Test(String name, Type[] mods) in /app/osu.Game.Rulesets.Catch.Tests/CatchBeatmapConversionTest.cs:line 58
   at InvokeStub_CatchBeatmapConversionTest.Test(Object, Span`1)

639)    at osu.Game.Tests.Beatmaps.BeatmapConversionTest`2.<>c__DisplayClass4_1.<Test>b__2() in /app/osu.Game/Tests/Beatmaps/BeatmapConversionTest.cs:line 98
   at NUnit.Framework.Assert.Multiple(TestDelegate testDelegate)
   at osu.Game.Tests.Beatmaps.BeatmapConversionTest`2.<>c__DisplayClass4_0.<Test>b__1() in /app/osu.Game/Tests/Beatmaps/BeatmapConversionTest.cs:line 77
   at NUnit.Framework.Assert.Multiple(TestDelegate testDelegate)
   at osu.Game.Tests.Beatmaps.BeatmapConversionTest`2.Test(String name, Type[] mods) in /app/osu.Game/Tests/Beatmaps/BeatmapConversionTest.cs:line 50
   at osu.Game.Rulesets.Catch.Tests.CatchBeatmapConversionTest.Test(String name, Type[] mods) in /app/osu.Game.Rulesets.Catch.Tests/CatchBeatmapConversionTest.cs:line 58
   at InvokeStub_CatchBeatmapConversionTest.Test(Object, Span`1)

640)    at osu.Game.Tests.Beatmaps.BeatmapConversionTest`2.<>c__DisplayClass4_1.<Test>b__2() in /app/osu.Game/Tests/Beatmaps/BeatmapConversionTest.cs:line 98
   at NUnit.Framework.Assert.Multiple(TestDelegate testDelegate)
   at osu.Game.Tests.Beatmaps.BeatmapConversionTest`2.<>c__DisplayClass4_0.<Test>b__1() in /app/osu.Game/Tests/Beatmaps/BeatmapConversionTest.cs:line 77
   at NUnit.Framework.Assert.Multiple(TestDelegate testDelegate)
   at osu.Game.Tests.Beatmaps.BeatmapConversionTest`2.Test(String name, Type[] mods) in /app/osu.Game/Tests/Beatmaps/BeatmapConversionTest.cs:line 50
   at osu.Game.Rulesets.Catch.Tests.CatchBeatmapConversionTest.Test(String name, Type[] mods) in /app/osu.Game.Rulesets.Catch.Tests/CatchBeatmapConversionTest.cs:line 58
   at InvokeStub_CatchBeatmapConversionTest.Test(Object, Span`1)

641)    at osu.Game.Tests.Beatmaps.BeatmapConversionTest`2.<>c__DisplayClass4_1.<Test>b__2() in /app/osu.Game/Tests/Beatmaps/BeatmapConversionTest.cs:line 98
   at NUnit.Framework.Assert.Multiple(TestDelegate testDelegate)
   at osu.Game.Tests.Beatmaps.BeatmapConversionTest`2.<>c__DisplayClass4_0.<Test>b__1() in /app/osu.Game/Tests/Beatmaps/BeatmapConversionTest.cs:line 77
   at NUnit.Framework.Assert.Multiple(TestDelegate testDelegate)
   at osu.Game.Tests.Beatmaps.BeatmapConversionTest`2.Test(String name, Type[] mods) in /app/osu.Game/Tests/Beatmaps/BeatmapConversionTest.cs:line 50
   at osu.Game.Rulesets.Catch.Tests.CatchBeatmapConversionTest.Test(String name, Type[] mods) in /app/osu.Game.Rulesets.Catch.Tests/CatchBeatmapConversionTest.cs:line 58
   at InvokeStub_CatchBeatmapConversionTest.Test(Object, Span`1)

642)    at osu.Game.Tests.Beatmaps.BeatmapConversionTest`2.<>c__DisplayClass4_1.<Test>b__2() in /app/osu.Game/Tests/Beatmaps/BeatmapConversionTest.cs:line 98
   at NUnit.Framework.Assert.Multiple(TestDelegate testDelegate)
   at osu.Game.Tests.Beatmaps.BeatmapConversionTest`2.<>c__DisplayClass4_0.<Test>b__1() in /app/osu.Game/Tests/Beatmaps/BeatmapConversionTest.cs:line 77
   at NUnit.Framework.Assert.Multiple(TestDelegate testDelegate)
   at osu.Game.Tests.Beatmaps.BeatmapConversionTest`2.Test(String name, Type[] mods) in /app/osu.Game/Tests/Beatmaps/BeatmapConversionTest.cs:line 50
   at osu.Game.Rulesets.Catch.Tests.CatchBeatmapConversionTest.Test(String name, Type[] mods) in /app/osu.Game.Rulesets.Catch.Tests/CatchBeatmapConversionTest.cs:line 58
   at InvokeStub_CatchBeatmapConversionTest.Test(Object, Span`1)

643)    at osu.Game.Tests.Beatmaps.BeatmapConversionTest`2.<>c__DisplayClass4_1.<Test>b__2() in /app/osu.Game/Tests/Beatmaps/BeatmapConversionTest.cs:line 98
   at NUnit.Framework.Assert.Multiple(TestDelegate testDelegate)
   at osu.Game.Tests.Beatmaps.BeatmapConversionTest`2.<>c__DisplayClass4_0.<Test>b__1() in /app/osu.Game/Tests/Beatmaps/BeatmapConversionTest.cs:line 77
   at NUnit.Framework.Assert.Multiple(TestDelegate testDelegate)
   at osu.Game.Tests.Beatmaps.BeatmapConversionTest`2.Test(String name, Type[] mods) in /app/osu.Game/Tests/Beatmaps/BeatmapConversionTest.cs:line 50
   at osu.Game.Rulesets.Catch.Tests.CatchBeatmapConversionTest.Test(String name, Type[] mods) in /app/osu.Game.Rulesets.Catch.Tests/CatchBeatmapConversionTest.cs:line 58
   at InvokeStub_CatchBeatmapConversionTest.Test(Object, Span`1)

644)    at osu.Game.Tests.Beatmaps.BeatmapConversionTest`2.<>c__DisplayClass4_1.<Test>b__2() in /app/osu.Game/Tests/Beatmaps/BeatmapConversionTest.cs:line 98
   at NUnit.Framework.Assert.Multiple(TestDelegate testDelegate)
   at osu.Game.Tests.Beatmaps.BeatmapConversionTest`2.<>c__DisplayClass4_0.<Test>b__1() in /app/osu.Game/Tests/Beatmaps/BeatmapConversionTest.cs:line 77
   at NUnit.Framework.Assert.Multiple(TestDelegate testDelegate)
   at osu.Game.Tests.Beatmaps.BeatmapConversionTest`2.Test(String name, Type[] mods) in /app/osu.Game/Tests/Beatmaps/BeatmapConversionTest.cs:line 50
   at osu.Game.Rulesets.Catch.Tests.CatchBeatmapConversionTest.Test(String name, Type[] mods) in /app/osu.Game.Rulesets.Catch.Tests/CatchBeatmapConversionTest.cs:line 58
   at InvokeStub_CatchBeatmapConversionTest.Test(Object, Span`1)

645)    at osu.Game.Tests.Beatmaps.BeatmapConversionTest`2.<>c__DisplayClass4_1.<Test>b__2() in /app/osu.Game/Tests/Beatmaps/BeatmapConversionTest.cs:line 98
   at NUnit.Framework.Assert.Multiple(TestDelegate testDelegate)
   at osu.Game.Tests.Beatmaps.BeatmapConversionTest`2.<>c__DisplayClass4_0.<Test>b__1() in /app/osu.Game/Tests/Beatmaps/BeatmapConversionTest.cs:line 77
   at NUnit.Framework.Assert.Multiple(TestDelegate testDelegate)
   at osu.Game.Tests.Beatmaps.BeatmapConversionTest`2.Test(String name, Type[] mods) in /app/osu.Game/Tests/Beatmaps/BeatmapConversionTest.cs:line 50
   at osu.Game.Rulesets.Catch.Tests.CatchBeatmapConversionTest.Test(String name, Type[] mods) in /app/osu.Game.Rulesets.Catch.Tests/CatchBeatmapConversionTest.cs:line 58
   at InvokeStub_CatchBeatmapConversionTest.Test(Object, Span`1)

646)    at osu.Game.Tests.Beatmaps.BeatmapConversionTest`2.<>c__DisplayClass4_1.<Test>b__2() in /app/osu.Game/Tests/Beatmaps/BeatmapConversionTest.cs:line 98
   at NUnit.Framework.Assert.Multiple(TestDelegate testDelegate)
   at osu.Game.Tests.Beatmaps.BeatmapConversionTest`2.<>c__DisplayClass4_0.<Test>b__1() in /app/osu.Game/Tests/Beatmaps/BeatmapConversionTest.cs:line 77
   at NUnit.Framework.Assert.Multiple(TestDelegate testDelegate)
   at osu.Game.Tests.Beatmaps.BeatmapConversionTest`2.Test(String name, Type[] mods) in /app/osu.Game/Tests/Beatmaps/BeatmapConversionTest.cs:line 50
   at osu.Game.Rulesets.Catch.Tests.CatchBeatmapConversionTest.Test(String name, Type[] mods) in /app/osu.Game.Rulesets.Catch.Tests/CatchBeatmapConversionTest.cs:line 58
   at InvokeStub_CatchBeatmapConversionTest.Test(Object, Span`1)

647)    at osu.Game.Tests.Beatmaps.BeatmapConversionTest`2.<>c__DisplayClass4_1.<Test>b__2() in /app/osu.Game/Tests/Beatmaps/BeatmapConversionTest.cs:line 98
   at NUnit.Framework.Assert.Multiple(TestDelegate testDelegate)
   at osu.Game.Tests.Beatmaps.BeatmapConversionTest`2.<>c__DisplayClass4_0.<Test>b__1() in /app/osu.Game/Tests/Beatmaps/BeatmapConversionTest.cs:line 77
   at NUnit.Framework.Assert.Multiple(TestDelegate testDelegate)
   at osu.Game.Tests.Beatmaps.BeatmapConversionTest`2.Test(String name, Type[] mods) in /app/osu.Game/Tests/Beatmaps/BeatmapConversionTest.cs:line 50
   at osu.Game.Rulesets.Catch.Tests.CatchBeatmapConversionTest.Test(String name, Type[] mods) in /app/osu.Game.Rulesets.Catch.Tests/CatchBeatmapConversionTest.cs:line 58
   at InvokeStub_CatchBeatmapConversionTest.Test(Object, Span`1)

648)    at osu.Game.Tests.Beatmaps.BeatmapConversionTest`2.<>c__DisplayClass4_1.<Test>b__2() in /app/osu.Game/Tests/Beatmaps/BeatmapConversionTest.cs:line 98
   at NUnit.Framework.Assert.Multiple(TestDelegate testDelegate)
   at osu.Game.Tests.Beatmaps.BeatmapConversionTest`2.<>c__DisplayClass4_0.<Test>b__1() in /app/osu.Game/Tests/Beatmaps/BeatmapConversionTest.cs:line 77
   at NUnit.Framework.Assert.Multiple(TestDelegate testDelegate)
   at osu.Game.Tests.Beatmaps.BeatmapConversionTest`2.Test(String name, Type[] mods) in /app/osu.Game/Tests/Beatmaps/BeatmapConversionTest.cs:line 50
   at osu.Game.Rulesets.Catch.Tests.CatchBeatmapConversionTest.Test(String name, Type[] mods) in /app/osu.Game.Rulesets.Catch.Tests/CatchBeatmapConversionTest.cs:line 58
   at InvokeStub_CatchBeatmapConversionTest.Test(Object, Span`1)

649)    at osu.Game.Tests.Beatmaps.BeatmapConversionTest`2.<>c__DisplayClass4_1.<Test>b__2() in /app/osu.Game/Tests/Beatmaps/BeatmapConversionTest.cs:line 98
   at NUnit.Framework.Assert.Multiple(TestDelegate testDelegate)
   at osu.Game.Tests.Beatmaps.BeatmapConversionTest`2.<>c__DisplayClass4_0.<Test>b__1() in /app/osu.Game/Tests/Beatmaps/BeatmapConversionTest.cs:line 77
   at NUnit.Framework.Assert.Multiple(TestDelegate testDelegate)
   at osu.Game.Tests.Beatmaps.BeatmapConversionTest`2.Test(String name, Type[] mods) in /app/osu.Game/Tests/Beatmaps/BeatmapConversionTest.cs:line 50
   at osu.Game.Rulesets.Catch.Tests.CatchBeatmapConversionTest.Test(String name, Type[] mods) in /app/osu.Game.Rulesets.Catch.Tests/CatchBeatmapConversionTest.cs:line 58
   at InvokeStub_CatchBeatmapConversionTest.Test(Object, Span`1)

650)    at osu.Game.Tests.Beatmaps.BeatmapConversionTest`2.<>c__DisplayClass4_1.<Test>b__2() in /app/osu.Game/Tests/Beatmaps/BeatmapConversionTest.cs:line 98
   at NUnit.Framework.Assert.Multiple(TestDelegate testDelegate)
   at osu.Game.Tests.Beatmaps.BeatmapConversionTest`2.<>c__DisplayClass4_0.<Test>b__1() in /app/osu.Game/Tests/Beatmaps/BeatmapConversionTest.cs:line 77
   at NUnit.Framework.Assert.Multiple(TestDelegate testDelegate)
   at osu.Game.Tests.Beatmaps.BeatmapConversionTest`2.Test(String name, Type[] mods) in /app/osu.Game/Tests/Beatmaps/BeatmapConversionTest.cs:line 50
   at osu.Game.Rulesets.Catch.Tests.CatchBeatmapConversionTest.Test(String name, Type[] mods) in /app/osu.Game.Rulesets.Catch.Tests/CatchBeatmapConversionTest.cs:line 58
   at InvokeStub_CatchBeatmapConversionTest.Test(Object, Span`1)

651)    at osu.Game.Tests.Beatmaps.BeatmapConversionTest`2.<>c__DisplayClass4_1.<Test>b__2() in /app/osu.Game/Tests/Beatmaps/BeatmapConversionTest.cs:line 98
   at NUnit.Framework.Assert.Multiple(TestDelegate testDelegate)
   at osu.Game.Tests.Beatmaps.BeatmapConversionTest`2.<>c__DisplayClass4_0.<Test>b__1() in /app/osu.Game/Tests/Beatmaps/BeatmapConversionTest.cs:line 77
   at NUnit.Framework.Assert.Multiple(TestDelegate testDelegate)
   at osu.Game.Tests.Beatmaps.BeatmapConversionTest`2.Test(String name, Type[] mods) in /app/osu.Game/Tests/Beatmaps/BeatmapConversionTest.cs:line 50
   at osu.Game.Rulesets.Catch.Tests.CatchBeatmapConversionTest.Test(String name, Type[] mods) in /app/osu.Game.Rulesets.Catch.Tests/CatchBeatmapConversionTest.cs:line 58
   at InvokeStub_CatchBeatmapConversionTest.Test(Object, Span`1)

652)    at osu.Game.Tests.Beatmaps.BeatmapConversionTest`2.<>c__DisplayClass4_1.<Test>b__2() in /app/osu.Game/Tests/Beatmaps/BeatmapConversionTest.cs:line 98
   at NUnit.Framework.Assert.Multiple(TestDelegate testDelegate)
   at osu.Game.Tests.Beatmaps.BeatmapConversionTest`2.<>c__DisplayClass4_0.<Test>b__1() in /app/osu.Game/Tests/Beatmaps/BeatmapConversionTest.cs:line 77
   at NUnit.Framework.Assert.Multiple(TestDelegate testDelegate)
   at osu.Game.Tests.Beatmaps.BeatmapConversionTest`2.Test(String name, Type[] mods) in /app/osu.Game/Tests/Beatmaps/BeatmapConversionTest.cs:line 50
   at osu.Game.Rulesets.Catch.Tests.CatchBeatmapConversionTest.Test(String name, Type[] mods) in /app/osu.Game.Rulesets.Catch.Tests/CatchBeatmapConversionTest.cs:line 58
   at InvokeStub_CatchBeatmapConversionTest.Test(Object, Span`1)

653)    at osu.Game.Tests.Beatmaps.BeatmapConversionTest`2.<>c__DisplayClass4_1.<Test>b__2() in /app/osu.Game/Tests/Beatmaps/BeatmapConversionTest.cs:line 98
   at NUnit.Framework.Assert.Multiple(TestDelegate testDelegate)
   at osu.Game.Tests.Beatmaps.BeatmapConversionTest`2.<>c__DisplayClass4_0.<Test>b__1() in /app/osu.Game/Tests/Beatmaps/BeatmapConversionTest.cs:line 77
   at NUnit.Framework.Assert.Multiple(TestDelegate testDelegate)
   at osu.Game.Tests.Beatmaps.BeatmapConversionTest`2.Test(String name, Type[] mods) in /app/osu.Game/Tests/Beatmaps/BeatmapConversionTest.cs:line 50
   at osu.Game.Rulesets.Catch.Tests.CatchBeatmapConversionTest.Test(String name, Type[] mods) in /app/osu.Game.Rulesets.Catch.Tests/CatchBeatmapConversionTest.cs:line 58
   at InvokeStub_CatchBeatmapConversionTest.Test(Object, Span`1)

654)    at osu.Game.Tests.Beatmaps.BeatmapConversionTest`2.<>c__DisplayClass4_1.<Test>b__2() in /app/osu.Game/Tests/Beatmaps/BeatmapConversionTest.cs:line 98
   at NUnit.Framework.Assert.Multiple(TestDelegate testDelegate)
   at osu.Game.Tests.Beatmaps.BeatmapConversionTest`2.<>c__DisplayClass4_0.<Test>b__1() in /app/osu.Game/Tests/Beatmaps/BeatmapConversionTest.cs:line 77
   at NUnit.Framework.Assert.Multiple(TestDelegate testDelegate)
   at osu.Game.Tests.Beatmaps.BeatmapConversionTest`2.Test(String name, Type[] mods) in /app/osu.Game/Tests/Beatmaps/BeatmapConversionTest.cs:line 50
   at osu.Game.Rulesets.Catch.Tests.CatchBeatmapConversionTest.Test(String name, Type[] mods) in /app/osu.Game.Rulesets.Catch.Tests/CatchBeatmapConversionTest.cs:line 58
   at InvokeStub_CatchBeatmapConversionTest.Test(Object, Span`1)

655)    at osu.Game.Tests.Beatmaps.BeatmapConversionTest`2.<>c__DisplayClass4_1.<Test>b__2() in /app/osu.Game/Tests/Beatmaps/BeatmapConversionTest.cs:line 98
   at NUnit.Framework.Assert.Multiple(TestDelegate testDelegate)
   at osu.Game.Tests.Beatmaps.BeatmapConversionTest`2.<>c__DisplayClass4_0.<Test>b__1() in /app/osu.Game/Tests/Beatmaps/BeatmapConversionTest.cs:line 77
   at NUnit.Framework.Assert.Multiple(TestDelegate testDelegate)
   at osu.Game.Tests.Beatmaps.BeatmapConversionTest`2.Test(String name, Type[] mods) in /app/osu.Game/Tests/Beatmaps/BeatmapConversionTest.cs:line 50
   at osu.Game.Rulesets.Catch.Tests.CatchBeatmapConversionTest.Test(String name, Type[] mods) in /app/osu.Game.Rulesets.Catch.Tests/CatchBeatmapConversionTest.cs:line 58
   at InvokeStub_CatchBeatmapConversionTest.Test(Object, Span`1)

656)    at osu.Game.Tests.Beatmaps.BeatmapConversionTest`2.<>c__DisplayClass4_1.<Test>b__2() in /app/osu.Game/Tests/Beatmaps/BeatmapConversionTest.cs:line 98
   at NUnit.Framework.Assert.Multiple(TestDelegate testDelegate)
   at osu.Game.Tests.Beatmaps.BeatmapConversionTest`2.<>c__DisplayClass4_0.<Test>b__1() in /app/osu.Game/Tests/Beatmaps/BeatmapConversionTest.cs:line 77
   at NUnit.Framework.Assert.Multiple(TestDelegate testDelegate)
   at osu.Game.Tests.Beatmaps.BeatmapConversionTest`2.Test(String name, Type[] mods) in /app/osu.Game/Tests/Beatmaps/BeatmapConversionTest.cs:line 50
   at osu.Game.Rulesets.Catch.Tests.CatchBeatmapConversionTest.Test(String name, Type[] mods) in /app/osu.Game.Rulesets.Catch.Tests/CatchBeatmapConversionTest.cs:line 58
   at InvokeStub_CatchBeatmapConversionTest.Test(Object, Span`1)

657)    at osu.Game.Tests.Beatmaps.BeatmapConversionTest`2.<>c__DisplayClass4_1.<Test>b__2() in /app/osu.Game/Tests/Beatmaps/BeatmapConversionTest.cs:line 98
   at NUnit.Framework.Assert.Multiple(TestDelegate testDelegate)
   at osu.Game.Tests.Beatmaps.BeatmapConversionTest`2.<>c__DisplayClass4_0.<Test>b__1() in /app/osu.Game/Tests/Beatmaps/BeatmapConversionTest.cs:line 77
   at NUnit.Framework.Assert.Multiple(TestDelegate testDelegate)
   at osu.Game.Tests.Beatmaps.BeatmapConversionTest`2.Test(String name, Type[] mods) in /app/osu.Game/Tests/Beatmaps/BeatmapConversionTest.cs:line 50
   at osu.Game.Rulesets.Catch.Tests.CatchBeatmapConversionTest.Test(String name, Type[] mods) in /app/osu.Game.Rulesets.Catch.Tests/CatchBeatmapConversionTest.cs:line 58
   at InvokeStub_CatchBeatmapConversionTest.Test(Object, Span`1)

658)    at osu.Game.Tests.Beatmaps.BeatmapConversionTest`2.<>c__DisplayClass4_1.<Test>b__2() in /app/osu.Game/Tests/Beatmaps/BeatmapConversionTest.cs:line 98
   at NUnit.Framework.Assert.Multiple(TestDelegate testDelegate)
   at osu.Game.Tests.Beatmaps.BeatmapConversionTest`2.<>c__DisplayClass4_0.<Test>b__1() in /app/osu.Game/Tests/Beatmaps/BeatmapConversionTest.cs:line 77
   at NUnit.Framework.Assert.Multiple(TestDelegate testDelegate)
   at osu.Game.Tests.Beatmaps.BeatmapConversionTest`2.Test(String name, Type[] mods) in /app/osu.Game/Tests/Beatmaps/BeatmapConversionTest.cs:line 50
   at osu.Game.Rulesets.Catch.Tests.CatchBeatmapConversionTest.Test(String name, Type[] mods) in /app/osu.Game.Rulesets.Catch.Tests/CatchBeatmapConversionTest.cs:line 58
   at InvokeStub_CatchBeatmapConversionTest.Test(Object, Span`1)

659)    at osu.Game.Tests.Beatmaps.BeatmapConversionTest`2.<>c__DisplayClass4_1.<Test>b__2() in /app/osu.Game/Tests/Beatmaps/BeatmapConversionTest.cs:line 98
   at NUnit.Framework.Assert.Multiple(TestDelegate testDelegate)
   at osu.Game.Tests.Beatmaps.BeatmapConversionTest`2.<>c__DisplayClass4_0.<Test>b__1() in /app/osu.Game/Tests/Beatmaps/BeatmapConversionTest.cs:line 77
   at NUnit.Framework.Assert.Multiple(TestDelegate testDelegate)
   at osu.Game.Tests.Beatmaps.BeatmapConversionTest`2.Test(String name, Type[] mods) in /app/osu.Game/Tests/Beatmaps/BeatmapConversionTest.cs:line 50
   at osu.Game.Rulesets.Catch.Tests.CatchBeatmapConversionTest.Test(String name, Type[] mods) in /app/osu.Game.Rulesets.Catch.Tests/CatchBeatmapConversionTest.cs:line 58
   at InvokeStub_CatchBeatmapConversionTest.Test(Object, Span`1)

660)    at osu.Game.Tests.Beatmaps.BeatmapConversionTest`2.<>c__DisplayClass4_1.<Test>b__2() in /app/osu.Game/Tests/Beatmaps/BeatmapConversionTest.cs:line 98
   at NUnit.Framework.Assert.Multiple(TestDelegate testDelegate)
   at osu.Game.Tests.Beatmaps.BeatmapConversionTest`2.<>c__DisplayClass4_0.<Test>b__1() in /app/osu.Game/Tests/Beatmaps/BeatmapConversionTest.cs:line 77
   at NUnit.Framework.Assert.Multiple(TestDelegate testDelegate)
   at osu.Game.Tests.Beatmaps.BeatmapConversionTest`2.Test(String name, Type[] mods) in /app/osu.Game/Tests/Beatmaps/BeatmapConversionTest.cs:line 50
   at osu.Game.Rulesets.Catch.Tests.CatchBeatmapConversionTest.Test(String name, Type[] mods) in /app/osu.Game.Rulesets.Catch.Tests/CatchBeatmapConversionTest.cs:line 58
   at InvokeStub_CatchBeatmapConversionTest.Test(Object, Span`1)

661)    at osu.Game.Tests.Beatmaps.BeatmapConversionTest`2.<>c__DisplayClass4_1.<Test>b__2() in /app/osu.Game/Tests/Beatmaps/BeatmapConversionTest.cs:line 98
   at NUnit.Framework.Assert.Multiple(TestDelegate testDelegate)
   at osu.Game.Tests.Beatmaps.BeatmapConversionTest`2.<>c__DisplayClass4_0.<Test>b__1() in /app/osu.Game/Tests/Beatmaps/BeatmapConversionTest.cs:line 77
   at NUnit.Framework.Assert.Multiple(TestDelegate testDelegate)
   at osu.Game.Tests.Beatmaps.BeatmapConversionTest`2.Test(String name, Type[] mods) in /app/osu.Game/Tests/Beatmaps/BeatmapConversionTest.cs:line 50
   at osu.Game.Rulesets.Catch.Tests.CatchBeatmapConversionTest.Test(String name, Type[] mods) in /app/osu.Game.Rulesets.Catch.Tests/CatchBeatmapConversionTest.cs:line 58
   at InvokeStub_CatchBeatmapConversionTest.Test(Object, Span`1)

662)    at osu.Game.Tests.Beatmaps.BeatmapConversionTest`2.<>c__DisplayClass4_1.<Test>b__2() in /app/osu.Game/Tests/Beatmaps/BeatmapConversionTest.cs:line 98
   at NUnit.Framework.Assert.Multiple(TestDelegate testDelegate)
   at osu.Game.Tests.Beatmaps.BeatmapConversionTest`2.<>c__DisplayClass4_0.<Test>b__1() in /app/osu.Game/Tests/Beatmaps/BeatmapConversionTest.cs:line 77
   at NUnit.Framework.Assert.Multiple(TestDelegate testDelegate)
   at osu.Game.Tests.Beatmaps.BeatmapConversionTest`2.Test(String name, Type[] mods) in /app/osu.Game/Tests/Beatmaps/BeatmapConversionTest.cs:line 50
   at osu.Game.Rulesets.Catch.Tests.CatchBeatmapConversionTest.Test(String name, Type[] mods) in /app/osu.Game.Rulesets.Catch.Tests/CatchBeatmapConversionTest.cs:line 58
   at InvokeStub_CatchBeatmapConversionTest.Test(Object, Span`1)

663)    at osu.Game.Tests.Beatmaps.BeatmapConversionTest`2.<>c__DisplayClass4_1.<Test>b__2() in /app/osu.Game/Tests/Beatmaps/BeatmapConversionTest.cs:line 98
   at NUnit.Framework.Assert.Multiple(TestDelegate testDelegate)
   at osu.Game.Tests.Beatmaps.BeatmapConversionTest`2.<>c__DisplayClass4_0.<Test>b__1() in /app/osu.Game/Tests/Beatmaps/BeatmapConversionTest.cs:line 77
   at NUnit.Framework.Assert.Multiple(TestDelegate testDelegate)
   at osu.Game.Tests.Beatmaps.BeatmapConversionTest`2.Test(String name, Type[] mods) in /app/osu.Game/Tests/Beatmaps/BeatmapConversionTest.cs:line 50
   at osu.Game.Rulesets.Catch.Tests.CatchBeatmapConversionTest.Test(String name, Type[] mods) in /app/osu.Game.Rulesets.Catch.Tests/CatchBeatmapConversionTest.cs:line 58
   at InvokeStub_CatchBeatmapConversionTest.Test(Object, Span`1)

664)    at osu.Game.Tests.Beatmaps.BeatmapConversionTest`2.<>c__DisplayClass4_1.<Test>b__2() in /app/osu.Game/Tests/Beatmaps/BeatmapConversionTest.cs:line 98
   at NUnit.Framework.Assert.Multiple(TestDelegate testDelegate)
   at osu.Game.Tests.Beatmaps.BeatmapConversionTest`2.<>c__DisplayClass4_0.<Test>b__1() in /app/osu.Game/Tests/Beatmaps/BeatmapConversionTest.cs:line 77
   at NUnit.Framework.Assert.Multiple(TestDelegate testDelegate)
   at osu.Game.Tests.Beatmaps.BeatmapConversionTest`2.Test(String name, Type[] mods) in /app/osu.Game/Tests/Beatmaps/BeatmapConversionTest.cs:line 50
   at osu.Game.Rulesets.Catch.Tests.CatchBeatmapConversionTest.Test(String name, Type[] mods) in /app/osu.Game.Rulesets.Catch.Tests/CatchBeatmapConversionTest.cs:line 58
   at InvokeStub_CatchBeatmapConversionTest.Test(Object, Span`1)

665)    at osu.Game.Tests.Beatmaps.BeatmapConversionTest`2.<>c__DisplayClass4_1.<Test>b__2() in /app/osu.Game/Tests/Beatmaps/BeatmapConversionTest.cs:line 98
   at NUnit.Framework.Assert.Multiple(TestDelegate testDelegate)
   at osu.Game.Tests.Beatmaps.BeatmapConversionTest`2.<>c__DisplayClass4_0.<Test>b__1() in /app/osu.Game/Tests/Beatmaps/BeatmapConversionTest.cs:line 77
   at NUnit.Framework.Assert.Multiple(TestDelegate testDelegate)
   at osu.Game.Tests.Beatmaps.BeatmapConversionTest`2.Test(String name, Type[] mods) in /app/osu.Game/Tests/Beatmaps/BeatmapConversionTest.cs:line 50
   at osu.Game.Rulesets.Catch.Tests.CatchBeatmapConversionTest.Test(String name, Type[] mods) in /app/osu.Game.Rulesets.Catch.Tests/CatchBeatmapConversionTest.cs:line 58
   at InvokeStub_CatchBeatmapConversionTest.Test(Object, Span`1)

666)    at osu.Game.Tests.Beatmaps.BeatmapConversionTest`2.<>c__DisplayClass4_1.<Test>b__2() in /app/osu.Game/Tests/Beatmaps/BeatmapConversionTest.cs:line 98
   at NUnit.Framework.Assert.Multiple(TestDelegate testDelegate)
   at osu.Game.Tests.Beatmaps.BeatmapConversionTest`2.<>c__DisplayClass4_0.<Test>b__1() in /app/osu.Game/Tests/Beatmaps/BeatmapConversionTest.cs:line 77
   at NUnit.Framework.Assert.Multiple(TestDelegate testDelegate)
   at osu.Game.Tests.Beatmaps.BeatmapConversionTest`2.Test(String name, Type[] mods) in /app/osu.Game/Tests/Beatmaps/BeatmapConversionTest.cs:line 50
   at osu.Game.Rulesets.Catch.Tests.CatchBeatmapConversionTest.Test(String name, Type[] mods) in /app/osu.Game.Rulesets.Catch.Tests/CatchBeatmapConversionTest.cs:line 58
   at InvokeStub_CatchBeatmapConversionTest.Test(Object, Span`1)

667)    at osu.Game.Tests.Beatmaps.BeatmapConversionTest`2.<>c__DisplayClass4_1.<Test>b__2() in /app/osu.Game/Tests/Beatmaps/BeatmapConversionTest.cs:line 98
   at NUnit.Framework.Assert.Multiple(TestDelegate testDelegate)
   at osu.Game.Tests.Beatmaps.BeatmapConversionTest`2.<>c__DisplayClass4_0.<Test>b__1() in /app/osu.Game/Tests/Beatmaps/BeatmapConversionTest.cs:line 77
   at NUnit.Framework.Assert.Multiple(TestDelegate testDelegate)
   at osu.Game.Tests.Beatmaps.BeatmapConversionTest`2.Test(String name, Type[] mods) in /app/osu.Game/Tests/Beatmaps/BeatmapConversionTest.cs:line 50
   at osu.Game.Rulesets.Catch.Tests.CatchBeatmapConversionTest.Test(String name, Type[] mods) in /app/osu.Game.Rulesets.Catch.Tests/CatchBeatmapConversionTest.cs:line 58
   at InvokeStub_CatchBeatmapConversionTest.Test(Object, Span`1)

668)    at osu.Game.Tests.Beatmaps.BeatmapConversionTest`2.<>c__DisplayClass4_1.<Test>b__2() in /app/osu.Game/Tests/Beatmaps/BeatmapConversionTest.cs:line 98
   at NUnit.Framework.Assert.Multiple(TestDelegate testDelegate)
   at osu.Game.Tests.Beatmaps.BeatmapConversionTest`2.<>c__DisplayClass4_0.<Test>b__1() in /app/osu.Game/Tests/Beatmaps/BeatmapConversionTest.cs:line 77
   at NUnit.Framework.Assert.Multiple(TestDelegate testDelegate)
   at osu.Game.Tests.Beatmaps.BeatmapConversionTest`2.Test(String name, Type[] mods) in /app/osu.Game/Tests/Beatmaps/BeatmapConversionTest.cs:line 50
   at osu.Game.Rulesets.Catch.Tests.CatchBeatmapConversionTest.Test(String name, Type[] mods) in /app/osu.Game.Rulesets.Catch.Tests/CatchBeatmapConversionTest.cs:line 58
   at InvokeStub_CatchBeatmapConversionTest.Test(Object, Span`1)

669)    at osu.Game.Tests.Beatmaps.BeatmapConversionTest`2.<>c__DisplayClass4_1.<Test>b__2() in /app/osu.Game/Tests/Beatmaps/BeatmapConversionTest.cs:line 98
   at NUnit.Framework.Assert.Multiple(TestDelegate testDelegate)
   at osu.Game.Tests.Beatmaps.BeatmapConversionTest`2.<>c__DisplayClass4_0.<Test>b__1() in /app/osu.Game/Tests/Beatmaps/BeatmapConversionTest.cs:line 77
   at NUnit.Framework.Assert.Multiple(TestDelegate testDelegate)
   at osu.Game.Tests.Beatmaps.BeatmapConversionTest`2.Test(String name, Type[] mods) in /app/osu.Game/Tests/Beatmaps/BeatmapConversionTest.cs:line 50
   at osu.Game.Rulesets.Catch.Tests.CatchBeatmapConversionTest.Test(String name, Type[] mods) in /app/osu.Game.Rulesets.Catch.Tests/CatchBeatmapConversionTest.cs:line 58
   at InvokeStub_CatchBeatmapConversionTest.Test(Object, Span`1)

670)    at osu.Game.Tests.Beatmaps.BeatmapConversionTest`2.<>c__DisplayClass4_1.<Test>b__2() in /app/osu.Game/Tests/Beatmaps/BeatmapConversionTest.cs:line 98
   at NUnit.Framework.Assert.Multiple(TestDelegate testDelegate)
   at osu.Game.Tests.Beatmaps.BeatmapConversionTest`2.<>c__DisplayClass4_0.<Test>b__1() in /app/osu.Game/Tests/Beatmaps/BeatmapConversionTest.cs:line 77
   at NUnit.Framework.Assert.Multiple(TestDelegate testDelegate)
   at osu.Game.Tests.Beatmaps.BeatmapConversionTest`2.Test(String name, Type[] mods) in /app/osu.Game/Tests/Beatmaps/BeatmapConversionTest.cs:line 50
   at osu.Game.Rulesets.Catch.Tests.CatchBeatmapConversionTest.Test(String name, Type[] mods) in /app/osu.Game.Rulesets.Catch.Tests/CatchBeatmapConversionTest.cs:line 58
   at InvokeStub_CatchBeatmapConversionTest.Test(Object, Span`1)

671)    at osu.Game.Tests.Beatmaps.BeatmapConversionTest`2.<>c__DisplayClass4_1.<Test>b__2() in /app/osu.Game/Tests/Beatmaps/BeatmapConversionTest.cs:line 98
   at NUnit.Framework.Assert.Multiple(TestDelegate testDelegate)
   at osu.Game.Tests.Beatmaps.BeatmapConversionTest`2.<>c__DisplayClass4_0.<Test>b__1() in /app/osu.Game/Tests/Beatmaps/BeatmapConversionTest.cs:line 77
   at NUnit.Framework.Assert.Multiple(TestDelegate testDelegate)
   at osu.Game.Tests.Beatmaps.BeatmapConversionTest`2.Test(String name, Type[] mods) in /app/osu.Game/Tests/Beatmaps/BeatmapConversionTest.cs:line 50
   at osu.Game.Rulesets.Catch.Tests.CatchBeatmapConversionTest.Test(String name, Type[] mods) in /app/osu.Game.Rulesets.Catch.Tests/CatchBeatmapConversionTest.cs:line 58
   at InvokeStub_CatchBeatmapConversionTest.Test(Object, Span`1)

672)    at osu.Game.Tests.Beatmaps.BeatmapConversionTest`2.<>c__DisplayClass4_1.<Test>b__2() in /app/osu.Game/Tests/Beatmaps/BeatmapConversionTest.cs:line 98
   at NUnit.Framework.Assert.Multiple(TestDelegate testDelegate)
   at osu.Game.Tests.Beatmaps.BeatmapConversionTest`2.<>c__DisplayClass4_0.<Test>b__1() in /app/osu.Game/Tests/Beatmaps/BeatmapConversionTest.cs:line 77
   at NUnit.Framework.Assert.Multiple(TestDelegate testDelegate)
   at osu.Game.Tests.Beatmaps.BeatmapConversionTest`2.Test(String name, Type[] mods) in /app/osu.Game/Tests/Beatmaps/BeatmapConversionTest.cs:line 50
   at osu.Game.Rulesets.Catch.Tests.CatchBeatmapConversionTest.Test(String name, Type[] mods) in /app/osu.Game.Rulesets.Catch.Tests/CatchBeatmapConversionTest.cs:line 58
   at InvokeStub_CatchBeatmapConversionTest.Test(Object, Span`1)

673)    at osu.Game.Tests.Beatmaps.BeatmapConversionTest`2.<>c__DisplayClass4_1.<Test>b__2() in /app/osu.Game/Tests/Beatmaps/BeatmapConversionTest.cs:line 98
   at NUnit.Framework.Assert.Multiple(TestDelegate testDelegate)
   at osu.Game.Tests.Beatmaps.BeatmapConversionTest`2.<>c__DisplayClass4_0.<Test>b__1() in /app/osu.Game/Tests/Beatmaps/BeatmapConversionTest.cs:line 77
   at NUnit.Framework.Assert.Multiple(TestDelegate testDelegate)
   at osu.Game.Tests.Beatmaps.BeatmapConversionTest`2.Test(String name, Type[] mods) in /app/osu.Game/Tests/Beatmaps/BeatmapConversionTest.cs:line 50
   at osu.Game.Rulesets.Catch.Tests.CatchBeatmapConversionTest.Test(String name, Type[] mods) in /app/osu.Game.Rulesets.Catch.Tests/CatchBeatmapConversionTest.cs:line 58
   at InvokeStub_CatchBeatmapConversionTest.Test(Object, Span`1)

674)    at osu.Game.Tests.Beatmaps.BeatmapConversionTest`2.<>c__DisplayClass4_1.<Test>b__2() in /app/osu.Game/Tests/Beatmaps/BeatmapConversionTest.cs:line 98
   at NUnit.Framework.Assert.Multiple(TestDelegate testDelegate)
   at osu.Game.Tests.Beatmaps.BeatmapConversionTest`2.<>c__DisplayClass4_0.<Test>b__1() in /app/osu.Game/Tests/Beatmaps/BeatmapConversionTest.cs:line 77
   at NUnit.Framework.Assert.Multiple(TestDelegate testDelegate)
   at osu.Game.Tests.Beatmaps.BeatmapConversionTest`2.Test(String name, Type[] mods) in /app/osu.Game/Tests/Beatmaps/BeatmapConversionTest.cs:line 50
   at osu.Game.Rulesets.Catch.Tests.CatchBeatmapConversionTest.Test(String name, Type[] mods) in /app/osu.Game.Rulesets.Catch.Tests/CatchBeatmapConversionTest.cs:line 58
   at InvokeStub_CatchBeatmapConversionTest.Test(Object, Span`1)

675)    at osu.Game.Tests.Beatmaps.BeatmapConversionTest`2.<>c__DisplayClass4_1.<Test>b__2() in /app/osu.Game/Tests/Beatmaps/BeatmapConversionTest.cs:line 98
   at NUnit.Framework.Assert.Multiple(TestDelegate testDelegate)
   at osu.Game.Tests.Beatmaps.BeatmapConversionTest`2.<>c__DisplayClass4_0.<Test>b__1() in /app/osu.Game/Tests/Beatmaps/BeatmapConversionTest.cs:line 77
   at NUnit.Framework.Assert.Multiple(TestDelegate testDelegate)
   at osu.Game.Tests.Beatmaps.BeatmapConversionTest`2.Test(String name, Type[] mods) in /app/osu.Game/Tests/Beatmaps/BeatmapConversionTest.cs:line 50
   at osu.Game.Rulesets.Catch.Tests.CatchBeatmapConversionTest.Test(String name, Type[] mods) in /app/osu.Game.Rulesets.Catch.Tests/CatchBeatmapConversionTest.cs:line 58
   at InvokeStub_CatchBeatmapConversionTest.Test(Object, Span`1)

676)    at osu.Game.Tests.Beatmaps.BeatmapConversionTest`2.<>c__DisplayClass4_1.<Test>b__2() in /app/osu.Game/Tests/Beatmaps/BeatmapConversionTest.cs:line 98
   at NUnit.Framework.Assert.Multiple(TestDelegate testDelegate)
   at osu.Game.Tests.Beatmaps.BeatmapConversionTest`2.<>c__DisplayClass4_0.<Test>b__1() in /app/osu.Game/Tests/Beatmaps/BeatmapConversionTest.cs:line 77
   at NUnit.Framework.Assert.Multiple(TestDelegate testDelegate)
   at osu.Game.Tests.Beatmaps.BeatmapConversionTest`2.Test(String name, Type[] mods) in /app/osu.Game/Tests/Beatmaps/BeatmapConversionTest.cs:line 50
   at osu.Game.Rulesets.Catch.Tests.CatchBeatmapConversionTest.Test(String name, Type[] mods) in /app/osu.Game.Rulesets.Catch.Tests/CatchBeatmapConversionTest.cs:line 58
   at InvokeStub_CatchBeatmapConversionTest.Test(Object, Span`1)

677)    at osu.Game.Tests.Beatmaps.BeatmapConversionTest`2.<>c__DisplayClass4_1.<Test>b__2() in /app/osu.Game/Tests/Beatmaps/BeatmapConversionTest.cs:line 98
   at NUnit.Framework.Assert.Multiple(TestDelegate testDelegate)
   at osu.Game.Tests.Beatmaps.BeatmapConversionTest`2.<>c__DisplayClass4_0.<Test>b__1() in /app/osu.Game/Tests/Beatmaps/BeatmapConversionTest.cs:line 77
   at NUnit.Framework.Assert.Multiple(TestDelegate testDelegate)
   at osu.Game.Tests.Beatmaps.BeatmapConversionTest`2.Test(String name, Type[] mods) in /app/osu.Game/Tests/Beatmaps/BeatmapConversionTest.cs:line 50
   at osu.Game.Rulesets.Catch.Tests.CatchBeatmapConversionTest.Test(String name, Type[] mods) in /app/osu.Game.Rulesets.Catch.Tests/CatchBeatmapConversionTest.cs:line 58
   at InvokeStub_CatchBeatmapConversionTest.Test(Object, Span`1)

678)    at osu.Game.Tests.Beatmaps.BeatmapConversionTest`2.<>c__DisplayClass4_1.<Test>b__2() in /app/osu.Game/Tests/Beatmaps/BeatmapConversionTest.cs:line 98
   at NUnit.Framework.Assert.Multiple(TestDelegate testDelegate)
   at osu.Game.Tests.Beatmaps.BeatmapConversionTest`2.<>c__DisplayClass4_0.<Test>b__1() in /app/osu.Game/Tests/Beatmaps/BeatmapConversionTest.cs:line 77
   at NUnit.Framework.Assert.Multiple(TestDelegate testDelegate)
   at osu.Game.Tests.Beatmaps.BeatmapConversionTest`2.Test(String name, Type[] mods) in /app/osu.Game/Tests/Beatmaps/BeatmapConversionTest.cs:line 50
   at osu.Game.Rulesets.Catch.Tests.CatchBeatmapConversionTest.Test(String name, Type[] mods) in /app/osu.Game.Rulesets.Catch.Tests/CatchBeatmapConversionTest.cs:line 58
   at InvokeStub_CatchBeatmapConversionTest.Test(Object, Span`1)

679)    at osu.Game.Tests.Beatmaps.BeatmapConversionTest`2.<>c__DisplayClass4_1.<Test>b__2() in /app/osu.Game/Tests/Beatmaps/BeatmapConversionTest.cs:line 98
   at NUnit.Framework.Assert.Multiple(TestDelegate testDelegate)
   at osu.Game.Tests.Beatmaps.BeatmapConversionTest`2.<>c__DisplayClass4_0.<Test>b__1() in /app/osu.Game/Tests/Beatmaps/BeatmapConversionTest.cs:line 77
   at NUnit.Framework.Assert.Multiple(TestDelegate testDelegate)
   at osu.Game.Tests.Beatmaps.BeatmapConversionTest`2.Test(String name, Type[] mods) in /app/osu.Game/Tests/Beatmaps/BeatmapConversionTest.cs:line 50
   at osu.Game.Rulesets.Catch.Tests.CatchBeatmapConversionTest.Test(String name, Type[] mods) in /app/osu.Game.Rulesets.Catch.Tests/CatchBeatmapConversionTest.cs:line 58
   at InvokeStub_CatchBeatmapConversionTest.Test(Object, Span`1)

680)    at osu.Game.Tests.Beatmaps.BeatmapConversionTest`2.<>c__DisplayClass4_1.<Test>b__2() in /app/osu.Game/Tests/Beatmaps/BeatmapConversionTest.cs:line 98
   at NUnit.Framework.Assert.Multiple(TestDelegate testDelegate)
   at osu.Game.Tests.Beatmaps.BeatmapConversionTest`2.<>c__DisplayClass4_0.<Test>b__1() in /app/osu.Game/Tests/Beatmaps/BeatmapConversionTest.cs:line 77
   at NUnit.Framework.Assert.Multiple(TestDelegate testDelegate)
   at osu.Game.Tests.Beatmaps.BeatmapConversionTest`2.Test(String name, Type[] mods) in /app/osu.Game/Tests/Beatmaps/BeatmapConversionTest.cs:line 50
   at osu.Game.Rulesets.Catch.Tests.CatchBeatmapConversionTest.Test(String name, Type[] mods) in /app/osu.Game.Rulesets.Catch.Tests/CatchBeatmapConversionTest.cs:line 58
   at InvokeStub_CatchBeatmapConversionTest.Test(Object, Span`1)

681)    at osu.Game.Tests.Beatmaps.BeatmapConversionTest`2.<>c__DisplayClass4_1.<Test>b__2() in /app/osu.Game/Tests/Beatmaps/BeatmapConversionTest.cs:line 98
   at NUnit.Framework.Assert.Multiple(TestDelegate testDelegate)
   at osu.Game.Tests.Beatmaps.BeatmapConversionTest`2.<>c__DisplayClass4_0.<Test>b__1() in /app/osu.Game/Tests/Beatmaps/BeatmapConversionTest.cs:line 77
   at NUnit.Framework.Assert.Multiple(TestDelegate testDelegate)
   at osu.Game.Tests.Beatmaps.BeatmapConversionTest`2.Test(String name, Type[] mods) in /app/osu.Game/Tests/Beatmaps/BeatmapConversionTest.cs:line 50
   at osu.Game.Rulesets.Catch.Tests.CatchBeatmapConversionTest.Test(String name, Type[] mods) in /app/osu.Game.Rulesets.Catch.Tests/CatchBeatmapConversionTest.cs:line 58
   at InvokeStub_CatchBeatmapConversionTest.Test(Object, Span`1)

682)    at osu.Game.Tests.Beatmaps.BeatmapConversionTest`2.<>c__DisplayClass4_1.<Test>b__2() in /app/osu.Game/Tests/Beatmaps/BeatmapConversionTest.cs:line 98
   at NUnit.Framework.Assert.Multiple(TestDelegate testDelegate)
   at osu.Game.Tests.Beatmaps.BeatmapConversionTest`2.<>c__DisplayClass4_0.<Test>b__1() in /app/osu.Game/Tests/Beatmaps/BeatmapConversionTest.cs:line 77
   at NUnit.Framework.Assert.Multiple(TestDelegate testDelegate)
   at osu.Game.Tests.Beatmaps.BeatmapConversionTest`2.Test(String name, Type[] mods) in /app/osu.Game/Tests/Beatmaps/BeatmapConversionTest.cs:line 50
   at osu.Game.Rulesets.Catch.Tests.CatchBeatmapConversionTest.Test(String name, Type[] mods) in /app/osu.Game.Rulesets.Catch.Tests/CatchBeatmapConversionTest.cs:line 58
   at InvokeStub_CatchBeatmapConversionTest.Test(Object, Span`1)

683)    at osu.Game.Tests.Beatmaps.BeatmapConversionTest`2.<>c__DisplayClass4_1.<Test>b__2() in /app/osu.Game/Tests/Beatmaps/BeatmapConversionTest.cs:line 98
   at NUnit.Framework.Assert.Multiple(TestDelegate testDelegate)
   at osu.Game.Tests.Beatmaps.BeatmapConversionTest`2.<>c__DisplayClass4_0.<Test>b__1() in /app/osu.Game/Tests/Beatmaps/BeatmapConversionTest.cs:line 77
   at NUnit.Framework.Assert.Multiple(TestDelegate testDelegate)
   at osu.Game.Tests.Beatmaps.BeatmapConversionTest`2.Test(String name, Type[] mods) in /app/osu.Game/Tests/Beatmaps/BeatmapConversionTest.cs:line 50
   at osu.Game.Rulesets.Catch.Tests.CatchBeatmapConversionTest.Test(String name, Type[] mods) in /app/osu.Game.Rulesets.Catch.Tests/CatchBeatmapConversionTest.cs:line 58
   at InvokeStub_CatchBeatmapConversionTest.Test(Object, Span`1)

684)    at osu.Game.Tests.Beatmaps.BeatmapConversionTest`2.<>c__DisplayClass4_1.<Test>b__2() in /app/osu.Game/Tests/Beatmaps/BeatmapConversionTest.cs:line 98
   at NUnit.Framework.Assert.Multiple(TestDelegate testDelegate)
   at osu.Game.Tests.Beatmaps.BeatmapConversionTest`2.<>c__DisplayClass4_0.<Test>b__1() in /app/osu.Game/Tests/Beatmaps/BeatmapConversionTest.cs:line 77
   at NUnit.Framework.Assert.Multiple(TestDelegate testDelegate)
   at osu.Game.Tests.Beatmaps.BeatmapConversionTest`2.Test(String name, Type[] mods) in /app/osu.Game/Tests/Beatmaps/BeatmapConversionTest.cs:line 50
   at osu.Game.Rulesets.Catch.Tests.CatchBeatmapConversionTest.Test(String name, Type[] mods) in /app/osu.Game.Rulesets.Catch.Tests/CatchBeatmapConversionTest.cs:line 58
   at InvokeStub_CatchBeatmapConversionTest.Test(Object, Span`1)

685)    at osu.Game.Tests.Beatmaps.BeatmapConversionTest`2.<>c__DisplayClass4_1.<Test>b__2() in /app/osu.Game/Tests/Beatmaps/BeatmapConversionTest.cs:line 98
   at NUnit.Framework.Assert.Multiple(TestDelegate testDelegate)
   at osu.Game.Tests.Beatmaps.BeatmapConversionTest`2.<>c__DisplayClass4_0.<Test>b__1() in /app/osu.Game/Tests/Beatmaps/BeatmapConversionTest.cs:line 77
   at NUnit.Framework.Assert.Multiple(TestDelegate testDelegate)
   at osu.Game.Tests.Beatmaps.BeatmapConversionTest`2.Test(String name, Type[] mods) in /app/osu.Game/Tests/Beatmaps/BeatmapConversionTest.cs:line 50
   at osu.Game.Rulesets.Catch.Tests.CatchBeatmapConversionTest.Test(String name, Type[] mods) in /app/osu.Game.Rulesets.Catch.Tests/CatchBeatmapConversionTest.cs:line 58
   at InvokeStub_CatchBeatmapConversionTest.Test(Object, Span`1)

686)    at osu.Game.Tests.Beatmaps.BeatmapConversionTest`2.<>c__DisplayClass4_1.<Test>b__2() in /app/osu.Game/Tests/Beatmaps/BeatmapConversionTest.cs:line 98
   at NUnit.Framework.Assert.Multiple(TestDelegate testDelegate)
   at osu.Game.Tests.Beatmaps.BeatmapConversionTest`2.<>c__DisplayClass4_0.<Test>b__1() in /app/osu.Game/Tests/Beatmaps/BeatmapConversionTest.cs:line 77
   at NUnit.Framework.Assert.Multiple(TestDelegate testDelegate)
   at osu.Game.Tests.Beatmaps.BeatmapConversionTest`2.Test(String name, Type[] mods) in /app/osu.Game/Tests/Beatmaps/BeatmapConversionTest.cs:line 50
   at osu.Game.Rulesets.Catch.Tests.CatchBeatmapConversionTest.Test(String name, Type[] mods) in /app/osu.Game.Rulesets.Catch.Tests/CatchBeatmapConversionTest.cs:line 58
   at InvokeStub_CatchBeatmapConversionTest.Test(Object, Span`1)

687)    at osu.Game.Tests.Beatmaps.BeatmapConversionTest`2.<>c__DisplayClass4_1.<Test>b__2() in /app/osu.Game/Tests/Beatmaps/BeatmapConversionTest.cs:line 98
   at NUnit.Framework.Assert.Multiple(TestDelegate testDelegate)
   at osu.Game.Tests.Beatmaps.BeatmapConversionTest`2.<>c__DisplayClass4_0.<Test>b__1() in /app/osu.Game/Tests/Beatmaps/BeatmapConversionTest.cs:line 77
   at NUnit.Framework.Assert.Multiple(TestDelegate testDelegate)
   at osu.Game.Tests.Beatmaps.BeatmapConversionTest`2.Test(String name, Type[] mods) in /app/osu.Game/Tests/Beatmaps/BeatmapConversionTest.cs:line 50
   at osu.Game.Rulesets.Catch.Tests.CatchBeatmapConversionTest.Test(String name, Type[] mods) in /app/osu.Game.Rulesets.Catch.Tests/CatchBeatmapConversionTest.cs:line 58
   at InvokeStub_CatchBeatmapConversionTest.Test(Object, Span`1)

688)    at osu.Game.Tests.Beatmaps.BeatmapConversionTest`2.<>c__DisplayClass4_1.<Test>b__2() in /app/osu.Game/Tests/Beatmaps/BeatmapConversionTest.cs:line 98
   at NUnit.Framework.Assert.Multiple(TestDelegate testDelegate)
   at osu.Game.Tests.Beatmaps.BeatmapConversionTest`2.<>c__DisplayClass4_0.<Test>b__1() in /app/osu.Game/Tests/Beatmaps/BeatmapConversionTest.cs:line 77
   at NUnit.Framework.Assert.Multiple(TestDelegate testDelegate)
   at osu.Game.Tests.Beatmaps.BeatmapConversionTest`2.Test(String name, Type[] mods) in /app/osu.Game/Tests/Beatmaps/BeatmapConversionTest.cs:line 50
   at osu.Game.Rulesets.Catch.Tests.CatchBeatmapConversionTest.Test(String name, Type[] mods) in /app/osu.Game.Rulesets.Catch.Tests/CatchBeatmapConversionTest.cs:line 58
   at InvokeStub_CatchBeatmapConversionTest.Test(Object, Span`1)

689)    at osu.Game.Tests.Beatmaps.BeatmapConversionTest`2.<>c__DisplayClass4_1.<Test>b__2() in /app/osu.Game/Tests/Beatmaps/BeatmapConversionTest.cs:line 98
   at NUnit.Framework.Assert.Multiple(TestDelegate testDelegate)
   at osu.Game.Tests.Beatmaps.BeatmapConversionTest`2.<>c__DisplayClass4_0.<Test>b__1() in /app/osu.Game/Tests/Beatmaps/BeatmapConversionTest.cs:line 77
   at NUnit.Framework.Assert.Multiple(TestDelegate testDelegate)
   at osu.Game.Tests.Beatmaps.BeatmapConversionTest`2.Test(String name, Type[] mods) in /app/osu.Game/Tests/Beatmaps/BeatmapConversionTest.cs:line 50
   at osu.Game.Rulesets.Catch.Tests.CatchBeatmapConversionTest.Test(String name, Type[] mods) in /app/osu.Game.Rulesets.Catch.Tests/CatchBeatmapConversionTest.cs:line 58
   at InvokeStub_CatchBeatmapConversionTest.Test(Object, Span`1)

690)    at osu.Game.Tests.Beatmaps.BeatmapConversionTest`2.<>c__DisplayClass4_1.<Test>b__2() in /app/osu.Game/Tests/Beatmaps/BeatmapConversionTest.cs:line 98
   at NUnit.Framework.Assert.Multiple(TestDelegate testDelegate)
   at osu.Game.Tests.Beatmaps.BeatmapConversionTest`2.<>c__DisplayClass4_0.<Test>b__1() in /app/osu.Game/Tests/Beatmaps/BeatmapConversionTest.cs:line 77
   at NUnit.Framework.Assert.Multiple(TestDelegate testDelegate)
   at osu.Game.Tests.Beatmaps.BeatmapConversionTest`2.Test(String name, Type[] mods) in /app/osu.Game/Tests/Beatmaps/BeatmapConversionTest.cs:line 50
   at osu.Game.Rulesets.Catch.Tests.CatchBeatmapConversionTest.Test(String name, Type[] mods) in /app/osu.Game.Rulesets.Catch.Tests/CatchBeatmapConversionTest.cs:line 58
   at InvokeStub_CatchBeatmapConversionTest.Test(Object, Span`1)

691)    at osu.Game.Tests.Beatmaps.BeatmapConversionTest`2.<>c__DisplayClass4_1.<Test>b__2() in /app/osu.Game/Tests/Beatmaps/BeatmapConversionTest.cs:line 98
   at NUnit.Framework.Assert.Multiple(TestDelegate testDelegate)
   at osu.Game.Tests.Beatmaps.BeatmapConversionTest`2.<>c__DisplayClass4_0.<Test>b__1() in /app/osu.Game/Tests/Beatmaps/BeatmapConversionTest.cs:line 77
   at NUnit.Framework.Assert.Multiple(TestDelegate testDelegate)
   at osu.Game.Tests.Beatmaps.BeatmapConversionTest`2.Test(String name, Type[] mods) in /app/osu.Game/Tests/Beatmaps/BeatmapConversionTest.cs:line 50
   at osu.Game.Rulesets.Catch.Tests.CatchBeatmapConversionTest.Test(String name, Type[] mods) in /app/osu.Game.Rulesets.Catch.Tests/CatchBeatmapConversionTest.cs:line 58
   at InvokeStub_CatchBeatmapConversionTest.Test(Object, Span`1)

692)    at osu.Game.Tests.Beatmaps.BeatmapConversionTest`2.<>c__DisplayClass4_1.<Test>b__2() in /app/osu.Game/Tests/Beatmaps/BeatmapConversionTest.cs:line 98
   at NUnit.Framework.Assert.Multiple(TestDelegate testDelegate)
   at osu.Game.Tests.Beatmaps.BeatmapConversionTest`2.<>c__DisplayClass4_0.<Test>b__1() in /app/osu.Game/Tests/Beatmaps/BeatmapConversionTest.cs:line 77
   at NUnit.Framework.Assert.Multiple(TestDelegate testDelegate)
   at osu.Game.Tests.Beatmaps.BeatmapConversionTest`2.Test(String name, Type[] mods) in /app/osu.Game/Tests/Beatmaps/BeatmapConversionTest.cs:line 50
   at osu.Game.Rulesets.Catch.Tests.CatchBeatmapConversionTest.Test(String name, Type[] mods) in /app/osu.Game.Rulesets.Catch.Tests/CatchBeatmapConversionTest.cs:line 58
   at InvokeStub_CatchBeatmapConversionTest.Test(Object, Span`1)

693)    at osu.Game.Tests.Beatmaps.BeatmapConversionTest`2.<>c__DisplayClass4_1.<Test>b__2() in /app/osu.Game/Tests/Beatmaps/BeatmapConversionTest.cs:line 98
   at NUnit.Framework.Assert.Multiple(TestDelegate testDelegate)
   at osu.Game.Tests.Beatmaps.BeatmapConversionTest`2.<>c__DisplayClass4_0.<Test>b__1() in /app/osu.Game/Tests/Beatmaps/BeatmapConversionTest.cs:line 77
   at NUnit.Framework.Assert.Multiple(TestDelegate testDelegate)
   at osu.Game.Tests.Beatmaps.BeatmapConversionTest`2.Test(String name, Type[] mods) in /app/osu.Game/Tests/Beatmaps/BeatmapConversionTest.cs:line 50
   at osu.Game.Rulesets.Catch.Tests.CatchBeatmapConversionTest.Test(String name, Type[] mods) in /app/osu.Game.Rulesets.Catch.Tests/CatchBeatmapConversionTest.cs:line 58
   at InvokeStub_CatchBeatmapConversionTest.Test(Object, Span`1)

694)    at osu.Game.Tests.Beatmaps.BeatmapConversionTest`2.<>c__DisplayClass4_1.<Test>b__2() in /app/osu.Game/Tests/Beatmaps/BeatmapConversionTest.cs:line 98
   at NUnit.Framework.Assert.Multiple(TestDelegate testDelegate)
   at osu.Game.Tests.Beatmaps.BeatmapConversionTest`2.<>c__DisplayClass4_0.<Test>b__1() in /app/osu.Game/Tests/Beatmaps/BeatmapConversionTest.cs:line 77
   at NUnit.Framework.Assert.Multiple(TestDelegate testDelegate)
   at osu.Game.Tests.Beatmaps.BeatmapConversionTest`2.Test(String name, Type[] mods) in /app/osu.Game/Tests/Beatmaps/BeatmapConversionTest.cs:line 50
   at osu.Game.Rulesets.Catch.Tests.CatchBeatmapConversionTest.Test(String name, Type[] mods) in /app/osu.Game.Rulesets.Catch.Tests/CatchBeatmapConversionTest.cs:line 58
   at InvokeStub_CatchBeatmapConversionTest.Test(Object, Span`1)

695)    at osu.Game.Tests.Beatmaps.BeatmapConversionTest`2.<>c__DisplayClass4_1.<Test>b__2() in /app/osu.Game/Tests/Beatmaps/BeatmapConversionTest.cs:line 98
   at NUnit.Framework.Assert.Multiple(TestDelegate testDelegate)
   at osu.Game.Tests.Beatmaps.BeatmapConversionTest`2.<>c__DisplayClass4_0.<Test>b__1() in /app/osu.Game/Tests/Beatmaps/BeatmapConversionTest.cs:line 77
   at NUnit.Framework.Assert.Multiple(TestDelegate testDelegate)
   at osu.Game.Tests.Beatmaps.BeatmapConversionTest`2.Test(String name, Type[] mods) in /app/osu.Game/Tests/Beatmaps/BeatmapConversionTest.cs:line 50
   at osu.Game.Rulesets.Catch.Tests.CatchBeatmapConversionTest.Test(String name, Type[] mods) in /app/osu.Game.Rulesets.Catch.Tests/CatchBeatmapConversionTest.cs:line 58
   at InvokeStub_CatchBeatmapConversionTest.Test(Object, Span`1)

696)    at osu.Game.Tests.Beatmaps.BeatmapConversionTest`2.<>c__DisplayClass4_1.<Test>b__2() in /app/osu.Game/Tests/Beatmaps/BeatmapConversionTest.cs:line 98
   at NUnit.Framework.Assert.Multiple(TestDelegate testDelegate)
   at osu.Game.Tests.Beatmaps.BeatmapConversionTest`2.<>c__DisplayClass4_0.<Test>b__1() in /app/osu.Game/Tests/Beatmaps/BeatmapConversionTest.cs:line 77
   at NUnit.Framework.Assert.Multiple(TestDelegate testDelegate)
   at osu.Game.Tests.Beatmaps.BeatmapConversionTest`2.Test(String name, Type[] mods) in /app/osu.Game/Tests/Beatmaps/BeatmapConversionTest.cs:line 50
   at osu.Game.Rulesets.Catch.Tests.CatchBeatmapConversionTest.Test(String name, Type[] mods) in /app/osu.Game.Rulesets.Catch.Tests/CatchBeatmapConversionTest.cs:line 58
   at InvokeStub_CatchBeatmapConversionTest.Test(Object, Span`1)

697)    at osu.Game.Tests.Beatmaps.BeatmapConversionTest`2.<>c__DisplayClass4_1.<Test>b__2() in /app/osu.Game/Tests/Beatmaps/BeatmapConversionTest.cs:line 98
   at NUnit.Framework.Assert.Multiple(TestDelegate testDelegate)
   at osu.Game.Tests.Beatmaps.BeatmapConversionTest`2.<>c__DisplayClass4_0.<Test>b__1() in /app/osu.Game/Tests/Beatmaps/BeatmapConversionTest.cs:line 77
   at NUnit.Framework.Assert.Multiple(TestDelegate testDelegate)
   at osu.Game.Tests.Beatmaps.BeatmapConversionTest`2.Test(String name, Type[] mods) in /app/osu.Game/Tests/Beatmaps/BeatmapConversionTest.cs:line 50
   at osu.Game.Rulesets.Catch.Tests.CatchBeatmapConversionTest.Test(String name, Type[] mods) in /app/osu.Game.Rulesets.Catch.Tests/CatchBeatmapConversionTest.cs:line 58
   at InvokeStub_CatchBeatmapConversionTest.Test(Object, Span`1)

698)    at osu.Game.Tests.Beatmaps.BeatmapConversionTest`2.<>c__DisplayClass4_1.<Test>b__2() in /app/osu.Game/Tests/Beatmaps/BeatmapConversionTest.cs:line 98
   at NUnit.Framework.Assert.Multiple(TestDelegate testDelegate)
   at osu.Game.Tests.Beatmaps.BeatmapConversionTest`2.<>c__DisplayClass4_0.<Test>b__1() in /app/osu.Game/Tests/Beatmaps/BeatmapConversionTest.cs:line 77
   at NUnit.Framework.Assert.Multiple(TestDelegate testDelegate)
   at osu.Game.Tests.Beatmaps.BeatmapConversionTest`2.Test(String name, Type[] mods) in /app/osu.Game/Tests/Beatmaps/BeatmapConversionTest.cs:line 50
   at osu.Game.Rulesets.Catch.Tests.CatchBeatmapConversionTest.Test(String name, Type[] mods) in /app/osu.Game.Rulesets.Catch.Tests/CatchBeatmapConversionTest.cs:line 58
   at InvokeStub_CatchBeatmapConversionTest.Test(Object, Span`1)

699)    at osu.Game.Tests.Beatmaps.BeatmapConversionTest`2.<>c__DisplayClass4_1.<Test>b__2() in /app/osu.Game/Tests/Beatmaps/BeatmapConversionTest.cs:line 98
   at NUnit.Framework.Assert.Multiple(TestDelegate testDelegate)
   at osu.Game.Tests.Beatmaps.BeatmapConversionTest`2.<>c__DisplayClass4_0.<Test>b__1() in /app/osu.Game/Tests/Beatmaps/BeatmapConversionTest.cs:line 77
   at NUnit.Framework.Assert.Multiple(TestDelegate testDelegate)
   at osu.Game.Tests.Beatmaps.BeatmapConversionTest`2.Test(String name, Type[] mods) in /app/osu.Game/Tests/Beatmaps/BeatmapConversionTest.cs:line 50
   at osu.Game.Rulesets.Catch.Tests.CatchBeatmapConversionTest.Test(String name, Type[] mods) in /app/osu.Game.Rulesets.Catch.Tests/CatchBeatmapConversionTest.cs:line 58
   at InvokeStub_CatchBeatmapConversionTest.Test(Object, Span`1)

700)    at osu.Game.Tests.Beatmaps.BeatmapConversionTest`2.<>c__DisplayClass4_1.<Test>b__2() in /app/osu.Game/Tests/Beatmaps/BeatmapConversionTest.cs:line 98
   at NUnit.Framework.Assert.Multiple(TestDelegate testDelegate)
   at osu.Game.Tests.Beatmaps.BeatmapConversionTest`2.<>c__DisplayClass4_0.<Test>b__1() in /app/osu.Game/Tests/Beatmaps/BeatmapConversionTest.cs:line 77
   at NUnit.Framework.Assert.Multiple(TestDelegate testDelegate)
   at osu.Game.Tests.Beatmaps.BeatmapConversionTest`2.Test(String name, Type[] mods) in /app/osu.Game/Tests/Beatmaps/BeatmapConversionTest.cs:line 50
   at osu.Game.Rulesets.Catch.Tests.CatchBeatmapConversionTest.Test(String name, Type[] mods) in /app/osu.Game.Rulesets.Catch.Tests/CatchBeatmapConversionTest.cs:line 58
   at InvokeStub_CatchBeatmapConversionTest.Test(Object, Span`1)

701)    at osu.Game.Tests.Beatmaps.BeatmapConversionTest`2.<>c__DisplayClass4_1.<Test>b__2() in /app/osu.Game/Tests/Beatmaps/BeatmapConversionTest.cs:line 98
   at NUnit.Framework.Assert.Multiple(TestDelegate testDelegate)
   at osu.Game.Tests.Beatmaps.BeatmapConversionTest`2.<>c__DisplayClass4_0.<Test>b__1() in /app/osu.Game/Tests/Beatmaps/BeatmapConversionTest.cs:line 77
   at NUnit.Framework.Assert.Multiple(TestDelegate testDelegate)
   at osu.Game.Tests.Beatmaps.BeatmapConversionTest`2.Test(String name, Type[] mods) in /app/osu.Game/Tests/Beatmaps/BeatmapConversionTest.cs:line 50
   at osu.Game.Rulesets.Catch.Tests.CatchBeatmapConversionTest.Test(String name, Type[] mods) in /app/osu.Game.Rulesets.Catch.Tests/CatchBeatmapConversionTest.cs:line 58
   at InvokeStub_CatchBeatmapConversionTest.Test(Object, Span`1)

702)    at osu.Game.Tests.Beatmaps.BeatmapConversionTest`2.<>c__DisplayClass4_1.<Test>b__2() in /app/osu.Game/Tests/Beatmaps/BeatmapConversionTest.cs:line 98
   at NUnit.Framework.Assert.Multiple(TestDelegate testDelegate)
   at osu.Game.Tests.Beatmaps.BeatmapConversionTest`2.<>c__DisplayClass4_0.<Test>b__1() in /app/osu.Game/Tests/Beatmaps/BeatmapConversionTest.cs:line 77
   at NUnit.Framework.Assert.Multiple(TestDelegate testDelegate)
   at osu.Game.Tests.Beatmaps.BeatmapConversionTest`2.Test(String name, Type[] mods) in /app/osu.Game/Tests/Beatmaps/BeatmapConversionTest.cs:line 50
   at osu.Game.Rulesets.Catch.Tests.CatchBeatmapConversionTest.Test(String name, Type[] mods) in /app/osu.Game.Rulesets.Catch.Tests/CatchBeatmapConversionTest.cs:line 58
   at InvokeStub_CatchBeatmapConversionTest.Test(Object, Span`1)

703)    at osu.Game.Tests.Beatmaps.BeatmapConversionTest`2.<>c__DisplayClass4_1.<Test>b__2() in /app/osu.Game/Tests/Beatmaps/BeatmapConversionTest.cs:line 98
   at NUnit.Framework.Assert.Multiple(TestDelegate testDelegate)
   at osu.Game.Tests.Beatmaps.BeatmapConversionTest`2.<>c__DisplayClass4_0.<Test>b__1() in /app/osu.Game/Tests/Beatmaps/BeatmapConversionTest.cs:line 77
   at NUnit.Framework.Assert.Multiple(TestDelegate testDelegate)
   at osu.Game.Tests.Beatmaps.BeatmapConversionTest`2.Test(String name, Type[] mods) in /app/osu.Game/Tests/Beatmaps/BeatmapConversionTest.cs:line 50
   at osu.Game.Rulesets.Catch.Tests.CatchBeatmapConversionTest.Test(String name, Type[] mods) in /app/osu.Game.Rulesets.Catch.Tests/CatchBeatmapConversionTest.cs:line 58
   at InvokeStub_CatchBeatmapConversionTest.Test(Object, Span`1)

704)    at osu.Game.Tests.Beatmaps.BeatmapConversionTest`2.<>c__DisplayClass4_1.<Test>b__2() in /app/osu.Game/Tests/Beatmaps/BeatmapConversionTest.cs:line 98
   at NUnit.Framework.Assert.Multiple(TestDelegate testDelegate)
   at osu.Game.Tests.Beatmaps.BeatmapConversionTest`2.<>c__DisplayClass4_0.<Test>b__1() in /app/osu.Game/Tests/Beatmaps/BeatmapConversionTest.cs:line 77
   at NUnit.Framework.Assert.Multiple(TestDelegate testDelegate)
   at osu.Game.Tests.Beatmaps.BeatmapConversionTest`2.Test(String name, Type[] mods) in /app/osu.Game/Tests/Beatmaps/BeatmapConversionTest.cs:line 50
   at osu.Game.Rulesets.Catch.Tests.CatchBeatmapConversionTest.Test(String name, Type[] mods) in /app/osu.Game.Rulesets.Catch.Tests/CatchBeatmapConversionTest.cs:line 58
   at InvokeStub_CatchBeatmapConversionTest.Test(Object, Span`1)

705)    at osu.Game.Tests.Beatmaps.BeatmapConversionTest`2.<>c__DisplayClass4_1.<Test>b__2() in /app/osu.Game/Tests/Beatmaps/BeatmapConversionTest.cs:line 98
   at NUnit.Framework.Assert.Multiple(TestDelegate testDelegate)
   at osu.Game.Tests.Beatmaps.BeatmapConversionTest`2.<>c__DisplayClass4_0.<Test>b__1() in /app/osu.Game/Tests/Beatmaps/BeatmapConversionTest.cs:line 77
   at NUnit.Framework.Assert.Multiple(TestDelegate testDelegate)
   at osu.Game.Tests.Beatmaps.BeatmapConversionTest`2.Test(String name, Type[] mods) in /app/osu.Game/Tests/Beatmaps/BeatmapConversionTest.cs:line 50
   at osu.Game.Rulesets.Catch.Tests.CatchBeatmapConversionTest.Test(String name, Type[] mods) in /app/osu.Game.Rulesets.Catch.Tests/CatchBeatmapConversionTest.cs:line 58
   at InvokeStub_CatchBeatmapConversionTest.Test(Object, Span`1)

706)    at osu.Game.Tests.Beatmaps.BeatmapConversionTest`2.<>c__DisplayClass4_1.<Test>b__2() in /app/osu.Game/Tests/Beatmaps/BeatmapConversionTest.cs:line 98
   at NUnit.Framework.Assert.Multiple(TestDelegate testDelegate)
   at osu.Game.Tests.Beatmaps.BeatmapConversionTest`2.<>c__DisplayClass4_0.<Test>b__1() in /app/osu.Game/Tests/Beatmaps/BeatmapConversionTest.cs:line 77
   at NUnit.Framework.Assert.Multiple(TestDelegate testDelegate)
   at osu.Game.Tests.Beatmaps.BeatmapConversionTest`2.Test(String name, Type[] mods) in /app/osu.Game/Tests/Beatmaps/BeatmapConversionTest.cs:line 50
   at osu.Game.Rulesets.Catch.Tests.CatchBeatmapConversionTest.Test(String name, Type[] mods) in /app/osu.Game.Rulesets.Catch.Tests/CatchBeatmapConversionTest.cs:line 58
   at InvokeStub_CatchBeatmapConversionTest.Test(Object, Span`1)

707)    at osu.Game.Tests.Beatmaps.BeatmapConversionTest`2.<>c__DisplayClass4_1.<Test>b__2() in /app/osu.Game/Tests/Beatmaps/BeatmapConversionTest.cs:line 98
   at NUnit.Framework.Assert.Multiple(TestDelegate testDelegate)
   at osu.Game.Tests.Beatmaps.BeatmapConversionTest`2.<>c__DisplayClass4_0.<Test>b__1() in /app/osu.Game/Tests/Beatmaps/BeatmapConversionTest.cs:line 77
   at NUnit.Framework.Assert.Multiple(TestDelegate testDelegate)
   at osu.Game.Tests.Beatmaps.BeatmapConversionTest`2.Test(String name, Type[] mods) in /app/osu.Game/Tests/Beatmaps/BeatmapConversionTest.cs:line 50
   at osu.Game.Rulesets.Catch.Tests.CatchBeatmapConversionTest.Test(String name, Type[] mods) in /app/osu.Game.Rulesets.Catch.Tests/CatchBeatmapConversionTest.cs:line 58
   at InvokeStub_CatchBeatmapConversionTest.Test(Object, Span`1)

708)    at osu.Game.Tests.Beatmaps.BeatmapConversionTest`2.<>c__DisplayClass4_1.<Test>b__2() in /app/osu.Game/Tests/Beatmaps/BeatmapConversionTest.cs:line 98
   at NUnit.Framework.Assert.Multiple(TestDelegate testDelegate)
   at osu.Game.Tests.Beatmaps.BeatmapConversionTest`2.<>c__DisplayClass4_0.<Test>b__1() in /app/osu.Game/Tests/Beatmaps/BeatmapConversionTest.cs:line 77
   at NUnit.Framework.Assert.Multiple(TestDelegate testDelegate)
   at osu.Game.Tests.Beatmaps.BeatmapConversionTest`2.Test(String name, Type[] mods) in /app/osu.Game/Tests/Beatmaps/BeatmapConversionTest.cs:line 50
   at osu.Game.Rulesets.Catch.Tests.CatchBeatmapConversionTest.Test(String name, Type[] mods) in /app/osu.Game.Rulesets.Catch.Tests/CatchBeatmapConversionTest.cs:line 58
   at InvokeStub_CatchBeatmapConversionTest.Test(Object, Span`1)

709)    at osu.Game.Tests.Beatmaps.BeatmapConversionTest`2.<>c__DisplayClass4_1.<Test>b__2() in /app/osu.Game/Tests/Beatmaps/BeatmapConversionTest.cs:line 98
   at NUnit.Framework.Assert.Multiple(TestDelegate testDelegate)
   at osu.Game.Tests.Beatmaps.BeatmapConversionTest`2.<>c__DisplayClass4_0.<Test>b__1() in /app/osu.Game/Tests/Beatmaps/BeatmapConversionTest.cs:line 77
   at NUnit.Framework.Assert.Multiple(TestDelegate testDelegate)
   at osu.Game.Tests.Beatmaps.BeatmapConversionTest`2.Test(String name, Type[] mods) in /app/osu.Game/Tests/Beatmaps/BeatmapConversionTest.cs:line 50
   at osu.Game.Rulesets.Catch.Tests.CatchBeatmapConversionTest.Test(String name, Type[] mods) in /app/osu.Game.Rulesets.Catch.Tests/CatchBeatmapConversionTest.cs:line 58
   at InvokeStub_CatchBeatmapConversionTest.Test(Object, Span`1)

710)    at osu.Game.Tests.Beatmaps.BeatmapConversionTest`2.<>c__DisplayClass4_1.<Test>b__2() in /app/osu.Game/Tests/Beatmaps/BeatmapConversionTest.cs:line 98
   at NUnit.Framework.Assert.Multiple(TestDelegate testDelegate)
   at osu.Game.Tests.Beatmaps.BeatmapConversionTest`2.<>c__DisplayClass4_0.<Test>b__1() in /app/osu.Game/Tests/Beatmaps/BeatmapConversionTest.cs:line 77
   at NUnit.Framework.Assert.Multiple(TestDelegate testDelegate)
   at osu.Game.Tests.Beatmaps.BeatmapConversionTest`2.Test(String name, Type[] mods) in /app/osu.Game/Tests/Beatmaps/BeatmapConversionTest.cs:line 50
   at osu.Game.Rulesets.Catch.Tests.CatchBeatmapConversionTest.Test(String name, Type[] mods) in /app/osu.Game.Rulesets.Catch.Tests/CatchBeatmapConversionTest.cs:line 58
   at InvokeStub_CatchBeatmapConversionTest.Test(Object, Span`1)

711)    at osu.Game.Tests.Beatmaps.BeatmapConversionTest`2.<>c__DisplayClass4_1.<Test>b__2() in /app/osu.Game/Tests/Beatmaps/BeatmapConversionTest.cs:line 98
   at NUnit.Framework.Assert.Multiple(TestDelegate testDelegate)
   at osu.Game.Tests.Beatmaps.BeatmapConversionTest`2.<>c__DisplayClass4_0.<Test>b__1() in /app/osu.Game/Tests/Beatmaps/BeatmapConversionTest.cs:line 77
   at NUnit.Framework.Assert.Multiple(TestDelegate testDelegate)
   at osu.Game.Tests.Beatmaps.BeatmapConversionTest`2.Test(String name, Type[] mods) in /app/osu.Game/Tests/Beatmaps/BeatmapConversionTest.cs:line 50
   at osu.Game.Rulesets.Catch.Tests.CatchBeatmapConversionTest.Test(String name, Type[] mods) in /app/osu.Game.Rulesets.Catch.Tests/CatchBeatmapConversionTest.cs:line 58
   at InvokeStub_CatchBeatmapConversionTest.Test(Object, Span`1)

712)    at osu.Game.Tests.Beatmaps.BeatmapConversionTest`2.<>c__DisplayClass4_1.<Test>b__2() in /app/osu.Game/Tests/Beatmaps/BeatmapConversionTest.cs:line 98
   at NUnit.Framework.Assert.Multiple(TestDelegate testDelegate)
   at osu.Game.Tests.Beatmaps.BeatmapConversionTest`2.<>c__DisplayClass4_0.<Test>b__1() in /app/osu.Game/Tests/Beatmaps/BeatmapConversionTest.cs:line 77
   at NUnit.Framework.Assert.Multiple(TestDelegate testDelegate)
   at osu.Game.Tests.Beatmaps.BeatmapConversionTest`2.Test(String name, Type[] mods) in /app/osu.Game/Tests/Beatmaps/BeatmapConversionTest.cs:line 50
   at osu.Game.Rulesets.Catch.Tests.CatchBeatmapConversionTest.Test(String name, Type[] mods) in /app/osu.Game.Rulesets.Catch.Tests/CatchBeatmapConversionTest.cs:line 58
   at InvokeStub_CatchBeatmapConversionTest.Test(Object, Span`1)

713)    at osu.Game.Tests.Beatmaps.BeatmapConversionTest`2.<>c__DisplayClass4_1.<Test>b__2() in /app/osu.Game/Tests/Beatmaps/BeatmapConversionTest.cs:line 98
   at NUnit.Framework.Assert.Multiple(TestDelegate testDelegate)
   at osu.Game.Tests.Beatmaps.BeatmapConversionTest`2.<>c__DisplayClass4_0.<Test>b__1() in /app/osu.Game/Tests/Beatmaps/BeatmapConversionTest.cs:line 77
   at NUnit.Framework.Assert.Multiple(TestDelegate testDelegate)
   at osu.Game.Tests.Beatmaps.BeatmapConversionTest`2.Test(String name, Type[] mods) in /app/osu.Game/Tests/Beatmaps/BeatmapConversionTest.cs:line 50
   at osu.Game.Rulesets.Catch.Tests.CatchBeatmapConversionTest.Test(String name, Type[] mods) in /app/osu.Game.Rulesets.Catch.Tests/CatchBeatmapConversionTest.cs:line 58
   at InvokeStub_CatchBeatmapConversionTest.Test(Object, Span`1)

714)    at osu.Game.Tests.Beatmaps.BeatmapConversionTest`2.<>c__DisplayClass4_1.<Test>b__2() in /app/osu.Game/Tests/Beatmaps/BeatmapConversionTest.cs:line 98
   at NUnit.Framework.Assert.Multiple(TestDelegate testDelegate)
   at osu.Game.Tests.Beatmaps.BeatmapConversionTest`2.<>c__DisplayClass4_0.<Test>b__1() in /app/osu.Game/Tests/Beatmaps/BeatmapConversionTest.cs:line 77
   at NUnit.Framework.Assert.Multiple(TestDelegate testDelegate)
   at osu.Game.Tests.Beatmaps.BeatmapConversionTest`2.Test(String name, Type[] mods) in /app/osu.Game/Tests/Beatmaps/BeatmapConversionTest.cs:line 50
   at osu.Game.Rulesets.Catch.Tests.CatchBeatmapConversionTest.Test(String name, Type[] mods) in /app/osu.Game.Rulesets.Catch.Tests/CatchBeatmapConversionTest.cs:line 58
   at InvokeStub_CatchBeatmapConversionTest.Test(Object, Span`1)

715)    at osu.Game.Tests.Beatmaps.BeatmapConversionTest`2.<>c__DisplayClass4_1.<Test>b__2() in /app/osu.Game/Tests/Beatmaps/BeatmapConversionTest.cs:line 98
   at NUnit.Framework.Assert.Multiple(TestDelegate testDelegate)
   at osu.Game.Tests.Beatmaps.BeatmapConversionTest`2.<>c__DisplayClass4_0.<Test>b__1() in /app/osu.Game/Tests/Beatmaps/BeatmapConversionTest.cs:line 77
   at NUnit.Framework.Assert.Multiple(TestDelegate testDelegate)
   at osu.Game.Tests.Beatmaps.BeatmapConversionTest`2.Test(String name, Type[] mods) in /app/osu.Game/Tests/Beatmaps/BeatmapConversionTest.cs:line 50
   at osu.Game.Rulesets.Catch.Tests.CatchBeatmapConversionTest.Test(String name, Type[] mods) in /app/osu.Game.Rulesets.Catch.Tests/CatchBeatmapConversionTest.cs:line 58
   at InvokeStub_CatchBeatmapConversionTest.Test(Object, Span`1)

716)    at osu.Game.Tests.Beatmaps.BeatmapConversionTest`2.<>c__DisplayClass4_1.<Test>b__2() in /app/osu.Game/Tests/Beatmaps/BeatmapConversionTest.cs:line 98
   at NUnit.Framework.Assert.Multiple(TestDelegate testDelegate)
   at osu.Game.Tests.Beatmaps.BeatmapConversionTest`2.<>c__DisplayClass4_0.<Test>b__1() in /app/osu.Game/Tests/Beatmaps/BeatmapConversionTest.cs:line 77
   at NUnit.Framework.Assert.Multiple(TestDelegate testDelegate)
   at osu.Game.Tests.Beatmaps.BeatmapConversionTest`2.Test(String name, Type[] mods) in /app/osu.Game/Tests/Beatmaps/BeatmapConversionTest.cs:line 50
   at osu.Game.Rulesets.Catch.Tests.CatchBeatmapConversionTest.Test(String name, Type[] mods) in /app/osu.Game.Rulesets.Catch.Tests/CatchBeatmapConversionTest.cs:line 58
   at InvokeStub_CatchBeatmapConversionTest.Test(Object, Span`1)

717)    at osu.Game.Tests.Beatmaps.BeatmapConversionTest`2.<>c__DisplayClass4_1.<Test>b__2() in /app/osu.Game/Tests/Beatmaps/BeatmapConversionTest.cs:line 98
   at NUnit.Framework.Assert.Multiple(TestDelegate testDelegate)
   at osu.Game.Tests.Beatmaps.BeatmapConversionTest`2.<>c__DisplayClass4_0.<Test>b__1() in /app/osu.Game/Tests/Beatmaps/BeatmapConversionTest.cs:line 77
   at NUnit.Framework.Assert.Multiple(TestDelegate testDelegate)
   at osu.Game.Tests.Beatmaps.BeatmapConversionTest`2.Test(String name, Type[] mods) in /app/osu.Game/Tests/Beatmaps/BeatmapConversionTest.cs:line 50
   at osu.Game.Rulesets.Catch.Tests.CatchBeatmapConversionTest.Test(String name, Type[] mods) in /app/osu.Game.Rulesets.Catch.Tests/CatchBeatmapConversionTest.cs:line 58
   at InvokeStub_CatchBeatmapConversionTest.Test(Object, Span`1)

718)    at osu.Game.Tests.Beatmaps.BeatmapConversionTest`2.<>c__DisplayClass4_1.<Test>b__2() in /app/osu.Game/Tests/Beatmaps/BeatmapConversionTest.cs:line 98
   at NUnit.Framework.Assert.Multiple(TestDelegate testDelegate)
   at osu.Game.Tests.Beatmaps.BeatmapConversionTest`2.<>c__DisplayClass4_0.<Test>b__1() in /app/osu.Game/Tests/Beatmaps/BeatmapConversionTest.cs:line 77
   at NUnit.Framework.Assert.Multiple(TestDelegate testDelegate)
   at osu.Game.Tests.Beatmaps.BeatmapConversionTest`2.Test(String name, Type[] mods) in /app/osu.Game/Tests/Beatmaps/BeatmapConversionTest.cs:line 50
   at osu.Game.Rulesets.Catch.Tests.CatchBeatmapConversionTest.Test(String name, Type[] mods) in /app/osu.Game.Rulesets.Catch.Tests/CatchBeatmapConversionTest.cs:line 58
   at InvokeStub_CatchBeatmapConversionTest.Test(Object, Span`1)

719)    at osu.Game.Tests.Beatmaps.BeatmapConversionTest`2.<>c__DisplayClass4_1.<Test>b__2() in /app/osu.Game/Tests/Beatmaps/BeatmapConversionTest.cs:line 98
   at NUnit.Framework.Assert.Multiple(TestDelegate testDelegate)
   at osu.Game.Tests.Beatmaps.BeatmapConversionTest`2.<>c__DisplayClass4_0.<Test>b__1() in /app/osu.Game/Tests/Beatmaps/BeatmapConversionTest.cs:line 77
   at NUnit.Framework.Assert.Multiple(TestDelegate testDelegate)
   at osu.Game.Tests.Beatmaps.BeatmapConversionTest`2.Test(String name, Type[] mods) in /app/osu.Game/Tests/Beatmaps/BeatmapConversionTest.cs:line 50
   at osu.Game.Rulesets.Catch.Tests.CatchBeatmapConversionTest.Test(String name, Type[] mods) in /app/osu.Game.Rulesets.Catch.Tests/CatchBeatmapConversionTest.cs:line 58
   at InvokeStub_CatchBeatmapConversionTest.Test(Object, Span`1)

720)    at osu.Game.Tests.Beatmaps.BeatmapConversionTest`2.<>c__DisplayClass4_1.<Test>b__2() in /app/osu.Game/Tests/Beatmaps/BeatmapConversionTest.cs:line 98
   at NUnit.Framework.Assert.Multiple(TestDelegate testDelegate)
   at osu.Game.Tests.Beatmaps.BeatmapConversionTest`2.<>c__DisplayClass4_0.<Test>b__1() in /app/osu.Game/Tests/Beatmaps/BeatmapConversionTest.cs:line 77
   at NUnit.Framework.Assert.Multiple(TestDelegate testDelegate)
   at osu.Game.Tests.Beatmaps.BeatmapConversionTest`2.Test(String name, Type[] mods) in /app/osu.Game/Tests/Beatmaps/BeatmapConversionTest.cs:line 50
   at osu.Game.Rulesets.Catch.Tests.CatchBeatmapConversionTest.Test(String name, Type[] mods) in /app/osu.Game.Rulesets.Catch.Tests/CatchBeatmapConversionTest.cs:line 58
   at InvokeStub_CatchBeatmapConversionTest.Test(Object, Span`1)

721)    at osu.Game.Tests.Beatmaps.BeatmapConversionTest`2.<>c__DisplayClass4_1.<Test>b__2() in /app/osu.Game/Tests/Beatmaps/BeatmapConversionTest.cs:line 98
   at NUnit.Framework.Assert.Multiple(TestDelegate testDelegate)
   at osu.Game.Tests.Beatmaps.BeatmapConversionTest`2.<>c__DisplayClass4_0.<Test>b__1() in /app/osu.Game/Tests/Beatmaps/BeatmapConversionTest.cs:line 77
   at NUnit.Framework.Assert.Multiple(TestDelegate testDelegate)
   at osu.Game.Tests.Beatmaps.BeatmapConversionTest`2.Test(String name, Type[] mods) in /app/osu.Game/Tests/Beatmaps/BeatmapConversionTest.cs:line 50
   at osu.Game.Rulesets.Catch.Tests.CatchBeatmapConversionTest.Test(String name, Type[] mods) in /app/osu.Game.Rulesets.Catch.Tests/CatchBeatmapConversionTest.cs:line 58
   at InvokeStub_CatchBeatmapConversionTest.Test(Object, Span`1)

722)    at osu.Game.Tests.Beatmaps.BeatmapConversionTest`2.<>c__DisplayClass4_1.<Test>b__2() in /app/osu.Game/Tests/Beatmaps/BeatmapConversionTest.cs:line 98
   at NUnit.Framework.Assert.Multiple(TestDelegate testDelegate)
   at osu.Game.Tests.Beatmaps.BeatmapConversionTest`2.<>c__DisplayClass4_0.<Test>b__1() in /app/osu.Game/Tests/Beatmaps/BeatmapConversionTest.cs:line 77
   at NUnit.Framework.Assert.Multiple(TestDelegate testDelegate)
   at osu.Game.Tests.Beatmaps.BeatmapConversionTest`2.Test(String name, Type[] mods) in /app/osu.Game/Tests/Beatmaps/BeatmapConversionTest.cs:line 50
   at osu.Game.Rulesets.Catch.Tests.CatchBeatmapConversionTest.Test(String name, Type[] mods) in /app/osu.Game.Rulesets.Catch.Tests/CatchBeatmapConversionTest.cs:line 58
   at InvokeStub_CatchBeatmapConversionTest.Test(Object, Span`1)

723)    at osu.Game.Tests.Beatmaps.BeatmapConversionTest`2.<>c__DisplayClass4_1.<Test>b__2() in /app/osu.Game/Tests/Beatmaps/BeatmapConversionTest.cs:line 98
   at NUnit.Framework.Assert.Multiple(TestDelegate testDelegate)
   at osu.Game.Tests.Beatmaps.BeatmapConversionTest`2.<>c__DisplayClass4_0.<Test>b__1() in /app/osu.Game/Tests/Beatmaps/BeatmapConversionTest.cs:line 77
   at NUnit.Framework.Assert.Multiple(TestDelegate testDelegate)
   at osu.Game.Tests.Beatmaps.BeatmapConversionTest`2.Test(String name, Type[] mods) in /app/osu.Game/Tests/Beatmaps/BeatmapConversionTest.cs:line 50
   at osu.Game.Rulesets.Catch.Tests.CatchBeatmapConversionTest.Test(String name, Type[] mods) in /app/osu.Game.Rulesets.Catch.Tests/CatchBeatmapConversionTest.cs:line 58
   at InvokeStub_CatchBeatmapConversionTest.Test(Object, Span`1)

724)    at osu.Game.Tests.Beatmaps.BeatmapConversionTest`2.<>c__DisplayClass4_1.<Test>b__2() in /app/osu.Game/Tests/Beatmaps/BeatmapConversionTest.cs:line 98
   at NUnit.Framework.Assert.Multiple(TestDelegate testDelegate)
   at osu.Game.Tests.Beatmaps.BeatmapConversionTest`2.<>c__DisplayClass4_0.<Test>b__1() in /app/osu.Game/Tests/Beatmaps/BeatmapConversionTest.cs:line 77
   at NUnit.Framework.Assert.Multiple(TestDelegate testDelegate)
   at osu.Game.Tests.Beatmaps.BeatmapConversionTest`2.Test(String name, Type[] mods) in /app/osu.Game/Tests/Beatmaps/BeatmapConversionTest.cs:line 50
   at osu.Game.Rulesets.Catch.Tests.CatchBeatmapConversionTest.Test(String name, Type[] mods) in /app/osu.Game.Rulesets.Catch.Tests/CatchBeatmapConversionTest.cs:line 58
   at InvokeStub_CatchBeatmapConversionTest.Test(Object, Span`1)

725)    at osu.Game.Tests.Beatmaps.BeatmapConversionTest`2.<>c__DisplayClass4_1.<Test>b__2() in /app/osu.Game/Tests/Beatmaps/BeatmapConversionTest.cs:line 98
   at NUnit.Framework.Assert.Multiple(TestDelegate testDelegate)
   at osu.Game.Tests.Beatmaps.BeatmapConversionTest`2.<>c__DisplayClass4_0.<Test>b__1() in /app/osu.Game/Tests/Beatmaps/BeatmapConversionTest.cs:line 77
   at NUnit.Framework.Assert.Multiple(TestDelegate testDelegate)
   at osu.Game.Tests.Beatmaps.BeatmapConversionTest`2.Test(String name, Type[] mods) in /app/osu.Game/Tests/Beatmaps/BeatmapConversionTest.cs:line 50
   at osu.Game.Rulesets.Catch.Tests.CatchBeatmapConversionTest.Test(String name, Type[] mods) in /app/osu.Game.Rulesets.Catch.Tests/CatchBeatmapConversionTest.cs:line 58
   at InvokeStub_CatchBeatmapConversionTest.Test(Object, Span`1)

726)    at osu.Game.Tests.Beatmaps.BeatmapConversionTest`2.<>c__DisplayClass4_1.<Test>b__2() in /app/osu.Game/Tests/Beatmaps/BeatmapConversionTest.cs:line 98
   at NUnit.Framework.Assert.Multiple(TestDelegate testDelegate)
   at osu.Game.Tests.Beatmaps.BeatmapConversionTest`2.<>c__DisplayClass4_0.<Test>b__1() in /app/osu.Game/Tests/Beatmaps/BeatmapConversionTest.cs:line 77
   at NUnit.Framework.Assert.Multiple(TestDelegate testDelegate)
   at osu.Game.Tests.Beatmaps.BeatmapConversionTest`2.Test(String name, Type[] mods) in /app/osu.Game/Tests/Beatmaps/BeatmapConversionTest.cs:line 50
   at osu.Game.Rulesets.Catch.Tests.CatchBeatmapConversionTest.Test(String name, Type[] mods) in /app/osu.Game.Rulesets.Catch.Tests/CatchBeatmapConversionTest.cs:line 58
   at InvokeStub_CatchBeatmapConversionTest.Test(Object, Span`1)

727)    at osu.Game.Tests.Beatmaps.BeatmapConversionTest`2.<>c__DisplayClass4_1.<Test>b__2() in /app/osu.Game/Tests/Beatmaps/BeatmapConversionTest.cs:line 98
   at NUnit.Framework.Assert.Multiple(TestDelegate testDelegate)
   at osu.Game.Tests.Beatmaps.BeatmapConversionTest`2.<>c__DisplayClass4_0.<Test>b__1() in /app/osu.Game/Tests/Beatmaps/BeatmapConversionTest.cs:line 77
   at NUnit.Framework.Assert.Multiple(TestDelegate testDelegate)
   at osu.Game.Tests.Beatmaps.BeatmapConversionTest`2.Test(String name, Type[] mods) in /app/osu.Game/Tests/Beatmaps/BeatmapConversionTest.cs:line 50
   at osu.Game.Rulesets.Catch.Tests.CatchBeatmapConversionTest.Test(String name, Type[] mods) in /app/osu.Game.Rulesets.Catch.Tests/CatchBeatmapConversionTest.cs:line 58
   at InvokeStub_CatchBeatmapConversionTest.Test(Object, Span`1)

728)    at osu.Game.Tests.Beatmaps.BeatmapConversionTest`2.<>c__DisplayClass4_1.<Test>b__2() in /app/osu.Game/Tests/Beatmaps/BeatmapConversionTest.cs:line 98
   at NUnit.Framework.Assert.Multiple(TestDelegate testDelegate)
   at osu.Game.Tests.Beatmaps.BeatmapConversionTest`2.<>c__DisplayClass4_0.<Test>b__1() in /app/osu.Game/Tests/Beatmaps/BeatmapConversionTest.cs:line 77
   at NUnit.Framework.Assert.Multiple(TestDelegate testDelegate)
   at osu.Game.Tests.Beatmaps.BeatmapConversionTest`2.Test(String name, Type[] mods) in /app/osu.Game/Tests/Beatmaps/BeatmapConversionTest.cs:line 50
   at osu.Game.Rulesets.Catch.Tests.CatchBeatmapConversionTest.Test(String name, Type[] mods) in /app/osu.Game.Rulesets.Catch.Tests/CatchBeatmapConversionTest.cs:line 58
   at InvokeStub_CatchBeatmapConversionTest.Test(Object, Span`1)

729)    at osu.Game.Tests.Beatmaps.BeatmapConversionTest`2.<>c__DisplayClass4_1.<Test>b__2() in /app/osu.Game/Tests/Beatmaps/BeatmapConversionTest.cs:line 98
   at NUnit.Framework.Assert.Multiple(TestDelegate testDelegate)
   at osu.Game.Tests.Beatmaps.BeatmapConversionTest`2.<>c__DisplayClass4_0.<Test>b__1() in /app/osu.Game/Tests/Beatmaps/BeatmapConversionTest.cs:line 77
   at NUnit.Framework.Assert.Multiple(TestDelegate testDelegate)
   at osu.Game.Tests.Beatmaps.BeatmapConversionTest`2.Test(String name, Type[] mods) in /app/osu.Game/Tests/Beatmaps/BeatmapConversionTest.cs:line 50
   at osu.Game.Rulesets.Catch.Tests.CatchBeatmapConversionTest.Test(String name, Type[] mods) in /app/osu.Game.Rulesets.Catch.Tests/CatchBeatmapConversionTest.cs:line 58
   at InvokeStub_CatchBeatmapConversionTest.Test(Object, Span`1)

730)    at osu.Game.Tests.Beatmaps.BeatmapConversionTest`2.<>c__DisplayClass4_1.<Test>b__2() in /app/osu.Game/Tests/Beatmaps/BeatmapConversionTest.cs:line 98
   at NUnit.Framework.Assert.Multiple(TestDelegate testDelegate)
   at osu.Game.Tests.Beatmaps.BeatmapConversionTest`2.<>c__DisplayClass4_0.<Test>b__1() in /app/osu.Game/Tests/Beatmaps/BeatmapConversionTest.cs:line 77
   at NUnit.Framework.Assert.Multiple(TestDelegate testDelegate)
   at osu.Game.Tests.Beatmaps.BeatmapConversionTest`2.Test(String name, Type[] mods) in /app/osu.Game/Tests/Beatmaps/BeatmapConversionTest.cs:line 50
   at osu.Game.Rulesets.Catch.Tests.CatchBeatmapConversionTest.Test(String name, Type[] mods) in /app/osu.Game.Rulesets.Catch.Tests/CatchBeatmapConversionTest.cs:line 58
   at InvokeStub_CatchBeatmapConversionTest.Test(Object, Span`1)

731)    at osu.Game.Tests.Beatmaps.BeatmapConversionTest`2.<>c__DisplayClass4_1.<Test>b__2() in /app/osu.Game/Tests/Beatmaps/BeatmapConversionTest.cs:line 98
   at NUnit.Framework.Assert.Multiple(TestDelegate testDelegate)
   at osu.Game.Tests.Beatmaps.BeatmapConversionTest`2.<>c__DisplayClass4_0.<Test>b__1() in /app/osu.Game/Tests/Beatmaps/BeatmapConversionTest.cs:line 77
   at NUnit.Framework.Assert.Multiple(TestDelegate testDelegate)
   at osu.Game.Tests.Beatmaps.BeatmapConversionTest`2.Test(String name, Type[] mods) in /app/osu.Game/Tests/Beatmaps/BeatmapConversionTest.cs:line 50
   at osu.Game.Rulesets.Catch.Tests.CatchBeatmapConversionTest.Test(String name, Type[] mods) in /app/osu.Game.Rulesets.Catch.Tests/CatchBeatmapConversionTest.cs:line 58
   at InvokeStub_CatchBeatmapConversionTest.Test(Object, Span`1)

732)    at osu.Game.Tests.Beatmaps.BeatmapConversionTest`2.<>c__DisplayClass4_1.<Test>b__2() in /app/osu.Game/Tests/Beatmaps/BeatmapConversionTest.cs:line 98
   at NUnit.Framework.Assert.Multiple(TestDelegate testDelegate)
   at osu.Game.Tests.Beatmaps.BeatmapConversionTest`2.<>c__DisplayClass4_0.<Test>b__1() in /app/osu.Game/Tests/Beatmaps/BeatmapConversionTest.cs:line 77
   at NUnit.Framework.Assert.Multiple(TestDelegate testDelegate)
   at osu.Game.Tests.Beatmaps.BeatmapConversionTest`2.Test(String name, Type[] mods) in /app/osu.Game/Tests/Beatmaps/BeatmapConversionTest.cs:line 50
   at osu.Game.Rulesets.Catch.Tests.CatchBeatmapConversionTest.Test(String name, Type[] mods) in /app/osu.Game.Rulesets.Catch.Tests/CatchBeatmapConversionTest.cs:line 58
   at InvokeStub_CatchBeatmapConversionTest.Test(Object, Span`1)

733)    at osu.Game.Tests.Beatmaps.BeatmapConversionTest`2.<>c__DisplayClass4_1.<Test>b__2() in /app/osu.Game/Tests/Beatmaps/BeatmapConversionTest.cs:line 98
   at NUnit.Framework.Assert.Multiple(TestDelegate testDelegate)
   at osu.Game.Tests.Beatmaps.BeatmapConversionTest`2.<>c__DisplayClass4_0.<Test>b__1() in /app/osu.Game/Tests/Beatmaps/BeatmapConversionTest.cs:line 77
   at NUnit.Framework.Assert.Multiple(TestDelegate testDelegate)
   at osu.Game.Tests.Beatmaps.BeatmapConversionTest`2.Test(String name, Type[] mods) in /app/osu.Game/Tests/Beatmaps/BeatmapConversionTest.cs:line 50
   at osu.Game.Rulesets.Catch.Tests.CatchBeatmapConversionTest.Test(String name, Type[] mods) in /app/osu.Game.Rulesets.Catch.Tests/CatchBeatmapConversionTest.cs:line 58
   at InvokeStub_CatchBeatmapConversionTest.Test(Object, Span`1)

734)    at osu.Game.Tests.Beatmaps.BeatmapConversionTest`2.<>c__DisplayClass4_1.<Test>b__2() in /app/osu.Game/Tests/Beatmaps/BeatmapConversionTest.cs:line 98
   at NUnit.Framework.Assert.Multiple(TestDelegate testDelegate)
   at osu.Game.Tests.Beatmaps.BeatmapConversionTest`2.<>c__DisplayClass4_0.<Test>b__1() in /app/osu.Game/Tests/Beatmaps/BeatmapConversionTest.cs:line 77
   at NUnit.Framework.Assert.Multiple(TestDelegate testDelegate)
   at osu.Game.Tests.Beatmaps.BeatmapConversionTest`2.Test(String name, Type[] mods) in /app/osu.Game/Tests/Beatmaps/BeatmapConversionTest.cs:line 50
   at osu.Game.Rulesets.Catch.Tests.CatchBeatmapConversionTest.Test(String name, Type[] mods) in /app/osu.Game.Rulesets.Catch.Tests/CatchBeatmapConversionTest.cs:line 58
   at InvokeStub_CatchBeatmapConversionTest.Test(Object, Span`1)

735)    at osu.Game.Tests.Beatmaps.BeatmapConversionTest`2.<>c__DisplayClass4_1.<Test>b__2() in /app/osu.Game/Tests/Beatmaps/BeatmapConversionTest.cs:line 98
   at NUnit.Framework.Assert.Multiple(TestDelegate testDelegate)
   at osu.Game.Tests.Beatmaps.BeatmapConversionTest`2.<>c__DisplayClass4_0.<Test>b__1() in /app/osu.Game/Tests/Beatmaps/BeatmapConversionTest.cs:line 77
   at NUnit.Framework.Assert.Multiple(TestDelegate testDelegate)
   at osu.Game.Tests.Beatmaps.BeatmapConversionTest`2.Test(String name, Type[] mods) in /app/osu.Game/Tests/Beatmaps/BeatmapConversionTest.cs:line 50
   at osu.Game.Rulesets.Catch.Tests.CatchBeatmapConversionTest.Test(String name, Type[] mods) in /app/osu.Game.Rulesets.Catch.Tests/CatchBeatmapConversionTest.cs:line 58
   at InvokeStub_CatchBeatmapConversionTest.Test(Object, Span`1)

736)    at osu.Game.Tests.Beatmaps.BeatmapConversionTest`2.<>c__DisplayClass4_1.<Test>b__2() in /app/osu.Game/Tests/Beatmaps/BeatmapConversionTest.cs:line 98
   at NUnit.Framework.Assert.Multiple(TestDelegate testDelegate)
   at osu.Game.Tests.Beatmaps.BeatmapConversionTest`2.<>c__DisplayClass4_0.<Test>b__1() in /app/osu.Game/Tests/Beatmaps/BeatmapConversionTest.cs:line 77
   at NUnit.Framework.Assert.Multiple(TestDelegate testDelegate)
   at osu.Game.Tests.Beatmaps.BeatmapConversionTest`2.Test(String name, Type[] mods) in /app/osu.Game/Tests/Beatmaps/BeatmapConversionTest.cs:line 50
   at osu.Game.Rulesets.Catch.Tests.CatchBeatmapConversionTest.Test(String name, Type[] mods) in /app/osu.Game.Rulesets.Catch.Tests/CatchBeatmapConversionTest.cs:line 58
   at InvokeStub_CatchBeatmapConversionTest.Test(Object, Span`1)

737)    at osu.Game.Tests.Beatmaps.BeatmapConversionTest`2.<>c__DisplayClass4_1.<Test>b__2() in /app/osu.Game/Tests/Beatmaps/BeatmapConversionTest.cs:line 98
   at NUnit.Framework.Assert.Multiple(TestDelegate testDelegate)
   at osu.Game.Tests.Beatmaps.BeatmapConversionTest`2.<>c__DisplayClass4_0.<Test>b__1() in /app/osu.Game/Tests/Beatmaps/BeatmapConversionTest.cs:line 77
   at NUnit.Framework.Assert.Multiple(TestDelegate testDelegate)
   at osu.Game.Tests.Beatmaps.BeatmapConversionTest`2.Test(String name, Type[] mods) in /app/osu.Game/Tests/Beatmaps/BeatmapConversionTest.cs:line 50
   at osu.Game.Rulesets.Catch.Tests.CatchBeatmapConversionTest.Test(String name, Type[] mods) in /app/osu.Game.Rulesets.Catch.Tests/CatchBeatmapConversionTest.cs:line 58
   at InvokeStub_CatchBeatmapConversionTest.Test(Object, Span`1)

738)    at osu.Game.Tests.Beatmaps.BeatmapConversionTest`2.<>c__DisplayClass4_1.<Test>b__2() in /app/osu.Game/Tests/Beatmaps/BeatmapConversionTest.cs:line 98
   at NUnit.Framework.Assert.Multiple(TestDelegate testDelegate)
   at osu.Game.Tests.Beatmaps.BeatmapConversionTest`2.<>c__DisplayClass4_0.<Test>b__1() in /app/osu.Game/Tests/Beatmaps/BeatmapConversionTest.cs:line 77
   at NUnit.Framework.Assert.Multiple(TestDelegate testDelegate)
   at osu.Game.Tests.Beatmaps.BeatmapConversionTest`2.Test(String name, Type[] mods) in /app/osu.Game/Tests/Beatmaps/BeatmapConversionTest.cs:line 50
   at osu.Game.Rulesets.Catch.Tests.CatchBeatmapConversionTest.Test(String name, Type[] mods) in /app/osu.Game.Rulesets.Catch.Tests/CatchBeatmapConversionTest.cs:line 58
   at InvokeStub_CatchBeatmapConversionTest.Test(Object, Span`1)

739)    at osu.Game.Tests.Beatmaps.BeatmapConversionTest`2.<>c__DisplayClass4_1.<Test>b__2() in /app/osu.Game/Tests/Beatmaps/BeatmapConversionTest.cs:line 98
   at NUnit.Framework.Assert.Multiple(TestDelegate testDelegate)
   at osu.Game.Tests.Beatmaps.BeatmapConversionTest`2.<>c__DisplayClass4_0.<Test>b__1() in /app/osu.Game/Tests/Beatmaps/BeatmapConversionTest.cs:line 77
   at NUnit.Framework.Assert.Multiple(TestDelegate testDelegate)
   at osu.Game.Tests.Beatmaps.BeatmapConversionTest`2.Test(String name, Type[] mods) in /app/osu.Game/Tests/Beatmaps/BeatmapConversionTest.cs:line 50
   at osu.Game.Rulesets.Catch.Tests.CatchBeatmapConversionTest.Test(String name, Type[] mods) in /app/osu.Game.Rulesets.Catch.Tests/CatchBeatmapConversionTest.cs:line 58
   at InvokeStub_CatchBeatmapConversionTest.Test(Object, Span`1)

740)    at osu.Game.Tests.Beatmaps.BeatmapConversionTest`2.<>c__DisplayClass4_1.<Test>b__2() in /app/osu.Game/Tests/Beatmaps/BeatmapConversionTest.cs:line 98
   at NUnit.Framework.Assert.Multiple(TestDelegate testDelegate)
   at osu.Game.Tests.Beatmaps.BeatmapConversionTest`2.<>c__DisplayClass4_0.<Test>b__1() in /app/osu.Game/Tests/Beatmaps/BeatmapConversionTest.cs:line 77
   at NUnit.Framework.Assert.Multiple(TestDelegate testDelegate)
   at osu.Game.Tests.Beatmaps.BeatmapConversionTest`2.Test(String name, Type[] mods) in /app/osu.Game/Tests/Beatmaps/BeatmapConversionTest.cs:line 50
   at osu.Game.Rulesets.Catch.Tests.CatchBeatmapConversionTest.Test(String name, Type[] mods) in /app/osu.Game.Rulesets.Catch.Tests/CatchBeatmapConversionTest.cs:line 58
   at InvokeStub_CatchBeatmapConversionTest.Test(Object, Span`1)

741)    at osu.Game.Tests.Beatmaps.BeatmapConversionTest`2.<>c__DisplayClass4_1.<Test>b__2() in /app/osu.Game/Tests/Beatmaps/BeatmapConversionTest.cs:line 98
   at NUnit.Framework.Assert.Multiple(TestDelegate testDelegate)
   at osu.Game.Tests.Beatmaps.BeatmapConversionTest`2.<>c__DisplayClass4_0.<Test>b__1() in /app/osu.Game/Tests/Beatmaps/BeatmapConversionTest.cs:line 77
   at NUnit.Framework.Assert.Multiple(TestDelegate testDelegate)
   at osu.Game.Tests.Beatmaps.BeatmapConversionTest`2.Test(String name, Type[] mods) in /app/osu.Game/Tests/Beatmaps/BeatmapConversionTest.cs:line 50
   at osu.Game.Rulesets.Catch.Tests.CatchBeatmapConversionTest.Test(String name, Type[] mods) in /app/osu.Game.Rulesets.Catch.Tests/CatchBeatmapConversionTest.cs:line 58
   at InvokeStub_CatchBeatmapConversionTest.Test(Object, Span`1)

742)    at osu.Game.Tests.Beatmaps.BeatmapConversionTest`2.<>c__DisplayClass4_1.<Test>b__2() in /app/osu.Game/Tests/Beatmaps/BeatmapConversionTest.cs:line 98
   at NUnit.Framework.Assert.Multiple(TestDelegate testDelegate)
   at osu.Game.Tests.Beatmaps.BeatmapConversionTest`2.<>c__DisplayClass4_0.<Test>b__1() in /app/osu.Game/Tests/Beatmaps/BeatmapConversionTest.cs:line 77
   at NUnit.Framework.Assert.Multiple(TestDelegate testDelegate)
   at osu.Game.Tests.Beatmaps.BeatmapConversionTest`2.Test(String name, Type[] mods) in /app/osu.Game/Tests/Beatmaps/BeatmapConversionTest.cs:line 50
   at osu.Game.Rulesets.Catch.Tests.CatchBeatmapConversionTest.Test(String name, Type[] mods) in /app/osu.Game.Rulesets.Catch.Tests/CatchBeatmapConversionTest.cs:line 58
   at InvokeStub_CatchBeatmapConversionTest.Test(Object, Span`1)

743)    at osu.Game.Tests.Beatmaps.BeatmapConversionTest`2.<>c__DisplayClass4_1.<Test>b__2() in /app/osu.Game/Tests/Beatmaps/BeatmapConversionTest.cs:line 98
   at NUnit.Framework.Assert.Multiple(TestDelegate testDelegate)
   at osu.Game.Tests.Beatmaps.BeatmapConversionTest`2.<>c__DisplayClass4_0.<Test>b__1() in /app/osu.Game/Tests/Beatmaps/BeatmapConversionTest.cs:line 77
   at NUnit.Framework.Assert.Multiple(TestDelegate testDelegate)
   at osu.Game.Tests.Beatmaps.BeatmapConversionTest`2.Test(String name, Type[] mods) in /app/osu.Game/Tests/Beatmaps/BeatmapConversionTest.cs:line 50
   at osu.Game.Rulesets.Catch.Tests.CatchBeatmapConversionTest.Test(String name, Type[] mods) in /app/osu.Game.Rulesets.Catch.Tests/CatchBeatmapConversionTest.cs:line 58
   at InvokeStub_CatchBeatmapConversionTest.Test(Object, Span`1)

744)    at osu.Game.Tests.Beatmaps.BeatmapConversionTest`2.<>c__DisplayClass4_1.<Test>b__2() in /app/osu.Game/Tests/Beatmaps/BeatmapConversionTest.cs:line 98
   at NUnit.Framework.Assert.Multiple(TestDelegate testDelegate)
   at osu.Game.Tests.Beatmaps.BeatmapConversionTest`2.<>c__DisplayClass4_0.<Test>b__1() in /app/osu.Game/Tests/Beatmaps/BeatmapConversionTest.cs:line 77
   at NUnit.Framework.Assert.Multiple(TestDelegate testDelegate)
   at osu.Game.Tests.Beatmaps.BeatmapConversionTest`2.Test(String name, Type[] mods) in /app/osu.Game/Tests/Beatmaps/BeatmapConversionTest.cs:line 50
   at osu.Game.Rulesets.Catch.Tests.CatchBeatmapConversionTest.Test(String name, Type[] mods) in /app/osu.Game.Rulesets.Catch.Tests/CatchBeatmapConversionTest.cs:line 58
   at InvokeStub_CatchBeatmapConversionTest.Test(Object, Span`1)

745)    at osu.Game.Tests.Beatmaps.BeatmapConversionTest`2.<>c__DisplayClass4_1.<Test>b__2() in /app/osu.Game/Tests/Beatmaps/BeatmapConversionTest.cs:line 98
   at NUnit.Framework.Assert.Multiple(TestDelegate testDelegate)
   at osu.Game.Tests.Beatmaps.BeatmapConversionTest`2.<>c__DisplayClass4_0.<Test>b__1() in /app/osu.Game/Tests/Beatmaps/BeatmapConversionTest.cs:line 77
   at NUnit.Framework.Assert.Multiple(TestDelegate testDelegate)
   at osu.Game.Tests.Beatmaps.BeatmapConversionTest`2.Test(String name, Type[] mods) in /app/osu.Game/Tests/Beatmaps/BeatmapConversionTest.cs:line 50
   at osu.Game.Rulesets.Catch.Tests.CatchBeatmapConversionTest.Test(String name, Type[] mods) in /app/osu.Game.Rulesets.Catch.Tests/CatchBeatmapConversionTest.cs:line 58
   at InvokeStub_CatchBeatmapConversionTest.Test(Object, Span`1)

746)    at osu.Game.Tests.Beatmaps.BeatmapConversionTest`2.<>c__DisplayClass4_1.<Test>b__2() in /app/osu.Game/Tests/Beatmaps/BeatmapConversionTest.cs:line 98
   at NUnit.Framework.Assert.Multiple(TestDelegate testDelegate)
   at osu.Game.Tests.Beatmaps.BeatmapConversionTest`2.<>c__DisplayClass4_0.<Test>b__1() in /app/osu.Game/Tests/Beatmaps/BeatmapConversionTest.cs:line 77
   at NUnit.Framework.Assert.Multiple(TestDelegate testDelegate)
   at osu.Game.Tests.Beatmaps.BeatmapConversionTest`2.Test(String name, Type[] mods) in /app/osu.Game/Tests/Beatmaps/BeatmapConversionTest.cs:line 50
   at osu.Game.Rulesets.Catch.Tests.CatchBeatmapConversionTest.Test(String name, Type[] mods) in /app/osu.Game.Rulesets.Catch.Tests/CatchBeatmapConversionTest.cs:line 58
   at InvokeStub_CatchBeatmapConversionTest.Test(Object, Span`1)

747)    at osu.Game.Tests.Beatmaps.BeatmapConversionTest`2.<>c__DisplayClass4_1.<Test>b__2() in /app/osu.Game/Tests/Beatmaps/BeatmapConversionTest.cs:line 98
   at NUnit.Framework.Assert.Multiple(TestDelegate testDelegate)
   at osu.Game.Tests.Beatmaps.BeatmapConversionTest`2.<>c__DisplayClass4_0.<Test>b__1() in /app/osu.Game/Tests/Beatmaps/BeatmapConversionTest.cs:line 77
   at NUnit.Framework.Assert.Multiple(TestDelegate testDelegate)
   at osu.Game.Tests.Beatmaps.BeatmapConversionTest`2.Test(String name, Type[] mods) in /app/osu.Game/Tests/Beatmaps/BeatmapConversionTest.cs:line 50
   at osu.Game.Rulesets.Catch.Tests.CatchBeatmapConversionTest.Test(String name, Type[] mods) in /app/osu.Game.Rulesets.Catch.Tests/CatchBeatmapConversionTest.cs:line 58
   at InvokeStub_CatchBeatmapConversionTest.Test(Object, Span`1)

748)    at osu.Game.Tests.Beatmaps.BeatmapConversionTest`2.<>c__DisplayClass4_1.<Test>b__2() in /app/osu.Game/Tests/Beatmaps/BeatmapConversionTest.cs:line 98
   at NUnit.Framework.Assert.Multiple(TestDelegate testDelegate)
   at osu.Game.Tests.Beatmaps.BeatmapConversionTest`2.<>c__DisplayClass4_0.<Test>b__1() in /app/osu.Game/Tests/Beatmaps/BeatmapConversionTest.cs:line 77
   at NUnit.Framework.Assert.Multiple(TestDelegate testDelegate)
   at osu.Game.Tests.Beatmaps.BeatmapConversionTest`2.Test(String name, Type[] mods) in /app/osu.Game/Tests/Beatmaps/BeatmapConversionTest.cs:line 50
   at osu.Game.Rulesets.Catch.Tests.CatchBeatmapConversionTest.Test(String name, Type[] mods) in /app/osu.Game.Rulesets.Catch.Tests/CatchBeatmapConversionTest.cs:line 58
   at InvokeStub_CatchBeatmapConversionTest.Test(Object, Span`1)

749)    at osu.Game.Tests.Beatmaps.BeatmapConversionTest`2.<>c__DisplayClass4_1.<Test>b__2() in /app/osu.Game/Tests/Beatmaps/BeatmapConversionTest.cs:line 98
   at NUnit.Framework.Assert.Multiple(TestDelegate testDelegate)
   at osu.Game.Tests.Beatmaps.BeatmapConversionTest`2.<>c__DisplayClass4_0.<Test>b__1() in /app/osu.Game/Tests/Beatmaps/BeatmapConversionTest.cs:line 77
   at NUnit.Framework.Assert.Multiple(TestDelegate testDelegate)
   at osu.Game.Tests.Beatmaps.BeatmapConversionTest`2.Test(String name, Type[] mods) in /app/osu.Game/Tests/Beatmaps/BeatmapConversionTest.cs:line 50
   at osu.Game.Rulesets.Catch.Tests.CatchBeatmapConversionTest.Test(String name, Type[] mods) in /app/osu.Game.Rulesets.Catch.Tests/CatchBeatmapConversionTest.cs:line 58
   at InvokeStub_CatchBeatmapConversionTest.Test(Object, Span`1)

750)    at osu.Game.Tests.Beatmaps.BeatmapConversionTest`2.<>c__DisplayClass4_1.<Test>b__2() in /app/osu.Game/Tests/Beatmaps/BeatmapConversionTest.cs:line 98
   at NUnit.Framework.Assert.Multiple(TestDelegate testDelegate)
   at osu.Game.Tests.Beatmaps.BeatmapConversionTest`2.<>c__DisplayClass4_0.<Test>b__1() in /app/osu.Game/Tests/Beatmaps/BeatmapConversionTest.cs:line 77
   at NUnit.Framework.Assert.Multiple(TestDelegate testDelegate)
   at osu.Game.Tests.Beatmaps.BeatmapConversionTest`2.Test(String name, Type[] mods) in /app/osu.Game/Tests/Beatmaps/BeatmapConversionTest.cs:line 50
   at osu.Game.Rulesets.Catch.Tests.CatchBeatmapConversionTest.Test(String name, Type[] mods) in /app/osu.Game.Rulesets.Catch.Tests/CatchBeatmapConversionTest.cs:line 58
   at InvokeStub_CatchBeatmapConversionTest.Test(Object, Span`1)

751)    at osu.Game.Tests.Beatmaps.BeatmapConversionTest`2.<>c__DisplayClass4_1.<Test>b__2() in /app/osu.Game/Tests/Beatmaps/BeatmapConversionTest.cs:line 98
   at NUnit.Framework.Assert.Multiple(TestDelegate testDelegate)
   at osu.Game.Tests.Beatmaps.BeatmapConversionTest`2.<>c__DisplayClass4_0.<Test>b__1() in /app/osu.Game/Tests/Beatmaps/BeatmapConversionTest.cs:line 77
   at NUnit.Framework.Assert.Multiple(TestDelegate testDelegate)
   at osu.Game.Tests.Beatmaps.BeatmapConversionTest`2.Test(String name, Type[] mods) in /app/osu.Game/Tests/Beatmaps/BeatmapConversionTest.cs:line 50
   at osu.Game.Rulesets.Catch.Tests.CatchBeatmapConversionTest.Test(String name, Type[] mods) in /app/osu.Game.Rulesets.Catch.Tests/CatchBeatmapConversionTest.cs:line 58
   at InvokeStub_CatchBeatmapConversionTest.Test(Object, Span`1)

752)    at osu.Game.Tests.Beatmaps.BeatmapConversionTest`2.<>c__DisplayClass4_1.<Test>b__2() in /app/osu.Game/Tests/Beatmaps/BeatmapConversionTest.cs:line 98
   at NUnit.Framework.Assert.Multiple(TestDelegate testDelegate)
   at osu.Game.Tests.Beatmaps.BeatmapConversionTest`2.<>c__DisplayClass4_0.<Test>b__1() in /app/osu.Game/Tests/Beatmaps/BeatmapConversionTest.cs:line 77
   at NUnit.Framework.Assert.Multiple(TestDelegate testDelegate)
   at osu.Game.Tests.Beatmaps.BeatmapConversionTest`2.Test(String name, Type[] mods) in /app/osu.Game/Tests/Beatmaps/BeatmapConversionTest.cs:line 50
   at osu.Game.Rulesets.Catch.Tests.CatchBeatmapConversionTest.Test(String name, Type[] mods) in /app/osu.Game.Rulesets.Catch.Tests/CatchBeatmapConversionTest.cs:line 58
   at InvokeStub_CatchBeatmapConversionTest.Test(Object, Span`1)

753)    at osu.Game.Tests.Beatmaps.BeatmapConversionTest`2.<>c__DisplayClass4_1.<Test>b__2() in /app/osu.Game/Tests/Beatmaps/BeatmapConversionTest.cs:line 98
   at NUnit.Framework.Assert.Multiple(TestDelegate testDelegate)
   at osu.Game.Tests.Beatmaps.BeatmapConversionTest`2.<>c__DisplayClass4_0.<Test>b__1() in /app/osu.Game/Tests/Beatmaps/BeatmapConversionTest.cs:line 77
   at NUnit.Framework.Assert.Multiple(TestDelegate testDelegate)
   at osu.Game.Tests.Beatmaps.BeatmapConversionTest`2.Test(String name, Type[] mods) in /app/osu.Game/Tests/Beatmaps/BeatmapConversionTest.cs:line 50
   at osu.Game.Rulesets.Catch.Tests.CatchBeatmapConversionTest.Test(String name, Type[] mods) in /app/osu.Game.Rulesets.Catch.Tests/CatchBeatmapConversionTest.cs:line 58
   at InvokeStub_CatchBeatmapConversionTest.Test(Object, Span`1)

754)    at osu.Game.Tests.Beatmaps.BeatmapConversionTest`2.<>c__DisplayClass4_1.<Test>b__2() in /app/osu.Game/Tests/Beatmaps/BeatmapConversionTest.cs:line 98
   at NUnit.Framework.Assert.Multiple(TestDelegate testDelegate)
   at osu.Game.Tests.Beatmaps.BeatmapConversionTest`2.<>c__DisplayClass4_0.<Test>b__1() in /app/osu.Game/Tests/Beatmaps/BeatmapConversionTest.cs:line 77
   at NUnit.Framework.Assert.Multiple(TestDelegate testDelegate)
   at osu.Game.Tests.Beatmaps.BeatmapConversionTest`2.Test(String name, Type[] mods) in /app/osu.Game/Tests/Beatmaps/BeatmapConversionTest.cs:line 50
   at osu.Game.Rulesets.Catch.Tests.CatchBeatmapConversionTest.Test(String name, Type[] mods) in /app/osu.Game.Rulesets.Catch.Tests/CatchBeatmapConversionTest.cs:line 58
   at InvokeStub_CatchBeatmapConversionTest.Test(Object, Span`1)

755)    at osu.Game.Tests.Beatmaps.BeatmapConversionTest`2.<>c__DisplayClass4_1.<Test>b__2() in /app/osu.Game/Tests/Beatmaps/BeatmapConversionTest.cs:line 98
   at NUnit.Framework.Assert.Multiple(TestDelegate testDelegate)
   at osu.Game.Tests.Beatmaps.BeatmapConversionTest`2.<>c__DisplayClass4_0.<Test>b__1() in /app/osu.Game/Tests/Beatmaps/BeatmapConversionTest.cs:line 77
   at NUnit.Framework.Assert.Multiple(TestDelegate testDelegate)
   at osu.Game.Tests.Beatmaps.BeatmapConversionTest`2.Test(String name, Type[] mods) in /app/osu.Game/Tests/Beatmaps/BeatmapConversionTest.cs:line 50
   at osu.Game.Rulesets.Catch.Tests.CatchBeatmapConversionTest.Test(String name, Type[] mods) in /app/osu.Game.Rulesets.Catch.Tests/CatchBeatmapConversionTest.cs:line 58
   at InvokeStub_CatchBeatmapConversionTest.Test(Object, Span`1)

756)    at osu.Game.Tests.Beatmaps.BeatmapConversionTest`2.<>c__DisplayClass4_1.<Test>b__2() in /app/osu.Game/Tests/Beatmaps/BeatmapConversionTest.cs:line 98
   at NUnit.Framework.Assert.Multiple(TestDelegate testDelegate)
   at osu.Game.Tests.Beatmaps.BeatmapConversionTest`2.<>c__DisplayClass4_0.<Test>b__1() in /app/osu.Game/Tests/Beatmaps/BeatmapConversionTest.cs:line 77
   at NUnit.Framework.Assert.Multiple(TestDelegate testDelegate)
   at osu.Game.Tests.Beatmaps.BeatmapConversionTest`2.Test(String name, Type[] mods) in /app/osu.Game/Tests/Beatmaps/BeatmapConversionTest.cs:line 50
   at osu.Game.Rulesets.Catch.Tests.CatchBeatmapConversionTest.Test(String name, Type[] mods) in /app/osu.Game.Rulesets.Catch.Tests/CatchBeatmapConversionTest.cs:line 58
   at InvokeStub_CatchBeatmapConversionTest.Test(Object, Span`1)

757)    at osu.Game.Tests.Beatmaps.BeatmapConversionTest`2.<>c__DisplayClass4_1.<Test>b__2() in /app/osu.Game/Tests/Beatmaps/BeatmapConversionTest.cs:line 98
   at NUnit.Framework.Assert.Multiple(TestDelegate testDelegate)
   at osu.Game.Tests.Beatmaps.BeatmapConversionTest`2.<>c__DisplayClass4_0.<Test>b__1() in /app/osu.Game/Tests/Beatmaps/BeatmapConversionTest.cs:line 77
   at NUnit.Framework.Assert.Multiple(TestDelegate testDelegate)
   at osu.Game.Tests.Beatmaps.BeatmapConversionTest`2.Test(String name, Type[] mods) in /app/osu.Game/Tests/Beatmaps/BeatmapConversionTest.cs:line 50
   at osu.Game.Rulesets.Catch.Tests.CatchBeatmapConversionTest.Test(String name, Type[] mods) in /app/osu.Game.Rulesets.Catch.Tests/CatchBeatmapConversionTest.cs:line 58
   at InvokeStub_CatchBeatmapConversionTest.Test(Object, Span`1)

758)    at osu.Game.Tests.Beatmaps.BeatmapConversionTest`2.<>c__DisplayClass4_1.<Test>b__2() in /app/osu.Game/Tests/Beatmaps/BeatmapConversionTest.cs:line 98
   at NUnit.Framework.Assert.Multiple(TestDelegate testDelegate)
   at osu.Game.Tests.Beatmaps.BeatmapConversionTest`2.<>c__DisplayClass4_0.<Test>b__1() in /app/osu.Game/Tests/Beatmaps/BeatmapConversionTest.cs:line 77
   at NUnit.Framework.Assert.Multiple(TestDelegate testDelegate)
   at osu.Game.Tests.Beatmaps.BeatmapConversionTest`2.Test(String name, Type[] mods) in /app/osu.Game/Tests/Beatmaps/BeatmapConversionTest.cs:line 50
   at osu.Game.Rulesets.Catch.Tests.CatchBeatmapConversionTest.Test(String name, Type[] mods) in /app/osu.Game.Rulesets.Catch.Tests/CatchBeatmapConversionTest.cs:line 58
   at InvokeStub_CatchBeatmapConversionTest.Test(Object, Span`1)

759)    at osu.Game.Tests.Beatmaps.BeatmapConversionTest`2.<>c__DisplayClass4_1.<Test>b__2() in /app/osu.Game/Tests/Beatmaps/BeatmapConversionTest.cs:line 98
   at NUnit.Framework.Assert.Multiple(TestDelegate testDelegate)
   at osu.Game.Tests.Beatmaps.BeatmapConversionTest`2.<>c__DisplayClass4_0.<Test>b__1() in /app/osu.Game/Tests/Beatmaps/BeatmapConversionTest.cs:line 77
   at NUnit.Framework.Assert.Multiple(TestDelegate testDelegate)
   at osu.Game.Tests.Beatmaps.BeatmapConversionTest`2.Test(String name, Type[] mods) in /app/osu.Game/Tests/Beatmaps/BeatmapConversionTest.cs:line 50
   at osu.Game.Rulesets.Catch.Tests.CatchBeatmapConversionTest.Test(String name, Type[] mods) in /app/osu.Game.Rulesets.Catch.Tests/CatchBeatmapConversionTest.cs:line 58
   at InvokeStub_CatchBeatmapConversionTest.Test(Object, Span`1)

760)    at osu.Game.Tests.Beatmaps.BeatmapConversionTest`2.<>c__DisplayClass4_1.<Test>b__2() in /app/osu.Game/Tests/Beatmaps/BeatmapConversionTest.cs:line 98
   at NUnit.Framework.Assert.Multiple(TestDelegate testDelegate)
   at osu.Game.Tests.Beatmaps.BeatmapConversionTest`2.<>c__DisplayClass4_0.<Test>b__1() in /app/osu.Game/Tests/Beatmaps/BeatmapConversionTest.cs:line 77
   at NUnit.Framework.Assert.Multiple(TestDelegate testDelegate)
   at osu.Game.Tests.Beatmaps.BeatmapConversionTest`2.Test(String name, Type[] mods) in /app/osu.Game/Tests/Beatmaps/BeatmapConversionTest.cs:line 50
   at osu.Game.Rulesets.Catch.Tests.CatchBeatmapConversionTest.Test(String name, Type[] mods) in /app/osu.Game.Rulesets.Catch.Tests/CatchBeatmapConversionTest.cs:line 58
   at InvokeStub_CatchBeatmapConversionTest.Test(Object, Span`1)

761)    at osu.Game.Tests.Beatmaps.BeatmapConversionTest`2.<>c__DisplayClass4_1.<Test>b__2() in /app/osu.Game/Tests/Beatmaps/BeatmapConversionTest.cs:line 98
   at NUnit.Framework.Assert.Multiple(TestDelegate testDelegate)
   at osu.Game.Tests.Beatmaps.BeatmapConversionTest`2.<>c__DisplayClass4_0.<Test>b__1() in /app/osu.Game/Tests/Beatmaps/BeatmapConversionTest.cs:line 77
   at NUnit.Framework.Assert.Multiple(TestDelegate testDelegate)
   at osu.Game.Tests.Beatmaps.BeatmapConversionTest`2.Test(String name, Type[] mods) in /app/osu.Game/Tests/Beatmaps/BeatmapConversionTest.cs:line 50
   at osu.Game.Rulesets.Catch.Tests.CatchBeatmapConversionTest.Test(String name, Type[] mods) in /app/osu.Game.Rulesets.Catch.Tests/CatchBeatmapConversionTest.cs:line 58
   at InvokeStub_CatchBeatmapConversionTest.Test(Object, Span`1)

762)    at osu.Game.Tests.Beatmaps.BeatmapConversionTest`2.<>c__DisplayClass4_1.<Test>b__2() in /app/osu.Game/Tests/Beatmaps/BeatmapConversionTest.cs:line 98
   at NUnit.Framework.Assert.Multiple(TestDelegate testDelegate)
   at osu.Game.Tests.Beatmaps.BeatmapConversionTest`2.<>c__DisplayClass4_0.<Test>b__1() in /app/osu.Game/Tests/Beatmaps/BeatmapConversionTest.cs:line 77
   at NUnit.Framework.Assert.Multiple(TestDelegate testDelegate)
   at osu.Game.Tests.Beatmaps.BeatmapConversionTest`2.Test(String name, Type[] mods) in /app/osu.Game/Tests/Beatmaps/BeatmapConversionTest.cs:line 50
   at osu.Game.Rulesets.Catch.Tests.CatchBeatmapConversionTest.Test(String name, Type[] mods) in /app/osu.Game.Rulesets.Catch.Tests/CatchBeatmapConversionTest.cs:line 58
   at InvokeStub_CatchBeatmapConversionTest.Test(Object, Span`1)

763)    at osu.Game.Tests.Beatmaps.BeatmapConversionTest`2.<>c__DisplayClass4_1.<Test>b__2() in /app/osu.Game/Tests/Beatmaps/BeatmapConversionTest.cs:line 98
   at NUnit.Framework.Assert.Multiple(TestDelegate testDelegate)
   at osu.Game.Tests.Beatmaps.BeatmapConversionTest`2.<>c__DisplayClass4_0.<Test>b__1() in /app/osu.Game/Tests/Beatmaps/BeatmapConversionTest.cs:line 77
   at NUnit.Framework.Assert.Multiple(TestDelegate testDelegate)
   at osu.Game.Tests.Beatmaps.BeatmapConversionTest`2.Test(String name, Type[] mods) in /app/osu.Game/Tests/Beatmaps/BeatmapConversionTest.cs:line 50
   at osu.Game.Rulesets.Catch.Tests.CatchBeatmapConversionTest.Test(String name, Type[] mods) in /app/osu.Game.Rulesets.Catch.Tests/CatchBeatmapConversionTest.cs:line 58
   at InvokeStub_CatchBeatmapConversionTest.Test(Object, Span`1)

764)    at osu.Game.Tests.Beatmaps.BeatmapConversionTest`2.<>c__DisplayClass4_1.<Test>b__2() in /app/osu.Game/Tests/Beatmaps/BeatmapConversionTest.cs:line 98
   at NUnit.Framework.Assert.Multiple(TestDelegate testDelegate)
   at osu.Game.Tests.Beatmaps.BeatmapConversionTest`2.<>c__DisplayClass4_0.<Test>b__1() in /app/osu.Game/Tests/Beatmaps/BeatmapConversionTest.cs:line 77
   at NUnit.Framework.Assert.Multiple(TestDelegate testDelegate)
   at osu.Game.Tests.Beatmaps.BeatmapConversionTest`2.Test(String name, Type[] mods) in /app/osu.Game/Tests/Beatmaps/BeatmapConversionTest.cs:line 50
   at osu.Game.Rulesets.Catch.Tests.CatchBeatmapConversionTest.Test(String name, Type[] mods) in /app/osu.Game.Rulesets.Catch.Tests/CatchBeatmapConversionTest.cs:line 58
   at InvokeStub_CatchBeatmapConversionTest.Test(Object, Span`1)

765)    at osu.Game.Tests.Beatmaps.BeatmapConversionTest`2.<>c__DisplayClass4_1.<Test>b__2() in /app/osu.Game/Tests/Beatmaps/BeatmapConversionTest.cs:line 98
   at NUnit.Framework.Assert.Multiple(TestDelegate testDelegate)
   at osu.Game.Tests.Beatmaps.BeatmapConversionTest`2.<>c__DisplayClass4_0.<Test>b__1() in /app/osu.Game/Tests/Beatmaps/BeatmapConversionTest.cs:line 77
   at NUnit.Framework.Assert.Multiple(TestDelegate testDelegate)
   at osu.Game.Tests.Beatmaps.BeatmapConversionTest`2.Test(String name, Type[] mods) in /app/osu.Game/Tests/Beatmaps/BeatmapConversionTest.cs:line 50
   at osu.Game.Rulesets.Catch.Tests.CatchBeatmapConversionTest.Test(String name, Type[] mods) in /app/osu.Game.Rulesets.Catch.Tests/CatchBeatmapConversionTest.cs:line 58
   at InvokeStub_CatchBeatmapConversionTest.Test(Object, Span`1)

766)    at osu.Game.Tests.Beatmaps.BeatmapConversionTest`2.<>c__DisplayClass4_1.<Test>b__2() in /app/osu.Game/Tests/Beatmaps/BeatmapConversionTest.cs:line 98
   at NUnit.Framework.Assert.Multiple(TestDelegate testDelegate)
   at osu.Game.Tests.Beatmaps.BeatmapConversionTest`2.<>c__DisplayClass4_0.<Test>b__1() in /app/osu.Game/Tests/Beatmaps/BeatmapConversionTest.cs:line 77
   at NUnit.Framework.Assert.Multiple(TestDelegate testDelegate)
   at osu.Game.Tests.Beatmaps.BeatmapConversionTest`2.Test(String name, Type[] mods) in /app/osu.Game/Tests/Beatmaps/BeatmapConversionTest.cs:line 50
   at osu.Game.Rulesets.Catch.Tests.CatchBeatmapConversionTest.Test(String name, Type[] mods) in /app/osu.Game.Rulesets.Catch.Tests/CatchBeatmapConversionTest.cs:line 58
   at InvokeStub_CatchBeatmapConversionTest.Test(Object, Span`1)

767)    at osu.Game.Tests.Beatmaps.BeatmapConversionTest`2.<>c__DisplayClass4_1.<Test>b__2() in /app/osu.Game/Tests/Beatmaps/BeatmapConversionTest.cs:line 98
   at NUnit.Framework.Assert.Multiple(TestDelegate testDelegate)
   at osu.Game.Tests.Beatmaps.BeatmapConversionTest`2.<>c__DisplayClass4_0.<Test>b__1() in /app/osu.Game/Tests/Beatmaps/BeatmapConversionTest.cs:line 77
   at NUnit.Framework.Assert.Multiple(TestDelegate testDelegate)
   at osu.Game.Tests.Beatmaps.BeatmapConversionTest`2.Test(String name, Type[] mods) in /app/osu.Game/Tests/Beatmaps/BeatmapConversionTest.cs:line 50
   at osu.Game.Rulesets.Catch.Tests.CatchBeatmapConversionTest.Test(String name, Type[] mods) in /app/osu.Game.Rulesets.Catch.Tests/CatchBeatmapConversionTest.cs:line 58
   at InvokeStub_CatchBeatmapConversionTest.Test(Object, Span`1)

768)    at osu.Game.Tests.Beatmaps.BeatmapConversionTest`2.<>c__DisplayClass4_1.<Test>b__2() in /app/osu.Game/Tests/Beatmaps/BeatmapConversionTest.cs:line 98
   at NUnit.Framework.Assert.Multiple(TestDelegate testDelegate)
   at osu.Game.Tests.Beatmaps.BeatmapConversionTest`2.<>c__DisplayClass4_0.<Test>b__1() in /app/osu.Game/Tests/Beatmaps/BeatmapConversionTest.cs:line 77
   at NUnit.Framework.Assert.Multiple(TestDelegate testDelegate)
   at osu.Game.Tests.Beatmaps.BeatmapConversionTest`2.Test(String name, Type[] mods) in /app/osu.Game/Tests/Beatmaps/BeatmapConversionTest.cs:line 50
   at osu.Game.Rulesets.Catch.Tests.CatchBeatmapConversionTest.Test(String name, Type[] mods) in /app/osu.Game.Rulesets.Catch.Tests/CatchBeatmapConversionTest.cs:line 58
   at InvokeStub_CatchBeatmapConversionTest.Test(Object, Span`1)

769)    at osu.Game.Tests.Beatmaps.BeatmapConversionTest`2.<>c__DisplayClass4_1.<Test>b__2() in /app/osu.Game/Tests/Beatmaps/BeatmapConversionTest.cs:line 98
   at NUnit.Framework.Assert.Multiple(TestDelegate testDelegate)
   at osu.Game.Tests.Beatmaps.BeatmapConversionTest`2.<>c__DisplayClass4_0.<Test>b__1() in /app/osu.Game/Tests/Beatmaps/BeatmapConversionTest.cs:line 77
   at NUnit.Framework.Assert.Multiple(TestDelegate testDelegate)
   at osu.Game.Tests.Beatmaps.BeatmapConversionTest`2.Test(String name, Type[] mods) in /app/osu.Game/Tests/Beatmaps/BeatmapConversionTest.cs:line 50
   at osu.Game.Rulesets.Catch.Tests.CatchBeatmapConversionTest.Test(String name, Type[] mods) in /app/osu.Game.Rulesets.Catch.Tests/CatchBeatmapConversionTest.cs:line 58
   at InvokeStub_CatchBeatmapConversionTest.Test(Object, Span`1)

770)    at osu.Game.Tests.Beatmaps.BeatmapConversionTest`2.<>c__DisplayClass4_1.<Test>b__2() in /app/osu.Game/Tests/Beatmaps/BeatmapConversionTest.cs:line 98
   at NUnit.Framework.Assert.Multiple(TestDelegate testDelegate)
   at osu.Game.Tests.Beatmaps.BeatmapConversionTest`2.<>c__DisplayClass4_0.<Test>b__1() in /app/osu.Game/Tests/Beatmaps/BeatmapConversionTest.cs:line 77
   at NUnit.Framework.Assert.Multiple(TestDelegate testDelegate)
   at osu.Game.Tests.Beatmaps.BeatmapConversionTest`2.Test(String name, Type[] mods) in /app/osu.Game/Tests/Beatmaps/BeatmapConversionTest.cs:line 50
   at osu.Game.Rulesets.Catch.Tests.CatchBeatmapConversionTest.Test(String name, Type[] mods) in /app/osu.Game.Rulesets.Catch.Tests/CatchBeatmapConversionTest.cs:line 58
   at InvokeStub_CatchBeatmapConversionTest.Test(Object, Span`1)

771)    at osu.Game.Tests.Beatmaps.BeatmapConversionTest`2.<>c__DisplayClass4_1.<Test>b__2() in /app/osu.Game/Tests/Beatmaps/BeatmapConversionTest.cs:line 98
   at NUnit.Framework.Assert.Multiple(TestDelegate testDelegate)
   at osu.Game.Tests.Beatmaps.BeatmapConversionTest`2.<>c__DisplayClass4_0.<Test>b__1() in /app/osu.Game/Tests/Beatmaps/BeatmapConversionTest.cs:line 77
   at NUnit.Framework.Assert.Multiple(TestDelegate testDelegate)
   at osu.Game.Tests.Beatmaps.BeatmapConversionTest`2.Test(String name, Type[] mods) in /app/osu.Game/Tests/Beatmaps/BeatmapConversionTest.cs:line 50
   at osu.Game.Rulesets.Catch.Tests.CatchBeatmapConversionTest.Test(String name, Type[] mods) in /app/osu.Game.Rulesets.Catch.Tests/CatchBeatmapConversionTest.cs:line 58
   at InvokeStub_CatchBeatmapConversionTest.Test(Object, Span`1)

772)    at osu.Game.Tests.Beatmaps.BeatmapConversionTest`2.<>c__DisplayClass4_1.<Test>b__2() in /app/osu.Game/Tests/Beatmaps/BeatmapConversionTest.cs:line 98
   at NUnit.Framework.Assert.Multiple(TestDelegate testDelegate)
   at osu.Game.Tests.Beatmaps.BeatmapConversionTest`2.<>c__DisplayClass4_0.<Test>b__1() in /app/osu.Game/Tests/Beatmaps/BeatmapConversionTest.cs:line 77
   at NUnit.Framework.Assert.Multiple(TestDelegate testDelegate)
   at osu.Game.Tests.Beatmaps.BeatmapConversionTest`2.Test(String name, Type[] mods) in /app/osu.Game/Tests/Beatmaps/BeatmapConversionTest.cs:line 50
   at osu.Game.Rulesets.Catch.Tests.CatchBeatmapConversionTest.Test(String name, Type[] mods) in /app/osu.Game.Rulesets.Catch.Tests/CatchBeatmapConversionTest.cs:line 58
   at InvokeStub_CatchBeatmapConversionTest.Test(Object, Span`1)

773)    at osu.Game.Tests.Beatmaps.BeatmapConversionTest`2.<>c__DisplayClass4_1.<Test>b__2() in /app/osu.Game/Tests/Beatmaps/BeatmapConversionTest.cs:line 98
   at NUnit.Framework.Assert.Multiple(TestDelegate testDelegate)
   at osu.Game.Tests.Beatmaps.BeatmapConversionTest`2.<>c__DisplayClass4_0.<Test>b__1() in /app/osu.Game/Tests/Beatmaps/BeatmapConversionTest.cs:line 77
   at NUnit.Framework.Assert.Multiple(TestDelegate testDelegate)
   at osu.Game.Tests.Beatmaps.BeatmapConversionTest`2.Test(String name, Type[] mods) in /app/osu.Game/Tests/Beatmaps/BeatmapConversionTest.cs:line 50
   at osu.Game.Rulesets.Catch.Tests.CatchBeatmapConversionTest.Test(String name, Type[] mods) in /app/osu.Game.Rulesets.Catch.Tests/CatchBeatmapConversionTest.cs:line 58
   at InvokeStub_CatchBeatmapConversionTest.Test(Object, Span`1)

774)    at osu.Game.Tests.Beatmaps.BeatmapConversionTest`2.<>c__DisplayClass4_1.<Test>b__2() in /app/osu.Game/Tests/Beatmaps/BeatmapConversionTest.cs:line 98
   at NUnit.Framework.Assert.Multiple(TestDelegate testDelegate)
   at osu.Game.Tests.Beatmaps.BeatmapConversionTest`2.<>c__DisplayClass4_0.<Test>b__1() in /app/osu.Game/Tests/Beatmaps/BeatmapConversionTest.cs:line 77
   at NUnit.Framework.Assert.Multiple(TestDelegate testDelegate)
   at osu.Game.Tests.Beatmaps.BeatmapConversionTest`2.Test(String name, Type[] mods) in /app/osu.Game/Tests/Beatmaps/BeatmapConversionTest.cs:line 50
   at osu.Game.Rulesets.Catch.Tests.CatchBeatmapConversionTest.Test(String name, Type[] mods) in /app/osu.Game.Rulesets.Catch.Tests/CatchBeatmapConversionTest.cs:line 58
   at InvokeStub_CatchBeatmapConversionTest.Test(Object, Span`1)

775)    at osu.Game.Tests.Beatmaps.BeatmapConversionTest`2.<>c__DisplayClass4_1.<Test>b__2() in /app/osu.Game/Tests/Beatmaps/BeatmapConversionTest.cs:line 98
   at NUnit.Framework.Assert.Multiple(TestDelegate testDelegate)
   at osu.Game.Tests.Beatmaps.BeatmapConversionTest`2.<>c__DisplayClass4_0.<Test>b__1() in /app/osu.Game/Tests/Beatmaps/BeatmapConversionTest.cs:line 77
   at NUnit.Framework.Assert.Multiple(TestDelegate testDelegate)
   at osu.Game.Tests.Beatmaps.BeatmapConversionTest`2.Test(String name, Type[] mods) in /app/osu.Game/Tests/Beatmaps/BeatmapConversionTest.cs:line 50
   at osu.Game.Rulesets.Catch.Tests.CatchBeatmapConversionTest.Test(String name, Type[] mods) in /app/osu.Game.Rulesets.Catch.Tests/CatchBeatmapConversionTest.cs:line 58
   at InvokeStub_CatchBeatmapConversionTest.Test(Object, Span`1)

776)    at osu.Game.Tests.Beatmaps.BeatmapConversionTest`2.<>c__DisplayClass4_1.<Test>b__2() in /app/osu.Game/Tests/Beatmaps/BeatmapConversionTest.cs:line 98
   at NUnit.Framework.Assert.Multiple(TestDelegate testDelegate)
   at osu.Game.Tests.Beatmaps.BeatmapConversionTest`2.<>c__DisplayClass4_0.<Test>b__1() in /app/osu.Game/Tests/Beatmaps/BeatmapConversionTest.cs:line 77
   at NUnit.Framework.Assert.Multiple(TestDelegate testDelegate)
   at osu.Game.Tests.Beatmaps.BeatmapConversionTest`2.Test(String name, Type[] mods) in /app/osu.Game/Tests/Beatmaps/BeatmapConversionTest.cs:line 50
   at osu.Game.Rulesets.Catch.Tests.CatchBeatmapConversionTest.Test(String name, Type[] mods) in /app/osu.Game.Rulesets.Catch.Tests/CatchBeatmapConversionTest.cs:line 58
   at InvokeStub_CatchBeatmapConversionTest.Test(Object, Span`1)

777)    at osu.Game.Tests.Beatmaps.BeatmapConversionTest`2.<>c__DisplayClass4_1.<Test>b__2() in /app/osu.Game/Tests/Beatmaps/BeatmapConversionTest.cs:line 98
   at NUnit.Framework.Assert.Multiple(TestDelegate testDelegate)
   at osu.Game.Tests.Beatmaps.BeatmapConversionTest`2.<>c__DisplayClass4_0.<Test>b__1() in /app/osu.Game/Tests/Beatmaps/BeatmapConversionTest.cs:line 77
   at NUnit.Framework.Assert.Multiple(TestDelegate testDelegate)
   at osu.Game.Tests.Beatmaps.BeatmapConversionTest`2.Test(String name, Type[] mods) in /app/osu.Game/Tests/Beatmaps/BeatmapConversionTest.cs:line 50
   at osu.Game.Rulesets.Catch.Tests.CatchBeatmapConversionTest.Test(String name, Type[] mods) in /app/osu.Game.Rulesets.Catch.Tests/CatchBeatmapConversionTest.cs:line 58
   at InvokeStub_CatchBeatmapConversionTest.Test(Object, Span`1)

778)    at osu.Game.Tests.Beatmaps.BeatmapConversionTest`2.<>c__DisplayClass4_1.<Test>b__2() in /app/osu.Game/Tests/Beatmaps/BeatmapConversionTest.cs:line 98
   at NUnit.Framework.Assert.Multiple(TestDelegate testDelegate)
   at osu.Game.Tests.Beatmaps.BeatmapConversionTest`2.<>c__DisplayClass4_0.<Test>b__1() in /app/osu.Game/Tests/Beatmaps/BeatmapConversionTest.cs:line 77
   at NUnit.Framework.Assert.Multiple(TestDelegate testDelegate)
   at osu.Game.Tests.Beatmaps.BeatmapConversionTest`2.Test(String name, Type[] mods) in /app/osu.Game/Tests/Beatmaps/BeatmapConversionTest.cs:line 50
   at osu.Game.Rulesets.Catch.Tests.CatchBeatmapConversionTest.Test(String name, Type[] mods) in /app/osu.Game.Rulesets.Catch.Tests/CatchBeatmapConversionTest.cs:line 58
   at InvokeStub_CatchBeatmapConversionTest.Test(Object, Span`1)

779)    at osu.Game.Tests.Beatmaps.BeatmapConversionTest`2.<>c__DisplayClass4_1.<Test>b__2() in /app/osu.Game/Tests/Beatmaps/BeatmapConversionTest.cs:line 98
   at NUnit.Framework.Assert.Multiple(TestDelegate testDelegate)
   at osu.Game.Tests.Beatmaps.BeatmapConversionTest`2.<>c__DisplayClass4_0.<Test>b__1() in /app/osu.Game/Tests/Beatmaps/BeatmapConversionTest.cs:line 77
   at NUnit.Framework.Assert.Multiple(TestDelegate testDelegate)
   at osu.Game.Tests.Beatmaps.BeatmapConversionTest`2.Test(String name, Type[] mods) in /app/osu.Game/Tests/Beatmaps/BeatmapConversionTest.cs:line 50
   at osu.Game.Rulesets.Catch.Tests.CatchBeatmapConversionTest.Test(String name, Type[] mods) in /app/osu.Game.Rulesets.Catch.Tests/CatchBeatmapConversionTest.cs:line 58
   at InvokeStub_CatchBeatmapConversionTest.Test(Object, Span`1)

780)    at osu.Game.Tests.Beatmaps.BeatmapConversionTest`2.<>c__DisplayClass4_1.<Test>b__2() in /app/osu.Game/Tests/Beatmaps/BeatmapConversionTest.cs:line 98
   at NUnit.Framework.Assert.Multiple(TestDelegate testDelegate)
   at osu.Game.Tests.Beatmaps.BeatmapConversionTest`2.<>c__DisplayClass4_0.<Test>b__1() in /app/osu.Game/Tests/Beatmaps/BeatmapConversionTest.cs:line 77
   at NUnit.Framework.Assert.Multiple(TestDelegate testDelegate)
   at osu.Game.Tests.Beatmaps.BeatmapConversionTest`2.Test(String name, Type[] mods) in /app/osu.Game/Tests/Beatmaps/BeatmapConversionTest.cs:line 50
   at osu.Game.Rulesets.Catch.Tests.CatchBeatmapConversionTest.Test(String name, Type[] mods) in /app/osu.Game.Rulesets.Catch.Tests/CatchBeatmapConversionTest.cs:line 58
   at InvokeStub_CatchBeatmapConversionTest.Test(Object, Span`1)

781)    at osu.Game.Tests.Beatmaps.BeatmapConversionTest`2.<>c__DisplayClass4_1.<Test>b__2() in /app/osu.Game/Tests/Beatmaps/BeatmapConversionTest.cs:line 98
   at NUnit.Framework.Assert.Multiple(TestDelegate testDelegate)
   at osu.Game.Tests.Beatmaps.BeatmapConversionTest`2.<>c__DisplayClass4_0.<Test>b__1() in /app/osu.Game/Tests/Beatmaps/BeatmapConversionTest.cs:line 77
   at NUnit.Framework.Assert.Multiple(TestDelegate testDelegate)
   at osu.Game.Tests.Beatmaps.BeatmapConversionTest`2.Test(String name, Type[] mods) in /app/osu.Game/Tests/Beatmaps/BeatmapConversionTest.cs:line 50
   at osu.Game.Rulesets.Catch.Tests.CatchBeatmapConversionTest.Test(String name, Type[] mods) in /app/osu.Game.Rulesets.Catch.Tests/CatchBeatmapConversionTest.cs:line 58
   at InvokeStub_CatchBeatmapConversionTest.Test(Object, Span`1)

782)    at osu.Game.Tests.Beatmaps.BeatmapConversionTest`2.<>c__DisplayClass4_1.<Test>b__2() in /app/osu.Game/Tests/Beatmaps/BeatmapConversionTest.cs:line 98
   at NUnit.Framework.Assert.Multiple(TestDelegate testDelegate)
   at osu.Game.Tests.Beatmaps.BeatmapConversionTest`2.<>c__DisplayClass4_0.<Test>b__1() in /app/osu.Game/Tests/Beatmaps/BeatmapConversionTest.cs:line 77
   at NUnit.Framework.Assert.Multiple(TestDelegate testDelegate)
   at osu.Game.Tests.Beatmaps.BeatmapConversionTest`2.Test(String name, Type[] mods) in /app/osu.Game/Tests/Beatmaps/BeatmapConversionTest.cs:line 50
   at osu.Game.Rulesets.Catch.Tests.CatchBeatmapConversionTest.Test(String name, Type[] mods) in /app/osu.Game.Rulesets.Catch.Tests/CatchBeatmapConversionTest.cs:line 58
   at InvokeStub_CatchBeatmapConversionTest.Test(Object, Span`1)

783)    at osu.Game.Tests.Beatmaps.BeatmapConversionTest`2.<>c__DisplayClass4_1.<Test>b__2() in /app/osu.Game/Tests/Beatmaps/BeatmapConversionTest.cs:line 98
   at NUnit.Framework.Assert.Multiple(TestDelegate testDelegate)
   at osu.Game.Tests.Beatmaps.BeatmapConversionTest`2.<>c__DisplayClass4_0.<Test>b__1() in /app/osu.Game/Tests/Beatmaps/BeatmapConversionTest.cs:line 77
   at NUnit.Framework.Assert.Multiple(TestDelegate testDelegate)
   at osu.Game.Tests.Beatmaps.BeatmapConversionTest`2.Test(String name, Type[] mods) in /app/osu.Game/Tests/Beatmaps/BeatmapConversionTest.cs:line 50
   at osu.Game.Rulesets.Catch.Tests.CatchBeatmapConversionTest.Test(String name, Type[] mods) in /app/osu.Game.Rulesets.Catch.Tests/CatchBeatmapConversionTest.cs:line 58
   at InvokeStub_CatchBeatmapConversionTest.Test(Object, Span`1)

784)    at osu.Game.Tests.Beatmaps.BeatmapConversionTest`2.<>c__DisplayClass4_1.<Test>b__2() in /app/osu.Game/Tests/Beatmaps/BeatmapConversionTest.cs:line 98
   at NUnit.Framework.Assert.Multiple(TestDelegate testDelegate)
   at osu.Game.Tests.Beatmaps.BeatmapConversionTest`2.<>c__DisplayClass4_0.<Test>b__1() in /app/osu.Game/Tests/Beatmaps/BeatmapConversionTest.cs:line 77
   at NUnit.Framework.Assert.Multiple(TestDelegate testDelegate)
   at osu.Game.Tests.Beatmaps.BeatmapConversionTest`2.Test(String name, Type[] mods) in /app/osu.Game/Tests/Beatmaps/BeatmapConversionTest.cs:line 50
   at osu.Game.Rulesets.Catch.Tests.CatchBeatmapConversionTest.Test(String name, Type[] mods) in /app/osu.Game.Rulesets.Catch.Tests/CatchBeatmapConversionTest.cs:line 58
   at InvokeStub_CatchBeatmapConversionTest.Test(Object, Span`1)

785)    at osu.Game.Tests.Beatmaps.BeatmapConversionTest`2.<>c__DisplayClass4_1.<Test>b__2() in /app/osu.Game/Tests/Beatmaps/BeatmapConversionTest.cs:line 98
   at NUnit.Framework.Assert.Multiple(TestDelegate testDelegate)
   at osu.Game.Tests.Beatmaps.BeatmapConversionTest`2.<>c__DisplayClass4_0.<Test>b__1() in /app/osu.Game/Tests/Beatmaps/BeatmapConversionTest.cs:line 77
   at NUnit.Framework.Assert.Multiple(TestDelegate testDelegate)
   at osu.Game.Tests.Beatmaps.BeatmapConversionTest`2.Test(String name, Type[] mods) in /app/osu.Game/Tests/Beatmaps/BeatmapConversionTest.cs:line 50
   at osu.Game.Rulesets.Catch.Tests.CatchBeatmapConversionTest.Test(String name, Type[] mods) in /app/osu.Game.Rulesets.Catch.Tests/CatchBeatmapConversionTest.cs:line 58
   at InvokeStub_CatchBeatmapConversionTest.Test(Object, Span`1)

786)    at osu.Game.Tests.Beatmaps.BeatmapConversionTest`2.<>c__DisplayClass4_1.<Test>b__2() in /app/osu.Game/Tests/Beatmaps/BeatmapConversionTest.cs:line 98
   at NUnit.Framework.Assert.Multiple(TestDelegate testDelegate)
   at osu.Game.Tests.Beatmaps.BeatmapConversionTest`2.<>c__DisplayClass4_0.<Test>b__1() in /app/osu.Game/Tests/Beatmaps/BeatmapConversionTest.cs:line 77
   at NUnit.Framework.Assert.Multiple(TestDelegate testDelegate)
   at osu.Game.Tests.Beatmaps.BeatmapConversionTest`2.Test(String name, Type[] mods) in /app/osu.Game/Tests/Beatmaps/BeatmapConversionTest.cs:line 50
   at osu.Game.Rulesets.Catch.Tests.CatchBeatmapConversionTest.Test(String name, Type[] mods) in /app/osu.Game.Rulesets.Catch.Tests/CatchBeatmapConversionTest.cs:line 58
   at InvokeStub_CatchBeatmapConversionTest.Test(Object, Span`1)

787)    at osu.Game.Tests.Beatmaps.BeatmapConversionTest`2.<>c__DisplayClass4_1.<Test>b__2() in /app/osu.Game/Tests/Beatmaps/BeatmapConversionTest.cs:line 98
   at NUnit.Framework.Assert.Multiple(TestDelegate testDelegate)
   at osu.Game.Tests.Beatmaps.BeatmapConversionTest`2.<>c__DisplayClass4_0.<Test>b__1() in /app/osu.Game/Tests/Beatmaps/BeatmapConversionTest.cs:line 77
   at NUnit.Framework.Assert.Multiple(TestDelegate testDelegate)
   at osu.Game.Tests.Beatmaps.BeatmapConversionTest`2.Test(String name, Type[] mods) in /app/osu.Game/Tests/Beatmaps/BeatmapConversionTest.cs:line 50
   at osu.Game.Rulesets.Catch.Tests.CatchBeatmapConversionTest.Test(String name, Type[] mods) in /app/osu.Game.Rulesets.Catch.Tests/CatchBeatmapConversionTest.cs:line 58
   at InvokeStub_CatchBeatmapConversionTest.Test(Object, Span`1)

788)    at osu.Game.Tests.Beatmaps.BeatmapConversionTest`2.<>c__DisplayClass4_1.<Test>b__2() in /app/osu.Game/Tests/Beatmaps/BeatmapConversionTest.cs:line 98
   at NUnit.Framework.Assert.Multiple(TestDelegate testDelegate)
   at osu.Game.Tests.Beatmaps.BeatmapConversionTest`2.<>c__DisplayClass4_0.<Test>b__1() in /app/osu.Game/Tests/Beatmaps/BeatmapConversionTest.cs:line 77
   at NUnit.Framework.Assert.Multiple(TestDelegate testDelegate)
   at osu.Game.Tests.Beatmaps.BeatmapConversionTest`2.Test(String name, Type[] mods) in /app/osu.Game/Tests/Beatmaps/BeatmapConversionTest.cs:line 50
   at osu.Game.Rulesets.Catch.Tests.CatchBeatmapConversionTest.Test(String name, Type[] mods) in /app/osu.Game.Rulesets.Catch.Tests/CatchBeatmapConversionTest.cs:line 58
   at InvokeStub_CatchBeatmapConversionTest.Test(Object, Span`1)

789)    at osu.Game.Tests.Beatmaps.BeatmapConversionTest`2.<>c__DisplayClass4_1.<Test>b__2() in /app/osu.Game/Tests/Beatmaps/BeatmapConversionTest.cs:line 98
   at NUnit.Framework.Assert.Multiple(TestDelegate testDelegate)
   at osu.Game.Tests.Beatmaps.BeatmapConversionTest`2.<>c__DisplayClass4_0.<Test>b__1() in /app/osu.Game/Tests/Beatmaps/BeatmapConversionTest.cs:line 77
   at NUnit.Framework.Assert.Multiple(TestDelegate testDelegate)
   at osu.Game.Tests.Beatmaps.BeatmapConversionTest`2.Test(String name, Type[] mods) in /app/osu.Game/Tests/Beatmaps/BeatmapConversionTest.cs:line 50
   at osu.Game.Rulesets.Catch.Tests.CatchBeatmapConversionTest.Test(String name, Type[] mods) in /app/osu.Game.Rulesets.Catch.Tests/CatchBeatmapConversionTest.cs:line 58
   at InvokeStub_CatchBeatmapConversionTest.Test(Object, Span`1)

790)    at osu.Game.Tests.Beatmaps.BeatmapConversionTest`2.<>c__DisplayClass4_1.<Test>b__2() in /app/osu.Game/Tests/Beatmaps/BeatmapConversionTest.cs:line 98
   at NUnit.Framework.Assert.Multiple(TestDelegate testDelegate)
   at osu.Game.Tests.Beatmaps.BeatmapConversionTest`2.<>c__DisplayClass4_0.<Test>b__1() in /app/osu.Game/Tests/Beatmaps/BeatmapConversionTest.cs:line 77
   at NUnit.Framework.Assert.Multiple(TestDelegate testDelegate)
   at osu.Game.Tests.Beatmaps.BeatmapConversionTest`2.Test(String name, Type[] mods) in /app/osu.Game/Tests/Beatmaps/BeatmapConversionTest.cs:line 50
   at osu.Game.Rulesets.Catch.Tests.CatchBeatmapConversionTest.Test(String name, Type[] mods) in /app/osu.Game.Rulesets.Catch.Tests/CatchBeatmapConversionTest.cs:line 58
   at InvokeStub_CatchBeatmapConversionTest.Test(Object, Span`1)

791)    at osu.Game.Tests.Beatmaps.BeatmapConversionTest`2.<>c__DisplayClass4_1.<Test>b__2() in /app/osu.Game/Tests/Beatmaps/BeatmapConversionTest.cs:line 98
   at NUnit.Framework.Assert.Multiple(TestDelegate testDelegate)
   at osu.Game.Tests.Beatmaps.BeatmapConversionTest`2.<>c__DisplayClass4_0.<Test>b__1() in /app/osu.Game/Tests/Beatmaps/BeatmapConversionTest.cs:line 77
   at NUnit.Framework.Assert.Multiple(TestDelegate testDelegate)
   at osu.Game.Tests.Beatmaps.BeatmapConversionTest`2.Test(String name, Type[] mods) in /app/osu.Game/Tests/Beatmaps/BeatmapConversionTest.cs:line 50
   at osu.Game.Rulesets.Catch.Tests.CatchBeatmapConversionTest.Test(String name, Type[] mods) in /app/osu.Game.Rulesets.Catch.Tests/CatchBeatmapConversionTest.cs:line 58
   at InvokeStub_CatchBeatmapConversionTest.Test(Object, Span`1)

792)    at osu.Game.Tests.Beatmaps.BeatmapConversionTest`2.<>c__DisplayClass4_1.<Test>b__2() in /app/osu.Game/Tests/Beatmaps/BeatmapConversionTest.cs:line 98
   at NUnit.Framework.Assert.Multiple(TestDelegate testDelegate)
   at osu.Game.Tests.Beatmaps.BeatmapConversionTest`2.<>c__DisplayClass4_0.<Test>b__1() in /app/osu.Game/Tests/Beatmaps/BeatmapConversionTest.cs:line 77
   at NUnit.Framework.Assert.Multiple(TestDelegate testDelegate)
   at osu.Game.Tests.Beatmaps.BeatmapConversionTest`2.Test(String name, Type[] mods) in /app/osu.Game/Tests/Beatmaps/BeatmapConversionTest.cs:line 50
   at osu.Game.Rulesets.Catch.Tests.CatchBeatmapConversionTest.Test(String name, Type[] mods) in /app/osu.Game.Rulesets.Catch.Tests/CatchBeatmapConversionTest.cs:line 58
   at InvokeStub_CatchBeatmapConversionTest.Test(Object, Span`1)

793)    at osu.Game.Tests.Beatmaps.BeatmapConversionTest`2.<>c__DisplayClass4_1.<Test>b__2() in /app/osu.Game/Tests/Beatmaps/BeatmapConversionTest.cs:line 98
   at NUnit.Framework.Assert.Multiple(TestDelegate testDelegate)
   at osu.Game.Tests.Beatmaps.BeatmapConversionTest`2.<>c__DisplayClass4_0.<Test>b__1() in /app/osu.Game/Tests/Beatmaps/BeatmapConversionTest.cs:line 77
   at NUnit.Framework.Assert.Multiple(TestDelegate testDelegate)
   at osu.Game.Tests.Beatmaps.BeatmapConversionTest`2.Test(String name, Type[] mods) in /app/osu.Game/Tests/Beatmaps/BeatmapConversionTest.cs:line 50
   at osu.Game.Rulesets.Catch.Tests.CatchBeatmapConversionTest.Test(String name, Type[] mods) in /app/osu.Game.Rulesets.Catch.Tests/CatchBeatmapConversionTest.cs:line 58
   at InvokeStub_CatchBeatmapConversionTest.Test(Object, Span`1)

794)    at osu.Game.Tests.Beatmaps.BeatmapConversionTest`2.<>c__DisplayClass4_1.<Test>b__2() in /app/osu.Game/Tests/Beatmaps/BeatmapConversionTest.cs:line 98
   at NUnit.Framework.Assert.Multiple(TestDelegate testDelegate)
   at osu.Game.Tests.Beatmaps.BeatmapConversionTest`2.<>c__DisplayClass4_0.<Test>b__1() in /app/osu.Game/Tests/Beatmaps/BeatmapConversionTest.cs:line 77
   at NUnit.Framework.Assert.Multiple(TestDelegate testDelegate)
   at osu.Game.Tests.Beatmaps.BeatmapConversionTest`2.Test(String name, Type[] mods) in /app/osu.Game/Tests/Beatmaps/BeatmapConversionTest.cs:line 50
   at osu.Game.Rulesets.Catch.Tests.CatchBeatmapConversionTest.Test(String name, Type[] mods) in /app/osu.Game.Rulesets.Catch.Tests/CatchBeatmapConversionTest.cs:line 58
   at InvokeStub_CatchBeatmapConversionTest.Test(Object, Span`1)

795)    at osu.Game.Tests.Beatmaps.BeatmapConversionTest`2.<>c__DisplayClass4_1.<Test>b__2() in /app/osu.Game/Tests/Beatmaps/BeatmapConversionTest.cs:line 98
   at NUnit.Framework.Assert.Multiple(TestDelegate testDelegate)
   at osu.Game.Tests.Beatmaps.BeatmapConversionTest`2.<>c__DisplayClass4_0.<Test>b__1() in /app/osu.Game/Tests/Beatmaps/BeatmapConversionTest.cs:line 77
   at NUnit.Framework.Assert.Multiple(TestDelegate testDelegate)
   at osu.Game.Tests.Beatmaps.BeatmapConversionTest`2.Test(String name, Type[] mods) in /app/osu.Game/Tests/Beatmaps/BeatmapConversionTest.cs:line 50
   at osu.Game.Rulesets.Catch.Tests.CatchBeatmapConversionTest.Test(String name, Type[] mods) in /app/osu.Game.Rulesets.Catch.Tests/CatchBeatmapConversionTest.cs:line 58
   at InvokeStub_CatchBeatmapConversionTest.Test(Object, Span`1)

796)    at osu.Game.Tests.Beatmaps.BeatmapConversionTest`2.<>c__DisplayClass4_1.<Test>b__2() in /app/osu.Game/Tests/Beatmaps/BeatmapConversionTest.cs:line 98
   at NUnit.Framework.Assert.Multiple(TestDelegate testDelegate)
   at osu.Game.Tests.Beatmaps.BeatmapConversionTest`2.<>c__DisplayClass4_0.<Test>b__1() in /app/osu.Game/Tests/Beatmaps/BeatmapConversionTest.cs:line 77
   at NUnit.Framework.Assert.Multiple(TestDelegate testDelegate)
   at osu.Game.Tests.Beatmaps.BeatmapConversionTest`2.Test(String name, Type[] mods) in /app/osu.Game/Tests/Beatmaps/BeatmapConversionTest.cs:line 50
   at osu.Game.Rulesets.Catch.Tests.CatchBeatmapConversionTest.Test(String name, Type[] mods) in /app/osu.Game.Rulesets.Catch.Tests/CatchBeatmapConversionTest.cs:line 58
   at InvokeStub_CatchBeatmapConversionTest.Test(Object, Span`1)

797)    at osu.Game.Tests.Beatmaps.BeatmapConversionTest`2.<>c__DisplayClass4_1.<Test>b__2() in /app/osu.Game/Tests/Beatmaps/BeatmapConversionTest.cs:line 98
   at NUnit.Framework.Assert.Multiple(TestDelegate testDelegate)
   at osu.Game.Tests.Beatmaps.BeatmapConversionTest`2.<>c__DisplayClass4_0.<Test>b__1() in /app/osu.Game/Tests/Beatmaps/BeatmapConversionTest.cs:line 77
   at NUnit.Framework.Assert.Multiple(TestDelegate testDelegate)
   at osu.Game.Tests.Beatmaps.BeatmapConversionTest`2.Test(String name, Type[] mods) in /app/osu.Game/Tests/Beatmaps/BeatmapConversionTest.cs:line 50
   at osu.Game.Rulesets.Catch.Tests.CatchBeatmapConversionTest.Test(String name, Type[] mods) in /app/osu.Game.Rulesets.Catch.Tests/CatchBeatmapConversionTest.cs:line 58
   at InvokeStub_CatchBeatmapConversionTest.Test(Object, Span`1)

798)    at osu.Game.Tests.Beatmaps.BeatmapConversionTest`2.<>c__DisplayClass4_1.<Test>b__2() in /app/osu.Game/Tests/Beatmaps/BeatmapConversionTest.cs:line 98
   at NUnit.Framework.Assert.Multiple(TestDelegate testDelegate)
   at osu.Game.Tests.Beatmaps.BeatmapConversionTest`2.<>c__DisplayClass4_0.<Test>b__1() in /app/osu.Game/Tests/Beatmaps/BeatmapConversionTest.cs:line 77
   at NUnit.Framework.Assert.Multiple(TestDelegate testDelegate)
   at osu.Game.Tests.Beatmaps.BeatmapConversionTest`2.Test(String name, Type[] mods) in /app/osu.Game/Tests/Beatmaps/BeatmapConversionTest.cs:line 50
   at osu.Game.Rulesets.Catch.Tests.CatchBeatmapConversionTest.Test(String name, Type[] mods) in /app/osu.Game.Rulesets.Catch.Tests/CatchBeatmapConversionTest.cs:line 58
   at InvokeStub_CatchBeatmapConversionTest.Test(Object, Span`1)

799)    at osu.Game.Tests.Beatmaps.BeatmapConversionTest`2.<>c__DisplayClass4_1.<Test>b__2() in /app/osu.Game/Tests/Beatmaps/BeatmapConversionTest.cs:line 98
   at NUnit.Framework.Assert.Multiple(TestDelegate testDelegate)
   at osu.Game.Tests.Beatmaps.BeatmapConversionTest`2.<>c__DisplayClass4_0.<Test>b__1() in /app/osu.Game/Tests/Beatmaps/BeatmapConversionTest.cs:line 77
   at NUnit.Framework.Assert.Multiple(TestDelegate testDelegate)
   at osu.Game.Tests.Beatmaps.BeatmapConversionTest`2.Test(String name, Type[] mods) in /app/osu.Game/Tests/Beatmaps/BeatmapConversionTest.cs:line 50
   at osu.Game.Rulesets.Catch.Tests.CatchBeatmapConversionTest.Test(String name, Type[] mods) in /app/osu.Game.Rulesets.Catch.Tests/CatchBeatmapConversionTest.cs:line 58
   at InvokeStub_CatchBeatmapConversionTest.Test(Object, Span`1)

800)    at osu.Game.Tests.Beatmaps.BeatmapConversionTest`2.<>c__DisplayClass4_1.<Test>b__2() in /app/osu.Game/Tests/Beatmaps/BeatmapConversionTest.cs:line 98
   at NUnit.Framework.Assert.Multiple(TestDelegate testDelegate)
   at osu.Game.Tests.Beatmaps.BeatmapConversionTest`2.<>c__DisplayClass4_0.<Test>b__1() in /app/osu.Game/Tests/Beatmaps/BeatmapConversionTest.cs:line 77
   at NUnit.Framework.Assert.Multiple(TestDelegate testDelegate)
   at osu.Game.Tests.Beatmaps.BeatmapConversionTest`2.Test(String name, Type[] mods) in /app/osu.Game/Tests/Beatmaps/BeatmapConversionTest.cs:line 50
   at osu.Game.Rulesets.Catch.Tests.CatchBeatmapConversionTest.Test(String name, Type[] mods) in /app/osu.Game.Rulesets.Catch.Tests/CatchBeatmapConversionTest.cs:line 58
   at InvokeStub_CatchBeatmapConversionTest.Test(Object, Span`1)

801)    at osu.Game.Tests.Beatmaps.BeatmapConversionTest`2.<>c__DisplayClass4_1.<Test>b__2() in /app/osu.Game/Tests/Beatmaps/BeatmapConversionTest.cs:line 98
   at NUnit.Framework.Assert.Multiple(TestDelegate testDelegate)
   at osu.Game.Tests.Beatmaps.BeatmapConversionTest`2.<>c__DisplayClass4_0.<Test>b__1() in /app/osu.Game/Tests/Beatmaps/BeatmapConversionTest.cs:line 77
   at NUnit.Framework.Assert.Multiple(TestDelegate testDelegate)
   at osu.Game.Tests.Beatmaps.BeatmapConversionTest`2.Test(String name, Type[] mods) in /app/osu.Game/Tests/Beatmaps/BeatmapConversionTest.cs:line 50
   at osu.Game.Rulesets.Catch.Tests.CatchBeatmapConversionTest.Test(String name, Type[] mods) in /app/osu.Game.Rulesets.Catch.Tests/CatchBeatmapConversionTest.cs:line 58
   at InvokeStub_CatchBeatmapConversionTest.Test(Object, Span`1)

802)    at osu.Game.Tests.Beatmaps.BeatmapConversionTest`2.<>c__DisplayClass4_1.<Test>b__2() in /app/osu.Game/Tests/Beatmaps/BeatmapConversionTest.cs:line 98
   at NUnit.Framework.Assert.Multiple(TestDelegate testDelegate)
   at osu.Game.Tests.Beatmaps.BeatmapConversionTest`2.<>c__DisplayClass4_0.<Test>b__1() in /app/osu.Game/Tests/Beatmaps/BeatmapConversionTest.cs:line 77
   at NUnit.Framework.Assert.Multiple(TestDelegate testDelegate)
   at osu.Game.Tests.Beatmaps.BeatmapConversionTest`2.Test(String name, Type[] mods) in /app/osu.Game/Tests/Beatmaps/BeatmapConversionTest.cs:line 50
   at osu.Game.Rulesets.Catch.Tests.CatchBeatmapConversionTest.Test(String name, Type[] mods) in /app/osu.Game.Rulesets.Catch.Tests/CatchBeatmapConversionTest.cs:line 58
   at InvokeStub_CatchBeatmapConversionTest.Test(Object, Span`1)

803)    at osu.Game.Tests.Beatmaps.BeatmapConversionTest`2.<>c__DisplayClass4_1.<Test>b__2() in /app/osu.Game/Tests/Beatmaps/BeatmapConversionTest.cs:line 98
   at NUnit.Framework.Assert.Multiple(TestDelegate testDelegate)
   at osu.Game.Tests.Beatmaps.BeatmapConversionTest`2.<>c__DisplayClass4_0.<Test>b__1() in /app/osu.Game/Tests/Beatmaps/BeatmapConversionTest.cs:line 77
   at NUnit.Framework.Assert.Multiple(TestDelegate testDelegate)
   at osu.Game.Tests.Beatmaps.BeatmapConversionTest`2.Test(String name, Type[] mods) in /app/osu.Game/Tests/Beatmaps/BeatmapConversionTest.cs:line 50
   at osu.Game.Rulesets.Catch.Tests.CatchBeatmapConversionTest.Test(String name, Type[] mods) in /app/osu.Game.Rulesets.Catch.Tests/CatchBeatmapConversionTest.cs:line 58
   at InvokeStub_CatchBeatmapConversionTest.Test(Object, Span`1)

804)    at osu.Game.Tests.Beatmaps.BeatmapConversionTest`2.<>c__DisplayClass4_1.<Test>b__2() in /app/osu.Game/Tests/Beatmaps/BeatmapConversionTest.cs:line 98
   at NUnit.Framework.Assert.Multiple(TestDelegate testDelegate)
   at osu.Game.Tests.Beatmaps.BeatmapConversionTest`2.<>c__DisplayClass4_0.<Test>b__1() in /app/osu.Game/Tests/Beatmaps/BeatmapConversionTest.cs:line 77
   at NUnit.Framework.Assert.Multiple(TestDelegate testDelegate)
   at osu.Game.Tests.Beatmaps.BeatmapConversionTest`2.Test(String name, Type[] mods) in /app/osu.Game/Tests/Beatmaps/BeatmapConversionTest.cs:line 50
   at osu.Game.Rulesets.Catch.Tests.CatchBeatmapConversionTest.Test(String name, Type[] mods) in /app/osu.Game.Rulesets.Catch.Tests/CatchBeatmapConversionTest.cs:line 58
   at InvokeStub_CatchBeatmapConversionTest.Test(Object, Span`1)

805)    at osu.Game.Tests.Beatmaps.BeatmapConversionTest`2.<>c__DisplayClass4_1.<Test>b__2() in /app/osu.Game/Tests/Beatmaps/BeatmapConversionTest.cs:line 98
   at NUnit.Framework.Assert.Multiple(TestDelegate testDelegate)
   at osu.Game.Tests.Beatmaps.BeatmapConversionTest`2.<>c__DisplayClass4_0.<Test>b__1() in /app/osu.Game/Tests/Beatmaps/BeatmapConversionTest.cs:line 77
   at NUnit.Framework.Assert.Multiple(TestDelegate testDelegate)
   at osu.Game.Tests.Beatmaps.BeatmapConversionTest`2.Test(String name, Type[] mods) in /app/osu.Game/Tests/Beatmaps/BeatmapConversionTest.cs:line 50
   at osu.Game.Rulesets.Catch.Tests.CatchBeatmapConversionTest.Test(String name, Type[] mods) in /app/osu.Game.Rulesets.Catch.Tests/CatchBeatmapConversionTest.cs:line 58
   at InvokeStub_CatchBeatmapConversionTest.Test(Object, Span`1)

806)    at osu.Game.Tests.Beatmaps.BeatmapConversionTest`2.<>c__DisplayClass4_1.<Test>b__2() in /app/osu.Game/Tests/Beatmaps/BeatmapConversionTest.cs:line 98
   at NUnit.Framework.Assert.Multiple(TestDelegate testDelegate)
   at osu.Game.Tests.Beatmaps.BeatmapConversionTest`2.<>c__DisplayClass4_0.<Test>b__1() in /app/osu.Game/Tests/Beatmaps/BeatmapConversionTest.cs:line 77
   at NUnit.Framework.Assert.Multiple(TestDelegate testDelegate)
   at osu.Game.Tests.Beatmaps.BeatmapConversionTest`2.Test(String name, Type[] mods) in /app/osu.Game/Tests/Beatmaps/BeatmapConversionTest.cs:line 50
   at osu.Game.Rulesets.Catch.Tests.CatchBeatmapConversionTest.Test(String name, Type[] mods) in /app/osu.Game.Rulesets.Catch.Tests/CatchBeatmapConversionTest.cs:line 58
   at InvokeStub_CatchBeatmapConversionTest.Test(Object, Span`1)

807)    at osu.Game.Tests.Beatmaps.BeatmapConversionTest`2.<>c__DisplayClass4_1.<Test>b__2() in /app/osu.Game/Tests/Beatmaps/BeatmapConversionTest.cs:line 98
   at NUnit.Framework.Assert.Multiple(TestDelegate testDelegate)
   at osu.Game.Tests.Beatmaps.BeatmapConversionTest`2.<>c__DisplayClass4_0.<Test>b__1() in /app/osu.Game/Tests/Beatmaps/BeatmapConversionTest.cs:line 77
   at NUnit.Framework.Assert.Multiple(TestDelegate testDelegate)
   at osu.Game.Tests.Beatmaps.BeatmapConversionTest`2.Test(String name, Type[] mods) in /app/osu.Game/Tests/Beatmaps/BeatmapConversionTest.cs:line 50
   at osu.Game.Rulesets.Catch.Tests.CatchBeatmapConversionTest.Test(String name, Type[] mods) in /app/osu.Game.Rulesets.Catch.Tests/CatchBeatmapConversionTest.cs:line 58
   at InvokeStub_CatchBeatmapConversionTest.Test(Object, Span`1)

808)    at osu.Game.Tests.Beatmaps.BeatmapConversionTest`2.<>c__DisplayClass4_1.<Test>b__2() in /app/osu.Game/Tests/Beatmaps/BeatmapConversionTest.cs:line 98
   at NUnit.Framework.Assert.Multiple(TestDelegate testDelegate)
   at osu.Game.Tests.Beatmaps.BeatmapConversionTest`2.<>c__DisplayClass4_0.<Test>b__1() in /app/osu.Game/Tests/Beatmaps/BeatmapConversionTest.cs:line 77
   at NUnit.Framework.Assert.Multiple(TestDelegate testDelegate)
   at osu.Game.Tests.Beatmaps.BeatmapConversionTest`2.Test(String name, Type[] mods) in /app/osu.Game/Tests/Beatmaps/BeatmapConversionTest.cs:line 50
   at osu.Game.Rulesets.Catch.Tests.CatchBeatmapConversionTest.Test(String name, Type[] mods) in /app/osu.Game.Rulesets.Catch.Tests/CatchBeatmapConversionTest.cs:line 58
   at InvokeStub_CatchBeatmapConversionTest.Test(Object, Span`1)

809)    at osu.Game.Tests.Beatmaps.BeatmapConversionTest`2.<>c__DisplayClass4_1.<Test>b__2() in /app/osu.Game/Tests/Beatmaps/BeatmapConversionTest.cs:line 98
   at NUnit.Framework.Assert.Multiple(TestDelegate testDelegate)
   at osu.Game.Tests.Beatmaps.BeatmapConversionTest`2.<>c__DisplayClass4_0.<Test>b__1() in /app/osu.Game/Tests/Beatmaps/BeatmapConversionTest.cs:line 77
   at NUnit.Framework.Assert.Multiple(TestDelegate testDelegate)
   at osu.Game.Tests.Beatmaps.BeatmapConversionTest`2.Test(String name, Type[] mods) in /app/osu.Game/Tests/Beatmaps/BeatmapConversionTest.cs:line 50
   at osu.Game.Rulesets.Catch.Tests.CatchBeatmapConversionTest.Test(String name, Type[] mods) in /app/osu.Game.Rulesets.Catch.Tests/CatchBeatmapConversionTest.cs:line 58
   at InvokeStub_CatchBeatmapConversionTest.Test(Object, Span`1)

810)    at osu.Game.Tests.Beatmaps.BeatmapConversionTest`2.<>c__DisplayClass4_1.<Test>b__2() in /app/osu.Game/Tests/Beatmaps/BeatmapConversionTest.cs:line 98
   at NUnit.Framework.Assert.Multiple(TestDelegate testDelegate)
   at osu.Game.Tests.Beatmaps.BeatmapConversionTest`2.<>c__DisplayClass4_0.<Test>b__1() in /app/osu.Game/Tests/Beatmaps/BeatmapConversionTest.cs:line 77
   at NUnit.Framework.Assert.Multiple(TestDelegate testDelegate)
   at osu.Game.Tests.Beatmaps.BeatmapConversionTest`2.Test(String name, Type[] mods) in /app/osu.Game/Tests/Beatmaps/BeatmapConversionTest.cs:line 50
   at osu.Game.Rulesets.Catch.Tests.CatchBeatmapConversionTest.Test(String name, Type[] mods) in /app/osu.Game.Rulesets.Catch.Tests/CatchBeatmapConversionTest.cs:line 58
   at InvokeStub_CatchBeatmapConversionTest.Test(Object, Span`1)

811)    at osu.Game.Tests.Beatmaps.BeatmapConversionTest`2.<>c__DisplayClass4_1.<Test>b__2() in /app/osu.Game/Tests/Beatmaps/BeatmapConversionTest.cs:line 98
   at NUnit.Framework.Assert.Multiple(TestDelegate testDelegate)
   at osu.Game.Tests.Beatmaps.BeatmapConversionTest`2.<>c__DisplayClass4_0.<Test>b__1() in /app/osu.Game/Tests/Beatmaps/BeatmapConversionTest.cs:line 77
   at NUnit.Framework.Assert.Multiple(TestDelegate testDelegate)
   at osu.Game.Tests.Beatmaps.BeatmapConversionTest`2.Test(String name, Type[] mods) in /app/osu.Game/Tests/Beatmaps/BeatmapConversionTest.cs:line 50
   at osu.Game.Rulesets.Catch.Tests.CatchBeatmapConversionTest.Test(String name, Type[] mods) in /app/osu.Game.Rulesets.Catch.Tests/CatchBeatmapConversionTest.cs:line 58
   at InvokeStub_CatchBeatmapConversionTest.Test(Object, Span`1)

812)    at osu.Game.Tests.Beatmaps.BeatmapConversionTest`2.<>c__DisplayClass4_1.<Test>b__2() in /app/osu.Game/Tests/Beatmaps/BeatmapConversionTest.cs:line 98
   at NUnit.Framework.Assert.Multiple(TestDelegate testDelegate)
   at osu.Game.Tests.Beatmaps.BeatmapConversionTest`2.<>c__DisplayClass4_0.<Test>b__1() in /app/osu.Game/Tests/Beatmaps/BeatmapConversionTest.cs:line 77
   at NUnit.Framework.Assert.Multiple(TestDelegate testDelegate)
   at osu.Game.Tests.Beatmaps.BeatmapConversionTest`2.Test(String name, Type[] mods) in /app/osu.Game/Tests/Beatmaps/BeatmapConversionTest.cs:line 50
   at osu.Game.Rulesets.Catch.Tests.CatchBeatmapConversionTest.Test(String name, Type[] mods) in /app/osu.Game.Rulesets.Catch.Tests/CatchBeatmapConversionTest.cs:line 58
   at InvokeStub_CatchBeatmapConversionTest.Test(Object, Span`1)

813)    at osu.Game.Tests.Beatmaps.BeatmapConversionTest`2.<>c__DisplayClass4_1.<Test>b__2() in /app/osu.Game/Tests/Beatmaps/BeatmapConversionTest.cs:line 98
   at NUnit.Framework.Assert.Multiple(TestDelegate testDelegate)
   at osu.Game.Tests.Beatmaps.BeatmapConversionTest`2.<>c__DisplayClass4_0.<Test>b__1() in /app/osu.Game/Tests/Beatmaps/BeatmapConversionTest.cs:line 77
   at NUnit.Framework.Assert.Multiple(TestDelegate testDelegate)
   at osu.Game.Tests.Beatmaps.BeatmapConversionTest`2.Test(String name, Type[] mods) in /app/osu.Game/Tests/Beatmaps/BeatmapConversionTest.cs:line 50
   at osu.Game.Rulesets.Catch.Tests.CatchBeatmapConversionTest.Test(String name, Type[] mods) in /app/osu.Game.Rulesets.Catch.Tests/CatchBeatmapConversionTest.cs:line 58
   at InvokeStub_CatchBeatmapConversionTest.Test(Object, Span`1)

814)    at osu.Game.Tests.Beatmaps.BeatmapConversionTest`2.<>c__DisplayClass4_1.<Test>b__2() in /app/osu.Game/Tests/Beatmaps/BeatmapConversionTest.cs:line 98
   at NUnit.Framework.Assert.Multiple(TestDelegate testDelegate)
   at osu.Game.Tests.Beatmaps.BeatmapConversionTest`2.<>c__DisplayClass4_0.<Test>b__1() in /app/osu.Game/Tests/Beatmaps/BeatmapConversionTest.cs:line 77
   at NUnit.Framework.Assert.Multiple(TestDelegate testDelegate)
   at osu.Game.Tests.Beatmaps.BeatmapConversionTest`2.Test(String name, Type[] mods) in /app/osu.Game/Tests/Beatmaps/BeatmapConversionTest.cs:line 50
   at osu.Game.Rulesets.Catch.Tests.CatchBeatmapConversionTest.Test(String name, Type[] mods) in /app/osu.Game.Rulesets.Catch.Tests/CatchBeatmapConversionTest.cs:line 58
   at InvokeStub_CatchBeatmapConversionTest.Test(Object, Span`1)

815)    at osu.Game.Tests.Beatmaps.BeatmapConversionTest`2.<>c__DisplayClass4_1.<Test>b__2() in /app/osu.Game/Tests/Beatmaps/BeatmapConversionTest.cs:line 98
   at NUnit.Framework.Assert.Multiple(TestDelegate testDelegate)
   at osu.Game.Tests.Beatmaps.BeatmapConversionTest`2.<>c__DisplayClass4_0.<Test>b__1() in /app/osu.Game/Tests/Beatmaps/BeatmapConversionTest.cs:line 77
   at NUnit.Framework.Assert.Multiple(TestDelegate testDelegate)
   at osu.Game.Tests.Beatmaps.BeatmapConversionTest`2.Test(String name, Type[] mods) in /app/osu.Game/Tests/Beatmaps/BeatmapConversionTest.cs:line 50
   at osu.Game.Rulesets.Catch.Tests.CatchBeatmapConversionTest.Test(String name, Type[] mods) in /app/osu.Game.Rulesets.Catch.Tests/CatchBeatmapConversionTest.cs:line 58
   at InvokeStub_CatchBeatmapConversionTest.Test(Object, Span`1)

816)    at osu.Game.Tests.Beatmaps.BeatmapConversionTest`2.<>c__DisplayClass4_1.<Test>b__2() in /app/osu.Game/Tests/Beatmaps/BeatmapConversionTest.cs:line 98
   at NUnit.Framework.Assert.Multiple(TestDelegate testDelegate)
   at osu.Game.Tests.Beatmaps.BeatmapConversionTest`2.<>c__DisplayClass4_0.<Test>b__1() in /app/osu.Game/Tests/Beatmaps/BeatmapConversionTest.cs:line 77
   at NUnit.Framework.Assert.Multiple(TestDelegate testDelegate)
   at osu.Game.Tests.Beatmaps.BeatmapConversionTest`2.Test(String name, Type[] mods) in /app/osu.Game/Tests/Beatmaps/BeatmapConversionTest.cs:line 50
   at osu.Game.Rulesets.Catch.Tests.CatchBeatmapConversionTest.Test(String name, Type[] mods) in /app/osu.Game.Rulesets.Catch.Tests/CatchBeatmapConversionTest.cs:line 58
   at InvokeStub_CatchBeatmapConversionTest.Test(Object, Span`1)

817)    at osu.Game.Tests.Beatmaps.BeatmapConversionTest`2.<>c__DisplayClass4_1.<Test>b__2() in /app/osu.Game/Tests/Beatmaps/BeatmapConversionTest.cs:line 98
   at NUnit.Framework.Assert.Multiple(TestDelegate testDelegate)
   at osu.Game.Tests.Beatmaps.BeatmapConversionTest`2.<>c__DisplayClass4_0.<Test>b__1() in /app/osu.Game/Tests/Beatmaps/BeatmapConversionTest.cs:line 77
   at NUnit.Framework.Assert.Multiple(TestDelegate testDelegate)
   at osu.Game.Tests.Beatmaps.BeatmapConversionTest`2.Test(String name, Type[] mods) in /app/osu.Game/Tests/Beatmaps/BeatmapConversionTest.cs:line 50
   at osu.Game.Rulesets.Catch.Tests.CatchBeatmapConversionTest.Test(String name, Type[] mods) in /app/osu.Game.Rulesets.Catch.Tests/CatchBeatmapConversionTest.cs:line 58
   at InvokeStub_CatchBeatmapConversionTest.Test(Object, Span`1)

818)    at osu.Game.Tests.Beatmaps.BeatmapConversionTest`2.<>c__DisplayClass4_1.<Test>b__2() in /app/osu.Game/Tests/Beatmaps/BeatmapConversionTest.cs:line 98
   at NUnit.Framework.Assert.Multiple(TestDelegate testDelegate)
   at osu.Game.Tests.Beatmaps.BeatmapConversionTest`2.<>c__DisplayClass4_0.<Test>b__1() in /app/osu.Game/Tests/Beatmaps/BeatmapConversionTest.cs:line 77
   at NUnit.Framework.Assert.Multiple(TestDelegate testDelegate)
   at osu.Game.Tests.Beatmaps.BeatmapConversionTest`2.Test(String name, Type[] mods) in /app/osu.Game/Tests/Beatmaps/BeatmapConversionTest.cs:line 50
   at osu.Game.Rulesets.Catch.Tests.CatchBeatmapConversionTest.Test(String name, Type[] mods) in /app/osu.Game.Rulesets.Catch.Tests/CatchBeatmapConversionTest.cs:line 58
   at InvokeStub_CatchBeatmapConversionTest.Test(Object, Span`1)

819)    at osu.Game.Tests.Beatmaps.BeatmapConversionTest`2.<>c__DisplayClass4_1.<Test>b__2() in /app/osu.Game/Tests/Beatmaps/BeatmapConversionTest.cs:line 98
   at NUnit.Framework.Assert.Multiple(TestDelegate testDelegate)
   at osu.Game.Tests.Beatmaps.BeatmapConversionTest`2.<>c__DisplayClass4_0.<Test>b__1() in /app/osu.Game/Tests/Beatmaps/BeatmapConversionTest.cs:line 77
   at NUnit.Framework.Assert.Multiple(TestDelegate testDelegate)
   at osu.Game.Tests.Beatmaps.BeatmapConversionTest`2.Test(String name, Type[] mods) in /app/osu.Game/Tests/Beatmaps/BeatmapConversionTest.cs:line 50
   at osu.Game.Rulesets.Catch.Tests.CatchBeatmapConversionTest.Test(String name, Type[] mods) in /app/osu.Game.Rulesets.Catch.Tests/CatchBeatmapConversionTest.cs:line 58
   at InvokeStub_CatchBeatmapConversionTest.Test(Object, Span`1)


  Standard Output Messages:
 [runtime] 2026-01-31 19:29:07 [verbose]: Failed to process line "Mode: 0" into "Unknown - Unknown (Unknown Creator) [Normal]": Ruleset is not available locally.


  Failed Test("1284935",[osu.Game.Rulesets.Catch.Mods.CatchModDoubleTime, osu.Game.Rulesets.Catch.Mods.CatchModHardRock]) [660 ms]
  Error Message:
   Multiple failures or warnings in test:
  1) The conversion generated differing hitobjects for object at time: 4707:
Expected: {"StartTime":4707.0,"Position":288.0,"HyperDash":false}
Received: {"StartTime":4707.0,"Position":384.0,"HyperDash":false}

  2) The conversion generated differing hitobjects for object at time: 7041:
Expected: {"StartTime":7041.0,"Position":208.0,"HyperDash":false}
Received: {"StartTime":7041.0,"Position":112.0,"HyperDash":false}

  3) The conversion generated differing hitobjects for object at time: 8541:
Expected: {"StartTime":8541.0,"Position":176.0,"HyperDash":false}
Received: {"StartTime":8541.0,"Position":164.0,"HyperDash":false}

  4) The conversion generated differing hitobjects for object at time: 9707:
Expected: {"StartTime":9707.0,"Position":320.0,"HyperDash":false}
Received: {"StartTime":9707.0,"Position":316.1557,"HyperDash":false}

  5) The conversion generated differing hitobjects for object at time: 12707:
Expected: {"StartTime":12707.0,"Position":288.0,"HyperDash":false}
Received: {"StartTime":12707.0,"Position":224.0,"HyperDash":false}

  6) The conversion generated differing hitobjects for object at time: 16541:
Expected: {"StartTime":16541.0,"Position":208.0,"HyperDash":false}
Received: {"StartTime":16541.0,"Position":196.0,"HyperDash":false}

  7) The conversion generated differing hitobjects for object at time: 16707:
Expected: {"StartTime":16707.0,"Position":176.0,"HyperDash":false}
Received: {"StartTime":16707.0,"Position":188.0,"HyperDash":false}

  8) The conversion generated differing hitobjects for object at time: 18041:
Expected: {"StartTime":18041.0,"Position":480.0,"HyperDash":false}
Received: {"StartTime":18041.0,"Position":486.25446,"HyperDash":false}

  9) The conversion generated differing hitobjects for object at time: 22541:
Expected: {"StartTime":22541.0,"Position":272.0,"HyperDash":false}
Received: {"StartTime":22541.0,"Position":192.0,"HyperDash":false}

  10) The conversion generated differing hitobjects for object at time: 22707:
Expected: {"StartTime":22707.0,"Position":204.0,"HyperDash":false}
Received: {"StartTime":22707.0,"Position":216.0,"HyperDash":false}

  11) The conversion generated differing hitobjects for object at time: 24707:
Expected: {"StartTime":24707.0,"Position":112.0,"HyperDash":false}
Received: {"StartTime":24707.0,"Position":122.0,"HyperDash":false}

  12) The conversion generated differing hitobjects for object at time: 27207:
Expected: {"StartTime":27207.0,"Position":256.0,"HyperDash":false}
Received: {"StartTime":27207.0,"Position":268.0,"HyperDash":false}

  13) The conversion generated differing hitobjects for object at time: 27374:
Expected: {"StartTime":27374.0,"Position":288.0,"HyperDash":false}
Received: {"StartTime":27374.0,"Position":276.0,"HyperDash":false}

  14) The conversion generated differing hitobjects for object at time: 31374:
Expected: {"StartTime":31374.0,"Position":320.0,"HyperDash":false}
Received: {"StartTime":31374.0,"Position":384.0,"HyperDash":false}

  15) The conversion generated differing hitobjects for object at time: 33041:
Expected: {"StartTime":33041.0,"Position":32.0,"HyperDash":false}
Received: {"StartTime":33041.0,"Position":160.0,"HyperDash":false}

  16) The conversion generated differing hitobjects for object at time: 34207:
Expected: {"StartTime":34207.0,"Position":80.0,"HyperDash":false}
Received: {"StartTime":34207.0,"Position":224.0,"HyperDash":false}

  17) The conversion generated differing hitobjects for object at time: 34374:
Expected: {"StartTime":34374.0,"Position":176.0,"HyperDash":false}
Received: {"StartTime":34374.0,"Position":128.0,"HyperDash":false}

  18) The conversion generated differing hitobjects for object at time: 34541:
Expected: {"StartTime":34541.0,"Position":80.0,"HyperDash":false}
Received: {"StartTime":34541.0,"Position":108.0,"HyperDash":false}

  19) The conversion generated differing hitobjects for object at time: 34707:
Expected: {"StartTime":34707.0,"Position":200.0,"HyperDash":false}
Received: {"StartTime":34707.0,"Position":272.0,"HyperDash":false}

  20) The conversion generated differing hitobjects for object at time: 35041:
Expected: {"StartTime":35115.0,"Position":338.1427,"HyperDash":false}
Received: {"StartTime":35115.25,"Position":333.1537,"HyperDash":false}

  21) The conversion generated differing hitobjects for object at time: 35041:
Expected: {"StartTime":35189.0,"Position":342.2854,"HyperDash":false}
Received: {"StartTime":35189.5,"Position":358.3074,"HyperDash":false}

  22) The conversion generated differing hitobjects for object at time: 35041:
Expected: {"StartTime":35263.0,"Position":338.4281,"HyperDash":false}
Received: {"StartTime":35263.75,"Position":354.4611,"HyperDash":false}

  23) The conversion generated differing hitobjects for object at time: 35707:
Expected: {"StartTime":35772.0,"Position":217.80879,"HyperDash":false}
Received: {"StartTime":35772.0,"Position":195.80194,"HyperDash":false}

  24) The conversion generated differing hitobjects for object at time: 36207:
Expected: {"StartTime":36272.0,"Position":351.19122,"HyperDash":false}
Received: {"StartTime":36272.0,"Position":358.19806,"HyperDash":false}

  25) The conversion generated differing hitobjects for object at time: 36707:
Expected: {"StartTime":36781.0,"Position":178.77777,"HyperDash":false}
Received: {"StartTime":36781.25,"Position":170.7,"HyperDash":false}

  26) The conversion generated differing hitobjects for object at time: 36707:
Expected: {"StartTime":36855.0,"Position":179.55556,"HyperDash":false}
Received: {"StartTime":36855.5,"Position":163.4,"HyperDash":false}

  27) The conversion generated differing hitobjects for object at time: 37374:
Expected: {"StartTime":37374.0,"Position":416.0,"HyperDash":false}
Received: {"StartTime":37374.0,"Position":256.0,"HyperDash":false}

  28) The conversion generated differing hitobjects for object at time: 37541:
Expected: {"StartTime":37615.0,"Position":322.37906,"HyperDash":false}
Received: {"StartTime":37615.25,"Position":312.39087,"HyperDash":false}

  29) The conversion generated differing hitobjects for object at time: 37541:
Expected: {"StartTime":37689.0,"Position":309.7581,"HyperDash":false}
Received: {"StartTime":37689.5,"Position":315.78174,"HyperDash":false}

  30) The conversion generated differing hitobjects for object at time: 37541:
Expected: {"StartTime":37763.0,"Position":318.13715,"HyperDash":false}
Received: {"StartTime":37763.75,"Position":323.17264,"HyperDash":false}

  31) The conversion generated differing hitobjects for object at time: 38041:
Expected: {"StartTime":38041.0,"Position":208.0,"HyperDash":false}
Received: {"StartTime":38041.0,"Position":272.0,"HyperDash":false}

  32) The conversion generated differing hitobjects for object at time: 38374:
Expected: {"StartTime":38439.0,"Position":410.19122,"HyperDash":false}
Received: {"StartTime":38439.0,"Position":424.19806,"HyperDash":false}

  33) The conversion generated differing hitobjects for object at time: 39207:
Expected: {"StartTime":39281.0,"Position":360.22223,"HyperDash":false}
Received: {"StartTime":39281.25,"Position":375.3,"HyperDash":false}

  34) The conversion generated differing hitobjects for object at time: 39207:
Expected: {"StartTime":39355.0,"Position":369.44446,"HyperDash":false}
Received: {"StartTime":39355.5,"Position":389.6,"HyperDash":false}

  35) The conversion generated differing hitobjects for object at time: 39207:
Expected: {"StartTime":39429.0,"Position":419.6667,"HyperDash":false}
Received: {"StartTime":39429.75,"Position":393.9,"HyperDash":false}

  36) The conversion generated differing hitobjects for object at time: 39707:
Expected: {"StartTime":39707.0,"Position":320.0,"HyperDash":false}
Received: {"StartTime":39707.0,"Position":332.0,"HyperDash":false}

  37) The conversion generated differing hitobjects for object at time: 40041:
Expected: {"StartTime":40041.0,"Position":160.0,"HyperDash":false}
Received: {"StartTime":40041.0,"Position":148.0,"HyperDash":false}

  38) The conversion generated differing hitobjects for object at time: 40374:
Expected: {"StartTime":40448.0,"Position":396.1427,"HyperDash":false}
Received: {"StartTime":40448.25,"Position":402.1537,"HyperDash":false}

  39) The conversion generated differing hitobjects for object at time: 40374:
Expected: {"StartTime":40596.0,"Position":408.4281,"HyperDash":false}
Received: {"StartTime":40596.75,"Position":383.4611,"HyperDash":false}

  40) The conversion generated differing hitobjects for object at time: 41041:
Expected: {"StartTime":41041.0,"Position":112.0,"HyperDash":false}
Received: {"StartTime":41041.0,"Position":256.0,"HyperDash":false}

  41) The conversion generated differing hitobjects for object at time: 41374:
Expected: {"StartTime":41374.0,"Position":132.0,"HyperDash":false}
Received: {"StartTime":41374.0,"Position":112.0,"HyperDash":false}

  42) The conversion generated differing hitobjects for object at time: 42041:
Expected: {"StartTime":42041.0,"Position":160.0,"HyperDash":false}
Received: {"StartTime":42041.0,"Position":96.0,"HyperDash":false}

  43) The conversion generated differing hitobjects for object at time: 42374:
Expected: {"StartTime":42374.0,"Position":320.0,"HyperDash":false}
Received: {"StartTime":42374.0,"Position":240.0,"HyperDash":false}

  44) The conversion generated differing hitobjects for object at time: 43374:
Expected: {"StartTime":43374.0,"Position":224.0,"HyperDash":false}
Received: {"StartTime":43374.0,"Position":160.0,"HyperDash":false}

  45) The conversion generated differing hitobjects for object at time: 43707:
Expected: {"StartTime":43707.0,"Position":352.0,"HyperDash":false}
Received: {"StartTime":43707.0,"Position":288.0,"HyperDash":false}

  46) The conversion generated differing hitobjects for object at time: 47707:
Expected: {"StartTime":47707.0,"Position":160.0,"HyperDash":false}
Received: {"StartTime":47707.0,"Position":272.0,"HyperDash":false}

  47) The conversion generated differing hitobjects for object at time: 54707:
Expected: {"StartTime":54707.0,"Position":368.0,"HyperDash":false}
Received: {"StartTime":54707.0,"Position":364.0,"HyperDash":false}

  48) The conversion generated differing hitobjects for object at time: 63707:
Expected: {"StartTime":63707.0,"Position":468.0,"HyperDash":false}
Received: {"StartTime":63707.0,"Position":336.0,"HyperDash":false}

  49) The conversion generated differing hitobjects for object at time: 74373:
Expected: {"StartTime":74373.0,"Position":36.0,"HyperDash":false}
Received: {"StartTime":74373.0,"Position":176.0,"HyperDash":false}

  50) The conversion generated differing hitobjects for object at time: 77374:
Expected: {"StartTime":77374.0,"Position":8.0,"HyperDash":false}
Received: {"StartTime":77374.0,"Position":212.0,"HyperDash":false}

  51) The conversion generated differing hitobjects for object at time: 86374:
Expected: {"StartTime":86374.0,"Position":496.0,"HyperDash":false}
Received: {"StartTime":86374.0,"Position":368.0,"HyperDash":false}

  52) The conversion generated differing hitobjects for object at time: 89041:
Expected: {"StartTime":89041.0,"Position":80.0,"HyperDash":false}
Received: {"StartTime":89041.0,"Position":224.0,"HyperDash":false}

  53) The conversion generated differing hitobjects for object at time: 90374:
Expected: {"StartTime":90374.0,"Position":24.0,"HyperDash":false}
Received: {"StartTime":90374.0,"Position":248.0,"HyperDash":false}

  54) The conversion generated differing hitobjects for object at time: 93374:
Expected: {"StartTime":93374.0,"Position":392.0,"HyperDash":false}
Received: {"StartTime":93374.0,"Position":256.0,"HyperDash":false}

  55) The conversion generated differing hitobjects for object at time: 95374:
Expected: {"StartTime":95374.0,"Position":24.0,"HyperDash":false}
Received: {"StartTime":95374.0,"Position":144.0,"HyperDash":false}

  56) The conversion generated differing hitobjects for object at time: 95540:
Expected: {"StartTime":95540.0,"Position":96.0,"HyperDash":false}
Received: {"StartTime":95540.0,"Position":48.0,"HyperDash":false}

  57) The conversion generated differing hitobjects for object at time: 95707:
Expected: {"StartTime":95707.0,"Position":48.0,"HyperDash":false}
Received: {"StartTime":95707.0,"Position":67.0,"HyperDash":false}

  58) The conversion generated differing hitobjects for object at time: 96041:
Expected: {"StartTime":96115.0,"Position":188.22223,"HyperDash":false}
Received: {"StartTime":96115.25,"Position":197.3,"HyperDash":false}

  59) The conversion generated differing hitobjects for object at time: 96041:
Expected: {"StartTime":96189.0,"Position":219.44444,"HyperDash":false}
Received: {"StartTime":96189.5,"Position":201.6,"HyperDash":false}

  60) The conversion generated differing hitobjects for object at time: 96041:
Expected: {"StartTime":96263.0,"Position":222.66667,"HyperDash":false}
Received: {"StartTime":96263.75,"Position":229.9,"HyperDash":false}

  61) The conversion generated differing hitobjects for object at time: 96707:
Expected: {"StartTime":96781.0,"Position":144.29564,"HyperDash":false}
Received: {"StartTime":96781.25,"Position":167.28967,"HyperDash":false}

  62) The conversion generated differing hitobjects for object at time: 96707:
Expected: {"StartTime":96855.0,"Position":165.59126,"HyperDash":false}
Received: {"StartTime":96855.5,"Position":146.57933,"HyperDash":false}

  63) The conversion generated differing hitobjects for object at time: 97374:
Expected: {"StartTime":97457.0,"Position":300.24854,"HyperDash":false}
Received: {"StartTime":97457.25,"Position":295.3223,"HyperDash":false}

  64) The conversion generated differing hitobjects for object at time: 97374:
Expected: {"StartTime":97540.0,"Position":317.46304,"HyperDash":false}
Received: {"StartTime":97540.5,"Position":308.60208,"HyperDash":false}

  65) The conversion generated differing hitobjects for object at time: 97374:
Expected: {"StartTime":97623.0,"Position":329.18704,"HyperDash":false}
Received: {"StartTime":97623.75,"Position":364.37878,"HyperDash":false}

  66) The conversion generated differing hitobjects for object at time: 97374:
Expected: {"StartTime":97781.0,"Position":392.88712,"HyperDash":false}
Received: {"StartTime":97781.58333333333,"Position":381.92816,"HyperDash":false}

  67) The conversion generated differing hitobjects for object at time: 97374:
Expected: {"StartTime":97855.0,"Position":394.49396,"HyperDash":false}
Received: {"StartTime":97855.83333333333,"Position":405.5419,"HyperDash":false}

  68) The conversion generated differing hitobjects for object at time: 97374:
Expected: {"StartTime":97929.0,"Position":416.84164,"HyperDash":false}
Received: {"StartTime":97930.08333333333,"Position":407.87195,"HyperDash":false}

  69) The conversion generated differing hitobjects for object at time: 99040:
Expected: {"StartTime":99040.0,"Position":229.0,"HyperDash":false}
Received: {"StartTime":99040.0,"Position":500.51056,"HyperDash":false}

  70) The conversion generated differing hitobjects for object at time: 99040:
Expected: {"StartTime":99138.0,"Position":51.0,"HyperDash":false}
Received: {"StartTime":99138.953125,"Position":467.02734,"HyperDash":false}

  71) The conversion generated differing hitobjects for object at time: 99040:
Expected: {"StartTime":99237.0,"Position":199.0,"HyperDash":false}
Received: {"StartTime":99237.90625,"Position":303.9846,"HyperDash":false}

  72) The conversion generated differing hitobjects for object at time: 99040:
Expected: {"StartTime":99336.0,"Position":208.0,"HyperDash":false}
Received: {"StartTime":99336.859375,"Position":29.664684,"HyperDash":false}

  73) The conversion generated differing hitobjects for object at time: 99040:
Expected: {"StartTime":99435.0,"Position":173.0,"HyperDash":false}
Received: {"StartTime":99435.8125,"Position":482.49423,"HyperDash":false}

  74) The conversion generated differing hitobjects for object at time: 99040:
Expected: {"StartTime":99534.0,"Position":367.0,"HyperDash":false}
Received: {"StartTime":99534.765625,"Position":379.487,"HyperDash":false}

  75) The conversion generated differing hitobjects for object at time: 99040:
Expected: {"StartTime":99633.0,"Position":193.0,"HyperDash":false}
Received: {"StartTime":99633.71875,"Position":93.343475,"HyperDash":false}

  76) The conversion generated differing hitobjects for object at time: 99040:
Expected: {"StartTime":99732.0,"Position":488.0,"HyperDash":false}
Received: {"StartTime":99732.671875,"Position":266.42508,"HyperDash":false}

  77) The conversion generated differing hitobjects for object at time: 99040:
Expected: {"StartTime":99831.0,"Position":314.0,"HyperDash":false}
Received: {"StartTime":99831.625,"Position":342.8086,"HyperDash":false}

  78) The conversion generated differing hitobjects for object at time: 99040:
Expected: {"StartTime":99930.0,"Position":135.0,"HyperDash":false}
Received: {"StartTime":99930.578125,"Position":423.07376,"HyperDash":false}

  79) The conversion generated differing hitobjects for object at time: 99040:
Expected: {"StartTime":100029.0,"Position":399.0,"HyperDash":false}
Received: {"StartTime":100029.53125,"Position":190.26698,"HyperDash":false}

  80) The conversion generated differing hitobjects for object at time: 99040:
Expected: {"StartTime":100128.0,"Position":404.0,"HyperDash":false}
Received: {"StartTime":100128.484375,"Position":266.7072,"HyperDash":false}

  81) The conversion generated differing hitobjects for object at time: 99040:
Expected: {"StartTime":100227.0,"Position":152.0,"HyperDash":false}
Received: {"StartTime":100227.4375,"Position":56.99925,"HyperDash":false}

  82) The conversion generated differing hitobjects for object at time: 99040:
Expected: {"StartTime":100326.0,"Position":353.0,"HyperDash":false}
Received: {"StartTime":100326.390625,"Position":164.4917,"HyperDash":false}

  83) The conversion generated differing hitobjects for object at time: 99040:
Expected: {"StartTime":100425.0,"Position":358.0,"HyperDash":false}
Received: {"StartTime":100425.34375,"Position":44.978714,"HyperDash":false}

  84) The conversion generated differing hitobjects for object at time: 99040:
Expected: {"StartTime":100524.0,"Position":447.0,"HyperDash":false}
Received: {"StartTime":100524.296875,"Position":68.15974,"HyperDash":false}

  85) The conversion generated differing hitobjects for object at time: 99040:
Expected: {"StartTime":100623.0,"Position":222.0,"HyperDash":false}
Received: {"StartTime":100623.25,"Position":476.53812,"HyperDash":false}

  86) The conversion generated differing hitobjects for object at time: 99040:
Expected: {"StartTime":100722.0,"Position":382.0,"HyperDash":false}
Received: {"StartTime":100722.203125,"Position":237.72545,"HyperDash":false}

  87) The conversion generated differing hitobjects for object at time: 99040:
Expected: {"StartTime":100821.0,"Position":433.0,"HyperDash":false}
Received: {"StartTime":100821.15625,"Position":146.89966,"HyperDash":false}

  88) The conversion generated differing hitobjects for object at time: 99040:
Expected: {"StartTime":100920.0,"Position":450.0,"HyperDash":false}
Received: {"StartTime":100920.109375,"Position":99.3829,"HyperDash":false}

  89) The conversion generated differing hitobjects for object at time: 99040:
Expected: {"StartTime":101019.0,"Position":326.0,"HyperDash":false}
Received: {"StartTime":101019.0625,"Position":52.318558,"HyperDash":false}

  90) The conversion generated differing hitobjects for object at time: 99040:
Expected: {"StartTime":101118.0,"Position":414.0,"HyperDash":false}
Received: {"StartTime":101118.015625,"Position":294.92355,"HyperDash":false}

  91) The conversion generated differing hitobjects for object at time: 99040:
Expected: {"StartTime":101216.0,"Position":285.0,"HyperDash":false}
Received: {"StartTime":101216.96875,"Position":346.88028,"HyperDash":false}

  92) The conversion generated differing hitobjects for object at time: 99040:
Expected: {"StartTime":101315.0,"Position":336.0,"HyperDash":false}
Received: {"StartTime":101315.921875,"Position":256.95227,"HyperDash":false}

  93) The conversion generated differing hitobjects for object at time: 99040:
Expected: {"StartTime":101414.0,"Position":509.0,"HyperDash":false}
Received: {"StartTime":101414.875,"Position":353.05927,"HyperDash":false}

  94) The conversion generated differing hitobjects for object at time: 99040:
Expected: {"StartTime":101513.0,"Position":334.0,"HyperDash":false}
Received: {"StartTime":101513.828125,"Position":85.72265,"HyperDash":false}

  95) The conversion generated differing hitobjects for object at time: 99040:
Expected: {"StartTime":101612.0,"Position":72.0,"HyperDash":false}
Received: {"StartTime":101612.78125,"Position":473.78458,"HyperDash":false}

  96) The conversion generated differing hitobjects for object at time: 99040:
Expected: {"StartTime":101711.0,"Position":425.0,"HyperDash":false}
Received: {"StartTime":101711.734375,"Position":55.677307,"HyperDash":false}

  97) The conversion generated differing hitobjects for object at time: 99040:
Expected: {"StartTime":101810.0,"Position":451.0,"HyperDash":false}
Received: {"StartTime":101810.6875,"Position":158.7671,"HyperDash":false}

  98) The conversion generated differing hitobjects for object at time: 99040:
Expected: {"StartTime":101909.0,"Position":220.0,"HyperDash":false}
Received: {"StartTime":101909.640625,"Position":97.41953,"HyperDash":false}

  99) The conversion generated differing hitobjects for object at time: 99040:
Expected: {"StartTime":102008.0,"Position":25.0,"HyperDash":false}
Received: {"StartTime":102008.59375,"Position":288.68814,"HyperDash":false}

  100) The conversion generated differing hitobjects for object at time: 99040:
Expected: {"StartTime":102107.0,"Position":77.0,"HyperDash":false}
Received: {"StartTime":102107.546875,"Position":236.49326,"HyperDash":false}

  101) The conversion generated differing hitobjects for object at time: 99040:
Expected: {"StartTime":102206.0,"Position":509.0,"HyperDash":false}
Received: {"StartTime":102206.5,"Position":226.6898,"HyperDash":false}

  102) The conversion generated differing hitobjects for object at time: 99040:
Expected: {"StartTime":102305.0,"Position":90.0,"HyperDash":false}
Received: {"StartTime":102305.453125,"Position":317.7084,"HyperDash":false}

  103) The conversion generated differing hitobjects for object at time: 99040:
Expected: {"StartTime":102404.0,"Position":118.0,"HyperDash":false}
Received: {"StartTime":102404.40625,"Position":227.14215,"HyperDash":false}

  104) The conversion generated differing hitobjects for object at time: 99040:
Expected: {"StartTime":102503.0,"Position":58.0,"HyperDash":false}
Received: {"StartTime":102503.359375,"Position":507.42575,"HyperDash":false}

  105) The conversion generated differing hitobjects for object at time: 99040:
Expected: {"StartTime":102602.0,"Position":12.0,"HyperDash":false}
Received: {"StartTime":102602.3125,"Position":144.7341,"HyperDash":false}

  106) The conversion generated differing hitobjects for object at time: 99040:
Expected: {"StartTime":102701.0,"Position":215.0,"HyperDash":false}
Received: {"StartTime":102701.265625,"Position":409.02426,"HyperDash":false}

  107) The conversion generated differing hitobjects for object at time: 99040:
Expected: {"StartTime":102800.0,"Position":487.0,"HyperDash":false}
Received: {"StartTime":102800.21875,"Position":76.64873,"HyperDash":false}

  108) The conversion generated differing hitobjects for object at time: 99040:
Expected: {"StartTime":102899.0,"Position":446.0,"HyperDash":false}
Received: {"StartTime":102899.171875,"Position":193.85962,"HyperDash":false}

  109) The conversion generated differing hitobjects for object at time: 99040:
Expected: {"StartTime":102998.0,"Position":491.0,"HyperDash":false}
Received: {"StartTime":102998.125,"Position":456.5799,"HyperDash":false}

  110) The conversion generated differing hitobjects for object at time: 99040:
Expected: {"StartTime":103097.0,"Position":459.0,"HyperDash":false}
Received: {"StartTime":103097.078125,"Position":161.14294,"HyperDash":false}

  111) The conversion generated differing hitobjects for object at time: 99040:
Expected: {"StartTime":103196.0,"Position":37.0,"HyperDash":false}
Received: {"StartTime":103196.03125,"Position":417.51373,"HyperDash":false}

  112) The conversion generated differing hitobjects for object at time: 99040:
Expected: {"StartTime":103294.0,"Position":291.0,"HyperDash":false}
Received: {"StartTime":103294.984375,"Position":157.0578,"HyperDash":false}

  113) The conversion generated differing hitobjects for object at time: 99040:
Expected: {"StartTime":103393.0,"Position":315.0,"HyperDash":false}
Received: {"StartTime":103393.9375,"Position":464.78036,"HyperDash":false}

  114) The conversion generated differing hitobjects for object at time: 99040:
Expected: {"StartTime":103492.0,"Position":35.0,"HyperDash":false}
Received: {"StartTime":103492.890625,"Position":462.98563,"HyperDash":false}

  115) The conversion generated differing hitobjects for object at time: 99040:
Expected: {"StartTime":103591.0,"Position":208.0,"HyperDash":false}
Received: {"StartTime":103591.84375,"Position":254.17195,"HyperDash":false}

  116) The conversion generated differing hitobjects for object at time: 99040:
Expected: {"StartTime":103690.0,"Position":504.0,"HyperDash":false}
Received: {"StartTime":103690.796875,"Position":103.65029,"HyperDash":false}

  117) The conversion generated differing hitobjects for object at time: 99040:
Expected: {"StartTime":103789.0,"Position":296.0,"HyperDash":false}
Received: {"StartTime":103789.75,"Position":125.74321,"HyperDash":false}

  118) The conversion generated differing hitobjects for object at time: 99040:
Expected: {"StartTime":103888.0,"Position":105.0,"HyperDash":false}
Received: {"StartTime":103888.703125,"Position":485.1657,"HyperDash":false}

  119) The conversion generated differing hitobjects for object at time: 99040:
Expected: {"StartTime":103987.0,"Position":488.0,"HyperDash":false}
Received: {"StartTime":103987.65625,"Position":350.4317,"HyperDash":false}

  120) The conversion generated differing hitobjects for object at time: 99040:
Expected: {"StartTime":104086.0,"Position":230.0,"HyperDash":false}
Received: {"StartTime":104086.609375,"Position":206.30458,"HyperDash":false}

  121) The conversion generated differing hitobjects for object at time: 99040:
Expected: {"StartTime":104185.0,"Position":446.0,"HyperDash":false}
Received: {"StartTime":104185.5625,"Position":285.80237,"HyperDash":false}

  122) The conversion generated differing hitobjects for object at time: 99040:
Expected: {"StartTime":104284.0,"Position":241.0,"HyperDash":false}
Received: {"StartTime":104284.515625,"Position":390.22998,"HyperDash":false}

  123) The conversion generated differing hitobjects for object at time: 99040:
Expected: {"StartTime":104383.0,"Position":413.0,"HyperDash":false}
Received: {"StartTime":104383.46875,"Position":463.6355,"HyperDash":false}

  124) The conversion generated differing hitobjects for object at time: 99040:
Expected: {"StartTime":104482.0,"Position":357.0,"HyperDash":false}
Received: {"StartTime":104482.421875,"Position":447.09515,"HyperDash":false}

  125) The conversion generated differing hitobjects for object at time: 99040:
Expected: {"StartTime":104581.0,"Position":256.0,"HyperDash":false}
Received: {"StartTime":104581.375,"Position":126.57038,"HyperDash":false}

  126) The conversion generated differing hitobjects for object at time: 99040:
Expected: {"StartTime":104680.0,"Position":192.0,"HyperDash":false}
Received: {"StartTime":104680.328125,"Position":44.44946,"HyperDash":false}

  127) The conversion generated differing hitobjects for object at time: 99040:
Expected: {"StartTime":104779.0,"Position":116.0,"HyperDash":false}
Received: {"StartTime":104779.28125,"Position":451.419,"HyperDash":false}

  128) The conversion generated differing hitobjects for object at time: 99040:
Expected: {"StartTime":104878.0,"Position":397.0,"HyperDash":false}
Received: {"StartTime":104878.234375,"Position":278.33368,"HyperDash":false}

  129) The conversion generated differing hitobjects for object at time: 99040:
Expected: {"StartTime":104977.0,"Position":422.0,"HyperDash":false}
Received: {"StartTime":104977.1875,"Position":24.19542,"HyperDash":false}

  130) The conversion generated differing hitobjects for object at time: 99040:
Expected: {"StartTime":105076.0,"Position":230.0,"HyperDash":false}
Received: {"StartTime":105076.140625,"Position":367.5538,"HyperDash":false}

  131) The conversion generated differing hitobjects for object at time: 99040:
Expected: {"StartTime":105175.0,"Position":479.0,"HyperDash":false}
Received: {"StartTime":105175.09375,"Position":221.06158,"HyperDash":false}

  132) The conversion generated differing hitobjects for object at time: 99040:
Expected: {"StartTime":105274.0,"Position":276.0,"HyperDash":false}
Received: {"StartTime":105274.046875,"Position":439.3605,"HyperDash":false}

  133) The conversion generated differing hitobjects for object at time: 99040:
Expected: {"StartTime":105373.0,"Position":423.0,"HyperDash":false}
Received: {"StartTime":105373.0,"Position":243.48827,"HyperDash":false}


  Stack Trace:
     at osu.Game.Tests.Beatmaps.BeatmapConversionTest`2.Test(String name, Type[] mods) in /app/osu.Game/Tests/Beatmaps/BeatmapConversionTest.cs:line 50
   at osu.Game.Rulesets.Catch.Tests.CatchBeatmapConversionTest.Test(String name, Type[] mods) in /app/osu.Game.Rulesets.Catch.Tests/CatchBeatmapConversionTest.cs:line 58
   at InvokeStub_CatchBeatmapConversionTest.Test(Object, Span`1)

1)    at osu.Game.Tests.Beatmaps.BeatmapConversionTest`2.<>c__DisplayClass4_1.<Test>b__2() in /app/osu.Game/Tests/Beatmaps/BeatmapConversionTest.cs:line 98
   at NUnit.Framework.Assert.Multiple(TestDelegate testDelegate)
   at osu.Game.Tests.Beatmaps.BeatmapConversionTest`2.<>c__DisplayClass4_0.<Test>b__1() in /app/osu.Game/Tests/Beatmaps/BeatmapConversionTest.cs:line 77
   at NUnit.Framework.Assert.Multiple(TestDelegate testDelegate)
   at osu.Game.Tests.Beatmaps.BeatmapConversionTest`2.Test(String name, Type[] mods) in /app/osu.Game/Tests/Beatmaps/BeatmapConversionTest.cs:line 50
   at osu.Game.Rulesets.Catch.Tests.CatchBeatmapConversionTest.Test(String name, Type[] mods) in /app/osu.Game.Rulesets.Catch.Tests/CatchBeatmapConversionTest.cs:line 58
   at InvokeStub_CatchBeatmapConversionTest.Test(Object, Span`1)

2)    at osu.Game.Tests.Beatmaps.BeatmapConversionTest`2.<>c__DisplayClass4_1.<Test>b__2() in /app/osu.Game/Tests/Beatmaps/BeatmapConversionTest.cs:line 98
   at NUnit.Framework.Assert.Multiple(TestDelegate testDelegate)
   at osu.Game.Tests.Beatmaps.BeatmapConversionTest`2.<>c__DisplayClass4_0.<Test>b__1() in /app/osu.Game/Tests/Beatmaps/BeatmapConversionTest.cs:line 77
   at NUnit.Framework.Assert.Multiple(TestDelegate testDelegate)
   at osu.Game.Tests.Beatmaps.BeatmapConversionTest`2.Test(String name, Type[] mods) in /app/osu.Game/Tests/Beatmaps/BeatmapConversionTest.cs:line 50
   at osu.Game.Rulesets.Catch.Tests.CatchBeatmapConversionTest.Test(String name, Type[] mods) in /app/osu.Game.Rulesets.Catch.Tests/CatchBeatmapConversionTest.cs:line 58
   at InvokeStub_CatchBeatmapConversionTest.Test(Object, Span`1)

3)    at osu.Game.Tests.Beatmaps.BeatmapConversionTest`2.<>c__DisplayClass4_1.<Test>b__2() in /app/osu.Game/Tests/Beatmaps/BeatmapConversionTest.cs:line 98
   at NUnit.Framework.Assert.Multiple(TestDelegate testDelegate)
   at osu.Game.Tests.Beatmaps.BeatmapConversionTest`2.<>c__DisplayClass4_0.<Test>b__1() in /app/osu.Game/Tests/Beatmaps/BeatmapConversionTest.cs:line 77
   at NUnit.Framework.Assert.Multiple(TestDelegate testDelegate)
   at osu.Game.Tests.Beatmaps.BeatmapConversionTest`2.Test(String name, Type[] mods) in /app/osu.Game/Tests/Beatmaps/BeatmapConversionTest.cs:line 50
   at osu.Game.Rulesets.Catch.Tests.CatchBeatmapConversionTest.Test(String name, Type[] mods) in /app/osu.Game.Rulesets.Catch.Tests/CatchBeatmapConversionTest.cs:line 58
   at InvokeStub_CatchBeatmapConversionTest.Test(Object, Span`1)

4)    at osu.Game.Tests.Beatmaps.BeatmapConversionTest`2.<>c__DisplayClass4_1.<Test>b__2() in /app/osu.Game/Tests/Beatmaps/BeatmapConversionTest.cs:line 98
   at NUnit.Framework.Assert.Multiple(TestDelegate testDelegate)
   at osu.Game.Tests.Beatmaps.BeatmapConversionTest`2.<>c__DisplayClass4_0.<Test>b__1() in /app/osu.Game/Tests/Beatmaps/BeatmapConversionTest.cs:line 77
   at NUnit.Framework.Assert.Multiple(TestDelegate testDelegate)
   at osu.Game.Tests.Beatmaps.BeatmapConversionTest`2.Test(String name, Type[] mods) in /app/osu.Game/Tests/Beatmaps/BeatmapConversionTest.cs:line 50
   at osu.Game.Rulesets.Catch.Tests.CatchBeatmapConversionTest.Test(String name, Type[] mods) in /app/osu.Game.Rulesets.Catch.Tests/CatchBeatmapConversionTest.cs:line 58
   at InvokeStub_CatchBeatmapConversionTest.Test(Object, Span`1)

5)    at osu.Game.Tests.Beatmaps.BeatmapConversionTest`2.<>c__DisplayClass4_1.<Test>b__2() in /app/osu.Game/Tests/Beatmaps/BeatmapConversionTest.cs:line 98
   at NUnit.Framework.Assert.Multiple(TestDelegate testDelegate)
   at osu.Game.Tests.Beatmaps.BeatmapConversionTest`2.<>c__DisplayClass4_0.<Test>b__1() in /app/osu.Game/Tests/Beatmaps/BeatmapConversionTest.cs:line 77
   at NUnit.Framework.Assert.Multiple(TestDelegate testDelegate)
   at osu.Game.Tests.Beatmaps.BeatmapConversionTest`2.Test(String name, Type[] mods) in /app/osu.Game/Tests/Beatmaps/BeatmapConversionTest.cs:line 50
   at osu.Game.Rulesets.Catch.Tests.CatchBeatmapConversionTest.Test(String name, Type[] mods) in /app/osu.Game.Rulesets.Catch.Tests/CatchBeatmapConversionTest.cs:line 58
   at InvokeStub_CatchBeatmapConversionTest.Test(Object, Span`1)

6)    at osu.Game.Tests.Beatmaps.BeatmapConversionTest`2.<>c__DisplayClass4_1.<Test>b__2() in /app/osu.Game/Tests/Beatmaps/BeatmapConversionTest.cs:line 98
   at NUnit.Framework.Assert.Multiple(TestDelegate testDelegate)
   at osu.Game.Tests.Beatmaps.BeatmapConversionTest`2.<>c__DisplayClass4_0.<Test>b__1() in /app/osu.Game/Tests/Beatmaps/BeatmapConversionTest.cs:line 77
   at NUnit.Framework.Assert.Multiple(TestDelegate testDelegate)
   at osu.Game.Tests.Beatmaps.BeatmapConversionTest`2.Test(String name, Type[] mods) in /app/osu.Game/Tests/Beatmaps/BeatmapConversionTest.cs:line 50
   at osu.Game.Rulesets.Catch.Tests.CatchBeatmapConversionTest.Test(String name, Type[] mods) in /app/osu.Game.Rulesets.Catch.Tests/CatchBeatmapConversionTest.cs:line 58
   at InvokeStub_CatchBeatmapConversionTest.Test(Object, Span`1)

7)    at osu.Game.Tests.Beatmaps.BeatmapConversionTest`2.<>c__DisplayClass4_1.<Test>b__2() in /app/osu.Game/Tests/Beatmaps/BeatmapConversionTest.cs:line 98
   at NUnit.Framework.Assert.Multiple(TestDelegate testDelegate)
   at osu.Game.Tests.Beatmaps.BeatmapConversionTest`2.<>c__DisplayClass4_0.<Test>b__1() in /app/osu.Game/Tests/Beatmaps/BeatmapConversionTest.cs:line 77
   at NUnit.Framework.Assert.Multiple(TestDelegate testDelegate)
   at osu.Game.Tests.Beatmaps.BeatmapConversionTest`2.Test(String name, Type[] mods) in /app/osu.Game/Tests/Beatmaps/BeatmapConversionTest.cs:line 50
   at osu.Game.Rulesets.Catch.Tests.CatchBeatmapConversionTest.Test(String name, Type[] mods) in /app/osu.Game.Rulesets.Catch.Tests/CatchBeatmapConversionTest.cs:line 58
   at InvokeStub_CatchBeatmapConversionTest.Test(Object, Span`1)

8)    at osu.Game.Tests.Beatmaps.BeatmapConversionTest`2.<>c__DisplayClass4_1.<Test>b__2() in /app/osu.Game/Tests/Beatmaps/BeatmapConversionTest.cs:line 98
   at NUnit.Framework.Assert.Multiple(TestDelegate testDelegate)
   at osu.Game.Tests.Beatmaps.BeatmapConversionTest`2.<>c__DisplayClass4_0.<Test>b__1() in /app/osu.Game/Tests/Beatmaps/BeatmapConversionTest.cs:line 77
   at NUnit.Framework.Assert.Multiple(TestDelegate testDelegate)
   at osu.Game.Tests.Beatmaps.BeatmapConversionTest`2.Test(String name, Type[] mods) in /app/osu.Game/Tests/Beatmaps/BeatmapConversionTest.cs:line 50
   at osu.Game.Rulesets.Catch.Tests.CatchBeatmapConversionTest.Test(String name, Type[] mods) in /app/osu.Game.Rulesets.Catch.Tests/CatchBeatmapConversionTest.cs:line 58
   at InvokeStub_CatchBeatmapConversionTest.Test(Object, Span`1)

9)    at osu.Game.Tests.Beatmaps.BeatmapConversionTest`2.<>c__DisplayClass4_1.<Test>b__2() in /app/osu.Game/Tests/Beatmaps/BeatmapConversionTest.cs:line 98
   at NUnit.Framework.Assert.Multiple(TestDelegate testDelegate)
   at osu.Game.Tests.Beatmaps.BeatmapConversionTest`2.<>c__DisplayClass4_0.<Test>b__1() in /app/osu.Game/Tests/Beatmaps/BeatmapConversionTest.cs:line 77
   at NUnit.Framework.Assert.Multiple(TestDelegate testDelegate)
   at osu.Game.Tests.Beatmaps.BeatmapConversionTest`2.Test(String name, Type[] mods) in /app/osu.Game/Tests/Beatmaps/BeatmapConversionTest.cs:line 50
   at osu.Game.Rulesets.Catch.Tests.CatchBeatmapConversionTest.Test(String name, Type[] mods) in /app/osu.Game.Rulesets.Catch.Tests/CatchBeatmapConversionTest.cs:line 58
   at InvokeStub_CatchBeatmapConversionTest.Test(Object, Span`1)

10)    at osu.Game.Tests.Beatmaps.BeatmapConversionTest`2.<>c__DisplayClass4_1.<Test>b__2() in /app/osu.Game/Tests/Beatmaps/BeatmapConversionTest.cs:line 98
   at NUnit.Framework.Assert.Multiple(TestDelegate testDelegate)
   at osu.Game.Tests.Beatmaps.BeatmapConversionTest`2.<>c__DisplayClass4_0.<Test>b__1() in /app/osu.Game/Tests/Beatmaps/BeatmapConversionTest.cs:line 77
   at NUnit.Framework.Assert.Multiple(TestDelegate testDelegate)
   at osu.Game.Tests.Beatmaps.BeatmapConversionTest`2.Test(String name, Type[] mods) in /app/osu.Game/Tests/Beatmaps/BeatmapConversionTest.cs:line 50
   at osu.Game.Rulesets.Catch.Tests.CatchBeatmapConversionTest.Test(String name, Type[] mods) in /app/osu.Game.Rulesets.Catch.Tests/CatchBeatmapConversionTest.cs:line 58
   at InvokeStub_CatchBeatmapConversionTest.Test(Object, Span`1)

11)    at osu.Game.Tests.Beatmaps.BeatmapConversionTest`2.<>c__DisplayClass4_1.<Test>b__2() in /app/osu.Game/Tests/Beatmaps/BeatmapConversionTest.cs:line 98
   at NUnit.Framework.Assert.Multiple(TestDelegate testDelegate)
   at osu.Game.Tests.Beatmaps.BeatmapConversionTest`2.<>c__DisplayClass4_0.<Test>b__1() in /app/osu.Game/Tests/Beatmaps/BeatmapConversionTest.cs:line 77
   at NUnit.Framework.Assert.Multiple(TestDelegate testDelegate)
   at osu.Game.Tests.Beatmaps.BeatmapConversionTest`2.Test(String name, Type[] mods) in /app/osu.Game/Tests/Beatmaps/BeatmapConversionTest.cs:line 50
   at osu.Game.Rulesets.Catch.Tests.CatchBeatmapConversionTest.Test(String name, Type[] mods) in /app/osu.Game.Rulesets.Catch.Tests/CatchBeatmapConversionTest.cs:line 58
   at InvokeStub_CatchBeatmapConversionTest.Test(Object, Span`1)

12)    at osu.Game.Tests.Beatmaps.BeatmapConversionTest`2.<>c__DisplayClass4_1.<Test>b__2() in /app/osu.Game/Tests/Beatmaps/BeatmapConversionTest.cs:line 98
   at NUnit.Framework.Assert.Multiple(TestDelegate testDelegate)
   at osu.Game.Tests.Beatmaps.BeatmapConversionTest`2.<>c__DisplayClass4_0.<Test>b__1() in /app/osu.Game/Tests/Beatmaps/BeatmapConversionTest.cs:line 77
   at NUnit.Framework.Assert.Multiple(TestDelegate testDelegate)
   at osu.Game.Tests.Beatmaps.BeatmapConversionTest`2.Test(String name, Type[] mods) in /app/osu.Game/Tests/Beatmaps/BeatmapConversionTest.cs:line 50
   at osu.Game.Rulesets.Catch.Tests.CatchBeatmapConversionTest.Test(String name, Type[] mods) in /app/osu.Game.Rulesets.Catch.Tests/CatchBeatmapConversionTest.cs:line 58
   at InvokeStub_CatchBeatmapConversionTest.Test(Object, Span`1)

13)    at osu.Game.Tests.Beatmaps.BeatmapConversionTest`2.<>c__DisplayClass4_1.<Test>b__2() in /app/osu.Game/Tests/Beatmaps/BeatmapConversionTest.cs:line 98
   at NUnit.Framework.Assert.Multiple(TestDelegate testDelegate)
   at osu.Game.Tests.Beatmaps.BeatmapConversionTest`2.<>c__DisplayClass4_0.<Test>b__1() in /app/osu.Game/Tests/Beatmaps/BeatmapConversionTest.cs:line 77
   at NUnit.Framework.Assert.Multiple(TestDelegate testDelegate)
   at osu.Game.Tests.Beatmaps.BeatmapConversionTest`2.Test(String name, Type[] mods) in /app/osu.Game/Tests/Beatmaps/BeatmapConversionTest.cs:line 50
   at osu.Game.Rulesets.Catch.Tests.CatchBeatmapConversionTest.Test(String name, Type[] mods) in /app/osu.Game.Rulesets.Catch.Tests/CatchBeatmapConversionTest.cs:line 58
   at InvokeStub_CatchBeatmapConversionTest.Test(Object, Span`1)

14)    at osu.Game.Tests.Beatmaps.BeatmapConversionTest`2.<>c__DisplayClass4_1.<Test>b__2() in /app/osu.Game/Tests/Beatmaps/BeatmapConversionTest.cs:line 98
   at NUnit.Framework.Assert.Multiple(TestDelegate testDelegate)
   at osu.Game.Tests.Beatmaps.BeatmapConversionTest`2.<>c__DisplayClass4_0.<Test>b__1() in /app/osu.Game/Tests/Beatmaps/BeatmapConversionTest.cs:line 77
   at NUnit.Framework.Assert.Multiple(TestDelegate testDelegate)
   at osu.Game.Tests.Beatmaps.BeatmapConversionTest`2.Test(String name, Type[] mods) in /app/osu.Game/Tests/Beatmaps/BeatmapConversionTest.cs:line 50
   at osu.Game.Rulesets.Catch.Tests.CatchBeatmapConversionTest.Test(String name, Type[] mods) in /app/osu.Game.Rulesets.Catch.Tests/CatchBeatmapConversionTest.cs:line 58
   at InvokeStub_CatchBeatmapConversionTest.Test(Object, Span`1)

15)    at osu.Game.Tests.Beatmaps.BeatmapConversionTest`2.<>c__DisplayClass4_1.<Test>b__2() in /app/osu.Game/Tests/Beatmaps/BeatmapConversionTest.cs:line 98
   at NUnit.Framework.Assert.Multiple(TestDelegate testDelegate)
   at osu.Game.Tests.Beatmaps.BeatmapConversionTest`2.<>c__DisplayClass4_0.<Test>b__1() in /app/osu.Game/Tests/Beatmaps/BeatmapConversionTest.cs:line 77
   at NUnit.Framework.Assert.Multiple(TestDelegate testDelegate)
   at osu.Game.Tests.Beatmaps.BeatmapConversionTest`2.Test(String name, Type[] mods) in /app/osu.Game/Tests/Beatmaps/BeatmapConversionTest.cs:line 50
   at osu.Game.Rulesets.Catch.Tests.CatchBeatmapConversionTest.Test(String name, Type[] mods) in /app/osu.Game.Rulesets.Catch.Tests/CatchBeatmapConversionTest.cs:line 58
   at InvokeStub_CatchBeatmapConversionTest.Test(Object, Span`1)

16)    at osu.Game.Tests.Beatmaps.BeatmapConversionTest`2.<>c__DisplayClass4_1.<Test>b__2() in /app/osu.Game/Tests/Beatmaps/BeatmapConversionTest.cs:line 98
   at NUnit.Framework.Assert.Multiple(TestDelegate testDelegate)
   at osu.Game.Tests.Beatmaps.BeatmapConversionTest`2.<>c__DisplayClass4_0.<Test>b__1() in /app/osu.Game/Tests/Beatmaps/BeatmapConversionTest.cs:line 77
   at NUnit.Framework.Assert.Multiple(TestDelegate testDelegate)
   at osu.Game.Tests.Beatmaps.BeatmapConversionTest`2.Test(String name, Type[] mods) in /app/osu.Game/Tests/Beatmaps/BeatmapConversionTest.cs:line 50
   at osu.Game.Rulesets.Catch.Tests.CatchBeatmapConversionTest.Test(String name, Type[] mods) in /app/osu.Game.Rulesets.Catch.Tests/CatchBeatmapConversionTest.cs:line 58
   at InvokeStub_CatchBeatmapConversionTest.Test(Object, Span`1)

17)    at osu.Game.Tests.Beatmaps.BeatmapConversionTest`2.<>c__DisplayClass4_1.<Test>b__2() in /app/osu.Game/Tests/Beatmaps/BeatmapConversionTest.cs:line 98
   at NUnit.Framework.Assert.Multiple(TestDelegate testDelegate)
   at osu.Game.Tests.Beatmaps.BeatmapConversionTest`2.<>c__DisplayClass4_0.<Test>b__1() in /app/osu.Game/Tests/Beatmaps/BeatmapConversionTest.cs:line 77
   at NUnit.Framework.Assert.Multiple(TestDelegate testDelegate)
   at osu.Game.Tests.Beatmaps.BeatmapConversionTest`2.Test(String name, Type[] mods) in /app/osu.Game/Tests/Beatmaps/BeatmapConversionTest.cs:line 50
   at osu.Game.Rulesets.Catch.Tests.CatchBeatmapConversionTest.Test(String name, Type[] mods) in /app/osu.Game.Rulesets.Catch.Tests/CatchBeatmapConversionTest.cs:line 58
   at InvokeStub_CatchBeatmapConversionTest.Test(Object, Span`1)

18)    at osu.Game.Tests.Beatmaps.BeatmapConversionTest`2.<>c__DisplayClass4_1.<Test>b__2() in /app/osu.Game/Tests/Beatmaps/BeatmapConversionTest.cs:line 98
   at NUnit.Framework.Assert.Multiple(TestDelegate testDelegate)
   at osu.Game.Tests.Beatmaps.BeatmapConversionTest`2.<>c__DisplayClass4_0.<Test>b__1() in /app/osu.Game/Tests/Beatmaps/BeatmapConversionTest.cs:line 77
   at NUnit.Framework.Assert.Multiple(TestDelegate testDelegate)
   at osu.Game.Tests.Beatmaps.BeatmapConversionTest`2.Test(String name, Type[] mods) in /app/osu.Game/Tests/Beatmaps/BeatmapConversionTest.cs:line 50
   at osu.Game.Rulesets.Catch.Tests.CatchBeatmapConversionTest.Test(String name, Type[] mods) in /app/osu.Game.Rulesets.Catch.Tests/CatchBeatmapConversionTest.cs:line 58
   at InvokeStub_CatchBeatmapConversionTest.Test(Object, Span`1)

19)    at osu.Game.Tests.Beatmaps.BeatmapConversionTest`2.<>c__DisplayClass4_1.<Test>b__2() in /app/osu.Game/Tests/Beatmaps/BeatmapConversionTest.cs:line 98
   at NUnit.Framework.Assert.Multiple(TestDelegate testDelegate)
   at osu.Game.Tests.Beatmaps.BeatmapConversionTest`2.<>c__DisplayClass4_0.<Test>b__1() in /app/osu.Game/Tests/Beatmaps/BeatmapConversionTest.cs:line 77
   at NUnit.Framework.Assert.Multiple(TestDelegate testDelegate)
   at osu.Game.Tests.Beatmaps.BeatmapConversionTest`2.Test(String name, Type[] mods) in /app/osu.Game/Tests/Beatmaps/BeatmapConversionTest.cs:line 50
   at osu.Game.Rulesets.Catch.Tests.CatchBeatmapConversionTest.Test(String name, Type[] mods) in /app/osu.Game.Rulesets.Catch.Tests/CatchBeatmapConversionTest.cs:line 58
   at InvokeStub_CatchBeatmapConversionTest.Test(Object, Span`1)

20)    at osu.Game.Tests.Beatmaps.BeatmapConversionTest`2.<>c__DisplayClass4_1.<Test>b__2() in /app/osu.Game/Tests/Beatmaps/BeatmapConversionTest.cs:line 98
   at NUnit.Framework.Assert.Multiple(TestDelegate testDelegate)
   at osu.Game.Tests.Beatmaps.BeatmapConversionTest`2.<>c__DisplayClass4_0.<Test>b__1() in /app/osu.Game/Tests/Beatmaps/BeatmapConversionTest.cs:line 77
   at NUnit.Framework.Assert.Multiple(TestDelegate testDelegate)
   at osu.Game.Tests.Beatmaps.BeatmapConversionTest`2.Test(String name, Type[] mods) in /app/osu.Game/Tests/Beatmaps/BeatmapConversionTest.cs:line 50
   at osu.Game.Rulesets.Catch.Tests.CatchBeatmapConversionTest.Test(String name, Type[] mods) in /app/osu.Game.Rulesets.Catch.Tests/CatchBeatmapConversionTest.cs:line 58
   at InvokeStub_CatchBeatmapConversionTest.Test(Object, Span`1)

21)    at osu.Game.Tests.Beatmaps.BeatmapConversionTest`2.<>c__DisplayClass4_1.<Test>b__2() in /app/osu.Game/Tests/Beatmaps/BeatmapConversionTest.cs:line 98
   at NUnit.Framework.Assert.Multiple(TestDelegate testDelegate)
   at osu.Game.Tests.Beatmaps.BeatmapConversionTest`2.<>c__DisplayClass4_0.<Test>b__1() in /app/osu.Game/Tests/Beatmaps/BeatmapConversionTest.cs:line 77
   at NUnit.Framework.Assert.Multiple(TestDelegate testDelegate)
   at osu.Game.Tests.Beatmaps.BeatmapConversionTest`2.Test(String name, Type[] mods) in /app/osu.Game/Tests/Beatmaps/BeatmapConversionTest.cs:line 50
   at osu.Game.Rulesets.Catch.Tests.CatchBeatmapConversionTest.Test(String name, Type[] mods) in /app/osu.Game.Rulesets.Catch.Tests/CatchBeatmapConversionTest.cs:line 58
   at InvokeStub_CatchBeatmapConversionTest.Test(Object, Span`1)

22)    at osu.Game.Tests.Beatmaps.BeatmapConversionTest`2.<>c__DisplayClass4_1.<Test>b__2() in /app/osu.Game/Tests/Beatmaps/BeatmapConversionTest.cs:line 98
   at NUnit.Framework.Assert.Multiple(TestDelegate testDelegate)
   at osu.Game.Tests.Beatmaps.BeatmapConversionTest`2.<>c__DisplayClass4_0.<Test>b__1() in /app/osu.Game/Tests/Beatmaps/BeatmapConversionTest.cs:line 77
   at NUnit.Framework.Assert.Multiple(TestDelegate testDelegate)
   at osu.Game.Tests.Beatmaps.BeatmapConversionTest`2.Test(String name, Type[] mods) in /app/osu.Game/Tests/Beatmaps/BeatmapConversionTest.cs:line 50
   at osu.Game.Rulesets.Catch.Tests.CatchBeatmapConversionTest.Test(String name, Type[] mods) in /app/osu.Game.Rulesets.Catch.Tests/CatchBeatmapConversionTest.cs:line 58
   at InvokeStub_CatchBeatmapConversionTest.Test(Object, Span`1)

23)    at osu.Game.Tests.Beatmaps.BeatmapConversionTest`2.<>c__DisplayClass4_1.<Test>b__2() in /app/osu.Game/Tests/Beatmaps/BeatmapConversionTest.cs:line 98
   at NUnit.Framework.Assert.Multiple(TestDelegate testDelegate)
   at osu.Game.Tests.Beatmaps.BeatmapConversionTest`2.<>c__DisplayClass4_0.<Test>b__1() in /app/osu.Game/Tests/Beatmaps/BeatmapConversionTest.cs:line 77
   at NUnit.Framework.Assert.Multiple(TestDelegate testDelegate)
   at osu.Game.Tests.Beatmaps.BeatmapConversionTest`2.Test(String name, Type[] mods) in /app/osu.Game/Tests/Beatmaps/BeatmapConversionTest.cs:line 50
   at osu.Game.Rulesets.Catch.Tests.CatchBeatmapConversionTest.Test(String name, Type[] mods) in /app/osu.Game.Rulesets.Catch.Tests/CatchBeatmapConversionTest.cs:line 58
   at InvokeStub_CatchBeatmapConversionTest.Test(Object, Span`1)

24)    at osu.Game.Tests.Beatmaps.BeatmapConversionTest`2.<>c__DisplayClass4_1.<Test>b__2() in /app/osu.Game/Tests/Beatmaps/BeatmapConversionTest.cs:line 98
   at NUnit.Framework.Assert.Multiple(TestDelegate testDelegate)
   at osu.Game.Tests.Beatmaps.BeatmapConversionTest`2.<>c__DisplayClass4_0.<Test>b__1() in /app/osu.Game/Tests/Beatmaps/BeatmapConversionTest.cs:line 77
   at NUnit.Framework.Assert.Multiple(TestDelegate testDelegate)
   at osu.Game.Tests.Beatmaps.BeatmapConversionTest`2.Test(String name, Type[] mods) in /app/osu.Game/Tests/Beatmaps/BeatmapConversionTest.cs:line 50
   at osu.Game.Rulesets.Catch.Tests.CatchBeatmapConversionTest.Test(String name, Type[] mods) in /app/osu.Game.Rulesets.Catch.Tests/CatchBeatmapConversionTest.cs:line 58
   at InvokeStub_CatchBeatmapConversionTest.Test(Object, Span`1)

25)    at osu.Game.Tests.Beatmaps.BeatmapConversionTest`2.<>c__DisplayClass4_1.<Test>b__2() in /app/osu.Game/Tests/Beatmaps/BeatmapConversionTest.cs:line 98
   at NUnit.Framework.Assert.Multiple(TestDelegate testDelegate)
   at osu.Game.Tests.Beatmaps.BeatmapConversionTest`2.<>c__DisplayClass4_0.<Test>b__1() in /app/osu.Game/Tests/Beatmaps/BeatmapConversionTest.cs:line 77
   at NUnit.Framework.Assert.Multiple(TestDelegate testDelegate)
   at osu.Game.Tests.Beatmaps.BeatmapConversionTest`2.Test(String name, Type[] mods) in /app/osu.Game/Tests/Beatmaps/BeatmapConversionTest.cs:line 50
   at osu.Game.Rulesets.Catch.Tests.CatchBeatmapConversionTest.Test(String name, Type[] mods) in /app/osu.Game.Rulesets.Catch.Tests/CatchBeatmapConversionTest.cs:line 58
   at InvokeStub_CatchBeatmapConversionTest.Test(Object, Span`1)

26)    at osu.Game.Tests.Beatmaps.BeatmapConversionTest`2.<>c__DisplayClass4_1.<Test>b__2() in /app/osu.Game/Tests/Beatmaps/BeatmapConversionTest.cs:line 98
   at NUnit.Framework.Assert.Multiple(TestDelegate testDelegate)
   at osu.Game.Tests.Beatmaps.BeatmapConversionTest`2.<>c__DisplayClass4_0.<Test>b__1() in /app/osu.Game/Tests/Beatmaps/BeatmapConversionTest.cs:line 77
   at NUnit.Framework.Assert.Multiple(TestDelegate testDelegate)
   at osu.Game.Tests.Beatmaps.BeatmapConversionTest`2.Test(String name, Type[] mods) in /app/osu.Game/Tests/Beatmaps/BeatmapConversionTest.cs:line 50
   at osu.Game.Rulesets.Catch.Tests.CatchBeatmapConversionTest.Test(String name, Type[] mods) in /app/osu.Game.Rulesets.Catch.Tests/CatchBeatmapConversionTest.cs:line 58
   at InvokeStub_CatchBeatmapConversionTest.Test(Object, Span`1)

27)    at osu.Game.Tests.Beatmaps.BeatmapConversionTest`2.<>c__DisplayClass4_1.<Test>b__2() in /app/osu.Game/Tests/Beatmaps/BeatmapConversionTest.cs:line 98
   at NUnit.Framework.Assert.Multiple(TestDelegate testDelegate)
   at osu.Game.Tests.Beatmaps.BeatmapConversionTest`2.<>c__DisplayClass4_0.<Test>b__1() in /app/osu.Game/Tests/Beatmaps/BeatmapConversionTest.cs:line 77
   at NUnit.Framework.Assert.Multiple(TestDelegate testDelegate)
   at osu.Game.Tests.Beatmaps.BeatmapConversionTest`2.Test(String name, Type[] mods) in /app/osu.Game/Tests/Beatmaps/BeatmapConversionTest.cs:line 50
   at osu.Game.Rulesets.Catch.Tests.CatchBeatmapConversionTest.Test(String name, Type[] mods) in /app/osu.Game.Rulesets.Catch.Tests/CatchBeatmapConversionTest.cs:line 58
   at InvokeStub_CatchBeatmapConversionTest.Test(Object, Span`1)

28)    at osu.Game.Tests.Beatmaps.BeatmapConversionTest`2.<>c__DisplayClass4_1.<Test>b__2() in /app/osu.Game/Tests/Beatmaps/BeatmapConversionTest.cs:line 98
   at NUnit.Framework.Assert.Multiple(TestDelegate testDelegate)
   at osu.Game.Tests.Beatmaps.BeatmapConversionTest`2.<>c__DisplayClass4_0.<Test>b__1() in /app/osu.Game/Tests/Beatmaps/BeatmapConversionTest.cs:line 77
   at NUnit.Framework.Assert.Multiple(TestDelegate testDelegate)
   at osu.Game.Tests.Beatmaps.BeatmapConversionTest`2.Test(String name, Type[] mods) in /app/osu.Game/Tests/Beatmaps/BeatmapConversionTest.cs:line 50
   at osu.Game.Rulesets.Catch.Tests.CatchBeatmapConversionTest.Test(String name, Type[] mods) in /app/osu.Game.Rulesets.Catch.Tests/CatchBeatmapConversionTest.cs:line 58
   at InvokeStub_CatchBeatmapConversionTest.Test(Object, Span`1)

29)    at osu.Game.Tests.Beatmaps.BeatmapConversionTest`2.<>c__DisplayClass4_1.<Test>b__2() in /app/osu.Game/Tests/Beatmaps/BeatmapConversionTest.cs:line 98
   at NUnit.Framework.Assert.Multiple(TestDelegate testDelegate)
   at osu.Game.Tests.Beatmaps.BeatmapConversionTest`2.<>c__DisplayClass4_0.<Test>b__1() in /app/osu.Game/Tests/Beatmaps/BeatmapConversionTest.cs:line 77
   at NUnit.Framework.Assert.Multiple(TestDelegate testDelegate)
   at osu.Game.Tests.Beatmaps.BeatmapConversionTest`2.Test(String name, Type[] mods) in /app/osu.Game/Tests/Beatmaps/BeatmapConversionTest.cs:line 50
   at osu.Game.Rulesets.Catch.Tests.CatchBeatmapConversionTest.Test(String name, Type[] mods) in /app/osu.Game.Rulesets.Catch.Tests/CatchBeatmapConversionTest.cs:line 58
   at InvokeStub_CatchBeatmapConversionTest.Test(Object, Span`1)

30)    at osu.Game.Tests.Beatmaps.BeatmapConversionTest`2.<>c__DisplayClass4_1.<Test>b__2() in /app/osu.Game/Tests/Beatmaps/BeatmapConversionTest.cs:line 98
   at NUnit.Framework.Assert.Multiple(TestDelegate testDelegate)
   at osu.Game.Tests.Beatmaps.BeatmapConversionTest`2.<>c__DisplayClass4_0.<Test>b__1() in /app/osu.Game/Tests/Beatmaps/BeatmapConversionTest.cs:line 77
   at NUnit.Framework.Assert.Multiple(TestDelegate testDelegate)
   at osu.Game.Tests.Beatmaps.BeatmapConversionTest`2.Test(String name, Type[] mods) in /app/osu.Game/Tests/Beatmaps/BeatmapConversionTest.cs:line 50
   at osu.Game.Rulesets.Catch.Tests.CatchBeatmapConversionTest.Test(String name, Type[] mods) in /app/osu.Game.Rulesets.Catch.Tests/CatchBeatmapConversionTest.cs:line 58
   at InvokeStub_CatchBeatmapConversionTest.Test(Object, Span`1)

31)    at osu.Game.Tests.Beatmaps.BeatmapConversionTest`2.<>c__DisplayClass4_1.<Test>b__2() in /app/osu.Game/Tests/Beatmaps/BeatmapConversionTest.cs:line 98
   at NUnit.Framework.Assert.Multiple(TestDelegate testDelegate)
   at osu.Game.Tests.Beatmaps.BeatmapConversionTest`2.<>c__DisplayClass4_0.<Test>b__1() in /app/osu.Game/Tests/Beatmaps/BeatmapConversionTest.cs:line 77
   at NUnit.Framework.Assert.Multiple(TestDelegate testDelegate)
   at osu.Game.Tests.Beatmaps.BeatmapConversionTest`2.Test(String name, Type[] mods) in /app/osu.Game/Tests/Beatmaps/BeatmapConversionTest.cs:line 50
   at osu.Game.Rulesets.Catch.Tests.CatchBeatmapConversionTest.Test(String name, Type[] mods) in /app/osu.Game.Rulesets.Catch.Tests/CatchBeatmapConversionTest.cs:line 58
   at InvokeStub_CatchBeatmapConversionTest.Test(Object, Span`1)

32)    at osu.Game.Tests.Beatmaps.BeatmapConversionTest`2.<>c__DisplayClass4_1.<Test>b__2() in /app/osu.Game/Tests/Beatmaps/BeatmapConversionTest.cs:line 98
   at NUnit.Framework.Assert.Multiple(TestDelegate testDelegate)
   at osu.Game.Tests.Beatmaps.BeatmapConversionTest`2.<>c__DisplayClass4_0.<Test>b__1() in /app/osu.Game/Tests/Beatmaps/BeatmapConversionTest.cs:line 77
   at NUnit.Framework.Assert.Multiple(TestDelegate testDelegate)
   at osu.Game.Tests.Beatmaps.BeatmapConversionTest`2.Test(String name, Type[] mods) in /app/osu.Game/Tests/Beatmaps/BeatmapConversionTest.cs:line 50
   at osu.Game.Rulesets.Catch.Tests.CatchBeatmapConversionTest.Test(String name, Type[] mods) in /app/osu.Game.Rulesets.Catch.Tests/CatchBeatmapConversionTest.cs:line 58
   at InvokeStub_CatchBeatmapConversionTest.Test(Object, Span`1)

33)    at osu.Game.Tests.Beatmaps.BeatmapConversionTest`2.<>c__DisplayClass4_1.<Test>b__2() in /app/osu.Game/Tests/Beatmaps/BeatmapConversionTest.cs:line 98
   at NUnit.Framework.Assert.Multiple(TestDelegate testDelegate)
   at osu.Game.Tests.Beatmaps.BeatmapConversionTest`2.<>c__DisplayClass4_0.<Test>b__1() in /app/osu.Game/Tests/Beatmaps/BeatmapConversionTest.cs:line 77
   at NUnit.Framework.Assert.Multiple(TestDelegate testDelegate)
   at osu.Game.Tests.Beatmaps.BeatmapConversionTest`2.Test(String name, Type[] mods) in /app/osu.Game/Tests/Beatmaps/BeatmapConversionTest.cs:line 50
   at osu.Game.Rulesets.Catch.Tests.CatchBeatmapConversionTest.Test(String name, Type[] mods) in /app/osu.Game.Rulesets.Catch.Tests/CatchBeatmapConversionTest.cs:line 58
   at InvokeStub_CatchBeatmapConversionTest.Test(Object, Span`1)

34)    at osu.Game.Tests.Beatmaps.BeatmapConversionTest`2.<>c__DisplayClass4_1.<Test>b__2() in /app/osu.Game/Tests/Beatmaps/BeatmapConversionTest.cs:line 98
   at NUnit.Framework.Assert.Multiple(TestDelegate testDelegate)
   at osu.Game.Tests.Beatmaps.BeatmapConversionTest`2.<>c__DisplayClass4_0.<Test>b__1() in /app/osu.Game/Tests/Beatmaps/BeatmapConversionTest.cs:line 77
   at NUnit.Framework.Assert.Multiple(TestDelegate testDelegate)
   at osu.Game.Tests.Beatmaps.BeatmapConversionTest`2.Test(String name, Type[] mods) in /app/osu.Game/Tests/Beatmaps/BeatmapConversionTest.cs:line 50
   at osu.Game.Rulesets.Catch.Tests.CatchBeatmapConversionTest.Test(String name, Type[] mods) in /app/osu.Game.Rulesets.Catch.Tests/CatchBeatmapConversionTest.cs:line 58
   at InvokeStub_CatchBeatmapConversionTest.Test(Object, Span`1)

35)    at osu.Game.Tests.Beatmaps.BeatmapConversionTest`2.<>c__DisplayClass4_1.<Test>b__2() in /app/osu.Game/Tests/Beatmaps/BeatmapConversionTest.cs:line 98
   at NUnit.Framework.Assert.Multiple(TestDelegate testDelegate)
   at osu.Game.Tests.Beatmaps.BeatmapConversionTest`2.<>c__DisplayClass4_0.<Test>b__1() in /app/osu.Game/Tests/Beatmaps/BeatmapConversionTest.cs:line 77
   at NUnit.Framework.Assert.Multiple(TestDelegate testDelegate)
   at osu.Game.Tests.Beatmaps.BeatmapConversionTest`2.Test(String name, Type[] mods) in /app/osu.Game/Tests/Beatmaps/BeatmapConversionTest.cs:line 50
   at osu.Game.Rulesets.Catch.Tests.CatchBeatmapConversionTest.Test(String name, Type[] mods) in /app/osu.Game.Rulesets.Catch.Tests/CatchBeatmapConversionTest.cs:line 58
   at InvokeStub_CatchBeatmapConversionTest.Test(Object, Span`1)

36)    at osu.Game.Tests.Beatmaps.BeatmapConversionTest`2.<>c__DisplayClass4_1.<Test>b__2() in /app/osu.Game/Tests/Beatmaps/BeatmapConversionTest.cs:line 98
   at NUnit.Framework.Assert.Multiple(TestDelegate testDelegate)
   at osu.Game.Tests.Beatmaps.BeatmapConversionTest`2.<>c__DisplayClass4_0.<Test>b__1() in /app/osu.Game/Tests/Beatmaps/BeatmapConversionTest.cs:line 77
   at NUnit.Framework.Assert.Multiple(TestDelegate testDelegate)
   at osu.Game.Tests.Beatmaps.BeatmapConversionTest`2.Test(String name, Type[] mods) in /app/osu.Game/Tests/Beatmaps/BeatmapConversionTest.cs:line 50
   at osu.Game.Rulesets.Catch.Tests.CatchBeatmapConversionTest.Test(String name, Type[] mods) in /app/osu.Game.Rulesets.Catch.Tests/CatchBeatmapConversionTest.cs:line 58
   at InvokeStub_CatchBeatmapConversionTest.Test(Object, Span`1)

37)    at osu.Game.Tests.Beatmaps.BeatmapConversionTest`2.<>c__DisplayClass4_1.<Test>b__2() in /app/osu.Game/Tests/Beatmaps/BeatmapConversionTest.cs:line 98
   at NUnit.Framework.Assert.Multiple(TestDelegate testDelegate)
   at osu.Game.Tests.Beatmaps.BeatmapConversionTest`2.<>c__DisplayClass4_0.<Test>b__1() in /app/osu.Game/Tests/Beatmaps/BeatmapConversionTest.cs:line 77
   at NUnit.Framework.Assert.Multiple(TestDelegate testDelegate)
   at osu.Game.Tests.Beatmaps.BeatmapConversionTest`2.Test(String name, Type[] mods) in /app/osu.Game/Tests/Beatmaps/BeatmapConversionTest.cs:line 50
   at osu.Game.Rulesets.Catch.Tests.CatchBeatmapConversionTest.Test(String name, Type[] mods) in /app/osu.Game.Rulesets.Catch.Tests/CatchBeatmapConversionTest.cs:line 58
   at InvokeStub_CatchBeatmapConversionTest.Test(Object, Span`1)

38)    at osu.Game.Tests.Beatmaps.BeatmapConversionTest`2.<>c__DisplayClass4_1.<Test>b__2() in /app/osu.Game/Tests/Beatmaps/BeatmapConversionTest.cs:line 98
   at NUnit.Framework.Assert.Multiple(TestDelegate testDelegate)
   at osu.Game.Tests.Beatmaps.BeatmapConversionTest`2.<>c__DisplayClass4_0.<Test>b__1() in /app/osu.Game/Tests/Beatmaps/BeatmapConversionTest.cs:line 77
   at NUnit.Framework.Assert.Multiple(TestDelegate testDelegate)
   at osu.Game.Tests.Beatmaps.BeatmapConversionTest`2.Test(String name, Type[] mods) in /app/osu.Game/Tests/Beatmaps/BeatmapConversionTest.cs:line 50
   at osu.Game.Rulesets.Catch.Tests.CatchBeatmapConversionTest.Test(String name, Type[] mods) in /app/osu.Game.Rulesets.Catch.Tests/CatchBeatmapConversionTest.cs:line 58
   at InvokeStub_CatchBeatmapConversionTest.Test(Object, Span`1)

39)    at osu.Game.Tests.Beatmaps.BeatmapConversionTest`2.<>c__DisplayClass4_1.<Test>b__2() in /app/osu.Game/Tests/Beatmaps/BeatmapConversionTest.cs:line 98
   at NUnit.Framework.Assert.Multiple(TestDelegate testDelegate)
   at osu.Game.Tests.Beatmaps.BeatmapConversionTest`2.<>c__DisplayClass4_0.<Test>b__1() in /app/osu.Game/Tests/Beatmaps/BeatmapConversionTest.cs:line 77
   at NUnit.Framework.Assert.Multiple(TestDelegate testDelegate)
   at osu.Game.Tests.Beatmaps.BeatmapConversionTest`2.Test(String name, Type[] mods) in /app/osu.Game/Tests/Beatmaps/BeatmapConversionTest.cs:line 50
   at osu.Game.Rulesets.Catch.Tests.CatchBeatmapConversionTest.Test(String name, Type[] mods) in /app/osu.Game.Rulesets.Catch.Tests/CatchBeatmapConversionTest.cs:line 58
   at InvokeStub_CatchBeatmapConversionTest.Test(Object, Span`1)

40)    at osu.Game.Tests.Beatmaps.BeatmapConversionTest`2.<>c__DisplayClass4_1.<Test>b__2() in /app/osu.Game/Tests/Beatmaps/BeatmapConversionTest.cs:line 98
   at NUnit.Framework.Assert.Multiple(TestDelegate testDelegate)
   at osu.Game.Tests.Beatmaps.BeatmapConversionTest`2.<>c__DisplayClass4_0.<Test>b__1() in /app/osu.Game/Tests/Beatmaps/BeatmapConversionTest.cs:line 77
   at NUnit.Framework.Assert.Multiple(TestDelegate testDelegate)
   at osu.Game.Tests.Beatmaps.BeatmapConversionTest`2.Test(String name, Type[] mods) in /app/osu.Game/Tests/Beatmaps/BeatmapConversionTest.cs:line 50
   at osu.Game.Rulesets.Catch.Tests.CatchBeatmapConversionTest.Test(String name, Type[] mods) in /app/osu.Game.Rulesets.Catch.Tests/CatchBeatmapConversionTest.cs:line 58
   at InvokeStub_CatchBeatmapConversionTest.Test(Object, Span`1)

41)    at osu.Game.Tests.Beatmaps.BeatmapConversionTest`2.<>c__DisplayClass4_1.<Test>b__2() in /app/osu.Game/Tests/Beatmaps/BeatmapConversionTest.cs:line 98
   at NUnit.Framework.Assert.Multiple(TestDelegate testDelegate)
   at osu.Game.Tests.Beatmaps.BeatmapConversionTest`2.<>c__DisplayClass4_0.<Test>b__1() in /app/osu.Game/Tests/Beatmaps/BeatmapConversionTest.cs:line 77
   at NUnit.Framework.Assert.Multiple(TestDelegate testDelegate)
   at osu.Game.Tests.Beatmaps.BeatmapConversionTest`2.Test(String name, Type[] mods) in /app/osu.Game/Tests/Beatmaps/BeatmapConversionTest.cs:line 50
   at osu.Game.Rulesets.Catch.Tests.CatchBeatmapConversionTest.Test(String name, Type[] mods) in /app/osu.Game.Rulesets.Catch.Tests/CatchBeatmapConversionTest.cs:line 58
   at InvokeStub_CatchBeatmapConversionTest.Test(Object, Span`1)

42)    at osu.Game.Tests.Beatmaps.BeatmapConversionTest`2.<>c__DisplayClass4_1.<Test>b__2() in /app/osu.Game/Tests/Beatmaps/BeatmapConversionTest.cs:line 98
   at NUnit.Framework.Assert.Multiple(TestDelegate testDelegate)
   at osu.Game.Tests.Beatmaps.BeatmapConversionTest`2.<>c__DisplayClass4_0.<Test>b__1() in /app/osu.Game/Tests/Beatmaps/BeatmapConversionTest.cs:line 77
   at NUnit.Framework.Assert.Multiple(TestDelegate testDelegate)
   at osu.Game.Tests.Beatmaps.BeatmapConversionTest`2.Test(String name, Type[] mods) in /app/osu.Game/Tests/Beatmaps/BeatmapConversionTest.cs:line 50
   at osu.Game.Rulesets.Catch.Tests.CatchBeatmapConversionTest.Test(String name, Type[] mods) in /app/osu.Game.Rulesets.Catch.Tests/CatchBeatmapConversionTest.cs:line 58
   at InvokeStub_CatchBeatmapConversionTest.Test(Object, Span`1)

43)    at osu.Game.Tests.Beatmaps.BeatmapConversionTest`2.<>c__DisplayClass4_1.<Test>b__2() in /app/osu.Game/Tests/Beatmaps/BeatmapConversionTest.cs:line 98
   at NUnit.Framework.Assert.Multiple(TestDelegate testDelegate)
   at osu.Game.Tests.Beatmaps.BeatmapConversionTest`2.<>c__DisplayClass4_0.<Test>b__1() in /app/osu.Game/Tests/Beatmaps/BeatmapConversionTest.cs:line 77
   at NUnit.Framework.Assert.Multiple(TestDelegate testDelegate)
   at osu.Game.Tests.Beatmaps.BeatmapConversionTest`2.Test(String name, Type[] mods) in /app/osu.Game/Tests/Beatmaps/BeatmapConversionTest.cs:line 50
   at osu.Game.Rulesets.Catch.Tests.CatchBeatmapConversionTest.Test(String name, Type[] mods) in /app/osu.Game.Rulesets.Catch.Tests/CatchBeatmapConversionTest.cs:line 58
   at InvokeStub_CatchBeatmapConversionTest.Test(Object, Span`1)

44)    at osu.Game.Tests.Beatmaps.BeatmapConversionTest`2.<>c__DisplayClass4_1.<Test>b__2() in /app/osu.Game/Tests/Beatmaps/BeatmapConversionTest.cs:line 98
   at NUnit.Framework.Assert.Multiple(TestDelegate testDelegate)
   at osu.Game.Tests.Beatmaps.BeatmapConversionTest`2.<>c__DisplayClass4_0.<Test>b__1() in /app/osu.Game/Tests/Beatmaps/BeatmapConversionTest.cs:line 77
   at NUnit.Framework.Assert.Multiple(TestDelegate testDelegate)
   at osu.Game.Tests.Beatmaps.BeatmapConversionTest`2.Test(String name, Type[] mods) in /app/osu.Game/Tests/Beatmaps/BeatmapConversionTest.cs:line 50
   at osu.Game.Rulesets.Catch.Tests.CatchBeatmapConversionTest.Test(String name, Type[] mods) in /app/osu.Game.Rulesets.Catch.Tests/CatchBeatmapConversionTest.cs:line 58
   at InvokeStub_CatchBeatmapConversionTest.Test(Object, Span`1)

45)    at osu.Game.Tests.Beatmaps.BeatmapConversionTest`2.<>c__DisplayClass4_1.<Test>b__2() in /app/osu.Game/Tests/Beatmaps/BeatmapConversionTest.cs:line 98
   at NUnit.Framework.Assert.Multiple(TestDelegate testDelegate)
   at osu.Game.Tests.Beatmaps.BeatmapConversionTest`2.<>c__DisplayClass4_0.<Test>b__1() in /app/osu.Game/Tests/Beatmaps/BeatmapConversionTest.cs:line 77
   at NUnit.Framework.Assert.Multiple(TestDelegate testDelegate)
   at osu.Game.Tests.Beatmaps.BeatmapConversionTest`2.Test(String name, Type[] mods) in /app/osu.Game/Tests/Beatmaps/BeatmapConversionTest.cs:line 50
   at osu.Game.Rulesets.Catch.Tests.CatchBeatmapConversionTest.Test(String name, Type[] mods) in /app/osu.Game.Rulesets.Catch.Tests/CatchBeatmapConversionTest.cs:line 58
   at InvokeStub_CatchBeatmapConversionTest.Test(Object, Span`1)

46)    at osu.Game.Tests.Beatmaps.BeatmapConversionTest`2.<>c__DisplayClass4_1.<Test>b__2() in /app/osu.Game/Tests/Beatmaps/BeatmapConversionTest.cs:line 98
   at NUnit.Framework.Assert.Multiple(TestDelegate testDelegate)
   at osu.Game.Tests.Beatmaps.BeatmapConversionTest`2.<>c__DisplayClass4_0.<Test>b__1() in /app/osu.Game/Tests/Beatmaps/BeatmapConversionTest.cs:line 77
   at NUnit.Framework.Assert.Multiple(TestDelegate testDelegate)
   at osu.Game.Tests.Beatmaps.BeatmapConversionTest`2.Test(String name, Type[] mods) in /app/osu.Game/Tests/Beatmaps/BeatmapConversionTest.cs:line 50
   at osu.Game.Rulesets.Catch.Tests.CatchBeatmapConversionTest.Test(String name, Type[] mods) in /app/osu.Game.Rulesets.Catch.Tests/CatchBeatmapConversionTest.cs:line 58
   at InvokeStub_CatchBeatmapConversionTest.Test(Object, Span`1)

47)    at osu.Game.Tests.Beatmaps.BeatmapConversionTest`2.<>c__DisplayClass4_1.<Test>b__2() in /app/osu.Game/Tests/Beatmaps/BeatmapConversionTest.cs:line 98
   at NUnit.Framework.Assert.Multiple(TestDelegate testDelegate)
   at osu.Game.Tests.Beatmaps.BeatmapConversionTest`2.<>c__DisplayClass4_0.<Test>b__1() in /app/osu.Game/Tests/Beatmaps/BeatmapConversionTest.cs:line 77
   at NUnit.Framework.Assert.Multiple(TestDelegate testDelegate)
   at osu.Game.Tests.Beatmaps.BeatmapConversionTest`2.Test(String name, Type[] mods) in /app/osu.Game/Tests/Beatmaps/BeatmapConversionTest.cs:line 50
   at osu.Game.Rulesets.Catch.Tests.CatchBeatmapConversionTest.Test(String name, Type[] mods) in /app/osu.Game.Rulesets.Catch.Tests/CatchBeatmapConversionTest.cs:line 58
   at InvokeStub_CatchBeatmapConversionTest.Test(Object, Span`1)

48)    at osu.Game.Tests.Beatmaps.BeatmapConversionTest`2.<>c__DisplayClass4_1.<Test>b__2() in /app/osu.Game/Tests/Beatmaps/BeatmapConversionTest.cs:line 98
   at NUnit.Framework.Assert.Multiple(TestDelegate testDelegate)
   at osu.Game.Tests.Beatmaps.BeatmapConversionTest`2.<>c__DisplayClass4_0.<Test>b__1() in /app/osu.Game/Tests/Beatmaps/BeatmapConversionTest.cs:line 77
   at NUnit.Framework.Assert.Multiple(TestDelegate testDelegate)
   at osu.Game.Tests.Beatmaps.BeatmapConversionTest`2.Test(String name, Type[] mods) in /app/osu.Game/Tests/Beatmaps/BeatmapConversionTest.cs:line 50
   at osu.Game.Rulesets.Catch.Tests.CatchBeatmapConversionTest.Test(String name, Type[] mods) in /app/osu.Game.Rulesets.Catch.Tests/CatchBeatmapConversionTest.cs:line 58
   at InvokeStub_CatchBeatmapConversionTest.Test(Object, Span`1)

49)    at osu.Game.Tests.Beatmaps.BeatmapConversionTest`2.<>c__DisplayClass4_1.<Test>b__2() in /app/osu.Game/Tests/Beatmaps/BeatmapConversionTest.cs:line 98
   at NUnit.Framework.Assert.Multiple(TestDelegate testDelegate)
   at osu.Game.Tests.Beatmaps.BeatmapConversionTest`2.<>c__DisplayClass4_0.<Test>b__1() in /app/osu.Game/Tests/Beatmaps/BeatmapConversionTest.cs:line 77
   at NUnit.Framework.Assert.Multiple(TestDelegate testDelegate)
   at osu.Game.Tests.Beatmaps.BeatmapConversionTest`2.Test(String name, Type[] mods) in /app/osu.Game/Tests/Beatmaps/BeatmapConversionTest.cs:line 50
   at osu.Game.Rulesets.Catch.Tests.CatchBeatmapConversionTest.Test(String name, Type[] mods) in /app/osu.Game.Rulesets.Catch.Tests/CatchBeatmapConversionTest.cs:line 58
   at InvokeStub_CatchBeatmapConversionTest.Test(Object, Span`1)

50)    at osu.Game.Tests.Beatmaps.BeatmapConversionTest`2.<>c__DisplayClass4_1.<Test>b__2() in /app/osu.Game/Tests/Beatmaps/BeatmapConversionTest.cs:line 98
   at NUnit.Framework.Assert.Multiple(TestDelegate testDelegate)
   at osu.Game.Tests.Beatmaps.BeatmapConversionTest`2.<>c__DisplayClass4_0.<Test>b__1() in /app/osu.Game/Tests/Beatmaps/BeatmapConversionTest.cs:line 77
   at NUnit.Framework.Assert.Multiple(TestDelegate testDelegate)
   at osu.Game.Tests.Beatmaps.BeatmapConversionTest`2.Test(String name, Type[] mods) in /app/osu.Game/Tests/Beatmaps/BeatmapConversionTest.cs:line 50
   at osu.Game.Rulesets.Catch.Tests.CatchBeatmapConversionTest.Test(String name, Type[] mods) in /app/osu.Game.Rulesets.Catch.Tests/CatchBeatmapConversionTest.cs:line 58
   at InvokeStub_CatchBeatmapConversionTest.Test(Object, Span`1)

51)    at osu.Game.Tests.Beatmaps.BeatmapConversionTest`2.<>c__DisplayClass4_1.<Test>b__2() in /app/osu.Game/Tests/Beatmaps/BeatmapConversionTest.cs:line 98
   at NUnit.Framework.Assert.Multiple(TestDelegate testDelegate)
   at osu.Game.Tests.Beatmaps.BeatmapConversionTest`2.<>c__DisplayClass4_0.<Test>b__1() in /app/osu.Game/Tests/Beatmaps/BeatmapConversionTest.cs:line 77
   at NUnit.Framework.Assert.Multiple(TestDelegate testDelegate)
   at osu.Game.Tests.Beatmaps.BeatmapConversionTest`2.Test(String name, Type[] mods) in /app/osu.Game/Tests/Beatmaps/BeatmapConversionTest.cs:line 50
   at osu.Game.Rulesets.Catch.Tests.CatchBeatmapConversionTest.Test(String name, Type[] mods) in /app/osu.Game.Rulesets.Catch.Tests/CatchBeatmapConversionTest.cs:line 58
   at InvokeStub_CatchBeatmapConversionTest.Test(Object, Span`1)

52)    at osu.Game.Tests.Beatmaps.BeatmapConversionTest`2.<>c__DisplayClass4_1.<Test>b__2() in /app/osu.Game/Tests/Beatmaps/BeatmapConversionTest.cs:line 98
   at NUnit.Framework.Assert.Multiple(TestDelegate testDelegate)
   at osu.Game.Tests.Beatmaps.BeatmapConversionTest`2.<>c__DisplayClass4_0.<Test>b__1() in /app/osu.Game/Tests/Beatmaps/BeatmapConversionTest.cs:line 77
   at NUnit.Framework.Assert.Multiple(TestDelegate testDelegate)
   at osu.Game.Tests.Beatmaps.BeatmapConversionTest`2.Test(String name, Type[] mods) in /app/osu.Game/Tests/Beatmaps/BeatmapConversionTest.cs:line 50
   at osu.Game.Rulesets.Catch.Tests.CatchBeatmapConversionTest.Test(String name, Type[] mods) in /app/osu.Game.Rulesets.Catch.Tests/CatchBeatmapConversionTest.cs:line 58
   at InvokeStub_CatchBeatmapConversionTest.Test(Object, Span`1)

53)    at osu.Game.Tests.Beatmaps.BeatmapConversionTest`2.<>c__DisplayClass4_1.<Test>b__2() in /app/osu.Game/Tests/Beatmaps/BeatmapConversionTest.cs:line 98
   at NUnit.Framework.Assert.Multiple(TestDelegate testDelegate)
   at osu.Game.Tests.Beatmaps.BeatmapConversionTest`2.<>c__DisplayClass4_0.<Test>b__1() in /app/osu.Game/Tests/Beatmaps/BeatmapConversionTest.cs:line 77
   at NUnit.Framework.Assert.Multiple(TestDelegate testDelegate)
   at osu.Game.Tests.Beatmaps.BeatmapConversionTest`2.Test(String name, Type[] mods) in /app/osu.Game/Tests/Beatmaps/BeatmapConversionTest.cs:line 50
   at osu.Game.Rulesets.Catch.Tests.CatchBeatmapConversionTest.Test(String name, Type[] mods) in /app/osu.Game.Rulesets.Catch.Tests/CatchBeatmapConversionTest.cs:line 58
   at InvokeStub_CatchBeatmapConversionTest.Test(Object, Span`1)

54)    at osu.Game.Tests.Beatmaps.BeatmapConversionTest`2.<>c__DisplayClass4_1.<Test>b__2() in /app/osu.Game/Tests/Beatmaps/BeatmapConversionTest.cs:line 98
   at NUnit.Framework.Assert.Multiple(TestDelegate testDelegate)
   at osu.Game.Tests.Beatmaps.BeatmapConversionTest`2.<>c__DisplayClass4_0.<Test>b__1() in /app/osu.Game/Tests/Beatmaps/BeatmapConversionTest.cs:line 77
   at NUnit.Framework.Assert.Multiple(TestDelegate testDelegate)
   at osu.Game.Tests.Beatmaps.BeatmapConversionTest`2.Test(String name, Type[] mods) in /app/osu.Game/Tests/Beatmaps/BeatmapConversionTest.cs:line 50
   at osu.Game.Rulesets.Catch.Tests.CatchBeatmapConversionTest.Test(String name, Type[] mods) in /app/osu.Game.Rulesets.Catch.Tests/CatchBeatmapConversionTest.cs:line 58
   at InvokeStub_CatchBeatmapConversionTest.Test(Object, Span`1)

55)    at osu.Game.Tests.Beatmaps.BeatmapConversionTest`2.<>c__DisplayClass4_1.<Test>b__2() in /app/osu.Game/Tests/Beatmaps/BeatmapConversionTest.cs:line 98
   at NUnit.Framework.Assert.Multiple(TestDelegate testDelegate)
   at osu.Game.Tests.Beatmaps.BeatmapConversionTest`2.<>c__DisplayClass4_0.<Test>b__1() in /app/osu.Game/Tests/Beatmaps/BeatmapConversionTest.cs:line 77
   at NUnit.Framework.Assert.Multiple(TestDelegate testDelegate)
   at osu.Game.Tests.Beatmaps.BeatmapConversionTest`2.Test(String name, Type[] mods) in /app/osu.Game/Tests/Beatmaps/BeatmapConversionTest.cs:line 50
   at osu.Game.Rulesets.Catch.Tests.CatchBeatmapConversionTest.Test(String name, Type[] mods) in /app/osu.Game.Rulesets.Catch.Tests/CatchBeatmapConversionTest.cs:line 58
   at InvokeStub_CatchBeatmapConversionTest.Test(Object, Span`1)

56)    at osu.Game.Tests.Beatmaps.BeatmapConversionTest`2.<>c__DisplayClass4_1.<Test>b__2() in /app/osu.Game/Tests/Beatmaps/BeatmapConversionTest.cs:line 98
   at NUnit.Framework.Assert.Multiple(TestDelegate testDelegate)
   at osu.Game.Tests.Beatmaps.BeatmapConversionTest`2.<>c__DisplayClass4_0.<Test>b__1() in /app/osu.Game/Tests/Beatmaps/BeatmapConversionTest.cs:line 77
   at NUnit.Framework.Assert.Multiple(TestDelegate testDelegate)
   at osu.Game.Tests.Beatmaps.BeatmapConversionTest`2.Test(String name, Type[] mods) in /app/osu.Game/Tests/Beatmaps/BeatmapConversionTest.cs:line 50
   at osu.Game.Rulesets.Catch.Tests.CatchBeatmapConversionTest.Test(String name, Type[] mods) in /app/osu.Game.Rulesets.Catch.Tests/CatchBeatmapConversionTest.cs:line 58
   at InvokeStub_CatchBeatmapConversionTest.Test(Object, Span`1)

57)    at osu.Game.Tests.Beatmaps.BeatmapConversionTest`2.<>c__DisplayClass4_1.<Test>b__2() in /app/osu.Game/Tests/Beatmaps/BeatmapConversionTest.cs:line 98
   at NUnit.Framework.Assert.Multiple(TestDelegate testDelegate)
   at osu.Game.Tests.Beatmaps.BeatmapConversionTest`2.<>c__DisplayClass4_0.<Test>b__1() in /app/osu.Game/Tests/Beatmaps/BeatmapConversionTest.cs:line 77
   at NUnit.Framework.Assert.Multiple(TestDelegate testDelegate)
   at osu.Game.Tests.Beatmaps.BeatmapConversionTest`2.Test(String name, Type[] mods) in /app/osu.Game/Tests/Beatmaps/BeatmapConversionTest.cs:line 50
   at osu.Game.Rulesets.Catch.Tests.CatchBeatmapConversionTest.Test(String name, Type[] mods) in /app/osu.Game.Rulesets.Catch.Tests/CatchBeatmapConversionTest.cs:line 58
   at InvokeStub_CatchBeatmapConversionTest.Test(Object, Span`1)

58)    at osu.Game.Tests.Beatmaps.BeatmapConversionTest`2.<>c__DisplayClass4_1.<Test>b__2() in /app/osu.Game/Tests/Beatmaps/BeatmapConversionTest.cs:line 98
   at NUnit.Framework.Assert.Multiple(TestDelegate testDelegate)
   at osu.Game.Tests.Beatmaps.BeatmapConversionTest`2.<>c__DisplayClass4_0.<Test>b__1() in /app/osu.Game/Tests/Beatmaps/BeatmapConversionTest.cs:line 77
   at NUnit.Framework.Assert.Multiple(TestDelegate testDelegate)
   at osu.Game.Tests.Beatmaps.BeatmapConversionTest`2.Test(String name, Type[] mods) in /app/osu.Game/Tests/Beatmaps/BeatmapConversionTest.cs:line 50
   at osu.Game.Rulesets.Catch.Tests.CatchBeatmapConversionTest.Test(String name, Type[] mods) in /app/osu.Game.Rulesets.Catch.Tests/CatchBeatmapConversionTest.cs:line 58
   at InvokeStub_CatchBeatmapConversionTest.Test(Object, Span`1)

59)    at osu.Game.Tests.Beatmaps.BeatmapConversionTest`2.<>c__DisplayClass4_1.<Test>b__2() in /app/osu.Game/Tests/Beatmaps/BeatmapConversionTest.cs:line 98
   at NUnit.Framework.Assert.Multiple(TestDelegate testDelegate)
   at osu.Game.Tests.Beatmaps.BeatmapConversionTest`2.<>c__DisplayClass4_0.<Test>b__1() in /app/osu.Game/Tests/Beatmaps/BeatmapConversionTest.cs:line 77
   at NUnit.Framework.Assert.Multiple(TestDelegate testDelegate)
   at osu.Game.Tests.Beatmaps.BeatmapConversionTest`2.Test(String name, Type[] mods) in /app/osu.Game/Tests/Beatmaps/BeatmapConversionTest.cs:line 50
   at osu.Game.Rulesets.Catch.Tests.CatchBeatmapConversionTest.Test(String name, Type[] mods) in /app/osu.Game.Rulesets.Catch.Tests/CatchBeatmapConversionTest.cs:line 58
   at InvokeStub_CatchBeatmapConversionTest.Test(Object, Span`1)

60)    at osu.Game.Tests.Beatmaps.BeatmapConversionTest`2.<>c__DisplayClass4_1.<Test>b__2() in /app/osu.Game/Tests/Beatmaps/BeatmapConversionTest.cs:line 98
   at NUnit.Framework.Assert.Multiple(TestDelegate testDelegate)
   at osu.Game.Tests.Beatmaps.BeatmapConversionTest`2.<>c__DisplayClass4_0.<Test>b__1() in /app/osu.Game/Tests/Beatmaps/BeatmapConversionTest.cs:line 77
   at NUnit.Framework.Assert.Multiple(TestDelegate testDelegate)
   at osu.Game.Tests.Beatmaps.BeatmapConversionTest`2.Test(String name, Type[] mods) in /app/osu.Game/Tests/Beatmaps/BeatmapConversionTest.cs:line 50
   at osu.Game.Rulesets.Catch.Tests.CatchBeatmapConversionTest.Test(String name, Type[] mods) in /app/osu.Game.Rulesets.Catch.Tests/CatchBeatmapConversionTest.cs:line 58
   at InvokeStub_CatchBeatmapConversionTest.Test(Object, Span`1)

61)    at osu.Game.Tests.Beatmaps.BeatmapConversionTest`2.<>c__DisplayClass4_1.<Test>b__2() in /app/osu.Game/Tests/Beatmaps/BeatmapConversionTest.cs:line 98
   at NUnit.Framework.Assert.Multiple(TestDelegate testDelegate)
   at osu.Game.Tests.Beatmaps.BeatmapConversionTest`2.<>c__DisplayClass4_0.<Test>b__1() in /app/osu.Game/Tests/Beatmaps/BeatmapConversionTest.cs:line 77
   at NUnit.Framework.Assert.Multiple(TestDelegate testDelegate)
   at osu.Game.Tests.Beatmaps.BeatmapConversionTest`2.Test(String name, Type[] mods) in /app/osu.Game/Tests/Beatmaps/BeatmapConversionTest.cs:line 50
   at osu.Game.Rulesets.Catch.Tests.CatchBeatmapConversionTest.Test(String name, Type[] mods) in /app/osu.Game.Rulesets.Catch.Tests/CatchBeatmapConversionTest.cs:line 58
   at InvokeStub_CatchBeatmapConversionTest.Test(Object, Span`1)

62)    at osu.Game.Tests.Beatmaps.BeatmapConversionTest`2.<>c__DisplayClass4_1.<Test>b__2() in /app/osu.Game/Tests/Beatmaps/BeatmapConversionTest.cs:line 98
   at NUnit.Framework.Assert.Multiple(TestDelegate testDelegate)
   at osu.Game.Tests.Beatmaps.BeatmapConversionTest`2.<>c__DisplayClass4_0.<Test>b__1() in /app/osu.Game/Tests/Beatmaps/BeatmapConversionTest.cs:line 77
   at NUnit.Framework.Assert.Multiple(TestDelegate testDelegate)
   at osu.Game.Tests.Beatmaps.BeatmapConversionTest`2.Test(String name, Type[] mods) in /app/osu.Game/Tests/Beatmaps/BeatmapConversionTest.cs:line 50
   at osu.Game.Rulesets.Catch.Tests.CatchBeatmapConversionTest.Test(String name, Type[] mods) in /app/osu.Game.Rulesets.Catch.Tests/CatchBeatmapConversionTest.cs:line 58
   at InvokeStub_CatchBeatmapConversionTest.Test(Object, Span`1)

63)    at osu.Game.Tests.Beatmaps.BeatmapConversionTest`2.<>c__DisplayClass4_1.<Test>b__2() in /app/osu.Game/Tests/Beatmaps/BeatmapConversionTest.cs:line 98
   at NUnit.Framework.Assert.Multiple(TestDelegate testDelegate)
   at osu.Game.Tests.Beatmaps.BeatmapConversionTest`2.<>c__DisplayClass4_0.<Test>b__1() in /app/osu.Game/Tests/Beatmaps/BeatmapConversionTest.cs:line 77
   at NUnit.Framework.Assert.Multiple(TestDelegate testDelegate)
   at osu.Game.Tests.Beatmaps.BeatmapConversionTest`2.Test(String name, Type[] mods) in /app/osu.Game/Tests/Beatmaps/BeatmapConversionTest.cs:line 50
   at osu.Game.Rulesets.Catch.Tests.CatchBeatmapConversionTest.Test(String name, Type[] mods) in /app/osu.Game.Rulesets.Catch.Tests/CatchBeatmapConversionTest.cs:line 58
   at InvokeStub_CatchBeatmapConversionTest.Test(Object, Span`1)

64)    at osu.Game.Tests.Beatmaps.BeatmapConversionTest`2.<>c__DisplayClass4_1.<Test>b__2() in /app/osu.Game/Tests/Beatmaps/BeatmapConversionTest.cs:line 98
   at NUnit.Framework.Assert.Multiple(TestDelegate testDelegate)
   at osu.Game.Tests.Beatmaps.BeatmapConversionTest`2.<>c__DisplayClass4_0.<Test>b__1() in /app/osu.Game/Tests/Beatmaps/BeatmapConversionTest.cs:line 77
   at NUnit.Framework.Assert.Multiple(TestDelegate testDelegate)
   at osu.Game.Tests.Beatmaps.BeatmapConversionTest`2.Test(String name, Type[] mods) in /app/osu.Game/Tests/Beatmaps/BeatmapConversionTest.cs:line 50
   at osu.Game.Rulesets.Catch.Tests.CatchBeatmapConversionTest.Test(String name, Type[] mods) in /app/osu.Game.Rulesets.Catch.Tests/CatchBeatmapConversionTest.cs:line 58
   at InvokeStub_CatchBeatmapConversionTest.Test(Object, Span`1)

65)    at osu.Game.Tests.Beatmaps.BeatmapConversionTest`2.<>c__DisplayClass4_1.<Test>b__2() in /app/osu.Game/Tests/Beatmaps/BeatmapConversionTest.cs:line 98
   at NUnit.Framework.Assert.Multiple(TestDelegate testDelegate)
   at osu.Game.Tests.Beatmaps.BeatmapConversionTest`2.<>c__DisplayClass4_0.<Test>b__1() in /app/osu.Game/Tests/Beatmaps/BeatmapConversionTest.cs:line 77
   at NUnit.Framework.Assert.Multiple(TestDelegate testDelegate)
   at osu.Game.Tests.Beatmaps.BeatmapConversionTest`2.Test(String name, Type[] mods) in /app/osu.Game/Tests/Beatmaps/BeatmapConversionTest.cs:line 50
   at osu.Game.Rulesets.Catch.Tests.CatchBeatmapConversionTest.Test(String name, Type[] mods) in /app/osu.Game.Rulesets.Catch.Tests/CatchBeatmapConversionTest.cs:line 58
   at InvokeStub_CatchBeatmapConversionTest.Test(Object, Span`1)

66)    at osu.Game.Tests.Beatmaps.BeatmapConversionTest`2.<>c__DisplayClass4_1.<Test>b__2() in /app/osu.Game/Tests/Beatmaps/BeatmapConversionTest.cs:line 98
   at NUnit.Framework.Assert.Multiple(TestDelegate testDelegate)
   at osu.Game.Tests.Beatmaps.BeatmapConversionTest`2.<>c__DisplayClass4_0.<Test>b__1() in /app/osu.Game/Tests/Beatmaps/BeatmapConversionTest.cs:line 77
   at NUnit.Framework.Assert.Multiple(TestDelegate testDelegate)
   at osu.Game.Tests.Beatmaps.BeatmapConversionTest`2.Test(String name, Type[] mods) in /app/osu.Game/Tests/Beatmaps/BeatmapConversionTest.cs:line 50
   at osu.Game.Rulesets.Catch.Tests.CatchBeatmapConversionTest.Test(String name, Type[] mods) in /app/osu.Game.Rulesets.Catch.Tests/CatchBeatmapConversionTest.cs:line 58
   at InvokeStub_CatchBeatmapConversionTest.Test(Object, Span`1)

67)    at osu.Game.Tests.Beatmaps.BeatmapConversionTest`2.<>c__DisplayClass4_1.<Test>b__2() in /app/osu.Game/Tests/Beatmaps/BeatmapConversionTest.cs:line 98
   at NUnit.Framework.Assert.Multiple(TestDelegate testDelegate)
   at osu.Game.Tests.Beatmaps.BeatmapConversionTest`2.<>c__DisplayClass4_0.<Test>b__1() in /app/osu.Game/Tests/Beatmaps/BeatmapConversionTest.cs:line 77
   at NUnit.Framework.Assert.Multiple(TestDelegate testDelegate)
   at osu.Game.Tests.Beatmaps.BeatmapConversionTest`2.Test(String name, Type[] mods) in /app/osu.Game/Tests/Beatmaps/BeatmapConversionTest.cs:line 50
   at osu.Game.Rulesets.Catch.Tests.CatchBeatmapConversionTest.Test(String name, Type[] mods) in /app/osu.Game.Rulesets.Catch.Tests/CatchBeatmapConversionTest.cs:line 58
   at InvokeStub_CatchBeatmapConversionTest.Test(Object, Span`1)

68)    at osu.Game.Tests.Beatmaps.BeatmapConversionTest`2.<>c__DisplayClass4_1.<Test>b__2() in /app/osu.Game/Tests/Beatmaps/BeatmapConversionTest.cs:line 98
   at NUnit.Framework.Assert.Multiple(TestDelegate testDelegate)
   at osu.Game.Tests.Beatmaps.BeatmapConversionTest`2.<>c__DisplayClass4_0.<Test>b__1() in /app/osu.Game/Tests/Beatmaps/BeatmapConversionTest.cs:line 77
   at NUnit.Framework.Assert.Multiple(TestDelegate testDelegate)
   at osu.Game.Tests.Beatmaps.BeatmapConversionTest`2.Test(String name, Type[] mods) in /app/osu.Game/Tests/Beatmaps/BeatmapConversionTest.cs:line 50
   at osu.Game.Rulesets.Catch.Tests.CatchBeatmapConversionTest.Test(String name, Type[] mods) in /app/osu.Game.Rulesets.Catch.Tests/CatchBeatmapConversionTest.cs:line 58
   at InvokeStub_CatchBeatmapConversionTest.Test(Object, Span`1)

69)    at osu.Game.Tests.Beatmaps.BeatmapConversionTest`2.<>c__DisplayClass4_1.<Test>b__2() in /app/osu.Game/Tests/Beatmaps/BeatmapConversionTest.cs:line 98
   at NUnit.Framework.Assert.Multiple(TestDelegate testDelegate)
   at osu.Game.Tests.Beatmaps.BeatmapConversionTest`2.<>c__DisplayClass4_0.<Test>b__1() in /app/osu.Game/Tests/Beatmaps/BeatmapConversionTest.cs:line 77
   at NUnit.Framework.Assert.Multiple(TestDelegate testDelegate)
   at osu.Game.Tests.Beatmaps.BeatmapConversionTest`2.Test(String name, Type[] mods) in /app/osu.Game/Tests/Beatmaps/BeatmapConversionTest.cs:line 50
   at osu.Game.Rulesets.Catch.Tests.CatchBeatmapConversionTest.Test(String name, Type[] mods) in /app/osu.Game.Rulesets.Catch.Tests/CatchBeatmapConversionTest.cs:line 58
   at InvokeStub_CatchBeatmapConversionTest.Test(Object, Span`1)

70)    at osu.Game.Tests.Beatmaps.BeatmapConversionTest`2.<>c__DisplayClass4_1.<Test>b__2() in /app/osu.Game/Tests/Beatmaps/BeatmapConversionTest.cs:line 98
   at NUnit.Framework.Assert.Multiple(TestDelegate testDelegate)
   at osu.Game.Tests.Beatmaps.BeatmapConversionTest`2.<>c__DisplayClass4_0.<Test>b__1() in /app/osu.Game/Tests/Beatmaps/BeatmapConversionTest.cs:line 77
   at NUnit.Framework.Assert.Multiple(TestDelegate testDelegate)
   at osu.Game.Tests.Beatmaps.BeatmapConversionTest`2.Test(String name, Type[] mods) in /app/osu.Game/Tests/Beatmaps/BeatmapConversionTest.cs:line 50
   at osu.Game.Rulesets.Catch.Tests.CatchBeatmapConversionTest.Test(String name, Type[] mods) in /app/osu.Game.Rulesets.Catch.Tests/CatchBeatmapConversionTest.cs:line 58
   at InvokeStub_CatchBeatmapConversionTest.Test(Object, Span`1)

71)    at osu.Game.Tests.Beatmaps.BeatmapConversionTest`2.<>c__DisplayClass4_1.<Test>b__2() in /app/osu.Game/Tests/Beatmaps/BeatmapConversionTest.cs:line 98
   at NUnit.Framework.Assert.Multiple(TestDelegate testDelegate)
   at osu.Game.Tests.Beatmaps.BeatmapConversionTest`2.<>c__DisplayClass4_0.<Test>b__1() in /app/osu.Game/Tests/Beatmaps/BeatmapConversionTest.cs:line 77
   at NUnit.Framework.Assert.Multiple(TestDelegate testDelegate)
   at osu.Game.Tests.Beatmaps.BeatmapConversionTest`2.Test(String name, Type[] mods) in /app/osu.Game/Tests/Beatmaps/BeatmapConversionTest.cs:line 50
   at osu.Game.Rulesets.Catch.Tests.CatchBeatmapConversionTest.Test(String name, Type[] mods) in /app/osu.Game.Rulesets.Catch.Tests/CatchBeatmapConversionTest.cs:line 58
   at InvokeStub_CatchBeatmapConversionTest.Test(Object, Span`1)

72)    at osu.Game.Tests.Beatmaps.BeatmapConversionTest`2.<>c__DisplayClass4_1.<Test>b__2() in /app/osu.Game/Tests/Beatmaps/BeatmapConversionTest.cs:line 98
   at NUnit.Framework.Assert.Multiple(TestDelegate testDelegate)
   at osu.Game.Tests.Beatmaps.BeatmapConversionTest`2.<>c__DisplayClass4_0.<Test>b__1() in /app/osu.Game/Tests/Beatmaps/BeatmapConversionTest.cs:line 77
   at NUnit.Framework.Assert.Multiple(TestDelegate testDelegate)
   at osu.Game.Tests.Beatmaps.BeatmapConversionTest`2.Test(String name, Type[] mods) in /app/osu.Game/Tests/Beatmaps/BeatmapConversionTest.cs:line 50
   at osu.Game.Rulesets.Catch.Tests.CatchBeatmapConversionTest.Test(String name, Type[] mods) in /app/osu.Game.Rulesets.Catch.Tests/CatchBeatmapConversionTest.cs:line 58
   at InvokeStub_CatchBeatmapConversionTest.Test(Object, Span`1)

73)    at osu.Game.Tests.Beatmaps.BeatmapConversionTest`2.<>c__DisplayClass4_1.<Test>b__2() in /app/osu.Game/Tests/Beatmaps/BeatmapConversionTest.cs:line 98
   at NUnit.Framework.Assert.Multiple(TestDelegate testDelegate)
   at osu.Game.Tests.Beatmaps.BeatmapConversionTest`2.<>c__DisplayClass4_0.<Test>b__1() in /app/osu.Game/Tests/Beatmaps/BeatmapConversionTest.cs:line 77
   at NUnit.Framework.Assert.Multiple(TestDelegate testDelegate)
   at osu.Game.Tests.Beatmaps.BeatmapConversionTest`2.Test(String name, Type[] mods) in /app/osu.Game/Tests/Beatmaps/BeatmapConversionTest.cs:line 50
   at osu.Game.Rulesets.Catch.Tests.CatchBeatmapConversionTest.Test(String name, Type[] mods) in /app/osu.Game.Rulesets.Catch.Tests/CatchBeatmapConversionTest.cs:line 58
   at InvokeStub_CatchBeatmapConversionTest.Test(Object, Span`1)

74)    at osu.Game.Tests.Beatmaps.BeatmapConversionTest`2.<>c__DisplayClass4_1.<Test>b__2() in /app/osu.Game/Tests/Beatmaps/BeatmapConversionTest.cs:line 98
   at NUnit.Framework.Assert.Multiple(TestDelegate testDelegate)
   at osu.Game.Tests.Beatmaps.BeatmapConversionTest`2.<>c__DisplayClass4_0.<Test>b__1() in /app/osu.Game/Tests/Beatmaps/BeatmapConversionTest.cs:line 77
   at NUnit.Framework.Assert.Multiple(TestDelegate testDelegate)
   at osu.Game.Tests.Beatmaps.BeatmapConversionTest`2.Test(String name, Type[] mods) in /app/osu.Game/Tests/Beatmaps/BeatmapConversionTest.cs:line 50
   at osu.Game.Rulesets.Catch.Tests.CatchBeatmapConversionTest.Test(String name, Type[] mods) in /app/osu.Game.Rulesets.Catch.Tests/CatchBeatmapConversionTest.cs:line 58
   at InvokeStub_CatchBeatmapConversionTest.Test(Object, Span`1)

75)    at osu.Game.Tests.Beatmaps.BeatmapConversionTest`2.<>c__DisplayClass4_1.<Test>b__2() in /app/osu.Game/Tests/Beatmaps/BeatmapConversionTest.cs:line 98
   at NUnit.Framework.Assert.Multiple(TestDelegate testDelegate)
   at osu.Game.Tests.Beatmaps.BeatmapConversionTest`2.<>c__DisplayClass4_0.<Test>b__1() in /app/osu.Game/Tests/Beatmaps/BeatmapConversionTest.cs:line 77
   at NUnit.Framework.Assert.Multiple(TestDelegate testDelegate)
   at osu.Game.Tests.Beatmaps.BeatmapConversionTest`2.Test(String name, Type[] mods) in /app/osu.Game/Tests/Beatmaps/BeatmapConversionTest.cs:line 50
   at osu.Game.Rulesets.Catch.Tests.CatchBeatmapConversionTest.Test(String name, Type[] mods) in /app/osu.Game.Rulesets.Catch.Tests/CatchBeatmapConversionTest.cs:line 58
   at InvokeStub_CatchBeatmapConversionTest.Test(Object, Span`1)

76)    at osu.Game.Tests.Beatmaps.BeatmapConversionTest`2.<>c__DisplayClass4_1.<Test>b__2() in /app/osu.Game/Tests/Beatmaps/BeatmapConversionTest.cs:line 98
   at NUnit.Framework.Assert.Multiple(TestDelegate testDelegate)
   at osu.Game.Tests.Beatmaps.BeatmapConversionTest`2.<>c__DisplayClass4_0.<Test>b__1() in /app/osu.Game/Tests/Beatmaps/BeatmapConversionTest.cs:line 77
   at NUnit.Framework.Assert.Multiple(TestDelegate testDelegate)
   at osu.Game.Tests.Beatmaps.BeatmapConversionTest`2.Test(String name, Type[] mods) in /app/osu.Game/Tests/Beatmaps/BeatmapConversionTest.cs:line 50
   at osu.Game.Rulesets.Catch.Tests.CatchBeatmapConversionTest.Test(String name, Type[] mods) in /app/osu.Game.Rulesets.Catch.Tests/CatchBeatmapConversionTest.cs:line 58
   at InvokeStub_CatchBeatmapConversionTest.Test(Object, Span`1)

77)    at osu.Game.Tests.Beatmaps.BeatmapConversionTest`2.<>c__DisplayClass4_1.<Test>b__2() in /app/osu.Game/Tests/Beatmaps/BeatmapConversionTest.cs:line 98
   at NUnit.Framework.Assert.Multiple(TestDelegate testDelegate)
   at osu.Game.Tests.Beatmaps.BeatmapConversionTest`2.<>c__DisplayClass4_0.<Test>b__1() in /app/osu.Game/Tests/Beatmaps/BeatmapConversionTest.cs:line 77
   at NUnit.Framework.Assert.Multiple(TestDelegate testDelegate)
   at osu.Game.Tests.Beatmaps.BeatmapConversionTest`2.Test(String name, Type[] mods) in /app/osu.Game/Tests/Beatmaps/BeatmapConversionTest.cs:line 50
   at osu.Game.Rulesets.Catch.Tests.CatchBeatmapConversionTest.Test(String name, Type[] mods) in /app/osu.Game.Rulesets.Catch.Tests/CatchBeatmapConversionTest.cs:line 58
   at InvokeStub_CatchBeatmapConversionTest.Test(Object, Span`1)

78)    at osu.Game.Tests.Beatmaps.BeatmapConversionTest`2.<>c__DisplayClass4_1.<Test>b__2() in /app/osu.Game/Tests/Beatmaps/BeatmapConversionTest.cs:line 98
   at NUnit.Framework.Assert.Multiple(TestDelegate testDelegate)
   at osu.Game.Tests.Beatmaps.BeatmapConversionTest`2.<>c__DisplayClass4_0.<Test>b__1() in /app/osu.Game/Tests/Beatmaps/BeatmapConversionTest.cs:line 77
   at NUnit.Framework.Assert.Multiple(TestDelegate testDelegate)
   at osu.Game.Tests.Beatmaps.BeatmapConversionTest`2.Test(String name, Type[] mods) in /app/osu.Game/Tests/Beatmaps/BeatmapConversionTest.cs:line 50
   at osu.Game.Rulesets.Catch.Tests.CatchBeatmapConversionTest.Test(String name, Type[] mods) in /app/osu.Game.Rulesets.Catch.Tests/CatchBeatmapConversionTest.cs:line 58
   at InvokeStub_CatchBeatmapConversionTest.Test(Object, Span`1)

79)    at osu.Game.Tests.Beatmaps.BeatmapConversionTest`2.<>c__DisplayClass4_1.<Test>b__2() in /app/osu.Game/Tests/Beatmaps/BeatmapConversionTest.cs:line 98
   at NUnit.Framework.Assert.Multiple(TestDelegate testDelegate)
   at osu.Game.Tests.Beatmaps.BeatmapConversionTest`2.<>c__DisplayClass4_0.<Test>b__1() in /app/osu.Game/Tests/Beatmaps/BeatmapConversionTest.cs:line 77
   at NUnit.Framework.Assert.Multiple(TestDelegate testDelegate)
   at osu.Game.Tests.Beatmaps.BeatmapConversionTest`2.Test(String name, Type[] mods) in /app/osu.Game/Tests/Beatmaps/BeatmapConversionTest.cs:line 50
   at osu.Game.Rulesets.Catch.Tests.CatchBeatmapConversionTest.Test(String name, Type[] mods) in /app/osu.Game.Rulesets.Catch.Tests/CatchBeatmapConversionTest.cs:line 58
   at InvokeStub_CatchBeatmapConversionTest.Test(Object, Span`1)

80)    at osu.Game.Tests.Beatmaps.BeatmapConversionTest`2.<>c__DisplayClass4_1.<Test>b__2() in /app/osu.Game/Tests/Beatmaps/BeatmapConversionTest.cs:line 98
   at NUnit.Framework.Assert.Multiple(TestDelegate testDelegate)
   at osu.Game.Tests.Beatmaps.BeatmapConversionTest`2.<>c__DisplayClass4_0.<Test>b__1() in /app/osu.Game/Tests/Beatmaps/BeatmapConversionTest.cs:line 77
   at NUnit.Framework.Assert.Multiple(TestDelegate testDelegate)
   at osu.Game.Tests.Beatmaps.BeatmapConversionTest`2.Test(String name, Type[] mods) in /app/osu.Game/Tests/Beatmaps/BeatmapConversionTest.cs:line 50
   at osu.Game.Rulesets.Catch.Tests.CatchBeatmapConversionTest.Test(String name, Type[] mods) in /app/osu.Game.Rulesets.Catch.Tests/CatchBeatmapConversionTest.cs:line 58
   at InvokeStub_CatchBeatmapConversionTest.Test(Object, Span`1)

81)    at osu.Game.Tests.Beatmaps.BeatmapConversionTest`2.<>c__DisplayClass4_1.<Test>b__2() in /app/osu.Game/Tests/Beatmaps/BeatmapConversionTest.cs:line 98
   at NUnit.Framework.Assert.Multiple(TestDelegate testDelegate)
   at osu.Game.Tests.Beatmaps.BeatmapConversionTest`2.<>c__DisplayClass4_0.<Test>b__1() in /app/osu.Game/Tests/Beatmaps/BeatmapConversionTest.cs:line 77
   at NUnit.Framework.Assert.Multiple(TestDelegate testDelegate)
   at osu.Game.Tests.Beatmaps.BeatmapConversionTest`2.Test(String name, Type[] mods) in /app/osu.Game/Tests/Beatmaps/BeatmapConversionTest.cs:line 50
   at osu.Game.Rulesets.Catch.Tests.CatchBeatmapConversionTest.Test(String name, Type[] mods) in /app/osu.Game.Rulesets.Catch.Tests/CatchBeatmapConversionTest.cs:line 58
   at InvokeStub_CatchBeatmapConversionTest.Test(Object, Span`1)

82)    at osu.Game.Tests.Beatmaps.BeatmapConversionTest`2.<>c__DisplayClass4_1.<Test>b__2() in /app/osu.Game/Tests/Beatmaps/BeatmapConversionTest.cs:line 98
   at NUnit.Framework.Assert.Multiple(TestDelegate testDelegate)
   at osu.Game.Tests.Beatmaps.BeatmapConversionTest`2.<>c__DisplayClass4_0.<Test>b__1() in /app/osu.Game/Tests/Beatmaps/BeatmapConversionTest.cs:line 77
   at NUnit.Framework.Assert.Multiple(TestDelegate testDelegate)
   at osu.Game.Tests.Beatmaps.BeatmapConversionTest`2.Test(String name, Type[] mods) in /app/osu.Game/Tests/Beatmaps/BeatmapConversionTest.cs:line 50
   at osu.Game.Rulesets.Catch.Tests.CatchBeatmapConversionTest.Test(String name, Type[] mods) in /app/osu.Game.Rulesets.Catch.Tests/CatchBeatmapConversionTest.cs:line 58
   at InvokeStub_CatchBeatmapConversionTest.Test(Object, Span`1)

83)    at osu.Game.Tests.Beatmaps.BeatmapConversionTest`2.<>c__DisplayClass4_1.<Test>b__2() in /app/osu.Game/Tests/Beatmaps/BeatmapConversionTest.cs:line 98
   at NUnit.Framework.Assert.Multiple(TestDelegate testDelegate)
   at osu.Game.Tests.Beatmaps.BeatmapConversionTest`2.<>c__DisplayClass4_0.<Test>b__1() in /app/osu.Game/Tests/Beatmaps/BeatmapConversionTest.cs:line 77
   at NUnit.Framework.Assert.Multiple(TestDelegate testDelegate)
   at osu.Game.Tests.Beatmaps.BeatmapConversionTest`2.Test(String name, Type[] mods) in /app/osu.Game/Tests/Beatmaps/BeatmapConversionTest.cs:line 50
   at osu.Game.Rulesets.Catch.Tests.CatchBeatmapConversionTest.Test(String name, Type[] mods) in /app/osu.Game.Rulesets.Catch.Tests/CatchBeatmapConversionTest.cs:line 58
   at InvokeStub_CatchBeatmapConversionTest.Test(Object, Span`1)

84)    at osu.Game.Tests.Beatmaps.BeatmapConversionTest`2.<>c__DisplayClass4_1.<Test>b__2() in /app/osu.Game/Tests/Beatmaps/BeatmapConversionTest.cs:line 98
   at NUnit.Framework.Assert.Multiple(TestDelegate testDelegate)
   at osu.Game.Tests.Beatmaps.BeatmapConversionTest`2.<>c__DisplayClass4_0.<Test>b__1() in /app/osu.Game/Tests/Beatmaps/BeatmapConversionTest.cs:line 77
   at NUnit.Framework.Assert.Multiple(TestDelegate testDelegate)
   at osu.Game.Tests.Beatmaps.BeatmapConversionTest`2.Test(String name, Type[] mods) in /app/osu.Game/Tests/Beatmaps/BeatmapConversionTest.cs:line 50
   at osu.Game.Rulesets.Catch.Tests.CatchBeatmapConversionTest.Test(String name, Type[] mods) in /app/osu.Game.Rulesets.Catch.Tests/CatchBeatmapConversionTest.cs:line 58
   at InvokeStub_CatchBeatmapConversionTest.Test(Object, Span`1)

85)    at osu.Game.Tests.Beatmaps.BeatmapConversionTest`2.<>c__DisplayClass4_1.<Test>b__2() in /app/osu.Game/Tests/Beatmaps/BeatmapConversionTest.cs:line 98
   at NUnit.Framework.Assert.Multiple(TestDelegate testDelegate)
   at osu.Game.Tests.Beatmaps.BeatmapConversionTest`2.<>c__DisplayClass4_0.<Test>b__1() in /app/osu.Game/Tests/Beatmaps/BeatmapConversionTest.cs:line 77
   at NUnit.Framework.Assert.Multiple(TestDelegate testDelegate)
   at osu.Game.Tests.Beatmaps.BeatmapConversionTest`2.Test(String name, Type[] mods) in /app/osu.Game/Tests/Beatmaps/BeatmapConversionTest.cs:line 50
   at osu.Game.Rulesets.Catch.Tests.CatchBeatmapConversionTest.Test(String name, Type[] mods) in /app/osu.Game.Rulesets.Catch.Tests/CatchBeatmapConversionTest.cs:line 58
   at InvokeStub_CatchBeatmapConversionTest.Test(Object, Span`1)

86)    at osu.Game.Tests.Beatmaps.BeatmapConversionTest`2.<>c__DisplayClass4_1.<Test>b__2() in /app/osu.Game/Tests/Beatmaps/BeatmapConversionTest.cs:line 98
   at NUnit.Framework.Assert.Multiple(TestDelegate testDelegate)
   at osu.Game.Tests.Beatmaps.BeatmapConversionTest`2.<>c__DisplayClass4_0.<Test>b__1() in /app/osu.Game/Tests/Beatmaps/BeatmapConversionTest.cs:line 77
   at NUnit.Framework.Assert.Multiple(TestDelegate testDelegate)
   at osu.Game.Tests.Beatmaps.BeatmapConversionTest`2.Test(String name, Type[] mods) in /app/osu.Game/Tests/Beatmaps/BeatmapConversionTest.cs:line 50
   at osu.Game.Rulesets.Catch.Tests.CatchBeatmapConversionTest.Test(String name, Type[] mods) in /app/osu.Game.Rulesets.Catch.Tests/CatchBeatmapConversionTest.cs:line 58
   at InvokeStub_CatchBeatmapConversionTest.Test(Object, Span`1)

87)    at osu.Game.Tests.Beatmaps.BeatmapConversionTest`2.<>c__DisplayClass4_1.<Test>b__2() in /app/osu.Game/Tests/Beatmaps/BeatmapConversionTest.cs:line 98
   at NUnit.Framework.Assert.Multiple(TestDelegate testDelegate)
   at osu.Game.Tests.Beatmaps.BeatmapConversionTest`2.<>c__DisplayClass4_0.<Test>b__1() in /app/osu.Game/Tests/Beatmaps/BeatmapConversionTest.cs:line 77
   at NUnit.Framework.Assert.Multiple(TestDelegate testDelegate)
   at osu.Game.Tests.Beatmaps.BeatmapConversionTest`2.Test(String name, Type[] mods) in /app/osu.Game/Tests/Beatmaps/BeatmapConversionTest.cs:line 50
   at osu.Game.Rulesets.Catch.Tests.CatchBeatmapConversionTest.Test(String name, Type[] mods) in /app/osu.Game.Rulesets.Catch.Tests/CatchBeatmapConversionTest.cs:line 58
   at InvokeStub_CatchBeatmapConversionTest.Test(Object, Span`1)

88)    at osu.Game.Tests.Beatmaps.BeatmapConversionTest`2.<>c__DisplayClass4_1.<Test>b__2() in /app/osu.Game/Tests/Beatmaps/BeatmapConversionTest.cs:line 98
   at NUnit.Framework.Assert.Multiple(TestDelegate testDelegate)
   at osu.Game.Tests.Beatmaps.BeatmapConversionTest`2.<>c__DisplayClass4_0.<Test>b__1() in /app/osu.Game/Tests/Beatmaps/BeatmapConversionTest.cs:line 77
   at NUnit.Framework.Assert.Multiple(TestDelegate testDelegate)
   at osu.Game.Tests.Beatmaps.BeatmapConversionTest`2.Test(String name, Type[] mods) in /app/osu.Game/Tests/Beatmaps/BeatmapConversionTest.cs:line 50
   at osu.Game.Rulesets.Catch.Tests.CatchBeatmapConversionTest.Test(String name, Type[] mods) in /app/osu.Game.Rulesets.Catch.Tests/CatchBeatmapConversionTest.cs:line 58
   at InvokeStub_CatchBeatmapConversionTest.Test(Object, Span`1)

89)    at osu.Game.Tests.Beatmaps.BeatmapConversionTest`2.<>c__DisplayClass4_1.<Test>b__2() in /app/osu.Game/Tests/Beatmaps/BeatmapConversionTest.cs:line 98
   at NUnit.Framework.Assert.Multiple(TestDelegate testDelegate)
   at osu.Game.Tests.Beatmaps.BeatmapConversionTest`2.<>c__DisplayClass4_0.<Test>b__1() in /app/osu.Game/Tests/Beatmaps/BeatmapConversionTest.cs:line 77
   at NUnit.Framework.Assert.Multiple(TestDelegate testDelegate)
   at osu.Game.Tests.Beatmaps.BeatmapConversionTest`2.Test(String name, Type[] mods) in /app/osu.Game/Tests/Beatmaps/BeatmapConversionTest.cs:line 50
   at osu.Game.Rulesets.Catch.Tests.CatchBeatmapConversionTest.Test(String name, Type[] mods) in /app/osu.Game.Rulesets.Catch.Tests/CatchBeatmapConversionTest.cs:line 58
   at InvokeStub_CatchBeatmapConversionTest.Test(Object, Span`1)

90)    at osu.Game.Tests.Beatmaps.BeatmapConversionTest`2.<>c__DisplayClass4_1.<Test>b__2() in /app/osu.Game/Tests/Beatmaps/BeatmapConversionTest.cs:line 98
   at NUnit.Framework.Assert.Multiple(TestDelegate testDelegate)
   at osu.Game.Tests.Beatmaps.BeatmapConversionTest`2.<>c__DisplayClass4_0.<Test>b__1() in /app/osu.Game/Tests/Beatmaps/BeatmapConversionTest.cs:line 77
   at NUnit.Framework.Assert.Multiple(TestDelegate testDelegate)
   at osu.Game.Tests.Beatmaps.BeatmapConversionTest`2.Test(String name, Type[] mods) in /app/osu.Game/Tests/Beatmaps/BeatmapConversionTest.cs:line 50
   at osu.Game.Rulesets.Catch.Tests.CatchBeatmapConversionTest.Test(String name, Type[] mods) in /app/osu.Game.Rulesets.Catch.Tests/CatchBeatmapConversionTest.cs:line 58
   at InvokeStub_CatchBeatmapConversionTest.Test(Object, Span`1)

91)    at osu.Game.Tests.Beatmaps.BeatmapConversionTest`2.<>c__DisplayClass4_1.<Test>b__2() in /app/osu.Game/Tests/Beatmaps/BeatmapConversionTest.cs:line 98
   at NUnit.Framework.Assert.Multiple(TestDelegate testDelegate)
   at osu.Game.Tests.Beatmaps.BeatmapConversionTest`2.<>c__DisplayClass4_0.<Test>b__1() in /app/osu.Game/Tests/Beatmaps/BeatmapConversionTest.cs:line 77
   at NUnit.Framework.Assert.Multiple(TestDelegate testDelegate)
   at osu.Game.Tests.Beatmaps.BeatmapConversionTest`2.Test(String name, Type[] mods) in /app/osu.Game/Tests/Beatmaps/BeatmapConversionTest.cs:line 50
   at osu.Game.Rulesets.Catch.Tests.CatchBeatmapConversionTest.Test(String name, Type[] mods) in /app/osu.Game.Rulesets.Catch.Tests/CatchBeatmapConversionTest.cs:line 58
   at InvokeStub_CatchBeatmapConversionTest.Test(Object, Span`1)

92)    at osu.Game.Tests.Beatmaps.BeatmapConversionTest`2.<>c__DisplayClass4_1.<Test>b__2() in /app/osu.Game/Tests/Beatmaps/BeatmapConversionTest.cs:line 98
   at NUnit.Framework.Assert.Multiple(TestDelegate testDelegate)
   at osu.Game.Tests.Beatmaps.BeatmapConversionTest`2.<>c__DisplayClass4_0.<Test>b__1() in /app/osu.Game/Tests/Beatmaps/BeatmapConversionTest.cs:line 77
   at NUnit.Framework.Assert.Multiple(TestDelegate testDelegate)
   at osu.Game.Tests.Beatmaps.BeatmapConversionTest`2.Test(String name, Type[] mods) in /app/osu.Game/Tests/Beatmaps/BeatmapConversionTest.cs:line 50
   at osu.Game.Rulesets.Catch.Tests.CatchBeatmapConversionTest.Test(String name, Type[] mods) in /app/osu.Game.Rulesets.Catch.Tests/CatchBeatmapConversionTest.cs:line 58
   at InvokeStub_CatchBeatmapConversionTest.Test(Object, Span`1)

93)    at osu.Game.Tests.Beatmaps.BeatmapConversionTest`2.<>c__DisplayClass4_1.<Test>b__2() in /app/osu.Game/Tests/Beatmaps/BeatmapConversionTest.cs:line 98
   at NUnit.Framework.Assert.Multiple(TestDelegate testDelegate)
   at osu.Game.Tests.Beatmaps.BeatmapConversionTest`2.<>c__DisplayClass4_0.<Test>b__1() in /app/osu.Game/Tests/Beatmaps/BeatmapConversionTest.cs:line 77
   at NUnit.Framework.Assert.Multiple(TestDelegate testDelegate)
   at osu.Game.Tests.Beatmaps.BeatmapConversionTest`2.Test(String name, Type[] mods) in /app/osu.Game/Tests/Beatmaps/BeatmapConversionTest.cs:line 50
   at osu.Game.Rulesets.Catch.Tests.CatchBeatmapConversionTest.Test(String name, Type[] mods) in /app/osu.Game.Rulesets.Catch.Tests/CatchBeatmapConversionTest.cs:line 58
   at InvokeStub_CatchBeatmapConversionTest.Test(Object, Span`1)

94)    at osu.Game.Tests.Beatmaps.BeatmapConversionTest`2.<>c__DisplayClass4_1.<Test>b__2() in /app/osu.Game/Tests/Beatmaps/BeatmapConversionTest.cs:line 98
   at NUnit.Framework.Assert.Multiple(TestDelegate testDelegate)
   at osu.Game.Tests.Beatmaps.BeatmapConversionTest`2.<>c__DisplayClass4_0.<Test>b__1() in /app/osu.Game/Tests/Beatmaps/BeatmapConversionTest.cs:line 77
   at NUnit.Framework.Assert.Multiple(TestDelegate testDelegate)
   at osu.Game.Tests.Beatmaps.BeatmapConversionTest`2.Test(String name, Type[] mods) in /app/osu.Game/Tests/Beatmaps/BeatmapConversionTest.cs:line 50
   at osu.Game.Rulesets.Catch.Tests.CatchBeatmapConversionTest.Test(String name, Type[] mods) in /app/osu.Game.Rulesets.Catch.Tests/CatchBeatmapConversionTest.cs:line 58
   at InvokeStub_CatchBeatmapConversionTest.Test(Object, Span`1)

95)    at osu.Game.Tests.Beatmaps.BeatmapConversionTest`2.<>c__DisplayClass4_1.<Test>b__2() in /app/osu.Game/Tests/Beatmaps/BeatmapConversionTest.cs:line 98
   at NUnit.Framework.Assert.Multiple(TestDelegate testDelegate)
   at osu.Game.Tests.Beatmaps.BeatmapConversionTest`2.<>c__DisplayClass4_0.<Test>b__1() in /app/osu.Game/Tests/Beatmaps/BeatmapConversionTest.cs:line 77
   at NUnit.Framework.Assert.Multiple(TestDelegate testDelegate)
   at osu.Game.Tests.Beatmaps.BeatmapConversionTest`2.Test(String name, Type[] mods) in /app/osu.Game/Tests/Beatmaps/BeatmapConversionTest.cs:line 50
   at osu.Game.Rulesets.Catch.Tests.CatchBeatmapConversionTest.Test(String name, Type[] mods) in /app/osu.Game.Rulesets.Catch.Tests/CatchBeatmapConversionTest.cs:line 58
   at InvokeStub_CatchBeatmapConversionTest.Test(Object, Span`1)

96)    at osu.Game.Tests.Beatmaps.BeatmapConversionTest`2.<>c__DisplayClass4_1.<Test>b__2() in /app/osu.Game/Tests/Beatmaps/BeatmapConversionTest.cs:line 98
   at NUnit.Framework.Assert.Multiple(TestDelegate testDelegate)
   at osu.Game.Tests.Beatmaps.BeatmapConversionTest`2.<>c__DisplayClass4_0.<Test>b__1() in /app/osu.Game/Tests/Beatmaps/BeatmapConversionTest.cs:line 77
   at NUnit.Framework.Assert.Multiple(TestDelegate testDelegate)
   at osu.Game.Tests.Beatmaps.BeatmapConversionTest`2.Test(String name, Type[] mods) in /app/osu.Game/Tests/Beatmaps/BeatmapConversionTest.cs:line 50
   at osu.Game.Rulesets.Catch.Tests.CatchBeatmapConversionTest.Test(String name, Type[] mods) in /app/osu.Game.Rulesets.Catch.Tests/CatchBeatmapConversionTest.cs:line 58
   at InvokeStub_CatchBeatmapConversionTest.Test(Object, Span`1)

97)    at osu.Game.Tests.Beatmaps.BeatmapConversionTest`2.<>c__DisplayClass4_1.<Test>b__2() in /app/osu.Game/Tests/Beatmaps/BeatmapConversionTest.cs:line 98
   at NUnit.Framework.Assert.Multiple(TestDelegate testDelegate)
   at osu.Game.Tests.Beatmaps.BeatmapConversionTest`2.<>c__DisplayClass4_0.<Test>b__1() in /app/osu.Game/Tests/Beatmaps/BeatmapConversionTest.cs:line 77
   at NUnit.Framework.Assert.Multiple(TestDelegate testDelegate)
   at osu.Game.Tests.Beatmaps.BeatmapConversionTest`2.Test(String name, Type[] mods) in /app/osu.Game/Tests/Beatmaps/BeatmapConversionTest.cs:line 50
   at osu.Game.Rulesets.Catch.Tests.CatchBeatmapConversionTest.Test(String name, Type[] mods) in /app/osu.Game.Rulesets.Catch.Tests/CatchBeatmapConversionTest.cs:line 58
   at InvokeStub_CatchBeatmapConversionTest.Test(Object, Span`1)

98)    at osu.Game.Tests.Beatmaps.BeatmapConversionTest`2.<>c__DisplayClass4_1.<Test>b__2() in /app/osu.Game/Tests/Beatmaps/BeatmapConversionTest.cs:line 98
   at NUnit.Framework.Assert.Multiple(TestDelegate testDelegate)
   at osu.Game.Tests.Beatmaps.BeatmapConversionTest`2.<>c__DisplayClass4_0.<Test>b__1() in /app/osu.Game/Tests/Beatmaps/BeatmapConversionTest.cs:line 77
   at NUnit.Framework.Assert.Multiple(TestDelegate testDelegate)
   at osu.Game.Tests.Beatmaps.BeatmapConversionTest`2.Test(String name, Type[] mods) in /app/osu.Game/Tests/Beatmaps/BeatmapConversionTest.cs:line 50
   at osu.Game.Rulesets.Catch.Tests.CatchBeatmapConversionTest.Test(String name, Type[] mods) in /app/osu.Game.Rulesets.Catch.Tests/CatchBeatmapConversionTest.cs:line 58
   at InvokeStub_CatchBeatmapConversionTest.Test(Object, Span`1)

99)    at osu.Game.Tests.Beatmaps.BeatmapConversionTest`2.<>c__DisplayClass4_1.<Test>b__2() in /app/osu.Game/Tests/Beatmaps/BeatmapConversionTest.cs:line 98
   at NUnit.Framework.Assert.Multiple(TestDelegate testDelegate)
   at osu.Game.Tests.Beatmaps.BeatmapConversionTest`2.<>c__DisplayClass4_0.<Test>b__1() in /app/osu.Game/Tests/Beatmaps/BeatmapConversionTest.cs:line 77
   at NUnit.Framework.Assert.Multiple(TestDelegate testDelegate)
   at osu.Game.Tests.Beatmaps.BeatmapConversionTest`2.Test(String name, Type[] mods) in /app/osu.Game/Tests/Beatmaps/BeatmapConversionTest.cs:line 50
   at osu.Game.Rulesets.Catch.Tests.CatchBeatmapConversionTest.Test(String name, Type[] mods) in /app/osu.Game.Rulesets.Catch.Tests/CatchBeatmapConversionTest.cs:line 58
   at InvokeStub_CatchBeatmapConversionTest.Test(Object, Span`1)

100)    at osu.Game.Tests.Beatmaps.BeatmapConversionTest`2.<>c__DisplayClass4_1.<Test>b__2() in /app/osu.Game/Tests/Beatmaps/BeatmapConversionTest.cs:line 98
   at NUnit.Framework.Assert.Multiple(TestDelegate testDelegate)
   at osu.Game.Tests.Beatmaps.BeatmapConversionTest`2.<>c__DisplayClass4_0.<Test>b__1() in /app/osu.Game/Tests/Beatmaps/BeatmapConversionTest.cs:line 77
   at NUnit.Framework.Assert.Multiple(TestDelegate testDelegate)
   at osu.Game.Tests.Beatmaps.BeatmapConversionTest`2.Test(String name, Type[] mods) in /app/osu.Game/Tests/Beatmaps/BeatmapConversionTest.cs:line 50
   at osu.Game.Rulesets.Catch.Tests.CatchBeatmapConversionTest.Test(String name, Type[] mods) in /app/osu.Game.Rulesets.Catch.Tests/CatchBeatmapConversionTest.cs:line 58
   at InvokeStub_CatchBeatmapConversionTest.Test(Object, Span`1)

101)    at osu.Game.Tests.Beatmaps.BeatmapConversionTest`2.<>c__DisplayClass4_1.<Test>b__2() in /app/osu.Game/Tests/Beatmaps/BeatmapConversionTest.cs:line 98
   at NUnit.Framework.Assert.Multiple(TestDelegate testDelegate)
   at osu.Game.Tests.Beatmaps.BeatmapConversionTest`2.<>c__DisplayClass4_0.<Test>b__1() in /app/osu.Game/Tests/Beatmaps/BeatmapConversionTest.cs:line 77
   at NUnit.Framework.Assert.Multiple(TestDelegate testDelegate)
   at osu.Game.Tests.Beatmaps.BeatmapConversionTest`2.Test(String name, Type[] mods) in /app/osu.Game/Tests/Beatmaps/BeatmapConversionTest.cs:line 50
   at osu.Game.Rulesets.Catch.Tests.CatchBeatmapConversionTest.Test(String name, Type[] mods) in /app/osu.Game.Rulesets.Catch.Tests/CatchBeatmapConversionTest.cs:line 58
   at InvokeStub_CatchBeatmapConversionTest.Test(Object, Span`1)

102)    at osu.Game.Tests.Beatmaps.BeatmapConversionTest`2.<>c__DisplayClass4_1.<Test>b__2() in /app/osu.Game/Tests/Beatmaps/BeatmapConversionTest.cs:line 98
   at NUnit.Framework.Assert.Multiple(TestDelegate testDelegate)
   at osu.Game.Tests.Beatmaps.BeatmapConversionTest`2.<>c__DisplayClass4_0.<Test>b__1() in /app/osu.Game/Tests/Beatmaps/BeatmapConversionTest.cs:line 77
   at NUnit.Framework.Assert.Multiple(TestDelegate testDelegate)
   at osu.Game.Tests.Beatmaps.BeatmapConversionTest`2.Test(String name, Type[] mods) in /app/osu.Game/Tests/Beatmaps/BeatmapConversionTest.cs:line 50
   at osu.Game.Rulesets.Catch.Tests.CatchBeatmapConversionTest.Test(String name, Type[] mods) in /app/osu.Game.Rulesets.Catch.Tests/CatchBeatmapConversionTest.cs:line 58
   at InvokeStub_CatchBeatmapConversionTest.Test(Object, Span`1)

103)    at osu.Game.Tests.Beatmaps.BeatmapConversionTest`2.<>c__DisplayClass4_1.<Test>b__2() in /app/osu.Game/Tests/Beatmaps/BeatmapConversionTest.cs:line 98
   at NUnit.Framework.Assert.Multiple(TestDelegate testDelegate)
   at osu.Game.Tests.Beatmaps.BeatmapConversionTest`2.<>c__DisplayClass4_0.<Test>b__1() in /app/osu.Game/Tests/Beatmaps/BeatmapConversionTest.cs:line 77
   at NUnit.Framework.Assert.Multiple(TestDelegate testDelegate)
   at osu.Game.Tests.Beatmaps.BeatmapConversionTest`2.Test(String name, Type[] mods) in /app/osu.Game/Tests/Beatmaps/BeatmapConversionTest.cs:line 50
   at osu.Game.Rulesets.Catch.Tests.CatchBeatmapConversionTest.Test(String name, Type[] mods) in /app/osu.Game.Rulesets.Catch.Tests/CatchBeatmapConversionTest.cs:line 58
   at InvokeStub_CatchBeatmapConversionTest.Test(Object, Span`1)

104)    at osu.Game.Tests.Beatmaps.BeatmapConversionTest`2.<>c__DisplayClass4_1.<Test>b__2() in /app/osu.Game/Tests/Beatmaps/BeatmapConversionTest.cs:line 98
   at NUnit.Framework.Assert.Multiple(TestDelegate testDelegate)
   at osu.Game.Tests.Beatmaps.BeatmapConversionTest`2.<>c__DisplayClass4_0.<Test>b__1() in /app/osu.Game/Tests/Beatmaps/BeatmapConversionTest.cs:line 77
   at NUnit.Framework.Assert.Multiple(TestDelegate testDelegate)
   at osu.Game.Tests.Beatmaps.BeatmapConversionTest`2.Test(String name, Type[] mods) in /app/osu.Game/Tests/Beatmaps/BeatmapConversionTest.cs:line 50
   at osu.Game.Rulesets.Catch.Tests.CatchBeatmapConversionTest.Test(String name, Type[] mods) in /app/osu.Game.Rulesets.Catch.Tests/CatchBeatmapConversionTest.cs:line 58
   at InvokeStub_CatchBeatmapConversionTest.Test(Object, Span`1)

105)    at osu.Game.Tests.Beatmaps.BeatmapConversionTest`2.<>c__DisplayClass4_1.<Test>b__2() in /app/osu.Game/Tests/Beatmaps/BeatmapConversionTest.cs:line 98
   at NUnit.Framework.Assert.Multiple(TestDelegate testDelegate)
   at osu.Game.Tests.Beatmaps.BeatmapConversionTest`2.<>c__DisplayClass4_0.<Test>b__1() in /app/osu.Game/Tests/Beatmaps/BeatmapConversionTest.cs:line 77
   at NUnit.Framework.Assert.Multiple(TestDelegate testDelegate)
   at osu.Game.Tests.Beatmaps.BeatmapConversionTest`2.Test(String name, Type[] mods) in /app/osu.Game/Tests/Beatmaps/BeatmapConversionTest.cs:line 50
   at osu.Game.Rulesets.Catch.Tests.CatchBeatmapConversionTest.Test(String name, Type[] mods) in /app/osu.Game.Rulesets.Catch.Tests/CatchBeatmapConversionTest.cs:line 58
   at InvokeStub_CatchBeatmapConversionTest.Test(Object, Span`1)

106)    at osu.Game.Tests.Beatmaps.BeatmapConversionTest`2.<>c__DisplayClass4_1.<Test>b__2() in /app/osu.Game/Tests/Beatmaps/BeatmapConversionTest.cs:line 98
   at NUnit.Framework.Assert.Multiple(TestDelegate testDelegate)
   at osu.Game.Tests.Beatmaps.BeatmapConversionTest`2.<>c__DisplayClass4_0.<Test>b__1() in /app/osu.Game/Tests/Beatmaps/BeatmapConversionTest.cs:line 77
   at NUnit.Framework.Assert.Multiple(TestDelegate testDelegate)
   at osu.Game.Tests.Beatmaps.BeatmapConversionTest`2.Test(String name, Type[] mods) in /app/osu.Game/Tests/Beatmaps/BeatmapConversionTest.cs:line 50
   at osu.Game.Rulesets.Catch.Tests.CatchBeatmapConversionTest.Test(String name, Type[] mods) in /app/osu.Game.Rulesets.Catch.Tests/CatchBeatmapConversionTest.cs:line 58
   at InvokeStub_CatchBeatmapConversionTest.Test(Object, Span`1)

107)    at osu.Game.Tests.Beatmaps.BeatmapConversionTest`2.<>c__DisplayClass4_1.<Test>b__2() in /app/osu.Game/Tests/Beatmaps/BeatmapConversionTest.cs:line 98
   at NUnit.Framework.Assert.Multiple(TestDelegate testDelegate)
   at osu.Game.Tests.Beatmaps.BeatmapConversionTest`2.<>c__DisplayClass4_0.<Test>b__1() in /app/osu.Game/Tests/Beatmaps/BeatmapConversionTest.cs:line 77
   at NUnit.Framework.Assert.Multiple(TestDelegate testDelegate)
   at osu.Game.Tests.Beatmaps.BeatmapConversionTest`2.Test(String name, Type[] mods) in /app/osu.Game/Tests/Beatmaps/BeatmapConversionTest.cs:line 50
   at osu.Game.Rulesets.Catch.Tests.CatchBeatmapConversionTest.Test(String name, Type[] mods) in /app/osu.Game.Rulesets.Catch.Tests/CatchBeatmapConversionTest.cs:line 58
   at InvokeStub_CatchBeatmapConversionTest.Test(Object, Span`1)

108)    at osu.Game.Tests.Beatmaps.BeatmapConversionTest`2.<>c__DisplayClass4_1.<Test>b__2() in /app/osu.Game/Tests/Beatmaps/BeatmapConversionTest.cs:line 98
   at NUnit.Framework.Assert.Multiple(TestDelegate testDelegate)
   at osu.Game.Tests.Beatmaps.BeatmapConversionTest`2.<>c__DisplayClass4_0.<Test>b__1() in /app/osu.Game/Tests/Beatmaps/BeatmapConversionTest.cs:line 77
   at NUnit.Framework.Assert.Multiple(TestDelegate testDelegate)
   at osu.Game.Tests.Beatmaps.BeatmapConversionTest`2.Test(String name, Type[] mods) in /app/osu.Game/Tests/Beatmaps/BeatmapConversionTest.cs:line 50
   at osu.Game.Rulesets.Catch.Tests.CatchBeatmapConversionTest.Test(String name, Type[] mods) in /app/osu.Game.Rulesets.Catch.Tests/CatchBeatmapConversionTest.cs:line 58
   at InvokeStub_CatchBeatmapConversionTest.Test(Object, Span`1)

109)    at osu.Game.Tests.Beatmaps.BeatmapConversionTest`2.<>c__DisplayClass4_1.<Test>b__2() in /app/osu.Game/Tests/Beatmaps/BeatmapConversionTest.cs:line 98
   at NUnit.Framework.Assert.Multiple(TestDelegate testDelegate)
   at osu.Game.Tests.Beatmaps.BeatmapConversionTest`2.<>c__DisplayClass4_0.<Test>b__1() in /app/osu.Game/Tests/Beatmaps/BeatmapConversionTest.cs:line 77
   at NUnit.Framework.Assert.Multiple(TestDelegate testDelegate)
   at osu.Game.Tests.Beatmaps.BeatmapConversionTest`2.Test(String name, Type[] mods) in /app/osu.Game/Tests/Beatmaps/BeatmapConversionTest.cs:line 50
   at osu.Game.Rulesets.Catch.Tests.CatchBeatmapConversionTest.Test(String name, Type[] mods) in /app/osu.Game.Rulesets.Catch.Tests/CatchBeatmapConversionTest.cs:line 58
   at InvokeStub_CatchBeatmapConversionTest.Test(Object, Span`1)

110)    at osu.Game.Tests.Beatmaps.BeatmapConversionTest`2.<>c__DisplayClass4_1.<Test>b__2() in /app/osu.Game/Tests/Beatmaps/BeatmapConversionTest.cs:line 98
   at NUnit.Framework.Assert.Multiple(TestDelegate testDelegate)
   at osu.Game.Tests.Beatmaps.BeatmapConversionTest`2.<>c__DisplayClass4_0.<Test>b__1() in /app/osu.Game/Tests/Beatmaps/BeatmapConversionTest.cs:line 77
   at NUnit.Framework.Assert.Multiple(TestDelegate testDelegate)
   at osu.Game.Tests.Beatmaps.BeatmapConversionTest`2.Test(String name, Type[] mods) in /app/osu.Game/Tests/Beatmaps/BeatmapConversionTest.cs:line 50
   at osu.Game.Rulesets.Catch.Tests.CatchBeatmapConversionTest.Test(String name, Type[] mods) in /app/osu.Game.Rulesets.Catch.Tests/CatchBeatmapConversionTest.cs:line 58
   at InvokeStub_CatchBeatmapConversionTest.Test(Object, Span`1)

111)    at osu.Game.Tests.Beatmaps.BeatmapConversionTest`2.<>c__DisplayClass4_1.<Test>b__2() in /app/osu.Game/Tests/Beatmaps/BeatmapConversionTest.cs:line 98
   at NUnit.Framework.Assert.Multiple(TestDelegate testDelegate)
   at osu.Game.Tests.Beatmaps.BeatmapConversionTest`2.<>c__DisplayClass4_0.<Test>b__1() in /app/osu.Game/Tests/Beatmaps/BeatmapConversionTest.cs:line 77
   at NUnit.Framework.Assert.Multiple(TestDelegate testDelegate)
   at osu.Game.Tests.Beatmaps.BeatmapConversionTest`2.Test(String name, Type[] mods) in /app/osu.Game/Tests/Beatmaps/BeatmapConversionTest.cs:line 50
   at osu.Game.Rulesets.Catch.Tests.CatchBeatmapConversionTest.Test(String name, Type[] mods) in /app/osu.Game.Rulesets.Catch.Tests/CatchBeatmapConversionTest.cs:line 58
   at InvokeStub_CatchBeatmapConversionTest.Test(Object, Span`1)

112)    at osu.Game.Tests.Beatmaps.BeatmapConversionTest`2.<>c__DisplayClass4_1.<Test>b__2() in /app/osu.Game/Tests/Beatmaps/BeatmapConversionTest.cs:line 98
   at NUnit.Framework.Assert.Multiple(TestDelegate testDelegate)
   at osu.Game.Tests.Beatmaps.BeatmapConversionTest`2.<>c__DisplayClass4_0.<Test>b__1() in /app/osu.Game/Tests/Beatmaps/BeatmapConversionTest.cs:line 77
   at NUnit.Framework.Assert.Multiple(TestDelegate testDelegate)
   at osu.Game.Tests.Beatmaps.BeatmapConversionTest`2.Test(String name, Type[] mods) in /app/osu.Game/Tests/Beatmaps/BeatmapConversionTest.cs:line 50
   at osu.Game.Rulesets.Catch.Tests.CatchBeatmapConversionTest.Test(String name, Type[] mods) in /app/osu.Game.Rulesets.Catch.Tests/CatchBeatmapConversionTest.cs:line 58
   at InvokeStub_CatchBeatmapConversionTest.Test(Object, Span`1)

113)    at osu.Game.Tests.Beatmaps.BeatmapConversionTest`2.<>c__DisplayClass4_1.<Test>b__2() in /app/osu.Game/Tests/Beatmaps/BeatmapConversionTest.cs:line 98
   at NUnit.Framework.Assert.Multiple(TestDelegate testDelegate)
   at osu.Game.Tests.Beatmaps.BeatmapConversionTest`2.<>c__DisplayClass4_0.<Test>b__1() in /app/osu.Game/Tests/Beatmaps/BeatmapConversionTest.cs:line 77
   at NUnit.Framework.Assert.Multiple(TestDelegate testDelegate)
   at osu.Game.Tests.Beatmaps.BeatmapConversionTest`2.Test(String name, Type[] mods) in /app/osu.Game/Tests/Beatmaps/BeatmapConversionTest.cs:line 50
   at osu.Game.Rulesets.Catch.Tests.CatchBeatmapConversionTest.Test(String name, Type[] mods) in /app/osu.Game.Rulesets.Catch.Tests/CatchBeatmapConversionTest.cs:line 58
   at InvokeStub_CatchBeatmapConversionTest.Test(Object, Span`1)

114)    at osu.Game.Tests.Beatmaps.BeatmapConversionTest`2.<>c__DisplayClass4_1.<Test>b__2() in /app/osu.Game/Tests/Beatmaps/BeatmapConversionTest.cs:line 98
   at NUnit.Framework.Assert.Multiple(TestDelegate testDelegate)
   at osu.Game.Tests.Beatmaps.BeatmapConversionTest`2.<>c__DisplayClass4_0.<Test>b__1() in /app/osu.Game/Tests/Beatmaps/BeatmapConversionTest.cs:line 77
   at NUnit.Framework.Assert.Multiple(TestDelegate testDelegate)
   at osu.Game.Tests.Beatmaps.BeatmapConversionTest`2.Test(String name, Type[] mods) in /app/osu.Game/Tests/Beatmaps/BeatmapConversionTest.cs:line 50
   at osu.Game.Rulesets.Catch.Tests.CatchBeatmapConversionTest.Test(String name, Type[] mods) in /app/osu.Game.Rulesets.Catch.Tests/CatchBeatmapConversionTest.cs:line 58
   at InvokeStub_CatchBeatmapConversionTest.Test(Object, Span`1)

115)    at osu.Game.Tests.Beatmaps.BeatmapConversionTest`2.<>c__DisplayClass4_1.<Test>b__2() in /app/osu.Game/Tests/Beatmaps/BeatmapConversionTest.cs:line 98
   at NUnit.Framework.Assert.Multiple(TestDelegate testDelegate)
   at osu.Game.Tests.Beatmaps.BeatmapConversionTest`2.<>c__DisplayClass4_0.<Test>b__1() in /app/osu.Game/Tests/Beatmaps/BeatmapConversionTest.cs:line 77
   at NUnit.Framework.Assert.Multiple(TestDelegate testDelegate)
   at osu.Game.Tests.Beatmaps.BeatmapConversionTest`2.Test(String name, Type[] mods) in /app/osu.Game/Tests/Beatmaps/BeatmapConversionTest.cs:line 50
   at osu.Game.Rulesets.Catch.Tests.CatchBeatmapConversionTest.Test(String name, Type[] mods) in /app/osu.Game.Rulesets.Catch.Tests/CatchBeatmapConversionTest.cs:line 58
   at InvokeStub_CatchBeatmapConversionTest.Test(Object, Span`1)

116)    at osu.Game.Tests.Beatmaps.BeatmapConversionTest`2.<>c__DisplayClass4_1.<Test>b__2() in /app/osu.Game/Tests/Beatmaps/BeatmapConversionTest.cs:line 98
   at NUnit.Framework.Assert.Multiple(TestDelegate testDelegate)
   at osu.Game.Tests.Beatmaps.BeatmapConversionTest`2.<>c__DisplayClass4_0.<Test>b__1() in /app/osu.Game/Tests/Beatmaps/BeatmapConversionTest.cs:line 77
   at NUnit.Framework.Assert.Multiple(TestDelegate testDelegate)
   at osu.Game.Tests.Beatmaps.BeatmapConversionTest`2.Test(String name, Type[] mods) in /app/osu.Game/Tests/Beatmaps/BeatmapConversionTest.cs:line 50
   at osu.Game.Rulesets.Catch.Tests.CatchBeatmapConversionTest.Test(String name, Type[] mods) in /app/osu.Game.Rulesets.Catch.Tests/CatchBeatmapConversionTest.cs:line 58
   at InvokeStub_CatchBeatmapConversionTest.Test(Object, Span`1)

117)    at osu.Game.Tests.Beatmaps.BeatmapConversionTest`2.<>c__DisplayClass4_1.<Test>b__2() in /app/osu.Game/Tests/Beatmaps/BeatmapConversionTest.cs:line 98
   at NUnit.Framework.Assert.Multiple(TestDelegate testDelegate)
   at osu.Game.Tests.Beatmaps.BeatmapConversionTest`2.<>c__DisplayClass4_0.<Test>b__1() in /app/osu.Game/Tests/Beatmaps/BeatmapConversionTest.cs:line 77
   at NUnit.Framework.Assert.Multiple(TestDelegate testDelegate)
   at osu.Game.Tests.Beatmaps.BeatmapConversionTest`2.Test(String name, Type[] mods) in /app/osu.Game/Tests/Beatmaps/BeatmapConversionTest.cs:line 50
   at osu.Game.Rulesets.Catch.Tests.CatchBeatmapConversionTest.Test(String name, Type[] mods) in /app/osu.Game.Rulesets.Catch.Tests/CatchBeatmapConversionTest.cs:line 58
   at InvokeStub_CatchBeatmapConversionTest.Test(Object, Span`1)

118)    at osu.Game.Tests.Beatmaps.BeatmapConversionTest`2.<>c__DisplayClass4_1.<Test>b__2() in /app/osu.Game/Tests/Beatmaps/BeatmapConversionTest.cs:line 98
   at NUnit.Framework.Assert.Multiple(TestDelegate testDelegate)
   at osu.Game.Tests.Beatmaps.BeatmapConversionTest`2.<>c__DisplayClass4_0.<Test>b__1() in /app/osu.Game/Tests/Beatmaps/BeatmapConversionTest.cs:line 77
   at NUnit.Framework.Assert.Multiple(TestDelegate testDelegate)
   at osu.Game.Tests.Beatmaps.BeatmapConversionTest`2.Test(String name, Type[] mods) in /app/osu.Game/Tests/Beatmaps/BeatmapConversionTest.cs:line 50
   at osu.Game.Rulesets.Catch.Tests.CatchBeatmapConversionTest.Test(String name, Type[] mods) in /app/osu.Game.Rulesets.Catch.Tests/CatchBeatmapConversionTest.cs:line 58
   at InvokeStub_CatchBeatmapConversionTest.Test(Object, Span`1)

119)    at osu.Game.Tests.Beatmaps.BeatmapConversionTest`2.<>c__DisplayClass4_1.<Test>b__2() in /app/osu.Game/Tests/Beatmaps/BeatmapConversionTest.cs:line 98
   at NUnit.Framework.Assert.Multiple(TestDelegate testDelegate)
   at osu.Game.Tests.Beatmaps.BeatmapConversionTest`2.<>c__DisplayClass4_0.<Test>b__1() in /app/osu.Game/Tests/Beatmaps/BeatmapConversionTest.cs:line 77
   at NUnit.Framework.Assert.Multiple(TestDelegate testDelegate)
   at osu.Game.Tests.Beatmaps.BeatmapConversionTest`2.Test(String name, Type[] mods) in /app/osu.Game/Tests/Beatmaps/BeatmapConversionTest.cs:line 50
   at osu.Game.Rulesets.Catch.Tests.CatchBeatmapConversionTest.Test(String name, Type[] mods) in /app/osu.Game.Rulesets.Catch.Tests/CatchBeatmapConversionTest.cs:line 58
   at InvokeStub_CatchBeatmapConversionTest.Test(Object, Span`1)

120)    at osu.Game.Tests.Beatmaps.BeatmapConversionTest`2.<>c__DisplayClass4_1.<Test>b__2() in /app/osu.Game/Tests/Beatmaps/BeatmapConversionTest.cs:line 98
   at NUnit.Framework.Assert.Multiple(TestDelegate testDelegate)
   at osu.Game.Tests.Beatmaps.BeatmapConversionTest`2.<>c__DisplayClass4_0.<Test>b__1() in /app/osu.Game/Tests/Beatmaps/BeatmapConversionTest.cs:line 77
   at NUnit.Framework.Assert.Multiple(TestDelegate testDelegate)
   at osu.Game.Tests.Beatmaps.BeatmapConversionTest`2.Test(String name, Type[] mods) in /app/osu.Game/Tests/Beatmaps/BeatmapConversionTest.cs:line 50
   at osu.Game.Rulesets.Catch.Tests.CatchBeatmapConversionTest.Test(String name, Type[] mods) in /app/osu.Game.Rulesets.Catch.Tests/CatchBeatmapConversionTest.cs:line 58
   at InvokeStub_CatchBeatmapConversionTest.Test(Object, Span`1)

121)    at osu.Game.Tests.Beatmaps.BeatmapConversionTest`2.<>c__DisplayClass4_1.<Test>b__2() in /app/osu.Game/Tests/Beatmaps/BeatmapConversionTest.cs:line 98
   at NUnit.Framework.Assert.Multiple(TestDelegate testDelegate)
   at osu.Game.Tests.Beatmaps.BeatmapConversionTest`2.<>c__DisplayClass4_0.<Test>b__1() in /app/osu.Game/Tests/Beatmaps/BeatmapConversionTest.cs:line 77
   at NUnit.Framework.Assert.Multiple(TestDelegate testDelegate)
   at osu.Game.Tests.Beatmaps.BeatmapConversionTest`2.Test(String name, Type[] mods) in /app/osu.Game/Tests/Beatmaps/BeatmapConversionTest.cs:line 50
   at osu.Game.Rulesets.Catch.Tests.CatchBeatmapConversionTest.Test(String name, Type[] mods) in /app/osu.Game.Rulesets.Catch.Tests/CatchBeatmapConversionTest.cs:line 58
   at InvokeStub_CatchBeatmapConversionTest.Test(Object, Span`1)

122)    at osu.Game.Tests.Beatmaps.BeatmapConversionTest`2.<>c__DisplayClass4_1.<Test>b__2() in /app/osu.Game/Tests/Beatmaps/BeatmapConversionTest.cs:line 98
   at NUnit.Framework.Assert.Multiple(TestDelegate testDelegate)
   at osu.Game.Tests.Beatmaps.BeatmapConversionTest`2.<>c__DisplayClass4_0.<Test>b__1() in /app/osu.Game/Tests/Beatmaps/BeatmapConversionTest.cs:line 77
   at NUnit.Framework.Assert.Multiple(TestDelegate testDelegate)
   at osu.Game.Tests.Beatmaps.BeatmapConversionTest`2.Test(String name, Type[] mods) in /app/osu.Game/Tests/Beatmaps/BeatmapConversionTest.cs:line 50
   at osu.Game.Rulesets.Catch.Tests.CatchBeatmapConversionTest.Test(String name, Type[] mods) in /app/osu.Game.Rulesets.Catch.Tests/CatchBeatmapConversionTest.cs:line 58
   at InvokeStub_CatchBeatmapConversionTest.Test(Object, Span`1)

123)    at osu.Game.Tests.Beatmaps.BeatmapConversionTest`2.<>c__DisplayClass4_1.<Test>b__2() in /app/osu.Game/Tests/Beatmaps/BeatmapConversionTest.cs:line 98
   at NUnit.Framework.Assert.Multiple(TestDelegate testDelegate)
   at osu.Game.Tests.Beatmaps.BeatmapConversionTest`2.<>c__DisplayClass4_0.<Test>b__1() in /app/osu.Game/Tests/Beatmaps/BeatmapConversionTest.cs:line 77
   at NUnit.Framework.Assert.Multiple(TestDelegate testDelegate)
   at osu.Game.Tests.Beatmaps.BeatmapConversionTest`2.Test(String name, Type[] mods) in /app/osu.Game/Tests/Beatmaps/BeatmapConversionTest.cs:line 50
   at osu.Game.Rulesets.Catch.Tests.CatchBeatmapConversionTest.Test(String name, Type[] mods) in /app/osu.Game.Rulesets.Catch.Tests/CatchBeatmapConversionTest.cs:line 58
   at InvokeStub_CatchBeatmapConversionTest.Test(Object, Span`1)

124)    at osu.Game.Tests.Beatmaps.BeatmapConversionTest`2.<>c__DisplayClass4_1.<Test>b__2() in /app/osu.Game/Tests/Beatmaps/BeatmapConversionTest.cs:line 98
   at NUnit.Framework.Assert.Multiple(TestDelegate testDelegate)
   at osu.Game.Tests.Beatmaps.BeatmapConversionTest`2.<>c__DisplayClass4_0.<Test>b__1() in /app/osu.Game/Tests/Beatmaps/BeatmapConversionTest.cs:line 77
   at NUnit.Framework.Assert.Multiple(TestDelegate testDelegate)
   at osu.Game.Tests.Beatmaps.BeatmapConversionTest`2.Test(String name, Type[] mods) in /app/osu.Game/Tests/Beatmaps/BeatmapConversionTest.cs:line 50
   at osu.Game.Rulesets.Catch.Tests.CatchBeatmapConversionTest.Test(String name, Type[] mods) in /app/osu.Game.Rulesets.Catch.Tests/CatchBeatmapConversionTest.cs:line 58
   at InvokeStub_CatchBeatmapConversionTest.Test(Object, Span`1)

125)    at osu.Game.Tests.Beatmaps.BeatmapConversionTest`2.<>c__DisplayClass4_1.<Test>b__2() in /app/osu.Game/Tests/Beatmaps/BeatmapConversionTest.cs:line 98
   at NUnit.Framework.Assert.Multiple(TestDelegate testDelegate)
   at osu.Game.Tests.Beatmaps.BeatmapConversionTest`2.<>c__DisplayClass4_0.<Test>b__1() in /app/osu.Game/Tests/Beatmaps/BeatmapConversionTest.cs:line 77
   at NUnit.Framework.Assert.Multiple(TestDelegate testDelegate)
   at osu.Game.Tests.Beatmaps.BeatmapConversionTest`2.Test(String name, Type[] mods) in /app/osu.Game/Tests/Beatmaps/BeatmapConversionTest.cs:line 50
   at osu.Game.Rulesets.Catch.Tests.CatchBeatmapConversionTest.Test(String name, Type[] mods) in /app/osu.Game.Rulesets.Catch.Tests/CatchBeatmapConversionTest.cs:line 58
   at InvokeStub_CatchBeatmapConversionTest.Test(Object, Span`1)

126)    at osu.Game.Tests.Beatmaps.BeatmapConversionTest`2.<>c__DisplayClass4_1.<Test>b__2() in /app/osu.Game/Tests/Beatmaps/BeatmapConversionTest.cs:line 98
   at NUnit.Framework.Assert.Multiple(TestDelegate testDelegate)
   at osu.Game.Tests.Beatmaps.BeatmapConversionTest`2.<>c__DisplayClass4_0.<Test>b__1() in /app/osu.Game/Tests/Beatmaps/BeatmapConversionTest.cs:line 77
   at NUnit.Framework.Assert.Multiple(TestDelegate testDelegate)
   at osu.Game.Tests.Beatmaps.BeatmapConversionTest`2.Test(String name, Type[] mods) in /app/osu.Game/Tests/Beatmaps/BeatmapConversionTest.cs:line 50
   at osu.Game.Rulesets.Catch.Tests.CatchBeatmapConversionTest.Test(String name, Type[] mods) in /app/osu.Game.Rulesets.Catch.Tests/CatchBeatmapConversionTest.cs:line 58
   at InvokeStub_CatchBeatmapConversionTest.Test(Object, Span`1)

127)    at osu.Game.Tests.Beatmaps.BeatmapConversionTest`2.<>c__DisplayClass4_1.<Test>b__2() in /app/osu.Game/Tests/Beatmaps/BeatmapConversionTest.cs:line 98
   at NUnit.Framework.Assert.Multiple(TestDelegate testDelegate)
   at osu.Game.Tests.Beatmaps.BeatmapConversionTest`2.<>c__DisplayClass4_0.<Test>b__1() in /app/osu.Game/Tests/Beatmaps/BeatmapConversionTest.cs:line 77
   at NUnit.Framework.Assert.Multiple(TestDelegate testDelegate)
   at osu.Game.Tests.Beatmaps.BeatmapConversionTest`2.Test(String name, Type[] mods) in /app/osu.Game/Tests/Beatmaps/BeatmapConversionTest.cs:line 50
   at osu.Game.Rulesets.Catch.Tests.CatchBeatmapConversionTest.Test(String name, Type[] mods) in /app/osu.Game.Rulesets.Catch.Tests/CatchBeatmapConversionTest.cs:line 58
   at InvokeStub_CatchBeatmapConversionTest.Test(Object, Span`1)

128)    at osu.Game.Tests.Beatmaps.BeatmapConversionTest`2.<>c__DisplayClass4_1.<Test>b__2() in /app/osu.Game/Tests/Beatmaps/BeatmapConversionTest.cs:line 98
   at NUnit.Framework.Assert.Multiple(TestDelegate testDelegate)
   at osu.Game.Tests.Beatmaps.BeatmapConversionTest`2.<>c__DisplayClass4_0.<Test>b__1() in /app/osu.Game/Tests/Beatmaps/BeatmapConversionTest.cs:line 77
   at NUnit.Framework.Assert.Multiple(TestDelegate testDelegate)
   at osu.Game.Tests.Beatmaps.BeatmapConversionTest`2.Test(String name, Type[] mods) in /app/osu.Game/Tests/Beatmaps/BeatmapConversionTest.cs:line 50
   at osu.Game.Rulesets.Catch.Tests.CatchBeatmapConversionTest.Test(String name, Type[] mods) in /app/osu.Game.Rulesets.Catch.Tests/CatchBeatmapConversionTest.cs:line 58
   at InvokeStub_CatchBeatmapConversionTest.Test(Object, Span`1)

129)    at osu.Game.Tests.Beatmaps.BeatmapConversionTest`2.<>c__DisplayClass4_1.<Test>b__2() in /app/osu.Game/Tests/Beatmaps/BeatmapConversionTest.cs:line 98
   at NUnit.Framework.Assert.Multiple(TestDelegate testDelegate)
   at osu.Game.Tests.Beatmaps.BeatmapConversionTest`2.<>c__DisplayClass4_0.<Test>b__1() in /app/osu.Game/Tests/Beatmaps/BeatmapConversionTest.cs:line 77
   at NUnit.Framework.Assert.Multiple(TestDelegate testDelegate)
   at osu.Game.Tests.Beatmaps.BeatmapConversionTest`2.Test(String name, Type[] mods) in /app/osu.Game/Tests/Beatmaps/BeatmapConversionTest.cs:line 50
   at osu.Game.Rulesets.Catch.Tests.CatchBeatmapConversionTest.Test(String name, Type[] mods) in /app/osu.Game.Rulesets.Catch.Tests/CatchBeatmapConversionTest.cs:line 58
   at InvokeStub_CatchBeatmapConversionTest.Test(Object, Span`1)

130)    at osu.Game.Tests.Beatmaps.BeatmapConversionTest`2.<>c__DisplayClass4_1.<Test>b__2() in /app/osu.Game/Tests/Beatmaps/BeatmapConversionTest.cs:line 98
   at NUnit.Framework.Assert.Multiple(TestDelegate testDelegate)
   at osu.Game.Tests.Beatmaps.BeatmapConversionTest`2.<>c__DisplayClass4_0.<Test>b__1() in /app/osu.Game/Tests/Beatmaps/BeatmapConversionTest.cs:line 77
   at NUnit.Framework.Assert.Multiple(TestDelegate testDelegate)
   at osu.Game.Tests.Beatmaps.BeatmapConversionTest`2.Test(String name, Type[] mods) in /app/osu.Game/Tests/Beatmaps/BeatmapConversionTest.cs:line 50
   at osu.Game.Rulesets.Catch.Tests.CatchBeatmapConversionTest.Test(String name, Type[] mods) in /app/osu.Game.Rulesets.Catch.Tests/CatchBeatmapConversionTest.cs:line 58
   at InvokeStub_CatchBeatmapConversionTest.Test(Object, Span`1)

131)    at osu.Game.Tests.Beatmaps.BeatmapConversionTest`2.<>c__DisplayClass4_1.<Test>b__2() in /app/osu.Game/Tests/Beatmaps/BeatmapConversionTest.cs:line 98
   at NUnit.Framework.Assert.Multiple(TestDelegate testDelegate)
   at osu.Game.Tests.Beatmaps.BeatmapConversionTest`2.<>c__DisplayClass4_0.<Test>b__1() in /app/osu.Game/Tests/Beatmaps/BeatmapConversionTest.cs:line 77
   at NUnit.Framework.Assert.Multiple(TestDelegate testDelegate)
   at osu.Game.Tests.Beatmaps.BeatmapConversionTest`2.Test(String name, Type[] mods) in /app/osu.Game/Tests/Beatmaps/BeatmapConversionTest.cs:line 50
   at osu.Game.Rulesets.Catch.Tests.CatchBeatmapConversionTest.Test(String name, Type[] mods) in /app/osu.Game.Rulesets.Catch.Tests/CatchBeatmapConversionTest.cs:line 58
   at InvokeStub_CatchBeatmapConversionTest.Test(Object, Span`1)

132)    at osu.Game.Tests.Beatmaps.BeatmapConversionTest`2.<>c__DisplayClass4_1.<Test>b__2() in /app/osu.Game/Tests/Beatmaps/BeatmapConversionTest.cs:line 98
   at NUnit.Framework.Assert.Multiple(TestDelegate testDelegate)
   at osu.Game.Tests.Beatmaps.BeatmapConversionTest`2.<>c__DisplayClass4_0.<Test>b__1() in /app/osu.Game/Tests/Beatmaps/BeatmapConversionTest.cs:line 77
   at NUnit.Framework.Assert.Multiple(TestDelegate testDelegate)
   at osu.Game.Tests.Beatmaps.BeatmapConversionTest`2.Test(String name, Type[] mods) in /app/osu.Game/Tests/Beatmaps/BeatmapConversionTest.cs:line 50
   at osu.Game.Rulesets.Catch.Tests.CatchBeatmapConversionTest.Test(String name, Type[] mods) in /app/osu.Game.Rulesets.Catch.Tests/CatchBeatmapConversionTest.cs:line 58
   at InvokeStub_CatchBeatmapConversionTest.Test(Object, Span`1)

133)    at osu.Game.Tests.Beatmaps.BeatmapConversionTest`2.<>c__DisplayClass4_1.<Test>b__2() in /app/osu.Game/Tests/Beatmaps/BeatmapConversionTest.cs:line 98
   at NUnit.Framework.Assert.Multiple(TestDelegate testDelegate)
   at osu.Game.Tests.Beatmaps.BeatmapConversionTest`2.<>c__DisplayClass4_0.<Test>b__1() in /app/osu.Game/Tests/Beatmaps/BeatmapConversionTest.cs:line 77
   at NUnit.Framework.Assert.Multiple(TestDelegate testDelegate)
   at osu.Game.Tests.Beatmaps.BeatmapConversionTest`2.Test(String name, Type[] mods) in /app/osu.Game/Tests/Beatmaps/BeatmapConversionTest.cs:line 50
   at osu.Game.Rulesets.Catch.Tests.CatchBeatmapConversionTest.Test(String name, Type[] mods) in /app/osu.Game.Rulesets.Catch.Tests/CatchBeatmapConversionTest.cs:line 58
   at InvokeStub_CatchBeatmapConversionTest.Test(Object, Span`1)


  Failed Test("1431386",[osu.Game.Rulesets.Catch.Mods.CatchModDoubleTime, osu.Game.Rulesets.Catch.Mods.CatchModHardRock, osu.Game.Rulesets.Catch.Mods.CatchModHidden]) [571 ms]
  Error Message:
   Multiple failures or warnings in test:
  1) The conversion generated differing hitobjects for object at time: 11280:
Expected: {"StartTime":11280.0,"Position":263.0,"HyperDash":false}
Received: {"StartTime":11280.0,"Position":184.0,"HyperDash":false}

  2) The conversion generated differing hitobjects for object at time: 14414:
Expected: {"StartTime":14414.0,"Position":371.0,"HyperDash":false}
Received: {"StartTime":14414.0,"Position":251.0,"HyperDash":false}

  3) The conversion generated differing hitobjects for object at time: 16205:
Expected: {"StartTime":16205.0,"Position":128.0,"HyperDash":false}
Received: {"StartTime":16205.0,"Position":251.0,"HyperDash":false}

  4) The conversion generated differing hitobjects for object at time: 32325:
Expected: {"StartTime":32325.0,"Position":365.0,"HyperDash":false}
Received: {"StartTime":32325.0,"Position":510.0,"HyperDash":false}

  5) The conversion generated differing hitobjects for object at time: 37474:
Expected: {"StartTime":37474.0,"Position":278.0,"HyperDash":false}
Received: {"StartTime":37474.0,"Position":220.0,"HyperDash":false}

  6) The conversion generated differing hitobjects for object at time: 43071:
Expected: {"StartTime":43071.0,"Position":353.0,"HyperDash":false}
Received: {"StartTime":43071.0,"Position":291.0,"HyperDash":false}

  7) The conversion generated differing hitobjects for object at time: 45086:
Expected: {"StartTime":45086.0,"Position":328.0,"HyperDash":false}
Received: {"StartTime":45086.0,"Position":257.0,"HyperDash":false}

  8) The conversion generated differing hitobjects for object at time: 60310:
Expected: {"StartTime":60310.0,"Position":137.0,"HyperDash":false}
Received: {"StartTime":60310.0,"Position":215.0,"HyperDash":false}

  9) The conversion generated differing hitobjects for object at time: 66354:
Expected: {"StartTime":66354.0,"Position":36.0,"HyperDash":false}
Received: {"StartTime":66354.0,"Position":116.0,"HyperDash":false}

  10) The conversion generated differing hitobjects for object at time: 72847:
Expected: {"StartTime":72847.0,"Position":505.0,"HyperDash":false}
Received: {"StartTime":72847.0,"Position":425.0,"HyperDash":false}

  11) The conversion generated differing hitobjects for object at time: 75534:
Expected: {"StartTime":75534.0,"Position":381.0,"HyperDash":false}
Received: {"StartTime":75534.0,"Position":295.0,"HyperDash":false}

  12) The conversion generated differing hitobjects for object at time: 80011:
Expected: {"StartTime":80011.0,"Position":461.0,"HyperDash":false}
Received: {"StartTime":80011.0,"Position":405.0,"HyperDash":false}

  13) The conversion generated differing hitobjects for object at time: 102847:
Expected: {"StartTime":102847.0,"Position":385.0,"HyperDash":false}
Received: {"StartTime":102847.0,"Position":449.0,"HyperDash":false}

  14) The conversion generated differing hitobjects for object at time: 105757:
Expected: {"StartTime":105757.0,"Position":369.0,"HyperDash":false}
Received: {"StartTime":105757.0,"Position":240.0,"HyperDash":false}

  15) The conversion generated differing hitobjects for object at time: 112250:
Expected: {"StartTime":112250.0,"Position":326.0,"HyperDash":false}
Received: {"StartTime":112250.0,"Position":405.0,"HyperDash":false}

  16) The conversion generated differing hitobjects for object at time: 121877:
Expected: {"StartTime":121877.0,"Position":172.0,"HyperDash":false}
Received: {"StartTime":121877.0,"Position":256.0,"HyperDash":false}

  17) The conversion generated differing hitobjects for object at time: 123892:
Expected: {"StartTime":123892.0,"Position":238.0,"HyperDash":false}
Received: {"StartTime":123892.0,"Position":242.63838,"HyperDash":false}

  18) The conversion generated differing hitobjects for object at time: 126802:
Expected: {"StartTime":126802.0,"Position":75.0,"HyperDash":false}
Received: {"StartTime":126802.0,"Position":87.0,"HyperDash":false}

  19) The conversion generated differing hitobjects for object at time: 139787:
Expected: {"StartTime":139787.0,"Position":370.0,"HyperDash":false}
Received: {"StartTime":139787.0,"Position":365.45166,"HyperDash":false}

  20) The conversion generated differing hitobjects for object at time: 154339:
Expected: {"StartTime":154339.0,"Position":317.0,"HyperDash":false}
Received: {"StartTime":154339.0,"Position":413.0,"HyperDash":false}

  21) The conversion generated differing hitobjects for object at time: 161728:
Expected: {"StartTime":161728.0,"Position":481.0,"HyperDash":false}
Received: {"StartTime":161728.0,"Position":488.35944,"HyperDash":false}

  22) The conversion generated differing hitobjects for object at time: 163519:
Expected: {"StartTime":163519.0,"Position":176.0,"HyperDash":false}
Received: {"StartTime":163519.0,"Position":98.0,"HyperDash":false}

  23) The conversion generated differing hitobjects for object at time: 165310:
Expected: {"StartTime":165310.0,"Position":76.0,"HyperDash":false}
Received: {"StartTime":165310.0,"Position":274.0,"HyperDash":false}

  24) The conversion generated differing hitobjects for object at time: 168892:
Expected: {"StartTime":168892.0,"Position":70.0,"HyperDash":false}
Received: {"StartTime":168892.0,"Position":66.970566,"HyperDash":false}

  25) The conversion generated differing hitobjects for object at time: 170683:
Expected: {"StartTime":170683.0,"Position":106.0,"HyperDash":false}
Received: {"StartTime":170683.0,"Position":304.0,"HyperDash":false}

  26) The conversion generated differing hitobjects for object at time: 172474:
Expected: {"StartTime":172474.0,"Position":196.0,"HyperDash":false}
Received: {"StartTime":172474.0,"Position":108.0,"HyperDash":false}

  27) The conversion generated differing hitobjects for object at time: 174713:
Expected: {"StartTime":175384.0,"Position":148.0,"HyperDash":true}
Received: {"StartTime":175384.64179104476,"Position":148.0,"HyperDash":false}

  28) The conversion generated differing hitobjects for object at time: 175608:
Expected: {"StartTime":175608.0,"Position":439.0,"HyperDash":false}
Received: {"StartTime":175608.0,"Position":222.0,"HyperDash":false}

  29) The conversion generated differing hitobjects for object at time: 177623:
Expected: {"StartTime":177623.0,"Position":10.0,"HyperDash":false}
Received: {"StartTime":177623.0,"Position":66.0,"HyperDash":false}

  30) The conversion generated differing hitobjects for object at time: 179190:
Expected: {"StartTime":179190.0,"Position":260.0,"HyperDash":false}
Received: {"StartTime":179190.0,"Position":205.0,"HyperDash":false}

  31) The conversion generated differing hitobjects for object at time: 180981:
Expected: {"StartTime":180981.0,"Position":350.0,"HyperDash":false}
Received: {"StartTime":180981.0,"Position":411.0,"HyperDash":false}

  32) The conversion generated differing hitobjects for object at time: 182772:
Expected: {"StartTime":182772.0,"Position":156.0,"HyperDash":false}
Received: {"StartTime":182772.0,"Position":135.0,"HyperDash":false}

  33) The conversion generated differing hitobjects for object at time: 182996:
Expected: {"StartTime":182996.0,"Position":188.0,"HyperDash":false}
Received: {"StartTime":182996.0,"Position":209.0,"HyperDash":false}

  34) The conversion generated differing hitobjects for object at time: 188145:
Expected: {"StartTime":188145.0,"Position":372.0,"HyperDash":false}
Received: {"StartTime":188145.0,"Position":392.0,"HyperDash":false}

  35) The conversion generated differing hitobjects for object at time: 189936:
Expected: {"StartTime":189936.0,"Position":409.0,"HyperDash":false}
Received: {"StartTime":189936.0,"Position":270.0,"HyperDash":false}

  36) The conversion generated differing hitobjects for object at time: 202922:
Expected: {"StartTime":202922.0,"Position":370.0,"HyperDash":false}
Received: {"StartTime":202922.0,"Position":417.0,"HyperDash":false}

  37) The conversion generated differing hitobjects for object at time: 206280:
Expected: {"StartTime":206280.0,"Position":322.0,"HyperDash":false}
Received: {"StartTime":206280.0,"Position":267.0,"HyperDash":false}

  38) The conversion generated differing hitobjects for object at time: 222623:
Expected: {"StartTime":222623.0,"Position":495.0,"HyperDash":false}
Received: {"StartTime":222623.0,"Position":485.0,"HyperDash":false}

  39) The conversion generated differing hitobjects for object at time: 223966:
Expected: {"StartTime":223966.0,"Position":399.0,"HyperDash":false}
Received: {"StartTime":223966.0,"Position":467.0,"HyperDash":false}

  40) The conversion generated differing hitobjects for object at time: 234936:
Expected: {"StartTime":234936.0,"Position":214.0,"HyperDash":false}
Received: {"StartTime":234936.0,"Position":123.0,"HyperDash":false}

  41) The conversion generated differing hitobjects for object at time: 239414:
Expected: {"StartTime":239414.0,"Position":1.0,"HyperDash":false}
Received: {"StartTime":239414.0,"Position":16.0,"HyperDash":false}

  42) The conversion generated differing hitobjects for object at time: 253071:
Expected: {"StartTime":253071.0,"Position":388.0,"HyperDash":false}
Received: {"StartTime":253071.0,"Position":236.0,"HyperDash":false}

  43) The conversion generated differing hitobjects for object at time: 260235:
Expected: {"StartTime":260235.0,"Position":46.0,"HyperDash":false}
Received: {"StartTime":260235.0,"Position":219.0,"HyperDash":false}

  44) The conversion generated differing hitobjects for object at time: 266951:
Expected: {"StartTime":266951.0,"Position":146.0,"HyperDash":false}
Received: {"StartTime":266951.0,"Position":129.0,"HyperDash":false}

  45) The conversion generated differing hitobjects for object at time: 267175:
Expected: {"StartTime":267175.0,"Position":210.0,"HyperDash":false}
Received: {"StartTime":267175.0,"Position":227.0,"HyperDash":false}


  Stack Trace:
     at osu.Game.Tests.Beatmaps.BeatmapConversionTest`2.Test(String name, Type[] mods) in /app/osu.Game/Tests/Beatmaps/BeatmapConversionTest.cs:line 50
   at osu.Game.Rulesets.Catch.Tests.CatchBeatmapConversionTest.Test(String name, Type[] mods) in /app/osu.Game.Rulesets.Catch.Tests/CatchBeatmapConversionTest.cs:line 58
   at InvokeStub_CatchBeatmapConversionTest.Test(Object, Span`1)

1)    at osu.Game.Tests.Beatmaps.BeatmapConversionTest`2.<>c__DisplayClass4_1.<Test>b__2() in /app/osu.Game/Tests/Beatmaps/BeatmapConversionTest.cs:line 98
   at NUnit.Framework.Assert.Multiple(TestDelegate testDelegate)
   at osu.Game.Tests.Beatmaps.BeatmapConversionTest`2.<>c__DisplayClass4_0.<Test>b__1() in /app/osu.Game/Tests/Beatmaps/BeatmapConversionTest.cs:line 77
   at NUnit.Framework.Assert.Multiple(TestDelegate testDelegate)
   at osu.Game.Tests.Beatmaps.BeatmapConversionTest`2.Test(String name, Type[] mods) in /app/osu.Game/Tests/Beatmaps/BeatmapConversionTest.cs:line 50
   at osu.Game.Rulesets.Catch.Tests.CatchBeatmapConversionTest.Test(String name, Type[] mods) in /app/osu.Game.Rulesets.Catch.Tests/CatchBeatmapConversionTest.cs:line 58
   at InvokeStub_CatchBeatmapConversionTest.Test(Object, Span`1)

2)    at osu.Game.Tests.Beatmaps.BeatmapConversionTest`2.<>c__DisplayClass4_1.<Test>b__2() in /app/osu.Game/Tests/Beatmaps/BeatmapConversionTest.cs:line 98
   at NUnit.Framework.Assert.Multiple(TestDelegate testDelegate)
   at osu.Game.Tests.Beatmaps.BeatmapConversionTest`2.<>c__DisplayClass4_0.<Test>b__1() in /app/osu.Game/Tests/Beatmaps/BeatmapConversionTest.cs:line 77
   at NUnit.Framework.Assert.Multiple(TestDelegate testDelegate)
   at osu.Game.Tests.Beatmaps.BeatmapConversionTest`2.Test(String name, Type[] mods) in /app/osu.Game/Tests/Beatmaps/BeatmapConversionTest.cs:line 50
   at osu.Game.Rulesets.Catch.Tests.CatchBeatmapConversionTest.Test(String name, Type[] mods) in /app/osu.Game.Rulesets.Catch.Tests/CatchBeatmapConversionTest.cs:line 58
   at InvokeStub_CatchBeatmapConversionTest.Test(Object, Span`1)

3)    at osu.Game.Tests.Beatmaps.BeatmapConversionTest`2.<>c__DisplayClass4_1.<Test>b__2() in /app/osu.Game/Tests/Beatmaps/BeatmapConversionTest.cs:line 98
   at NUnit.Framework.Assert.Multiple(TestDelegate testDelegate)
   at osu.Game.Tests.Beatmaps.BeatmapConversionTest`2.<>c__DisplayClass4_0.<Test>b__1() in /app/osu.Game/Tests/Beatmaps/BeatmapConversionTest.cs:line 77
   at NUnit.Framework.Assert.Multiple(TestDelegate testDelegate)
   at osu.Game.Tests.Beatmaps.BeatmapConversionTest`2.Test(String name, Type[] mods) in /app/osu.Game/Tests/Beatmaps/BeatmapConversionTest.cs:line 50
   at osu.Game.Rulesets.Catch.Tests.CatchBeatmapConversionTest.Test(String name, Type[] mods) in /app/osu.Game.Rulesets.Catch.Tests/CatchBeatmapConversionTest.cs:line 58
   at InvokeStub_CatchBeatmapConversionTest.Test(Object, Span`1)

4)    at osu.Game.Tests.Beatmaps.BeatmapConversionTest`2.<>c__DisplayClass4_1.<Test>b__2() in /app/osu.Game/Tests/Beatmaps/BeatmapConversionTest.cs:line 98
   at NUnit.Framework.Assert.Multiple(TestDelegate testDelegate)
   at osu.Game.Tests.Beatmaps.BeatmapConversionTest`2.<>c__DisplayClass4_0.<Test>b__1() in /app/osu.Game/Tests/Beatmaps/BeatmapConversionTest.cs:line 77
   at NUnit.Framework.Assert.Multiple(TestDelegate testDelegate)
   at osu.Game.Tests.Beatmaps.BeatmapConversionTest`2.Test(String name, Type[] mods) in /app/osu.Game/Tests/Beatmaps/BeatmapConversionTest.cs:line 50
   at osu.Game.Rulesets.Catch.Tests.CatchBeatmapConversionTest.Test(String name, Type[] mods) in /app/osu.Game.Rulesets.Catch.Tests/CatchBeatmapConversionTest.cs:line 58
   at InvokeStub_CatchBeatmapConversionTest.Test(Object, Span`1)

5)    at osu.Game.Tests.Beatmaps.BeatmapConversionTest`2.<>c__DisplayClass4_1.<Test>b__2() in /app/osu.Game/Tests/Beatmaps/BeatmapConversionTest.cs:line 98
   at NUnit.Framework.Assert.Multiple(TestDelegate testDelegate)
   at osu.Game.Tests.Beatmaps.BeatmapConversionTest`2.<>c__DisplayClass4_0.<Test>b__1() in /app/osu.Game/Tests/Beatmaps/BeatmapConversionTest.cs:line 77
   at NUnit.Framework.Assert.Multiple(TestDelegate testDelegate)
   at osu.Game.Tests.Beatmaps.BeatmapConversionTest`2.Test(String name, Type[] mods) in /app/osu.Game/Tests/Beatmaps/BeatmapConversionTest.cs:line 50
   at osu.Game.Rulesets.Catch.Tests.CatchBeatmapConversionTest.Test(String name, Type[] mods) in /app/osu.Game.Rulesets.Catch.Tests/CatchBeatmapConversionTest.cs:line 58
   at InvokeStub_CatchBeatmapConversionTest.Test(Object, Span`1)

6)    at osu.Game.Tests.Beatmaps.BeatmapConversionTest`2.<>c__DisplayClass4_1.<Test>b__2() in /app/osu.Game/Tests/Beatmaps/BeatmapConversionTest.cs:line 98
   at NUnit.Framework.Assert.Multiple(TestDelegate testDelegate)
   at osu.Game.Tests.Beatmaps.BeatmapConversionTest`2.<>c__DisplayClass4_0.<Test>b__1() in /app/osu.Game/Tests/Beatmaps/BeatmapConversionTest.cs:line 77
   at NUnit.Framework.Assert.Multiple(TestDelegate testDelegate)
   at osu.Game.Tests.Beatmaps.BeatmapConversionTest`2.Test(String name, Type[] mods) in /app/osu.Game/Tests/Beatmaps/BeatmapConversionTest.cs:line 50
   at osu.Game.Rulesets.Catch.Tests.CatchBeatmapConversionTest.Test(String name, Type[] mods) in /app/osu.Game.Rulesets.Catch.Tests/CatchBeatmapConversionTest.cs:line 58
   at InvokeStub_CatchBeatmapConversionTest.Test(Object, Span`1)

7)    at osu.Game.Tests.Beatmaps.BeatmapConversionTest`2.<>c__DisplayClass4_1.<Test>b__2() in /app/osu.Game/Tests/Beatmaps/BeatmapConversionTest.cs:line 98
   at NUnit.Framework.Assert.Multiple(TestDelegate testDelegate)
   at osu.Game.Tests.Beatmaps.BeatmapConversionTest`2.<>c__DisplayClass4_0.<Test>b__1() in /app/osu.Game/Tests/Beatmaps/BeatmapConversionTest.cs:line 77
   at NUnit.Framework.Assert.Multiple(TestDelegate testDelegate)
   at osu.Game.Tests.Beatmaps.BeatmapConversionTest`2.Test(String name, Type[] mods) in /app/osu.Game/Tests/Beatmaps/BeatmapConversionTest.cs:line 50
   at osu.Game.Rulesets.Catch.Tests.CatchBeatmapConversionTest.Test(String name, Type[] mods) in /app/osu.Game.Rulesets.Catch.Tests/CatchBeatmapConversionTest.cs:line 58
   at InvokeStub_CatchBeatmapConversionTest.Test(Object, Span`1)

8)    at osu.Game.Tests.Beatmaps.BeatmapConversionTest`2.<>c__DisplayClass4_1.<Test>b__2() in /app/osu.Game/Tests/Beatmaps/BeatmapConversionTest.cs:line 98
   at NUnit.Framework.Assert.Multiple(TestDelegate testDelegate)
   at osu.Game.Tests.Beatmaps.BeatmapConversionTest`2.<>c__DisplayClass4_0.<Test>b__1() in /app/osu.Game/Tests/Beatmaps/BeatmapConversionTest.cs:line 77
   at NUnit.Framework.Assert.Multiple(TestDelegate testDelegate)
   at osu.Game.Tests.Beatmaps.BeatmapConversionTest`2.Test(String name, Type[] mods) in /app/osu.Game/Tests/Beatmaps/BeatmapConversionTest.cs:line 50
   at osu.Game.Rulesets.Catch.Tests.CatchBeatmapConversionTest.Test(String name, Type[] mods) in /app/osu.Game.Rulesets.Catch.Tests/CatchBeatmapConversionTest.cs:line 58
   at InvokeStub_CatchBeatmapConversionTest.Test(Object, Span`1)

9)    at osu.Game.Tests.Beatmaps.BeatmapConversionTest`2.<>c__DisplayClass4_1.<Test>b__2() in /app/osu.Game/Tests/Beatmaps/BeatmapConversionTest.cs:line 98
   at NUnit.Framework.Assert.Multiple(TestDelegate testDelegate)
   at osu.Game.Tests.Beatmaps.BeatmapConversionTest`2.<>c__DisplayClass4_0.<Test>b__1() in /app/osu.Game/Tests/Beatmaps/BeatmapConversionTest.cs:line 77
   at NUnit.Framework.Assert.Multiple(TestDelegate testDelegate)
   at osu.Game.Tests.Beatmaps.BeatmapConversionTest`2.Test(String name, Type[] mods) in /app/osu.Game/Tests/Beatmaps/BeatmapConversionTest.cs:line 50
   at osu.Game.Rulesets.Catch.Tests.CatchBeatmapConversionTest.Test(String name, Type[] mods) in /app/osu.Game.Rulesets.Catch.Tests/CatchBeatmapConversionTest.cs:line 58
   at InvokeStub_CatchBeatmapConversionTest.Test(Object, Span`1)

10)    at osu.Game.Tests.Beatmaps.BeatmapConversionTest`2.<>c__DisplayClass4_1.<Test>b__2() in /app/osu.Game/Tests/Beatmaps/BeatmapConversionTest.cs:line 98
   at NUnit.Framework.Assert.Multiple(TestDelegate testDelegate)
   at osu.Game.Tests.Beatmaps.BeatmapConversionTest`2.<>c__DisplayClass4_0.<Test>b__1() in /app/osu.Game/Tests/Beatmaps/BeatmapConversionTest.cs:line 77
   at NUnit.Framework.Assert.Multiple(TestDelegate testDelegate)
   at osu.Game.Tests.Beatmaps.BeatmapConversionTest`2.Test(String name, Type[] mods) in /app/osu.Game/Tests/Beatmaps/BeatmapConversionTest.cs:line 50
   at osu.Game.Rulesets.Catch.Tests.CatchBeatmapConversionTest.Test(String name, Type[] mods) in /app/osu.Game.Rulesets.Catch.Tests/CatchBeatmapConversionTest.cs:line 58
   at InvokeStub_CatchBeatmapConversionTest.Test(Object, Span`1)

11)    at osu.Game.Tests.Beatmaps.BeatmapConversionTest`2.<>c__DisplayClass4_1.<Test>b__2() in /app/osu.Game/Tests/Beatmaps/BeatmapConversionTest.cs:line 98
   at NUnit.Framework.Assert.Multiple(TestDelegate testDelegate)
   at osu.Game.Tests.Beatmaps.BeatmapConversionTest`2.<>c__DisplayClass4_0.<Test>b__1() in /app/osu.Game/Tests/Beatmaps/BeatmapConversionTest.cs:line 77
   at NUnit.Framework.Assert.Multiple(TestDelegate testDelegate)
   at osu.Game.Tests.Beatmaps.BeatmapConversionTest`2.Test(String name, Type[] mods) in /app/osu.Game/Tests/Beatmaps/BeatmapConversionTest.cs:line 50
   at osu.Game.Rulesets.Catch.Tests.CatchBeatmapConversionTest.Test(String name, Type[] mods) in /app/osu.Game.Rulesets.Catch.Tests/CatchBeatmapConversionTest.cs:line 58
   at InvokeStub_CatchBeatmapConversionTest.Test(Object, Span`1)

12)    at osu.Game.Tests.Beatmaps.BeatmapConversionTest`2.<>c__DisplayClass4_1.<Test>b__2() in /app/osu.Game/Tests/Beatmaps/BeatmapConversionTest.cs:line 98
   at NUnit.Framework.Assert.Multiple(TestDelegate testDelegate)
   at osu.Game.Tests.Beatmaps.BeatmapConversionTest`2.<>c__DisplayClass4_0.<Test>b__1() in /app/osu.Game/Tests/Beatmaps/BeatmapConversionTest.cs:line 77
   at NUnit.Framework.Assert.Multiple(TestDelegate testDelegate)
   at osu.Game.Tests.Beatmaps.BeatmapConversionTest`2.Test(String name, Type[] mods) in /app/osu.Game/Tests/Beatmaps/BeatmapConversionTest.cs:line 50
   at osu.Game.Rulesets.Catch.Tests.CatchBeatmapConversionTest.Test(String name, Type[] mods) in /app/osu.Game.Rulesets.Catch.Tests/CatchBeatmapConversionTest.cs:line 58
   at InvokeStub_CatchBeatmapConversionTest.Test(Object, Span`1)

13)    at osu.Game.Tests.Beatmaps.BeatmapConversionTest`2.<>c__DisplayClass4_1.<Test>b__2() in /app/osu.Game/Tests/Beatmaps/BeatmapConversionTest.cs:line 98
   at NUnit.Framework.Assert.Multiple(TestDelegate testDelegate)
   at osu.Game.Tests.Beatmaps.BeatmapConversionTest`2.<>c__DisplayClass4_0.<Test>b__1() in /app/osu.Game/Tests/Beatmaps/BeatmapConversionTest.cs:line 77
   at NUnit.Framework.Assert.Multiple(TestDelegate testDelegate)
   at osu.Game.Tests.Beatmaps.BeatmapConversionTest`2.Test(String name, Type[] mods) in /app/osu.Game/Tests/Beatmaps/BeatmapConversionTest.cs:line 50
   at osu.Game.Rulesets.Catch.Tests.CatchBeatmapConversionTest.Test(String name, Type[] mods) in /app/osu.Game.Rulesets.Catch.Tests/CatchBeatmapConversionTest.cs:line 58
   at InvokeStub_CatchBeatmapConversionTest.Test(Object, Span`1)

14)    at osu.Game.Tests.Beatmaps.BeatmapConversionTest`2.<>c__DisplayClass4_1.<Test>b__2() in /app/osu.Game/Tests/Beatmaps/BeatmapConversionTest.cs:line 98
   at NUnit.Framework.Assert.Multiple(TestDelegate testDelegate)
   at osu.Game.Tests.Beatmaps.BeatmapConversionTest`2.<>c__DisplayClass4_0.<Test>b__1() in /app/osu.Game/Tests/Beatmaps/BeatmapConversionTest.cs:line 77
   at NUnit.Framework.Assert.Multiple(TestDelegate testDelegate)
   at osu.Game.Tests.Beatmaps.BeatmapConversionTest`2.Test(String name, Type[] mods) in /app/osu.Game/Tests/Beatmaps/BeatmapConversionTest.cs:line 50
   at osu.Game.Rulesets.Catch.Tests.CatchBeatmapConversionTest.Test(String name, Type[] mods) in /app/osu.Game.Rulesets.Catch.Tests/CatchBeatmapConversionTest.cs:line 58
   at InvokeStub_CatchBeatmapConversionTest.Test(Object, Span`1)

15)    at osu.Game.Tests.Beatmaps.BeatmapConversionTest`2.<>c__DisplayClass4_1.<Test>b__2() in /app/osu.Game/Tests/Beatmaps/BeatmapConversionTest.cs:line 98
   at NUnit.Framework.Assert.Multiple(TestDelegate testDelegate)
   at osu.Game.Tests.Beatmaps.BeatmapConversionTest`2.<>c__DisplayClass4_0.<Test>b__1() in /app/osu.Game/Tests/Beatmaps/BeatmapConversionTest.cs:line 77
   at NUnit.Framework.Assert.Multiple(TestDelegate testDelegate)
   at osu.Game.Tests.Beatmaps.BeatmapConversionTest`2.Test(String name, Type[] mods) in /app/osu.Game/Tests/Beatmaps/BeatmapConversionTest.cs:line 50
   at osu.Game.Rulesets.Catch.Tests.CatchBeatmapConversionTest.Test(String name, Type[] mods) in /app/osu.Game.Rulesets.Catch.Tests/CatchBeatmapConversionTest.cs:line 58
   at InvokeStub_CatchBeatmapConversionTest.Test(Object, Span`1)

16)    at osu.Game.Tests.Beatmaps.BeatmapConversionTest`2.<>c__DisplayClass4_1.<Test>b__2() in /app/osu.Game/Tests/Beatmaps/BeatmapConversionTest.cs:line 98
   at NUnit.Framework.Assert.Multiple(TestDelegate testDelegate)
   at osu.Game.Tests.Beatmaps.BeatmapConversionTest`2.<>c__DisplayClass4_0.<Test>b__1() in /app/osu.Game/Tests/Beatmaps/BeatmapConversionTest.cs:line 77
   at NUnit.Framework.Assert.Multiple(TestDelegate testDelegate)
   at osu.Game.Tests.Beatmaps.BeatmapConversionTest`2.Test(String name, Type[] mods) in /app/osu.Game/Tests/Beatmaps/BeatmapConversionTest.cs:line 50
   at osu.Game.Rulesets.Catch.Tests.CatchBeatmapConversionTest.Test(String name, Type[] mods) in /app/osu.Game.Rulesets.Catch.Tests/CatchBeatmapConversionTest.cs:line 58
   at InvokeStub_CatchBeatmapConversionTest.Test(Object, Span`1)

17)    at osu.Game.Tests.Beatmaps.BeatmapConversionTest`2.<>c__DisplayClass4_1.<Test>b__2() in /app/osu.Game/Tests/Beatmaps/BeatmapConversionTest.cs:line 98
   at NUnit.Framework.Assert.Multiple(TestDelegate testDelegate)
   at osu.Game.Tests.Beatmaps.BeatmapConversionTest`2.<>c__DisplayClass4_0.<Test>b__1() in /app/osu.Game/Tests/Beatmaps/BeatmapConversionTest.cs:line 77
   at NUnit.Framework.Assert.Multiple(TestDelegate testDelegate)
   at osu.Game.Tests.Beatmaps.BeatmapConversionTest`2.Test(String name, Type[] mods) in /app/osu.Game/Tests/Beatmaps/BeatmapConversionTest.cs:line 50
   at osu.Game.Rulesets.Catch.Tests.CatchBeatmapConversionTest.Test(String name, Type[] mods) in /app/osu.Game.Rulesets.Catch.Tests/CatchBeatmapConversionTest.cs:line 58
   at InvokeStub_CatchBeatmapConversionTest.Test(Object, Span`1)

18)    at osu.Game.Tests.Beatmaps.BeatmapConversionTest`2.<>c__DisplayClass4_1.<Test>b__2() in /app/osu.Game/Tests/Beatmaps/BeatmapConversionTest.cs:line 98
   at NUnit.Framework.Assert.Multiple(TestDelegate testDelegate)
   at osu.Game.Tests.Beatmaps.BeatmapConversionTest`2.<>c__DisplayClass4_0.<Test>b__1() in /app/osu.Game/Tests/Beatmaps/BeatmapConversionTest.cs:line 77
   at NUnit.Framework.Assert.Multiple(TestDelegate testDelegate)
   at osu.Game.Tests.Beatmaps.BeatmapConversionTest`2.Test(String name, Type[] mods) in /app/osu.Game/Tests/Beatmaps/BeatmapConversionTest.cs:line 50
   at osu.Game.Rulesets.Catch.Tests.CatchBeatmapConversionTest.Test(String name, Type[] mods) in /app/osu.Game.Rulesets.Catch.Tests/CatchBeatmapConversionTest.cs:line 58
   at InvokeStub_CatchBeatmapConversionTest.Test(Object, Span`1)

19)    at osu.Game.Tests.Beatmaps.BeatmapConversionTest`2.<>c__DisplayClass4_1.<Test>b__2() in /app/osu.Game/Tests/Beatmaps/BeatmapConversionTest.cs:line 98
   at NUnit.Framework.Assert.Multiple(TestDelegate testDelegate)
   at osu.Game.Tests.Beatmaps.BeatmapConversionTest`2.<>c__DisplayClass4_0.<Test>b__1() in /app/osu.Game/Tests/Beatmaps/BeatmapConversionTest.cs:line 77
   at NUnit.Framework.Assert.Multiple(TestDelegate testDelegate)
   at osu.Game.Tests.Beatmaps.BeatmapConversionTest`2.Test(String name, Type[] mods) in /app/osu.Game/Tests/Beatmaps/BeatmapConversionTest.cs:line 50
   at osu.Game.Rulesets.Catch.Tests.CatchBeatmapConversionTest.Test(String name, Type[] mods) in /app/osu.Game.Rulesets.Catch.Tests/CatchBeatmapConversionTest.cs:line 58
   at InvokeStub_CatchBeatmapConversionTest.Test(Object, Span`1)

20)    at osu.Game.Tests.Beatmaps.BeatmapConversionTest`2.<>c__DisplayClass4_1.<Test>b__2() in /app/osu.Game/Tests/Beatmaps/BeatmapConversionTest.cs:line 98
   at NUnit.Framework.Assert.Multiple(TestDelegate testDelegate)
   at osu.Game.Tests.Beatmaps.BeatmapConversionTest`2.<>c__DisplayClass4_0.<Test>b__1() in /app/osu.Game/Tests/Beatmaps/BeatmapConversionTest.cs:line 77
   at NUnit.Framework.Assert.Multiple(TestDelegate testDelegate)
   at osu.Game.Tests.Beatmaps.BeatmapConversionTest`2.Test(String name, Type[] mods) in /app/osu.Game/Tests/Beatmaps/BeatmapConversionTest.cs:line 50
   at osu.Game.Rulesets.Catch.Tests.CatchBeatmapConversionTest.Test(String name, Type[] mods) in /app/osu.Game.Rulesets.Catch.Tests/CatchBeatmapConversionTest.cs:line 58
   at InvokeStub_CatchBeatmapConversionTest.Test(Object, Span`1)

21)    at osu.Game.Tests.Beatmaps.BeatmapConversionTest`2.<>c__DisplayClass4_1.<Test>b__2() in /app/osu.Game/Tests/Beatmaps/BeatmapConversionTest.cs:line 98
   at NUnit.Framework.Assert.Multiple(TestDelegate testDelegate)
   at osu.Game.Tests.Beatmaps.BeatmapConversionTest`2.<>c__DisplayClass4_0.<Test>b__1() in /app/osu.Game/Tests/Beatmaps/BeatmapConversionTest.cs:line 77
   at NUnit.Framework.Assert.Multiple(TestDelegate testDelegate)
   at osu.Game.Tests.Beatmaps.BeatmapConversionTest`2.Test(String name, Type[] mods) in /app/osu.Game/Tests/Beatmaps/BeatmapConversionTest.cs:line 50
   at osu.Game.Rulesets.Catch.Tests.CatchBeatmapConversionTest.Test(String name, Type[] mods) in /app/osu.Game.Rulesets.Catch.Tests/CatchBeatmapConversionTest.cs:line 58
   at InvokeStub_CatchBeatmapConversionTest.Test(Object, Span`1)

22)    at osu.Game.Tests.Beatmaps.BeatmapConversionTest`2.<>c__DisplayClass4_1.<Test>b__2() in /app/osu.Game/Tests/Beatmaps/BeatmapConversionTest.cs:line 98
   at NUnit.Framework.Assert.Multiple(TestDelegate testDelegate)
   at osu.Game.Tests.Beatmaps.BeatmapConversionTest`2.<>c__DisplayClass4_0.<Test>b__1() in /app/osu.Game/Tests/Beatmaps/BeatmapConversionTest.cs:line 77
   at NUnit.Framework.Assert.Multiple(TestDelegate testDelegate)
   at osu.Game.Tests.Beatmaps.BeatmapConversionTest`2.Test(String name, Type[] mods) in /app/osu.Game/Tests/Beatmaps/BeatmapConversionTest.cs:line 50
   at osu.Game.Rulesets.Catch.Tests.CatchBeatmapConversionTest.Test(String name, Type[] mods) in /app/osu.Game.Rulesets.Catch.Tests/CatchBeatmapConversionTest.cs:line 58
   at InvokeStub_CatchBeatmapConversionTest.Test(Object, Span`1)

23)    at osu.Game.Tests.Beatmaps.BeatmapConversionTest`2.<>c__DisplayClass4_1.<Test>b__2() in /app/osu.Game/Tests/Beatmaps/BeatmapConversionTest.cs:line 98
   at NUnit.Framework.Assert.Multiple(TestDelegate testDelegate)
   at osu.Game.Tests.Beatmaps.BeatmapConversionTest`2.<>c__DisplayClass4_0.<Test>b__1() in /app/osu.Game/Tests/Beatmaps/BeatmapConversionTest.cs:line 77
   at NUnit.Framework.Assert.Multiple(TestDelegate testDelegate)
   at osu.Game.Tests.Beatmaps.BeatmapConversionTest`2.Test(String name, Type[] mods) in /app/osu.Game/Tests/Beatmaps/BeatmapConversionTest.cs:line 50
   at osu.Game.Rulesets.Catch.Tests.CatchBeatmapConversionTest.Test(String name, Type[] mods) in /app/osu.Game.Rulesets.Catch.Tests/CatchBeatmapConversionTest.cs:line 58
   at InvokeStub_CatchBeatmapConversionTest.Test(Object, Span`1)

24)    at osu.Game.Tests.Beatmaps.BeatmapConversionTest`2.<>c__DisplayClass4_1.<Test>b__2() in /app/osu.Game/Tests/Beatmaps/BeatmapConversionTest.cs:line 98
   at NUnit.Framework.Assert.Multiple(TestDelegate testDelegate)
   at osu.Game.Tests.Beatmaps.BeatmapConversionTest`2.<>c__DisplayClass4_0.<Test>b__1() in /app/osu.Game/Tests/Beatmaps/BeatmapConversionTest.cs:line 77
   at NUnit.Framework.Assert.Multiple(TestDelegate testDelegate)
   at osu.Game.Tests.Beatmaps.BeatmapConversionTest`2.Test(String name, Type[] mods) in /app/osu.Game/Tests/Beatmaps/BeatmapConversionTest.cs:line 50
   at osu.Game.Rulesets.Catch.Tests.CatchBeatmapConversionTest.Test(String name, Type[] mods) in /app/osu.Game.Rulesets.Catch.Tests/CatchBeatmapConversionTest.cs:line 58
   at InvokeStub_CatchBeatmapConversionTest.Test(Object, Span`1)

25)    at osu.Game.Tests.Beatmaps.BeatmapConversionTest`2.<>c__DisplayClass4_1.<Test>b__2() in /app/osu.Game/Tests/Beatmaps/BeatmapConversionTest.cs:line 98
   at NUnit.Framework.Assert.Multiple(TestDelegate testDelegate)
   at osu.Game.Tests.Beatmaps.BeatmapConversionTest`2.<>c__DisplayClass4_0.<Test>b__1() in /app/osu.Game/Tests/Beatmaps/BeatmapConversionTest.cs:line 77
   at NUnit.Framework.Assert.Multiple(TestDelegate testDelegate)
   at osu.Game.Tests.Beatmaps.BeatmapConversionTest`2.Test(String name, Type[] mods) in /app/osu.Game/Tests/Beatmaps/BeatmapConversionTest.cs:line 50
   at osu.Game.Rulesets.Catch.Tests.CatchBeatmapConversionTest.Test(String name, Type[] mods) in /app/osu.Game.Rulesets.Catch.Tests/CatchBeatmapConversionTest.cs:line 58
   at InvokeStub_CatchBeatmapConversionTest.Test(Object, Span`1)

26)    at osu.Game.Tests.Beatmaps.BeatmapConversionTest`2.<>c__DisplayClass4_1.<Test>b__2() in /app/osu.Game/Tests/Beatmaps/BeatmapConversionTest.cs:line 98
   at NUnit.Framework.Assert.Multiple(TestDelegate testDelegate)
   at osu.Game.Tests.Beatmaps.BeatmapConversionTest`2.<>c__DisplayClass4_0.<Test>b__1() in /app/osu.Game/Tests/Beatmaps/BeatmapConversionTest.cs:line 77
   at NUnit.Framework.Assert.Multiple(TestDelegate testDelegate)
   at osu.Game.Tests.Beatmaps.BeatmapConversionTest`2.Test(String name, Type[] mods) in /app/osu.Game/Tests/Beatmaps/BeatmapConversionTest.cs:line 50
   at osu.Game.Rulesets.Catch.Tests.CatchBeatmapConversionTest.Test(String name, Type[] mods) in /app/osu.Game.Rulesets.Catch.Tests/CatchBeatmapConversionTest.cs:line 58
   at InvokeStub_CatchBeatmapConversionTest.Test(Object, Span`1)

27)    at osu.Game.Tests.Beatmaps.BeatmapConversionTest`2.<>c__DisplayClass4_1.<Test>b__2() in /app/osu.Game/Tests/Beatmaps/BeatmapConversionTest.cs:line 98
   at NUnit.Framework.Assert.Multiple(TestDelegate testDelegate)
   at osu.Game.Tests.Beatmaps.BeatmapConversionTest`2.<>c__DisplayClass4_0.<Test>b__1() in /app/osu.Game/Tests/Beatmaps/BeatmapConversionTest.cs:line 77
   at NUnit.Framework.Assert.Multiple(TestDelegate testDelegate)
   at osu.Game.Tests.Beatmaps.BeatmapConversionTest`2.Test(String name, Type[] mods) in /app/osu.Game/Tests/Beatmaps/BeatmapConversionTest.cs:line 50
   at osu.Game.Rulesets.Catch.Tests.CatchBeatmapConversionTest.Test(String name, Type[] mods) in /app/osu.Game.Rulesets.Catch.Tests/CatchBeatmapConversionTest.cs:line 58
   at InvokeStub_CatchBeatmapConversionTest.Test(Object, Span`1)

28)    at osu.Game.Tests.Beatmaps.BeatmapConversionTest`2.<>c__DisplayClass4_1.<Test>b__2() in /app/osu.Game/Tests/Beatmaps/BeatmapConversionTest.cs:line 98
   at NUnit.Framework.Assert.Multiple(TestDelegate testDelegate)
   at osu.Game.Tests.Beatmaps.BeatmapConversionTest`2.<>c__DisplayClass4_0.<Test>b__1() in /app/osu.Game/Tests/Beatmaps/BeatmapConversionTest.cs:line 77
   at NUnit.Framework.Assert.Multiple(TestDelegate testDelegate)
   at osu.Game.Tests.Beatmaps.BeatmapConversionTest`2.Test(String name, Type[] mods) in /app/osu.Game/Tests/Beatmaps/BeatmapConversionTest.cs:line 50
   at osu.Game.Rulesets.Catch.Tests.CatchBeatmapConversionTest.Test(String name, Type[] mods) in /app/osu.Game.Rulesets.Catch.Tests/CatchBeatmapConversionTest.cs:line 58
   at InvokeStub_CatchBeatmapConversionTest.Test(Object, Span`1)

29)    at osu.Game.Tests.Beatmaps.BeatmapConversionTest`2.<>c__DisplayClass4_1.<Test>b__2() in /app/osu.Game/Tests/Beatmaps/BeatmapConversionTest.cs:line 98
   at NUnit.Framework.Assert.Multiple(TestDelegate testDelegate)
   at osu.Game.Tests.Beatmaps.BeatmapConversionTest`2.<>c__DisplayClass4_0.<Test>b__1() in /app/osu.Game/Tests/Beatmaps/BeatmapConversionTest.cs:line 77
   at NUnit.Framework.Assert.Multiple(TestDelegate testDelegate)
   at osu.Game.Tests.Beatmaps.BeatmapConversionTest`2.Test(String name, Type[] mods) in /app/osu.Game/Tests/Beatmaps/BeatmapConversionTest.cs:line 50
   at osu.Game.Rulesets.Catch.Tests.CatchBeatmapConversionTest.Test(String name, Type[] mods) in /app/osu.Game.Rulesets.Catch.Tests/CatchBeatmapConversionTest.cs:line 58
   at InvokeStub_CatchBeatmapConversionTest.Test(Object, Span`1)

30)    at osu.Game.Tests.Beatmaps.BeatmapConversionTest`2.<>c__DisplayClass4_1.<Test>b__2() in /app/osu.Game/Tests/Beatmaps/BeatmapConversionTest.cs:line 98
   at NUnit.Framework.Assert.Multiple(TestDelegate testDelegate)
   at osu.Game.Tests.Beatmaps.BeatmapConversionTest`2.<>c__DisplayClass4_0.<Test>b__1() in /app/osu.Game/Tests/Beatmaps/BeatmapConversionTest.cs:line 77
   at NUnit.Framework.Assert.Multiple(TestDelegate testDelegate)
   at osu.Game.Tests.Beatmaps.BeatmapConversionTest`2.Test(String name, Type[] mods) in /app/osu.Game/Tests/Beatmaps/BeatmapConversionTest.cs:line 50
   at osu.Game.Rulesets.Catch.Tests.CatchBeatmapConversionTest.Test(String name, Type[] mods) in /app/osu.Game.Rulesets.Catch.Tests/CatchBeatmapConversionTest.cs:line 58
   at InvokeStub_CatchBeatmapConversionTest.Test(Object, Span`1)

31)    at osu.Game.Tests.Beatmaps.BeatmapConversionTest`2.<>c__DisplayClass4_1.<Test>b__2() in /app/osu.Game/Tests/Beatmaps/BeatmapConversionTest.cs:line 98
   at NUnit.Framework.Assert.Multiple(TestDelegate testDelegate)
   at osu.Game.Tests.Beatmaps.BeatmapConversionTest`2.<>c__DisplayClass4_0.<Test>b__1() in /app/osu.Game/Tests/Beatmaps/BeatmapConversionTest.cs:line 77
   at NUnit.Framework.Assert.Multiple(TestDelegate testDelegate)
   at osu.Game.Tests.Beatmaps.BeatmapConversionTest`2.Test(String name, Type[] mods) in /app/osu.Game/Tests/Beatmaps/BeatmapConversionTest.cs:line 50
   at osu.Game.Rulesets.Catch.Tests.CatchBeatmapConversionTest.Test(String name, Type[] mods) in /app/osu.Game.Rulesets.Catch.Tests/CatchBeatmapConversionTest.cs:line 58
   at InvokeStub_CatchBeatmapConversionTest.Test(Object, Span`1)

32)    at osu.Game.Tests.Beatmaps.BeatmapConversionTest`2.<>c__DisplayClass4_1.<Test>b__2() in /app/osu.Game/Tests/Beatmaps/BeatmapConversionTest.cs:line 98
   at NUnit.Framework.Assert.Multiple(TestDelegate testDelegate)
   at osu.Game.Tests.Beatmaps.BeatmapConversionTest`2.<>c__DisplayClass4_0.<Test>b__1() in /app/osu.Game/Tests/Beatmaps/BeatmapConversionTest.cs:line 77
   at NUnit.Framework.Assert.Multiple(TestDelegate testDelegate)
   at osu.Game.Tests.Beatmaps.BeatmapConversionTest`2.Test(String name, Type[] mods) in /app/osu.Game/Tests/Beatmaps/BeatmapConversionTest.cs:line 50
   at osu.Game.Rulesets.Catch.Tests.CatchBeatmapConversionTest.Test(String name, Type[] mods) in /app/osu.Game.Rulesets.Catch.Tests/CatchBeatmapConversionTest.cs:line 58
   at InvokeStub_CatchBeatmapConversionTest.Test(Object, Span`1)

33)    at osu.Game.Tests.Beatmaps.BeatmapConversionTest`2.<>c__DisplayClass4_1.<Test>b__2() in /app/osu.Game/Tests/Beatmaps/BeatmapConversionTest.cs:line 98
   at NUnit.Framework.Assert.Multiple(TestDelegate testDelegate)
   at osu.Game.Tests.Beatmaps.BeatmapConversionTest`2.<>c__DisplayClass4_0.<Test>b__1() in /app/osu.Game/Tests/Beatmaps/BeatmapConversionTest.cs:line 77
   at NUnit.Framework.Assert.Multiple(TestDelegate testDelegate)
   at osu.Game.Tests.Beatmaps.BeatmapConversionTest`2.Test(String name, Type[] mods) in /app/osu.Game/Tests/Beatmaps/BeatmapConversionTest.cs:line 50
   at osu.Game.Rulesets.Catch.Tests.CatchBeatmapConversionTest.Test(String name, Type[] mods) in /app/osu.Game.Rulesets.Catch.Tests/CatchBeatmapConversionTest.cs:line 58
   at InvokeStub_CatchBeatmapConversionTest.Test(Object, Span`1)

34)    at osu.Game.Tests.Beatmaps.BeatmapConversionTest`2.<>c__DisplayClass4_1.<Test>b__2() in /app/osu.Game/Tests/Beatmaps/BeatmapConversionTest.cs:line 98
   at NUnit.Framework.Assert.Multiple(TestDelegate testDelegate)
   at osu.Game.Tests.Beatmaps.BeatmapConversionTest`2.<>c__DisplayClass4_0.<Test>b__1() in /app/osu.Game/Tests/Beatmaps/BeatmapConversionTest.cs:line 77
   at NUnit.Framework.Assert.Multiple(TestDelegate testDelegate)
   at osu.Game.Tests.Beatmaps.BeatmapConversionTest`2.Test(String name, Type[] mods) in /app/osu.Game/Tests/Beatmaps/BeatmapConversionTest.cs:line 50
   at osu.Game.Rulesets.Catch.Tests.CatchBeatmapConversionTest.Test(String name, Type[] mods) in /app/osu.Game.Rulesets.Catch.Tests/CatchBeatmapConversionTest.cs:line 58
   at InvokeStub_CatchBeatmapConversionTest.Test(Object, Span`1)

35)    at osu.Game.Tests.Beatmaps.BeatmapConversionTest`2.<>c__DisplayClass4_1.<Test>b__2() in /app/osu.Game/Tests/Beatmaps/BeatmapConversionTest.cs:line 98
   at NUnit.Framework.Assert.Multiple(TestDelegate testDelegate)
   at osu.Game.Tests.Beatmaps.BeatmapConversionTest`2.<>c__DisplayClass4_0.<Test>b__1() in /app/osu.Game/Tests/Beatmaps/BeatmapConversionTest.cs:line 77
   at NUnit.Framework.Assert.Multiple(TestDelegate testDelegate)
   at osu.Game.Tests.Beatmaps.BeatmapConversionTest`2.Test(String name, Type[] mods) in /app/osu.Game/Tests/Beatmaps/BeatmapConversionTest.cs:line 50
   at osu.Game.Rulesets.Catch.Tests.CatchBeatmapConversionTest.Test(String name, Type[] mods) in /app/osu.Game.Rulesets.Catch.Tests/CatchBeatmapConversionTest.cs:line 58
   at InvokeStub_CatchBeatmapConversionTest.Test(Object, Span`1)

36)    at osu.Game.Tests.Beatmaps.BeatmapConversionTest`2.<>c__DisplayClass4_1.<Test>b__2() in /app/osu.Game/Tests/Beatmaps/BeatmapConversionTest.cs:line 98
   at NUnit.Framework.Assert.Multiple(TestDelegate testDelegate)
   at osu.Game.Tests.Beatmaps.BeatmapConversionTest`2.<>c__DisplayClass4_0.<Test>b__1() in /app/osu.Game/Tests/Beatmaps/BeatmapConversionTest.cs:line 77
   at NUnit.Framework.Assert.Multiple(TestDelegate testDelegate)
   at osu.Game.Tests.Beatmaps.BeatmapConversionTest`2.Test(String name, Type[] mods) in /app/osu.Game/Tests/Beatmaps/BeatmapConversionTest.cs:line 50
   at osu.Game.Rulesets.Catch.Tests.CatchBeatmapConversionTest.Test(String name, Type[] mods) in /app/osu.Game.Rulesets.Catch.Tests/CatchBeatmapConversionTest.cs:line 58
   at InvokeStub_CatchBeatmapConversionTest.Test(Object, Span`1)

37)    at osu.Game.Tests.Beatmaps.BeatmapConversionTest`2.<>c__DisplayClass4_1.<Test>b__2() in /app/osu.Game/Tests/Beatmaps/BeatmapConversionTest.cs:line 98
   at NUnit.Framework.Assert.Multiple(TestDelegate testDelegate)
   at osu.Game.Tests.Beatmaps.BeatmapConversionTest`2.<>c__DisplayClass4_0.<Test>b__1() in /app/osu.Game/Tests/Beatmaps/BeatmapConversionTest.cs:line 77
   at NUnit.Framework.Assert.Multiple(TestDelegate testDelegate)
   at osu.Game.Tests.Beatmaps.BeatmapConversionTest`2.Test(String name, Type[] mods) in /app/osu.Game/Tests/Beatmaps/BeatmapConversionTest.cs:line 50
   at osu.Game.Rulesets.Catch.Tests.CatchBeatmapConversionTest.Test(String name, Type[] mods) in /app/osu.Game.Rulesets.Catch.Tests/CatchBeatmapConversionTest.cs:line 58
   at InvokeStub_CatchBeatmapConversionTest.Test(Object, Span`1)

38)    at osu.Game.Tests.Beatmaps.BeatmapConversionTest`2.<>c__DisplayClass4_1.<Test>b__2() in /app/osu.Game/Tests/Beatmaps/BeatmapConversionTest.cs:line 98
   at NUnit.Framework.Assert.Multiple(TestDelegate testDelegate)
   at osu.Game.Tests.Beatmaps.BeatmapConversionTest`2.<>c__DisplayClass4_0.<Test>b__1() in /app/osu.Game/Tests/Beatmaps/BeatmapConversionTest.cs:line 77
   at NUnit.Framework.Assert.Multiple(TestDelegate testDelegate)
   at osu.Game.Tests.Beatmaps.BeatmapConversionTest`2.Test(String name, Type[] mods) in /app/osu.Game/Tests/Beatmaps/BeatmapConversionTest.cs:line 50
   at osu.Game.Rulesets.Catch.Tests.CatchBeatmapConversionTest.Test(String name, Type[] mods) in /app/osu.Game.Rulesets.Catch.Tests/CatchBeatmapConversionTest.cs:line 58
   at InvokeStub_CatchBeatmapConversionTest.Test(Object, Span`1)

39)    at osu.Game.Tests.Beatmaps.BeatmapConversionTest`2.<>c__DisplayClass4_1.<Test>b__2() in /app/osu.Game/Tests/Beatmaps/BeatmapConversionTest.cs:line 98
   at NUnit.Framework.Assert.Multiple(TestDelegate testDelegate)
   at osu.Game.Tests.Beatmaps.BeatmapConversionTest`2.<>c__DisplayClass4_0.<Test>b__1() in /app/osu.Game/Tests/Beatmaps/BeatmapConversionTest.cs:line 77
   at NUnit.Framework.Assert.Multiple(TestDelegate testDelegate)
   at osu.Game.Tests.Beatmaps.BeatmapConversionTest`2.Test(String name, Type[] mods) in /app/osu.Game/Tests/Beatmaps/BeatmapConversionTest.cs:line 50
   at osu.Game.Rulesets.Catch.Tests.CatchBeatmapConversionTest.Test(String name, Type[] mods) in /app/osu.Game.Rulesets.Catch.Tests/CatchBeatmapConversionTest.cs:line 58
   at InvokeStub_CatchBeatmapConversionTest.Test(Object, Span`1)

40)    at osu.Game.Tests.Beatmaps.BeatmapConversionTest`2.<>c__DisplayClass4_1.<Test>b__2() in /app/osu.Game/Tests/Beatmaps/BeatmapConversionTest.cs:line 98
   at NUnit.Framework.Assert.Multiple(TestDelegate testDelegate)
   at osu.Game.Tests.Beatmaps.BeatmapConversionTest`2.<>c__DisplayClass4_0.<Test>b__1() in /app/osu.Game/Tests/Beatmaps/BeatmapConversionTest.cs:line 77
   at NUnit.Framework.Assert.Multiple(TestDelegate testDelegate)
   at osu.Game.Tests.Beatmaps.BeatmapConversionTest`2.Test(String name, Type[] mods) in /app/osu.Game/Tests/Beatmaps/BeatmapConversionTest.cs:line 50
   at osu.Game.Rulesets.Catch.Tests.CatchBeatmapConversionTest.Test(String name, Type[] mods) in /app/osu.Game.Rulesets.Catch.Tests/CatchBeatmapConversionTest.cs:line 58
   at InvokeStub_CatchBeatmapConversionTest.Test(Object, Span`1)

41)    at osu.Game.Tests.Beatmaps.BeatmapConversionTest`2.<>c__DisplayClass4_1.<Test>b__2() in /app/osu.Game/Tests/Beatmaps/BeatmapConversionTest.cs:line 98
   at NUnit.Framework.Assert.Multiple(TestDelegate testDelegate)
   at osu.Game.Tests.Beatmaps.BeatmapConversionTest`2.<>c__DisplayClass4_0.<Test>b__1() in /app/osu.Game/Tests/Beatmaps/BeatmapConversionTest.cs:line 77
   at NUnit.Framework.Assert.Multiple(TestDelegate testDelegate)
   at osu.Game.Tests.Beatmaps.BeatmapConversionTest`2.Test(String name, Type[] mods) in /app/osu.Game/Tests/Beatmaps/BeatmapConversionTest.cs:line 50
   at osu.Game.Rulesets.Catch.Tests.CatchBeatmapConversionTest.Test(String name, Type[] mods) in /app/osu.Game.Rulesets.Catch.Tests/CatchBeatmapConversionTest.cs:line 58
   at InvokeStub_CatchBeatmapConversionTest.Test(Object, Span`1)

42)    at osu.Game.Tests.Beatmaps.BeatmapConversionTest`2.<>c__DisplayClass4_1.<Test>b__2() in /app/osu.Game/Tests/Beatmaps/BeatmapConversionTest.cs:line 98
   at NUnit.Framework.Assert.Multiple(TestDelegate testDelegate)
   at osu.Game.Tests.Beatmaps.BeatmapConversionTest`2.<>c__DisplayClass4_0.<Test>b__1() in /app/osu.Game/Tests/Beatmaps/BeatmapConversionTest.cs:line 77
   at NUnit.Framework.Assert.Multiple(TestDelegate testDelegate)
   at osu.Game.Tests.Beatmaps.BeatmapConversionTest`2.Test(String name, Type[] mods) in /app/osu.Game/Tests/Beatmaps/BeatmapConversionTest.cs:line 50
   at osu.Game.Rulesets.Catch.Tests.CatchBeatmapConversionTest.Test(String name, Type[] mods) in /app/osu.Game.Rulesets.Catch.Tests/CatchBeatmapConversionTest.cs:line 58
   at InvokeStub_CatchBeatmapConversionTest.Test(Object, Span`1)

43)    at osu.Game.Tests.Beatmaps.BeatmapConversionTest`2.<>c__DisplayClass4_1.<Test>b__2() in /app/osu.Game/Tests/Beatmaps/BeatmapConversionTest.cs:line 98
   at NUnit.Framework.Assert.Multiple(TestDelegate testDelegate)
   at osu.Game.Tests.Beatmaps.BeatmapConversionTest`2.<>c__DisplayClass4_0.<Test>b__1() in /app/osu.Game/Tests/Beatmaps/BeatmapConversionTest.cs:line 77
   at NUnit.Framework.Assert.Multiple(TestDelegate testDelegate)
   at osu.Game.Tests.Beatmaps.BeatmapConversionTest`2.Test(String name, Type[] mods) in /app/osu.Game/Tests/Beatmaps/BeatmapConversionTest.cs:line 50
   at osu.Game.Rulesets.Catch.Tests.CatchBeatmapConversionTest.Test(String name, Type[] mods) in /app/osu.Game.Rulesets.Catch.Tests/CatchBeatmapConversionTest.cs:line 58
   at InvokeStub_CatchBeatmapConversionTest.Test(Object, Span`1)

44)    at osu.Game.Tests.Beatmaps.BeatmapConversionTest`2.<>c__DisplayClass4_1.<Test>b__2() in /app/osu.Game/Tests/Beatmaps/BeatmapConversionTest.cs:line 98
   at NUnit.Framework.Assert.Multiple(TestDelegate testDelegate)
   at osu.Game.Tests.Beatmaps.BeatmapConversionTest`2.<>c__DisplayClass4_0.<Test>b__1() in /app/osu.Game/Tests/Beatmaps/BeatmapConversionTest.cs:line 77
   at NUnit.Framework.Assert.Multiple(TestDelegate testDelegate)
   at osu.Game.Tests.Beatmaps.BeatmapConversionTest`2.Test(String name, Type[] mods) in /app/osu.Game/Tests/Beatmaps/BeatmapConversionTest.cs:line 50
   at osu.Game.Rulesets.Catch.Tests.CatchBeatmapConversionTest.Test(String name, Type[] mods) in /app/osu.Game.Rulesets.Catch.Tests/CatchBeatmapConversionTest.cs:line 58
   at InvokeStub_CatchBeatmapConversionTest.Test(Object, Span`1)

45)    at osu.Game.Tests.Beatmaps.BeatmapConversionTest`2.<>c__DisplayClass4_1.<Test>b__2() in /app/osu.Game/Tests/Beatmaps/BeatmapConversionTest.cs:line 98
   at NUnit.Framework.Assert.Multiple(TestDelegate testDelegate)
   at osu.Game.Tests.Beatmaps.BeatmapConversionTest`2.<>c__DisplayClass4_0.<Test>b__1() in /app/osu.Game/Tests/Beatmaps/BeatmapConversionTest.cs:line 77
   at NUnit.Framework.Assert.Multiple(TestDelegate testDelegate)
   at osu.Game.Tests.Beatmaps.BeatmapConversionTest`2.Test(String name, Type[] mods) in /app/osu.Game/Tests/Beatmaps/BeatmapConversionTest.cs:line 50
   at osu.Game.Rulesets.Catch.Tests.CatchBeatmapConversionTest.Test(String name, Type[] mods) in /app/osu.Game.Rulesets.Catch.Tests/CatchBeatmapConversionTest.cs:line 58
   at InvokeStub_CatchBeatmapConversionTest.Test(Object, Span`1)


  Standard Output Messages:
 [runtime] 2026-01-31 19:29:10 [verbose]: Failed to process line "Mode: 0" into "Unknown - Unknown (Unknown Creator) [Normal]": Ruleset is not available locally.


  Failed Test("2571731",[osu.Game.Rulesets.Catch.Mods.CatchModHardRock, osu.Game.Rulesets.Catch.Mods.CatchModHidden]) [381 ms]
  Error Message:
   Multiple failures or warnings in test:
  1) The conversion generated differing hitobjects for object at time: 2191:
Expected: {"StartTime":2191.0,"Position":470.0,"HyperDash":false}
Received: {"StartTime":2191.0,"Position":362.0,"HyperDash":false}

  2) The conversion generated differing hitobjects for object at time: 4691:
Expected: {"StartTime":4691.0,"Position":131.0,"HyperDash":false}
Received: {"StartTime":4691.0,"Position":217.0,"HyperDash":false}

  3) The conversion generated differing hitobjects for object at time: 7191:
Expected: {"StartTime":7191.0,"Position":283.0,"HyperDash":false}
Received: {"StartTime":7191.0,"Position":171.0,"HyperDash":false}

  4) The conversion generated differing hitobjects for object at time: 8129:
Expected: {"StartTime":8129.0,"Position":48.0,"HyperDash":false}
Received: {"StartTime":8129.0,"Position":178.0,"HyperDash":false}

  5) The conversion generated differing hitobjects for object at time: 12191:
Expected: {"StartTime":12191.0,"Position":348.0,"HyperDash":false}
Received: {"StartTime":12191.0,"Position":263.0,"HyperDash":false}

  6) The conversion generated differing hitobjects for object at time: 14691:
Expected: {"StartTime":14691.0,"Position":80.0,"HyperDash":false}
Received: {"StartTime":14691.0,"Position":182.0,"HyperDash":false}

  7) The conversion generated differing hitobjects for object at time: 15941:
Expected: {"StartTime":15941.0,"Position":475.0,"HyperDash":false}
Received: {"StartTime":15941.0,"Position":275.0,"HyperDash":false}

  8) The conversion generated differing hitobjects for object at time: 22191:
Expected: {"StartTime":22191.0,"Position":372.0,"HyperDash":false}
Received: {"StartTime":22191.0,"Position":243.0,"HyperDash":false}

  9) The conversion generated differing hitobjects for object at time: 24691:
Expected: {"StartTime":24691.0,"Position":24.0,"HyperDash":false}
Received: {"StartTime":24691.0,"Position":147.0,"HyperDash":false}

  10) The conversion generated differing hitobjects for object at time: 25941:
Expected: {"StartTime":25941.0,"Position":465.0,"HyperDash":false}
Received: {"StartTime":25941.0,"Position":428.0,"HyperDash":false}

  11) The conversion generated differing hitobjects for object at time: 27191:
Expected: {"StartTime":27191.0,"Position":108.0,"HyperDash":false}
Received: {"StartTime":27191.0,"Position":268.0,"HyperDash":false}

  12) The conversion generated differing hitobjects for object at time: 29691:
Expected: {"StartTime":29691.0,"Position":135.0,"HyperDash":false}
Received: {"StartTime":29691.0,"Position":273.0,"HyperDash":false}

  13) The conversion generated differing hitobjects for object at time: 32191:
Expected: {"StartTime":32191.0,"Position":149.0,"HyperDash":false}
Received: {"StartTime":32191.0,"Position":277.0,"HyperDash":false}

  14) The conversion generated differing hitobjects for object at time: 40004:
Expected: {"StartTime":40004.0,"Position":385.0,"HyperDash":false}
Received: {"StartTime":40004.0,"Position":244.0,"HyperDash":false}

  15) The conversion generated differing hitobjects for object at time: 40316:
Expected: {"StartTime":40316.0,"Position":250.0,"HyperDash":false}
Received: {"StartTime":40316.0,"Position":256.0,"HyperDash":false}

  16) The conversion generated differing hitobjects for object at time: 40629:
Expected: {"StartTime":40629.0,"Position":256.0,"HyperDash":false}
Received: {"StartTime":40629.0,"Position":250.0,"HyperDash":false}

  17) The conversion generated differing hitobjects for object at time: 56254:
Expected: {"StartTime":56254.0,"Position":3.0,"HyperDash":false}
Received: {"StartTime":56254.0,"Position":130.0,"HyperDash":false}

  18) The conversion generated differing hitobjects for object at time: 57504:
Expected: {"StartTime":57504.0,"Position":402.0,"HyperDash":false}
Received: {"StartTime":57504.0,"Position":233.0,"HyperDash":false}

  19) The conversion generated differing hitobjects for object at time: 72504:
Expected: {"StartTime":72504.0,"Position":381.0,"HyperDash":false}
Received: {"StartTime":72504.0,"Position":220.0,"HyperDash":false}

  20) The conversion generated differing hitobjects for object at time: 75004:
Expected: {"StartTime":75004.0,"Position":131.0,"HyperDash":false}
Received: {"StartTime":75004.0,"Position":292.0,"HyperDash":false}

  21) The conversion generated differing hitobjects for object at time: 80004:
Expected: {"StartTime":80004.0,"Position":11.0,"HyperDash":false}
Received: {"StartTime":80004.0,"Position":179.0,"HyperDash":false}

  22) The conversion generated differing hitobjects for object at time: 80316:
Expected: {"StartTime":80316.0,"Position":165.0,"HyperDash":false}
Received: {"StartTime":80316.0,"Position":88.0,"HyperDash":false}

  23) The conversion generated differing hitobjects for object at time: 80629:
Expected: {"StartTime":80629.0,"Position":11.0,"HyperDash":false}
Received: {"StartTime":80629.0,"Position":68.0,"HyperDash":false}

  24) The conversion generated differing hitobjects for object at time: 80941:
Expected: {"StartTime":80941.0,"Position":192.0,"HyperDash":false}
Received: {"StartTime":80941.0,"Position":296.0,"HyperDash":false}

  25) The conversion generated differing hitobjects for object at time: 81254:
Expected: {"StartTime":81323.0,"Position":296.6767,"HyperDash":false}
Received: {"StartTime":81323.0,"Position":329.67163,"HyperDash":false}

  26) The conversion generated differing hitobjects for object at time: 81254:
Expected: {"StartTime":81461.0,"Position":281.03006,"HyperDash":false}
Received: {"StartTime":81461.0,"Position":278.01483,"HyperDash":false}

  27) The conversion generated differing hitobjects for object at time: 81879:
Expected: {"StartTime":81948.0,"Position":396.3233,"HyperDash":false}
Received: {"StartTime":81948.0,"Position":400.32837,"HyperDash":false}

  28) The conversion generated differing hitobjects for object at time: 81879:
Expected: {"StartTime":82017.0,"Position":429.6466,"HyperDash":false}
Received: {"StartTime":82017.0,"Position":424.65677,"HyperDash":false}

  29) The conversion generated differing hitobjects for object at time: 82504:
Expected: {"StartTime":82504.0,"Position":156.0,"HyperDash":false}
Received: {"StartTime":82504.0,"Position":319.0,"HyperDash":false}

  30) The conversion generated differing hitobjects for object at time: 82816:
Expected: {"StartTime":82816.0,"Position":292.0,"HyperDash":false}
Received: {"StartTime":82816.0,"Position":129.0,"HyperDash":false}

  31) The conversion generated differing hitobjects for object at time: 83129:
Expected: {"StartTime":83129.0,"Position":100.0,"HyperDash":false}
Received: {"StartTime":83129.0,"Position":263.0,"HyperDash":false}

  32) The conversion generated differing hitobjects for object at time: 83441:
Expected: {"StartTime":83441.0,"Position":248.0,"HyperDash":false}
Received: {"StartTime":83441.0,"Position":233.0,"HyperDash":false}

  33) The conversion generated differing hitobjects for object at time: 83754:
Expected: {"StartTime":83832.0,"Position":372.54498,"HyperDash":false}
Received: {"StartTime":83832.0,"Position":363.50098,"HyperDash":false}

  34) The conversion generated differing hitobjects for object at time: 83754:
Expected: {"StartTime":83910.0,"Position":344.08994,"HyperDash":false}
Received: {"StartTime":83910.0,"Position":333.00195,"HyperDash":false}

  35) The conversion generated differing hitobjects for object at time: 83754:
Expected: {"StartTime":83988.0,"Position":308.63492,"HyperDash":false}
Received: {"StartTime":83988.0,"Position":320.50293,"HyperDash":false}

  36) The conversion generated differing hitobjects for object at time: 83754:
Expected: {"StartTime":84135.0,"Position":301.11505,"HyperDash":false}
Received: {"StartTime":84135.75,"Position":311.33502,"HyperDash":false}

  37) The conversion generated differing hitobjects for object at time: 83754:
Expected: {"StartTime":84204.0,"Position":341.4022,"HyperDash":false}
Received: {"StartTime":84205.0,"Position":334.66617,"HyperDash":false}

  38) The conversion generated differing hitobjects for object at time: 87504:
Expected: {"StartTime":87573.0,"Position":317.32324,"HyperDash":false}
Received: {"StartTime":87573.0,"Position":296.3283,"HyperDash":false}

  39) The conversion generated differing hitobjects for object at time: 87504:
Expected: {"StartTime":87642.0,"Position":340.64648,"HyperDash":false}
Received: {"StartTime":87642.0,"Position":333.65665,"HyperDash":false}

  40) The conversion generated differing hitobjects for object at time: 87504:
Expected: {"StartTime":87711.0,"Position":343.96973,"HyperDash":false}
Received: {"StartTime":87711.0,"Position":366.985,"HyperDash":false}

  41) The conversion generated differing hitobjects for object at time: 88129:
Expected: {"StartTime":88198.0,"Position":237.67624,"HyperDash":false}
Received: {"StartTime":88198.0,"Position":254.67116,"HyperDash":false}

  42) The conversion generated differing hitobjects for object at time: 88129:
Expected: {"StartTime":88267.0,"Position":223.35248,"HyperDash":false}
Received: {"StartTime":88267.0,"Position":216.34233,"HyperDash":false}

  43) The conversion generated differing hitobjects for object at time: 88129:
Expected: {"StartTime":88336.0,"Position":206.02872,"HyperDash":false}
Received: {"StartTime":88336.0,"Position":200.01349,"HyperDash":false}

  44) The conversion generated differing hitobjects for object at time: 88754:
Expected: {"StartTime":88754.0,"Position":475.0,"HyperDash":false}
Received: {"StartTime":88754.0,"Position":308.0,"HyperDash":false}

  45) The conversion generated differing hitobjects for object at time: 89066:
Expected: {"StartTime":89066.0,"Position":341.0,"HyperDash":false}
Received: {"StartTime":89066.0,"Position":508.0,"HyperDash":false}

  46) The conversion generated differing hitobjects for object at time: 89379:
Expected: {"StartTime":89379.0,"Position":432.0,"HyperDash":false}
Received: {"StartTime":89379.0,"Position":356.0,"HyperDash":false}

  47) The conversion generated differing hitobjects for object at time: 89691:
Expected: {"StartTime":89691.0,"Position":264.0,"HyperDash":false}
Received: {"StartTime":89691.0,"Position":340.0,"HyperDash":false}

  48) The conversion generated differing hitobjects for object at time: 90004:
Expected: {"StartTime":90004.0,"Position":255.0,"HyperDash":false}
Received: {"StartTime":90004.0,"Position":193.3289,"HyperDash":false}

  49) The conversion generated differing hitobjects for object at time: 90004:
Expected: {"StartTime":90062.0,"Position":294.0,"HyperDash":false}
Received: {"StartTime":90062.5625,"Position":0.7525797,"HyperDash":false}

  50) The conversion generated differing hitobjects for object at time: 90004:
Expected: {"StartTime":90121.0,"Position":354.0,"HyperDash":false}
Received: {"StartTime":90121.125,"Position":111.20658,"HyperDash":false}

  51) The conversion generated differing hitobjects for object at time: 90004:
Expected: {"StartTime":90179.0,"Position":270.0,"HyperDash":false}
Received: {"StartTime":90179.6875,"Position":358.97513,"HyperDash":false}

  52) The conversion generated differing hitobjects for object at time: 90004:
Expected: {"StartTime":90238.0,"Position":362.0,"HyperDash":false}
Received: {"StartTime":90238.25,"Position":476.7669,"HyperDash":false}

  53) The conversion generated differing hitobjects for object at time: 90004:
Expected: {"StartTime":90296.0,"Position":255.0,"HyperDash":false}
Received: {"StartTime":90296.8125,"Position":87.435165,"HyperDash":false}

  54) The conversion generated differing hitobjects for object at time: 90004:
Expected: {"StartTime":90355.0,"Position":203.0,"HyperDash":false}
Received: {"StartTime":90355.375,"Position":33.743027,"HyperDash":false}

  55) The conversion generated differing hitobjects for object at time: 90004:
Expected: {"StartTime":90413.0,"Position":67.0,"HyperDash":false}
Received: {"StartTime":90413.9375,"Position":166.75066,"HyperDash":false}

  56) The conversion generated differing hitobjects for object at time: 90004:
Expected: {"StartTime":90472.0,"Position":112.0,"HyperDash":false}
Received: {"StartTime":90472.5,"Position":275.98187,"HyperDash":false}

  57) The conversion generated differing hitobjects for object at time: 90004:
Expected: {"StartTime":90531.0,"Position":326.0,"HyperDash":false}
Received: {"StartTime":90531.0625,"Position":119.571075,"HyperDash":false}

  58) The conversion generated differing hitobjects for object at time: 90004:
Expected: {"StartTime":90589.0,"Position":219.0,"HyperDash":false}
Received: {"StartTime":90589.625,"Position":327.718,"HyperDash":false}

  59) The conversion generated differing hitobjects for object at time: 90004:
Expected: {"StartTime":90648.0,"Position":351.0,"HyperDash":false}
Received: {"StartTime":90648.1875,"Position":103.25127,"HyperDash":false}

  60) The conversion generated differing hitobjects for object at time: 90004:
Expected: {"StartTime":90706.0,"Position":477.0,"HyperDash":false}
Received: {"StartTime":90706.75,"Position":232.95831,"HyperDash":false}

  61) The conversion generated differing hitobjects for object at time: 90004:
Expected: {"StartTime":90765.0,"Position":439.0,"HyperDash":false}
Received: {"StartTime":90765.3125,"Position":75.10389,"HyperDash":false}

  62) The conversion generated differing hitobjects for object at time: 90004:
Expected: {"StartTime":90823.0,"Position":471.0,"HyperDash":false}
Received: {"StartTime":90823.875,"Position":59.30838,"HyperDash":false}

  63) The conversion generated differing hitobjects for object at time: 90004:
Expected: {"StartTime":90882.0,"Position":449.0,"HyperDash":false}
Received: {"StartTime":90882.4375,"Position":357.0784,"HyperDash":false}

  64) The conversion generated differing hitobjects for object at time: 90004:
Expected: {"StartTime":90941.0,"Position":295.0,"HyperDash":false}
Received: {"StartTime":90941.0,"Position":258.25974,"HyperDash":false}

  65) The conversion generated differing hitobjects for object at time: 91254:
Expected: {"StartTime":91332.0,"Position":109.18005,"HyperDash":false}
Received: {"StartTime":91332.0,"Position":130.1753,"HyperDash":false}

  66) The conversion generated differing hitobjects for object at time: 91254:
Expected: {"StartTime":91410.0,"Position":88.36357,"HyperDash":false}
Received: {"StartTime":91410.0,"Position":106.35758,"HyperDash":false}

  67) The conversion generated differing hitobjects for object at time: 91254:
Expected: {"StartTime":91488.0,"Position":92.07944,"HyperDash":false}
Received: {"StartTime":91488.0,"Position":79.082794,"HyperDash":false}

  68) The conversion generated differing hitobjects for object at time: 91254:
Expected: {"StartTime":91635.0,"Position":78.01627,"HyperDash":false}
Received: {"StartTime":91635.75,"Position":90.99348,"HyperDash":false}

  69) The conversion generated differing hitobjects for object at time: 91254:
Expected: {"StartTime":91704.0,"Position":103.14899,"HyperDash":false}
Received: {"StartTime":91705.0,"Position":87.10222,"HyperDash":false}

  70) The conversion generated differing hitobjects for object at time: 91254:
Expected: {"StartTime":91773.0,"Position":121.71713,"HyperDash":false}
Received: {"StartTime":91774.25,"Position":117.66553,"HyperDash":false}

  71) The conversion generated differing hitobjects for object at time: 92191:
Expected: {"StartTime":92191.0,"Position":380.0,"HyperDash":false}
Received: {"StartTime":92191.0,"Position":268.0,"HyperDash":false}

  72) The conversion generated differing hitobjects for object at time: 92504:
Expected: {"StartTime":92573.0,"Position":381.6738,"HyperDash":false}
Received: {"StartTime":92573.0,"Position":389.6687,"HyperDash":false}

  73) The conversion generated differing hitobjects for object at time: 92504:
Expected: {"StartTime":92642.0,"Position":369.34756,"HyperDash":false}
Received: {"StartTime":92642.0,"Position":356.3374,"HyperDash":false}

  74) The conversion generated differing hitobjects for object at time: 92504:
Expected: {"StartTime":92711.0,"Position":341.02136,"HyperDash":false}
Received: {"StartTime":92711.0,"Position":345.0061,"HyperDash":false}

  75) The conversion generated differing hitobjects for object at time: 93129:
Expected: {"StartTime":93198.0,"Position":177.32448,"HyperDash":false}
Received: {"StartTime":93198.0,"Position":164.32956,"HyperDash":false}

  76) The conversion generated differing hitobjects for object at time: 93129:
Expected: {"StartTime":93267.0,"Position":215.64896,"HyperDash":false}
Received: {"StartTime":93267.0,"Position":194.6591,"HyperDash":false}

  77) The conversion generated differing hitobjects for object at time: 93129:
Expected: {"StartTime":93336.0,"Position":211.97343,"HyperDash":false}
Received: {"StartTime":93336.0,"Position":215.98865,"HyperDash":false}

  78) The conversion generated differing hitobjects for object at time: 93754:
Expected: {"StartTime":93832.0,"Position":153.45576,"HyperDash":false}
Received: {"StartTime":93832.0,"Position":164.49977,"HyperDash":false}

  79) The conversion generated differing hitobjects for object at time: 93754:
Expected: {"StartTime":93988.0,"Position":219.36731,"HyperDash":false}
Received: {"StartTime":93988.0,"Position":222.49931,"HyperDash":false}

  80) The conversion generated differing hitobjects for object at time: 93754:
Expected: {"StartTime":94135.0,"Position":274.1109,"HyperDash":false}
Received: {"StartTime":94135.75,"Position":250.33087,"HyperDash":false}

  81) The conversion generated differing hitobjects for object at time: 93754:
Expected: {"StartTime":94204.0,"Position":309.39868,"HyperDash":false}
Received: {"StartTime":94205.0,"Position":294.66266,"HyperDash":false}

  82) The conversion generated differing hitobjects for object at time: 93754:
Expected: {"StartTime":94273.0,"Position":297.68646,"HyperDash":false}
Received: {"StartTime":94274.25,"Position":320.99448,"HyperDash":false}

  83) The conversion generated differing hitobjects for object at time: 94691:
Expected: {"StartTime":94691.0,"Position":98.0,"HyperDash":false}
Received: {"StartTime":94691.0,"Position":239.0,"HyperDash":false}

  84) The conversion generated differing hitobjects for object at time: 95004:
Expected: {"StartTime":95073.0,"Position":330.77582,"HyperDash":false}
Received: {"StartTime":95073.0,"Position":346.77075,"HyperDash":false}

  85) The conversion generated differing hitobjects for object at time: 95004:
Expected: {"StartTime":95142.0,"Position":308.55164,"HyperDash":false}
Received: {"StartTime":95142.0,"Position":312.54153,"HyperDash":false}

  86) The conversion generated differing hitobjects for object at time: 95004:
Expected: {"StartTime":95211.0,"Position":298.32745,"HyperDash":false}
Received: {"StartTime":95211.0,"Position":283.3123,"HyperDash":false}

  87) The conversion generated differing hitobjects for object at time: 95629:
Expected: {"StartTime":95698.0,"Position":100.173164,"HyperDash":false}
Received: {"StartTime":95698.0,"Position":93.17236,"HyperDash":false}

  88) The conversion generated differing hitobjects for object at time: 95629:
Expected: {"StartTime":95767.0,"Position":91.34632,"HyperDash":false}
Received: {"StartTime":95767.0,"Position":88.34473,"HyperDash":false}

  89) The conversion generated differing hitobjects for object at time: 95629:
Expected: {"StartTime":95836.0,"Position":85.519485,"HyperDash":false}
Received: {"StartTime":95836.0,"Position":92.51709,"HyperDash":false}

  90) The conversion generated differing hitobjects for object at time: 96254:
Expected: {"StartTime":96332.0,"Position":263.19333,"HyperDash":false}
Received: {"StartTime":96332.0,"Position":254.20517,"HyperDash":false}

  91) The conversion generated differing hitobjects for object at time: 96254:
Expected: {"StartTime":96410.0,"Position":297.39838,"HyperDash":false}
Received: {"StartTime":96410.0,"Position":285.39166,"HyperDash":false}

  92) The conversion generated differing hitobjects for object at time: 96254:
Expected: {"StartTime":96488.0,"Position":296.3632,"HyperDash":false}
Received: {"StartTime":96488.0,"Position":325.3625,"HyperDash":false}

  93) The conversion generated differing hitobjects for object at time: 96254:
Expected: {"StartTime":96635.0,"Position":328.29962,"HyperDash":false}
Received: {"StartTime":96635.75,"Position":308.40762,"HyperDash":false}

  94) The conversion generated differing hitobjects for object at time: 96254:
Expected: {"StartTime":96704.0,"Position":295.14124,"HyperDash":false}
Received: {"StartTime":96705.0,"Position":289.16418,"HyperDash":false}

  95) The conversion generated differing hitobjects for object at time: 96254:
Expected: {"StartTime":96773.0,"Position":274.06,"HyperDash":false}
Received: {"StartTime":96774.25,"Position":259.0967,"HyperDash":false}

  96) The conversion generated differing hitobjects for object at time: 97191:
Expected: {"StartTime":97191.0,"Position":497.0,"HyperDash":false}
Received: {"StartTime":97191.0,"Position":363.0,"HyperDash":false}

  97) The conversion generated differing hitobjects for object at time: 97504:
Expected: {"StartTime":97582.0,"Position":214.92293,"HyperDash":false}
Received: {"StartTime":97582.0,"Position":239.87953,"HyperDash":false}

  98) The conversion generated differing hitobjects for object at time: 97504:
Expected: {"StartTime":97660.0,"Position":177.84586,"HyperDash":false}
Received: {"StartTime":97660.0,"Position":205.75906,"HyperDash":false}

  99) The conversion generated differing hitobjects for object at time: 97504:
Expected: {"StartTime":97738.0,"Position":185.7688,"HyperDash":false}
Received: {"StartTime":97738.0,"Position":167.63861,"HyperDash":false}

  100) The conversion generated differing hitobjects for object at time: 97504:
Expected: {"StartTime":98023.0,"Position":222.20296,"HyperDash":false}
Received: {"StartTime":98024.25,"Position":234.5067,"HyperDash":false}

  101) The conversion generated differing hitobjects for object at time: 98754:
Expected: {"StartTime":98823.0,"Position":195.87537,"HyperDash":false}
Received: {"StartTime":98823.0,"Position":199.87033,"HyperDash":false}

  102) The conversion generated differing hitobjects for object at time: 98754:
Expected: {"StartTime":98892.0,"Position":193.75073,"HyperDash":false}
Received: {"StartTime":98892.0,"Position":169.74066,"HyperDash":false}

  103) The conversion generated differing hitobjects for object at time: 98754:
Expected: {"StartTime":98961.0,"Position":151.62608,"HyperDash":false}
Received: {"StartTime":98961.0,"Position":135.611,"HyperDash":false}

  104) The conversion generated differing hitobjects for object at time: 99379:
Expected: {"StartTime":99379.0,"Position":494.0,"HyperDash":false}
Received: {"StartTime":99379.0,"Position":293.0,"HyperDash":false}

  105) The conversion generated differing hitobjects for object at time: 99691:
Expected: {"StartTime":99691.0,"Position":298.0,"HyperDash":false}
Received: {"StartTime":99691.0,"Position":499.0,"HyperDash":false}

  106) The conversion generated differing hitobjects for object at time: 100004:
Expected: {"StartTime":100082.0,"Position":203.25685,"HyperDash":false}
Received: {"StartTime":100082.0,"Position":225.26987,"HyperDash":false}

  107) The conversion generated differing hitobjects for object at time: 100004:
Expected: {"StartTime":100160.0,"Position":168.00967,"HyperDash":false}
Received: {"StartTime":100160.0,"Position":182.03189,"HyperDash":false}

  108) The conversion generated differing hitobjects for object at time: 100004:
Expected: {"StartTime":100238.0,"Position":177.09488,"HyperDash":false}
Received: {"StartTime":100238.0,"Position":162.0853,"HyperDash":false}

  109) The conversion generated differing hitobjects for object at time: 100004:
Expected: {"StartTime":100454.0,"Position":110.29274,"HyperDash":false}
Received: {"StartTime":100455.0,"Position":125.340576,"HyperDash":false}

  110) The conversion generated differing hitobjects for object at time: 100004:
Expected: {"StartTime":100523.0,"Position":110.45374,"HyperDash":false}
Received: {"StartTime":100524.25,"Position":101.49542,"HyperDash":false}

  111) The conversion generated differing hitobjects for object at time: 100941:
Expected: {"StartTime":100941.0,"Position":349.0,"HyperDash":false}
Received: {"StartTime":100941.0,"Position":226.0,"HyperDash":false}

  112) The conversion generated differing hitobjects for object at time: 101254:
Expected: {"StartTime":101332.0,"Position":419.95773,"HyperDash":false}
Received: {"StartTime":101332.0,"Position":407.00235,"HyperDash":false}

  113) The conversion generated differing hitobjects for object at time: 101254:
Expected: {"StartTime":101410.0,"Position":426.29962,"HyperDash":false}
Received: {"StartTime":101410.0,"Position":416.38098,"HyperDash":false}

  114) The conversion generated differing hitobjects for object at time: 101254:
Expected: {"StartTime":101488.0,"Position":445.49066,"HyperDash":false}
Received: {"StartTime":101488.0,"Position":449.50763,"HyperDash":false}

  115) The conversion generated differing hitobjects for object at time: 101254:
Expected: {"StartTime":101635.0,"Position":451.60156,"HyperDash":false}
Received: {"StartTime":101635.75,"Position":446.54825,"HyperDash":false}

  116) The conversion generated differing hitobjects for object at time: 101254:
Expected: {"StartTime":101773.0,"Position":416.51627,"HyperDash":false}
Received: {"StartTime":101774.25,"Position":434.3151,"HyperDash":false}

  117) The conversion generated differing hitobjects for object at time: 102191:
Expected: {"StartTime":102191.0,"Position":135.0,"HyperDash":false}
Received: {"StartTime":102191.0,"Position":261.0,"HyperDash":false}

  118) The conversion generated differing hitobjects for object at time: 102504:
Expected: {"StartTime":102573.0,"Position":136.53656,"HyperDash":false}
Received: {"StartTime":102573.0,"Position":123.53584,"HyperDash":false}

  119) The conversion generated differing hitobjects for object at time: 102504:
Expected: {"StartTime":102642.0,"Position":127.07313,"HyperDash":false}
Received: {"StartTime":102642.0,"Position":124.071686,"HyperDash":false}

  120) The conversion generated differing hitobjects for object at time: 102504:
Expected: {"StartTime":102711.0,"Position":116.609695,"HyperDash":false}
Received: {"StartTime":102711.0,"Position":121.60753,"HyperDash":false}

  121) The conversion generated differing hitobjects for object at time: 103129:
Expected: {"StartTime":103198.0,"Position":284.32693,"HyperDash":false}
Received: {"StartTime":103198.0,"Position":290.332,"HyperDash":false}

  122) The conversion generated differing hitobjects for object at time: 103129:
Expected: {"StartTime":103267.0,"Position":309.65384,"HyperDash":false}
Received: {"StartTime":103267.0,"Position":288.664,"HyperDash":false}

  123) The conversion generated differing hitobjects for object at time: 103129:
Expected: {"StartTime":103336.0,"Position":338.98077,"HyperDash":false}
Received: {"StartTime":103336.0,"Position":320.996,"HyperDash":false}

  124) The conversion generated differing hitobjects for object at time: 103754:
Expected: {"StartTime":103910.0,"Position":155.66637,"HyperDash":false}
Received: {"StartTime":103910.0,"Position":174.59001,"HyperDash":false}

  125) The conversion generated differing hitobjects for object at time: 103754:
Expected: {"StartTime":104135.0,"Position":85.44563,"HyperDash":false}
Received: {"StartTime":104135.75,"Position":97.333176,"HyperDash":false}

  126) The conversion generated differing hitobjects for object at time: 103754:
Expected: {"StartTime":104204.0,"Position":103.50519,"HyperDash":false}
Received: {"StartTime":104205.0,"Position":85.363174,"HyperDash":false}

  127) The conversion generated differing hitobjects for object at time: 103754:
Expected: {"StartTime":104273.0,"Position":78.09056,"HyperDash":false}
Received: {"StartTime":104274.25,"Position":89.05728,"HyperDash":false}

  128) The conversion generated differing hitobjects for object at time: 104691:
Expected: {"StartTime":104691.0,"Position":353.0,"HyperDash":false}
Received: {"StartTime":104691.0,"Position":216.0,"HyperDash":false}

  129) The conversion generated differing hitobjects for object at time: 105004:
Expected: {"StartTime":105073.0,"Position":360.16986,"HyperDash":false}
Received: {"StartTime":105073.0,"Position":365.1703,"HyperDash":false}

  130) The conversion generated differing hitobjects for object at time: 105004:
Expected: {"StartTime":105142.0,"Position":374.3397,"HyperDash":false}
Received: {"StartTime":105142.0,"Position":369.3406,"HyperDash":false}

  131) The conversion generated differing hitobjects for object at time: 105004:
Expected: {"StartTime":105211.0,"Position":369.50955,"HyperDash":false}
Received: {"StartTime":105211.0,"Position":365.5109,"HyperDash":false}

  132) The conversion generated differing hitobjects for object at time: 105629:
Expected: {"StartTime":105698.0,"Position":245.2746,"HyperDash":false}
Received: {"StartTime":105698.0,"Position":250.27966,"HyperDash":false}

  133) The conversion generated differing hitobjects for object at time: 105629:
Expected: {"StartTime":105767.0,"Position":263.5492,"HyperDash":false}
Received: {"StartTime":105767.0,"Position":254.55933,"HyperDash":false}

  134) The conversion generated differing hitobjects for object at time: 106254:
Expected: {"StartTime":106332.0,"Position":181.33052,"HyperDash":false}
Received: {"StartTime":106332.0,"Position":204.33052,"HyperDash":false}

  135) The conversion generated differing hitobjects for object at time: 106254:
Expected: {"StartTime":106410.0,"Position":231.66104,"HyperDash":false}
Received: {"StartTime":106410.0,"Position":221.66104,"HyperDash":false}

  136) The conversion generated differing hitobjects for object at time: 106254:
Expected: {"StartTime":106635.0,"Position":308.49908,"HyperDash":false}
Received: {"StartTime":106635.75,"Position":283.5041,"HyperDash":false}

  137) The conversion generated differing hitobjects for object at time: 106254:
Expected: {"StartTime":106704.0,"Position":315.6761,"HyperDash":false}
Received: {"StartTime":106705.0,"Position":326.68616,"HyperDash":false}

  138) The conversion generated differing hitobjects for object at time: 106254:
Expected: {"StartTime":106773.0,"Position":330.8531,"HyperDash":false}
Received: {"StartTime":106774.25,"Position":356.8682,"HyperDash":false}

  139) The conversion generated differing hitobjects for object at time: 107191:
Expected: {"StartTime":107191.0,"Position":64.0,"HyperDash":false}
Received: {"StartTime":107191.0,"Position":244.0,"HyperDash":false}

  140) The conversion generated differing hitobjects for object at time: 107504:
Expected: {"StartTime":107582.0,"Position":367.98373,"HyperDash":false}
Received: {"StartTime":107582.0,"Position":362.98373,"HyperDash":false}

  141) The conversion generated differing hitobjects for object at time: 107504:
Expected: {"StartTime":107660.0,"Position":346.96747,"HyperDash":false}
Received: {"StartTime":107660.0,"Position":323.96747,"HyperDash":false}

  142) The conversion generated differing hitobjects for object at time: 107504:
Expected: {"StartTime":107738.0,"Position":308.9512,"HyperDash":false}
Received: {"StartTime":107738.0,"Position":295.95123,"HyperDash":false}

  143) The conversion generated differing hitobjects for object at time: 107504:
Expected: {"StartTime":107885.0,"Position":292.83395,"HyperDash":false}
Received: {"StartTime":107885.75,"Position":297.83893,"HyperDash":false}

  144) The conversion generated differing hitobjects for object at time: 107504:
Expected: {"StartTime":108023.0,"Position":344.63196,"HyperDash":false}
Received: {"StartTime":108024.25,"Position":339.6469,"HyperDash":false}

  145) The conversion generated differing hitobjects for object at time: 108441:
Expected: {"StartTime":108441.0,"Position":219.0,"HyperDash":false}
Received: {"StartTime":108441.0,"Position":244.0,"HyperDash":false}

  146) The conversion generated differing hitobjects for object at time: 108754:
Expected: {"StartTime":108823.0,"Position":80.78087,"HyperDash":false}
Received: {"StartTime":108823.0,"Position":84.78041,"HyperDash":false}

  147) The conversion generated differing hitobjects for object at time: 108754:
Expected: {"StartTime":108892.0,"Position":79.56174,"HyperDash":false}
Received: {"StartTime":108892.0,"Position":101.560814,"HyperDash":false}

  148) The conversion generated differing hitobjects for object at time: 108754:
Expected: {"StartTime":108961.0,"Position":79.34261,"HyperDash":false}
Received: {"StartTime":108961.0,"Position":85.341225,"HyperDash":false}

  149) The conversion generated differing hitobjects for object at time: 109379:
Expected: {"StartTime":109448.0,"Position":259.2614,"HyperDash":false}
Received: {"StartTime":109448.0,"Position":270.26648,"HyperDash":false}

  150) The conversion generated differing hitobjects for object at time: 109379:
Expected: {"StartTime":109517.0,"Position":268.52286,"HyperDash":false}
Received: {"StartTime":109517.0,"Position":286.533,"HyperDash":false}

  151) The conversion generated differing hitobjects for object at time: 109379:
Expected: {"StartTime":109586.0,"Position":318.7843,"HyperDash":false}
Received: {"StartTime":109586.0,"Position":308.79947,"HyperDash":false}

  152) The conversion generated differing hitobjects for object at time: 110004:
Expected: {"StartTime":110082.0,"Position":220.45372,"HyperDash":false}
Received: {"StartTime":110082.0,"Position":194.45372,"HyperDash":false}

  153) The conversion generated differing hitobjects for object at time: 110004:
Expected: {"StartTime":110160.0,"Position":245.90744,"HyperDash":false}
Received: {"StartTime":110160.0,"Position":251.90742,"HyperDash":false}

  154) The conversion generated differing hitobjects for object at time: 110004:
Expected: {"StartTime":110238.0,"Position":248.36115,"HyperDash":false}
Received: {"StartTime":110238.0,"Position":259.36115,"HyperDash":false}

  155) The conversion generated differing hitobjects for object at time: 110004:
Expected: {"StartTime":110385.0,"Position":310.10083,"HyperDash":false}
Received: {"StartTime":110385.75,"Position":303.1059,"HyperDash":false}

  156) The conversion generated differing hitobjects for object at time: 110004:
Expected: {"StartTime":110454.0,"Position":355.38684,"HyperDash":false}
Received: {"StartTime":110455.0,"Position":333.39694,"HyperDash":false}

  157) The conversion generated differing hitobjects for object at time: 110004:
Expected: {"StartTime":110523.0,"Position":350.6728,"HyperDash":false}
Received: {"StartTime":110524.25,"Position":374.688,"HyperDash":false}

  158) The conversion generated differing hitobjects for object at time: 110941:
Expected: {"StartTime":110941.0,"Position":108.0,"HyperDash":false}
Received: {"StartTime":110941.0,"Position":266.0,"HyperDash":false}

  159) The conversion generated differing hitobjects for object at time: 111254:
Expected: {"StartTime":111323.0,"Position":102.78087,"HyperDash":false}
Received: {"StartTime":111323.0,"Position":109.78041,"HyperDash":false}

  160) The conversion generated differing hitobjects for object at time: 111254:
Expected: {"StartTime":111392.0,"Position":118.56174,"HyperDash":false}
Received: {"StartTime":111392.0,"Position":126.560814,"HyperDash":false}

  161) The conversion generated differing hitobjects for object at time: 111254:
Expected: {"StartTime":111461.0,"Position":104.34261,"HyperDash":false}
Received: {"StartTime":111461.0,"Position":101.341225,"HyperDash":false}

  162) The conversion generated differing hitobjects for object at time: 111879:
Expected: {"StartTime":111948.0,"Position":284.2614,"HyperDash":false}
Received: {"StartTime":111948.0,"Position":279.26648,"HyperDash":false}

  163) The conversion generated differing hitobjects for object at time: 111879:
Expected: {"StartTime":112017.0,"Position":284.52286,"HyperDash":false}
Received: {"StartTime":112017.0,"Position":300.533,"HyperDash":false}

  164) The conversion generated differing hitobjects for object at time: 111879:
Expected: {"StartTime":112086.0,"Position":327.7843,"HyperDash":false}
Received: {"StartTime":112086.0,"Position":314.79947,"HyperDash":false}

  165) The conversion generated differing hitobjects for object at time: 112504:
Expected: {"StartTime":112582.0,"Position":234.45372,"HyperDash":false}
Received: {"StartTime":112582.0,"Position":217.45372,"HyperDash":false}

  166) The conversion generated differing hitobjects for object at time: 112504:
Expected: {"StartTime":112660.0,"Position":250.90744,"HyperDash":false}
Received: {"StartTime":112660.0,"Position":266.9074,"HyperDash":false}

  167) The conversion generated differing hitobjects for object at time: 112504:
Expected: {"StartTime":112738.0,"Position":271.36115,"HyperDash":false}
Received: {"StartTime":112738.0,"Position":293.36115,"HyperDash":false}

  168) The conversion generated differing hitobjects for object at time: 112504:
Expected: {"StartTime":112954.0,"Position":347.38684,"HyperDash":false}
Received: {"StartTime":112955.0,"Position":340.39694,"HyperDash":false}

  169) The conversion generated differing hitobjects for object at time: 113441:
Expected: {"StartTime":113441.0,"Position":123.0,"HyperDash":false}
Received: {"StartTime":113441.0,"Position":281.0,"HyperDash":false}

  170) The conversion generated differing hitobjects for object at time: 113754:
Expected: {"StartTime":113754.0,"Position":151.0,"HyperDash":false}
Received: {"StartTime":113754.0,"Position":137.0,"HyperDash":false}

  171) The conversion generated differing hitobjects for object at time: 113910:
Expected: {"StartTime":113910.0,"Position":103.0,"HyperDash":false}
Received: {"StartTime":113910.0,"Position":117.0,"HyperDash":false}

  172) The conversion generated differing hitobjects for object at time: 114379:
Expected: {"StartTime":114478.0,"Position":299.4618,"HyperDash":false}
Received: {"StartTime":114478.0,"Position":304.46252,"HyperDash":false}

  173) The conversion generated differing hitobjects for object at time: 114847:
Expected: {"StartTime":114925.0,"Position":253.43771,"HyperDash":false}
Received: {"StartTime":114925.0,"Position":242.43771,"HyperDash":false}

  174) The conversion generated differing hitobjects for object at time: 114847:
Expected: {"StartTime":115219.0,"Position":346.8568,"HyperDash":false}
Received: {"StartTime":115219.5,"Position":327.86694,"HyperDash":false}

  175) The conversion generated differing hitobjects for object at time: 115629:
Expected: {"StartTime":115629.0,"Position":141.0,"HyperDash":false}
Received: {"StartTime":115629.0,"Position":265.0,"HyperDash":false}


  Stack Trace:
     at osu.Game.Tests.Beatmaps.BeatmapConversionTest`2.Test(String name, Type[] mods) in /app/osu.Game/Tests/Beatmaps/BeatmapConversionTest.cs:line 50
   at osu.Game.Rulesets.Catch.Tests.CatchBeatmapConversionTest.Test(String name, Type[] mods) in /app/osu.Game.Rulesets.Catch.Tests/CatchBeatmapConversionTest.cs:line 58
   at InvokeStub_CatchBeatmapConversionTest.Test(Object, Span`1)

1)    at osu.Game.Tests.Beatmaps.BeatmapConversionTest`2.<>c__DisplayClass4_1.<Test>b__2() in /app/osu.Game/Tests/Beatmaps/BeatmapConversionTest.cs:line 98
   at NUnit.Framework.Assert.Multiple(TestDelegate testDelegate)
   at osu.Game.Tests.Beatmaps.BeatmapConversionTest`2.<>c__DisplayClass4_0.<Test>b__1() in /app/osu.Game/Tests/Beatmaps/BeatmapConversionTest.cs:line 77
   at NUnit.Framework.Assert.Multiple(TestDelegate testDelegate)
   at osu.Game.Tests.Beatmaps.BeatmapConversionTest`2.Test(String name, Type[] mods) in /app/osu.Game/Tests/Beatmaps/BeatmapConversionTest.cs:line 50
   at osu.Game.Rulesets.Catch.Tests.CatchBeatmapConversionTest.Test(String name, Type[] mods) in /app/osu.Game.Rulesets.Catch.Tests/CatchBeatmapConversionTest.cs:line 58
   at InvokeStub_CatchBeatmapConversionTest.Test(Object, Span`1)

2)    at osu.Game.Tests.Beatmaps.BeatmapConversionTest`2.<>c__DisplayClass4_1.<Test>b__2() in /app/osu.Game/Tests/Beatmaps/BeatmapConversionTest.cs:line 98
   at NUnit.Framework.Assert.Multiple(TestDelegate testDelegate)
   at osu.Game.Tests.Beatmaps.BeatmapConversionTest`2.<>c__DisplayClass4_0.<Test>b__1() in /app/osu.Game/Tests/Beatmaps/BeatmapConversionTest.cs:line 77
   at NUnit.Framework.Assert.Multiple(TestDelegate testDelegate)
   at osu.Game.Tests.Beatmaps.BeatmapConversionTest`2.Test(String name, Type[] mods) in /app/osu.Game/Tests/Beatmaps/BeatmapConversionTest.cs:line 50
   at osu.Game.Rulesets.Catch.Tests.CatchBeatmapConversionTest.Test(String name, Type[] mods) in /app/osu.Game.Rulesets.Catch.Tests/CatchBeatmapConversionTest.cs:line 58
   at InvokeStub_CatchBeatmapConversionTest.Test(Object, Span`1)

3)    at osu.Game.Tests.Beatmaps.BeatmapConversionTest`2.<>c__DisplayClass4_1.<Test>b__2() in /app/osu.Game/Tests/Beatmaps/BeatmapConversionTest.cs:line 98
   at NUnit.Framework.Assert.Multiple(TestDelegate testDelegate)
   at osu.Game.Tests.Beatmaps.BeatmapConversionTest`2.<>c__DisplayClass4_0.<Test>b__1() in /app/osu.Game/Tests/Beatmaps/BeatmapConversionTest.cs:line 77
   at NUnit.Framework.Assert.Multiple(TestDelegate testDelegate)
   at osu.Game.Tests.Beatmaps.BeatmapConversionTest`2.Test(String name, Type[] mods) in /app/osu.Game/Tests/Beatmaps/BeatmapConversionTest.cs:line 50
   at osu.Game.Rulesets.Catch.Tests.CatchBeatmapConversionTest.Test(String name, Type[] mods) in /app/osu.Game.Rulesets.Catch.Tests/CatchBeatmapConversionTest.cs:line 58
   at InvokeStub_CatchBeatmapConversionTest.Test(Object, Span`1)

4)    at osu.Game.Tests.Beatmaps.BeatmapConversionTest`2.<>c__DisplayClass4_1.<Test>b__2() in /app/osu.Game/Tests/Beatmaps/BeatmapConversionTest.cs:line 98
   at NUnit.Framework.Assert.Multiple(TestDelegate testDelegate)
   at osu.Game.Tests.Beatmaps.BeatmapConversionTest`2.<>c__DisplayClass4_0.<Test>b__1() in /app/osu.Game/Tests/Beatmaps/BeatmapConversionTest.cs:line 77
   at NUnit.Framework.Assert.Multiple(TestDelegate testDelegate)
   at osu.Game.Tests.Beatmaps.BeatmapConversionTest`2.Test(String name, Type[] mods) in /app/osu.Game/Tests/Beatmaps/BeatmapConversionTest.cs:line 50
   at osu.Game.Rulesets.Catch.Tests.CatchBeatmapConversionTest.Test(String name, Type[] mods) in /app/osu.Game.Rulesets.Catch.Tests/CatchBeatmapConversionTest.cs:line 58
   at InvokeStub_CatchBeatmapConversionTest.Test(Object, Span`1)

5)    at osu.Game.Tests.Beatmaps.BeatmapConversionTest`2.<>c__DisplayClass4_1.<Test>b__2() in /app/osu.Game/Tests/Beatmaps/BeatmapConversionTest.cs:line 98
   at NUnit.Framework.Assert.Multiple(TestDelegate testDelegate)
   at osu.Game.Tests.Beatmaps.BeatmapConversionTest`2.<>c__DisplayClass4_0.<Test>b__1() in /app/osu.Game/Tests/Beatmaps/BeatmapConversionTest.cs:line 77
   at NUnit.Framework.Assert.Multiple(TestDelegate testDelegate)
   at osu.Game.Tests.Beatmaps.BeatmapConversionTest`2.Test(String name, Type[] mods) in /app/osu.Game/Tests/Beatmaps/BeatmapConversionTest.cs:line 50
   at osu.Game.Rulesets.Catch.Tests.CatchBeatmapConversionTest.Test(String name, Type[] mods) in /app/osu.Game.Rulesets.Catch.Tests/CatchBeatmapConversionTest.cs:line 58
   at InvokeStub_CatchBeatmapConversionTest.Test(Object, Span`1)

6)    at osu.Game.Tests.Beatmaps.BeatmapConversionTest`2.<>c__DisplayClass4_1.<Test>b__2() in /app/osu.Game/Tests/Beatmaps/BeatmapConversionTest.cs:line 98
   at NUnit.Framework.Assert.Multiple(TestDelegate testDelegate)
   at osu.Game.Tests.Beatmaps.BeatmapConversionTest`2.<>c__DisplayClass4_0.<Test>b__1() in /app/osu.Game/Tests/Beatmaps/BeatmapConversionTest.cs:line 77
   at NUnit.Framework.Assert.Multiple(TestDelegate testDelegate)
   at osu.Game.Tests.Beatmaps.BeatmapConversionTest`2.Test(String name, Type[] mods) in /app/osu.Game/Tests/Beatmaps/BeatmapConversionTest.cs:line 50
   at osu.Game.Rulesets.Catch.Tests.CatchBeatmapConversionTest.Test(String name, Type[] mods) in /app/osu.Game.Rulesets.Catch.Tests/CatchBeatmapConversionTest.cs:line 58
   at InvokeStub_CatchBeatmapConversionTest.Test(Object, Span`1)

7)    at osu.Game.Tests.Beatmaps.BeatmapConversionTest`2.<>c__DisplayClass4_1.<Test>b__2() in /app/osu.Game/Tests/Beatmaps/BeatmapConversionTest.cs:line 98
   at NUnit.Framework.Assert.Multiple(TestDelegate testDelegate)
   at osu.Game.Tests.Beatmaps.BeatmapConversionTest`2.<>c__DisplayClass4_0.<Test>b__1() in /app/osu.Game/Tests/Beatmaps/BeatmapConversionTest.cs:line 77
   at NUnit.Framework.Assert.Multiple(TestDelegate testDelegate)
   at osu.Game.Tests.Beatmaps.BeatmapConversionTest`2.Test(String name, Type[] mods) in /app/osu.Game/Tests/Beatmaps/BeatmapConversionTest.cs:line 50
   at osu.Game.Rulesets.Catch.Tests.CatchBeatmapConversionTest.Test(String name, Type[] mods) in /app/osu.Game.Rulesets.Catch.Tests/CatchBeatmapConversionTest.cs:line 58
   at InvokeStub_CatchBeatmapConversionTest.Test(Object, Span`1)

8)    at osu.Game.Tests.Beatmaps.BeatmapConversionTest`2.<>c__DisplayClass4_1.<Test>b__2() in /app/osu.Game/Tests/Beatmaps/BeatmapConversionTest.cs:line 98
   at NUnit.Framework.Assert.Multiple(TestDelegate testDelegate)
   at osu.Game.Tests.Beatmaps.BeatmapConversionTest`2.<>c__DisplayClass4_0.<Test>b__1() in /app/osu.Game/Tests/Beatmaps/BeatmapConversionTest.cs:line 77
   at NUnit.Framework.Assert.Multiple(TestDelegate testDelegate)
   at osu.Game.Tests.Beatmaps.BeatmapConversionTest`2.Test(String name, Type[] mods) in /app/osu.Game/Tests/Beatmaps/BeatmapConversionTest.cs:line 50
   at osu.Game.Rulesets.Catch.Tests.CatchBeatmapConversionTest.Test(String name, Type[] mods) in /app/osu.Game.Rulesets.Catch.Tests/CatchBeatmapConversionTest.cs:line 58
   at InvokeStub_CatchBeatmapConversionTest.Test(Object, Span`1)

9)    at osu.Game.Tests.Beatmaps.BeatmapConversionTest`2.<>c__DisplayClass4_1.<Test>b__2() in /app/osu.Game/Tests/Beatmaps/BeatmapConversionTest.cs:line 98
   at NUnit.Framework.Assert.Multiple(TestDelegate testDelegate)
   at osu.Game.Tests.Beatmaps.BeatmapConversionTest`2.<>c__DisplayClass4_0.<Test>b__1() in /app/osu.Game/Tests/Beatmaps/BeatmapConversionTest.cs:line 77
   at NUnit.Framework.Assert.Multiple(TestDelegate testDelegate)
   at osu.Game.Tests.Beatmaps.BeatmapConversionTest`2.Test(String name, Type[] mods) in /app/osu.Game/Tests/Beatmaps/BeatmapConversionTest.cs:line 50
   at osu.Game.Rulesets.Catch.Tests.CatchBeatmapConversionTest.Test(String name, Type[] mods) in /app/osu.Game.Rulesets.Catch.Tests/CatchBeatmapConversionTest.cs:line 58
   at InvokeStub_CatchBeatmapConversionTest.Test(Object, Span`1)

10)    at osu.Game.Tests.Beatmaps.BeatmapConversionTest`2.<>c__DisplayClass4_1.<Test>b__2() in /app/osu.Game/Tests/Beatmaps/BeatmapConversionTest.cs:line 98
   at NUnit.Framework.Assert.Multiple(TestDelegate testDelegate)
   at osu.Game.Tests.Beatmaps.BeatmapConversionTest`2.<>c__DisplayClass4_0.<Test>b__1() in /app/osu.Game/Tests/Beatmaps/BeatmapConversionTest.cs:line 77
   at NUnit.Framework.Assert.Multiple(TestDelegate testDelegate)
   at osu.Game.Tests.Beatmaps.BeatmapConversionTest`2.Test(String name, Type[] mods) in /app/osu.Game/Tests/Beatmaps/BeatmapConversionTest.cs:line 50
   at osu.Game.Rulesets.Catch.Tests.CatchBeatmapConversionTest.Test(String name, Type[] mods) in /app/osu.Game.Rulesets.Catch.Tests/CatchBeatmapConversionTest.cs:line 58
   at InvokeStub_CatchBeatmapConversionTest.Test(Object, Span`1)

11)    at osu.Game.Tests.Beatmaps.BeatmapConversionTest`2.<>c__DisplayClass4_1.<Test>b__2() in /app/osu.Game/Tests/Beatmaps/BeatmapConversionTest.cs:line 98
   at NUnit.Framework.Assert.Multiple(TestDelegate testDelegate)
   at osu.Game.Tests.Beatmaps.BeatmapConversionTest`2.<>c__DisplayClass4_0.<Test>b__1() in /app/osu.Game/Tests/Beatmaps/BeatmapConversionTest.cs:line 77
   at NUnit.Framework.Assert.Multiple(TestDelegate testDelegate)
   at osu.Game.Tests.Beatmaps.BeatmapConversionTest`2.Test(String name, Type[] mods) in /app/osu.Game/Tests/Beatmaps/BeatmapConversionTest.cs:line 50
   at osu.Game.Rulesets.Catch.Tests.CatchBeatmapConversionTest.Test(String name, Type[] mods) in /app/osu.Game.Rulesets.Catch.Tests/CatchBeatmapConversionTest.cs:line 58
   at InvokeStub_CatchBeatmapConversionTest.Test(Object, Span`1)

12)    at osu.Game.Tests.Beatmaps.BeatmapConversionTest`2.<>c__DisplayClass4_1.<Test>b__2() in /app/osu.Game/Tests/Beatmaps/BeatmapConversionTest.cs:line 98
   at NUnit.Framework.Assert.Multiple(TestDelegate testDelegate)
   at osu.Game.Tests.Beatmaps.BeatmapConversionTest`2.<>c__DisplayClass4_0.<Test>b__1() in /app/osu.Game/Tests/Beatmaps/BeatmapConversionTest.cs:line 77
   at NUnit.Framework.Assert.Multiple(TestDelegate testDelegate)
   at osu.Game.Tests.Beatmaps.BeatmapConversionTest`2.Test(String name, Type[] mods) in /app/osu.Game/Tests/Beatmaps/BeatmapConversionTest.cs:line 50
   at osu.Game.Rulesets.Catch.Tests.CatchBeatmapConversionTest.Test(String name, Type[] mods) in /app/osu.Game.Rulesets.Catch.Tests/CatchBeatmapConversionTest.cs:line 58
   at InvokeStub_CatchBeatmapConversionTest.Test(Object, Span`1)

13)    at osu.Game.Tests.Beatmaps.BeatmapConversionTest`2.<>c__DisplayClass4_1.<Test>b__2() in /app/osu.Game/Tests/Beatmaps/BeatmapConversionTest.cs:line 98
   at NUnit.Framework.Assert.Multiple(TestDelegate testDelegate)
   at osu.Game.Tests.Beatmaps.BeatmapConversionTest`2.<>c__DisplayClass4_0.<Test>b__1() in /app/osu.Game/Tests/Beatmaps/BeatmapConversionTest.cs:line 77
   at NUnit.Framework.Assert.Multiple(TestDelegate testDelegate)
   at osu.Game.Tests.Beatmaps.BeatmapConversionTest`2.Test(String name, Type[] mods) in /app/osu.Game/Tests/Beatmaps/BeatmapConversionTest.cs:line 50
   at osu.Game.Rulesets.Catch.Tests.CatchBeatmapConversionTest.Test(String name, Type[] mods) in /app/osu.Game.Rulesets.Catch.Tests/CatchBeatmapConversionTest.cs:line 58
   at InvokeStub_CatchBeatmapConversionTest.Test(Object, Span`1)

14)    at osu.Game.Tests.Beatmaps.BeatmapConversionTest`2.<>c__DisplayClass4_1.<Test>b__2() in /app/osu.Game/Tests/Beatmaps/BeatmapConversionTest.cs:line 98
   at NUnit.Framework.Assert.Multiple(TestDelegate testDelegate)
   at osu.Game.Tests.Beatmaps.BeatmapConversionTest`2.<>c__DisplayClass4_0.<Test>b__1() in /app/osu.Game/Tests/Beatmaps/BeatmapConversionTest.cs:line 77
   at NUnit.Framework.Assert.Multiple(TestDelegate testDelegate)
   at osu.Game.Tests.Beatmaps.BeatmapConversionTest`2.Test(String name, Type[] mods) in /app/osu.Game/Tests/Beatmaps/BeatmapConversionTest.cs:line 50
   at osu.Game.Rulesets.Catch.Tests.CatchBeatmapConversionTest.Test(String name, Type[] mods) in /app/osu.Game.Rulesets.Catch.Tests/CatchBeatmapConversionTest.cs:line 58
   at InvokeStub_CatchBeatmapConversionTest.Test(Object, Span`1)

15)    at osu.Game.Tests.Beatmaps.BeatmapConversionTest`2.<>c__DisplayClass4_1.<Test>b__2() in /app/osu.Game/Tests/Beatmaps/BeatmapConversionTest.cs:line 98
   at NUnit.Framework.Assert.Multiple(TestDelegate testDelegate)
   at osu.Game.Tests.Beatmaps.BeatmapConversionTest`2.<>c__DisplayClass4_0.<Test>b__1() in /app/osu.Game/Tests/Beatmaps/BeatmapConversionTest.cs:line 77
   at NUnit.Framework.Assert.Multiple(TestDelegate testDelegate)
   at osu.Game.Tests.Beatmaps.BeatmapConversionTest`2.Test(String name, Type[] mods) in /app/osu.Game/Tests/Beatmaps/BeatmapConversionTest.cs:line 50
   at osu.Game.Rulesets.Catch.Tests.CatchBeatmapConversionTest.Test(String name, Type[] mods) in /app/osu.Game.Rulesets.Catch.Tests/CatchBeatmapConversionTest.cs:line 58
   at InvokeStub_CatchBeatmapConversionTest.Test(Object, Span`1)

16)    at osu.Game.Tests.Beatmaps.BeatmapConversionTest`2.<>c__DisplayClass4_1.<Test>b__2() in /app/osu.Game/Tests/Beatmaps/BeatmapConversionTest.cs:line 98
   at NUnit.Framework.Assert.Multiple(TestDelegate testDelegate)
   at osu.Game.Tests.Beatmaps.BeatmapConversionTest`2.<>c__DisplayClass4_0.<Test>b__1() in /app/osu.Game/Tests/Beatmaps/BeatmapConversionTest.cs:line 77
   at NUnit.Framework.Assert.Multiple(TestDelegate testDelegate)
   at osu.Game.Tests.Beatmaps.BeatmapConversionTest`2.Test(String name, Type[] mods) in /app/osu.Game/Tests/Beatmaps/BeatmapConversionTest.cs:line 50
   at osu.Game.Rulesets.Catch.Tests.CatchBeatmapConversionTest.Test(String name, Type[] mods) in /app/osu.Game.Rulesets.Catch.Tests/CatchBeatmapConversionTest.cs:line 58
   at InvokeStub_CatchBeatmapConversionTest.Test(Object, Span`1)

17)    at osu.Game.Tests.Beatmaps.BeatmapConversionTest`2.<>c__DisplayClass4_1.<Test>b__2() in /app/osu.Game/Tests/Beatmaps/BeatmapConversionTest.cs:line 98
   at NUnit.Framework.Assert.Multiple(TestDelegate testDelegate)
   at osu.Game.Tests.Beatmaps.BeatmapConversionTest`2.<>c__DisplayClass4_0.<Test>b__1() in /app/osu.Game/Tests/Beatmaps/BeatmapConversionTest.cs:line 77
   at NUnit.Framework.Assert.Multiple(TestDelegate testDelegate)
   at osu.Game.Tests.Beatmaps.BeatmapConversionTest`2.Test(String name, Type[] mods) in /app/osu.Game/Tests/Beatmaps/BeatmapConversionTest.cs:line 50
   at osu.Game.Rulesets.Catch.Tests.CatchBeatmapConversionTest.Test(String name, Type[] mods) in /app/osu.Game.Rulesets.Catch.Tests/CatchBeatmapConversionTest.cs:line 58
   at InvokeStub_CatchBeatmapConversionTest.Test(Object, Span`1)

18)    at osu.Game.Tests.Beatmaps.BeatmapConversionTest`2.<>c__DisplayClass4_1.<Test>b__2() in /app/osu.Game/Tests/Beatmaps/BeatmapConversionTest.cs:line 98
   at NUnit.Framework.Assert.Multiple(TestDelegate testDelegate)
   at osu.Game.Tests.Beatmaps.BeatmapConversionTest`2.<>c__DisplayClass4_0.<Test>b__1() in /app/osu.Game/Tests/Beatmaps/BeatmapConversionTest.cs:line 77
   at NUnit.Framework.Assert.Multiple(TestDelegate testDelegate)
   at osu.Game.Tests.Beatmaps.BeatmapConversionTest`2.Test(String name, Type[] mods) in /app/osu.Game/Tests/Beatmaps/BeatmapConversionTest.cs:line 50
   at osu.Game.Rulesets.Catch.Tests.CatchBeatmapConversionTest.Test(String name, Type[] mods) in /app/osu.Game.Rulesets.Catch.Tests/CatchBeatmapConversionTest.cs:line 58
   at InvokeStub_CatchBeatmapConversionTest.Test(Object, Span`1)

19)    at osu.Game.Tests.Beatmaps.BeatmapConversionTest`2.<>c__DisplayClass4_1.<Test>b__2() in /app/osu.Game/Tests/Beatmaps/BeatmapConversionTest.cs:line 98
   at NUnit.Framework.Assert.Multiple(TestDelegate testDelegate)
   at osu.Game.Tests.Beatmaps.BeatmapConversionTest`2.<>c__DisplayClass4_0.<Test>b__1() in /app/osu.Game/Tests/Beatmaps/BeatmapConversionTest.cs:line 77
   at NUnit.Framework.Assert.Multiple(TestDelegate testDelegate)
   at osu.Game.Tests.Beatmaps.BeatmapConversionTest`2.Test(String name, Type[] mods) in /app/osu.Game/Tests/Beatmaps/BeatmapConversionTest.cs:line 50
   at osu.Game.Rulesets.Catch.Tests.CatchBeatmapConversionTest.Test(String name, Type[] mods) in /app/osu.Game.Rulesets.Catch.Tests/CatchBeatmapConversionTest.cs:line 58
   at InvokeStub_CatchBeatmapConversionTest.Test(Object, Span`1)

20)    at osu.Game.Tests.Beatmaps.BeatmapConversionTest`2.<>c__DisplayClass4_1.<Test>b__2() in /app/osu.Game/Tests/Beatmaps/BeatmapConversionTest.cs:line 98
   at NUnit.Framework.Assert.Multiple(TestDelegate testDelegate)
   at osu.Game.Tests.Beatmaps.BeatmapConversionTest`2.<>c__DisplayClass4_0.<Test>b__1() in /app/osu.Game/Tests/Beatmaps/BeatmapConversionTest.cs:line 77
   at NUnit.Framework.Assert.Multiple(TestDelegate testDelegate)
   at osu.Game.Tests.Beatmaps.BeatmapConversionTest`2.Test(String name, Type[] mods) in /app/osu.Game/Tests/Beatmaps/BeatmapConversionTest.cs:line 50
   at osu.Game.Rulesets.Catch.Tests.CatchBeatmapConversionTest.Test(String name, Type[] mods) in /app/osu.Game.Rulesets.Catch.Tests/CatchBeatmapConversionTest.cs:line 58
   at InvokeStub_CatchBeatmapConversionTest.Test(Object, Span`1)

21)    at osu.Game.Tests.Beatmaps.BeatmapConversionTest`2.<>c__DisplayClass4_1.<Test>b__2() in /app/osu.Game/Tests/Beatmaps/BeatmapConversionTest.cs:line 98
   at NUnit.Framework.Assert.Multiple(TestDelegate testDelegate)
   at osu.Game.Tests.Beatmaps.BeatmapConversionTest`2.<>c__DisplayClass4_0.<Test>b__1() in /app/osu.Game/Tests/Beatmaps/BeatmapConversionTest.cs:line 77
   at NUnit.Framework.Assert.Multiple(TestDelegate testDelegate)
   at osu.Game.Tests.Beatmaps.BeatmapConversionTest`2.Test(String name, Type[] mods) in /app/osu.Game/Tests/Beatmaps/BeatmapConversionTest.cs:line 50
   at osu.Game.Rulesets.Catch.Tests.CatchBeatmapConversionTest.Test(String name, Type[] mods) in /app/osu.Game.Rulesets.Catch.Tests/CatchBeatmapConversionTest.cs:line 58
   at InvokeStub_CatchBeatmapConversionTest.Test(Object, Span`1)

22)    at osu.Game.Tests.Beatmaps.BeatmapConversionTest`2.<>c__DisplayClass4_1.<Test>b__2() in /app/osu.Game/Tests/Beatmaps/BeatmapConversionTest.cs:line 98
   at NUnit.Framework.Assert.Multiple(TestDelegate testDelegate)
   at osu.Game.Tests.Beatmaps.BeatmapConversionTest`2.<>c__DisplayClass4_0.<Test>b__1() in /app/osu.Game/Tests/Beatmaps/BeatmapConversionTest.cs:line 77
   at NUnit.Framework.Assert.Multiple(TestDelegate testDelegate)
   at osu.Game.Tests.Beatmaps.BeatmapConversionTest`2.Test(String name, Type[] mods) in /app/osu.Game/Tests/Beatmaps/BeatmapConversionTest.cs:line 50
   at osu.Game.Rulesets.Catch.Tests.CatchBeatmapConversionTest.Test(String name, Type[] mods) in /app/osu.Game.Rulesets.Catch.Tests/CatchBeatmapConversionTest.cs:line 58
   at InvokeStub_CatchBeatmapConversionTest.Test(Object, Span`1)

23)    at osu.Game.Tests.Beatmaps.BeatmapConversionTest`2.<>c__DisplayClass4_1.<Test>b__2() in /app/osu.Game/Tests/Beatmaps/BeatmapConversionTest.cs:line 98
   at NUnit.Framework.Assert.Multiple(TestDelegate testDelegate)
   at osu.Game.Tests.Beatmaps.BeatmapConversionTest`2.<>c__DisplayClass4_0.<Test>b__1() in /app/osu.Game/Tests/Beatmaps/BeatmapConversionTest.cs:line 77
   at NUnit.Framework.Assert.Multiple(TestDelegate testDelegate)
   at osu.Game.Tests.Beatmaps.BeatmapConversionTest`2.Test(String name, Type[] mods) in /app/osu.Game/Tests/Beatmaps/BeatmapConversionTest.cs:line 50
   at osu.Game.Rulesets.Catch.Tests.CatchBeatmapConversionTest.Test(String name, Type[] mods) in /app/osu.Game.Rulesets.Catch.Tests/CatchBeatmapConversionTest.cs:line 58
   at InvokeStub_CatchBeatmapConversionTest.Test(Object, Span`1)

24)    at osu.Game.Tests.Beatmaps.BeatmapConversionTest`2.<>c__DisplayClass4_1.<Test>b__2() in /app/osu.Game/Tests/Beatmaps/BeatmapConversionTest.cs:line 98
   at NUnit.Framework.Assert.Multiple(TestDelegate testDelegate)
   at osu.Game.Tests.Beatmaps.BeatmapConversionTest`2.<>c__DisplayClass4_0.<Test>b__1() in /app/osu.Game/Tests/Beatmaps/BeatmapConversionTest.cs:line 77
   at NUnit.Framework.Assert.Multiple(TestDelegate testDelegate)
   at osu.Game.Tests.Beatmaps.BeatmapConversionTest`2.Test(String name, Type[] mods) in /app/osu.Game/Tests/Beatmaps/BeatmapConversionTest.cs:line 50
   at osu.Game.Rulesets.Catch.Tests.CatchBeatmapConversionTest.Test(String name, Type[] mods) in /app/osu.Game.Rulesets.Catch.Tests/CatchBeatmapConversionTest.cs:line 58
   at InvokeStub_CatchBeatmapConversionTest.Test(Object, Span`1)

25)    at osu.Game.Tests.Beatmaps.BeatmapConversionTest`2.<>c__DisplayClass4_1.<Test>b__2() in /app/osu.Game/Tests/Beatmaps/BeatmapConversionTest.cs:line 98
   at NUnit.Framework.Assert.Multiple(TestDelegate testDelegate)
   at osu.Game.Tests.Beatmaps.BeatmapConversionTest`2.<>c__DisplayClass4_0.<Test>b__1() in /app/osu.Game/Tests/Beatmaps/BeatmapConversionTest.cs:line 77
   at NUnit.Framework.Assert.Multiple(TestDelegate testDelegate)
   at osu.Game.Tests.Beatmaps.BeatmapConversionTest`2.Test(String name, Type[] mods) in /app/osu.Game/Tests/Beatmaps/BeatmapConversionTest.cs:line 50
   at osu.Game.Rulesets.Catch.Tests.CatchBeatmapConversionTest.Test(String name, Type[] mods) in /app/osu.Game.Rulesets.Catch.Tests/CatchBeatmapConversionTest.cs:line 58
   at InvokeStub_CatchBeatmapConversionTest.Test(Object, Span`1)

26)    at osu.Game.Tests.Beatmaps.BeatmapConversionTest`2.<>c__DisplayClass4_1.<Test>b__2() in /app/osu.Game/Tests/Beatmaps/BeatmapConversionTest.cs:line 98
   at NUnit.Framework.Assert.Multiple(TestDelegate testDelegate)
   at osu.Game.Tests.Beatmaps.BeatmapConversionTest`2.<>c__DisplayClass4_0.<Test>b__1() in /app/osu.Game/Tests/Beatmaps/BeatmapConversionTest.cs:line 77
   at NUnit.Framework.Assert.Multiple(TestDelegate testDelegate)
   at osu.Game.Tests.Beatmaps.BeatmapConversionTest`2.Test(String name, Type[] mods) in /app/osu.Game/Tests/Beatmaps/BeatmapConversionTest.cs:line 50
   at osu.Game.Rulesets.Catch.Tests.CatchBeatmapConversionTest.Test(String name, Type[] mods) in /app/osu.Game.Rulesets.Catch.Tests/CatchBeatmapConversionTest.cs:line 58
   at InvokeStub_CatchBeatmapConversionTest.Test(Object, Span`1)

27)    at osu.Game.Tests.Beatmaps.BeatmapConversionTest`2.<>c__DisplayClass4_1.<Test>b__2() in /app/osu.Game/Tests/Beatmaps/BeatmapConversionTest.cs:line 98
   at NUnit.Framework.Assert.Multiple(TestDelegate testDelegate)
   at osu.Game.Tests.Beatmaps.BeatmapConversionTest`2.<>c__DisplayClass4_0.<Test>b__1() in /app/osu.Game/Tests/Beatmaps/BeatmapConversionTest.cs:line 77
   at NUnit.Framework.Assert.Multiple(TestDelegate testDelegate)
   at osu.Game.Tests.Beatmaps.BeatmapConversionTest`2.Test(String name, Type[] mods) in /app/osu.Game/Tests/Beatmaps/BeatmapConversionTest.cs:line 50
   at osu.Game.Rulesets.Catch.Tests.CatchBeatmapConversionTest.Test(String name, Type[] mods) in /app/osu.Game.Rulesets.Catch.Tests/CatchBeatmapConversionTest.cs:line 58
   at InvokeStub_CatchBeatmapConversionTest.Test(Object, Span`1)

28)    at osu.Game.Tests.Beatmaps.BeatmapConversionTest`2.<>c__DisplayClass4_1.<Test>b__2() in /app/osu.Game/Tests/Beatmaps/BeatmapConversionTest.cs:line 98
   at NUnit.Framework.Assert.Multiple(TestDelegate testDelegate)
   at osu.Game.Tests.Beatmaps.BeatmapConversionTest`2.<>c__DisplayClass4_0.<Test>b__1() in /app/osu.Game/Tests/Beatmaps/BeatmapConversionTest.cs:line 77
   at NUnit.Framework.Assert.Multiple(TestDelegate testDelegate)
   at osu.Game.Tests.Beatmaps.BeatmapConversionTest`2.Test(String name, Type[] mods) in /app/osu.Game/Tests/Beatmaps/BeatmapConversionTest.cs:line 50
   at osu.Game.Rulesets.Catch.Tests.CatchBeatmapConversionTest.Test(String name, Type[] mods) in /app/osu.Game.Rulesets.Catch.Tests/CatchBeatmapConversionTest.cs:line 58
   at InvokeStub_CatchBeatmapConversionTest.Test(Object, Span`1)

29)    at osu.Game.Tests.Beatmaps.BeatmapConversionTest`2.<>c__DisplayClass4_1.<Test>b__2() in /app/osu.Game/Tests/Beatmaps/BeatmapConversionTest.cs:line 98
   at NUnit.Framework.Assert.Multiple(TestDelegate testDelegate)
   at osu.Game.Tests.Beatmaps.BeatmapConversionTest`2.<>c__DisplayClass4_0.<Test>b__1() in /app/osu.Game/Tests/Beatmaps/BeatmapConversionTest.cs:line 77
   at NUnit.Framework.Assert.Multiple(TestDelegate testDelegate)
   at osu.Game.Tests.Beatmaps.BeatmapConversionTest`2.Test(String name, Type[] mods) in /app/osu.Game/Tests/Beatmaps/BeatmapConversionTest.cs:line 50
   at osu.Game.Rulesets.Catch.Tests.CatchBeatmapConversionTest.Test(String name, Type[] mods) in /app/osu.Game.Rulesets.Catch.Tests/CatchBeatmapConversionTest.cs:line 58
   at InvokeStub_CatchBeatmapConversionTest.Test(Object, Span`1)

30)    at osu.Game.Tests.Beatmaps.BeatmapConversionTest`2.<>c__DisplayClass4_1.<Test>b__2() in /app/osu.Game/Tests/Beatmaps/BeatmapConversionTest.cs:line 98
   at NUnit.Framework.Assert.Multiple(TestDelegate testDelegate)
   at osu.Game.Tests.Beatmaps.BeatmapConversionTest`2.<>c__DisplayClass4_0.<Test>b__1() in /app/osu.Game/Tests/Beatmaps/BeatmapConversionTest.cs:line 77
   at NUnit.Framework.Assert.Multiple(TestDelegate testDelegate)
   at osu.Game.Tests.Beatmaps.BeatmapConversionTest`2.Test(String name, Type[] mods) in /app/osu.Game/Tests/Beatmaps/BeatmapConversionTest.cs:line 50
   at osu.Game.Rulesets.Catch.Tests.CatchBeatmapConversionTest.Test(String name, Type[] mods) in /app/osu.Game.Rulesets.Catch.Tests/CatchBeatmapConversionTest.cs:line 58
   at InvokeStub_CatchBeatmapConversionTest.Test(Object, Span`1)

31)    at osu.Game.Tests.Beatmaps.BeatmapConversionTest`2.<>c__DisplayClass4_1.<Test>b__2() in /app/osu.Game/Tests/Beatmaps/BeatmapConversionTest.cs:line 98
   at NUnit.Framework.Assert.Multiple(TestDelegate testDelegate)
   at osu.Game.Tests.Beatmaps.BeatmapConversionTest`2.<>c__DisplayClass4_0.<Test>b__1() in /app/osu.Game/Tests/Beatmaps/BeatmapConversionTest.cs:line 77
   at NUnit.Framework.Assert.Multiple(TestDelegate testDelegate)
   at osu.Game.Tests.Beatmaps.BeatmapConversionTest`2.Test(String name, Type[] mods) in /app/osu.Game/Tests/Beatmaps/BeatmapConversionTest.cs:line 50
   at osu.Game.Rulesets.Catch.Tests.CatchBeatmapConversionTest.Test(String name, Type[] mods) in /app/osu.Game.Rulesets.Catch.Tests/CatchBeatmapConversionTest.cs:line 58
   at InvokeStub_CatchBeatmapConversionTest.Test(Object, Span`1)

32)    at osu.Game.Tests.Beatmaps.BeatmapConversionTest`2.<>c__DisplayClass4_1.<Test>b__2() in /app/osu.Game/Tests/Beatmaps/BeatmapConversionTest.cs:line 98
   at NUnit.Framework.Assert.Multiple(TestDelegate testDelegate)
   at osu.Game.Tests.Beatmaps.BeatmapConversionTest`2.<>c__DisplayClass4_0.<Test>b__1() in /app/osu.Game/Tests/Beatmaps/BeatmapConversionTest.cs:line 77
   at NUnit.Framework.Assert.Multiple(TestDelegate testDelegate)
   at osu.Game.Tests.Beatmaps.BeatmapConversionTest`2.Test(String name, Type[] mods) in /app/osu.Game/Tests/Beatmaps/BeatmapConversionTest.cs:line 50
   at osu.Game.Rulesets.Catch.Tests.CatchBeatmapConversionTest.Test(String name, Type[] mods) in /app/osu.Game.Rulesets.Catch.Tests/CatchBeatmapConversionTest.cs:line 58
   at InvokeStub_CatchBeatmapConversionTest.Test(Object, Span`1)

33)    at osu.Game.Tests.Beatmaps.BeatmapConversionTest`2.<>c__DisplayClass4_1.<Test>b__2() in /app/osu.Game/Tests/Beatmaps/BeatmapConversionTest.cs:line 98
   at NUnit.Framework.Assert.Multiple(TestDelegate testDelegate)
   at osu.Game.Tests.Beatmaps.BeatmapConversionTest`2.<>c__DisplayClass4_0.<Test>b__1() in /app/osu.Game/Tests/Beatmaps/BeatmapConversionTest.cs:line 77
   at NUnit.Framework.Assert.Multiple(TestDelegate testDelegate)
   at osu.Game.Tests.Beatmaps.BeatmapConversionTest`2.Test(String name, Type[] mods) in /app/osu.Game/Tests/Beatmaps/BeatmapConversionTest.cs:line 50
   at osu.Game.Rulesets.Catch.Tests.CatchBeatmapConversionTest.Test(String name, Type[] mods) in /app/osu.Game.Rulesets.Catch.Tests/CatchBeatmapConversionTest.cs:line 58
   at InvokeStub_CatchBeatmapConversionTest.Test(Object, Span`1)

34)    at osu.Game.Tests.Beatmaps.BeatmapConversionTest`2.<>c__DisplayClass4_1.<Test>b__2() in /app/osu.Game/Tests/Beatmaps/BeatmapConversionTest.cs:line 98
   at NUnit.Framework.Assert.Multiple(TestDelegate testDelegate)
   at osu.Game.Tests.Beatmaps.BeatmapConversionTest`2.<>c__DisplayClass4_0.<Test>b__1() in /app/osu.Game/Tests/Beatmaps/BeatmapConversionTest.cs:line 77
   at NUnit.Framework.Assert.Multiple(TestDelegate testDelegate)
   at osu.Game.Tests.Beatmaps.BeatmapConversionTest`2.Test(String name, Type[] mods) in /app/osu.Game/Tests/Beatmaps/BeatmapConversionTest.cs:line 50
   at osu.Game.Rulesets.Catch.Tests.CatchBeatmapConversionTest.Test(String name, Type[] mods) in /app/osu.Game.Rulesets.Catch.Tests/CatchBeatmapConversionTest.cs:line 58
   at InvokeStub_CatchBeatmapConversionTest.Test(Object, Span`1)

35)    at osu.Game.Tests.Beatmaps.BeatmapConversionTest`2.<>c__DisplayClass4_1.<Test>b__2() in /app/osu.Game/Tests/Beatmaps/BeatmapConversionTest.cs:line 98
   at NUnit.Framework.Assert.Multiple(TestDelegate testDelegate)
   at osu.Game.Tests.Beatmaps.BeatmapConversionTest`2.<>c__DisplayClass4_0.<Test>b__1() in /app/osu.Game/Tests/Beatmaps/BeatmapConversionTest.cs:line 77
   at NUnit.Framework.Assert.Multiple(TestDelegate testDelegate)
   at osu.Game.Tests.Beatmaps.BeatmapConversionTest`2.Test(String name, Type[] mods) in /app/osu.Game/Tests/Beatmaps/BeatmapConversionTest.cs:line 50
   at osu.Game.Rulesets.Catch.Tests.CatchBeatmapConversionTest.Test(String name, Type[] mods) in /app/osu.Game.Rulesets.Catch.Tests/CatchBeatmapConversionTest.cs:line 58
   at InvokeStub_CatchBeatmapConversionTest.Test(Object, Span`1)

36)    at osu.Game.Tests.Beatmaps.BeatmapConversionTest`2.<>c__DisplayClass4_1.<Test>b__2() in /app/osu.Game/Tests/Beatmaps/BeatmapConversionTest.cs:line 98
   at NUnit.Framework.Assert.Multiple(TestDelegate testDelegate)
   at osu.Game.Tests.Beatmaps.BeatmapConversionTest`2.<>c__DisplayClass4_0.<Test>b__1() in /app/osu.Game/Tests/Beatmaps/BeatmapConversionTest.cs:line 77
   at NUnit.Framework.Assert.Multiple(TestDelegate testDelegate)
   at osu.Game.Tests.Beatmaps.BeatmapConversionTest`2.Test(String name, Type[] mods) in /app/osu.Game/Tests/Beatmaps/BeatmapConversionTest.cs:line 50
   at osu.Game.Rulesets.Catch.Tests.CatchBeatmapConversionTest.Test(String name, Type[] mods) in /app/osu.Game.Rulesets.Catch.Tests/CatchBeatmapConversionTest.cs:line 58
   at InvokeStub_CatchBeatmapConversionTest.Test(Object, Span`1)

37)    at osu.Game.Tests.Beatmaps.BeatmapConversionTest`2.<>c__DisplayClass4_1.<Test>b__2() in /app/osu.Game/Tests/Beatmaps/BeatmapConversionTest.cs:line 98
   at NUnit.Framework.Assert.Multiple(TestDelegate testDelegate)
   at osu.Game.Tests.Beatmaps.BeatmapConversionTest`2.<>c__DisplayClass4_0.<Test>b__1() in /app/osu.Game/Tests/Beatmaps/BeatmapConversionTest.cs:line 77
   at NUnit.Framework.Assert.Multiple(TestDelegate testDelegate)
   at osu.Game.Tests.Beatmaps.BeatmapConversionTest`2.Test(String name, Type[] mods) in /app/osu.Game/Tests/Beatmaps/BeatmapConversionTest.cs:line 50
   at osu.Game.Rulesets.Catch.Tests.CatchBeatmapConversionTest.Test(String name, Type[] mods) in /app/osu.Game.Rulesets.Catch.Tests/CatchBeatmapConversionTest.cs:line 58
   at InvokeStub_CatchBeatmapConversionTest.Test(Object, Span`1)

38)    at osu.Game.Tests.Beatmaps.BeatmapConversionTest`2.<>c__DisplayClass4_1.<Test>b__2() in /app/osu.Game/Tests/Beatmaps/BeatmapConversionTest.cs:line 98
   at NUnit.Framework.Assert.Multiple(TestDelegate testDelegate)
   at osu.Game.Tests.Beatmaps.BeatmapConversionTest`2.<>c__DisplayClass4_0.<Test>b__1() in /app/osu.Game/Tests/Beatmaps/BeatmapConversionTest.cs:line 77
   at NUnit.Framework.Assert.Multiple(TestDelegate testDelegate)
   at osu.Game.Tests.Beatmaps.BeatmapConversionTest`2.Test(String name, Type[] mods) in /app/osu.Game/Tests/Beatmaps/BeatmapConversionTest.cs:line 50
   at osu.Game.Rulesets.Catch.Tests.CatchBeatmapConversionTest.Test(String name, Type[] mods) in /app/osu.Game.Rulesets.Catch.Tests/CatchBeatmapConversionTest.cs:line 58
   at InvokeStub_CatchBeatmapConversionTest.Test(Object, Span`1)

39)    at osu.Game.Tests.Beatmaps.BeatmapConversionTest`2.<>c__DisplayClass4_1.<Test>b__2() in /app/osu.Game/Tests/Beatmaps/BeatmapConversionTest.cs:line 98
   at NUnit.Framework.Assert.Multiple(TestDelegate testDelegate)
   at osu.Game.Tests.Beatmaps.BeatmapConversionTest`2.<>c__DisplayClass4_0.<Test>b__1() in /app/osu.Game/Tests/Beatmaps/BeatmapConversionTest.cs:line 77
   at NUnit.Framework.Assert.Multiple(TestDelegate testDelegate)
   at osu.Game.Tests.Beatmaps.BeatmapConversionTest`2.Test(String name, Type[] mods) in /app/osu.Game/Tests/Beatmaps/BeatmapConversionTest.cs:line 50
   at osu.Game.Rulesets.Catch.Tests.CatchBeatmapConversionTest.Test(String name, Type[] mods) in /app/osu.Game.Rulesets.Catch.Tests/CatchBeatmapConversionTest.cs:line 58
   at InvokeStub_CatchBeatmapConversionTest.Test(Object, Span`1)

40)    at osu.Game.Tests.Beatmaps.BeatmapConversionTest`2.<>c__DisplayClass4_1.<Test>b__2() in /app/osu.Game/Tests/Beatmaps/BeatmapConversionTest.cs:line 98
   at NUnit.Framework.Assert.Multiple(TestDelegate testDelegate)
   at osu.Game.Tests.Beatmaps.BeatmapConversionTest`2.<>c__DisplayClass4_0.<Test>b__1() in /app/osu.Game/Tests/Beatmaps/BeatmapConversionTest.cs:line 77
   at NUnit.Framework.Assert.Multiple(TestDelegate testDelegate)
   at osu.Game.Tests.Beatmaps.BeatmapConversionTest`2.Test(String name, Type[] mods) in /app/osu.Game/Tests/Beatmaps/BeatmapConversionTest.cs:line 50
   at osu.Game.Rulesets.Catch.Tests.CatchBeatmapConversionTest.Test(String name, Type[] mods) in /app/osu.Game.Rulesets.Catch.Tests/CatchBeatmapConversionTest.cs:line 58
   at InvokeStub_CatchBeatmapConversionTest.Test(Object, Span`1)

41)    at osu.Game.Tests.Beatmaps.BeatmapConversionTest`2.<>c__DisplayClass4_1.<Test>b__2() in /app/osu.Game/Tests/Beatmaps/BeatmapConversionTest.cs:line 98
   at NUnit.Framework.Assert.Multiple(TestDelegate testDelegate)
   at osu.Game.Tests.Beatmaps.BeatmapConversionTest`2.<>c__DisplayClass4_0.<Test>b__1() in /app/osu.Game/Tests/Beatmaps/BeatmapConversionTest.cs:line 77
   at NUnit.Framework.Assert.Multiple(TestDelegate testDelegate)
   at osu.Game.Tests.Beatmaps.BeatmapConversionTest`2.Test(String name, Type[] mods) in /app/osu.Game/Tests/Beatmaps/BeatmapConversionTest.cs:line 50
   at osu.Game.Rulesets.Catch.Tests.CatchBeatmapConversionTest.Test(String name, Type[] mods) in /app/osu.Game.Rulesets.Catch.Tests/CatchBeatmapConversionTest.cs:line 58
   at InvokeStub_CatchBeatmapConversionTest.Test(Object, Span`1)

42)    at osu.Game.Tests.Beatmaps.BeatmapConversionTest`2.<>c__DisplayClass4_1.<Test>b__2() in /app/osu.Game/Tests/Beatmaps/BeatmapConversionTest.cs:line 98
   at NUnit.Framework.Assert.Multiple(TestDelegate testDelegate)
   at osu.Game.Tests.Beatmaps.BeatmapConversionTest`2.<>c__DisplayClass4_0.<Test>b__1() in /app/osu.Game/Tests/Beatmaps/BeatmapConversionTest.cs:line 77
   at NUnit.Framework.Assert.Multiple(TestDelegate testDelegate)
   at osu.Game.Tests.Beatmaps.BeatmapConversionTest`2.Test(String name, Type[] mods) in /app/osu.Game/Tests/Beatmaps/BeatmapConversionTest.cs:line 50
   at osu.Game.Rulesets.Catch.Tests.CatchBeatmapConversionTest.Test(String name, Type[] mods) in /app/osu.Game.Rulesets.Catch.Tests/CatchBeatmapConversionTest.cs:line 58
   at InvokeStub_CatchBeatmapConversionTest.Test(Object, Span`1)

43)    at osu.Game.Tests.Beatmaps.BeatmapConversionTest`2.<>c__DisplayClass4_1.<Test>b__2() in /app/osu.Game/Tests/Beatmaps/BeatmapConversionTest.cs:line 98
   at NUnit.Framework.Assert.Multiple(TestDelegate testDelegate)
   at osu.Game.Tests.Beatmaps.BeatmapConversionTest`2.<>c__DisplayClass4_0.<Test>b__1() in /app/osu.Game/Tests/Beatmaps/BeatmapConversionTest.cs:line 77
   at NUnit.Framework.Assert.Multiple(TestDelegate testDelegate)
   at osu.Game.Tests.Beatmaps.BeatmapConversionTest`2.Test(String name, Type[] mods) in /app/osu.Game/Tests/Beatmaps/BeatmapConversionTest.cs:line 50
   at osu.Game.Rulesets.Catch.Tests.CatchBeatmapConversionTest.Test(String name, Type[] mods) in /app/osu.Game.Rulesets.Catch.Tests/CatchBeatmapConversionTest.cs:line 58
   at InvokeStub_CatchBeatmapConversionTest.Test(Object, Span`1)

44)    at osu.Game.Tests.Beatmaps.BeatmapConversionTest`2.<>c__DisplayClass4_1.<Test>b__2() in /app/osu.Game/Tests/Beatmaps/BeatmapConversionTest.cs:line 98
   at NUnit.Framework.Assert.Multiple(TestDelegate testDelegate)
   at osu.Game.Tests.Beatmaps.BeatmapConversionTest`2.<>c__DisplayClass4_0.<Test>b__1() in /app/osu.Game/Tests/Beatmaps/BeatmapConversionTest.cs:line 77
   at NUnit.Framework.Assert.Multiple(TestDelegate testDelegate)
   at osu.Game.Tests.Beatmaps.BeatmapConversionTest`2.Test(String name, Type[] mods) in /app/osu.Game/Tests/Beatmaps/BeatmapConversionTest.cs:line 50
   at osu.Game.Rulesets.Catch.Tests.CatchBeatmapConversionTest.Test(String name, Type[] mods) in /app/osu.Game.Rulesets.Catch.Tests/CatchBeatmapConversionTest.cs:line 58
   at InvokeStub_CatchBeatmapConversionTest.Test(Object, Span`1)

45)    at osu.Game.Tests.Beatmaps.BeatmapConversionTest`2.<>c__DisplayClass4_1.<Test>b__2() in /app/osu.Game/Tests/Beatmaps/BeatmapConversionTest.cs:line 98
   at NUnit.Framework.Assert.Multiple(TestDelegate testDelegate)
   at osu.Game.Tests.Beatmaps.BeatmapConversionTest`2.<>c__DisplayClass4_0.<Test>b__1() in /app/osu.Game/Tests/Beatmaps/BeatmapConversionTest.cs:line 77
   at NUnit.Framework.Assert.Multiple(TestDelegate testDelegate)
   at osu.Game.Tests.Beatmaps.BeatmapConversionTest`2.Test(String name, Type[] mods) in /app/osu.Game/Tests/Beatmaps/BeatmapConversionTest.cs:line 50
   at osu.Game.Rulesets.Catch.Tests.CatchBeatmapConversionTest.Test(String name, Type[] mods) in /app/osu.Game.Rulesets.Catch.Tests/CatchBeatmapConversionTest.cs:line 58
   at InvokeStub_CatchBeatmapConversionTest.Test(Object, Span`1)

46)    at osu.Game.Tests.Beatmaps.BeatmapConversionTest`2.<>c__DisplayClass4_1.<Test>b__2() in /app/osu.Game/Tests/Beatmaps/BeatmapConversionTest.cs:line 98
   at NUnit.Framework.Assert.Multiple(TestDelegate testDelegate)
   at osu.Game.Tests.Beatmaps.BeatmapConversionTest`2.<>c__DisplayClass4_0.<Test>b__1() in /app/osu.Game/Tests/Beatmaps/BeatmapConversionTest.cs:line 77
   at NUnit.Framework.Assert.Multiple(TestDelegate testDelegate)
   at osu.Game.Tests.Beatmaps.BeatmapConversionTest`2.Test(String name, Type[] mods) in /app/osu.Game/Tests/Beatmaps/BeatmapConversionTest.cs:line 50
   at osu.Game.Rulesets.Catch.Tests.CatchBeatmapConversionTest.Test(String name, Type[] mods) in /app/osu.Game.Rulesets.Catch.Tests/CatchBeatmapConversionTest.cs:line 58
   at InvokeStub_CatchBeatmapConversionTest.Test(Object, Span`1)

47)    at osu.Game.Tests.Beatmaps.BeatmapConversionTest`2.<>c__DisplayClass4_1.<Test>b__2() in /app/osu.Game/Tests/Beatmaps/BeatmapConversionTest.cs:line 98
   at NUnit.Framework.Assert.Multiple(TestDelegate testDelegate)
   at osu.Game.Tests.Beatmaps.BeatmapConversionTest`2.<>c__DisplayClass4_0.<Test>b__1() in /app/osu.Game/Tests/Beatmaps/BeatmapConversionTest.cs:line 77
   at NUnit.Framework.Assert.Multiple(TestDelegate testDelegate)
   at osu.Game.Tests.Beatmaps.BeatmapConversionTest`2.Test(String name, Type[] mods) in /app/osu.Game/Tests/Beatmaps/BeatmapConversionTest.cs:line 50
   at osu.Game.Rulesets.Catch.Tests.CatchBeatmapConversionTest.Test(String name, Type[] mods) in /app/osu.Game.Rulesets.Catch.Tests/CatchBeatmapConversionTest.cs:line 58
   at InvokeStub_CatchBeatmapConversionTest.Test(Object, Span`1)

48)    at osu.Game.Tests.Beatmaps.BeatmapConversionTest`2.<>c__DisplayClass4_1.<Test>b__2() in /app/osu.Game/Tests/Beatmaps/BeatmapConversionTest.cs:line 98
   at NUnit.Framework.Assert.Multiple(TestDelegate testDelegate)
   at osu.Game.Tests.Beatmaps.BeatmapConversionTest`2.<>c__DisplayClass4_0.<Test>b__1() in /app/osu.Game/Tests/Beatmaps/BeatmapConversionTest.cs:line 77
   at NUnit.Framework.Assert.Multiple(TestDelegate testDelegate)
   at osu.Game.Tests.Beatmaps.BeatmapConversionTest`2.Test(String name, Type[] mods) in /app/osu.Game/Tests/Beatmaps/BeatmapConversionTest.cs:line 50
   at osu.Game.Rulesets.Catch.Tests.CatchBeatmapConversionTest.Test(String name, Type[] mods) in /app/osu.Game.Rulesets.Catch.Tests/CatchBeatmapConversionTest.cs:line 58
   at InvokeStub_CatchBeatmapConversionTest.Test(Object, Span`1)

49)    at osu.Game.Tests.Beatmaps.BeatmapConversionTest`2.<>c__DisplayClass4_1.<Test>b__2() in /app/osu.Game/Tests/Beatmaps/BeatmapConversionTest.cs:line 98
   at NUnit.Framework.Assert.Multiple(TestDelegate testDelegate)
   at osu.Game.Tests.Beatmaps.BeatmapConversionTest`2.<>c__DisplayClass4_0.<Test>b__1() in /app/osu.Game/Tests/Beatmaps/BeatmapConversionTest.cs:line 77
   at NUnit.Framework.Assert.Multiple(TestDelegate testDelegate)
   at osu.Game.Tests.Beatmaps.BeatmapConversionTest`2.Test(String name, Type[] mods) in /app/osu.Game/Tests/Beatmaps/BeatmapConversionTest.cs:line 50
   at osu.Game.Rulesets.Catch.Tests.CatchBeatmapConversionTest.Test(String name, Type[] mods) in /app/osu.Game.Rulesets.Catch.Tests/CatchBeatmapConversionTest.cs:line 58
   at InvokeStub_CatchBeatmapConversionTest.Test(Object, Span`1)

50)    at osu.Game.Tests.Beatmaps.BeatmapConversionTest`2.<>c__DisplayClass4_1.<Test>b__2() in /app/osu.Game/Tests/Beatmaps/BeatmapConversionTest.cs:line 98
   at NUnit.Framework.Assert.Multiple(TestDelegate testDelegate)
   at osu.Game.Tests.Beatmaps.BeatmapConversionTest`2.<>c__DisplayClass4_0.<Test>b__1() in /app/osu.Game/Tests/Beatmaps/BeatmapConversionTest.cs:line 77
   at NUnit.Framework.Assert.Multiple(TestDelegate testDelegate)
   at osu.Game.Tests.Beatmaps.BeatmapConversionTest`2.Test(String name, Type[] mods) in /app/osu.Game/Tests/Beatmaps/BeatmapConversionTest.cs:line 50
   at osu.Game.Rulesets.Catch.Tests.CatchBeatmapConversionTest.Test(String name, Type[] mods) in /app/osu.Game.Rulesets.Catch.Tests/CatchBeatmapConversionTest.cs:line 58
   at InvokeStub_CatchBeatmapConversionTest.Test(Object, Span`1)

51)    at osu.Game.Tests.Beatmaps.BeatmapConversionTest`2.<>c__DisplayClass4_1.<Test>b__2() in /app/osu.Game/Tests/Beatmaps/BeatmapConversionTest.cs:line 98
   at NUnit.Framework.Assert.Multiple(TestDelegate testDelegate)
   at osu.Game.Tests.Beatmaps.BeatmapConversionTest`2.<>c__DisplayClass4_0.<Test>b__1() in /app/osu.Game/Tests/Beatmaps/BeatmapConversionTest.cs:line 77
   at NUnit.Framework.Assert.Multiple(TestDelegate testDelegate)
   at osu.Game.Tests.Beatmaps.BeatmapConversionTest`2.Test(String name, Type[] mods) in /app/osu.Game/Tests/Beatmaps/BeatmapConversionTest.cs:line 50
   at osu.Game.Rulesets.Catch.Tests.CatchBeatmapConversionTest.Test(String name, Type[] mods) in /app/osu.Game.Rulesets.Catch.Tests/CatchBeatmapConversionTest.cs:line 58
   at InvokeStub_CatchBeatmapConversionTest.Test(Object, Span`1)

52)    at osu.Game.Tests.Beatmaps.BeatmapConversionTest`2.<>c__DisplayClass4_1.<Test>b__2() in /app/osu.Game/Tests/Beatmaps/BeatmapConversionTest.cs:line 98
   at NUnit.Framework.Assert.Multiple(TestDelegate testDelegate)
   at osu.Game.Tests.Beatmaps.BeatmapConversionTest`2.<>c__DisplayClass4_0.<Test>b__1() in /app/osu.Game/Tests/Beatmaps/BeatmapConversionTest.cs:line 77
   at NUnit.Framework.Assert.Multiple(TestDelegate testDelegate)
   at osu.Game.Tests.Beatmaps.BeatmapConversionTest`2.Test(String name, Type[] mods) in /app/osu.Game/Tests/Beatmaps/BeatmapConversionTest.cs:line 50
   at osu.Game.Rulesets.Catch.Tests.CatchBeatmapConversionTest.Test(String name, Type[] mods) in /app/osu.Game.Rulesets.Catch.Tests/CatchBeatmapConversionTest.cs:line 58
   at InvokeStub_CatchBeatmapConversionTest.Test(Object, Span`1)

53)    at osu.Game.Tests.Beatmaps.BeatmapConversionTest`2.<>c__DisplayClass4_1.<Test>b__2() in /app/osu.Game/Tests/Beatmaps/BeatmapConversionTest.cs:line 98
   at NUnit.Framework.Assert.Multiple(TestDelegate testDelegate)
   at osu.Game.Tests.Beatmaps.BeatmapConversionTest`2.<>c__DisplayClass4_0.<Test>b__1() in /app/osu.Game/Tests/Beatmaps/BeatmapConversionTest.cs:line 77
   at NUnit.Framework.Assert.Multiple(TestDelegate testDelegate)
   at osu.Game.Tests.Beatmaps.BeatmapConversionTest`2.Test(String name, Type[] mods) in /app/osu.Game/Tests/Beatmaps/BeatmapConversionTest.cs:line 50
   at osu.Game.Rulesets.Catch.Tests.CatchBeatmapConversionTest.Test(String name, Type[] mods) in /app/osu.Game.Rulesets.Catch.Tests/CatchBeatmapConversionTest.cs:line 58
   at InvokeStub_CatchBeatmapConversionTest.Test(Object, Span`1)

54)    at osu.Game.Tests.Beatmaps.BeatmapConversionTest`2.<>c__DisplayClass4_1.<Test>b__2() in /app/osu.Game/Tests/Beatmaps/BeatmapConversionTest.cs:line 98
   at NUnit.Framework.Assert.Multiple(TestDelegate testDelegate)
   at osu.Game.Tests.Beatmaps.BeatmapConversionTest`2.<>c__DisplayClass4_0.<Test>b__1() in /app/osu.Game/Tests/Beatmaps/BeatmapConversionTest.cs:line 77
   at NUnit.Framework.Assert.Multiple(TestDelegate testDelegate)
   at osu.Game.Tests.Beatmaps.BeatmapConversionTest`2.Test(String name, Type[] mods) in /app/osu.Game/Tests/Beatmaps/BeatmapConversionTest.cs:line 50
   at osu.Game.Rulesets.Catch.Tests.CatchBeatmapConversionTest.Test(String name, Type[] mods) in /app/osu.Game.Rulesets.Catch.Tests/CatchBeatmapConversionTest.cs:line 58
   at InvokeStub_CatchBeatmapConversionTest.Test(Object, Span`1)

55)    at osu.Game.Tests.Beatmaps.BeatmapConversionTest`2.<>c__DisplayClass4_1.<Test>b__2() in /app/osu.Game/Tests/Beatmaps/BeatmapConversionTest.cs:line 98
   at NUnit.Framework.Assert.Multiple(TestDelegate testDelegate)
   at osu.Game.Tests.Beatmaps.BeatmapConversionTest`2.<>c__DisplayClass4_0.<Test>b__1() in /app/osu.Game/Tests/Beatmaps/BeatmapConversionTest.cs:line 77
   at NUnit.Framework.Assert.Multiple(TestDelegate testDelegate)
   at osu.Game.Tests.Beatmaps.BeatmapConversionTest`2.Test(String name, Type[] mods) in /app/osu.Game/Tests/Beatmaps/BeatmapConversionTest.cs:line 50
   at osu.Game.Rulesets.Catch.Tests.CatchBeatmapConversionTest.Test(String name, Type[] mods) in /app/osu.Game.Rulesets.Catch.Tests/CatchBeatmapConversionTest.cs:line 58
   at InvokeStub_CatchBeatmapConversionTest.Test(Object, Span`1)

56)    at osu.Game.Tests.Beatmaps.BeatmapConversionTest`2.<>c__DisplayClass4_1.<Test>b__2() in /app/osu.Game/Tests/Beatmaps/BeatmapConversionTest.cs:line 98
   at NUnit.Framework.Assert.Multiple(TestDelegate testDelegate)
   at osu.Game.Tests.Beatmaps.BeatmapConversionTest`2.<>c__DisplayClass4_0.<Test>b__1() in /app/osu.Game/Tests/Beatmaps/BeatmapConversionTest.cs:line 77
   at NUnit.Framework.Assert.Multiple(TestDelegate testDelegate)
   at osu.Game.Tests.Beatmaps.BeatmapConversionTest`2.Test(String name, Type[] mods) in /app/osu.Game/Tests/Beatmaps/BeatmapConversionTest.cs:line 50
   at osu.Game.Rulesets.Catch.Tests.CatchBeatmapConversionTest.Test(String name, Type[] mods) in /app/osu.Game.Rulesets.Catch.Tests/CatchBeatmapConversionTest.cs:line 58
   at InvokeStub_CatchBeatmapConversionTest.Test(Object, Span`1)

57)    at osu.Game.Tests.Beatmaps.BeatmapConversionTest`2.<>c__DisplayClass4_1.<Test>b__2() in /app/osu.Game/Tests/Beatmaps/BeatmapConversionTest.cs:line 98
   at NUnit.Framework.Assert.Multiple(TestDelegate testDelegate)
   at osu.Game.Tests.Beatmaps.BeatmapConversionTest`2.<>c__DisplayClass4_0.<Test>b__1() in /app/osu.Game/Tests/Beatmaps/BeatmapConversionTest.cs:line 77
   at NUnit.Framework.Assert.Multiple(TestDelegate testDelegate)
   at osu.Game.Tests.Beatmaps.BeatmapConversionTest`2.Test(String name, Type[] mods) in /app/osu.Game/Tests/Beatmaps/BeatmapConversionTest.cs:line 50
   at osu.Game.Rulesets.Catch.Tests.CatchBeatmapConversionTest.Test(String name, Type[] mods) in /app/osu.Game.Rulesets.Catch.Tests/CatchBeatmapConversionTest.cs:line 58
   at InvokeStub_CatchBeatmapConversionTest.Test(Object, Span`1)

58)    at osu.Game.Tests.Beatmaps.BeatmapConversionTest`2.<>c__DisplayClass4_1.<Test>b__2() in /app/osu.Game/Tests/Beatmaps/BeatmapConversionTest.cs:line 98
   at NUnit.Framework.Assert.Multiple(TestDelegate testDelegate)
   at osu.Game.Tests.Beatmaps.BeatmapConversionTest`2.<>c__DisplayClass4_0.<Test>b__1() in /app/osu.Game/Tests/Beatmaps/BeatmapConversionTest.cs:line 77
   at NUnit.Framework.Assert.Multiple(TestDelegate testDelegate)
   at osu.Game.Tests.Beatmaps.BeatmapConversionTest`2.Test(String name, Type[] mods) in /app/osu.Game/Tests/Beatmaps/BeatmapConversionTest.cs:line 50
   at osu.Game.Rulesets.Catch.Tests.CatchBeatmapConversionTest.Test(String name, Type[] mods) in /app/osu.Game.Rulesets.Catch.Tests/CatchBeatmapConversionTest.cs:line 58
   at InvokeStub_CatchBeatmapConversionTest.Test(Object, Span`1)

59)    at osu.Game.Tests.Beatmaps.BeatmapConversionTest`2.<>c__DisplayClass4_1.<Test>b__2() in /app/osu.Game/Tests/Beatmaps/BeatmapConversionTest.cs:line 98
   at NUnit.Framework.Assert.Multiple(TestDelegate testDelegate)
   at osu.Game.Tests.Beatmaps.BeatmapConversionTest`2.<>c__DisplayClass4_0.<Test>b__1() in /app/osu.Game/Tests/Beatmaps/BeatmapConversionTest.cs:line 77
   at NUnit.Framework.Assert.Multiple(TestDelegate testDelegate)
   at osu.Game.Tests.Beatmaps.BeatmapConversionTest`2.Test(String name, Type[] mods) in /app/osu.Game/Tests/Beatmaps/BeatmapConversionTest.cs:line 50
   at osu.Game.Rulesets.Catch.Tests.CatchBeatmapConversionTest.Test(String name, Type[] mods) in /app/osu.Game.Rulesets.Catch.Tests/CatchBeatmapConversionTest.cs:line 58
   at InvokeStub_CatchBeatmapConversionTest.Test(Object, Span`1)

60)    at osu.Game.Tests.Beatmaps.BeatmapConversionTest`2.<>c__DisplayClass4_1.<Test>b__2() in /app/osu.Game/Tests/Beatmaps/BeatmapConversionTest.cs:line 98
   at NUnit.Framework.Assert.Multiple(TestDelegate testDelegate)
   at osu.Game.Tests.Beatmaps.BeatmapConversionTest`2.<>c__DisplayClass4_0.<Test>b__1() in /app/osu.Game/Tests/Beatmaps/BeatmapConversionTest.cs:line 77
   at NUnit.Framework.Assert.Multiple(TestDelegate testDelegate)
   at osu.Game.Tests.Beatmaps.BeatmapConversionTest`2.Test(String name, Type[] mods) in /app/osu.Game/Tests/Beatmaps/BeatmapConversionTest.cs:line 50
   at osu.Game.Rulesets.Catch.Tests.CatchBeatmapConversionTest.Test(String name, Type[] mods) in /app/osu.Game.Rulesets.Catch.Tests/CatchBeatmapConversionTest.cs:line 58
   at InvokeStub_CatchBeatmapConversionTest.Test(Object, Span`1)

61)    at osu.Game.Tests.Beatmaps.BeatmapConversionTest`2.<>c__DisplayClass4_1.<Test>b__2() in /app/osu.Game/Tests/Beatmaps/BeatmapConversionTest.cs:line 98
   at NUnit.Framework.Assert.Multiple(TestDelegate testDelegate)
   at osu.Game.Tests.Beatmaps.BeatmapConversionTest`2.<>c__DisplayClass4_0.<Test>b__1() in /app/osu.Game/Tests/Beatmaps/BeatmapConversionTest.cs:line 77
   at NUnit.Framework.Assert.Multiple(TestDelegate testDelegate)
   at osu.Game.Tests.Beatmaps.BeatmapConversionTest`2.Test(String name, Type[] mods) in /app/osu.Game/Tests/Beatmaps/BeatmapConversionTest.cs:line 50
   at osu.Game.Rulesets.Catch.Tests.CatchBeatmapConversionTest.Test(String name, Type[] mods) in /app/osu.Game.Rulesets.Catch.Tests/CatchBeatmapConversionTest.cs:line 58
   at InvokeStub_CatchBeatmapConversionTest.Test(Object, Span`1)

62)    at osu.Game.Tests.Beatmaps.BeatmapConversionTest`2.<>c__DisplayClass4_1.<Test>b__2() in /app/osu.Game/Tests/Beatmaps/BeatmapConversionTest.cs:line 98
   at NUnit.Framework.Assert.Multiple(TestDelegate testDelegate)
   at osu.Game.Tests.Beatmaps.BeatmapConversionTest`2.<>c__DisplayClass4_0.<Test>b__1() in /app/osu.Game/Tests/Beatmaps/BeatmapConversionTest.cs:line 77
   at NUnit.Framework.Assert.Multiple(TestDelegate testDelegate)
   at osu.Game.Tests.Beatmaps.BeatmapConversionTest`2.Test(String name, Type[] mods) in /app/osu.Game/Tests/Beatmaps/BeatmapConversionTest.cs:line 50
   at osu.Game.Rulesets.Catch.Tests.CatchBeatmapConversionTest.Test(String name, Type[] mods) in /app/osu.Game.Rulesets.Catch.Tests/CatchBeatmapConversionTest.cs:line 58
   at InvokeStub_CatchBeatmapConversionTest.Test(Object, Span`1)

63)    at osu.Game.Tests.Beatmaps.BeatmapConversionTest`2.<>c__DisplayClass4_1.<Test>b__2() in /app/osu.Game/Tests/Beatmaps/BeatmapConversionTest.cs:line 98
   at NUnit.Framework.Assert.Multiple(TestDelegate testDelegate)
   at osu.Game.Tests.Beatmaps.BeatmapConversionTest`2.<>c__DisplayClass4_0.<Test>b__1() in /app/osu.Game/Tests/Beatmaps/BeatmapConversionTest.cs:line 77
   at NUnit.Framework.Assert.Multiple(TestDelegate testDelegate)
   at osu.Game.Tests.Beatmaps.BeatmapConversionTest`2.Test(String name, Type[] mods) in /app/osu.Game/Tests/Beatmaps/BeatmapConversionTest.cs:line 50
   at osu.Game.Rulesets.Catch.Tests.CatchBeatmapConversionTest.Test(String name, Type[] mods) in /app/osu.Game.Rulesets.Catch.Tests/CatchBeatmapConversionTest.cs:line 58
   at InvokeStub_CatchBeatmapConversionTest.Test(Object, Span`1)

64)    at osu.Game.Tests.Beatmaps.BeatmapConversionTest`2.<>c__DisplayClass4_1.<Test>b__2() in /app/osu.Game/Tests/Beatmaps/BeatmapConversionTest.cs:line 98
   at NUnit.Framework.Assert.Multiple(TestDelegate testDelegate)
   at osu.Game.Tests.Beatmaps.BeatmapConversionTest`2.<>c__DisplayClass4_0.<Test>b__1() in /app/osu.Game/Tests/Beatmaps/BeatmapConversionTest.cs:line 77
   at NUnit.Framework.Assert.Multiple(TestDelegate testDelegate)
   at osu.Game.Tests.Beatmaps.BeatmapConversionTest`2.Test(String name, Type[] mods) in /app/osu.Game/Tests/Beatmaps/BeatmapConversionTest.cs:line 50
   at osu.Game.Rulesets.Catch.Tests.CatchBeatmapConversionTest.Test(String name, Type[] mods) in /app/osu.Game.Rulesets.Catch.Tests/CatchBeatmapConversionTest.cs:line 58
   at InvokeStub_CatchBeatmapConversionTest.Test(Object, Span`1)

65)    at osu.Game.Tests.Beatmaps.BeatmapConversionTest`2.<>c__DisplayClass4_1.<Test>b__2() in /app/osu.Game/Tests/Beatmaps/BeatmapConversionTest.cs:line 98
   at NUnit.Framework.Assert.Multiple(TestDelegate testDelegate)
   at osu.Game.Tests.Beatmaps.BeatmapConversionTest`2.<>c__DisplayClass4_0.<Test>b__1() in /app/osu.Game/Tests/Beatmaps/BeatmapConversionTest.cs:line 77
   at NUnit.Framework.Assert.Multiple(TestDelegate testDelegate)
   at osu.Game.Tests.Beatmaps.BeatmapConversionTest`2.Test(String name, Type[] mods) in /app/osu.Game/Tests/Beatmaps/BeatmapConversionTest.cs:line 50
   at osu.Game.Rulesets.Catch.Tests.CatchBeatmapConversionTest.Test(String name, Type[] mods) in /app/osu.Game.Rulesets.Catch.Tests/CatchBeatmapConversionTest.cs:line 58
   at InvokeStub_CatchBeatmapConversionTest.Test(Object, Span`1)

66)    at osu.Game.Tests.Beatmaps.BeatmapConversionTest`2.<>c__DisplayClass4_1.<Test>b__2() in /app/osu.Game/Tests/Beatmaps/BeatmapConversionTest.cs:line 98
   at NUnit.Framework.Assert.Multiple(TestDelegate testDelegate)
   at osu.Game.Tests.Beatmaps.BeatmapConversionTest`2.<>c__DisplayClass4_0.<Test>b__1() in /app/osu.Game/Tests/Beatmaps/BeatmapConversionTest.cs:line 77
   at NUnit.Framework.Assert.Multiple(TestDelegate testDelegate)
   at osu.Game.Tests.Beatmaps.BeatmapConversionTest`2.Test(String name, Type[] mods) in /app/osu.Game/Tests/Beatmaps/BeatmapConversionTest.cs:line 50
   at osu.Game.Rulesets.Catch.Tests.CatchBeatmapConversionTest.Test(String name, Type[] mods) in /app/osu.Game.Rulesets.Catch.Tests/CatchBeatmapConversionTest.cs:line 58
   at InvokeStub_CatchBeatmapConversionTest.Test(Object, Span`1)

67)    at osu.Game.Tests.Beatmaps.BeatmapConversionTest`2.<>c__DisplayClass4_1.<Test>b__2() in /app/osu.Game/Tests/Beatmaps/BeatmapConversionTest.cs:line 98
   at NUnit.Framework.Assert.Multiple(TestDelegate testDelegate)
   at osu.Game.Tests.Beatmaps.BeatmapConversionTest`2.<>c__DisplayClass4_0.<Test>b__1() in /app/osu.Game/Tests/Beatmaps/BeatmapConversionTest.cs:line 77
   at NUnit.Framework.Assert.Multiple(TestDelegate testDelegate)
   at osu.Game.Tests.Beatmaps.BeatmapConversionTest`2.Test(String name, Type[] mods) in /app/osu.Game/Tests/Beatmaps/BeatmapConversionTest.cs:line 50
   at osu.Game.Rulesets.Catch.Tests.CatchBeatmapConversionTest.Test(String name, Type[] mods) in /app/osu.Game.Rulesets.Catch.Tests/CatchBeatmapConversionTest.cs:line 58
   at InvokeStub_CatchBeatmapConversionTest.Test(Object, Span`1)

68)    at osu.Game.Tests.Beatmaps.BeatmapConversionTest`2.<>c__DisplayClass4_1.<Test>b__2() in /app/osu.Game/Tests/Beatmaps/BeatmapConversionTest.cs:line 98
   at NUnit.Framework.Assert.Multiple(TestDelegate testDelegate)
   at osu.Game.Tests.Beatmaps.BeatmapConversionTest`2.<>c__DisplayClass4_0.<Test>b__1() in /app/osu.Game/Tests/Beatmaps/BeatmapConversionTest.cs:line 77
   at NUnit.Framework.Assert.Multiple(TestDelegate testDelegate)
   at osu.Game.Tests.Beatmaps.BeatmapConversionTest`2.Test(String name, Type[] mods) in /app/osu.Game/Tests/Beatmaps/BeatmapConversionTest.cs:line 50
   at osu.Game.Rulesets.Catch.Tests.CatchBeatmapConversionTest.Test(String name, Type[] mods) in /app/osu.Game.Rulesets.Catch.Tests/CatchBeatmapConversionTest.cs:line 58
   at InvokeStub_CatchBeatmapConversionTest.Test(Object, Span`1)

69)    at osu.Game.Tests.Beatmaps.BeatmapConversionTest`2.<>c__DisplayClass4_1.<Test>b__2() in /app/osu.Game/Tests/Beatmaps/BeatmapConversionTest.cs:line 98
   at NUnit.Framework.Assert.Multiple(TestDelegate testDelegate)
   at osu.Game.Tests.Beatmaps.BeatmapConversionTest`2.<>c__DisplayClass4_0.<Test>b__1() in /app/osu.Game/Tests/Beatmaps/BeatmapConversionTest.cs:line 77
   at NUnit.Framework.Assert.Multiple(TestDelegate testDelegate)
   at osu.Game.Tests.Beatmaps.BeatmapConversionTest`2.Test(String name, Type[] mods) in /app/osu.Game/Tests/Beatmaps/BeatmapConversionTest.cs:line 50
   at osu.Game.Rulesets.Catch.Tests.CatchBeatmapConversionTest.Test(String name, Type[] mods) in /app/osu.Game.Rulesets.Catch.Tests/CatchBeatmapConversionTest.cs:line 58
   at InvokeStub_CatchBeatmapConversionTest.Test(Object, Span`1)

70)    at osu.Game.Tests.Beatmaps.BeatmapConversionTest`2.<>c__DisplayClass4_1.<Test>b__2() in /app/osu.Game/Tests/Beatmaps/BeatmapConversionTest.cs:line 98
   at NUnit.Framework.Assert.Multiple(TestDelegate testDelegate)
   at osu.Game.Tests.Beatmaps.BeatmapConversionTest`2.<>c__DisplayClass4_0.<Test>b__1() in /app/osu.Game/Tests/Beatmaps/BeatmapConversionTest.cs:line 77
   at NUnit.Framework.Assert.Multiple(TestDelegate testDelegate)
   at osu.Game.Tests.Beatmaps.BeatmapConversionTest`2.Test(String name, Type[] mods) in /app/osu.Game/Tests/Beatmaps/BeatmapConversionTest.cs:line 50
   at osu.Game.Rulesets.Catch.Tests.CatchBeatmapConversionTest.Test(String name, Type[] mods) in /app/osu.Game.Rulesets.Catch.Tests/CatchBeatmapConversionTest.cs:line 58
   at InvokeStub_CatchBeatmapConversionTest.Test(Object, Span`1)

71)    at osu.Game.Tests.Beatmaps.BeatmapConversionTest`2.<>c__DisplayClass4_1.<Test>b__2() in /app/osu.Game/Tests/Beatmaps/BeatmapConversionTest.cs:line 98
   at NUnit.Framework.Assert.Multiple(TestDelegate testDelegate)
   at osu.Game.Tests.Beatmaps.BeatmapConversionTest`2.<>c__DisplayClass4_0.<Test>b__1() in /app/osu.Game/Tests/Beatmaps/BeatmapConversionTest.cs:line 77
   at NUnit.Framework.Assert.Multiple(TestDelegate testDelegate)
   at osu.Game.Tests.Beatmaps.BeatmapConversionTest`2.Test(String name, Type[] mods) in /app/osu.Game/Tests/Beatmaps/BeatmapConversionTest.cs:line 50
   at osu.Game.Rulesets.Catch.Tests.CatchBeatmapConversionTest.Test(String name, Type[] mods) in /app/osu.Game.Rulesets.Catch.Tests/CatchBeatmapConversionTest.cs:line 58
   at InvokeStub_CatchBeatmapConversionTest.Test(Object, Span`1)

72)    at osu.Game.Tests.Beatmaps.BeatmapConversionTest`2.<>c__DisplayClass4_1.<Test>b__2() in /app/osu.Game/Tests/Beatmaps/BeatmapConversionTest.cs:line 98
   at NUnit.Framework.Assert.Multiple(TestDelegate testDelegate)
   at osu.Game.Tests.Beatmaps.BeatmapConversionTest`2.<>c__DisplayClass4_0.<Test>b__1() in /app/osu.Game/Tests/Beatmaps/BeatmapConversionTest.cs:line 77
   at NUnit.Framework.Assert.Multiple(TestDelegate testDelegate)
   at osu.Game.Tests.Beatmaps.BeatmapConversionTest`2.Test(String name, Type[] mods) in /app/osu.Game/Tests/Beatmaps/BeatmapConversionTest.cs:line 50
   at osu.Game.Rulesets.Catch.Tests.CatchBeatmapConversionTest.Test(String name, Type[] mods) in /app/osu.Game.Rulesets.Catch.Tests/CatchBeatmapConversionTest.cs:line 58
   at InvokeStub_CatchBeatmapConversionTest.Test(Object, Span`1)

73)    at osu.Game.Tests.Beatmaps.BeatmapConversionTest`2.<>c__DisplayClass4_1.<Test>b__2() in /app/osu.Game/Tests/Beatmaps/BeatmapConversionTest.cs:line 98
   at NUnit.Framework.Assert.Multiple(TestDelegate testDelegate)
   at osu.Game.Tests.Beatmaps.BeatmapConversionTest`2.<>c__DisplayClass4_0.<Test>b__1() in /app/osu.Game/Tests/Beatmaps/BeatmapConversionTest.cs:line 77
   at NUnit.Framework.Assert.Multiple(TestDelegate testDelegate)
   at osu.Game.Tests.Beatmaps.BeatmapConversionTest`2.Test(String name, Type[] mods) in /app/osu.Game/Tests/Beatmaps/BeatmapConversionTest.cs:line 50
   at osu.Game.Rulesets.Catch.Tests.CatchBeatmapConversionTest.Test(String name, Type[] mods) in /app/osu.Game.Rulesets.Catch.Tests/CatchBeatmapConversionTest.cs:line 58
   at InvokeStub_CatchBeatmapConversionTest.Test(Object, Span`1)

74)    at osu.Game.Tests.Beatmaps.BeatmapConversionTest`2.<>c__DisplayClass4_1.<Test>b__2() in /app/osu.Game/Tests/Beatmaps/BeatmapConversionTest.cs:line 98
   at NUnit.Framework.Assert.Multiple(TestDelegate testDelegate)
   at osu.Game.Tests.Beatmaps.BeatmapConversionTest`2.<>c__DisplayClass4_0.<Test>b__1() in /app/osu.Game/Tests/Beatmaps/BeatmapConversionTest.cs:line 77
   at NUnit.Framework.Assert.Multiple(TestDelegate testDelegate)
   at osu.Game.Tests.Beatmaps.BeatmapConversionTest`2.Test(String name, Type[] mods) in /app/osu.Game/Tests/Beatmaps/BeatmapConversionTest.cs:line 50
   at osu.Game.Rulesets.Catch.Tests.CatchBeatmapConversionTest.Test(String name, Type[] mods) in /app/osu.Game.Rulesets.Catch.Tests/CatchBeatmapConversionTest.cs:line 58
   at InvokeStub_CatchBeatmapConversionTest.Test(Object, Span`1)

75)    at osu.Game.Tests.Beatmaps.BeatmapConversionTest`2.<>c__DisplayClass4_1.<Test>b__2() in /app/osu.Game/Tests/Beatmaps/BeatmapConversionTest.cs:line 98
   at NUnit.Framework.Assert.Multiple(TestDelegate testDelegate)
   at osu.Game.Tests.Beatmaps.BeatmapConversionTest`2.<>c__DisplayClass4_0.<Test>b__1() in /app/osu.Game/Tests/Beatmaps/BeatmapConversionTest.cs:line 77
   at NUnit.Framework.Assert.Multiple(TestDelegate testDelegate)
   at osu.Game.Tests.Beatmaps.BeatmapConversionTest`2.Test(String name, Type[] mods) in /app/osu.Game/Tests/Beatmaps/BeatmapConversionTest.cs:line 50
   at osu.Game.Rulesets.Catch.Tests.CatchBeatmapConversionTest.Test(String name, Type[] mods) in /app/osu.Game.Rulesets.Catch.Tests/CatchBeatmapConversionTest.cs:line 58
   at InvokeStub_CatchBeatmapConversionTest.Test(Object, Span`1)

76)    at osu.Game.Tests.Beatmaps.BeatmapConversionTest`2.<>c__DisplayClass4_1.<Test>b__2() in /app/osu.Game/Tests/Beatmaps/BeatmapConversionTest.cs:line 98
   at NUnit.Framework.Assert.Multiple(TestDelegate testDelegate)
   at osu.Game.Tests.Beatmaps.BeatmapConversionTest`2.<>c__DisplayClass4_0.<Test>b__1() in /app/osu.Game/Tests/Beatmaps/BeatmapConversionTest.cs:line 77
   at NUnit.Framework.Assert.Multiple(TestDelegate testDelegate)
   at osu.Game.Tests.Beatmaps.BeatmapConversionTest`2.Test(String name, Type[] mods) in /app/osu.Game/Tests/Beatmaps/BeatmapConversionTest.cs:line 50
   at osu.Game.Rulesets.Catch.Tests.CatchBeatmapConversionTest.Test(String name, Type[] mods) in /app/osu.Game.Rulesets.Catch.Tests/CatchBeatmapConversionTest.cs:line 58
   at InvokeStub_CatchBeatmapConversionTest.Test(Object, Span`1)

77)    at osu.Game.Tests.Beatmaps.BeatmapConversionTest`2.<>c__DisplayClass4_1.<Test>b__2() in /app/osu.Game/Tests/Beatmaps/BeatmapConversionTest.cs:line 98
   at NUnit.Framework.Assert.Multiple(TestDelegate testDelegate)
   at osu.Game.Tests.Beatmaps.BeatmapConversionTest`2.<>c__DisplayClass4_0.<Test>b__1() in /app/osu.Game/Tests/Beatmaps/BeatmapConversionTest.cs:line 77
   at NUnit.Framework.Assert.Multiple(TestDelegate testDelegate)
   at osu.Game.Tests.Beatmaps.BeatmapConversionTest`2.Test(String name, Type[] mods) in /app/osu.Game/Tests/Beatmaps/BeatmapConversionTest.cs:line 50
   at osu.Game.Rulesets.Catch.Tests.CatchBeatmapConversionTest.Test(String name, Type[] mods) in /app/osu.Game.Rulesets.Catch.Tests/CatchBeatmapConversionTest.cs:line 58
   at InvokeStub_CatchBeatmapConversionTest.Test(Object, Span`1)

78)    at osu.Game.Tests.Beatmaps.BeatmapConversionTest`2.<>c__DisplayClass4_1.<Test>b__2() in /app/osu.Game/Tests/Beatmaps/BeatmapConversionTest.cs:line 98
   at NUnit.Framework.Assert.Multiple(TestDelegate testDelegate)
   at osu.Game.Tests.Beatmaps.BeatmapConversionTest`2.<>c__DisplayClass4_0.<Test>b__1() in /app/osu.Game/Tests/Beatmaps/BeatmapConversionTest.cs:line 77
   at NUnit.Framework.Assert.Multiple(TestDelegate testDelegate)
   at osu.Game.Tests.Beatmaps.BeatmapConversionTest`2.Test(String name, Type[] mods) in /app/osu.Game/Tests/Beatmaps/BeatmapConversionTest.cs:line 50
   at osu.Game.Rulesets.Catch.Tests.CatchBeatmapConversionTest.Test(String name, Type[] mods) in /app/osu.Game.Rulesets.Catch.Tests/CatchBeatmapConversionTest.cs:line 58
   at InvokeStub_CatchBeatmapConversionTest.Test(Object, Span`1)

79)    at osu.Game.Tests.Beatmaps.BeatmapConversionTest`2.<>c__DisplayClass4_1.<Test>b__2() in /app/osu.Game/Tests/Beatmaps/BeatmapConversionTest.cs:line 98
   at NUnit.Framework.Assert.Multiple(TestDelegate testDelegate)
   at osu.Game.Tests.Beatmaps.BeatmapConversionTest`2.<>c__DisplayClass4_0.<Test>b__1() in /app/osu.Game/Tests/Beatmaps/BeatmapConversionTest.cs:line 77
   at NUnit.Framework.Assert.Multiple(TestDelegate testDelegate)
   at osu.Game.Tests.Beatmaps.BeatmapConversionTest`2.Test(String name, Type[] mods) in /app/osu.Game/Tests/Beatmaps/BeatmapConversionTest.cs:line 50
   at osu.Game.Rulesets.Catch.Tests.CatchBeatmapConversionTest.Test(String name, Type[] mods) in /app/osu.Game.Rulesets.Catch.Tests/CatchBeatmapConversionTest.cs:line 58
   at InvokeStub_CatchBeatmapConversionTest.Test(Object, Span`1)

80)    at osu.Game.Tests.Beatmaps.BeatmapConversionTest`2.<>c__DisplayClass4_1.<Test>b__2() in /app/osu.Game/Tests/Beatmaps/BeatmapConversionTest.cs:line 98
   at NUnit.Framework.Assert.Multiple(TestDelegate testDelegate)
   at osu.Game.Tests.Beatmaps.BeatmapConversionTest`2.<>c__DisplayClass4_0.<Test>b__1() in /app/osu.Game/Tests/Beatmaps/BeatmapConversionTest.cs:line 77
   at NUnit.Framework.Assert.Multiple(TestDelegate testDelegate)
   at osu.Game.Tests.Beatmaps.BeatmapConversionTest`2.Test(String name, Type[] mods) in /app/osu.Game/Tests/Beatmaps/BeatmapConversionTest.cs:line 50
   at osu.Game.Rulesets.Catch.Tests.CatchBeatmapConversionTest.Test(String name, Type[] mods) in /app/osu.Game.Rulesets.Catch.Tests/CatchBeatmapConversionTest.cs:line 58
   at InvokeStub_CatchBeatmapConversionTest.Test(Object, Span`1)

81)    at osu.Game.Tests.Beatmaps.BeatmapConversionTest`2.<>c__DisplayClass4_1.<Test>b__2() in /app/osu.Game/Tests/Beatmaps/BeatmapConversionTest.cs:line 98
   at NUnit.Framework.Assert.Multiple(TestDelegate testDelegate)
   at osu.Game.Tests.Beatmaps.BeatmapConversionTest`2.<>c__DisplayClass4_0.<Test>b__1() in /app/osu.Game/Tests/Beatmaps/BeatmapConversionTest.cs:line 77
   at NUnit.Framework.Assert.Multiple(TestDelegate testDelegate)
   at osu.Game.Tests.Beatmaps.BeatmapConversionTest`2.Test(String name, Type[] mods) in /app/osu.Game/Tests/Beatmaps/BeatmapConversionTest.cs:line 50
   at osu.Game.Rulesets.Catch.Tests.CatchBeatmapConversionTest.Test(String name, Type[] mods) in /app/osu.Game.Rulesets.Catch.Tests/CatchBeatmapConversionTest.cs:line 58
   at InvokeStub_CatchBeatmapConversionTest.Test(Object, Span`1)

82)    at osu.Game.Tests.Beatmaps.BeatmapConversionTest`2.<>c__DisplayClass4_1.<Test>b__2() in /app/osu.Game/Tests/Beatmaps/BeatmapConversionTest.cs:line 98
   at NUnit.Framework.Assert.Multiple(TestDelegate testDelegate)
   at osu.Game.Tests.Beatmaps.BeatmapConversionTest`2.<>c__DisplayClass4_0.<Test>b__1() in /app/osu.Game/Tests/Beatmaps/BeatmapConversionTest.cs:line 77
   at NUnit.Framework.Assert.Multiple(TestDelegate testDelegate)
   at osu.Game.Tests.Beatmaps.BeatmapConversionTest`2.Test(String name, Type[] mods) in /app/osu.Game/Tests/Beatmaps/BeatmapConversionTest.cs:line 50
   at osu.Game.Rulesets.Catch.Tests.CatchBeatmapConversionTest.Test(String name, Type[] mods) in /app/osu.Game.Rulesets.Catch.Tests/CatchBeatmapConversionTest.cs:line 58
   at InvokeStub_CatchBeatmapConversionTest.Test(Object, Span`1)

83)    at osu.Game.Tests.Beatmaps.BeatmapConversionTest`2.<>c__DisplayClass4_1.<Test>b__2() in /app/osu.Game/Tests/Beatmaps/BeatmapConversionTest.cs:line 98
   at NUnit.Framework.Assert.Multiple(TestDelegate testDelegate)
   at osu.Game.Tests.Beatmaps.BeatmapConversionTest`2.<>c__DisplayClass4_0.<Test>b__1() in /app/osu.Game/Tests/Beatmaps/BeatmapConversionTest.cs:line 77
   at NUnit.Framework.Assert.Multiple(TestDelegate testDelegate)
   at osu.Game.Tests.Beatmaps.BeatmapConversionTest`2.Test(String name, Type[] mods) in /app/osu.Game/Tests/Beatmaps/BeatmapConversionTest.cs:line 50
   at osu.Game.Rulesets.Catch.Tests.CatchBeatmapConversionTest.Test(String name, Type[] mods) in /app/osu.Game.Rulesets.Catch.Tests/CatchBeatmapConversionTest.cs:line 58
   at InvokeStub_CatchBeatmapConversionTest.Test(Object, Span`1)

84)    at osu.Game.Tests.Beatmaps.BeatmapConversionTest`2.<>c__DisplayClass4_1.<Test>b__2() in /app/osu.Game/Tests/Beatmaps/BeatmapConversionTest.cs:line 98
   at NUnit.Framework.Assert.Multiple(TestDelegate testDelegate)
   at osu.Game.Tests.Beatmaps.BeatmapConversionTest`2.<>c__DisplayClass4_0.<Test>b__1() in /app/osu.Game/Tests/Beatmaps/BeatmapConversionTest.cs:line 77
   at NUnit.Framework.Assert.Multiple(TestDelegate testDelegate)
   at osu.Game.Tests.Beatmaps.BeatmapConversionTest`2.Test(String name, Type[] mods) in /app/osu.Game/Tests/Beatmaps/BeatmapConversionTest.cs:line 50
   at osu.Game.Rulesets.Catch.Tests.CatchBeatmapConversionTest.Test(String name, Type[] mods) in /app/osu.Game.Rulesets.Catch.Tests/CatchBeatmapConversionTest.cs:line 58
   at InvokeStub_CatchBeatmapConversionTest.Test(Object, Span`1)

85)    at osu.Game.Tests.Beatmaps.BeatmapConversionTest`2.<>c__DisplayClass4_1.<Test>b__2() in /app/osu.Game/Tests/Beatmaps/BeatmapConversionTest.cs:line 98
   at NUnit.Framework.Assert.Multiple(TestDelegate testDelegate)
   at osu.Game.Tests.Beatmaps.BeatmapConversionTest`2.<>c__DisplayClass4_0.<Test>b__1() in /app/osu.Game/Tests/Beatmaps/BeatmapConversionTest.cs:line 77
   at NUnit.Framework.Assert.Multiple(TestDelegate testDelegate)
   at osu.Game.Tests.Beatmaps.BeatmapConversionTest`2.Test(String name, Type[] mods) in /app/osu.Game/Tests/Beatmaps/BeatmapConversionTest.cs:line 50
   at osu.Game.Rulesets.Catch.Tests.CatchBeatmapConversionTest.Test(String name, Type[] mods) in /app/osu.Game.Rulesets.Catch.Tests/CatchBeatmapConversionTest.cs:line 58
   at InvokeStub_CatchBeatmapConversionTest.Test(Object, Span`1)

86)    at osu.Game.Tests.Beatmaps.BeatmapConversionTest`2.<>c__DisplayClass4_1.<Test>b__2() in /app/osu.Game/Tests/Beatmaps/BeatmapConversionTest.cs:line 98
   at NUnit.Framework.Assert.Multiple(TestDelegate testDelegate)
   at osu.Game.Tests.Beatmaps.BeatmapConversionTest`2.<>c__DisplayClass4_0.<Test>b__1() in /app/osu.Game/Tests/Beatmaps/BeatmapConversionTest.cs:line 77
   at NUnit.Framework.Assert.Multiple(TestDelegate testDelegate)
   at osu.Game.Tests.Beatmaps.BeatmapConversionTest`2.Test(String name, Type[] mods) in /app/osu.Game/Tests/Beatmaps/BeatmapConversionTest.cs:line 50
   at osu.Game.Rulesets.Catch.Tests.CatchBeatmapConversionTest.Test(String name, Type[] mods) in /app/osu.Game.Rulesets.Catch.Tests/CatchBeatmapConversionTest.cs:line 58
   at InvokeStub_CatchBeatmapConversionTest.Test(Object, Span`1)

87)    at osu.Game.Tests.Beatmaps.BeatmapConversionTest`2.<>c__DisplayClass4_1.<Test>b__2() in /app/osu.Game/Tests/Beatmaps/BeatmapConversionTest.cs:line 98
   at NUnit.Framework.Assert.Multiple(TestDelegate testDelegate)
   at osu.Game.Tests.Beatmaps.BeatmapConversionTest`2.<>c__DisplayClass4_0.<Test>b__1() in /app/osu.Game/Tests/Beatmaps/BeatmapConversionTest.cs:line 77
   at NUnit.Framework.Assert.Multiple(TestDelegate testDelegate)
   at osu.Game.Tests.Beatmaps.BeatmapConversionTest`2.Test(String name, Type[] mods) in /app/osu.Game/Tests/Beatmaps/BeatmapConversionTest.cs:line 50
   at osu.Game.Rulesets.Catch.Tests.CatchBeatmapConversionTest.Test(String name, Type[] mods) in /app/osu.Game.Rulesets.Catch.Tests/CatchBeatmapConversionTest.cs:line 58
   at InvokeStub_CatchBeatmapConversionTest.Test(Object, Span`1)

88)    at osu.Game.Tests.Beatmaps.BeatmapConversionTest`2.<>c__DisplayClass4_1.<Test>b__2() in /app/osu.Game/Tests/Beatmaps/BeatmapConversionTest.cs:line 98
   at NUnit.Framework.Assert.Multiple(TestDelegate testDelegate)
   at osu.Game.Tests.Beatmaps.BeatmapConversionTest`2.<>c__DisplayClass4_0.<Test>b__1() in /app/osu.Game/Tests/Beatmaps/BeatmapConversionTest.cs:line 77
   at NUnit.Framework.Assert.Multiple(TestDelegate testDelegate)
   at osu.Game.Tests.Beatmaps.BeatmapConversionTest`2.Test(String name, Type[] mods) in /app/osu.Game/Tests/Beatmaps/BeatmapConversionTest.cs:line 50
   at osu.Game.Rulesets.Catch.Tests.CatchBeatmapConversionTest.Test(String name, Type[] mods) in /app/osu.Game.Rulesets.Catch.Tests/CatchBeatmapConversionTest.cs:line 58
   at InvokeStub_CatchBeatmapConversionTest.Test(Object, Span`1)

89)    at osu.Game.Tests.Beatmaps.BeatmapConversionTest`2.<>c__DisplayClass4_1.<Test>b__2() in /app/osu.Game/Tests/Beatmaps/BeatmapConversionTest.cs:line 98
   at NUnit.Framework.Assert.Multiple(TestDelegate testDelegate)
   at osu.Game.Tests.Beatmaps.BeatmapConversionTest`2.<>c__DisplayClass4_0.<Test>b__1() in /app/osu.Game/Tests/Beatmaps/BeatmapConversionTest.cs:line 77
   at NUnit.Framework.Assert.Multiple(TestDelegate testDelegate)
   at osu.Game.Tests.Beatmaps.BeatmapConversionTest`2.Test(String name, Type[] mods) in /app/osu.Game/Tests/Beatmaps/BeatmapConversionTest.cs:line 50
   at osu.Game.Rulesets.Catch.Tests.CatchBeatmapConversionTest.Test(String name, Type[] mods) in /app/osu.Game.Rulesets.Catch.Tests/CatchBeatmapConversionTest.cs:line 58
   at InvokeStub_CatchBeatmapConversionTest.Test(Object, Span`1)

90)    at osu.Game.Tests.Beatmaps.BeatmapConversionTest`2.<>c__DisplayClass4_1.<Test>b__2() in /app/osu.Game/Tests/Beatmaps/BeatmapConversionTest.cs:line 98
   at NUnit.Framework.Assert.Multiple(TestDelegate testDelegate)
   at osu.Game.Tests.Beatmaps.BeatmapConversionTest`2.<>c__DisplayClass4_0.<Test>b__1() in /app/osu.Game/Tests/Beatmaps/BeatmapConversionTest.cs:line 77
   at NUnit.Framework.Assert.Multiple(TestDelegate testDelegate)
   at osu.Game.Tests.Beatmaps.BeatmapConversionTest`2.Test(String name, Type[] mods) in /app/osu.Game/Tests/Beatmaps/BeatmapConversionTest.cs:line 50
   at osu.Game.Rulesets.Catch.Tests.CatchBeatmapConversionTest.Test(String name, Type[] mods) in /app/osu.Game.Rulesets.Catch.Tests/CatchBeatmapConversionTest.cs:line 58
   at InvokeStub_CatchBeatmapConversionTest.Test(Object, Span`1)

91)    at osu.Game.Tests.Beatmaps.BeatmapConversionTest`2.<>c__DisplayClass4_1.<Test>b__2() in /app/osu.Game/Tests/Beatmaps/BeatmapConversionTest.cs:line 98
   at NUnit.Framework.Assert.Multiple(TestDelegate testDelegate)
   at osu.Game.Tests.Beatmaps.BeatmapConversionTest`2.<>c__DisplayClass4_0.<Test>b__1() in /app/osu.Game/Tests/Beatmaps/BeatmapConversionTest.cs:line 77
   at NUnit.Framework.Assert.Multiple(TestDelegate testDelegate)
   at osu.Game.Tests.Beatmaps.BeatmapConversionTest`2.Test(String name, Type[] mods) in /app/osu.Game/Tests/Beatmaps/BeatmapConversionTest.cs:line 50
   at osu.Game.Rulesets.Catch.Tests.CatchBeatmapConversionTest.Test(String name, Type[] mods) in /app/osu.Game.Rulesets.Catch.Tests/CatchBeatmapConversionTest.cs:line 58
   at InvokeStub_CatchBeatmapConversionTest.Test(Object, Span`1)

92)    at osu.Game.Tests.Beatmaps.BeatmapConversionTest`2.<>c__DisplayClass4_1.<Test>b__2() in /app/osu.Game/Tests/Beatmaps/BeatmapConversionTest.cs:line 98
   at NUnit.Framework.Assert.Multiple(TestDelegate testDelegate)
   at osu.Game.Tests.Beatmaps.BeatmapConversionTest`2.<>c__DisplayClass4_0.<Test>b__1() in /app/osu.Game/Tests/Beatmaps/BeatmapConversionTest.cs:line 77
   at NUnit.Framework.Assert.Multiple(TestDelegate testDelegate)
   at osu.Game.Tests.Beatmaps.BeatmapConversionTest`2.Test(String name, Type[] mods) in /app/osu.Game/Tests/Beatmaps/BeatmapConversionTest.cs:line 50
   at osu.Game.Rulesets.Catch.Tests.CatchBeatmapConversionTest.Test(String name, Type[] mods) in /app/osu.Game.Rulesets.Catch.Tests/CatchBeatmapConversionTest.cs:line 58
   at InvokeStub_CatchBeatmapConversionTest.Test(Object, Span`1)

93)    at osu.Game.Tests.Beatmaps.BeatmapConversionTest`2.<>c__DisplayClass4_1.<Test>b__2() in /app/osu.Game/Tests/Beatmaps/BeatmapConversionTest.cs:line 98
   at NUnit.Framework.Assert.Multiple(TestDelegate testDelegate)
   at osu.Game.Tests.Beatmaps.BeatmapConversionTest`2.<>c__DisplayClass4_0.<Test>b__1() in /app/osu.Game/Tests/Beatmaps/BeatmapConversionTest.cs:line 77
   at NUnit.Framework.Assert.Multiple(TestDelegate testDelegate)
   at osu.Game.Tests.Beatmaps.BeatmapConversionTest`2.Test(String name, Type[] mods) in /app/osu.Game/Tests/Beatmaps/BeatmapConversionTest.cs:line 50
   at osu.Game.Rulesets.Catch.Tests.CatchBeatmapConversionTest.Test(String name, Type[] mods) in /app/osu.Game.Rulesets.Catch.Tests/CatchBeatmapConversionTest.cs:line 58
   at InvokeStub_CatchBeatmapConversionTest.Test(Object, Span`1)

94)    at osu.Game.Tests.Beatmaps.BeatmapConversionTest`2.<>c__DisplayClass4_1.<Test>b__2() in /app/osu.Game/Tests/Beatmaps/BeatmapConversionTest.cs:line 98
   at NUnit.Framework.Assert.Multiple(TestDelegate testDelegate)
   at osu.Game.Tests.Beatmaps.BeatmapConversionTest`2.<>c__DisplayClass4_0.<Test>b__1() in /app/osu.Game/Tests/Beatmaps/BeatmapConversionTest.cs:line 77
   at NUnit.Framework.Assert.Multiple(TestDelegate testDelegate)
   at osu.Game.Tests.Beatmaps.BeatmapConversionTest`2.Test(String name, Type[] mods) in /app/osu.Game/Tests/Beatmaps/BeatmapConversionTest.cs:line 50
   at osu.Game.Rulesets.Catch.Tests.CatchBeatmapConversionTest.Test(String name, Type[] mods) in /app/osu.Game.Rulesets.Catch.Tests/CatchBeatmapConversionTest.cs:line 58
   at InvokeStub_CatchBeatmapConversionTest.Test(Object, Span`1)

95)    at osu.Game.Tests.Beatmaps.BeatmapConversionTest`2.<>c__DisplayClass4_1.<Test>b__2() in /app/osu.Game/Tests/Beatmaps/BeatmapConversionTest.cs:line 98
   at NUnit.Framework.Assert.Multiple(TestDelegate testDelegate)
   at osu.Game.Tests.Beatmaps.BeatmapConversionTest`2.<>c__DisplayClass4_0.<Test>b__1() in /app/osu.Game/Tests/Beatmaps/BeatmapConversionTest.cs:line 77
   at NUnit.Framework.Assert.Multiple(TestDelegate testDelegate)
   at osu.Game.Tests.Beatmaps.BeatmapConversionTest`2.Test(String name, Type[] mods) in /app/osu.Game/Tests/Beatmaps/BeatmapConversionTest.cs:line 50
   at osu.Game.Rulesets.Catch.Tests.CatchBeatmapConversionTest.Test(String name, Type[] mods) in /app/osu.Game.Rulesets.Catch.Tests/CatchBeatmapConversionTest.cs:line 58
   at InvokeStub_CatchBeatmapConversionTest.Test(Object, Span`1)

96)    at osu.Game.Tests.Beatmaps.BeatmapConversionTest`2.<>c__DisplayClass4_1.<Test>b__2() in /app/osu.Game/Tests/Beatmaps/BeatmapConversionTest.cs:line 98
   at NUnit.Framework.Assert.Multiple(TestDelegate testDelegate)
   at osu.Game.Tests.Beatmaps.BeatmapConversionTest`2.<>c__DisplayClass4_0.<Test>b__1() in /app/osu.Game/Tests/Beatmaps/BeatmapConversionTest.cs:line 77
   at NUnit.Framework.Assert.Multiple(TestDelegate testDelegate)
   at osu.Game.Tests.Beatmaps.BeatmapConversionTest`2.Test(String name, Type[] mods) in /app/osu.Game/Tests/Beatmaps/BeatmapConversionTest.cs:line 50
   at osu.Game.Rulesets.Catch.Tests.CatchBeatmapConversionTest.Test(String name, Type[] mods) in /app/osu.Game.Rulesets.Catch.Tests/CatchBeatmapConversionTest.cs:line 58
   at InvokeStub_CatchBeatmapConversionTest.Test(Object, Span`1)

97)    at osu.Game.Tests.Beatmaps.BeatmapConversionTest`2.<>c__DisplayClass4_1.<Test>b__2() in /app/osu.Game/Tests/Beatmaps/BeatmapConversionTest.cs:line 98
   at NUnit.Framework.Assert.Multiple(TestDelegate testDelegate)
   at osu.Game.Tests.Beatmaps.BeatmapConversionTest`2.<>c__DisplayClass4_0.<Test>b__1() in /app/osu.Game/Tests/Beatmaps/BeatmapConversionTest.cs:line 77
   at NUnit.Framework.Assert.Multiple(TestDelegate testDelegate)
   at osu.Game.Tests.Beatmaps.BeatmapConversionTest`2.Test(String name, Type[] mods) in /app/osu.Game/Tests/Beatmaps/BeatmapConversionTest.cs:line 50
   at osu.Game.Rulesets.Catch.Tests.CatchBeatmapConversionTest.Test(String name, Type[] mods) in /app/osu.Game.Rulesets.Catch.Tests/CatchBeatmapConversionTest.cs:line 58
   at InvokeStub_CatchBeatmapConversionTest.Test(Object, Span`1)

98)    at osu.Game.Tests.Beatmaps.BeatmapConversionTest`2.<>c__DisplayClass4_1.<Test>b__2() in /app/osu.Game/Tests/Beatmaps/BeatmapConversionTest.cs:line 98
   at NUnit.Framework.Assert.Multiple(TestDelegate testDelegate)
   at osu.Game.Tests.Beatmaps.BeatmapConversionTest`2.<>c__DisplayClass4_0.<Test>b__1() in /app/osu.Game/Tests/Beatmaps/BeatmapConversionTest.cs:line 77
   at NUnit.Framework.Assert.Multiple(TestDelegate testDelegate)
   at osu.Game.Tests.Beatmaps.BeatmapConversionTest`2.Test(String name, Type[] mods) in /app/osu.Game/Tests/Beatmaps/BeatmapConversionTest.cs:line 50
   at osu.Game.Rulesets.Catch.Tests.CatchBeatmapConversionTest.Test(String name, Type[] mods) in /app/osu.Game.Rulesets.Catch.Tests/CatchBeatmapConversionTest.cs:line 58
   at InvokeStub_CatchBeatmapConversionTest.Test(Object, Span`1)

99)    at osu.Game.Tests.Beatmaps.BeatmapConversionTest`2.<>c__DisplayClass4_1.<Test>b__2() in /app/osu.Game/Tests/Beatmaps/BeatmapConversionTest.cs:line 98
   at NUnit.Framework.Assert.Multiple(TestDelegate testDelegate)
   at osu.Game.Tests.Beatmaps.BeatmapConversionTest`2.<>c__DisplayClass4_0.<Test>b__1() in /app/osu.Game/Tests/Beatmaps/BeatmapConversionTest.cs:line 77
   at NUnit.Framework.Assert.Multiple(TestDelegate testDelegate)
   at osu.Game.Tests.Beatmaps.BeatmapConversionTest`2.Test(String name, Type[] mods) in /app/osu.Game/Tests/Beatmaps/BeatmapConversionTest.cs:line 50
   at osu.Game.Rulesets.Catch.Tests.CatchBeatmapConversionTest.Test(String name, Type[] mods) in /app/osu.Game.Rulesets.Catch.Tests/CatchBeatmapConversionTest.cs:line 58
   at InvokeStub_CatchBeatmapConversionTest.Test(Object, Span`1)

100)    at osu.Game.Tests.Beatmaps.BeatmapConversionTest`2.<>c__DisplayClass4_1.<Test>b__2() in /app/osu.Game/Tests/Beatmaps/BeatmapConversionTest.cs:line 98
   at NUnit.Framework.Assert.Multiple(TestDelegate testDelegate)
   at osu.Game.Tests.Beatmaps.BeatmapConversionTest`2.<>c__DisplayClass4_0.<Test>b__1() in /app/osu.Game/Tests/Beatmaps/BeatmapConversionTest.cs:line 77
   at NUnit.Framework.Assert.Multiple(TestDelegate testDelegate)
   at osu.Game.Tests.Beatmaps.BeatmapConversionTest`2.Test(String name, Type[] mods) in /app/osu.Game/Tests/Beatmaps/BeatmapConversionTest.cs:line 50
   at osu.Game.Rulesets.Catch.Tests.CatchBeatmapConversionTest.Test(String name, Type[] mods) in /app/osu.Game.Rulesets.Catch.Tests/CatchBeatmapConversionTest.cs:line 58
   at InvokeStub_CatchBeatmapConversionTest.Test(Object, Span`1)

101)    at osu.Game.Tests.Beatmaps.BeatmapConversionTest`2.<>c__DisplayClass4_1.<Test>b__2() in /app/osu.Game/Tests/Beatmaps/BeatmapConversionTest.cs:line 98
   at NUnit.Framework.Assert.Multiple(TestDelegate testDelegate)
   at osu.Game.Tests.Beatmaps.BeatmapConversionTest`2.<>c__DisplayClass4_0.<Test>b__1() in /app/osu.Game/Tests/Beatmaps/BeatmapConversionTest.cs:line 77
   at NUnit.Framework.Assert.Multiple(TestDelegate testDelegate)
   at osu.Game.Tests.Beatmaps.BeatmapConversionTest`2.Test(String name, Type[] mods) in /app/osu.Game/Tests/Beatmaps/BeatmapConversionTest.cs:line 50
   at osu.Game.Rulesets.Catch.Tests.CatchBeatmapConversionTest.Test(String name, Type[] mods) in /app/osu.Game.Rulesets.Catch.Tests/CatchBeatmapConversionTest.cs:line 58
   at InvokeStub_CatchBeatmapConversionTest.Test(Object, Span`1)

102)    at osu.Game.Tests.Beatmaps.BeatmapConversionTest`2.<>c__DisplayClass4_1.<Test>b__2() in /app/osu.Game/Tests/Beatmaps/BeatmapConversionTest.cs:line 98
   at NUnit.Framework.Assert.Multiple(TestDelegate testDelegate)
   at osu.Game.Tests.Beatmaps.BeatmapConversionTest`2.<>c__DisplayClass4_0.<Test>b__1() in /app/osu.Game/Tests/Beatmaps/BeatmapConversionTest.cs:line 77
   at NUnit.Framework.Assert.Multiple(TestDelegate testDelegate)
   at osu.Game.Tests.Beatmaps.BeatmapConversionTest`2.Test(String name, Type[] mods) in /app/osu.Game/Tests/Beatmaps/BeatmapConversionTest.cs:line 50
   at osu.Game.Rulesets.Catch.Tests.CatchBeatmapConversionTest.Test(String name, Type[] mods) in /app/osu.Game.Rulesets.Catch.Tests/CatchBeatmapConversionTest.cs:line 58
   at InvokeStub_CatchBeatmapConversionTest.Test(Object, Span`1)

103)    at osu.Game.Tests.Beatmaps.BeatmapConversionTest`2.<>c__DisplayClass4_1.<Test>b__2() in /app/osu.Game/Tests/Beatmaps/BeatmapConversionTest.cs:line 98
   at NUnit.Framework.Assert.Multiple(TestDelegate testDelegate)
   at osu.Game.Tests.Beatmaps.BeatmapConversionTest`2.<>c__DisplayClass4_0.<Test>b__1() in /app/osu.Game/Tests/Beatmaps/BeatmapConversionTest.cs:line 77
   at NUnit.Framework.Assert.Multiple(TestDelegate testDelegate)
   at osu.Game.Tests.Beatmaps.BeatmapConversionTest`2.Test(String name, Type[] mods) in /app/osu.Game/Tests/Beatmaps/BeatmapConversionTest.cs:line 50
   at osu.Game.Rulesets.Catch.Tests.CatchBeatmapConversionTest.Test(String name, Type[] mods) in /app/osu.Game.Rulesets.Catch.Tests/CatchBeatmapConversionTest.cs:line 58
   at InvokeStub_CatchBeatmapConversionTest.Test(Object, Span`1)

104)    at osu.Game.Tests.Beatmaps.BeatmapConversionTest`2.<>c__DisplayClass4_1.<Test>b__2() in /app/osu.Game/Tests/Beatmaps/BeatmapConversionTest.cs:line 98
   at NUnit.Framework.Assert.Multiple(TestDelegate testDelegate)
   at osu.Game.Tests.Beatmaps.BeatmapConversionTest`2.<>c__DisplayClass4_0.<Test>b__1() in /app/osu.Game/Tests/Beatmaps/BeatmapConversionTest.cs:line 77
   at NUnit.Framework.Assert.Multiple(TestDelegate testDelegate)
   at osu.Game.Tests.Beatmaps.BeatmapConversionTest`2.Test(String name, Type[] mods) in /app/osu.Game/Tests/Beatmaps/BeatmapConversionTest.cs:line 50
   at osu.Game.Rulesets.Catch.Tests.CatchBeatmapConversionTest.Test(String name, Type[] mods) in /app/osu.Game.Rulesets.Catch.Tests/CatchBeatmapConversionTest.cs:line 58
   at InvokeStub_CatchBeatmapConversionTest.Test(Object, Span`1)

105)    at osu.Game.Tests.Beatmaps.BeatmapConversionTest`2.<>c__DisplayClass4_1.<Test>b__2() in /app/osu.Game/Tests/Beatmaps/BeatmapConversionTest.cs:line 98
   at NUnit.Framework.Assert.Multiple(TestDelegate testDelegate)
   at osu.Game.Tests.Beatmaps.BeatmapConversionTest`2.<>c__DisplayClass4_0.<Test>b__1() in /app/osu.Game/Tests/Beatmaps/BeatmapConversionTest.cs:line 77
   at NUnit.Framework.Assert.Multiple(TestDelegate testDelegate)
   at osu.Game.Tests.Beatmaps.BeatmapConversionTest`2.Test(String name, Type[] mods) in /app/osu.Game/Tests/Beatmaps/BeatmapConversionTest.cs:line 50
   at osu.Game.Rulesets.Catch.Tests.CatchBeatmapConversionTest.Test(String name, Type[] mods) in /app/osu.Game.Rulesets.Catch.Tests/CatchBeatmapConversionTest.cs:line 58
   at InvokeStub_CatchBeatmapConversionTest.Test(Object, Span`1)

106)    at osu.Game.Tests.Beatmaps.BeatmapConversionTest`2.<>c__DisplayClass4_1.<Test>b__2() in /app/osu.Game/Tests/Beatmaps/BeatmapConversionTest.cs:line 98
   at NUnit.Framework.Assert.Multiple(TestDelegate testDelegate)
   at osu.Game.Tests.Beatmaps.BeatmapConversionTest`2.<>c__DisplayClass4_0.<Test>b__1() in /app/osu.Game/Tests/Beatmaps/BeatmapConversionTest.cs:line 77
   at NUnit.Framework.Assert.Multiple(TestDelegate testDelegate)
   at osu.Game.Tests.Beatmaps.BeatmapConversionTest`2.Test(String name, Type[] mods) in /app/osu.Game/Tests/Beatmaps/BeatmapConversionTest.cs:line 50
   at osu.Game.Rulesets.Catch.Tests.CatchBeatmapConversionTest.Test(String name, Type[] mods) in /app/osu.Game.Rulesets.Catch.Tests/CatchBeatmapConversionTest.cs:line 58
   at InvokeStub_CatchBeatmapConversionTest.Test(Object, Span`1)

107)    at osu.Game.Tests.Beatmaps.BeatmapConversionTest`2.<>c__DisplayClass4_1.<Test>b__2() in /app/osu.Game/Tests/Beatmaps/BeatmapConversionTest.cs:line 98
   at NUnit.Framework.Assert.Multiple(TestDelegate testDelegate)
   at osu.Game.Tests.Beatmaps.BeatmapConversionTest`2.<>c__DisplayClass4_0.<Test>b__1() in /app/osu.Game/Tests/Beatmaps/BeatmapConversionTest.cs:line 77
   at NUnit.Framework.Assert.Multiple(TestDelegate testDelegate)
   at osu.Game.Tests.Beatmaps.BeatmapConversionTest`2.Test(String name, Type[] mods) in /app/osu.Game/Tests/Beatmaps/BeatmapConversionTest.cs:line 50
   at osu.Game.Rulesets.Catch.Tests.CatchBeatmapConversionTest.Test(String name, Type[] mods) in /app/osu.Game.Rulesets.Catch.Tests/CatchBeatmapConversionTest.cs:line 58
   at InvokeStub_CatchBeatmapConversionTest.Test(Object, Span`1)

108)    at osu.Game.Tests.Beatmaps.BeatmapConversionTest`2.<>c__DisplayClass4_1.<Test>b__2() in /app/osu.Game/Tests/Beatmaps/BeatmapConversionTest.cs:line 98
   at NUnit.Framework.Assert.Multiple(TestDelegate testDelegate)
   at osu.Game.Tests.Beatmaps.BeatmapConversionTest`2.<>c__DisplayClass4_0.<Test>b__1() in /app/osu.Game/Tests/Beatmaps/BeatmapConversionTest.cs:line 77
   at NUnit.Framework.Assert.Multiple(TestDelegate testDelegate)
   at osu.Game.Tests.Beatmaps.BeatmapConversionTest`2.Test(String name, Type[] mods) in /app/osu.Game/Tests/Beatmaps/BeatmapConversionTest.cs:line 50
   at osu.Game.Rulesets.Catch.Tests.CatchBeatmapConversionTest.Test(String name, Type[] mods) in /app/osu.Game.Rulesets.Catch.Tests/CatchBeatmapConversionTest.cs:line 58
   at InvokeStub_CatchBeatmapConversionTest.Test(Object, Span`1)

109)    at osu.Game.Tests.Beatmaps.BeatmapConversionTest`2.<>c__DisplayClass4_1.<Test>b__2() in /app/osu.Game/Tests/Beatmaps/BeatmapConversionTest.cs:line 98
   at NUnit.Framework.Assert.Multiple(TestDelegate testDelegate)
   at osu.Game.Tests.Beatmaps.BeatmapConversionTest`2.<>c__DisplayClass4_0.<Test>b__1() in /app/osu.Game/Tests/Beatmaps/BeatmapConversionTest.cs:line 77
   at NUnit.Framework.Assert.Multiple(TestDelegate testDelegate)
   at osu.Game.Tests.Beatmaps.BeatmapConversionTest`2.Test(String name, Type[] mods) in /app/osu.Game/Tests/Beatmaps/BeatmapConversionTest.cs:line 50
   at osu.Game.Rulesets.Catch.Tests.CatchBeatmapConversionTest.Test(String name, Type[] mods) in /app/osu.Game.Rulesets.Catch.Tests/CatchBeatmapConversionTest.cs:line 58
   at InvokeStub_CatchBeatmapConversionTest.Test(Object, Span`1)

110)    at osu.Game.Tests.Beatmaps.BeatmapConversionTest`2.<>c__DisplayClass4_1.<Test>b__2() in /app/osu.Game/Tests/Beatmaps/BeatmapConversionTest.cs:line 98
   at NUnit.Framework.Assert.Multiple(TestDelegate testDelegate)
   at osu.Game.Tests.Beatmaps.BeatmapConversionTest`2.<>c__DisplayClass4_0.<Test>b__1() in /app/osu.Game/Tests/Beatmaps/BeatmapConversionTest.cs:line 77
   at NUnit.Framework.Assert.Multiple(TestDelegate testDelegate)
   at osu.Game.Tests.Beatmaps.BeatmapConversionTest`2.Test(String name, Type[] mods) in /app/osu.Game/Tests/Beatmaps/BeatmapConversionTest.cs:line 50
   at osu.Game.Rulesets.Catch.Tests.CatchBeatmapConversionTest.Test(String name, Type[] mods) in /app/osu.Game.Rulesets.Catch.Tests/CatchBeatmapConversionTest.cs:line 58
   at InvokeStub_CatchBeatmapConversionTest.Test(Object, Span`1)

111)    at osu.Game.Tests.Beatmaps.BeatmapConversionTest`2.<>c__DisplayClass4_1.<Test>b__2() in /app/osu.Game/Tests/Beatmaps/BeatmapConversionTest.cs:line 98
   at NUnit.Framework.Assert.Multiple(TestDelegate testDelegate)
   at osu.Game.Tests.Beatmaps.BeatmapConversionTest`2.<>c__DisplayClass4_0.<Test>b__1() in /app/osu.Game/Tests/Beatmaps/BeatmapConversionTest.cs:line 77
   at NUnit.Framework.Assert.Multiple(TestDelegate testDelegate)
   at osu.Game.Tests.Beatmaps.BeatmapConversionTest`2.Test(String name, Type[] mods) in /app/osu.Game/Tests/Beatmaps/BeatmapConversionTest.cs:line 50
   at osu.Game.Rulesets.Catch.Tests.CatchBeatmapConversionTest.Test(String name, Type[] mods) in /app/osu.Game.Rulesets.Catch.Tests/CatchBeatmapConversionTest.cs:line 58
   at InvokeStub_CatchBeatmapConversionTest.Test(Object, Span`1)

112)    at osu.Game.Tests.Beatmaps.BeatmapConversionTest`2.<>c__DisplayClass4_1.<Test>b__2() in /app/osu.Game/Tests/Beatmaps/BeatmapConversionTest.cs:line 98
   at NUnit.Framework.Assert.Multiple(TestDelegate testDelegate)
   at osu.Game.Tests.Beatmaps.BeatmapConversionTest`2.<>c__DisplayClass4_0.<Test>b__1() in /app/osu.Game/Tests/Beatmaps/BeatmapConversionTest.cs:line 77
   at NUnit.Framework.Assert.Multiple(TestDelegate testDelegate)
   at osu.Game.Tests.Beatmaps.BeatmapConversionTest`2.Test(String name, Type[] mods) in /app/osu.Game/Tests/Beatmaps/BeatmapConversionTest.cs:line 50
   at osu.Game.Rulesets.Catch.Tests.CatchBeatmapConversionTest.Test(String name, Type[] mods) in /app/osu.Game.Rulesets.Catch.Tests/CatchBeatmapConversionTest.cs:line 58
   at InvokeStub_CatchBeatmapConversionTest.Test(Object, Span`1)

113)    at osu.Game.Tests.Beatmaps.BeatmapConversionTest`2.<>c__DisplayClass4_1.<Test>b__2() in /app/osu.Game/Tests/Beatmaps/BeatmapConversionTest.cs:line 98
   at NUnit.Framework.Assert.Multiple(TestDelegate testDelegate)
   at osu.Game.Tests.Beatmaps.BeatmapConversionTest`2.<>c__DisplayClass4_0.<Test>b__1() in /app/osu.Game/Tests/Beatmaps/BeatmapConversionTest.cs:line 77
   at NUnit.Framework.Assert.Multiple(TestDelegate testDelegate)
   at osu.Game.Tests.Beatmaps.BeatmapConversionTest`2.Test(String name, Type[] mods) in /app/osu.Game/Tests/Beatmaps/BeatmapConversionTest.cs:line 50
   at osu.Game.Rulesets.Catch.Tests.CatchBeatmapConversionTest.Test(String name, Type[] mods) in /app/osu.Game.Rulesets.Catch.Tests/CatchBeatmapConversionTest.cs:line 58
   at InvokeStub_CatchBeatmapConversionTest.Test(Object, Span`1)

114)    at osu.Game.Tests.Beatmaps.BeatmapConversionTest`2.<>c__DisplayClass4_1.<Test>b__2() in /app/osu.Game/Tests/Beatmaps/BeatmapConversionTest.cs:line 98
   at NUnit.Framework.Assert.Multiple(TestDelegate testDelegate)
   at osu.Game.Tests.Beatmaps.BeatmapConversionTest`2.<>c__DisplayClass4_0.<Test>b__1() in /app/osu.Game/Tests/Beatmaps/BeatmapConversionTest.cs:line 77
   at NUnit.Framework.Assert.Multiple(TestDelegate testDelegate)
   at osu.Game.Tests.Beatmaps.BeatmapConversionTest`2.Test(String name, Type[] mods) in /app/osu.Game/Tests/Beatmaps/BeatmapConversionTest.cs:line 50
   at osu.Game.Rulesets.Catch.Tests.CatchBeatmapConversionTest.Test(String name, Type[] mods) in /app/osu.Game.Rulesets.Catch.Tests/CatchBeatmapConversionTest.cs:line 58
   at InvokeStub_CatchBeatmapConversionTest.Test(Object, Span`1)

115)    at osu.Game.Tests.Beatmaps.BeatmapConversionTest`2.<>c__DisplayClass4_1.<Test>b__2() in /app/osu.Game/Tests/Beatmaps/BeatmapConversionTest.cs:line 98
   at NUnit.Framework.Assert.Multiple(TestDelegate testDelegate)
   at osu.Game.Tests.Beatmaps.BeatmapConversionTest`2.<>c__DisplayClass4_0.<Test>b__1() in /app/osu.Game/Tests/Beatmaps/BeatmapConversionTest.cs:line 77
   at NUnit.Framework.Assert.Multiple(TestDelegate testDelegate)
   at osu.Game.Tests.Beatmaps.BeatmapConversionTest`2.Test(String name, Type[] mods) in /app/osu.Game/Tests/Beatmaps/BeatmapConversionTest.cs:line 50
   at osu.Game.Rulesets.Catch.Tests.CatchBeatmapConversionTest.Test(String name, Type[] mods) in /app/osu.Game.Rulesets.Catch.Tests/CatchBeatmapConversionTest.cs:line 58
   at InvokeStub_CatchBeatmapConversionTest.Test(Object, Span`1)

116)    at osu.Game.Tests.Beatmaps.BeatmapConversionTest`2.<>c__DisplayClass4_1.<Test>b__2() in /app/osu.Game/Tests/Beatmaps/BeatmapConversionTest.cs:line 98
   at NUnit.Framework.Assert.Multiple(TestDelegate testDelegate)
   at osu.Game.Tests.Beatmaps.BeatmapConversionTest`2.<>c__DisplayClass4_0.<Test>b__1() in /app/osu.Game/Tests/Beatmaps/BeatmapConversionTest.cs:line 77
   at NUnit.Framework.Assert.Multiple(TestDelegate testDelegate)
   at osu.Game.Tests.Beatmaps.BeatmapConversionTest`2.Test(String name, Type[] mods) in /app/osu.Game/Tests/Beatmaps/BeatmapConversionTest.cs:line 50
   at osu.Game.Rulesets.Catch.Tests.CatchBeatmapConversionTest.Test(String name, Type[] mods) in /app/osu.Game.Rulesets.Catch.Tests/CatchBeatmapConversionTest.cs:line 58
   at InvokeStub_CatchBeatmapConversionTest.Test(Object, Span`1)

117)    at osu.Game.Tests.Beatmaps.BeatmapConversionTest`2.<>c__DisplayClass4_1.<Test>b__2() in /app/osu.Game/Tests/Beatmaps/BeatmapConversionTest.cs:line 98
   at NUnit.Framework.Assert.Multiple(TestDelegate testDelegate)
   at osu.Game.Tests.Beatmaps.BeatmapConversionTest`2.<>c__DisplayClass4_0.<Test>b__1() in /app/osu.Game/Tests/Beatmaps/BeatmapConversionTest.cs:line 77
   at NUnit.Framework.Assert.Multiple(TestDelegate testDelegate)
   at osu.Game.Tests.Beatmaps.BeatmapConversionTest`2.Test(String name, Type[] mods) in /app/osu.Game/Tests/Beatmaps/BeatmapConversionTest.cs:line 50
   at osu.Game.Rulesets.Catch.Tests.CatchBeatmapConversionTest.Test(String name, Type[] mods) in /app/osu.Game.Rulesets.Catch.Tests/CatchBeatmapConversionTest.cs:line 58
   at InvokeStub_CatchBeatmapConversionTest.Test(Object, Span`1)

118)    at osu.Game.Tests.Beatmaps.BeatmapConversionTest`2.<>c__DisplayClass4_1.<Test>b__2() in /app/osu.Game/Tests/Beatmaps/BeatmapConversionTest.cs:line 98
   at NUnit.Framework.Assert.Multiple(TestDelegate testDelegate)
   at osu.Game.Tests.Beatmaps.BeatmapConversionTest`2.<>c__DisplayClass4_0.<Test>b__1() in /app/osu.Game/Tests/Beatmaps/BeatmapConversionTest.cs:line 77
   at NUnit.Framework.Assert.Multiple(TestDelegate testDelegate)
   at osu.Game.Tests.Beatmaps.BeatmapConversionTest`2.Test(String name, Type[] mods) in /app/osu.Game/Tests/Beatmaps/BeatmapConversionTest.cs:line 50
   at osu.Game.Rulesets.Catch.Tests.CatchBeatmapConversionTest.Test(String name, Type[] mods) in /app/osu.Game.Rulesets.Catch.Tests/CatchBeatmapConversionTest.cs:line 58
   at InvokeStub_CatchBeatmapConversionTest.Test(Object, Span`1)

119)    at osu.Game.Tests.Beatmaps.BeatmapConversionTest`2.<>c__DisplayClass4_1.<Test>b__2() in /app/osu.Game/Tests/Beatmaps/BeatmapConversionTest.cs:line 98
   at NUnit.Framework.Assert.Multiple(TestDelegate testDelegate)
   at osu.Game.Tests.Beatmaps.BeatmapConversionTest`2.<>c__DisplayClass4_0.<Test>b__1() in /app/osu.Game/Tests/Beatmaps/BeatmapConversionTest.cs:line 77
   at NUnit.Framework.Assert.Multiple(TestDelegate testDelegate)
   at osu.Game.Tests.Beatmaps.BeatmapConversionTest`2.Test(String name, Type[] mods) in /app/osu.Game/Tests/Beatmaps/BeatmapConversionTest.cs:line 50
   at osu.Game.Rulesets.Catch.Tests.CatchBeatmapConversionTest.Test(String name, Type[] mods) in /app/osu.Game.Rulesets.Catch.Tests/CatchBeatmapConversionTest.cs:line 58
   at InvokeStub_CatchBeatmapConversionTest.Test(Object, Span`1)

120)    at osu.Game.Tests.Beatmaps.BeatmapConversionTest`2.<>c__DisplayClass4_1.<Test>b__2() in /app/osu.Game/Tests/Beatmaps/BeatmapConversionTest.cs:line 98
   at NUnit.Framework.Assert.Multiple(TestDelegate testDelegate)
   at osu.Game.Tests.Beatmaps.BeatmapConversionTest`2.<>c__DisplayClass4_0.<Test>b__1() in /app/osu.Game/Tests/Beatmaps/BeatmapConversionTest.cs:line 77
   at NUnit.Framework.Assert.Multiple(TestDelegate testDelegate)
   at osu.Game.Tests.Beatmaps.BeatmapConversionTest`2.Test(String name, Type[] mods) in /app/osu.Game/Tests/Beatmaps/BeatmapConversionTest.cs:line 50
   at osu.Game.Rulesets.Catch.Tests.CatchBeatmapConversionTest.Test(String name, Type[] mods) in /app/osu.Game.Rulesets.Catch.Tests/CatchBeatmapConversionTest.cs:line 58
   at InvokeStub_CatchBeatmapConversionTest.Test(Object, Span`1)

121)    at osu.Game.Tests.Beatmaps.BeatmapConversionTest`2.<>c__DisplayClass4_1.<Test>b__2() in /app/osu.Game/Tests/Beatmaps/BeatmapConversionTest.cs:line 98
   at NUnit.Framework.Assert.Multiple(TestDelegate testDelegate)
   at osu.Game.Tests.Beatmaps.BeatmapConversionTest`2.<>c__DisplayClass4_0.<Test>b__1() in /app/osu.Game/Tests/Beatmaps/BeatmapConversionTest.cs:line 77
   at NUnit.Framework.Assert.Multiple(TestDelegate testDelegate)
   at osu.Game.Tests.Beatmaps.BeatmapConversionTest`2.Test(String name, Type[] mods) in /app/osu.Game/Tests/Beatmaps/BeatmapConversionTest.cs:line 50
   at osu.Game.Rulesets.Catch.Tests.CatchBeatmapConversionTest.Test(String name, Type[] mods) in /app/osu.Game.Rulesets.Catch.Tests/CatchBeatmapConversionTest.cs:line 58
   at InvokeStub_CatchBeatmapConversionTest.Test(Object, Span`1)

122)    at osu.Game.Tests.Beatmaps.BeatmapConversionTest`2.<>c__DisplayClass4_1.<Test>b__2() in /app/osu.Game/Tests/Beatmaps/BeatmapConversionTest.cs:line 98
   at NUnit.Framework.Assert.Multiple(TestDelegate testDelegate)
   at osu.Game.Tests.Beatmaps.BeatmapConversionTest`2.<>c__DisplayClass4_0.<Test>b__1() in /app/osu.Game/Tests/Beatmaps/BeatmapConversionTest.cs:line 77
   at NUnit.Framework.Assert.Multiple(TestDelegate testDelegate)
   at osu.Game.Tests.Beatmaps.BeatmapConversionTest`2.Test(String name, Type[] mods) in /app/osu.Game/Tests/Beatmaps/BeatmapConversionTest.cs:line 50
   at osu.Game.Rulesets.Catch.Tests.CatchBeatmapConversionTest.Test(String name, Type[] mods) in /app/osu.Game.Rulesets.Catch.Tests/CatchBeatmapConversionTest.cs:line 58
   at InvokeStub_CatchBeatmapConversionTest.Test(Object, Span`1)

123)    at osu.Game.Tests.Beatmaps.BeatmapConversionTest`2.<>c__DisplayClass4_1.<Test>b__2() in /app/osu.Game/Tests/Beatmaps/BeatmapConversionTest.cs:line 98
   at NUnit.Framework.Assert.Multiple(TestDelegate testDelegate)
   at osu.Game.Tests.Beatmaps.BeatmapConversionTest`2.<>c__DisplayClass4_0.<Test>b__1() in /app/osu.Game/Tests/Beatmaps/BeatmapConversionTest.cs:line 77
   at NUnit.Framework.Assert.Multiple(TestDelegate testDelegate)
   at osu.Game.Tests.Beatmaps.BeatmapConversionTest`2.Test(String name, Type[] mods) in /app/osu.Game/Tests/Beatmaps/BeatmapConversionTest.cs:line 50
   at osu.Game.Rulesets.Catch.Tests.CatchBeatmapConversionTest.Test(String name, Type[] mods) in /app/osu.Game.Rulesets.Catch.Tests/CatchBeatmapConversionTest.cs:line 58
   at InvokeStub_CatchBeatmapConversionTest.Test(Object, Span`1)

124)    at osu.Game.Tests.Beatmaps.BeatmapConversionTest`2.<>c__DisplayClass4_1.<Test>b__2() in /app/osu.Game/Tests/Beatmaps/BeatmapConversionTest.cs:line 98
   at NUnit.Framework.Assert.Multiple(TestDelegate testDelegate)
   at osu.Game.Tests.Beatmaps.BeatmapConversionTest`2.<>c__DisplayClass4_0.<Test>b__1() in /app/osu.Game/Tests/Beatmaps/BeatmapConversionTest.cs:line 77
   at NUnit.Framework.Assert.Multiple(TestDelegate testDelegate)
   at osu.Game.Tests.Beatmaps.BeatmapConversionTest`2.Test(String name, Type[] mods) in /app/osu.Game/Tests/Beatmaps/BeatmapConversionTest.cs:line 50
   at osu.Game.Rulesets.Catch.Tests.CatchBeatmapConversionTest.Test(String name, Type[] mods) in /app/osu.Game.Rulesets.Catch.Tests/CatchBeatmapConversionTest.cs:line 58
   at InvokeStub_CatchBeatmapConversionTest.Test(Object, Span`1)

125)    at osu.Game.Tests.Beatmaps.BeatmapConversionTest`2.<>c__DisplayClass4_1.<Test>b__2() in /app/osu.Game/Tests/Beatmaps/BeatmapConversionTest.cs:line 98
   at NUnit.Framework.Assert.Multiple(TestDelegate testDelegate)
   at osu.Game.Tests.Beatmaps.BeatmapConversionTest`2.<>c__DisplayClass4_0.<Test>b__1() in /app/osu.Game/Tests/Beatmaps/BeatmapConversionTest.cs:line 77
   at NUnit.Framework.Assert.Multiple(TestDelegate testDelegate)
   at osu.Game.Tests.Beatmaps.BeatmapConversionTest`2.Test(String name, Type[] mods) in /app/osu.Game/Tests/Beatmaps/BeatmapConversionTest.cs:line 50
   at osu.Game.Rulesets.Catch.Tests.CatchBeatmapConversionTest.Test(String name, Type[] mods) in /app/osu.Game.Rulesets.Catch.Tests/CatchBeatmapConversionTest.cs:line 58
   at InvokeStub_CatchBeatmapConversionTest.Test(Object, Span`1)

126)    at osu.Game.Tests.Beatmaps.BeatmapConversionTest`2.<>c__DisplayClass4_1.<Test>b__2() in /app/osu.Game/Tests/Beatmaps/BeatmapConversionTest.cs:line 98
   at NUnit.Framework.Assert.Multiple(TestDelegate testDelegate)
   at osu.Game.Tests.Beatmaps.BeatmapConversionTest`2.<>c__DisplayClass4_0.<Test>b__1() in /app/osu.Game/Tests/Beatmaps/BeatmapConversionTest.cs:line 77
   at NUnit.Framework.Assert.Multiple(TestDelegate testDelegate)
   at osu.Game.Tests.Beatmaps.BeatmapConversionTest`2.Test(String name, Type[] mods) in /app/osu.Game/Tests/Beatmaps/BeatmapConversionTest.cs:line 50
   at osu.Game.Rulesets.Catch.Tests.CatchBeatmapConversionTest.Test(String name, Type[] mods) in /app/osu.Game.Rulesets.Catch.Tests/CatchBeatmapConversionTest.cs:line 58
   at InvokeStub_CatchBeatmapConversionTest.Test(Object, Span`1)

127)    at osu.Game.Tests.Beatmaps.BeatmapConversionTest`2.<>c__DisplayClass4_1.<Test>b__2() in /app/osu.Game/Tests/Beatmaps/BeatmapConversionTest.cs:line 98
   at NUnit.Framework.Assert.Multiple(TestDelegate testDelegate)
   at osu.Game.Tests.Beatmaps.BeatmapConversionTest`2.<>c__DisplayClass4_0.<Test>b__1() in /app/osu.Game/Tests/Beatmaps/BeatmapConversionTest.cs:line 77
   at NUnit.Framework.Assert.Multiple(TestDelegate testDelegate)
   at osu.Game.Tests.Beatmaps.BeatmapConversionTest`2.Test(String name, Type[] mods) in /app/osu.Game/Tests/Beatmaps/BeatmapConversionTest.cs:line 50
   at osu.Game.Rulesets.Catch.Tests.CatchBeatmapConversionTest.Test(String name, Type[] mods) in /app/osu.Game.Rulesets.Catch.Tests/CatchBeatmapConversionTest.cs:line 58
   at InvokeStub_CatchBeatmapConversionTest.Test(Object, Span`1)

128)    at osu.Game.Tests.Beatmaps.BeatmapConversionTest`2.<>c__DisplayClass4_1.<Test>b__2() in /app/osu.Game/Tests/Beatmaps/BeatmapConversionTest.cs:line 98
   at NUnit.Framework.Assert.Multiple(TestDelegate testDelegate)
   at osu.Game.Tests.Beatmaps.BeatmapConversionTest`2.<>c__DisplayClass4_0.<Test>b__1() in /app/osu.Game/Tests/Beatmaps/BeatmapConversionTest.cs:line 77
   at NUnit.Framework.Assert.Multiple(TestDelegate testDelegate)
   at osu.Game.Tests.Beatmaps.BeatmapConversionTest`2.Test(String name, Type[] mods) in /app/osu.Game/Tests/Beatmaps/BeatmapConversionTest.cs:line 50
   at osu.Game.Rulesets.Catch.Tests.CatchBeatmapConversionTest.Test(String name, Type[] mods) in /app/osu.Game.Rulesets.Catch.Tests/CatchBeatmapConversionTest.cs:line 58
   at InvokeStub_CatchBeatmapConversionTest.Test(Object, Span`1)

129)    at osu.Game.Tests.Beatmaps.BeatmapConversionTest`2.<>c__DisplayClass4_1.<Test>b__2() in /app/osu.Game/Tests/Beatmaps/BeatmapConversionTest.cs:line 98
   at NUnit.Framework.Assert.Multiple(TestDelegate testDelegate)
   at osu.Game.Tests.Beatmaps.BeatmapConversionTest`2.<>c__DisplayClass4_0.<Test>b__1() in /app/osu.Game/Tests/Beatmaps/BeatmapConversionTest.cs:line 77
   at NUnit.Framework.Assert.Multiple(TestDelegate testDelegate)
   at osu.Game.Tests.Beatmaps.BeatmapConversionTest`2.Test(String name, Type[] mods) in /app/osu.Game/Tests/Beatmaps/BeatmapConversionTest.cs:line 50
   at osu.Game.Rulesets.Catch.Tests.CatchBeatmapConversionTest.Test(String name, Type[] mods) in /app/osu.Game.Rulesets.Catch.Tests/CatchBeatmapConversionTest.cs:line 58
   at InvokeStub_CatchBeatmapConversionTest.Test(Object, Span`1)

130)    at osu.Game.Tests.Beatmaps.BeatmapConversionTest`2.<>c__DisplayClass4_1.<Test>b__2() in /app/osu.Game/Tests/Beatmaps/BeatmapConversionTest.cs:line 98
   at NUnit.Framework.Assert.Multiple(TestDelegate testDelegate)
   at osu.Game.Tests.Beatmaps.BeatmapConversionTest`2.<>c__DisplayClass4_0.<Test>b__1() in /app/osu.Game/Tests/Beatmaps/BeatmapConversionTest.cs:line 77
   at NUnit.Framework.Assert.Multiple(TestDelegate testDelegate)
   at osu.Game.Tests.Beatmaps.BeatmapConversionTest`2.Test(String name, Type[] mods) in /app/osu.Game/Tests/Beatmaps/BeatmapConversionTest.cs:line 50
   at osu.Game.Rulesets.Catch.Tests.CatchBeatmapConversionTest.Test(String name, Type[] mods) in /app/osu.Game.Rulesets.Catch.Tests/CatchBeatmapConversionTest.cs:line 58
   at InvokeStub_CatchBeatmapConversionTest.Test(Object, Span`1)

131)    at osu.Game.Tests.Beatmaps.BeatmapConversionTest`2.<>c__DisplayClass4_1.<Test>b__2() in /app/osu.Game/Tests/Beatmaps/BeatmapConversionTest.cs:line 98
   at NUnit.Framework.Assert.Multiple(TestDelegate testDelegate)
   at osu.Game.Tests.Beatmaps.BeatmapConversionTest`2.<>c__DisplayClass4_0.<Test>b__1() in /app/osu.Game/Tests/Beatmaps/BeatmapConversionTest.cs:line 77
   at NUnit.Framework.Assert.Multiple(TestDelegate testDelegate)
   at osu.Game.Tests.Beatmaps.BeatmapConversionTest`2.Test(String name, Type[] mods) in /app/osu.Game/Tests/Beatmaps/BeatmapConversionTest.cs:line 50
   at osu.Game.Rulesets.Catch.Tests.CatchBeatmapConversionTest.Test(String name, Type[] mods) in /app/osu.Game.Rulesets.Catch.Tests/CatchBeatmapConversionTest.cs:line 58
   at InvokeStub_CatchBeatmapConversionTest.Test(Object, Span`1)

132)    at osu.Game.Tests.Beatmaps.BeatmapConversionTest`2.<>c__DisplayClass4_1.<Test>b__2() in /app/osu.Game/Tests/Beatmaps/BeatmapConversionTest.cs:line 98
   at NUnit.Framework.Assert.Multiple(TestDelegate testDelegate)
   at osu.Game.Tests.Beatmaps.BeatmapConversionTest`2.<>c__DisplayClass4_0.<Test>b__1() in /app/osu.Game/Tests/Beatmaps/BeatmapConversionTest.cs:line 77
   at NUnit.Framework.Assert.Multiple(TestDelegate testDelegate)
   at osu.Game.Tests.Beatmaps.BeatmapConversionTest`2.Test(String name, Type[] mods) in /app/osu.Game/Tests/Beatmaps/BeatmapConversionTest.cs:line 50
   at osu.Game.Rulesets.Catch.Tests.CatchBeatmapConversionTest.Test(String name, Type[] mods) in /app/osu.Game.Rulesets.Catch.Tests/CatchBeatmapConversionTest.cs:line 58
   at InvokeStub_CatchBeatmapConversionTest.Test(Object, Span`1)

133)    at osu.Game.Tests.Beatmaps.BeatmapConversionTest`2.<>c__DisplayClass4_1.<Test>b__2() in /app/osu.Game/Tests/Beatmaps/BeatmapConversionTest.cs:line 98
   at NUnit.Framework.Assert.Multiple(TestDelegate testDelegate)
   at osu.Game.Tests.Beatmaps.BeatmapConversionTest`2.<>c__DisplayClass4_0.<Test>b__1() in /app/osu.Game/Tests/Beatmaps/BeatmapConversionTest.cs:line 77
   at NUnit.Framework.Assert.Multiple(TestDelegate testDelegate)
   at osu.Game.Tests.Beatmaps.BeatmapConversionTest`2.Test(String name, Type[] mods) in /app/osu.Game/Tests/Beatmaps/BeatmapConversionTest.cs:line 50
   at osu.Game.Rulesets.Catch.Tests.CatchBeatmapConversionTest.Test(String name, Type[] mods) in /app/osu.Game.Rulesets.Catch.Tests/CatchBeatmapConversionTest.cs:line 58
   at InvokeStub_CatchBeatmapConversionTest.Test(Object, Span`1)

134)    at osu.Game.Tests.Beatmaps.BeatmapConversionTest`2.<>c__DisplayClass4_1.<Test>b__2() in /app/osu.Game/Tests/Beatmaps/BeatmapConversionTest.cs:line 98
   at NUnit.Framework.Assert.Multiple(TestDelegate testDelegate)
   at osu.Game.Tests.Beatmaps.BeatmapConversionTest`2.<>c__DisplayClass4_0.<Test>b__1() in /app/osu.Game/Tests/Beatmaps/BeatmapConversionTest.cs:line 77
   at NUnit.Framework.Assert.Multiple(TestDelegate testDelegate)
   at osu.Game.Tests.Beatmaps.BeatmapConversionTest`2.Test(String name, Type[] mods) in /app/osu.Game/Tests/Beatmaps/BeatmapConversionTest.cs:line 50
   at osu.Game.Rulesets.Catch.Tests.CatchBeatmapConversionTest.Test(String name, Type[] mods) in /app/osu.Game.Rulesets.Catch.Tests/CatchBeatmapConversionTest.cs:line 58
   at InvokeStub_CatchBeatmapConversionTest.Test(Object, Span`1)

135)    at osu.Game.Tests.Beatmaps.BeatmapConversionTest`2.<>c__DisplayClass4_1.<Test>b__2() in /app/osu.Game/Tests/Beatmaps/BeatmapConversionTest.cs:line 98
   at NUnit.Framework.Assert.Multiple(TestDelegate testDelegate)
   at osu.Game.Tests.Beatmaps.BeatmapConversionTest`2.<>c__DisplayClass4_0.<Test>b__1() in /app/osu.Game/Tests/Beatmaps/BeatmapConversionTest.cs:line 77
   at NUnit.Framework.Assert.Multiple(TestDelegate testDelegate)
   at osu.Game.Tests.Beatmaps.BeatmapConversionTest`2.Test(String name, Type[] mods) in /app/osu.Game/Tests/Beatmaps/BeatmapConversionTest.cs:line 50
   at osu.Game.Rulesets.Catch.Tests.CatchBeatmapConversionTest.Test(String name, Type[] mods) in /app/osu.Game.Rulesets.Catch.Tests/CatchBeatmapConversionTest.cs:line 58
   at InvokeStub_CatchBeatmapConversionTest.Test(Object, Span`1)

136)    at osu.Game.Tests.Beatmaps.BeatmapConversionTest`2.<>c__DisplayClass4_1.<Test>b__2() in /app/osu.Game/Tests/Beatmaps/BeatmapConversionTest.cs:line 98
   at NUnit.Framework.Assert.Multiple(TestDelegate testDelegate)
   at osu.Game.Tests.Beatmaps.BeatmapConversionTest`2.<>c__DisplayClass4_0.<Test>b__1() in /app/osu.Game/Tests/Beatmaps/BeatmapConversionTest.cs:line 77
   at NUnit.Framework.Assert.Multiple(TestDelegate testDelegate)
   at osu.Game.Tests.Beatmaps.BeatmapConversionTest`2.Test(String name, Type[] mods) in /app/osu.Game/Tests/Beatmaps/BeatmapConversionTest.cs:line 50
   at osu.Game.Rulesets.Catch.Tests.CatchBeatmapConversionTest.Test(String name, Type[] mods) in /app/osu.Game.Rulesets.Catch.Tests/CatchBeatmapConversionTest.cs:line 58
   at InvokeStub_CatchBeatmapConversionTest.Test(Object, Span`1)

137)    at osu.Game.Tests.Beatmaps.BeatmapConversionTest`2.<>c__DisplayClass4_1.<Test>b__2() in /app/osu.Game/Tests/Beatmaps/BeatmapConversionTest.cs:line 98
   at NUnit.Framework.Assert.Multiple(TestDelegate testDelegate)
   at osu.Game.Tests.Beatmaps.BeatmapConversionTest`2.<>c__DisplayClass4_0.<Test>b__1() in /app/osu.Game/Tests/Beatmaps/BeatmapConversionTest.cs:line 77
   at NUnit.Framework.Assert.Multiple(TestDelegate testDelegate)
   at osu.Game.Tests.Beatmaps.BeatmapConversionTest`2.Test(String name, Type[] mods) in /app/osu.Game/Tests/Beatmaps/BeatmapConversionTest.cs:line 50
   at osu.Game.Rulesets.Catch.Tests.CatchBeatmapConversionTest.Test(String name, Type[] mods) in /app/osu.Game.Rulesets.Catch.Tests/CatchBeatmapConversionTest.cs:line 58
   at InvokeStub_CatchBeatmapConversionTest.Test(Object, Span`1)

138)    at osu.Game.Tests.Beatmaps.BeatmapConversionTest`2.<>c__DisplayClass4_1.<Test>b__2() in /app/osu.Game/Tests/Beatmaps/BeatmapConversionTest.cs:line 98
   at NUnit.Framework.Assert.Multiple(TestDelegate testDelegate)
   at osu.Game.Tests.Beatmaps.BeatmapConversionTest`2.<>c__DisplayClass4_0.<Test>b__1() in /app/osu.Game/Tests/Beatmaps/BeatmapConversionTest.cs:line 77
   at NUnit.Framework.Assert.Multiple(TestDelegate testDelegate)
   at osu.Game.Tests.Beatmaps.BeatmapConversionTest`2.Test(String name, Type[] mods) in /app/osu.Game/Tests/Beatmaps/BeatmapConversionTest.cs:line 50
   at osu.Game.Rulesets.Catch.Tests.CatchBeatmapConversionTest.Test(String name, Type[] mods) in /app/osu.Game.Rulesets.Catch.Tests/CatchBeatmapConversionTest.cs:line 58
   at InvokeStub_CatchBeatmapConversionTest.Test(Object, Span`1)

139)    at osu.Game.Tests.Beatmaps.BeatmapConversionTest`2.<>c__DisplayClass4_1.<Test>b__2() in /app/osu.Game/Tests/Beatmaps/BeatmapConversionTest.cs:line 98
   at NUnit.Framework.Assert.Multiple(TestDelegate testDelegate)
   at osu.Game.Tests.Beatmaps.BeatmapConversionTest`2.<>c__DisplayClass4_0.<Test>b__1() in /app/osu.Game/Tests/Beatmaps/BeatmapConversionTest.cs:line 77
   at NUnit.Framework.Assert.Multiple(TestDelegate testDelegate)
   at osu.Game.Tests.Beatmaps.BeatmapConversionTest`2.Test(String name, Type[] mods) in /app/osu.Game/Tests/Beatmaps/BeatmapConversionTest.cs:line 50
   at osu.Game.Rulesets.Catch.Tests.CatchBeatmapConversionTest.Test(String name, Type[] mods) in /app/osu.Game.Rulesets.Catch.Tests/CatchBeatmapConversionTest.cs:line 58
   at InvokeStub_CatchBeatmapConversionTest.Test(Object, Span`1)

140)    at osu.Game.Tests.Beatmaps.BeatmapConversionTest`2.<>c__DisplayClass4_1.<Test>b__2() in /app/osu.Game/Tests/Beatmaps/BeatmapConversionTest.cs:line 98
   at NUnit.Framework.Assert.Multiple(TestDelegate testDelegate)
   at osu.Game.Tests.Beatmaps.BeatmapConversionTest`2.<>c__DisplayClass4_0.<Test>b__1() in /app/osu.Game/Tests/Beatmaps/BeatmapConversionTest.cs:line 77
   at NUnit.Framework.Assert.Multiple(TestDelegate testDelegate)
   at osu.Game.Tests.Beatmaps.BeatmapConversionTest`2.Test(String name, Type[] mods) in /app/osu.Game/Tests/Beatmaps/BeatmapConversionTest.cs:line 50
   at osu.Game.Rulesets.Catch.Tests.CatchBeatmapConversionTest.Test(String name, Type[] mods) in /app/osu.Game.Rulesets.Catch.Tests/CatchBeatmapConversionTest.cs:line 58
   at InvokeStub_CatchBeatmapConversionTest.Test(Object, Span`1)

141)    at osu.Game.Tests.Beatmaps.BeatmapConversionTest`2.<>c__DisplayClass4_1.<Test>b__2() in /app/osu.Game/Tests/Beatmaps/BeatmapConversionTest.cs:line 98
   at NUnit.Framework.Assert.Multiple(TestDelegate testDelegate)
   at osu.Game.Tests.Beatmaps.BeatmapConversionTest`2.<>c__DisplayClass4_0.<Test>b__1() in /app/osu.Game/Tests/Beatmaps/BeatmapConversionTest.cs:line 77
   at NUnit.Framework.Assert.Multiple(TestDelegate testDelegate)
   at osu.Game.Tests.Beatmaps.BeatmapConversionTest`2.Test(String name, Type[] mods) in /app/osu.Game/Tests/Beatmaps/BeatmapConversionTest.cs:line 50
   at osu.Game.Rulesets.Catch.Tests.CatchBeatmapConversionTest.Test(String name, Type[] mods) in /app/osu.Game.Rulesets.Catch.Tests/CatchBeatmapConversionTest.cs:line 58
   at InvokeStub_CatchBeatmapConversionTest.Test(Object, Span`1)

142)    at osu.Game.Tests.Beatmaps.BeatmapConversionTest`2.<>c__DisplayClass4_1.<Test>b__2() in /app/osu.Game/Tests/Beatmaps/BeatmapConversionTest.cs:line 98
   at NUnit.Framework.Assert.Multiple(TestDelegate testDelegate)
   at osu.Game.Tests.Beatmaps.BeatmapConversionTest`2.<>c__DisplayClass4_0.<Test>b__1() in /app/osu.Game/Tests/Beatmaps/BeatmapConversionTest.cs:line 77
   at NUnit.Framework.Assert.Multiple(TestDelegate testDelegate)
   at osu.Game.Tests.Beatmaps.BeatmapConversionTest`2.Test(String name, Type[] mods) in /app/osu.Game/Tests/Beatmaps/BeatmapConversionTest.cs:line 50
   at osu.Game.Rulesets.Catch.Tests.CatchBeatmapConversionTest.Test(String name, Type[] mods) in /app/osu.Game.Rulesets.Catch.Tests/CatchBeatmapConversionTest.cs:line 58
   at InvokeStub_CatchBeatmapConversionTest.Test(Object, Span`1)

143)    at osu.Game.Tests.Beatmaps.BeatmapConversionTest`2.<>c__DisplayClass4_1.<Test>b__2() in /app/osu.Game/Tests/Beatmaps/BeatmapConversionTest.cs:line 98
   at NUnit.Framework.Assert.Multiple(TestDelegate testDelegate)
   at osu.Game.Tests.Beatmaps.BeatmapConversionTest`2.<>c__DisplayClass4_0.<Test>b__1() in /app/osu.Game/Tests/Beatmaps/BeatmapConversionTest.cs:line 77
   at NUnit.Framework.Assert.Multiple(TestDelegate testDelegate)
   at osu.Game.Tests.Beatmaps.BeatmapConversionTest`2.Test(String name, Type[] mods) in /app/osu.Game/Tests/Beatmaps/BeatmapConversionTest.cs:line 50
   at osu.Game.Rulesets.Catch.Tests.CatchBeatmapConversionTest.Test(String name, Type[] mods) in /app/osu.Game.Rulesets.Catch.Tests/CatchBeatmapConversionTest.cs:line 58
   at InvokeStub_CatchBeatmapConversionTest.Test(Object, Span`1)

144)    at osu.Game.Tests.Beatmaps.BeatmapConversionTest`2.<>c__DisplayClass4_1.<Test>b__2() in /app/osu.Game/Tests/Beatmaps/BeatmapConversionTest.cs:line 98
   at NUnit.Framework.Assert.Multiple(TestDelegate testDelegate)
   at osu.Game.Tests.Beatmaps.BeatmapConversionTest`2.<>c__DisplayClass4_0.<Test>b__1() in /app/osu.Game/Tests/Beatmaps/BeatmapConversionTest.cs:line 77
   at NUnit.Framework.Assert.Multiple(TestDelegate testDelegate)
   at osu.Game.Tests.Beatmaps.BeatmapConversionTest`2.Test(String name, Type[] mods) in /app/osu.Game/Tests/Beatmaps/BeatmapConversionTest.cs:line 50
   at osu.Game.Rulesets.Catch.Tests.CatchBeatmapConversionTest.Test(String name, Type[] mods) in /app/osu.Game.Rulesets.Catch.Tests/CatchBeatmapConversionTest.cs:line 58
   at InvokeStub_CatchBeatmapConversionTest.Test(Object, Span`1)

145)    at osu.Game.Tests.Beatmaps.BeatmapConversionTest`2.<>c__DisplayClass4_1.<Test>b__2() in /app/osu.Game/Tests/Beatmaps/BeatmapConversionTest.cs:line 98
   at NUnit.Framework.Assert.Multiple(TestDelegate testDelegate)
   at osu.Game.Tests.Beatmaps.BeatmapConversionTest`2.<>c__DisplayClass4_0.<Test>b__1() in /app/osu.Game/Tests/Beatmaps/BeatmapConversionTest.cs:line 77
   at NUnit.Framework.Assert.Multiple(TestDelegate testDelegate)
   at osu.Game.Tests.Beatmaps.BeatmapConversionTest`2.Test(String name, Type[] mods) in /app/osu.Game/Tests/Beatmaps/BeatmapConversionTest.cs:line 50
   at osu.Game.Rulesets.Catch.Tests.CatchBeatmapConversionTest.Test(String name, Type[] mods) in /app/osu.Game.Rulesets.Catch.Tests/CatchBeatmapConversionTest.cs:line 58
   at InvokeStub_CatchBeatmapConversionTest.Test(Object, Span`1)

146)    at osu.Game.Tests.Beatmaps.BeatmapConversionTest`2.<>c__DisplayClass4_1.<Test>b__2() in /app/osu.Game/Tests/Beatmaps/BeatmapConversionTest.cs:line 98
   at NUnit.Framework.Assert.Multiple(TestDelegate testDelegate)
   at osu.Game.Tests.Beatmaps.BeatmapConversionTest`2.<>c__DisplayClass4_0.<Test>b__1() in /app/osu.Game/Tests/Beatmaps/BeatmapConversionTest.cs:line 77
   at NUnit.Framework.Assert.Multiple(TestDelegate testDelegate)
   at osu.Game.Tests.Beatmaps.BeatmapConversionTest`2.Test(String name, Type[] mods) in /app/osu.Game/Tests/Beatmaps/BeatmapConversionTest.cs:line 50
   at osu.Game.Rulesets.Catch.Tests.CatchBeatmapConversionTest.Test(String name, Type[] mods) in /app/osu.Game.Rulesets.Catch.Tests/CatchBeatmapConversionTest.cs:line 58
   at InvokeStub_CatchBeatmapConversionTest.Test(Object, Span`1)

147)    at osu.Game.Tests.Beatmaps.BeatmapConversionTest`2.<>c__DisplayClass4_1.<Test>b__2() in /app/osu.Game/Tests/Beatmaps/BeatmapConversionTest.cs:line 98
   at NUnit.Framework.Assert.Multiple(TestDelegate testDelegate)
   at osu.Game.Tests.Beatmaps.BeatmapConversionTest`2.<>c__DisplayClass4_0.<Test>b__1() in /app/osu.Game/Tests/Beatmaps/BeatmapConversionTest.cs:line 77
   at NUnit.Framework.Assert.Multiple(TestDelegate testDelegate)
   at osu.Game.Tests.Beatmaps.BeatmapConversionTest`2.Test(String name, Type[] mods) in /app/osu.Game/Tests/Beatmaps/BeatmapConversionTest.cs:line 50
   at osu.Game.Rulesets.Catch.Tests.CatchBeatmapConversionTest.Test(String name, Type[] mods) in /app/osu.Game.Rulesets.Catch.Tests/CatchBeatmapConversionTest.cs:line 58
   at InvokeStub_CatchBeatmapConversionTest.Test(Object, Span`1)

148)    at osu.Game.Tests.Beatmaps.BeatmapConversionTest`2.<>c__DisplayClass4_1.<Test>b__2() in /app/osu.Game/Tests/Beatmaps/BeatmapConversionTest.cs:line 98
   at NUnit.Framework.Assert.Multiple(TestDelegate testDelegate)
   at osu.Game.Tests.Beatmaps.BeatmapConversionTest`2.<>c__DisplayClass4_0.<Test>b__1() in /app/osu.Game/Tests/Beatmaps/BeatmapConversionTest.cs:line 77
   at NUnit.Framework.Assert.Multiple(TestDelegate testDelegate)
   at osu.Game.Tests.Beatmaps.BeatmapConversionTest`2.Test(String name, Type[] mods) in /app/osu.Game/Tests/Beatmaps/BeatmapConversionTest.cs:line 50
   at osu.Game.Rulesets.Catch.Tests.CatchBeatmapConversionTest.Test(String name, Type[] mods) in /app/osu.Game.Rulesets.Catch.Tests/CatchBeatmapConversionTest.cs:line 58
   at InvokeStub_CatchBeatmapConversionTest.Test(Object, Span`1)

149)    at osu.Game.Tests.Beatmaps.BeatmapConversionTest`2.<>c__DisplayClass4_1.<Test>b__2() in /app/osu.Game/Tests/Beatmaps/BeatmapConversionTest.cs:line 98
   at NUnit.Framework.Assert.Multiple(TestDelegate testDelegate)
   at osu.Game.Tests.Beatmaps.BeatmapConversionTest`2.<>c__DisplayClass4_0.<Test>b__1() in /app/osu.Game/Tests/Beatmaps/BeatmapConversionTest.cs:line 77
   at NUnit.Framework.Assert.Multiple(TestDelegate testDelegate)
   at osu.Game.Tests.Beatmaps.BeatmapConversionTest`2.Test(String name, Type[] mods) in /app/osu.Game/Tests/Beatmaps/BeatmapConversionTest.cs:line 50
   at osu.Game.Rulesets.Catch.Tests.CatchBeatmapConversionTest.Test(String name, Type[] mods) in /app/osu.Game.Rulesets.Catch.Tests/CatchBeatmapConversionTest.cs:line 58
   at InvokeStub_CatchBeatmapConversionTest.Test(Object, Span`1)

150)    at osu.Game.Tests.Beatmaps.BeatmapConversionTest`2.<>c__DisplayClass4_1.<Test>b__2() in /app/osu.Game/Tests/Beatmaps/BeatmapConversionTest.cs:line 98
   at NUnit.Framework.Assert.Multiple(TestDelegate testDelegate)
   at osu.Game.Tests.Beatmaps.BeatmapConversionTest`2.<>c__DisplayClass4_0.<Test>b__1() in /app/osu.Game/Tests/Beatmaps/BeatmapConversionTest.cs:line 77
   at NUnit.Framework.Assert.Multiple(TestDelegate testDelegate)
   at osu.Game.Tests.Beatmaps.BeatmapConversionTest`2.Test(String name, Type[] mods) in /app/osu.Game/Tests/Beatmaps/BeatmapConversionTest.cs:line 50
   at osu.Game.Rulesets.Catch.Tests.CatchBeatmapConversionTest.Test(String name, Type[] mods) in /app/osu.Game.Rulesets.Catch.Tests/CatchBeatmapConversionTest.cs:line 58
   at InvokeStub_CatchBeatmapConversionTest.Test(Object, Span`1)

151)    at osu.Game.Tests.Beatmaps.BeatmapConversionTest`2.<>c__DisplayClass4_1.<Test>b__2() in /app/osu.Game/Tests/Beatmaps/BeatmapConversionTest.cs:line 98
   at NUnit.Framework.Assert.Multiple(TestDelegate testDelegate)
   at osu.Game.Tests.Beatmaps.BeatmapConversionTest`2.<>c__DisplayClass4_0.<Test>b__1() in /app/osu.Game/Tests/Beatmaps/BeatmapConversionTest.cs:line 77
   at NUnit.Framework.Assert.Multiple(TestDelegate testDelegate)
   at osu.Game.Tests.Beatmaps.BeatmapConversionTest`2.Test(String name, Type[] mods) in /app/osu.Game/Tests/Beatmaps/BeatmapConversionTest.cs:line 50
   at osu.Game.Rulesets.Catch.Tests.CatchBeatmapConversionTest.Test(String name, Type[] mods) in /app/osu.Game.Rulesets.Catch.Tests/CatchBeatmapConversionTest.cs:line 58
   at InvokeStub_CatchBeatmapConversionTest.Test(Object, Span`1)

152)    at osu.Game.Tests.Beatmaps.BeatmapConversionTest`2.<>c__DisplayClass4_1.<Test>b__2() in /app/osu.Game/Tests/Beatmaps/BeatmapConversionTest.cs:line 98
   at NUnit.Framework.Assert.Multiple(TestDelegate testDelegate)
   at osu.Game.Tests.Beatmaps.BeatmapConversionTest`2.<>c__DisplayClass4_0.<Test>b__1() in /app/osu.Game/Tests/Beatmaps/BeatmapConversionTest.cs:line 77
   at NUnit.Framework.Assert.Multiple(TestDelegate testDelegate)
   at osu.Game.Tests.Beatmaps.BeatmapConversionTest`2.Test(String name, Type[] mods) in /app/osu.Game/Tests/Beatmaps/BeatmapConversionTest.cs:line 50
   at osu.Game.Rulesets.Catch.Tests.CatchBeatmapConversionTest.Test(String name, Type[] mods) in /app/osu.Game.Rulesets.Catch.Tests/CatchBeatmapConversionTest.cs:line 58
   at InvokeStub_CatchBeatmapConversionTest.Test(Object, Span`1)

153)    at osu.Game.Tests.Beatmaps.BeatmapConversionTest`2.<>c__DisplayClass4_1.<Test>b__2() in /app/osu.Game/Tests/Beatmaps/BeatmapConversionTest.cs:line 98
   at NUnit.Framework.Assert.Multiple(TestDelegate testDelegate)
   at osu.Game.Tests.Beatmaps.BeatmapConversionTest`2.<>c__DisplayClass4_0.<Test>b__1() in /app/osu.Game/Tests/Beatmaps/BeatmapConversionTest.cs:line 77
   at NUnit.Framework.Assert.Multiple(TestDelegate testDelegate)
   at osu.Game.Tests.Beatmaps.BeatmapConversionTest`2.Test(String name, Type[] mods) in /app/osu.Game/Tests/Beatmaps/BeatmapConversionTest.cs:line 50
   at osu.Game.Rulesets.Catch.Tests.CatchBeatmapConversionTest.Test(String name, Type[] mods) in /app/osu.Game.Rulesets.Catch.Tests/CatchBeatmapConversionTest.cs:line 58
   at InvokeStub_CatchBeatmapConversionTest.Test(Object, Span`1)

154)    at osu.Game.Tests.Beatmaps.BeatmapConversionTest`2.<>c__DisplayClass4_1.<Test>b__2() in /app/osu.Game/Tests/Beatmaps/BeatmapConversionTest.cs:line 98
   at NUnit.Framework.Assert.Multiple(TestDelegate testDelegate)
   at osu.Game.Tests.Beatmaps.BeatmapConversionTest`2.<>c__DisplayClass4_0.<Test>b__1() in /app/osu.Game/Tests/Beatmaps/BeatmapConversionTest.cs:line 77
   at NUnit.Framework.Assert.Multiple(TestDelegate testDelegate)
   at osu.Game.Tests.Beatmaps.BeatmapConversionTest`2.Test(String name, Type[] mods) in /app/osu.Game/Tests/Beatmaps/BeatmapConversionTest.cs:line 50
   at osu.Game.Rulesets.Catch.Tests.CatchBeatmapConversionTest.Test(String name, Type[] mods) in /app/osu.Game.Rulesets.Catch.Tests/CatchBeatmapConversionTest.cs:line 58
   at InvokeStub_CatchBeatmapConversionTest.Test(Object, Span`1)

155)    at osu.Game.Tests.Beatmaps.BeatmapConversionTest`2.<>c__DisplayClass4_1.<Test>b__2() in /app/osu.Game/Tests/Beatmaps/BeatmapConversionTest.cs:line 98
   at NUnit.Framework.Assert.Multiple(TestDelegate testDelegate)
   at osu.Game.Tests.Beatmaps.BeatmapConversionTest`2.<>c__DisplayClass4_0.<Test>b__1() in /app/osu.Game/Tests/Beatmaps/BeatmapConversionTest.cs:line 77
   at NUnit.Framework.Assert.Multiple(TestDelegate testDelegate)
   at osu.Game.Tests.Beatmaps.BeatmapConversionTest`2.Test(String name, Type[] mods) in /app/osu.Game/Tests/Beatmaps/BeatmapConversionTest.cs:line 50
   at osu.Game.Rulesets.Catch.Tests.CatchBeatmapConversionTest.Test(String name, Type[] mods) in /app/osu.Game.Rulesets.Catch.Tests/CatchBeatmapConversionTest.cs:line 58
   at InvokeStub_CatchBeatmapConversionTest.Test(Object, Span`1)

156)    at osu.Game.Tests.Beatmaps.BeatmapConversionTest`2.<>c__DisplayClass4_1.<Test>b__2() in /app/osu.Game/Tests/Beatmaps/BeatmapConversionTest.cs:line 98
   at NUnit.Framework.Assert.Multiple(TestDelegate testDelegate)
   at osu.Game.Tests.Beatmaps.BeatmapConversionTest`2.<>c__DisplayClass4_0.<Test>b__1() in /app/osu.Game/Tests/Beatmaps/BeatmapConversionTest.cs:line 77
   at NUnit.Framework.Assert.Multiple(TestDelegate testDelegate)
   at osu.Game.Tests.Beatmaps.BeatmapConversionTest`2.Test(String name, Type[] mods) in /app/osu.Game/Tests/Beatmaps/BeatmapConversionTest.cs:line 50
   at osu.Game.Rulesets.Catch.Tests.CatchBeatmapConversionTest.Test(String name, Type[] mods) in /app/osu.Game.Rulesets.Catch.Tests/CatchBeatmapConversionTest.cs:line 58
   at InvokeStub_CatchBeatmapConversionTest.Test(Object, Span`1)

157)    at osu.Game.Tests.Beatmaps.BeatmapConversionTest`2.<>c__DisplayClass4_1.<Test>b__2() in /app/osu.Game/Tests/Beatmaps/BeatmapConversionTest.cs:line 98
   at NUnit.Framework.Assert.Multiple(TestDelegate testDelegate)
   at osu.Game.Tests.Beatmaps.BeatmapConversionTest`2.<>c__DisplayClass4_0.<Test>b__1() in /app/osu.Game/Tests/Beatmaps/BeatmapConversionTest.cs:line 77
   at NUnit.Framework.Assert.Multiple(TestDelegate testDelegate)
   at osu.Game.Tests.Beatmaps.BeatmapConversionTest`2.Test(String name, Type[] mods) in /app/osu.Game/Tests/Beatmaps/BeatmapConversionTest.cs:line 50
   at osu.Game.Rulesets.Catch.Tests.CatchBeatmapConversionTest.Test(String name, Type[] mods) in /app/osu.Game.Rulesets.Catch.Tests/CatchBeatmapConversionTest.cs:line 58
   at InvokeStub_CatchBeatmapConversionTest.Test(Object, Span`1)

158)    at osu.Game.Tests.Beatmaps.BeatmapConversionTest`2.<>c__DisplayClass4_1.<Test>b__2() in /app/osu.Game/Tests/Beatmaps/BeatmapConversionTest.cs:line 98
   at NUnit.Framework.Assert.Multiple(TestDelegate testDelegate)
   at osu.Game.Tests.Beatmaps.BeatmapConversionTest`2.<>c__DisplayClass4_0.<Test>b__1() in /app/osu.Game/Tests/Beatmaps/BeatmapConversionTest.cs:line 77
   at NUnit.Framework.Assert.Multiple(TestDelegate testDelegate)
   at osu.Game.Tests.Beatmaps.BeatmapConversionTest`2.Test(String name, Type[] mods) in /app/osu.Game/Tests/Beatmaps/BeatmapConversionTest.cs:line 50
   at osu.Game.Rulesets.Catch.Tests.CatchBeatmapConversionTest.Test(String name, Type[] mods) in /app/osu.Game.Rulesets.Catch.Tests/CatchBeatmapConversionTest.cs:line 58
   at InvokeStub_CatchBeatmapConversionTest.Test(Object, Span`1)

159)    at osu.Game.Tests.Beatmaps.BeatmapConversionTest`2.<>c__DisplayClass4_1.<Test>b__2() in /app/osu.Game/Tests/Beatmaps/BeatmapConversionTest.cs:line 98
   at NUnit.Framework.Assert.Multiple(TestDelegate testDelegate)
   at osu.Game.Tests.Beatmaps.BeatmapConversionTest`2.<>c__DisplayClass4_0.<Test>b__1() in /app/osu.Game/Tests/Beatmaps/BeatmapConversionTest.cs:line 77
   at NUnit.Framework.Assert.Multiple(TestDelegate testDelegate)
   at osu.Game.Tests.Beatmaps.BeatmapConversionTest`2.Test(String name, Type[] mods) in /app/osu.Game/Tests/Beatmaps/BeatmapConversionTest.cs:line 50
   at osu.Game.Rulesets.Catch.Tests.CatchBeatmapConversionTest.Test(String name, Type[] mods) in /app/osu.Game.Rulesets.Catch.Tests/CatchBeatmapConversionTest.cs:line 58
   at InvokeStub_CatchBeatmapConversionTest.Test(Object, Span`1)

160)    at osu.Game.Tests.Beatmaps.BeatmapConversionTest`2.<>c__DisplayClass4_1.<Test>b__2() in /app/osu.Game/Tests/Beatmaps/BeatmapConversionTest.cs:line 98
   at NUnit.Framework.Assert.Multiple(TestDelegate testDelegate)
   at osu.Game.Tests.Beatmaps.BeatmapConversionTest`2.<>c__DisplayClass4_0.<Test>b__1() in /app/osu.Game/Tests/Beatmaps/BeatmapConversionTest.cs:line 77
   at NUnit.Framework.Assert.Multiple(TestDelegate testDelegate)
   at osu.Game.Tests.Beatmaps.BeatmapConversionTest`2.Test(String name, Type[] mods) in /app/osu.Game/Tests/Beatmaps/BeatmapConversionTest.cs:line 50
   at osu.Game.Rulesets.Catch.Tests.CatchBeatmapConversionTest.Test(String name, Type[] mods) in /app/osu.Game.Rulesets.Catch.Tests/CatchBeatmapConversionTest.cs:line 58
   at InvokeStub_CatchBeatmapConversionTest.Test(Object, Span`1)

161)    at osu.Game.Tests.Beatmaps.BeatmapConversionTest`2.<>c__DisplayClass4_1.<Test>b__2() in /app/osu.Game/Tests/Beatmaps/BeatmapConversionTest.cs:line 98
   at NUnit.Framework.Assert.Multiple(TestDelegate testDelegate)
   at osu.Game.Tests.Beatmaps.BeatmapConversionTest`2.<>c__DisplayClass4_0.<Test>b__1() in /app/osu.Game/Tests/Beatmaps/BeatmapConversionTest.cs:line 77
   at NUnit.Framework.Assert.Multiple(TestDelegate testDelegate)
   at osu.Game.Tests.Beatmaps.BeatmapConversionTest`2.Test(String name, Type[] mods) in /app/osu.Game/Tests/Beatmaps/BeatmapConversionTest.cs:line 50
   at osu.Game.Rulesets.Catch.Tests.CatchBeatmapConversionTest.Test(String name, Type[] mods) in /app/osu.Game.Rulesets.Catch.Tests/CatchBeatmapConversionTest.cs:line 58
   at InvokeStub_CatchBeatmapConversionTest.Test(Object, Span`1)

162)    at osu.Game.Tests.Beatmaps.BeatmapConversionTest`2.<>c__DisplayClass4_1.<Test>b__2() in /app/osu.Game/Tests/Beatmaps/BeatmapConversionTest.cs:line 98
   at NUnit.Framework.Assert.Multiple(TestDelegate testDelegate)
   at osu.Game.Tests.Beatmaps.BeatmapConversionTest`2.<>c__DisplayClass4_0.<Test>b__1() in /app/osu.Game/Tests/Beatmaps/BeatmapConversionTest.cs:line 77
   at NUnit.Framework.Assert.Multiple(TestDelegate testDelegate)
   at osu.Game.Tests.Beatmaps.BeatmapConversionTest`2.Test(String name, Type[] mods) in /app/osu.Game/Tests/Beatmaps/BeatmapConversionTest.cs:line 50
   at osu.Game.Rulesets.Catch.Tests.CatchBeatmapConversionTest.Test(String name, Type[] mods) in /app/osu.Game.Rulesets.Catch.Tests/CatchBeatmapConversionTest.cs:line 58
   at InvokeStub_CatchBeatmapConversionTest.Test(Object, Span`1)

163)    at osu.Game.Tests.Beatmaps.BeatmapConversionTest`2.<>c__DisplayClass4_1.<Test>b__2() in /app/osu.Game/Tests/Beatmaps/BeatmapConversionTest.cs:line 98
   at NUnit.Framework.Assert.Multiple(TestDelegate testDelegate)
   at osu.Game.Tests.Beatmaps.BeatmapConversionTest`2.<>c__DisplayClass4_0.<Test>b__1() in /app/osu.Game/Tests/Beatmaps/BeatmapConversionTest.cs:line 77
   at NUnit.Framework.Assert.Multiple(TestDelegate testDelegate)
   at osu.Game.Tests.Beatmaps.BeatmapConversionTest`2.Test(String name, Type[] mods) in /app/osu.Game/Tests/Beatmaps/BeatmapConversionTest.cs:line 50
   at osu.Game.Rulesets.Catch.Tests.CatchBeatmapConversionTest.Test(String name, Type[] mods) in /app/osu.Game.Rulesets.Catch.Tests/CatchBeatmapConversionTest.cs:line 58
   at InvokeStub_CatchBeatmapConversionTest.Test(Object, Span`1)

164)    at osu.Game.Tests.Beatmaps.BeatmapConversionTest`2.<>c__DisplayClass4_1.<Test>b__2() in /app/osu.Game/Tests/Beatmaps/BeatmapConversionTest.cs:line 98
   at NUnit.Framework.Assert.Multiple(TestDelegate testDelegate)
   at osu.Game.Tests.Beatmaps.BeatmapConversionTest`2.<>c__DisplayClass4_0.<Test>b__1() in /app/osu.Game/Tests/Beatmaps/BeatmapConversionTest.cs:line 77
   at NUnit.Framework.Assert.Multiple(TestDelegate testDelegate)
   at osu.Game.Tests.Beatmaps.BeatmapConversionTest`2.Test(String name, Type[] mods) in /app/osu.Game/Tests/Beatmaps/BeatmapConversionTest.cs:line 50
   at osu.Game.Rulesets.Catch.Tests.CatchBeatmapConversionTest.Test(String name, Type[] mods) in /app/osu.Game.Rulesets.Catch.Tests/CatchBeatmapConversionTest.cs:line 58
   at InvokeStub_CatchBeatmapConversionTest.Test(Object, Span`1)

165)    at osu.Game.Tests.Beatmaps.BeatmapConversionTest`2.<>c__DisplayClass4_1.<Test>b__2() in /app/osu.Game/Tests/Beatmaps/BeatmapConversionTest.cs:line 98
   at NUnit.Framework.Assert.Multiple(TestDelegate testDelegate)
   at osu.Game.Tests.Beatmaps.BeatmapConversionTest`2.<>c__DisplayClass4_0.<Test>b__1() in /app/osu.Game/Tests/Beatmaps/BeatmapConversionTest.cs:line 77
   at NUnit.Framework.Assert.Multiple(TestDelegate testDelegate)
   at osu.Game.Tests.Beatmaps.BeatmapConversionTest`2.Test(String name, Type[] mods) in /app/osu.Game/Tests/Beatmaps/BeatmapConversionTest.cs:line 50
   at osu.Game.Rulesets.Catch.Tests.CatchBeatmapConversionTest.Test(String name, Type[] mods) in /app/osu.Game.Rulesets.Catch.Tests/CatchBeatmapConversionTest.cs:line 58
   at InvokeStub_CatchBeatmapConversionTest.Test(Object, Span`1)

166)    at osu.Game.Tests.Beatmaps.BeatmapConversionTest`2.<>c__DisplayClass4_1.<Test>b__2() in /app/osu.Game/Tests/Beatmaps/BeatmapConversionTest.cs:line 98
   at NUnit.Framework.Assert.Multiple(TestDelegate testDelegate)
   at osu.Game.Tests.Beatmaps.BeatmapConversionTest`2.<>c__DisplayClass4_0.<Test>b__1() in /app/osu.Game/Tests/Beatmaps/BeatmapConversionTest.cs:line 77
   at NUnit.Framework.Assert.Multiple(TestDelegate testDelegate)
   at osu.Game.Tests.Beatmaps.BeatmapConversionTest`2.Test(String name, Type[] mods) in /app/osu.Game/Tests/Beatmaps/BeatmapConversionTest.cs:line 50
   at osu.Game.Rulesets.Catch.Tests.CatchBeatmapConversionTest.Test(String name, Type[] mods) in /app/osu.Game.Rulesets.Catch.Tests/CatchBeatmapConversionTest.cs:line 58
   at InvokeStub_CatchBeatmapConversionTest.Test(Object, Span`1)

167)    at osu.Game.Tests.Beatmaps.BeatmapConversionTest`2.<>c__DisplayClass4_1.<Test>b__2() in /app/osu.Game/Tests/Beatmaps/BeatmapConversionTest.cs:line 98
   at NUnit.Framework.Assert.Multiple(TestDelegate testDelegate)
   at osu.Game.Tests.Beatmaps.BeatmapConversionTest`2.<>c__DisplayClass4_0.<Test>b__1() in /app/osu.Game/Tests/Beatmaps/BeatmapConversionTest.cs:line 77
   at NUnit.Framework.Assert.Multiple(TestDelegate testDelegate)
   at osu.Game.Tests.Beatmaps.BeatmapConversionTest`2.Test(String name, Type[] mods) in /app/osu.Game/Tests/Beatmaps/BeatmapConversionTest.cs:line 50
   at osu.Game.Rulesets.Catch.Tests.CatchBeatmapConversionTest.Test(String name, Type[] mods) in /app/osu.Game.Rulesets.Catch.Tests/CatchBeatmapConversionTest.cs:line 58
   at InvokeStub_CatchBeatmapConversionTest.Test(Object, Span`1)

168)    at osu.Game.Tests.Beatmaps.BeatmapConversionTest`2.<>c__DisplayClass4_1.<Test>b__2() in /app/osu.Game/Tests/Beatmaps/BeatmapConversionTest.cs:line 98
   at NUnit.Framework.Assert.Multiple(TestDelegate testDelegate)
   at osu.Game.Tests.Beatmaps.BeatmapConversionTest`2.<>c__DisplayClass4_0.<Test>b__1() in /app/osu.Game/Tests/Beatmaps/BeatmapConversionTest.cs:line 77
   at NUnit.Framework.Assert.Multiple(TestDelegate testDelegate)
   at osu.Game.Tests.Beatmaps.BeatmapConversionTest`2.Test(String name, Type[] mods) in /app/osu.Game/Tests/Beatmaps/BeatmapConversionTest.cs:line 50
   at osu.Game.Rulesets.Catch.Tests.CatchBeatmapConversionTest.Test(String name, Type[] mods) in /app/osu.Game.Rulesets.Catch.Tests/CatchBeatmapConversionTest.cs:line 58
   at InvokeStub_CatchBeatmapConversionTest.Test(Object, Span`1)

169)    at osu.Game.Tests.Beatmaps.BeatmapConversionTest`2.<>c__DisplayClass4_1.<Test>b__2() in /app/osu.Game/Tests/Beatmaps/BeatmapConversionTest.cs:line 98
   at NUnit.Framework.Assert.Multiple(TestDelegate testDelegate)
   at osu.Game.Tests.Beatmaps.BeatmapConversionTest`2.<>c__DisplayClass4_0.<Test>b__1() in /app/osu.Game/Tests/Beatmaps/BeatmapConversionTest.cs:line 77
   at NUnit.Framework.Assert.Multiple(TestDelegate testDelegate)
   at osu.Game.Tests.Beatmaps.BeatmapConversionTest`2.Test(String name, Type[] mods) in /app/osu.Game/Tests/Beatmaps/BeatmapConversionTest.cs:line 50
   at osu.Game.Rulesets.Catch.Tests.CatchBeatmapConversionTest.Test(String name, Type[] mods) in /app/osu.Game.Rulesets.Catch.Tests/CatchBeatmapConversionTest.cs:line 58
   at InvokeStub_CatchBeatmapConversionTest.Test(Object, Span`1)

170)    at osu.Game.Tests.Beatmaps.BeatmapConversionTest`2.<>c__DisplayClass4_1.<Test>b__2() in /app/osu.Game/Tests/Beatmaps/BeatmapConversionTest.cs:line 98
   at NUnit.Framework.Assert.Multiple(TestDelegate testDelegate)
   at osu.Game.Tests.Beatmaps.BeatmapConversionTest`2.<>c__DisplayClass4_0.<Test>b__1() in /app/osu.Game/Tests/Beatmaps/BeatmapConversionTest.cs:line 77
   at NUnit.Framework.Assert.Multiple(TestDelegate testDelegate)
   at osu.Game.Tests.Beatmaps.BeatmapConversionTest`2.Test(String name, Type[] mods) in /app/osu.Game/Tests/Beatmaps/BeatmapConversionTest.cs:line 50
   at osu.Game.Rulesets.Catch.Tests.CatchBeatmapConversionTest.Test(String name, Type[] mods) in /app/osu.Game.Rulesets.Catch.Tests/CatchBeatmapConversionTest.cs:line 58
   at InvokeStub_CatchBeatmapConversionTest.Test(Object, Span`1)

171)    at osu.Game.Tests.Beatmaps.BeatmapConversionTest`2.<>c__DisplayClass4_1.<Test>b__2() in /app/osu.Game/Tests/Beatmaps/BeatmapConversionTest.cs:line 98
   at NUnit.Framework.Assert.Multiple(TestDelegate testDelegate)
   at osu.Game.Tests.Beatmaps.BeatmapConversionTest`2.<>c__DisplayClass4_0.<Test>b__1() in /app/osu.Game/Tests/Beatmaps/BeatmapConversionTest.cs:line 77
   at NUnit.Framework.Assert.Multiple(TestDelegate testDelegate)
   at osu.Game.Tests.Beatmaps.BeatmapConversionTest`2.Test(String name, Type[] mods) in /app/osu.Game/Tests/Beatmaps/BeatmapConversionTest.cs:line 50
   at osu.Game.Rulesets.Catch.Tests.CatchBeatmapConversionTest.Test(String name, Type[] mods) in /app/osu.Game.Rulesets.Catch.Tests/CatchBeatmapConversionTest.cs:line 58
   at InvokeStub_CatchBeatmapConversionTest.Test(Object, Span`1)

172)    at osu.Game.Tests.Beatmaps.BeatmapConversionTest`2.<>c__DisplayClass4_1.<Test>b__2() in /app/osu.Game/Tests/Beatmaps/BeatmapConversionTest.cs:line 98
   at NUnit.Framework.Assert.Multiple(TestDelegate testDelegate)
   at osu.Game.Tests.Beatmaps.BeatmapConversionTest`2.<>c__DisplayClass4_0.<Test>b__1() in /app/osu.Game/Tests/Beatmaps/BeatmapConversionTest.cs:line 77
   at NUnit.Framework.Assert.Multiple(TestDelegate testDelegate)
   at osu.Game.Tests.Beatmaps.BeatmapConversionTest`2.Test(String name, Type[] mods) in /app/osu.Game/Tests/Beatmaps/BeatmapConversionTest.cs:line 50
   at osu.Game.Rulesets.Catch.Tests.CatchBeatmapConversionTest.Test(String name, Type[] mods) in /app/osu.Game.Rulesets.Catch.Tests/CatchBeatmapConversionTest.cs:line 58
   at InvokeStub_CatchBeatmapConversionTest.Test(Object, Span`1)

173)    at osu.Game.Tests.Beatmaps.BeatmapConversionTest`2.<>c__DisplayClass4_1.<Test>b__2() in /app/osu.Game/Tests/Beatmaps/BeatmapConversionTest.cs:line 98
   at NUnit.Framework.Assert.Multiple(TestDelegate testDelegate)
   at osu.Game.Tests.Beatmaps.BeatmapConversionTest`2.<>c__DisplayClass4_0.<Test>b__1() in /app/osu.Game/Tests/Beatmaps/BeatmapConversionTest.cs:line 77
   at NUnit.Framework.Assert.Multiple(TestDelegate testDelegate)
   at osu.Game.Tests.Beatmaps.BeatmapConversionTest`2.Test(String name, Type[] mods) in /app/osu.Game/Tests/Beatmaps/BeatmapConversionTest.cs:line 50
   at osu.Game.Rulesets.Catch.Tests.CatchBeatmapConversionTest.Test(String name, Type[] mods) in /app/osu.Game.Rulesets.Catch.Tests/CatchBeatmapConversionTest.cs:line 58
   at InvokeStub_CatchBeatmapConversionTest.Test(Object, Span`1)

174)    at osu.Game.Tests.Beatmaps.BeatmapConversionTest`2.<>c__DisplayClass4_1.<Test>b__2() in /app/osu.Game/Tests/Beatmaps/BeatmapConversionTest.cs:line 98
   at NUnit.Framework.Assert.Multiple(TestDelegate testDelegate)
   at osu.Game.Tests.Beatmaps.BeatmapConversionTest`2.<>c__DisplayClass4_0.<Test>b__1() in /app/osu.Game/Tests/Beatmaps/BeatmapConversionTest.cs:line 77
   at NUnit.Framework.Assert.Multiple(TestDelegate testDelegate)
   at osu.Game.Tests.Beatmaps.BeatmapConversionTest`2.Test(String name, Type[] mods) in /app/osu.Game/Tests/Beatmaps/BeatmapConversionTest.cs:line 50
   at osu.Game.Rulesets.Catch.Tests.CatchBeatmapConversionTest.Test(String name, Type[] mods) in /app/osu.Game.Rulesets.Catch.Tests/CatchBeatmapConversionTest.cs:line 58
   at InvokeStub_CatchBeatmapConversionTest.Test(Object, Span`1)

175)    at osu.Game.Tests.Beatmaps.BeatmapConversionTest`2.<>c__DisplayClass4_1.<Test>b__2() in /app/osu.Game/Tests/Beatmaps/BeatmapConversionTest.cs:line 98
   at NUnit.Framework.Assert.Multiple(TestDelegate testDelegate)
   at osu.Game.Tests.Beatmaps.BeatmapConversionTest`2.<>c__DisplayClass4_0.<Test>b__1() in /app/osu.Game/Tests/Beatmaps/BeatmapConversionTest.cs:line 77
   at NUnit.Framework.Assert.Multiple(TestDelegate testDelegate)
   at osu.Game.Tests.Beatmaps.BeatmapConversionTest`2.Test(String name, Type[] mods) in /app/osu.Game/Tests/Beatmaps/BeatmapConversionTest.cs:line 50
   at osu.Game.Rulesets.Catch.Tests.CatchBeatmapConversionTest.Test(String name, Type[] mods) in /app/osu.Game.Rulesets.Catch.Tests/CatchBeatmapConversionTest.cs:line 58
   at InvokeStub_CatchBeatmapConversionTest.Test(Object, Span`1)


  Failed Test("2768615",[osu.Game.Rulesets.Catch.Mods.CatchModDoubleTime, osu.Game.Rulesets.Catch.Mods.CatchModHardRock]) [331 ms]
  Error Message:
   Multiple failures or warnings in test:
  1) The conversion generated differing hitobjects for object at time: 16695:
Expected: {"StartTime":16695.0,"Position":227.0,"HyperDash":false}
Received: {"StartTime":16695.0,"Position":217.0,"HyperDash":false}

  2) The conversion generated differing hitobjects for object at time: 17241:
Expected: {"StartTime":17297.0,"Position":226.46678,"HyperDash":false}
Received: {"StartTime":17297.75,"Position":219.47302,"HyperDash":false}

  3) The conversion generated differing hitobjects for object at time: 17241:
Expected: {"StartTime":17354.0,"Position":236.9419,"HyperDash":false}
Received: {"StartTime":17354.5,"Position":221.94606,"HyperDash":false}

  4) The conversion generated differing hitobjects for object at time: 17241:
Expected: {"StartTime":17411.0,"Position":219.417,"HyperDash":false}
Received: {"StartTime":17411.25,"Position":245.41908,"HyperDash":false}

  5) The conversion generated differing hitobjects for object at time: 17241:
Expected: {"StartTime":17563.0,"Position":221.10027,"HyperDash":false}
Received: {"StartTime":17563.772727272728,"Position":225.09592,"HyperDash":false}

  6) The conversion generated differing hitobjects for object at time: 19059:
Expected: {"StartTime":19149.0,"Position":273.53876,"HyperDash":false}
Received: {"StartTime":19149.5,"Position":246.76349,"HyperDash":false}

  7) The conversion generated differing hitobjects for object at time: 19059:
Expected: {"StartTime":19313.0,"Position":252.95383,"HyperDash":false}
Received: {"StartTime":19313.81818181818,"Position":262.156,"HyperDash":false}

  8) The conversion generated differing hitobjects for object at time: 19604:
Expected: {"StartTime":19604.0,"Position":267.0,"HyperDash":false}
Received: {"StartTime":19604.0,"Position":271.0,"HyperDash":false}

  9) The conversion generated differing hitobjects for object at time: 19786:
Expected: {"StartTime":19786.0,"Position":271.0,"HyperDash":false}
Received: {"StartTime":19786.0,"Position":267.0,"HyperDash":false}

  10) The conversion generated differing hitobjects for object at time: 19876:
Expected: {"StartTime":19876.0,"Position":269.0,"HyperDash":false}
Received: {"StartTime":19876.0,"Position":273.0,"HyperDash":false}

  11) The conversion generated differing hitobjects for object at time: 20422:
Expected: {"StartTime":20494.0,"Position":256.99103,"HyperDash":false}
Received: {"StartTime":20494.5,"Position":266.99902,"HyperDash":false}

  12) The conversion generated differing hitobjects for object at time: 20695:
Expected: {"StartTime":20767.0,"Position":276.1846,"HyperDash":false}
Received: {"StartTime":20767.5,"Position":289.20856,"HyperDash":false}

  13) The conversion generated differing hitobjects for object at time: 21240:
Expected: {"StartTime":21312.0,"Position":274.79022,"HyperDash":false}
Received: {"StartTime":21312.5,"Position":284.70682,"HyperDash":false}

  14) The conversion generated differing hitobjects for object at time: 21786:
Expected: {"StartTime":21858.0,"Position":307.44348,"HyperDash":false}
Received: {"StartTime":21858.5,"Position":316.63232,"HyperDash":false}

  15) The conversion generated differing hitobjects for object at time: 22150:
Expected: {"StartTime":22222.0,"Position":295.69693,"HyperDash":false}
Received: {"StartTime":22222.5,"Position":281.67557,"HyperDash":false}

  16) The conversion generated differing hitobjects for object at time: 24150:
Expected: {"StartTime":24222.0,"Position":344.17892,"HyperDash":false}
Received: {"StartTime":24222.5,"Position":332.1723,"HyperDash":false}

  17) The conversion generated differing hitobjects for object at time: 25059:
Expected: {"StartTime":25131.0,"Position":323.17892,"HyperDash":false}
Received: {"StartTime":25131.5,"Position":359.1723,"HyperDash":false}

  18) The conversion generated differing hitobjects for object at time: 26149:
Expected: {"StartTime":26239.0,"Position":362.0235,"HyperDash":false}
Received: {"StartTime":26239.5,"Position":367.03204,"HyperDash":false}

  19) The conversion generated differing hitobjects for object at time: 26149:
Expected: {"StartTime":26403.0,"Position":376.23956,"HyperDash":false}
Received: {"StartTime":26403.81818181818,"Position":367.23636,"HyperDash":false}

  20) The conversion generated differing hitobjects for object at time: 27968:
Expected: {"StartTime":28040.0,"Position":390.17892,"HyperDash":false}
Received: {"StartTime":28040.5,"Position":384.1723,"HyperDash":false}

  21) The conversion generated differing hitobjects for object at time: 29059:
Expected: {"StartTime":29115.0,"Position":401.51376,"HyperDash":false}
Received: {"StartTime":29115.75,"Position":413.50726,"HyperDash":false}

  22) The conversion generated differing hitobjects for object at time: 29059:
Expected: {"StartTime":29172.0,"Position":404.01886,"HyperDash":false}
Received: {"StartTime":29172.5,"Position":383.01453,"HyperDash":false}

  23) The conversion generated differing hitobjects for object at time: 29059:
Expected: {"StartTime":29229.0,"Position":412.52396,"HyperDash":false}
Received: {"StartTime":29229.25,"Position":394.5218,"HyperDash":false}

  24) The conversion generated differing hitobjects for object at time: 29059:
Expected: {"StartTime":29381.0,"Position":381.8539,"HyperDash":false}
Received: {"StartTime":29381.772727272728,"Position":387.85843,"HyperDash":false}

  25) The conversion generated differing hitobjects for object at time: 30877:
Expected: {"StartTime":30949.0,"Position":422.1499,"HyperDash":false}
Received: {"StartTime":30949.5,"Position":430.3143,"HyperDash":false}

  26) The conversion generated differing hitobjects for object at time: 31695:
Expected: {"StartTime":31695.0,"Position":419.0,"HyperDash":false}
Received: {"StartTime":31695.0,"Position":432.82132,"HyperDash":false}


  Stack Trace:
     at osu.Game.Tests.Beatmaps.BeatmapConversionTest`2.Test(String name, Type[] mods) in /app/osu.Game/Tests/Beatmaps/BeatmapConversionTest.cs:line 50
   at osu.Game.Rulesets.Catch.Tests.CatchBeatmapConversionTest.Test(String name, Type[] mods) in /app/osu.Game.Rulesets.Catch.Tests/CatchBeatmapConversionTest.cs:line 58
   at InvokeStub_CatchBeatmapConversionTest.Test(Object, Span`1)

1)    at osu.Game.Tests.Beatmaps.BeatmapConversionTest`2.<>c__DisplayClass4_1.<Test>b__2() in /app/osu.Game/Tests/Beatmaps/BeatmapConversionTest.cs:line 98
   at NUnit.Framework.Assert.Multiple(TestDelegate testDelegate)
   at osu.Game.Tests.Beatmaps.BeatmapConversionTest`2.<>c__DisplayClass4_0.<Test>b__1() in /app/osu.Game/Tests/Beatmaps/BeatmapConversionTest.cs:line 77
   at NUnit.Framework.Assert.Multiple(TestDelegate testDelegate)
   at osu.Game.Tests.Beatmaps.BeatmapConversionTest`2.Test(String name, Type[] mods) in /app/osu.Game/Tests/Beatmaps/BeatmapConversionTest.cs:line 50
   at osu.Game.Rulesets.Catch.Tests.CatchBeatmapConversionTest.Test(String name, Type[] mods) in /app/osu.Game.Rulesets.Catch.Tests/CatchBeatmapConversionTest.cs:line 58
   at InvokeStub_CatchBeatmapConversionTest.Test(Object, Span`1)

2)    at osu.Game.Tests.Beatmaps.BeatmapConversionTest`2.<>c__DisplayClass4_1.<Test>b__2() in /app/osu.Game/Tests/Beatmaps/BeatmapConversionTest.cs:line 98
   at NUnit.Framework.Assert.Multiple(TestDelegate testDelegate)
   at osu.Game.Tests.Beatmaps.BeatmapConversionTest`2.<>c__DisplayClass4_0.<Test>b__1() in /app/osu.Game/Tests/Beatmaps/BeatmapConversionTest.cs:line 77
   at NUnit.Framework.Assert.Multiple(TestDelegate testDelegate)
   at osu.Game.Tests.Beatmaps.BeatmapConversionTest`2.Test(String name, Type[] mods) in /app/osu.Game/Tests/Beatmaps/BeatmapConversionTest.cs:line 50
   at osu.Game.Rulesets.Catch.Tests.CatchBeatmapConversionTest.Test(String name, Type[] mods) in /app/osu.Game.Rulesets.Catch.Tests/CatchBeatmapConversionTest.cs:line 58
   at InvokeStub_CatchBeatmapConversionTest.Test(Object, Span`1)

3)    at osu.Game.Tests.Beatmaps.BeatmapConversionTest`2.<>c__DisplayClass4_1.<Test>b__2() in /app/osu.Game/Tests/Beatmaps/BeatmapConversionTest.cs:line 98
   at NUnit.Framework.Assert.Multiple(TestDelegate testDelegate)
   at osu.Game.Tests.Beatmaps.BeatmapConversionTest`2.<>c__DisplayClass4_0.<Test>b__1() in /app/osu.Game/Tests/Beatmaps/BeatmapConversionTest.cs:line 77
   at NUnit.Framework.Assert.Multiple(TestDelegate testDelegate)
   at osu.Game.Tests.Beatmaps.BeatmapConversionTest`2.Test(String name, Type[] mods) in /app/osu.Game/Tests/Beatmaps/BeatmapConversionTest.cs:line 50
   at osu.Game.Rulesets.Catch.Tests.CatchBeatmapConversionTest.Test(String name, Type[] mods) in /app/osu.Game.Rulesets.Catch.Tests/CatchBeatmapConversionTest.cs:line 58
   at InvokeStub_CatchBeatmapConversionTest.Test(Object, Span`1)

4)    at osu.Game.Tests.Beatmaps.BeatmapConversionTest`2.<>c__DisplayClass4_1.<Test>b__2() in /app/osu.Game/Tests/Beatmaps/BeatmapConversionTest.cs:line 98
   at NUnit.Framework.Assert.Multiple(TestDelegate testDelegate)
   at osu.Game.Tests.Beatmaps.BeatmapConversionTest`2.<>c__DisplayClass4_0.<Test>b__1() in /app/osu.Game/Tests/Beatmaps/BeatmapConversionTest.cs:line 77
   at NUnit.Framework.Assert.Multiple(TestDelegate testDelegate)
   at osu.Game.Tests.Beatmaps.BeatmapConversionTest`2.Test(String name, Type[] mods) in /app/osu.Game/Tests/Beatmaps/BeatmapConversionTest.cs:line 50
   at osu.Game.Rulesets.Catch.Tests.CatchBeatmapConversionTest.Test(String name, Type[] mods) in /app/osu.Game.Rulesets.Catch.Tests/CatchBeatmapConversionTest.cs:line 58
   at InvokeStub_CatchBeatmapConversionTest.Test(Object, Span`1)

5)    at osu.Game.Tests.Beatmaps.BeatmapConversionTest`2.<>c__DisplayClass4_1.<Test>b__2() in /app/osu.Game/Tests/Beatmaps/BeatmapConversionTest.cs:line 98
   at NUnit.Framework.Assert.Multiple(TestDelegate testDelegate)
   at osu.Game.Tests.Beatmaps.BeatmapConversionTest`2.<>c__DisplayClass4_0.<Test>b__1() in /app/osu.Game/Tests/Beatmaps/BeatmapConversionTest.cs:line 77
   at NUnit.Framework.Assert.Multiple(TestDelegate testDelegate)
   at osu.Game.Tests.Beatmaps.BeatmapConversionTest`2.Test(String name, Type[] mods) in /app/osu.Game/Tests/Beatmaps/BeatmapConversionTest.cs:line 50
   at osu.Game.Rulesets.Catch.Tests.CatchBeatmapConversionTest.Test(String name, Type[] mods) in /app/osu.Game.Rulesets.Catch.Tests/CatchBeatmapConversionTest.cs:line 58
   at InvokeStub_CatchBeatmapConversionTest.Test(Object, Span`1)

6)    at osu.Game.Tests.Beatmaps.BeatmapConversionTest`2.<>c__DisplayClass4_1.<Test>b__2() in /app/osu.Game/Tests/Beatmaps/BeatmapConversionTest.cs:line 98
   at NUnit.Framework.Assert.Multiple(TestDelegate testDelegate)
   at osu.Game.Tests.Beatmaps.BeatmapConversionTest`2.<>c__DisplayClass4_0.<Test>b__1() in /app/osu.Game/Tests/Beatmaps/BeatmapConversionTest.cs:line 77
   at NUnit.Framework.Assert.Multiple(TestDelegate testDelegate)
   at osu.Game.Tests.Beatmaps.BeatmapConversionTest`2.Test(String name, Type[] mods) in /app/osu.Game/Tests/Beatmaps/BeatmapConversionTest.cs:line 50
   at osu.Game.Rulesets.Catch.Tests.CatchBeatmapConversionTest.Test(String name, Type[] mods) in /app/osu.Game.Rulesets.Catch.Tests/CatchBeatmapConversionTest.cs:line 58
   at InvokeStub_CatchBeatmapConversionTest.Test(Object, Span`1)

7)    at osu.Game.Tests.Beatmaps.BeatmapConversionTest`2.<>c__DisplayClass4_1.<Test>b__2() in /app/osu.Game/Tests/Beatmaps/BeatmapConversionTest.cs:line 98
   at NUnit.Framework.Assert.Multiple(TestDelegate testDelegate)
   at osu.Game.Tests.Beatmaps.BeatmapConversionTest`2.<>c__DisplayClass4_0.<Test>b__1() in /app/osu.Game/Tests/Beatmaps/BeatmapConversionTest.cs:line 77
   at NUnit.Framework.Assert.Multiple(TestDelegate testDelegate)
   at osu.Game.Tests.Beatmaps.BeatmapConversionTest`2.Test(String name, Type[] mods) in /app/osu.Game/Tests/Beatmaps/BeatmapConversionTest.cs:line 50
   at osu.Game.Rulesets.Catch.Tests.CatchBeatmapConversionTest.Test(String name, Type[] mods) in /app/osu.Game.Rulesets.Catch.Tests/CatchBeatmapConversionTest.cs:line 58
   at InvokeStub_CatchBeatmapConversionTest.Test(Object, Span`1)

8)    at osu.Game.Tests.Beatmaps.BeatmapConversionTest`2.<>c__DisplayClass4_1.<Test>b__2() in /app/osu.Game/Tests/Beatmaps/BeatmapConversionTest.cs:line 98
   at NUnit.Framework.Assert.Multiple(TestDelegate testDelegate)
   at osu.Game.Tests.Beatmaps.BeatmapConversionTest`2.<>c__DisplayClass4_0.<Test>b__1() in /app/osu.Game/Tests/Beatmaps/BeatmapConversionTest.cs:line 77
   at NUnit.Framework.Assert.Multiple(TestDelegate testDelegate)
   at osu.Game.Tests.Beatmaps.BeatmapConversionTest`2.Test(String name, Type[] mods) in /app/osu.Game/Tests/Beatmaps/BeatmapConversionTest.cs:line 50
   at osu.Game.Rulesets.Catch.Tests.CatchBeatmapConversionTest.Test(String name, Type[] mods) in /app/osu.Game.Rulesets.Catch.Tests/CatchBeatmapConversionTest.cs:line 58
   at InvokeStub_CatchBeatmapConversionTest.Test(Object, Span`1)

9)    at osu.Game.Tests.Beatmaps.BeatmapConversionTest`2.<>c__DisplayClass4_1.<Test>b__2() in /app/osu.Game/Tests/Beatmaps/BeatmapConversionTest.cs:line 98
   at NUnit.Framework.Assert.Multiple(TestDelegate testDelegate)
   at osu.Game.Tests.Beatmaps.BeatmapConversionTest`2.<>c__DisplayClass4_0.<Test>b__1() in /app/osu.Game/Tests/Beatmaps/BeatmapConversionTest.cs:line 77
   at NUnit.Framework.Assert.Multiple(TestDelegate testDelegate)
   at osu.Game.Tests.Beatmaps.BeatmapConversionTest`2.Test(String name, Type[] mods) in /app/osu.Game/Tests/Beatmaps/BeatmapConversionTest.cs:line 50
   at osu.Game.Rulesets.Catch.Tests.CatchBeatmapConversionTest.Test(String name, Type[] mods) in /app/osu.Game.Rulesets.Catch.Tests/CatchBeatmapConversionTest.cs:line 58
   at InvokeStub_CatchBeatmapConversionTest.Test(Object, Span`1)

10)    at osu.Game.Tests.Beatmaps.BeatmapConversionTest`2.<>c__DisplayClass4_1.<Test>b__2() in /app/osu.Game/Tests/Beatmaps/BeatmapConversionTest.cs:line 98
   at NUnit.Framework.Assert.Multiple(TestDelegate testDelegate)
   at osu.Game.Tests.Beatmaps.BeatmapConversionTest`2.<>c__DisplayClass4_0.<Test>b__1() in /app/osu.Game/Tests/Beatmaps/BeatmapConversionTest.cs:line 77
   at NUnit.Framework.Assert.Multiple(TestDelegate testDelegate)
   at osu.Game.Tests.Beatmaps.BeatmapConversionTest`2.Test(String name, Type[] mods) in /app/osu.Game/Tests/Beatmaps/BeatmapConversionTest.cs:line 50
   at osu.Game.Rulesets.Catch.Tests.CatchBeatmapConversionTest.Test(String name, Type[] mods) in /app/osu.Game.Rulesets.Catch.Tests/CatchBeatmapConversionTest.cs:line 58
   at InvokeStub_CatchBeatmapConversionTest.Test(Object, Span`1)

11)    at osu.Game.Tests.Beatmaps.BeatmapConversionTest`2.<>c__DisplayClass4_1.<Test>b__2() in /app/osu.Game/Tests/Beatmaps/BeatmapConversionTest.cs:line 98
   at NUnit.Framework.Assert.Multiple(TestDelegate testDelegate)
   at osu.Game.Tests.Beatmaps.BeatmapConversionTest`2.<>c__DisplayClass4_0.<Test>b__1() in /app/osu.Game/Tests/Beatmaps/BeatmapConversionTest.cs:line 77
   at NUnit.Framework.Assert.Multiple(TestDelegate testDelegate)
   at osu.Game.Tests.Beatmaps.BeatmapConversionTest`2.Test(String name, Type[] mods) in /app/osu.Game/Tests/Beatmaps/BeatmapConversionTest.cs:line 50
   at osu.Game.Rulesets.Catch.Tests.CatchBeatmapConversionTest.Test(String name, Type[] mods) in /app/osu.Game.Rulesets.Catch.Tests/CatchBeatmapConversionTest.cs:line 58
   at InvokeStub_CatchBeatmapConversionTest.Test(Object, Span`1)

12)    at osu.Game.Tests.Beatmaps.BeatmapConversionTest`2.<>c__DisplayClass4_1.<Test>b__2() in /app/osu.Game/Tests/Beatmaps/BeatmapConversionTest.cs:line 98
   at NUnit.Framework.Assert.Multiple(TestDelegate testDelegate)
   at osu.Game.Tests.Beatmaps.BeatmapConversionTest`2.<>c__DisplayClass4_0.<Test>b__1() in /app/osu.Game/Tests/Beatmaps/BeatmapConversionTest.cs:line 77
   at NUnit.Framework.Assert.Multiple(TestDelegate testDelegate)
   at osu.Game.Tests.Beatmaps.BeatmapConversionTest`2.Test(String name, Type[] mods) in /app/osu.Game/Tests/Beatmaps/BeatmapConversionTest.cs:line 50
   at osu.Game.Rulesets.Catch.Tests.CatchBeatmapConversionTest.Test(String name, Type[] mods) in /app/osu.Game.Rulesets.Catch.Tests/CatchBeatmapConversionTest.cs:line 58
   at InvokeStub_CatchBeatmapConversionTest.Test(Object, Span`1)

13)    at osu.Game.Tests.Beatmaps.BeatmapConversionTest`2.<>c__DisplayClass4_1.<Test>b__2() in /app/osu.Game/Tests/Beatmaps/BeatmapConversionTest.cs:line 98
   at NUnit.Framework.Assert.Multiple(TestDelegate testDelegate)
   at osu.Game.Tests.Beatmaps.BeatmapConversionTest`2.<>c__DisplayClass4_0.<Test>b__1() in /app/osu.Game/Tests/Beatmaps/BeatmapConversionTest.cs:line 77
   at NUnit.Framework.Assert.Multiple(TestDelegate testDelegate)
   at osu.Game.Tests.Beatmaps.BeatmapConversionTest`2.Test(String name, Type[] mods) in /app/osu.Game/Tests/Beatmaps/BeatmapConversionTest.cs:line 50
   at osu.Game.Rulesets.Catch.Tests.CatchBeatmapConversionTest.Test(String name, Type[] mods) in /app/osu.Game.Rulesets.Catch.Tests/CatchBeatmapConversionTest.cs:line 58
   at InvokeStub_CatchBeatmapConversionTest.Test(Object, Span`1)

14)    at osu.Game.Tests.Beatmaps.BeatmapConversionTest`2.<>c__DisplayClass4_1.<Test>b__2() in /app/osu.Game/Tests/Beatmaps/BeatmapConversionTest.cs:line 98
   at NUnit.Framework.Assert.Multiple(TestDelegate testDelegate)
   at osu.Game.Tests.Beatmaps.BeatmapConversionTest`2.<>c__DisplayClass4_0.<Test>b__1() in /app/osu.Game/Tests/Beatmaps/BeatmapConversionTest.cs:line 77
   at NUnit.Framework.Assert.Multiple(TestDelegate testDelegate)
   at osu.Game.Tests.Beatmaps.BeatmapConversionTest`2.Test(String name, Type[] mods) in /app/osu.Game/Tests/Beatmaps/BeatmapConversionTest.cs:line 50
   at osu.Game.Rulesets.Catch.Tests.CatchBeatmapConversionTest.Test(String name, Type[] mods) in /app/osu.Game.Rulesets.Catch.Tests/CatchBeatmapConversionTest.cs:line 58
   at InvokeStub_CatchBeatmapConversionTest.Test(Object, Span`1)

15)    at osu.Game.Tests.Beatmaps.BeatmapConversionTest`2.<>c__DisplayClass4_1.<Test>b__2() in /app/osu.Game/Tests/Beatmaps/BeatmapConversionTest.cs:line 98
   at NUnit.Framework.Assert.Multiple(TestDelegate testDelegate)
   at osu.Game.Tests.Beatmaps.BeatmapConversionTest`2.<>c__DisplayClass4_0.<Test>b__1() in /app/osu.Game/Tests/Beatmaps/BeatmapConversionTest.cs:line 77
   at NUnit.Framework.Assert.Multiple(TestDelegate testDelegate)
   at osu.Game.Tests.Beatmaps.BeatmapConversionTest`2.Test(String name, Type[] mods) in /app/osu.Game/Tests/Beatmaps/BeatmapConversionTest.cs:line 50
   at osu.Game.Rulesets.Catch.Tests.CatchBeatmapConversionTest.Test(String name, Type[] mods) in /app/osu.Game.Rulesets.Catch.Tests/CatchBeatmapConversionTest.cs:line 58
   at InvokeStub_CatchBeatmapConversionTest.Test(Object, Span`1)

16)    at osu.Game.Tests.Beatmaps.BeatmapConversionTest`2.<>c__DisplayClass4_1.<Test>b__2() in /app/osu.Game/Tests/Beatmaps/BeatmapConversionTest.cs:line 98
   at NUnit.Framework.Assert.Multiple(TestDelegate testDelegate)
   at osu.Game.Tests.Beatmaps.BeatmapConversionTest`2.<>c__DisplayClass4_0.<Test>b__1() in /app/osu.Game/Tests/Beatmaps/BeatmapConversionTest.cs:line 77
   at NUnit.Framework.Assert.Multiple(TestDelegate testDelegate)
   at osu.Game.Tests.Beatmaps.BeatmapConversionTest`2.Test(String name, Type[] mods) in /app/osu.Game/Tests/Beatmaps/BeatmapConversionTest.cs:line 50
   at osu.Game.Rulesets.Catch.Tests.CatchBeatmapConversionTest.Test(String name, Type[] mods) in /app/osu.Game.Rulesets.Catch.Tests/CatchBeatmapConversionTest.cs:line 58
   at InvokeStub_CatchBeatmapConversionTest.Test(Object, Span`1)

17)    at osu.Game.Tests.Beatmaps.BeatmapConversionTest`2.<>c__DisplayClass4_1.<Test>b__2() in /app/osu.Game/Tests/Beatmaps/BeatmapConversionTest.cs:line 98
   at NUnit.Framework.Assert.Multiple(TestDelegate testDelegate)
   at osu.Game.Tests.Beatmaps.BeatmapConversionTest`2.<>c__DisplayClass4_0.<Test>b__1() in /app/osu.Game/Tests/Beatmaps/BeatmapConversionTest.cs:line 77
   at NUnit.Framework.Assert.Multiple(TestDelegate testDelegate)
   at osu.Game.Tests.Beatmaps.BeatmapConversionTest`2.Test(String name, Type[] mods) in /app/osu.Game/Tests/Beatmaps/BeatmapConversionTest.cs:line 50
   at osu.Game.Rulesets.Catch.Tests.CatchBeatmapConversionTest.Test(String name, Type[] mods) in /app/osu.Game.Rulesets.Catch.Tests/CatchBeatmapConversionTest.cs:line 58
   at InvokeStub_CatchBeatmapConversionTest.Test(Object, Span`1)

18)    at osu.Game.Tests.Beatmaps.BeatmapConversionTest`2.<>c__DisplayClass4_1.<Test>b__2() in /app/osu.Game/Tests/Beatmaps/BeatmapConversionTest.cs:line 98
   at NUnit.Framework.Assert.Multiple(TestDelegate testDelegate)
   at osu.Game.Tests.Beatmaps.BeatmapConversionTest`2.<>c__DisplayClass4_0.<Test>b__1() in /app/osu.Game/Tests/Beatmaps/BeatmapConversionTest.cs:line 77
   at NUnit.Framework.Assert.Multiple(TestDelegate testDelegate)
   at osu.Game.Tests.Beatmaps.BeatmapConversionTest`2.Test(String name, Type[] mods) in /app/osu.Game/Tests/Beatmaps/BeatmapConversionTest.cs:line 50
   at osu.Game.Rulesets.Catch.Tests.CatchBeatmapConversionTest.Test(String name, Type[] mods) in /app/osu.Game.Rulesets.Catch.Tests/CatchBeatmapConversionTest.cs:line 58
   at InvokeStub_CatchBeatmapConversionTest.Test(Object, Span`1)

19)    at osu.Game.Tests.Beatmaps.BeatmapConversionTest`2.<>c__DisplayClass4_1.<Test>b__2() in /app/osu.Game/Tests/Beatmaps/BeatmapConversionTest.cs:line 98
   at NUnit.Framework.Assert.Multiple(TestDelegate testDelegate)
   at osu.Game.Tests.Beatmaps.BeatmapConversionTest`2.<>c__DisplayClass4_0.<Test>b__1() in /app/osu.Game/Tests/Beatmaps/BeatmapConversionTest.cs:line 77
   at NUnit.Framework.Assert.Multiple(TestDelegate testDelegate)
   at osu.Game.Tests.Beatmaps.BeatmapConversionTest`2.Test(String name, Type[] mods) in /app/osu.Game/Tests/Beatmaps/BeatmapConversionTest.cs:line 50
   at osu.Game.Rulesets.Catch.Tests.CatchBeatmapConversionTest.Test(String name, Type[] mods) in /app/osu.Game.Rulesets.Catch.Tests/CatchBeatmapConversionTest.cs:line 58
   at InvokeStub_CatchBeatmapConversionTest.Test(Object, Span`1)

20)    at osu.Game.Tests.Beatmaps.BeatmapConversionTest`2.<>c__DisplayClass4_1.<Test>b__2() in /app/osu.Game/Tests/Beatmaps/BeatmapConversionTest.cs:line 98
   at NUnit.Framework.Assert.Multiple(TestDelegate testDelegate)
   at osu.Game.Tests.Beatmaps.BeatmapConversionTest`2.<>c__DisplayClass4_0.<Test>b__1() in /app/osu.Game/Tests/Beatmaps/BeatmapConversionTest.cs:line 77
   at NUnit.Framework.Assert.Multiple(TestDelegate testDelegate)
   at osu.Game.Tests.Beatmaps.BeatmapConversionTest`2.Test(String name, Type[] mods) in /app/osu.Game/Tests/Beatmaps/BeatmapConversionTest.cs:line 50
   at osu.Game.Rulesets.Catch.Tests.CatchBeatmapConversionTest.Test(String name, Type[] mods) in /app/osu.Game.Rulesets.Catch.Tests/CatchBeatmapConversionTest.cs:line 58
   at InvokeStub_CatchBeatmapConversionTest.Test(Object, Span`1)

21)    at osu.Game.Tests.Beatmaps.BeatmapConversionTest`2.<>c__DisplayClass4_1.<Test>b__2() in /app/osu.Game/Tests/Beatmaps/BeatmapConversionTest.cs:line 98
   at NUnit.Framework.Assert.Multiple(TestDelegate testDelegate)
   at osu.Game.Tests.Beatmaps.BeatmapConversionTest`2.<>c__DisplayClass4_0.<Test>b__1() in /app/osu.Game/Tests/Beatmaps/BeatmapConversionTest.cs:line 77
   at NUnit.Framework.Assert.Multiple(TestDelegate testDelegate)
   at osu.Game.Tests.Beatmaps.BeatmapConversionTest`2.Test(String name, Type[] mods) in /app/osu.Game/Tests/Beatmaps/BeatmapConversionTest.cs:line 50
   at osu.Game.Rulesets.Catch.Tests.CatchBeatmapConversionTest.Test(String name, Type[] mods) in /app/osu.Game.Rulesets.Catch.Tests/CatchBeatmapConversionTest.cs:line 58
   at InvokeStub_CatchBeatmapConversionTest.Test(Object, Span`1)

22)    at osu.Game.Tests.Beatmaps.BeatmapConversionTest`2.<>c__DisplayClass4_1.<Test>b__2() in /app/osu.Game/Tests/Beatmaps/BeatmapConversionTest.cs:line 98
   at NUnit.Framework.Assert.Multiple(TestDelegate testDelegate)
   at osu.Game.Tests.Beatmaps.BeatmapConversionTest`2.<>c__DisplayClass4_0.<Test>b__1() in /app/osu.Game/Tests/Beatmaps/BeatmapConversionTest.cs:line 77
   at NUnit.Framework.Assert.Multiple(TestDelegate testDelegate)
   at osu.Game.Tests.Beatmaps.BeatmapConversionTest`2.Test(String name, Type[] mods) in /app/osu.Game/Tests/Beatmaps/BeatmapConversionTest.cs:line 50
   at osu.Game.Rulesets.Catch.Tests.CatchBeatmapConversionTest.Test(String name, Type[] mods) in /app/osu.Game.Rulesets.Catch.Tests/CatchBeatmapConversionTest.cs:line 58
   at InvokeStub_CatchBeatmapConversionTest.Test(Object, Span`1)

23)    at osu.Game.Tests.Beatmaps.BeatmapConversionTest`2.<>c__DisplayClass4_1.<Test>b__2() in /app/osu.Game/Tests/Beatmaps/BeatmapConversionTest.cs:line 98
   at NUnit.Framework.Assert.Multiple(TestDelegate testDelegate)
   at osu.Game.Tests.Beatmaps.BeatmapConversionTest`2.<>c__DisplayClass4_0.<Test>b__1() in /app/osu.Game/Tests/Beatmaps/BeatmapConversionTest.cs:line 77
   at NUnit.Framework.Assert.Multiple(TestDelegate testDelegate)
   at osu.Game.Tests.Beatmaps.BeatmapConversionTest`2.Test(String name, Type[] mods) in /app/osu.Game/Tests/Beatmaps/BeatmapConversionTest.cs:line 50
   at osu.Game.Rulesets.Catch.Tests.CatchBeatmapConversionTest.Test(String name, Type[] mods) in /app/osu.Game.Rulesets.Catch.Tests/CatchBeatmapConversionTest.cs:line 58
   at InvokeStub_CatchBeatmapConversionTest.Test(Object, Span`1)

24)    at osu.Game.Tests.Beatmaps.BeatmapConversionTest`2.<>c__DisplayClass4_1.<Test>b__2() in /app/osu.Game/Tests/Beatmaps/BeatmapConversionTest.cs:line 98
   at NUnit.Framework.Assert.Multiple(TestDelegate testDelegate)
   at osu.Game.Tests.Beatmaps.BeatmapConversionTest`2.<>c__DisplayClass4_0.<Test>b__1() in /app/osu.Game/Tests/Beatmaps/BeatmapConversionTest.cs:line 77
   at NUnit.Framework.Assert.Multiple(TestDelegate testDelegate)
   at osu.Game.Tests.Beatmaps.BeatmapConversionTest`2.Test(String name, Type[] mods) in /app/osu.Game/Tests/Beatmaps/BeatmapConversionTest.cs:line 50
   at osu.Game.Rulesets.Catch.Tests.CatchBeatmapConversionTest.Test(String name, Type[] mods) in /app/osu.Game.Rulesets.Catch.Tests/CatchBeatmapConversionTest.cs:line 58
   at InvokeStub_CatchBeatmapConversionTest.Test(Object, Span`1)

25)    at osu.Game.Tests.Beatmaps.BeatmapConversionTest`2.<>c__DisplayClass4_1.<Test>b__2() in /app/osu.Game/Tests/Beatmaps/BeatmapConversionTest.cs:line 98
   at NUnit.Framework.Assert.Multiple(TestDelegate testDelegate)
   at osu.Game.Tests.Beatmaps.BeatmapConversionTest`2.<>c__DisplayClass4_0.<Test>b__1() in /app/osu.Game/Tests/Beatmaps/BeatmapConversionTest.cs:line 77
   at NUnit.Framework.Assert.Multiple(TestDelegate testDelegate)
   at osu.Game.Tests.Beatmaps.BeatmapConversionTest`2.Test(String name, Type[] mods) in /app/osu.Game/Tests/Beatmaps/BeatmapConversionTest.cs:line 50
   at osu.Game.Rulesets.Catch.Tests.CatchBeatmapConversionTest.Test(String name, Type[] mods) in /app/osu.Game.Rulesets.Catch.Tests/CatchBeatmapConversionTest.cs:line 58
   at InvokeStub_CatchBeatmapConversionTest.Test(Object, Span`1)

26)    at osu.Game.Tests.Beatmaps.BeatmapConversionTest`2.<>c__DisplayClass4_1.<Test>b__2() in /app/osu.Game/Tests/Beatmaps/BeatmapConversionTest.cs:line 98
   at NUnit.Framework.Assert.Multiple(TestDelegate testDelegate)
   at osu.Game.Tests.Beatmaps.BeatmapConversionTest`2.<>c__DisplayClass4_0.<Test>b__1() in /app/osu.Game/Tests/Beatmaps/BeatmapConversionTest.cs:line 77
   at NUnit.Framework.Assert.Multiple(TestDelegate testDelegate)
   at osu.Game.Tests.Beatmaps.BeatmapConversionTest`2.Test(String name, Type[] mods) in /app/osu.Game/Tests/Beatmaps/BeatmapConversionTest.cs:line 50
   at osu.Game.Rulesets.Catch.Tests.CatchBeatmapConversionTest.Test(String name, Type[] mods) in /app/osu.Game.Rulesets.Catch.Tests/CatchBeatmapConversionTest.cs:line 58
   at InvokeStub_CatchBeatmapConversionTest.Test(Object, Span`1)


  Standard Output Messages:
 [runtime] 2026-01-31 19:29:12 [verbose]: Failed to process line "Mode: 0" into "Unknown - Unknown (Unknown Creator) [Normal]": Ruleset is not available locally.


  Failed Test("3227428",[osu.Game.Rulesets.Catch.Mods.CatchModHardRock, osu.Game.Rulesets.Catch.Mods.CatchModHidden]) [303 ms]
  Error Message:
   Multiple failures or warnings in test:
  1) The conversion generated differing hitobjects for object at time: 9226:
Expected: {"StartTime":9226.0,"Position":275.0,"HyperDash":false}
Received: {"StartTime":9226.0,"Position":134.0,"HyperDash":false}

  2) The conversion generated differing hitobjects for object at time: 14681:
Expected: {"StartTime":14681.0,"Position":71.0,"HyperDash":false}
Received: {"StartTime":14681.0,"Position":35.973717,"HyperDash":false}

  3) The conversion generated differing hitobjects for object at time: 18772:
Expected: {"StartTime":18772.0,"Position":293.0,"HyperDash":false}
Received: {"StartTime":18772.0,"Position":280.28738,"HyperDash":false}

  4) The conversion generated differing hitobjects for object at time: 22522:
Expected: {"StartTime":22522.0,"Position":337.0,"HyperDash":false}
Received: {"StartTime":22522.0,"Position":322.0,"HyperDash":false}

  5) The conversion generated differing hitobjects for object at time: 25931:
Expected: {"StartTime":25931.0,"Position":302.0,"HyperDash":false}
Received: {"StartTime":25931.0,"Position":298.10788,"HyperDash":false}

  6) The conversion generated differing hitobjects for object at time: 31044:
Expected: {"StartTime":31044.0,"Position":202.0,"HyperDash":false}
Received: {"StartTime":31044.0,"Position":19.0,"HyperDash":false}

  7) The conversion generated differing hitobjects for object at time: 36499:
Expected: {"StartTime":36499.0,"Position":362.0,"HyperDash":false}
Received: {"StartTime":36499.0,"Position":285.90033,"HyperDash":false}

  8) The conversion generated differing hitobjects for object at time: 52181:
Expected: {"StartTime":52181.0,"Position":339.0,"HyperDash":false}
Received: {"StartTime":52181.0,"Position":427.8977,"HyperDash":false}

  9) The conversion generated differing hitobjects for object at time: 52862:
Expected: {"StartTime":52862.0,"Position":347.0,"HyperDash":false}
Received: {"StartTime":52862.0,"Position":258.1023,"HyperDash":false}

  10) The conversion generated differing hitobjects for object at time: 54908:
Expected: {"StartTime":54908.0,"Position":343.0,"HyperDash":false}
Received: {"StartTime":54908.0,"Position":433.0,"HyperDash":false}

  11) The conversion generated differing hitobjects for object at time: 56953:
Expected: {"StartTime":56953.0,"Position":187.0,"HyperDash":false}
Received: {"StartTime":56953.0,"Position":95.892365,"HyperDash":false}

  12) The conversion generated differing hitobjects for object at time: 58317:
Expected: {"StartTime":58317.0,"Position":149.0,"HyperDash":false}
Received: {"StartTime":58317.0,"Position":210.98146,"HyperDash":false}

  13) The conversion generated differing hitobjects for object at time: 62408:
Expected: {"StartTime":62408.0,"Position":368.0,"HyperDash":false}
Received: {"StartTime":62408.0,"Position":445.35706,"HyperDash":false}

  14) The conversion generated differing hitobjects for object at time: 66158:
Expected: {"StartTime":66158.0,"Position":212.0,"HyperDash":false}
Received: {"StartTime":66158.0,"Position":300.0,"HyperDash":false}

  15) The conversion generated differing hitobjects for object at time: 73999:
Expected: {"StartTime":73999.0,"Position":368.0,"HyperDash":false}
Received: {"StartTime":73999.0,"Position":306.26517,"HyperDash":false}

  16) The conversion generated differing hitobjects for object at time: 74681:
Expected: {"StartTime":74681.0,"Position":2.0,"HyperDash":false}
Received: {"StartTime":74681.0,"Position":63.734833,"HyperDash":false}

  17) The conversion generated differing hitobjects for object at time: 76726:
Expected: {"StartTime":76726.0,"Position":185.0,"HyperDash":false}
Received: {"StartTime":76726.0,"Position":262.0,"HyperDash":false}

  18) The conversion generated differing hitobjects for object at time: 78772:
Expected: {"StartTime":78772.0,"Position":461.0,"HyperDash":false}
Received: {"StartTime":78772.0,"Position":476.17145,"HyperDash":false}

  19) The conversion generated differing hitobjects for object at time: 80135:
Expected: {"StartTime":80135.0,"Position":330.0,"HyperDash":false}
Received: {"StartTime":80135.0,"Position":241.50656,"HyperDash":false}


  Stack Trace:
     at osu.Game.Tests.Beatmaps.BeatmapConversionTest`2.Test(String name, Type[] mods) in /app/osu.Game/Tests/Beatmaps/BeatmapConversionTest.cs:line 50
   at osu.Game.Rulesets.Catch.Tests.CatchBeatmapConversionTest.Test(String name, Type[] mods) in /app/osu.Game.Rulesets.Catch.Tests/CatchBeatmapConversionTest.cs:line 58
   at InvokeStub_CatchBeatmapConversionTest.Test(Object, Span`1)

1)    at osu.Game.Tests.Beatmaps.BeatmapConversionTest`2.<>c__DisplayClass4_1.<Test>b__2() in /app/osu.Game/Tests/Beatmaps/BeatmapConversionTest.cs:line 98
   at NUnit.Framework.Assert.Multiple(TestDelegate testDelegate)
   at osu.Game.Tests.Beatmaps.BeatmapConversionTest`2.<>c__DisplayClass4_0.<Test>b__1() in /app/osu.Game/Tests/Beatmaps/BeatmapConversionTest.cs:line 77
   at NUnit.Framework.Assert.Multiple(TestDelegate testDelegate)
   at osu.Game.Tests.Beatmaps.BeatmapConversionTest`2.Test(String name, Type[] mods) in /app/osu.Game/Tests/Beatmaps/BeatmapConversionTest.cs:line 50
   at osu.Game.Rulesets.Catch.Tests.CatchBeatmapConversionTest.Test(String name, Type[] mods) in /app/osu.Game.Rulesets.Catch.Tests/CatchBeatmapConversionTest.cs:line 58
   at InvokeStub_CatchBeatmapConversionTest.Test(Object, Span`1)

2)    at osu.Game.Tests.Beatmaps.BeatmapConversionTest`2.<>c__DisplayClass4_1.<Test>b__2() in /app/osu.Game/Tests/Beatmaps/BeatmapConversionTest.cs:line 98
   at NUnit.Framework.Assert.Multiple(TestDelegate testDelegate)
   at osu.Game.Tests.Beatmaps.BeatmapConversionTest`2.<>c__DisplayClass4_0.<Test>b__1() in /app/osu.Game/Tests/Beatmaps/BeatmapConversionTest.cs:line 77
   at NUnit.Framework.Assert.Multiple(TestDelegate testDelegate)
   at osu.Game.Tests.Beatmaps.BeatmapConversionTest`2.Test(String name, Type[] mods) in /app/osu.Game/Tests/Beatmaps/BeatmapConversionTest.cs:line 50
   at osu.Game.Rulesets.Catch.Tests.CatchBeatmapConversionTest.Test(String name, Type[] mods) in /app/osu.Game.Rulesets.Catch.Tests/CatchBeatmapConversionTest.cs:line 58
   at InvokeStub_CatchBeatmapConversionTest.Test(Object, Span`1)

3)    at osu.Game.Tests.Beatmaps.BeatmapConversionTest`2.<>c__DisplayClass4_1.<Test>b__2() in /app/osu.Game/Tests/Beatmaps/BeatmapConversionTest.cs:line 98
   at NUnit.Framework.Assert.Multiple(TestDelegate testDelegate)
   at osu.Game.Tests.Beatmaps.BeatmapConversionTest`2.<>c__DisplayClass4_0.<Test>b__1() in /app/osu.Game/Tests/Beatmaps/BeatmapConversionTest.cs:line 77
   at NUnit.Framework.Assert.Multiple(TestDelegate testDelegate)
   at osu.Game.Tests.Beatmaps.BeatmapConversionTest`2.Test(String name, Type[] mods) in /app/osu.Game/Tests/Beatmaps/BeatmapConversionTest.cs:line 50
   at osu.Game.Rulesets.Catch.Tests.CatchBeatmapConversionTest.Test(String name, Type[] mods) in /app/osu.Game.Rulesets.Catch.Tests/CatchBeatmapConversionTest.cs:line 58
   at InvokeStub_CatchBeatmapConversionTest.Test(Object, Span`1)

4)    at osu.Game.Tests.Beatmaps.BeatmapConversionTest`2.<>c__DisplayClass4_1.<Test>b__2() in /app/osu.Game/Tests/Beatmaps/BeatmapConversionTest.cs:line 98
   at NUnit.Framework.Assert.Multiple(TestDelegate testDelegate)
   at osu.Game.Tests.Beatmaps.BeatmapConversionTest`2.<>c__DisplayClass4_0.<Test>b__1() in /app/osu.Game/Tests/Beatmaps/BeatmapConversionTest.cs:line 77
   at NUnit.Framework.Assert.Multiple(TestDelegate testDelegate)
   at osu.Game.Tests.Beatmaps.BeatmapConversionTest`2.Test(String name, Type[] mods) in /app/osu.Game/Tests/Beatmaps/BeatmapConversionTest.cs:line 50
   at osu.Game.Rulesets.Catch.Tests.CatchBeatmapConversionTest.Test(String name, Type[] mods) in /app/osu.Game.Rulesets.Catch.Tests/CatchBeatmapConversionTest.cs:line 58
   at InvokeStub_CatchBeatmapConversionTest.Test(Object, Span`1)

5)    at osu.Game.Tests.Beatmaps.BeatmapConversionTest`2.<>c__DisplayClass4_1.<Test>b__2() in /app/osu.Game/Tests/Beatmaps/BeatmapConversionTest.cs:line 98
   at NUnit.Framework.Assert.Multiple(TestDelegate testDelegate)
   at osu.Game.Tests.Beatmaps.BeatmapConversionTest`2.<>c__DisplayClass4_0.<Test>b__1() in /app/osu.Game/Tests/Beatmaps/BeatmapConversionTest.cs:line 77
   at NUnit.Framework.Assert.Multiple(TestDelegate testDelegate)
   at osu.Game.Tests.Beatmaps.BeatmapConversionTest`2.Test(String name, Type[] mods) in /app/osu.Game/Tests/Beatmaps/BeatmapConversionTest.cs:line 50
   at osu.Game.Rulesets.Catch.Tests.CatchBeatmapConversionTest.Test(String name, Type[] mods) in /app/osu.Game.Rulesets.Catch.Tests/CatchBeatmapConversionTest.cs:line 58
   at InvokeStub_CatchBeatmapConversionTest.Test(Object, Span`1)

6)    at osu.Game.Tests.Beatmaps.BeatmapConversionTest`2.<>c__DisplayClass4_1.<Test>b__2() in /app/osu.Game/Tests/Beatmaps/BeatmapConversionTest.cs:line 98
   at NUnit.Framework.Assert.Multiple(TestDelegate testDelegate)
   at osu.Game.Tests.Beatmaps.BeatmapConversionTest`2.<>c__DisplayClass4_0.<Test>b__1() in /app/osu.Game/Tests/Beatmaps/BeatmapConversionTest.cs:line 77
   at NUnit.Framework.Assert.Multiple(TestDelegate testDelegate)
   at osu.Game.Tests.Beatmaps.BeatmapConversionTest`2.Test(String name, Type[] mods) in /app/osu.Game/Tests/Beatmaps/BeatmapConversionTest.cs:line 50
   at osu.Game.Rulesets.Catch.Tests.CatchBeatmapConversionTest.Test(String name, Type[] mods) in /app/osu.Game.Rulesets.Catch.Tests/CatchBeatmapConversionTest.cs:line 58
   at InvokeStub_CatchBeatmapConversionTest.Test(Object, Span`1)

7)    at osu.Game.Tests.Beatmaps.BeatmapConversionTest`2.<>c__DisplayClass4_1.<Test>b__2() in /app/osu.Game/Tests/Beatmaps/BeatmapConversionTest.cs:line 98
   at NUnit.Framework.Assert.Multiple(TestDelegate testDelegate)
   at osu.Game.Tests.Beatmaps.BeatmapConversionTest`2.<>c__DisplayClass4_0.<Test>b__1() in /app/osu.Game/Tests/Beatmaps/BeatmapConversionTest.cs:line 77
   at NUnit.Framework.Assert.Multiple(TestDelegate testDelegate)
   at osu.Game.Tests.Beatmaps.BeatmapConversionTest`2.Test(String name, Type[] mods) in /app/osu.Game/Tests/Beatmaps/BeatmapConversionTest.cs:line 50
   at osu.Game.Rulesets.Catch.Tests.CatchBeatmapConversionTest.Test(String name, Type[] mods) in /app/osu.Game.Rulesets.Catch.Tests/CatchBeatmapConversionTest.cs:line 58
   at InvokeStub_CatchBeatmapConversionTest.Test(Object, Span`1)

8)    at osu.Game.Tests.Beatmaps.BeatmapConversionTest`2.<>c__DisplayClass4_1.<Test>b__2() in /app/osu.Game/Tests/Beatmaps/BeatmapConversionTest.cs:line 98
   at NUnit.Framework.Assert.Multiple(TestDelegate testDelegate)
   at osu.Game.Tests.Beatmaps.BeatmapConversionTest`2.<>c__DisplayClass4_0.<Test>b__1() in /app/osu.Game/Tests/Beatmaps/BeatmapConversionTest.cs:line 77
   at NUnit.Framework.Assert.Multiple(TestDelegate testDelegate)
   at osu.Game.Tests.Beatmaps.BeatmapConversionTest`2.Test(String name, Type[] mods) in /app/osu.Game/Tests/Beatmaps/BeatmapConversionTest.cs:line 50
   at osu.Game.Rulesets.Catch.Tests.CatchBeatmapConversionTest.Test(String name, Type[] mods) in /app/osu.Game.Rulesets.Catch.Tests/CatchBeatmapConversionTest.cs:line 58
   at InvokeStub_CatchBeatmapConversionTest.Test(Object, Span`1)

9)    at osu.Game.Tests.Beatmaps.BeatmapConversionTest`2.<>c__DisplayClass4_1.<Test>b__2() in /app/osu.Game/Tests/Beatmaps/BeatmapConversionTest.cs:line 98
   at NUnit.Framework.Assert.Multiple(TestDelegate testDelegate)
   at osu.Game.Tests.Beatmaps.BeatmapConversionTest`2.<>c__DisplayClass4_0.<Test>b__1() in /app/osu.Game/Tests/Beatmaps/BeatmapConversionTest.cs:line 77
   at NUnit.Framework.Assert.Multiple(TestDelegate testDelegate)
   at osu.Game.Tests.Beatmaps.BeatmapConversionTest`2.Test(String name, Type[] mods) in /app/osu.Game/Tests/Beatmaps/BeatmapConversionTest.cs:line 50
   at osu.Game.Rulesets.Catch.Tests.CatchBeatmapConversionTest.Test(String name, Type[] mods) in /app/osu.Game.Rulesets.Catch.Tests/CatchBeatmapConversionTest.cs:line 58
   at InvokeStub_CatchBeatmapConversionTest.Test(Object, Span`1)

10)    at osu.Game.Tests.Beatmaps.BeatmapConversionTest`2.<>c__DisplayClass4_1.<Test>b__2() in /app/osu.Game/Tests/Beatmaps/BeatmapConversionTest.cs:line 98
   at NUnit.Framework.Assert.Multiple(TestDelegate testDelegate)
   at osu.Game.Tests.Beatmaps.BeatmapConversionTest`2.<>c__DisplayClass4_0.<Test>b__1() in /app/osu.Game/Tests/Beatmaps/BeatmapConversionTest.cs:line 77
   at NUnit.Framework.Assert.Multiple(TestDelegate testDelegate)
   at osu.Game.Tests.Beatmaps.BeatmapConversionTest`2.Test(String name, Type[] mods) in /app/osu.Game/Tests/Beatmaps/BeatmapConversionTest.cs:line 50
   at osu.Game.Rulesets.Catch.Tests.CatchBeatmapConversionTest.Test(String name, Type[] mods) in /app/osu.Game.Rulesets.Catch.Tests/CatchBeatmapConversionTest.cs:line 58
   at InvokeStub_CatchBeatmapConversionTest.Test(Object, Span`1)

11)    at osu.Game.Tests.Beatmaps.BeatmapConversionTest`2.<>c__DisplayClass4_1.<Test>b__2() in /app/osu.Game/Tests/Beatmaps/BeatmapConversionTest.cs:line 98
   at NUnit.Framework.Assert.Multiple(TestDelegate testDelegate)
   at osu.Game.Tests.Beatmaps.BeatmapConversionTest`2.<>c__DisplayClass4_0.<Test>b__1() in /app/osu.Game/Tests/Beatmaps/BeatmapConversionTest.cs:line 77
   at NUnit.Framework.Assert.Multiple(TestDelegate testDelegate)
   at osu.Game.Tests.Beatmaps.BeatmapConversionTest`2.Test(String name, Type[] mods) in /app/osu.Game/Tests/Beatmaps/BeatmapConversionTest.cs:line 50
   at osu.Game.Rulesets.Catch.Tests.CatchBeatmapConversionTest.Test(String name, Type[] mods) in /app/osu.Game.Rulesets.Catch.Tests/CatchBeatmapConversionTest.cs:line 58
   at InvokeStub_CatchBeatmapConversionTest.Test(Object, Span`1)

12)    at osu.Game.Tests.Beatmaps.BeatmapConversionTest`2.<>c__DisplayClass4_1.<Test>b__2() in /app/osu.Game/Tests/Beatmaps/BeatmapConversionTest.cs:line 98
   at NUnit.Framework.Assert.Multiple(TestDelegate testDelegate)
   at osu.Game.Tests.Beatmaps.BeatmapConversionTest`2.<>c__DisplayClass4_0.<Test>b__1() in /app/osu.Game/Tests/Beatmaps/BeatmapConversionTest.cs:line 77
   at NUnit.Framework.Assert.Multiple(TestDelegate testDelegate)
   at osu.Game.Tests.Beatmaps.BeatmapConversionTest`2.Test(String name, Type[] mods) in /app/osu.Game/Tests/Beatmaps/BeatmapConversionTest.cs:line 50
   at osu.Game.Rulesets.Catch.Tests.CatchBeatmapConversionTest.Test(String name, Type[] mods) in /app/osu.Game.Rulesets.Catch.Tests/CatchBeatmapConversionTest.cs:line 58
   at InvokeStub_CatchBeatmapConversionTest.Test(Object, Span`1)

13)    at osu.Game.Tests.Beatmaps.BeatmapConversionTest`2.<>c__DisplayClass4_1.<Test>b__2() in /app/osu.Game/Tests/Beatmaps/BeatmapConversionTest.cs:line 98
   at NUnit.Framework.Assert.Multiple(TestDelegate testDelegate)
   at osu.Game.Tests.Beatmaps.BeatmapConversionTest`2.<>c__DisplayClass4_0.<Test>b__1() in /app/osu.Game/Tests/Beatmaps/BeatmapConversionTest.cs:line 77
   at NUnit.Framework.Assert.Multiple(TestDelegate testDelegate)
   at osu.Game.Tests.Beatmaps.BeatmapConversionTest`2.Test(String name, Type[] mods) in /app/osu.Game/Tests/Beatmaps/BeatmapConversionTest.cs:line 50
   at osu.Game.Rulesets.Catch.Tests.CatchBeatmapConversionTest.Test(String name, Type[] mods) in /app/osu.Game.Rulesets.Catch.Tests/CatchBeatmapConversionTest.cs:line 58
   at InvokeStub_CatchBeatmapConversionTest.Test(Object, Span`1)

14)    at osu.Game.Tests.Beatmaps.BeatmapConversionTest`2.<>c__DisplayClass4_1.<Test>b__2() in /app/osu.Game/Tests/Beatmaps/BeatmapConversionTest.cs:line 98
   at NUnit.Framework.Assert.Multiple(TestDelegate testDelegate)
   at osu.Game.Tests.Beatmaps.BeatmapConversionTest`2.<>c__DisplayClass4_0.<Test>b__1() in /app/osu.Game/Tests/Beatmaps/BeatmapConversionTest.cs:line 77
   at NUnit.Framework.Assert.Multiple(TestDelegate testDelegate)
   at osu.Game.Tests.Beatmaps.BeatmapConversionTest`2.Test(String name, Type[] mods) in /app/osu.Game/Tests/Beatmaps/BeatmapConversionTest.cs:line 50
   at osu.Game.Rulesets.Catch.Tests.CatchBeatmapConversionTest.Test(String name, Type[] mods) in /app/osu.Game.Rulesets.Catch.Tests/CatchBeatmapConversionTest.cs:line 58
   at InvokeStub_CatchBeatmapConversionTest.Test(Object, Span`1)

15)    at osu.Game.Tests.Beatmaps.BeatmapConversionTest`2.<>c__DisplayClass4_1.<Test>b__2() in /app/osu.Game/Tests/Beatmaps/BeatmapConversionTest.cs:line 98
   at NUnit.Framework.Assert.Multiple(TestDelegate testDelegate)
   at osu.Game.Tests.Beatmaps.BeatmapConversionTest`2.<>c__DisplayClass4_0.<Test>b__1() in /app/osu.Game/Tests/Beatmaps/BeatmapConversionTest.cs:line 77
   at NUnit.Framework.Assert.Multiple(TestDelegate testDelegate)
   at osu.Game.Tests.Beatmaps.BeatmapConversionTest`2.Test(String name, Type[] mods) in /app/osu.Game/Tests/Beatmaps/BeatmapConversionTest.cs:line 50
   at osu.Game.Rulesets.Catch.Tests.CatchBeatmapConversionTest.Test(String name, Type[] mods) in /app/osu.Game.Rulesets.Catch.Tests/CatchBeatmapConversionTest.cs:line 58
   at InvokeStub_CatchBeatmapConversionTest.Test(Object, Span`1)

16)    at osu.Game.Tests.Beatmaps.BeatmapConversionTest`2.<>c__DisplayClass4_1.<Test>b__2() in /app/osu.Game/Tests/Beatmaps/BeatmapConversionTest.cs:line 98
   at NUnit.Framework.Assert.Multiple(TestDelegate testDelegate)
   at osu.Game.Tests.Beatmaps.BeatmapConversionTest`2.<>c__DisplayClass4_0.<Test>b__1() in /app/osu.Game/Tests/Beatmaps/BeatmapConversionTest.cs:line 77
   at NUnit.Framework.Assert.Multiple(TestDelegate testDelegate)
   at osu.Game.Tests.Beatmaps.BeatmapConversionTest`2.Test(String name, Type[] mods) in /app/osu.Game/Tests/Beatmaps/BeatmapConversionTest.cs:line 50
   at osu.Game.Rulesets.Catch.Tests.CatchBeatmapConversionTest.Test(String name, Type[] mods) in /app/osu.Game.Rulesets.Catch.Tests/CatchBeatmapConversionTest.cs:line 58
   at InvokeStub_CatchBeatmapConversionTest.Test(Object, Span`1)

17)    at osu.Game.Tests.Beatmaps.BeatmapConversionTest`2.<>c__DisplayClass4_1.<Test>b__2() in /app/osu.Game/Tests/Beatmaps/BeatmapConversionTest.cs:line 98
   at NUnit.Framework.Assert.Multiple(TestDelegate testDelegate)
   at osu.Game.Tests.Beatmaps.BeatmapConversionTest`2.<>c__DisplayClass4_0.<Test>b__1() in /app/osu.Game/Tests/Beatmaps/BeatmapConversionTest.cs:line 77
   at NUnit.Framework.Assert.Multiple(TestDelegate testDelegate)
   at osu.Game.Tests.Beatmaps.BeatmapConversionTest`2.Test(String name, Type[] mods) in /app/osu.Game/Tests/Beatmaps/BeatmapConversionTest.cs:line 50
   at osu.Game.Rulesets.Catch.Tests.CatchBeatmapConversionTest.Test(String name, Type[] mods) in /app/osu.Game.Rulesets.Catch.Tests/CatchBeatmapConversionTest.cs:line 58
   at InvokeStub_CatchBeatmapConversionTest.Test(Object, Span`1)

18)    at osu.Game.Tests.Beatmaps.BeatmapConversionTest`2.<>c__DisplayClass4_1.<Test>b__2() in /app/osu.Game/Tests/Beatmaps/BeatmapConversionTest.cs:line 98
   at NUnit.Framework.Assert.Multiple(TestDelegate testDelegate)
   at osu.Game.Tests.Beatmaps.BeatmapConversionTest`2.<>c__DisplayClass4_0.<Test>b__1() in /app/osu.Game/Tests/Beatmaps/BeatmapConversionTest.cs:line 77
   at NUnit.Framework.Assert.Multiple(TestDelegate testDelegate)
   at osu.Game.Tests.Beatmaps.BeatmapConversionTest`2.Test(String name, Type[] mods) in /app/osu.Game/Tests/Beatmaps/BeatmapConversionTest.cs:line 50
   at osu.Game.Rulesets.Catch.Tests.CatchBeatmapConversionTest.Test(String name, Type[] mods) in /app/osu.Game.Rulesets.Catch.Tests/CatchBeatmapConversionTest.cs:line 58
   at InvokeStub_CatchBeatmapConversionTest.Test(Object, Span`1)

19)    at osu.Game.Tests.Beatmaps.BeatmapConversionTest`2.<>c__DisplayClass4_1.<Test>b__2() in /app/osu.Game/Tests/Beatmaps/BeatmapConversionTest.cs:line 98
   at NUnit.Framework.Assert.Multiple(TestDelegate testDelegate)
   at osu.Game.Tests.Beatmaps.BeatmapConversionTest`2.<>c__DisplayClass4_0.<Test>b__1() in /app/osu.Game/Tests/Beatmaps/BeatmapConversionTest.cs:line 77
   at NUnit.Framework.Assert.Multiple(TestDelegate testDelegate)
   at osu.Game.Tests.Beatmaps.BeatmapConversionTest`2.Test(String name, Type[] mods) in /app/osu.Game/Tests/Beatmaps/BeatmapConversionTest.cs:line 50
   at osu.Game.Rulesets.Catch.Tests.CatchBeatmapConversionTest.Test(String name, Type[] mods) in /app/osu.Game.Rulesets.Catch.Tests/CatchBeatmapConversionTest.cs:line 58
   at InvokeStub_CatchBeatmapConversionTest.Test(Object, Span`1)


  Standard Output Messages:
 [runtime] 2026-01-31 19:29:13 [verbose]: Failed to process line "Mode: 0" into "Unknown - Unknown (Unknown Creator) [Normal]": Ruleset is not available locally.


  Failed Test("1041052",[osu.Game.Rulesets.Catch.Mods.CatchModHardRock]) [254 ms]
  Error Message:
   Multiple failures or warnings in test:
  1) The conversion generated differing hitobjects for object at time: 2122:
Expected: {"StartTime":2122.0,"Position":275.0,"HyperDash":false}
Received: {"StartTime":2122.0,"Position":265.0,"HyperDash":false}

  2) The conversion generated differing hitobjects for object at time: 2509:
Expected: {"StartTime":2509.0,"Position":269.0,"HyperDash":false}
Received: {"StartTime":2509.0,"Position":279.0,"HyperDash":false}

  3) The conversion generated differing hitobjects for object at time: 5800:
Expected: {"StartTime":5800.0,"Position":352.0,"HyperDash":false}
Received: {"StartTime":5800.0,"Position":192.0,"HyperDash":false}

  4) The conversion generated differing hitobjects for object at time: 5993:
Expected: {"StartTime":5993.0,"Position":240.0,"HyperDash":false}
Received: {"StartTime":5993.0,"Position":288.0,"HyperDash":false}

  5) The conversion generated differing hitobjects for object at time: 6187:
Expected: {"StartTime":6187.0,"Position":336.0,"HyperDash":false}
Received: {"StartTime":6187.0,"Position":274.0,"HyperDash":false}

  6) The conversion generated differing hitobjects for object at time: 6574:
Expected: {"StartTime":6864.0,"Position":344.5659,"HyperDash":false}
Received: {"StartTime":6864.548387096774,"Position":331.5,"HyperDash":false}

  7) The conversion generated differing hitobjects for object at time: 6574:
Expected: {"StartTime":7057.0,"Position":279.6977,"HyperDash":false}
Received: {"StartTime":7057.596774193548,"Position":305.5,"HyperDash":false}

  8) The conversion generated differing hitobjects for object at time: 6574:
Expected: {"StartTime":7233.0,"Position":259.31006,"HyperDash":false}
Received: {"StartTime":7233.645161290322,"Position":235.243,"HyperDash":false}

  9) The conversion generated differing hitobjects for object at time: 8122:
Expected: {"StartTime":8218.0,"Position":475.69766,"HyperDash":false}
Received: {"StartTime":8218.5,"Position":446.5,"HyperDash":false}

  10) The conversion generated differing hitobjects for object at time: 8122:
Expected: {"StartTime":8394.0,"Position":399.3101,"HyperDash":false}
Received: {"StartTime":8394.548387096775,"Position":412.243,"HyperDash":false}

  11) The conversion generated differing hitobjects for object at time: 8896:
Expected: {"StartTime":8992.0,"Position":444.67587,"HyperDash":false}
Received: {"StartTime":8992.5,"Position":435.5,"HyperDash":false}

  12) The conversion generated differing hitobjects for object at time: 8896:
Expected: {"StartTime":9186.0,"Position":384.5,"HyperDash":false}
Received: {"StartTime":9186.548387096775,"Position":377.5,"HyperDash":false}

  13) The conversion generated differing hitobjects for object at time: 8896:
Expected: {"StartTime":9361.0,"Position":330.3362,"HyperDash":false}
Received: {"StartTime":9361.596774193547,"Position":348.24298,"HyperDash":false}

  14) The conversion generated differing hitobjects for object at time: 10058:
Expected: {"StartTime":10058.0,"Position":400.0,"HyperDash":false}
Received: {"StartTime":10058.0,"Position":496.0,"HyperDash":false}

  15) The conversion generated differing hitobjects for object at time: 10445:
Expected: {"StartTime":10541.0,"Position":277.69766,"HyperDash":false}
Received: {"StartTime":10541.5,"Position":264.5,"HyperDash":false}

  16) The conversion generated differing hitobjects for object at time: 10445:
Expected: {"StartTime":10928.0,"Position":208.30232,"HyperDash":false}
Received: {"StartTime":10928.596774193547,"Position":240.5,"HyperDash":false}

  17) The conversion generated differing hitobjects for object at time: 10445:
Expected: {"StartTime":11104.0,"Position":286.6899,"HyperDash":false}
Received: {"StartTime":11104.645161290322,"Position":273.757,"HyperDash":false}

  18) The conversion generated differing hitobjects for object at time: 11606:
Expected: {"StartTime":11606.0,"Position":400.0,"HyperDash":false}
Received: {"StartTime":11606.0,"Position":496.0,"HyperDash":false}

  19) The conversion generated differing hitobjects for object at time: 11993:
Expected: {"StartTime":12089.0,"Position":231.67586,"HyperDash":false}
Received: {"StartTime":12089.5,"Position":208.5,"HyperDash":false}

  20) The conversion generated differing hitobjects for object at time: 11993:
Expected: {"StartTime":12283.0,"Position":156.5,"HyperDash":false}
Received: {"StartTime":12283.548387096775,"Position":182.5,"HyperDash":false}

  21) The conversion generated differing hitobjects for object at time: 11993:
Expected: {"StartTime":12458.0,"Position":136.33621,"HyperDash":false}
Received: {"StartTime":12458.596774193547,"Position":122.243,"HyperDash":false}

  22) The conversion generated differing hitobjects for object at time: 13542:
Expected: {"StartTime":13638.0,"Position":119.913734,"HyperDash":false}
Received: {"StartTime":13638.5,"Position":139.062,"HyperDash":false}

  23) The conversion generated differing hitobjects for object at time: 13542:
Expected: {"StartTime":13832.0,"Position":179.8026,"HyperDash":false}
Received: {"StartTime":13832.548387096775,"Position":183.80084,"HyperDash":false}

  24) The conversion generated differing hitobjects for object at time: 14316:
Expected: {"StartTime":14412.0,"Position":328.32413,"HyperDash":false}
Received: {"StartTime":14412.5,"Position":322.5,"HyperDash":false}

  25) The conversion generated differing hitobjects for object at time: 14316:
Expected: {"StartTime":14781.0,"Position":301.3362,"HyperDash":false}
Received: {"StartTime":14781.596774193547,"Position":307.243,"HyperDash":false}

  26) The conversion generated differing hitobjects for object at time: 15284:
Expected: {"StartTime":15362.0,"Position":187.7823,"HyperDash":false}
Received: {"StartTime":15362.5,"Position":168.7172,"HyperDash":false}

  27) The conversion generated differing hitobjects for object at time: 15864:
Expected: {"StartTime":15864.0,"Position":464.0,"HyperDash":false}
Received: {"StartTime":15864.0,"Position":312.0,"HyperDash":false}

  28) The conversion generated differing hitobjects for object at time: 16638:
Expected: {"StartTime":16734.0,"Position":90.86488,"HyperDash":false}
Received: {"StartTime":16734.5,"Position":120.68318,"HyperDash":false}

  29) The conversion generated differing hitobjects for object at time: 16638:
Expected: {"StartTime":17121.0,"Position":33.071457,"HyperDash":false}
Received: {"StartTime":17121.59677419355,"Position":7.9680405,"HyperDash":false}

  30) The conversion generated differing hitobjects for object at time: 16638:
Expected: {"StartTime":17684.0,"Position":97.97488,"HyperDash":false}
Received: {"StartTime":17684.74193548387,"Position":83.04556,"HyperDash":false}

  31) The conversion generated differing hitobjects for object at time: 18187:
Expected: {"StartTime":18283.0,"Position":231.16502,"HyperDash":false}
Received: {"StartTime":18283.5,"Position":257.34692,"HyperDash":false}

  32) The conversion generated differing hitobjects for object at time: 18187:
Expected: {"StartTime":18477.0,"Position":304.37418,"HyperDash":false}
Received: {"StartTime":18477.548387096773,"Position":277.44186,"HyperDash":false}

  33) The conversion generated differing hitobjects for object at time: 18187:
Expected: {"StartTime":18670.0,"Position":312.8548,"HyperDash":false}
Received: {"StartTime":18670.59677419355,"Position":322.9887,"HyperDash":false}

  34) The conversion generated differing hitobjects for object at time: 18187:
Expected: {"StartTime":18864.0,"Position":328.00735,"HyperDash":false}
Received: {"StartTime":18864.645161290322,"Position":340.9887,"HyperDash":false}

  35) The conversion generated differing hitobjects for object at time: 18187:
Expected: {"StartTime":19057.0,"Position":304.59445,"HyperDash":false}
Received: {"StartTime":19057.693548387095,"Position":313.44186,"HyperDash":false}

  36) The conversion generated differing hitobjects for object at time: 18187:
Expected: {"StartTime":19233.0,"Position":271.06335,"HyperDash":false}
Received: {"StartTime":19233.74193548387,"Position":258.9992,"HyperDash":false}

  37) The conversion generated differing hitobjects for object at time: 19735:
Expected: {"StartTime":19831.0,"Position":136.32414,"HyperDash":false}
Received: {"StartTime":19831.5,"Position":172.5,"HyperDash":false}

  38) The conversion generated differing hitobjects for object at time: 19735:
Expected: {"StartTime":20025.0,"Position":223.5,"HyperDash":false}
Received: {"StartTime":20025.548387096773,"Position":214.5,"HyperDash":false}

  39) The conversion generated differing hitobjects for object at time: 21284:
Expected: {"StartTime":21380.0,"Position":357.32413,"HyperDash":false}
Received: {"StartTime":21380.5,"Position":369.5,"HyperDash":false}

  40) The conversion generated differing hitobjects for object at time: 21284:
Expected: {"StartTime":21574.0,"Position":420.5,"HyperDash":false}
Received: {"StartTime":21574.548387096773,"Position":402.5,"HyperDash":false}

  41) The conversion generated differing hitobjects for object at time: 21284:
Expected: {"StartTime":21749.0,"Position":447.6638,"HyperDash":false}
Received: {"StartTime":21749.59677419355,"Position":455.75702,"HyperDash":false}

  42) The conversion generated differing hitobjects for object at time: 22445:
Expected: {"StartTime":22445.0,"Position":328.0,"HyperDash":false}
Received: {"StartTime":22445.0,"Position":175.0,"HyperDash":false}

  43) The conversion generated differing hitobjects for object at time: 22832:
Expected: {"StartTime":22928.0,"Position":188.67586,"HyperDash":false}
Received: {"StartTime":22928.5,"Position":207.5,"HyperDash":false}

  44) The conversion generated differing hitobjects for object at time: 22832:
Expected: {"StartTime":23122.0,"Position":156.5,"HyperDash":false}
Received: {"StartTime":23122.548387096773,"Position":138.5,"HyperDash":false}

  45) The conversion generated differing hitobjects for object at time: 22832:
Expected: {"StartTime":23297.0,"Position":91.336205,"HyperDash":false}
Received: {"StartTime":23297.59677419355,"Position":108.243,"HyperDash":false}

  46) The conversion generated differing hitobjects for object at time: 23993:
Expected: {"StartTime":23993.0,"Position":224.0,"HyperDash":false}
Received: {"StartTime":23993.0,"Position":377.0,"HyperDash":false}

  47) The conversion generated differing hitobjects for object at time: 24380:
Expected: {"StartTime":24476.0,"Position":127.32414,"HyperDash":false}
Received: {"StartTime":24476.5,"Position":151.5,"HyperDash":false}

  48) The conversion generated differing hitobjects for object at time: 24380:
Expected: {"StartTime":24845.0,"Position":246.66379,"HyperDash":false}
Received: {"StartTime":24845.59677419355,"Position":216.757,"HyperDash":false}

  49) The conversion generated differing hitobjects for object at time: 25929:
Expected: {"StartTime":26025.0,"Position":287.9714,"HyperDash":false}
Received: {"StartTime":26025.5,"Position":269.872,"HyperDash":false}

  50) The conversion generated differing hitobjects for object at time: 25929:
Expected: {"StartTime":26219.0,"Position":253.16406,"HyperDash":false}
Received: {"StartTime":26219.548387096773,"Position":278.1641,"HyperDash":false}

  51) The conversion generated differing hitobjects for object at time: 25929:
Expected: {"StartTime":26394.0,"Position":290.94992,"HyperDash":false}
Received: {"StartTime":26394.59677419355,"Position":286.00388,"HyperDash":false}

  52) The conversion generated differing hitobjects for object at time: 27477:
Expected: {"StartTime":27573.0,"Position":351.69766,"HyperDash":false}
Received: {"StartTime":27573.5,"Position":357.5,"HyperDash":false}

  53) The conversion generated differing hitobjects for object at time: 27477:
Expected: {"StartTime":27749.0,"Position":356.6899,"HyperDash":false}
Received: {"StartTime":27749.548387096773,"Position":370.757,"HyperDash":false}

  54) The conversion generated differing hitobjects for object at time: 28058:
Expected: {"StartTime":28058.0,"Position":432.0,"HyperDash":false}
Received: {"StartTime":28058.0,"Position":480.0,"HyperDash":false}

  55) The conversion generated differing hitobjects for object at time: 28445:
Expected: {"StartTime":28541.0,"Position":305.69766,"HyperDash":false}
Received: {"StartTime":28541.5,"Position":291.5,"HyperDash":false}

  56) The conversion generated differing hitobjects for object at time: 28445:
Expected: {"StartTime":28717.0,"Position":319.6899,"HyperDash":false}
Received: {"StartTime":28717.548387096773,"Position":313.757,"HyperDash":false}

  57) The conversion generated differing hitobjects for object at time: 29025:
Expected: {"StartTime":29297.0,"Position":293.3101,"HyperDash":false}
Received: {"StartTime":29297.548387096773,"Position":323.243,"HyperDash":false}

  58) The conversion generated differing hitobjects for object at time: 29606:
Expected: {"StartTime":29702.0,"Position":206.10342,"HyperDash":false}
Received: {"StartTime":29702.5,"Position":190.93835,"HyperDash":false}

  59) The conversion generated differing hitobjects for object at time: 29606:
Expected: {"StartTime":29896.0,"Position":149.70132,"HyperDash":false}
Received: {"StartTime":29896.548387096773,"Position":158.70132,"HyperDash":false}

  60) The conversion generated differing hitobjects for object at time: 29606:
Expected: {"StartTime":30071.0,"Position":144.12827,"HyperDash":false}
Received: {"StartTime":30071.59677419355,"Position":130.12729,"HyperDash":false}

  61) The conversion generated differing hitobjects for object at time: 30574:
Expected: {"StartTime":30846.0,"Position":351.6899,"HyperDash":false}
Received: {"StartTime":30846.548387096773,"Position":336.757,"HyperDash":false}

  62) The conversion generated differing hitobjects for object at time: 31154:
Expected: {"StartTime":31250.0,"Position":439.37167,"HyperDash":false}
Received: {"StartTime":31250.5,"Position":432.3686,"HyperDash":false}

  63) The conversion generated differing hitobjects for object at time: 31154:
Expected: {"StartTime":31444.0,"Position":417.30557,"HyperDash":false}
Received: {"StartTime":31444.548387096773,"Position":409.30557,"HyperDash":false}

  64) The conversion generated differing hitobjects for object at time: 31154:
Expected: {"StartTime":31619.0,"Position":372.2993,"HyperDash":false}
Received: {"StartTime":31619.59677419355,"Position":365.21152,"HyperDash":false}

  65) The conversion generated differing hitobjects for object at time: 32122:
Expected: {"StartTime":32394.0,"Position":164.27576,"HyperDash":false}
Received: {"StartTime":32394.548387096773,"Position":159.23293,"HyperDash":false}

  66) The conversion generated differing hitobjects for object at time: 33671:
Expected: {"StartTime":33767.0,"Position":297.69766,"HyperDash":false}
Received: {"StartTime":33767.5,"Position":278.5,"HyperDash":false}

  67) The conversion generated differing hitobjects for object at time: 33671:
Expected: {"StartTime":33943.0,"Position":270.6899,"HyperDash":false}
Received: {"StartTime":33943.54838709677,"Position":256.757,"HyperDash":false}

  68) The conversion generated differing hitobjects for object at time: 34251:
Expected: {"StartTime":34347.0,"Position":374.08368,"HyperDash":false}
Received: {"StartTime":34347.5,"Position":361.2176,"HyperDash":false}

  69) The conversion generated differing hitobjects for object at time: 34251:
Expected: {"StartTime":34541.0,"Position":387.81256,"HyperDash":false}
Received: {"StartTime":34541.54838709677,"Position":418.81256,"HyperDash":false}

  70) The conversion generated differing hitobjects for object at time: 34251:
Expected: {"StartTime":34716.0,"Position":417.57837,"HyperDash":false}
Received: {"StartTime":34716.596774193546,"Position":411.5533,"HyperDash":false}

  71) The conversion generated differing hitobjects for object at time: 35219:
Expected: {"StartTime":35315.0,"Position":277.96478,"HyperDash":false}
Received: {"StartTime":35315.5,"Position":264.85513,"HyperDash":false}

  72) The conversion generated differing hitobjects for object at time: 35219:
Expected: {"StartTime":35491.0,"Position":238.23358,"HyperDash":false}
Received: {"StartTime":35491.54838709677,"Position":232.19638,"HyperDash":false}

  73) The conversion generated differing hitobjects for object at time: 35800:
Expected: {"StartTime":36072.0,"Position":326.76642,"HyperDash":false}
Received: {"StartTime":36072.54838709677,"Position":301.80362,"HyperDash":false}

  74) The conversion generated differing hitobjects for object at time: 36380:
Expected: {"StartTime":36380.0,"Position":224.0,"HyperDash":false}
Received: {"StartTime":36380.0,"Position":231.4206,"HyperDash":false}

  75) The conversion generated differing hitobjects for object at time: 36767:
Expected: {"StartTime":36863.0,"Position":148.9648,"HyperDash":false}
Received: {"StartTime":36863.5,"Position":165.85515,"HyperDash":false}

  76) The conversion generated differing hitobjects for object at time: 36767:
Expected: {"StartTime":37039.0,"Position":140.23358,"HyperDash":false}
Received: {"StartTime":37039.54838709677,"Position":152.19638,"HyperDash":false}

  77) The conversion generated differing hitobjects for object at time: 37928:
Expected: {"StartTime":37928.0,"Position":120.0,"HyperDash":false}
Received: {"StartTime":37928.0,"Position":127.42058,"HyperDash":false}

  78) The conversion generated differing hitobjects for object at time: 38316:
Expected: {"StartTime":38412.0,"Position":277.69766,"HyperDash":false}
Received: {"StartTime":38412.5,"Position":273.5,"HyperDash":false}

  79) The conversion generated differing hitobjects for object at time: 39477:
Expected: {"StartTime":39555.0,"Position":292.6114,"HyperDash":false}
Received: {"StartTime":39555.5,"Position":296.757,"HyperDash":false}

  80) The conversion generated differing hitobjects for object at time: 39864:
Expected: {"StartTime":39960.0,"Position":428.05975,"HyperDash":false}
Received: {"StartTime":39960.5,"Position":433.0579,"HyperDash":false}

  81) The conversion generated differing hitobjects for object at time: 39864:
Expected: {"StartTime":40136.0,"Position":432.00925,"HyperDash":false}
Received: {"StartTime":40136.54838709677,"Position":440.01602,"HyperDash":false}

  82) The conversion generated differing hitobjects for object at time: 40445:
Expected: {"StartTime":40445.0,"Position":288.0,"HyperDash":false}
Received: {"StartTime":40445.0,"Position":352.0,"HyperDash":false}

  83) The conversion generated differing hitobjects for object at time: 41025:
Expected: {"StartTime":41025.0,"Position":32.0,"HyperDash":false}
Received: {"StartTime":41025.0,"Position":160.0,"HyperDash":false}

  84) The conversion generated differing hitobjects for object at time: 41413:
Expected: {"StartTime":41509.0,"Position":291.8391,"HyperDash":false}
Received: {"StartTime":41509.5,"Position":267.06686,"HyperDash":false}

  85) The conversion generated differing hitobjects for object at time: 42187:
Expected: {"StartTime":42283.0,"Position":403.2554,"HyperDash":false}
Received: {"StartTime":42283.5,"Position":412.05127,"HyperDash":false}

  86) The conversion generated differing hitobjects for object at time: 42187:
Expected: {"StartTime":42459.0,"Position":365.6506,"HyperDash":false}
Received: {"StartTime":42459.54838709677,"Position":351.58844,"HyperDash":false}

  87) The conversion generated differing hitobjects for object at time: 42961:
Expected: {"StartTime":43444.0,"Position":352.26422,"HyperDash":false}
Received: {"StartTime":43444.596774193546,"Position":347.448,"HyperDash":false}

  88) The conversion generated differing hitobjects for object at time: 42961:
Expected: {"StartTime":43638.0,"Position":371.50928,"HyperDash":false}
Received: {"StartTime":43638.645161290326,"Position":345.448,"HyperDash":false}

  89) The conversion generated differing hitobjects for object at time: 42961:
Expected: {"StartTime":43831.0,"Position":294.55737,"HyperDash":false}
Received: {"StartTime":43831.6935483871,"Position":323.36395,"HyperDash":false}

  90) The conversion generated differing hitobjects for object at time: 44509:
Expected: {"StartTime":44605.0,"Position":140.03485,"HyperDash":false}
Received: {"StartTime":44605.5,"Position":113.9115,"HyperDash":false}

  91) The conversion generated differing hitobjects for object at time: 44509:
Expected: {"StartTime":44799.0,"Position":69.63604,"HyperDash":false}
Received: {"StartTime":44799.54838709677,"Position":92.63605,"HyperDash":false}

  92) The conversion generated differing hitobjects for object at time: 44509:
Expected: {"StartTime":44974.0,"Position":47.09105,"HyperDash":false}
Received: {"StartTime":44974.596774193546,"Position":29.001465,"HyperDash":false}

  93) The conversion generated differing hitobjects for object at time: 45284:
Expected: {"StartTime":45284.0,"Position":56.0,"HyperDash":false}
Received: {"StartTime":45284.0,"Position":97.47972,"HyperDash":false}

  94) The conversion generated differing hitobjects for object at time: 45671:
Expected: {"StartTime":45671.0,"Position":264.0,"HyperDash":false}
Received: {"StartTime":45671.0,"Position":222.52028,"HyperDash":false}

  95) The conversion generated differing hitobjects for object at time: 46058:
Expected: {"StartTime":46154.0,"Position":301.30234,"HyperDash":false}
Received: {"StartTime":46154.5,"Position":276.5,"HyperDash":false}

  96) The conversion generated differing hitobjects for object at time: 46058:
Expected: {"StartTime":46330.0,"Position":321.6899,"HyperDash":false}
Received: {"StartTime":46330.54838709677,"Position":338.757,"HyperDash":false}

  97) The conversion generated differing hitobjects for object at time: 46638:
Expected: {"StartTime":46734.0,"Position":371.67587,"HyperDash":false}
Received: {"StartTime":46734.5,"Position":377.5,"HyperDash":false}

  98) The conversion generated differing hitobjects for object at time: 46638:
Expected: {"StartTime":46928.0,"Position":325.5,"HyperDash":false}
Received: {"StartTime":46928.54838709677,"Position":352.5,"HyperDash":false}

  99) The conversion generated differing hitobjects for object at time: 46638:
Expected: {"StartTime":47103.0,"Position":306.3362,"HyperDash":false}
Received: {"StartTime":47103.596774193546,"Position":287.24298,"HyperDash":false}

  100) The conversion generated differing hitobjects for object at time: 47606:
Expected: {"StartTime":47702.0,"Position":324.67587,"HyperDash":false}
Received: {"StartTime":47702.5,"Position":344.5,"HyperDash":false}

  101) The conversion generated differing hitobjects for object at time: 48380:
Expected: {"StartTime":48652.0,"Position":200.98828,"HyperDash":false}
Received: {"StartTime":48652.54838709677,"Position":226.02318,"HyperDash":false}

  102) The conversion generated differing hitobjects for object at time: 49154:
Expected: {"StartTime":49154.0,"Position":32.0,"HyperDash":false}
Received: {"StartTime":49154.0,"Position":51.295166,"HyperDash":false}

  103) The conversion generated differing hitobjects for object at time: 49542:
Expected: {"StartTime":49638.0,"Position":266.30234,"HyperDash":false}
Received: {"StartTime":49638.5,"Position":269.5,"HyperDash":false}

  104) The conversion generated differing hitobjects for object at time: 49542:
Expected: {"StartTime":49814.0,"Position":314.6899,"HyperDash":false}
Received: {"StartTime":49814.54838709677,"Position":334.757,"HyperDash":false}

  105) The conversion generated differing hitobjects for object at time: 50316:
Expected: {"StartTime":50394.0,"Position":235.3886,"HyperDash":false}
Received: {"StartTime":50394.5,"Position":220.243,"HyperDash":false}

  106) The conversion generated differing hitobjects for object at time: 50703:
Expected: {"StartTime":50975.0,"Position":344.6899,"HyperDash":false}
Received: {"StartTime":50975.54838709677,"Position":324.757,"HyperDash":false}

  107) The conversion generated differing hitobjects for object at time: 51477:
Expected: {"StartTime":51573.0,"Position":329.69766,"HyperDash":false}
Received: {"StartTime":51573.5,"Position":334.5,"HyperDash":false}

  108) The conversion generated differing hitobjects for object at time: 51477:
Expected: {"StartTime":51749.0,"Position":288.3101,"HyperDash":false}
Received: {"StartTime":51749.54838709677,"Position":295.243,"HyperDash":false}

  109) The conversion generated differing hitobjects for object at time: 52251:
Expected: {"StartTime":52347.0,"Position":102.275604,"HyperDash":false}
Received: {"StartTime":52347.5,"Position":92.09328,"HyperDash":false}

  110) The conversion generated differing hitobjects for object at time: 52251:
Expected: {"StartTime":52541.0,"Position":41.618835,"HyperDash":false}
Received: {"StartTime":52541.54838709677,"Position":47.62812,"HyperDash":false}

  111) The conversion generated differing hitobjects for object at time: 52251:
Expected: {"StartTime":52716.0,"Position":11.433266,"HyperDash":false}
Received: {"StartTime":52716.596774193546,"Position":15.428848,"HyperDash":false}

  112) The conversion generated differing hitobjects for object at time: 53413:
Expected: {"StartTime":53491.0,"Position":145.00099,"HyperDash":false}
Received: {"StartTime":53491.5,"Position":167.96568,"HyperDash":false}

  113) The conversion generated differing hitobjects for object at time: 53800:
Expected: {"StartTime":53896.0,"Position":263.12973,"HyperDash":false}
Received: {"StartTime":53896.5,"Position":268.29456,"HyperDash":false}

  114) The conversion generated differing hitobjects for object at time: 53800:
Expected: {"StartTime":54090.0,"Position":316.20874,"HyperDash":false}
Received: {"StartTime":54090.54838709677,"Position":331.2154,"HyperDash":false}

  115) The conversion generated differing hitobjects for object at time: 54574:
Expected: {"StartTime":54574.0,"Position":472.0,"HyperDash":false}
Received: {"StartTime":54574.0,"Position":478.7281,"HyperDash":false}

  116) The conversion generated differing hitobjects for object at time: 55348:
Expected: {"StartTime":55444.0,"Position":195.95198,"HyperDash":false}
Received: {"StartTime":55444.5,"Position":186.75629,"HyperDash":false}

  117) The conversion generated differing hitobjects for object at time: 55929:
Expected: {"StartTime":56025.0,"Position":95.810974,"HyperDash":false}
Received: {"StartTime":56025.5,"Position":100.00481,"HyperDash":false}

  118) The conversion generated differing hitobjects for object at time: 55929:
Expected: {"StartTime":56201.0,"Position":145.29776,"HyperDash":false}
Received: {"StartTime":56201.54838709677,"Position":139.36353,"HyperDash":false}

  119) The conversion generated differing hitobjects for object at time: 56509:
Expected: {"StartTime":56509.0,"Position":256.0,"HyperDash":false}
Received: {"StartTime":56509.0,"Position":275.98077,"HyperDash":false}

  120) The conversion generated differing hitobjects for object at time: 56896:
Expected: {"StartTime":56992.0,"Position":356.5922,"HyperDash":false}
Received: {"StartTime":56992.5,"Position":327.78326,"HyperDash":false}

  121) The conversion generated differing hitobjects for object at time: 56896:
Expected: {"StartTime":57186.0,"Position":373.61258,"HyperDash":false}
Received: {"StartTime":57186.54838709677,"Position":398.62003,"HyperDash":false}

  122) The conversion generated differing hitobjects for object at time: 56896:
Expected: {"StartTime":57361.0,"Position":444.26282,"HyperDash":false}
Received: {"StartTime":57361.596774193546,"Position":422.3721,"HyperDash":false}

  123) The conversion generated differing hitobjects for object at time: 57671:
Expected: {"StartTime":57767.0,"Position":391.6712,"HyperDash":false}
Received: {"StartTime":57767.5,"Position":373.48114,"HyperDash":false}

  124) The conversion generated differing hitobjects for object at time: 57671:
Expected: {"StartTime":57943.0,"Position":328.06842,"HyperDash":false}
Received: {"StartTime":57943.54838709677,"Position":356.00394,"HyperDash":false}

  125) The conversion generated differing hitobjects for object at time: 58445:
Expected: {"StartTime":58445.0,"Position":144.0,"HyperDash":false}
Received: {"StartTime":58445.0,"Position":130.07544,"HyperDash":false}

  126) The conversion generated differing hitobjects for object at time: 59993:
Expected: {"StartTime":60089.0,"Position":217.72563,"HyperDash":false}
Received: {"StartTime":60089.5,"Position":222.66911,"HyperDash":false}

  127) The conversion generated differing hitobjects for object at time: 59993:
Expected: {"StartTime":60265.0,"Position":214.70352,"HyperDash":false}
Received: {"StartTime":60265.54838709677,"Position":235.64,"HyperDash":false}

  128) The conversion generated differing hitobjects for object at time: 60767:
Expected: {"StartTime":60863.0,"Position":90.79409,"HyperDash":false}
Received: {"StartTime":60863.5,"Position":68.84646,"HyperDash":false}

  129) The conversion generated differing hitobjects for object at time: 60767:
Expected: {"StartTime":61039.0,"Position":74.499756,"HyperDash":false}
Received: {"StartTime":61039.54838709677,"Position":64.53515,"HyperDash":false}

  130) The conversion generated differing hitobjects for object at time: 61542:
Expected: {"StartTime":61638.0,"Position":196.08951,"HyperDash":false}
Received: {"StartTime":61638.5,"Position":229.23885,"HyperDash":false}

  131) The conversion generated differing hitobjects for object at time: 61542:
Expected: {"StartTime":61814.0,"Position":270.5239,"HyperDash":false}
Received: {"StartTime":61814.54838709677,"Position":260.59018,"HyperDash":false}

  132) The conversion generated differing hitobjects for object at time: 62316:
Expected: {"StartTime":62412.0,"Position":361.9105,"HyperDash":false}
Received: {"StartTime":62412.5,"Position":358.76117,"HyperDash":false}

  133) The conversion generated differing hitobjects for object at time: 63090:
Expected: {"StartTime":63186.0,"Position":174.5783,"HyperDash":false}
Received: {"StartTime":63186.5,"Position":197.60625,"HyperDash":false}

  134) The conversion generated differing hitobjects for object at time: 63090:
Expected: {"StartTime":63362.0,"Position":204.13849,"HyperDash":false}
Received: {"StartTime":63362.54838709677,"Position":191.14798,"HyperDash":false}

  135) The conversion generated differing hitobjects for object at time: 63864:
Expected: {"StartTime":64329.0,"Position":69.2529,"HyperDash":false}
Received: {"StartTime":64329.596774193546,"Position":75.3443,"HyperDash":false}

  136) The conversion generated differing hitobjects for object at time: 64638:
Expected: {"StartTime":64638.0,"Position":312.0,"HyperDash":false}
Received: {"StartTime":64638.0,"Position":160.0,"HyperDash":false}

  137) The conversion generated differing hitobjects for object at time: 64832:
Expected: {"StartTime":64832.0,"Position":208.0,"HyperDash":false}
Received: {"StartTime":64832.0,"Position":256.0,"HyperDash":false}

  138) The conversion generated differing hitobjects for object at time: 65025:
Expected: {"StartTime":65025.0,"Position":304.0,"HyperDash":false}
Received: {"StartTime":65025.0,"Position":236.0,"HyperDash":false}

  139) The conversion generated differing hitobjects for object at time: 65413:
Expected: {"StartTime":65491.0,"Position":361.6114,"HyperDash":false}
Received: {"StartTime":65491.5,"Position":380.757,"HyperDash":false}

  140) The conversion generated differing hitobjects for object at time: 65800:
Expected: {"StartTime":65878.0,"Position":458.3886,"HyperDash":false}
Received: {"StartTime":65878.5,"Position":441.243,"HyperDash":false}

  141) The conversion generated differing hitobjects for object at time: 66961:
Expected: {"StartTime":67057.0,"Position":167.65924,"HyperDash":false}
Received: {"StartTime":67057.5,"Position":143.57745,"HyperDash":false}

  142) The conversion generated differing hitobjects for object at time: 66961:
Expected: {"StartTime":67233.0,"Position":135.20131,"HyperDash":false}
Received: {"StartTime":67233.54838709677,"Position":123.20392,"HyperDash":false}

  143) The conversion generated differing hitobjects for object at time: 67735:
Expected: {"StartTime":67831.0,"Position":42.256508,"HyperDash":false}
Received: {"StartTime":67831.5,"Position":49.438198,"HyperDash":false}

  144) The conversion generated differing hitobjects for object at time: 67735:
Expected: {"StartTime":68007.0,"Position":85.89344,"HyperDash":false}
Received: {"StartTime":68007.54838709677,"Position":99.955086,"HyperDash":false}

  145) The conversion generated differing hitobjects for object at time: 68316:
Expected: {"StartTime":68316.0,"Position":208.0,"HyperDash":false}
Received: {"StartTime":68316.0,"Position":226.24721,"HyperDash":false}

  146) The conversion generated differing hitobjects for object at time: 68509:
Expected: {"StartTime":68605.0,"Position":240.24356,"HyperDash":false}
Received: {"StartTime":68605.5,"Position":243.42516,"HyperDash":false}

  147) The conversion generated differing hitobjects for object at time: 68509:
Expected: {"StartTime":68781.0,"Position":291.85675,"HyperDash":false}
Received: {"StartTime":68781.54838709677,"Position":275.91837,"HyperDash":false}

  148) The conversion generated differing hitobjects for object at time: 69284:
Expected: {"StartTime":69380.0,"Position":191.84665,"HyperDash":false}
Received: {"StartTime":69380.5,"Position":202.75719,"HyperDash":false}

  149) The conversion generated differing hitobjects for object at time: 69284:
Expected: {"StartTime":69556.0,"Position":168.95091,"HyperDash":false}
Received: {"StartTime":69556.54838709677,"Position":179.04182,"HyperDash":false}

  150) The conversion generated differing hitobjects for object at time: 70058:
Expected: {"StartTime":70154.0,"Position":374.98672,"HyperDash":false}
Received: {"StartTime":70154.5,"Position":356.94116,"HyperDash":false}

  151) The conversion generated differing hitobjects for object at time: 70832:
Expected: {"StartTime":71104.0,"Position":187.03061,"HyperDash":false}
Received: {"StartTime":71104.54838709677,"Position":179.9642,"HyperDash":false}

  152) The conversion generated differing hitobjects for object at time: 71413:
Expected: {"StartTime":71509.0,"Position":75.97218,"HyperDash":false}
Received: {"StartTime":71509.5,"Position":87.77666,"HyperDash":false}

  153) The conversion generated differing hitobjects for object at time: 71413:
Expected: {"StartTime":71685.0,"Position":27.087852,"HyperDash":false}
Received: {"StartTime":71685.54838709677,"Position":31.021507,"HyperDash":false}

  154) The conversion generated differing hitobjects for object at time: 71993:
Expected: {"StartTime":72071.0,"Position":52.433147,"HyperDash":false}
Received: {"StartTime":72071.5,"Position":46.513912,"HyperDash":false}

  155) The conversion generated differing hitobjects for object at time: 72380:
Expected: {"StartTime":72670.0,"Position":136.57501,"HyperDash":false}
Received: {"StartTime":72670.54838709677,"Position":157.59314,"HyperDash":false}

  156) The conversion generated differing hitobjects for object at time: 73154:
Expected: {"StartTime":73250.0,"Position":160.2306,"HyperDash":false}
Received: {"StartTime":73250.5,"Position":130.42935,"HyperDash":false}

  157) The conversion generated differing hitobjects for object at time: 73154:
Expected: {"StartTime":73426.0,"Position":170.96413,"HyperDash":false}
Received: {"StartTime":73426.54838709677,"Position":200.016,"HyperDash":false}

  158) The conversion generated differing hitobjects for object at time: 73929:
Expected: {"StartTime":74025.0,"Position":321.04803,"HyperDash":false}
Received: {"StartTime":74025.5,"Position":352.2437,"HyperDash":false}

  159) The conversion generated differing hitobjects for object at time: 73929:
Expected: {"StartTime":74201.0,"Position":394.9694,"HyperDash":false}
Received: {"StartTime":74201.54838709677,"Position":370.0358,"HyperDash":false}

  160) The conversion generated differing hitobjects for object at time: 74703:
Expected: {"StartTime":74781.0,"Position":342.88077,"HyperDash":false}
Received: {"StartTime":74781.5,"Position":324.82343,"HyperDash":false}

  161) The conversion generated differing hitobjects for object at time: 75090:
Expected: {"StartTime":75168.0,"Position":399.23715,"HyperDash":false}
Received: {"StartTime":75168.5,"Position":420.28827,"HyperDash":false}

  162) The conversion generated differing hitobjects for object at time: 75477:
Expected: {"StartTime":75573.0,"Position":296.89288,"HyperDash":false}
Received: {"StartTime":75573.5,"Position":310.73297,"HyperDash":false}

  163) The conversion generated differing hitobjects for object at time: 75477:
Expected: {"StartTime":75767.0,"Position":275.9188,"HyperDash":false}
Received: {"StartTime":75767.54838709677,"Position":256.9151,"HyperDash":false}

  164) The conversion generated differing hitobjects for object at time: 75477:
Expected: {"StartTime":75942.0,"Position":221.02284,"HyperDash":false}
Received: {"StartTime":75942.59677419355,"Position":229.90515,"HyperDash":false}

  165) The conversion generated differing hitobjects for object at time: 76251:
Expected: {"StartTime":76523.0,"Position":375.26373,"HyperDash":false}
Received: {"StartTime":76523.54838709677,"Position":351.317,"HyperDash":false}

  166) The conversion generated differing hitobjects for object at time: 77219:
Expected: {"StartTime":77315.0,"Position":119.69768,"HyperDash":false}
Received: {"StartTime":77315.5,"Position":126.5,"HyperDash":false}

  167) The conversion generated differing hitobjects for object at time: 77219:
Expected: {"StartTime":77491.0,"Position":137.68991,"HyperDash":false}
Received: {"StartTime":77491.54838709677,"Position":105.757,"HyperDash":false}

  168) The conversion generated differing hitobjects for object at time: 77800:
Expected: {"StartTime":77800.0,"Position":320.0,"HyperDash":false}
Received: {"StartTime":77800.0,"Position":264.0,"HyperDash":false}

  169) The conversion generated differing hitobjects for object at time: 78187:
Expected: {"StartTime":78265.0,"Position":323.92218,"HyperDash":false}
Received: {"StartTime":78265.5,"Position":329.06293,"HyperDash":false}

  170) The conversion generated differing hitobjects for object at time: 78574:
Expected: {"StartTime":78670.0,"Position":443.68445,"HyperDash":false}
Received: {"StartTime":78670.5,"Position":433.59604,"HyperDash":false}

  171) The conversion generated differing hitobjects for object at time: 78574:
Expected: {"StartTime":78846.0,"Position":411.9393,"HyperDash":false}
Received: {"StartTime":78846.54838709677,"Position":425.9093,"HyperDash":false}

  172) The conversion generated differing hitobjects for object at time: 79348:
Expected: {"StartTime":79620.0,"Position":322.0607,"HyperDash":false}
Received: {"StartTime":79620.54838709677,"Position":329.0907,"HyperDash":false}

  173) The conversion generated differing hitobjects for object at time: 80122:
Expected: {"StartTime":80394.0,"Position":180.9993,"HyperDash":false}
Received: {"StartTime":80394.54838709677,"Position":163.93425,"HyperDash":false}

  174) The conversion generated differing hitobjects for object at time: 80703:
Expected: {"StartTime":80703.0,"Position":64.0,"HyperDash":false}
Received: {"StartTime":80703.0,"Position":47.226486,"HyperDash":false}

  175) The conversion generated differing hitobjects for object at time: 81671:
Expected: {"StartTime":81767.0,"Position":248.31555,"HyperDash":false}
Received: {"StartTime":81767.5,"Position":261.40396,"HyperDash":false}

  176) The conversion generated differing hitobjects for object at time: 81671:
Expected: {"StartTime":81943.0,"Position":270.0607,"HyperDash":false}
Received: {"StartTime":81943.54838709677,"Position":298.0907,"HyperDash":false}

  177) The conversion generated differing hitobjects for object at time: 83219:
Expected: {"StartTime":83297.0,"Position":406.999,"HyperDash":false}
Received: {"StartTime":83297.5,"Position":411.0343,"HyperDash":false}

  178) The conversion generated differing hitobjects for object at time: 83606:
Expected: {"StartTime":83684.0,"Position":344.76285,"HyperDash":false}
Received: {"StartTime":83684.5,"Position":367.71173,"HyperDash":false}

  179) The conversion generated differing hitobjects for object at time: 83993:
Expected: {"StartTime":84089.0,"Position":267.17865,"HyperDash":false}
Received: {"StartTime":84089.5,"Position":253.97238,"HyperDash":false}

  180) The conversion generated differing hitobjects for object at time: 83993:
Expected: {"StartTime":84265.0,"Position":218.85318,"HyperDash":false}
Received: {"StartTime":84265.54838709677,"Position":187.78885,"HyperDash":false}

  181) The conversion generated differing hitobjects for object at time: 84767:
Expected: {"StartTime":84845.0,"Position":91.5179,"HyperDash":false}
Received: {"StartTime":84845.5,"Position":98.56394,"HyperDash":false}

  182) The conversion generated differing hitobjects for object at time: 85154:
Expected: {"StartTime":85232.0,"Position":0.0,"HyperDash":false}
Received: {"StartTime":85232.5,"Position":23.0,"HyperDash":false}

  183) The conversion generated differing hitobjects for object at time: 85542:
Expected: {"StartTime":85814.0,"Position":182.68991,"HyperDash":false}
Received: {"StartTime":85814.54838709677,"Position":176.75699,"HyperDash":false}

  184) The conversion generated differing hitobjects for object at time: 86316:
Expected: {"StartTime":86412.0,"Position":382.0039,"HyperDash":false}
Received: {"StartTime":86412.5,"Position":408.19144,"HyperDash":false}

  185) The conversion generated differing hitobjects for object at time: 86316:
Expected: {"StartTime":86588.0,"Position":445.01105,"HyperDash":false}
Received: {"StartTime":86588.54838709677,"Position":441.07465,"HyperDash":false}

  186) The conversion generated differing hitobjects for object at time: 87090:
Expected: {"StartTime":87186.0,"Position":311.35373,"HyperDash":false}
Received: {"StartTime":87186.5,"Position":303.3055,"HyperDash":false}

  187) The conversion generated differing hitobjects for object at time: 87090:
Expected: {"StartTime":87362.0,"Position":307.24002,"HyperDash":false}
Received: {"StartTime":87362.54838709677,"Position":300.15335,"HyperDash":false}

  188) The conversion generated differing hitobjects for object at time: 87864:
Expected: {"StartTime":87864.0,"Position":24.0,"HyperDash":false}
Received: {"StartTime":87864.0,"Position":168.0,"HyperDash":false}

  189) The conversion generated differing hitobjects for object at time: 88251:
Expected: {"StartTime":88251.0,"Position":249.0,"HyperDash":false}
Received: {"StartTime":88251.0,"Position":357.6494,"HyperDash":false}

  190) The conversion generated differing hitobjects for object at time: 88251:
Expected: {"StartTime":88347.0,"Position":233.0,"HyperDash":false}
Received: {"StartTime":88347.8125,"Position":240.86485,"HyperDash":false}

  191) The conversion generated differing hitobjects for object at time: 88251:
Expected: {"StartTime":88444.0,"Position":449.0,"HyperDash":false}
Received: {"StartTime":88444.625,"Position":35.854042,"HyperDash":false}

  192) The conversion generated differing hitobjects for object at time: 88251:
Expected: {"StartTime":88541.0,"Position":411.0,"HyperDash":false}
Received: {"StartTime":88541.4375,"Position":254.11649,"HyperDash":false}

  193) The conversion generated differing hitobjects for object at time: 88251:
Expected: {"StartTime":88638.0,"Position":75.0,"HyperDash":false}
Received: {"StartTime":88638.25,"Position":292.43314,"HyperDash":false}

  194) The conversion generated differing hitobjects for object at time: 88251:
Expected: {"StartTime":88735.0,"Position":474.0,"HyperDash":false}
Received: {"StartTime":88735.0625,"Position":369.4086,"HyperDash":false}

  195) The conversion generated differing hitobjects for object at time: 88251:
Expected: {"StartTime":88831.0,"Position":176.0,"HyperDash":false}
Received: {"StartTime":88831.875,"Position":14.8166485,"HyperDash":false}

  196) The conversion generated differing hitobjects for object at time: 88251:
Expected: {"StartTime":88928.0,"Position":1.0,"HyperDash":false}
Received: {"StartTime":88928.6875,"Position":390.023,"HyperDash":false}

  197) The conversion generated differing hitobjects for object at time: 88251:
Expected: {"StartTime":89025.0,"Position":37.0,"HyperDash":false}
Received: {"StartTime":89025.5,"Position":286.43985,"HyperDash":false}

  198) The conversion generated differing hitobjects for object at time: 88251:
Expected: {"StartTime":89122.0,"Position":481.0,"HyperDash":false}
Received: {"StartTime":89122.3125,"Position":92.51925,"HyperDash":false}

  199) The conversion generated differing hitobjects for object at time: 88251:
Expected: {"StartTime":89219.0,"Position":375.0,"HyperDash":false}
Received: {"StartTime":89219.125,"Position":170.12553,"HyperDash":false}

  200) The conversion generated differing hitobjects for object at time: 88251:
Expected: {"StartTime":89315.0,"Position":407.0,"HyperDash":false}
Received: {"StartTime":89315.9375,"Position":93.94618,"HyperDash":false}

  201) The conversion generated differing hitobjects for object at time: 88251:
Expected: {"StartTime":89412.0,"Position":231.0,"HyperDash":false}
Received: {"StartTime":89412.75,"Position":139.21252,"HyperDash":false}

  202) The conversion generated differing hitobjects for object at time: 88251:
Expected: {"StartTime":89509.0,"Position":338.0,"HyperDash":false}
Received: {"StartTime":89509.5625,"Position":301.88156,"HyperDash":false}

  203) The conversion generated differing hitobjects for object at time: 88251:
Expected: {"StartTime":89606.0,"Position":322.0,"HyperDash":false}
Received: {"StartTime":89606.375,"Position":137.46744,"HyperDash":false}

  204) The conversion generated differing hitobjects for object at time: 88251:
Expected: {"StartTime":89703.0,"Position":347.0,"HyperDash":false}
Received: {"StartTime":89703.1875,"Position":360.78418,"HyperDash":false}

  205) The conversion generated differing hitobjects for object at time: 88251:
Expected: {"StartTime":89800.0,"Position":365.0,"HyperDash":false}
Received: {"StartTime":89800.0,"Position":37.469913,"HyperDash":false}


  Stack Trace:
     at osu.Game.Tests.Beatmaps.BeatmapConversionTest`2.Test(String name, Type[] mods) in /app/osu.Game/Tests/Beatmaps/BeatmapConversionTest.cs:line 50
   at osu.Game.Rulesets.Catch.Tests.CatchBeatmapConversionTest.Test(String name, Type[] mods) in /app/osu.Game.Rulesets.Catch.Tests/CatchBeatmapConversionTest.cs:line 58
   at InvokeStub_CatchBeatmapConversionTest.Test(Object, Span`1)

1)    at osu.Game.Tests.Beatmaps.BeatmapConversionTest`2.<>c__DisplayClass4_1.<Test>b__2() in /app/osu.Game/Tests/Beatmaps/BeatmapConversionTest.cs:line 98
   at NUnit.Framework.Assert.Multiple(TestDelegate testDelegate)
   at osu.Game.Tests.Beatmaps.BeatmapConversionTest`2.<>c__DisplayClass4_0.<Test>b__1() in /app/osu.Game/Tests/Beatmaps/BeatmapConversionTest.cs:line 77
   at NUnit.Framework.Assert.Multiple(TestDelegate testDelegate)
   at osu.Game.Tests.Beatmaps.BeatmapConversionTest`2.Test(String name, Type[] mods) in /app/osu.Game/Tests/Beatmaps/BeatmapConversionTest.cs:line 50
   at osu.Game.Rulesets.Catch.Tests.CatchBeatmapConversionTest.Test(String name, Type[] mods) in /app/osu.Game.Rulesets.Catch.Tests/CatchBeatmapConversionTest.cs:line 58
   at InvokeStub_CatchBeatmapConversionTest.Test(Object, Span`1)

2)    at osu.Game.Tests.Beatmaps.BeatmapConversionTest`2.<>c__DisplayClass4_1.<Test>b__2() in /app/osu.Game/Tests/Beatmaps/BeatmapConversionTest.cs:line 98
   at NUnit.Framework.Assert.Multiple(TestDelegate testDelegate)
   at osu.Game.Tests.Beatmaps.BeatmapConversionTest`2.<>c__DisplayClass4_0.<Test>b__1() in /app/osu.Game/Tests/Beatmaps/BeatmapConversionTest.cs:line 77
   at NUnit.Framework.Assert.Multiple(TestDelegate testDelegate)
   at osu.Game.Tests.Beatmaps.BeatmapConversionTest`2.Test(String name, Type[] mods) in /app/osu.Game/Tests/Beatmaps/BeatmapConversionTest.cs:line 50
   at osu.Game.Rulesets.Catch.Tests.CatchBeatmapConversionTest.Test(String name, Type[] mods) in /app/osu.Game.Rulesets.Catch.Tests/CatchBeatmapConversionTest.cs:line 58
   at InvokeStub_CatchBeatmapConversionTest.Test(Object, Span`1)

3)    at osu.Game.Tests.Beatmaps.BeatmapConversionTest`2.<>c__DisplayClass4_1.<Test>b__2() in /app/osu.Game/Tests/Beatmaps/BeatmapConversionTest.cs:line 98
   at NUnit.Framework.Assert.Multiple(TestDelegate testDelegate)
   at osu.Game.Tests.Beatmaps.BeatmapConversionTest`2.<>c__DisplayClass4_0.<Test>b__1() in /app/osu.Game/Tests/Beatmaps/BeatmapConversionTest.cs:line 77
   at NUnit.Framework.Assert.Multiple(TestDelegate testDelegate)
   at osu.Game.Tests.Beatmaps.BeatmapConversionTest`2.Test(String name, Type[] mods) in /app/osu.Game/Tests/Beatmaps/BeatmapConversionTest.cs:line 50
   at osu.Game.Rulesets.Catch.Tests.CatchBeatmapConversionTest.Test(String name, Type[] mods) in /app/osu.Game.Rulesets.Catch.Tests/CatchBeatmapConversionTest.cs:line 58
   at InvokeStub_CatchBeatmapConversionTest.Test(Object, Span`1)

4)    at osu.Game.Tests.Beatmaps.BeatmapConversionTest`2.<>c__DisplayClass4_1.<Test>b__2() in /app/osu.Game/Tests/Beatmaps/BeatmapConversionTest.cs:line 98
   at NUnit.Framework.Assert.Multiple(TestDelegate testDelegate)
   at osu.Game.Tests.Beatmaps.BeatmapConversionTest`2.<>c__DisplayClass4_0.<Test>b__1() in /app/osu.Game/Tests/Beatmaps/BeatmapConversionTest.cs:line 77
   at NUnit.Framework.Assert.Multiple(TestDelegate testDelegate)
   at osu.Game.Tests.Beatmaps.BeatmapConversionTest`2.Test(String name, Type[] mods) in /app/osu.Game/Tests/Beatmaps/BeatmapConversionTest.cs:line 50
   at osu.Game.Rulesets.Catch.Tests.CatchBeatmapConversionTest.Test(String name, Type[] mods) in /app/osu.Game.Rulesets.Catch.Tests/CatchBeatmapConversionTest.cs:line 58
   at InvokeStub_CatchBeatmapConversionTest.Test(Object, Span`1)

5)    at osu.Game.Tests.Beatmaps.BeatmapConversionTest`2.<>c__DisplayClass4_1.<Test>b__2() in /app/osu.Game/Tests/Beatmaps/BeatmapConversionTest.cs:line 98
   at NUnit.Framework.Assert.Multiple(TestDelegate testDelegate)
   at osu.Game.Tests.Beatmaps.BeatmapConversionTest`2.<>c__DisplayClass4_0.<Test>b__1() in /app/osu.Game/Tests/Beatmaps/BeatmapConversionTest.cs:line 77
   at NUnit.Framework.Assert.Multiple(TestDelegate testDelegate)
   at osu.Game.Tests.Beatmaps.BeatmapConversionTest`2.Test(String name, Type[] mods) in /app/osu.Game/Tests/Beatmaps/BeatmapConversionTest.cs:line 50
   at osu.Game.Rulesets.Catch.Tests.CatchBeatmapConversionTest.Test(String name, Type[] mods) in /app/osu.Game.Rulesets.Catch.Tests/CatchBeatmapConversionTest.cs:line 58
   at InvokeStub_CatchBeatmapConversionTest.Test(Object, Span`1)

6)    at osu.Game.Tests.Beatmaps.BeatmapConversionTest`2.<>c__DisplayClass4_1.<Test>b__2() in /app/osu.Game/Tests/Beatmaps/BeatmapConversionTest.cs:line 98
   at NUnit.Framework.Assert.Multiple(TestDelegate testDelegate)
   at osu.Game.Tests.Beatmaps.BeatmapConversionTest`2.<>c__DisplayClass4_0.<Test>b__1() in /app/osu.Game/Tests/Beatmaps/BeatmapConversionTest.cs:line 77
   at NUnit.Framework.Assert.Multiple(TestDelegate testDelegate)
   at osu.Game.Tests.Beatmaps.BeatmapConversionTest`2.Test(String name, Type[] mods) in /app/osu.Game/Tests/Beatmaps/BeatmapConversionTest.cs:line 50
   at osu.Game.Rulesets.Catch.Tests.CatchBeatmapConversionTest.Test(String name, Type[] mods) in /app/osu.Game.Rulesets.Catch.Tests/CatchBeatmapConversionTest.cs:line 58
   at InvokeStub_CatchBeatmapConversionTest.Test(Object, Span`1)

7)    at osu.Game.Tests.Beatmaps.BeatmapConversionTest`2.<>c__DisplayClass4_1.<Test>b__2() in /app/osu.Game/Tests/Beatmaps/BeatmapConversionTest.cs:line 98
   at NUnit.Framework.Assert.Multiple(TestDelegate testDelegate)
   at osu.Game.Tests.Beatmaps.BeatmapConversionTest`2.<>c__DisplayClass4_0.<Test>b__1() in /app/osu.Game/Tests/Beatmaps/BeatmapConversionTest.cs:line 77
   at NUnit.Framework.Assert.Multiple(TestDelegate testDelegate)
   at osu.Game.Tests.Beatmaps.BeatmapConversionTest`2.Test(String name, Type[] mods) in /app/osu.Game/Tests/Beatmaps/BeatmapConversionTest.cs:line 50
   at osu.Game.Rulesets.Catch.Tests.CatchBeatmapConversionTest.Test(String name, Type[] mods) in /app/osu.Game.Rulesets.Catch.Tests/CatchBeatmapConversionTest.cs:line 58
   at InvokeStub_CatchBeatmapConversionTest.Test(Object, Span`1)

8)    at osu.Game.Tests.Beatmaps.BeatmapConversionTest`2.<>c__DisplayClass4_1.<Test>b__2() in /app/osu.Game/Tests/Beatmaps/BeatmapConversionTest.cs:line 98
   at NUnit.Framework.Assert.Multiple(TestDelegate testDelegate)
   at osu.Game.Tests.Beatmaps.BeatmapConversionTest`2.<>c__DisplayClass4_0.<Test>b__1() in /app/osu.Game/Tests/Beatmaps/BeatmapConversionTest.cs:line 77
   at NUnit.Framework.Assert.Multiple(TestDelegate testDelegate)
   at osu.Game.Tests.Beatmaps.BeatmapConversionTest`2.Test(String name, Type[] mods) in /app/osu.Game/Tests/Beatmaps/BeatmapConversionTest.cs:line 50
   at osu.Game.Rulesets.Catch.Tests.CatchBeatmapConversionTest.Test(String name, Type[] mods) in /app/osu.Game.Rulesets.Catch.Tests/CatchBeatmapConversionTest.cs:line 58
   at InvokeStub_CatchBeatmapConversionTest.Test(Object, Span`1)

9)    at osu.Game.Tests.Beatmaps.BeatmapConversionTest`2.<>c__DisplayClass4_1.<Test>b__2() in /app/osu.Game/Tests/Beatmaps/BeatmapConversionTest.cs:line 98
   at NUnit.Framework.Assert.Multiple(TestDelegate testDelegate)
   at osu.Game.Tests.Beatmaps.BeatmapConversionTest`2.<>c__DisplayClass4_0.<Test>b__1() in /app/osu.Game/Tests/Beatmaps/BeatmapConversionTest.cs:line 77
   at NUnit.Framework.Assert.Multiple(TestDelegate testDelegate)
   at osu.Game.Tests.Beatmaps.BeatmapConversionTest`2.Test(String name, Type[] mods) in /app/osu.Game/Tests/Beatmaps/BeatmapConversionTest.cs:line 50
   at osu.Game.Rulesets.Catch.Tests.CatchBeatmapConversionTest.Test(String name, Type[] mods) in /app/osu.Game.Rulesets.Catch.Tests/CatchBeatmapConversionTest.cs:line 58
   at InvokeStub_CatchBeatmapConversionTest.Test(Object, Span`1)

10)    at osu.Game.Tests.Beatmaps.BeatmapConversionTest`2.<>c__DisplayClass4_1.<Test>b__2() in /app/osu.Game/Tests/Beatmaps/BeatmapConversionTest.cs:line 98
   at NUnit.Framework.Assert.Multiple(TestDelegate testDelegate)
   at osu.Game.Tests.Beatmaps.BeatmapConversionTest`2.<>c__DisplayClass4_0.<Test>b__1() in /app/osu.Game/Tests/Beatmaps/BeatmapConversionTest.cs:line 77
   at NUnit.Framework.Assert.Multiple(TestDelegate testDelegate)
   at osu.Game.Tests.Beatmaps.BeatmapConversionTest`2.Test(String name, Type[] mods) in /app/osu.Game/Tests/Beatmaps/BeatmapConversionTest.cs:line 50
   at osu.Game.Rulesets.Catch.Tests.CatchBeatmapConversionTest.Test(String name, Type[] mods) in /app/osu.Game.Rulesets.Catch.Tests/CatchBeatmapConversionTest.cs:line 58
   at InvokeStub_CatchBeatmapConversionTest.Test(Object, Span`1)

11)    at osu.Game.Tests.Beatmaps.BeatmapConversionTest`2.<>c__DisplayClass4_1.<Test>b__2() in /app/osu.Game/Tests/Beatmaps/BeatmapConversionTest.cs:line 98
   at NUnit.Framework.Assert.Multiple(TestDelegate testDelegate)
   at osu.Game.Tests.Beatmaps.BeatmapConversionTest`2.<>c__DisplayClass4_0.<Test>b__1() in /app/osu.Game/Tests/Beatmaps/BeatmapConversionTest.cs:line 77
   at NUnit.Framework.Assert.Multiple(TestDelegate testDelegate)
   at osu.Game.Tests.Beatmaps.BeatmapConversionTest`2.Test(String name, Type[] mods) in /app/osu.Game/Tests/Beatmaps/BeatmapConversionTest.cs:line 50
   at osu.Game.Rulesets.Catch.Tests.CatchBeatmapConversionTest.Test(String name, Type[] mods) in /app/osu.Game.Rulesets.Catch.Tests/CatchBeatmapConversionTest.cs:line 58
   at InvokeStub_CatchBeatmapConversionTest.Test(Object, Span`1)

12)    at osu.Game.Tests.Beatmaps.BeatmapConversionTest`2.<>c__DisplayClass4_1.<Test>b__2() in /app/osu.Game/Tests/Beatmaps/BeatmapConversionTest.cs:line 98
   at NUnit.Framework.Assert.Multiple(TestDelegate testDelegate)
   at osu.Game.Tests.Beatmaps.BeatmapConversionTest`2.<>c__DisplayClass4_0.<Test>b__1() in /app/osu.Game/Tests/Beatmaps/BeatmapConversionTest.cs:line 77
   at NUnit.Framework.Assert.Multiple(TestDelegate testDelegate)
   at osu.Game.Tests.Beatmaps.BeatmapConversionTest`2.Test(String name, Type[] mods) in /app/osu.Game/Tests/Beatmaps/BeatmapConversionTest.cs:line 50
   at osu.Game.Rulesets.Catch.Tests.CatchBeatmapConversionTest.Test(String name, Type[] mods) in /app/osu.Game.Rulesets.Catch.Tests/CatchBeatmapConversionTest.cs:line 58
   at InvokeStub_CatchBeatmapConversionTest.Test(Object, Span`1)

13)    at osu.Game.Tests.Beatmaps.BeatmapConversionTest`2.<>c__DisplayClass4_1.<Test>b__2() in /app/osu.Game/Tests/Beatmaps/BeatmapConversionTest.cs:line 98
   at NUnit.Framework.Assert.Multiple(TestDelegate testDelegate)
   at osu.Game.Tests.Beatmaps.BeatmapConversionTest`2.<>c__DisplayClass4_0.<Test>b__1() in /app/osu.Game/Tests/Beatmaps/BeatmapConversionTest.cs:line 77
   at NUnit.Framework.Assert.Multiple(TestDelegate testDelegate)
   at osu.Game.Tests.Beatmaps.BeatmapConversionTest`2.Test(String name, Type[] mods) in /app/osu.Game/Tests/Beatmaps/BeatmapConversionTest.cs:line 50
   at osu.Game.Rulesets.Catch.Tests.CatchBeatmapConversionTest.Test(String name, Type[] mods) in /app/osu.Game.Rulesets.Catch.Tests/CatchBeatmapConversionTest.cs:line 58
   at InvokeStub_CatchBeatmapConversionTest.Test(Object, Span`1)

14)    at osu.Game.Tests.Beatmaps.BeatmapConversionTest`2.<>c__DisplayClass4_1.<Test>b__2() in /app/osu.Game/Tests/Beatmaps/BeatmapConversionTest.cs:line 98
   at NUnit.Framework.Assert.Multiple(TestDelegate testDelegate)
   at osu.Game.Tests.Beatmaps.BeatmapConversionTest`2.<>c__DisplayClass4_0.<Test>b__1() in /app/osu.Game/Tests/Beatmaps/BeatmapConversionTest.cs:line 77
   at NUnit.Framework.Assert.Multiple(TestDelegate testDelegate)
   at osu.Game.Tests.Beatmaps.BeatmapConversionTest`2.Test(String name, Type[] mods) in /app/osu.Game/Tests/Beatmaps/BeatmapConversionTest.cs:line 50
   at osu.Game.Rulesets.Catch.Tests.CatchBeatmapConversionTest.Test(String name, Type[] mods) in /app/osu.Game.Rulesets.Catch.Tests/CatchBeatmapConversionTest.cs:line 58
   at InvokeStub_CatchBeatmapConversionTest.Test(Object, Span`1)

15)    at osu.Game.Tests.Beatmaps.BeatmapConversionTest`2.<>c__DisplayClass4_1.<Test>b__2() in /app/osu.Game/Tests/Beatmaps/BeatmapConversionTest.cs:line 98
   at NUnit.Framework.Assert.Multiple(TestDelegate testDelegate)
   at osu.Game.Tests.Beatmaps.BeatmapConversionTest`2.<>c__DisplayClass4_0.<Test>b__1() in /app/osu.Game/Tests/Beatmaps/BeatmapConversionTest.cs:line 77
   at NUnit.Framework.Assert.Multiple(TestDelegate testDelegate)
   at osu.Game.Tests.Beatmaps.BeatmapConversionTest`2.Test(String name, Type[] mods) in /app/osu.Game/Tests/Beatmaps/BeatmapConversionTest.cs:line 50
   at osu.Game.Rulesets.Catch.Tests.CatchBeatmapConversionTest.Test(String name, Type[] mods) in /app/osu.Game.Rulesets.Catch.Tests/CatchBeatmapConversionTest.cs:line 58
   at InvokeStub_CatchBeatmapConversionTest.Test(Object, Span`1)

16)    at osu.Game.Tests.Beatmaps.BeatmapConversionTest`2.<>c__DisplayClass4_1.<Test>b__2() in /app/osu.Game/Tests/Beatmaps/BeatmapConversionTest.cs:line 98
   at NUnit.Framework.Assert.Multiple(TestDelegate testDelegate)
   at osu.Game.Tests.Beatmaps.BeatmapConversionTest`2.<>c__DisplayClass4_0.<Test>b__1() in /app/osu.Game/Tests/Beatmaps/BeatmapConversionTest.cs:line 77
   at NUnit.Framework.Assert.Multiple(TestDelegate testDelegate)
   at osu.Game.Tests.Beatmaps.BeatmapConversionTest`2.Test(String name, Type[] mods) in /app/osu.Game/Tests/Beatmaps/BeatmapConversionTest.cs:line 50
   at osu.Game.Rulesets.Catch.Tests.CatchBeatmapConversionTest.Test(String name, Type[] mods) in /app/osu.Game.Rulesets.Catch.Tests/CatchBeatmapConversionTest.cs:line 58
   at InvokeStub_CatchBeatmapConversionTest.Test(Object, Span`1)

17)    at osu.Game.Tests.Beatmaps.BeatmapConversionTest`2.<>c__DisplayClass4_1.<Test>b__2() in /app/osu.Game/Tests/Beatmaps/BeatmapConversionTest.cs:line 98
   at NUnit.Framework.Assert.Multiple(TestDelegate testDelegate)
   at osu.Game.Tests.Beatmaps.BeatmapConversionTest`2.<>c__DisplayClass4_0.<Test>b__1() in /app/osu.Game/Tests/Beatmaps/BeatmapConversionTest.cs:line 77
   at NUnit.Framework.Assert.Multiple(TestDelegate testDelegate)
   at osu.Game.Tests.Beatmaps.BeatmapConversionTest`2.Test(String name, Type[] mods) in /app/osu.Game/Tests/Beatmaps/BeatmapConversionTest.cs:line 50
   at osu.Game.Rulesets.Catch.Tests.CatchBeatmapConversionTest.Test(String name, Type[] mods) in /app/osu.Game.Rulesets.Catch.Tests/CatchBeatmapConversionTest.cs:line 58
   at InvokeStub_CatchBeatmapConversionTest.Test(Object, Span`1)

18)    at osu.Game.Tests.Beatmaps.BeatmapConversionTest`2.<>c__DisplayClass4_1.<Test>b__2() in /app/osu.Game/Tests/Beatmaps/BeatmapConversionTest.cs:line 98
   at NUnit.Framework.Assert.Multiple(TestDelegate testDelegate)
   at osu.Game.Tests.Beatmaps.BeatmapConversionTest`2.<>c__DisplayClass4_0.<Test>b__1() in /app/osu.Game/Tests/Beatmaps/BeatmapConversionTest.cs:line 77
   at NUnit.Framework.Assert.Multiple(TestDelegate testDelegate)
   at osu.Game.Tests.Beatmaps.BeatmapConversionTest`2.Test(String name, Type[] mods) in /app/osu.Game/Tests/Beatmaps/BeatmapConversionTest.cs:line 50
   at osu.Game.Rulesets.Catch.Tests.CatchBeatmapConversionTest.Test(String name, Type[] mods) in /app/osu.Game.Rulesets.Catch.Tests/CatchBeatmapConversionTest.cs:line 58
   at InvokeStub_CatchBeatmapConversionTest.Test(Object, Span`1)

19)    at osu.Game.Tests.Beatmaps.BeatmapConversionTest`2.<>c__DisplayClass4_1.<Test>b__2() in /app/osu.Game/Tests/Beatmaps/BeatmapConversionTest.cs:line 98
   at NUnit.Framework.Assert.Multiple(TestDelegate testDelegate)
   at osu.Game.Tests.Beatmaps.BeatmapConversionTest`2.<>c__DisplayClass4_0.<Test>b__1() in /app/osu.Game/Tests/Beatmaps/BeatmapConversionTest.cs:line 77
   at NUnit.Framework.Assert.Multiple(TestDelegate testDelegate)
   at osu.Game.Tests.Beatmaps.BeatmapConversionTest`2.Test(String name, Type[] mods) in /app/osu.Game/Tests/Beatmaps/BeatmapConversionTest.cs:line 50
   at osu.Game.Rulesets.Catch.Tests.CatchBeatmapConversionTest.Test(String name, Type[] mods) in /app/osu.Game.Rulesets.Catch.Tests/CatchBeatmapConversionTest.cs:line 58
   at InvokeStub_CatchBeatmapConversionTest.Test(Object, Span`1)

20)    at osu.Game.Tests.Beatmaps.BeatmapConversionTest`2.<>c__DisplayClass4_1.<Test>b__2() in /app/osu.Game/Tests/Beatmaps/BeatmapConversionTest.cs:line 98
   at NUnit.Framework.Assert.Multiple(TestDelegate testDelegate)
   at osu.Game.Tests.Beatmaps.BeatmapConversionTest`2.<>c__DisplayClass4_0.<Test>b__1() in /app/osu.Game/Tests/Beatmaps/BeatmapConversionTest.cs:line 77
   at NUnit.Framework.Assert.Multiple(TestDelegate testDelegate)
   at osu.Game.Tests.Beatmaps.BeatmapConversionTest`2.Test(String name, Type[] mods) in /app/osu.Game/Tests/Beatmaps/BeatmapConversionTest.cs:line 50
   at osu.Game.Rulesets.Catch.Tests.CatchBeatmapConversionTest.Test(String name, Type[] mods) in /app/osu.Game.Rulesets.Catch.Tests/CatchBeatmapConversionTest.cs:line 58
   at InvokeStub_CatchBeatmapConversionTest.Test(Object, Span`1)

21)    at osu.Game.Tests.Beatmaps.BeatmapConversionTest`2.<>c__DisplayClass4_1.<Test>b__2() in /app/osu.Game/Tests/Beatmaps/BeatmapConversionTest.cs:line 98
   at NUnit.Framework.Assert.Multiple(TestDelegate testDelegate)
   at osu.Game.Tests.Beatmaps.BeatmapConversionTest`2.<>c__DisplayClass4_0.<Test>b__1() in /app/osu.Game/Tests/Beatmaps/BeatmapConversionTest.cs:line 77
   at NUnit.Framework.Assert.Multiple(TestDelegate testDelegate)
   at osu.Game.Tests.Beatmaps.BeatmapConversionTest`2.Test(String name, Type[] mods) in /app/osu.Game/Tests/Beatmaps/BeatmapConversionTest.cs:line 50
   at osu.Game.Rulesets.Catch.Tests.CatchBeatmapConversionTest.Test(String name, Type[] mods) in /app/osu.Game.Rulesets.Catch.Tests/CatchBeatmapConversionTest.cs:line 58
   at InvokeStub_CatchBeatmapConversionTest.Test(Object, Span`1)

22)    at osu.Game.Tests.Beatmaps.BeatmapConversionTest`2.<>c__DisplayClass4_1.<Test>b__2() in /app/osu.Game/Tests/Beatmaps/BeatmapConversionTest.cs:line 98
   at NUnit.Framework.Assert.Multiple(TestDelegate testDelegate)
   at osu.Game.Tests.Beatmaps.BeatmapConversionTest`2.<>c__DisplayClass4_0.<Test>b__1() in /app/osu.Game/Tests/Beatmaps/BeatmapConversionTest.cs:line 77
   at NUnit.Framework.Assert.Multiple(TestDelegate testDelegate)
   at osu.Game.Tests.Beatmaps.BeatmapConversionTest`2.Test(String name, Type[] mods) in /app/osu.Game/Tests/Beatmaps/BeatmapConversionTest.cs:line 50
   at osu.Game.Rulesets.Catch.Tests.CatchBeatmapConversionTest.Test(String name, Type[] mods) in /app/osu.Game.Rulesets.Catch.Tests/CatchBeatmapConversionTest.cs:line 58
   at InvokeStub_CatchBeatmapConversionTest.Test(Object, Span`1)

23)    at osu.Game.Tests.Beatmaps.BeatmapConversionTest`2.<>c__DisplayClass4_1.<Test>b__2() in /app/osu.Game/Tests/Beatmaps/BeatmapConversionTest.cs:line 98
   at NUnit.Framework.Assert.Multiple(TestDelegate testDelegate)
   at osu.Game.Tests.Beatmaps.BeatmapConversionTest`2.<>c__DisplayClass4_0.<Test>b__1() in /app/osu.Game/Tests/Beatmaps/BeatmapConversionTest.cs:line 77
   at NUnit.Framework.Assert.Multiple(TestDelegate testDelegate)
   at osu.Game.Tests.Beatmaps.BeatmapConversionTest`2.Test(String name, Type[] mods) in /app/osu.Game/Tests/Beatmaps/BeatmapConversionTest.cs:line 50
   at osu.Game.Rulesets.Catch.Tests.CatchBeatmapConversionTest.Test(String name, Type[] mods) in /app/osu.Game.Rulesets.Catch.Tests/CatchBeatmapConversionTest.cs:line 58
   at InvokeStub_CatchBeatmapConversionTest.Test(Object, Span`1)

24)    at osu.Game.Tests.Beatmaps.BeatmapConversionTest`2.<>c__DisplayClass4_1.<Test>b__2() in /app/osu.Game/Tests/Beatmaps/BeatmapConversionTest.cs:line 98
   at NUnit.Framework.Assert.Multiple(TestDelegate testDelegate)
   at osu.Game.Tests.Beatmaps.BeatmapConversionTest`2.<>c__DisplayClass4_0.<Test>b__1() in /app/osu.Game/Tests/Beatmaps/BeatmapConversionTest.cs:line 77
   at NUnit.Framework.Assert.Multiple(TestDelegate testDelegate)
   at osu.Game.Tests.Beatmaps.BeatmapConversionTest`2.Test(String name, Type[] mods) in /app/osu.Game/Tests/Beatmaps/BeatmapConversionTest.cs:line 50
   at osu.Game.Rulesets.Catch.Tests.CatchBeatmapConversionTest.Test(String name, Type[] mods) in /app/osu.Game.Rulesets.Catch.Tests/CatchBeatmapConversionTest.cs:line 58
   at InvokeStub_CatchBeatmapConversionTest.Test(Object, Span`1)

25)    at osu.Game.Tests.Beatmaps.BeatmapConversionTest`2.<>c__DisplayClass4_1.<Test>b__2() in /app/osu.Game/Tests/Beatmaps/BeatmapConversionTest.cs:line 98
   at NUnit.Framework.Assert.Multiple(TestDelegate testDelegate)
   at osu.Game.Tests.Beatmaps.BeatmapConversionTest`2.<>c__DisplayClass4_0.<Test>b__1() in /app/osu.Game/Tests/Beatmaps/BeatmapConversionTest.cs:line 77
   at NUnit.Framework.Assert.Multiple(TestDelegate testDelegate)
   at osu.Game.Tests.Beatmaps.BeatmapConversionTest`2.Test(String name, Type[] mods) in /app/osu.Game/Tests/Beatmaps/BeatmapConversionTest.cs:line 50
   at osu.Game.Rulesets.Catch.Tests.CatchBeatmapConversionTest.Test(String name, Type[] mods) in /app/osu.Game.Rulesets.Catch.Tests/CatchBeatmapConversionTest.cs:line 58
   at InvokeStub_CatchBeatmapConversionTest.Test(Object, Span`1)

26)    at osu.Game.Tests.Beatmaps.BeatmapConversionTest`2.<>c__DisplayClass4_1.<Test>b__2() in /app/osu.Game/Tests/Beatmaps/BeatmapConversionTest.cs:line 98
   at NUnit.Framework.Assert.Multiple(TestDelegate testDelegate)
   at osu.Game.Tests.Beatmaps.BeatmapConversionTest`2.<>c__DisplayClass4_0.<Test>b__1() in /app/osu.Game/Tests/Beatmaps/BeatmapConversionTest.cs:line 77
   at NUnit.Framework.Assert.Multiple(TestDelegate testDelegate)
   at osu.Game.Tests.Beatmaps.BeatmapConversionTest`2.Test(String name, Type[] mods) in /app/osu.Game/Tests/Beatmaps/BeatmapConversionTest.cs:line 50
   at osu.Game.Rulesets.Catch.Tests.CatchBeatmapConversionTest.Test(String name, Type[] mods) in /app/osu.Game.Rulesets.Catch.Tests/CatchBeatmapConversionTest.cs:line 58
   at InvokeStub_CatchBeatmapConversionTest.Test(Object, Span`1)

27)    at osu.Game.Tests.Beatmaps.BeatmapConversionTest`2.<>c__DisplayClass4_1.<Test>b__2() in /app/osu.Game/Tests/Beatmaps/BeatmapConversionTest.cs:line 98
   at NUnit.Framework.Assert.Multiple(TestDelegate testDelegate)
   at osu.Game.Tests.Beatmaps.BeatmapConversionTest`2.<>c__DisplayClass4_0.<Test>b__1() in /app/osu.Game/Tests/Beatmaps/BeatmapConversionTest.cs:line 77
   at NUnit.Framework.Assert.Multiple(TestDelegate testDelegate)
   at osu.Game.Tests.Beatmaps.BeatmapConversionTest`2.Test(String name, Type[] mods) in /app/osu.Game/Tests/Beatmaps/BeatmapConversionTest.cs:line 50
   at osu.Game.Rulesets.Catch.Tests.CatchBeatmapConversionTest.Test(String name, Type[] mods) in /app/osu.Game.Rulesets.Catch.Tests/CatchBeatmapConversionTest.cs:line 58
   at InvokeStub_CatchBeatmapConversionTest.Test(Object, Span`1)

28)    at osu.Game.Tests.Beatmaps.BeatmapConversionTest`2.<>c__DisplayClass4_1.<Test>b__2() in /app/osu.Game/Tests/Beatmaps/BeatmapConversionTest.cs:line 98
   at NUnit.Framework.Assert.Multiple(TestDelegate testDelegate)
   at osu.Game.Tests.Beatmaps.BeatmapConversionTest`2.<>c__DisplayClass4_0.<Test>b__1() in /app/osu.Game/Tests/Beatmaps/BeatmapConversionTest.cs:line 77
   at NUnit.Framework.Assert.Multiple(TestDelegate testDelegate)
   at osu.Game.Tests.Beatmaps.BeatmapConversionTest`2.Test(String name, Type[] mods) in /app/osu.Game/Tests/Beatmaps/BeatmapConversionTest.cs:line 50
   at osu.Game.Rulesets.Catch.Tests.CatchBeatmapConversionTest.Test(String name, Type[] mods) in /app/osu.Game.Rulesets.Catch.Tests/CatchBeatmapConversionTest.cs:line 58
   at InvokeStub_CatchBeatmapConversionTest.Test(Object, Span`1)

29)    at osu.Game.Tests.Beatmaps.BeatmapConversionTest`2.<>c__DisplayClass4_1.<Test>b__2() in /app/osu.Game/Tests/Beatmaps/BeatmapConversionTest.cs:line 98
   at NUnit.Framework.Assert.Multiple(TestDelegate testDelegate)
   at osu.Game.Tests.Beatmaps.BeatmapConversionTest`2.<>c__DisplayClass4_0.<Test>b__1() in /app/osu.Game/Tests/Beatmaps/BeatmapConversionTest.cs:line 77
   at NUnit.Framework.Assert.Multiple(TestDelegate testDelegate)
   at osu.Game.Tests.Beatmaps.BeatmapConversionTest`2.Test(String name, Type[] mods) in /app/osu.Game/Tests/Beatmaps/BeatmapConversionTest.cs:line 50
   at osu.Game.Rulesets.Catch.Tests.CatchBeatmapConversionTest.Test(String name, Type[] mods) in /app/osu.Game.Rulesets.Catch.Tests/CatchBeatmapConversionTest.cs:line 58
   at InvokeStub_CatchBeatmapConversionTest.Test(Object, Span`1)

30)    at osu.Game.Tests.Beatmaps.BeatmapConversionTest`2.<>c__DisplayClass4_1.<Test>b__2() in /app/osu.Game/Tests/Beatmaps/BeatmapConversionTest.cs:line 98
   at NUnit.Framework.Assert.Multiple(TestDelegate testDelegate)
   at osu.Game.Tests.Beatmaps.BeatmapConversionTest`2.<>c__DisplayClass4_0.<Test>b__1() in /app/osu.Game/Tests/Beatmaps/BeatmapConversionTest.cs:line 77
   at NUnit.Framework.Assert.Multiple(TestDelegate testDelegate)
   at osu.Game.Tests.Beatmaps.BeatmapConversionTest`2.Test(String name, Type[] mods) in /app/osu.Game/Tests/Beatmaps/BeatmapConversionTest.cs:line 50
   at osu.Game.Rulesets.Catch.Tests.CatchBeatmapConversionTest.Test(String name, Type[] mods) in /app/osu.Game.Rulesets.Catch.Tests/CatchBeatmapConversionTest.cs:line 58
   at InvokeStub_CatchBeatmapConversionTest.Test(Object, Span`1)

31)    at osu.Game.Tests.Beatmaps.BeatmapConversionTest`2.<>c__DisplayClass4_1.<Test>b__2() in /app/osu.Game/Tests/Beatmaps/BeatmapConversionTest.cs:line 98
   at NUnit.Framework.Assert.Multiple(TestDelegate testDelegate)
   at osu.Game.Tests.Beatmaps.BeatmapConversionTest`2.<>c__DisplayClass4_0.<Test>b__1() in /app/osu.Game/Tests/Beatmaps/BeatmapConversionTest.cs:line 77
   at NUnit.Framework.Assert.Multiple(TestDelegate testDelegate)
   at osu.Game.Tests.Beatmaps.BeatmapConversionTest`2.Test(String name, Type[] mods) in /app/osu.Game/Tests/Beatmaps/BeatmapConversionTest.cs:line 50
   at osu.Game.Rulesets.Catch.Tests.CatchBeatmapConversionTest.Test(String name, Type[] mods) in /app/osu.Game.Rulesets.Catch.Tests/CatchBeatmapConversionTest.cs:line 58
   at InvokeStub_CatchBeatmapConversionTest.Test(Object, Span`1)

32)    at osu.Game.Tests.Beatmaps.BeatmapConversionTest`2.<>c__DisplayClass4_1.<Test>b__2() in /app/osu.Game/Tests/Beatmaps/BeatmapConversionTest.cs:line 98
   at NUnit.Framework.Assert.Multiple(TestDelegate testDelegate)
   at osu.Game.Tests.Beatmaps.BeatmapConversionTest`2.<>c__DisplayClass4_0.<Test>b__1() in /app/osu.Game/Tests/Beatmaps/BeatmapConversionTest.cs:line 77
   at NUnit.Framework.Assert.Multiple(TestDelegate testDelegate)
   at osu.Game.Tests.Beatmaps.BeatmapConversionTest`2.Test(String name, Type[] mods) in /app/osu.Game/Tests/Beatmaps/BeatmapConversionTest.cs:line 50
   at osu.Game.Rulesets.Catch.Tests.CatchBeatmapConversionTest.Test(String name, Type[] mods) in /app/osu.Game.Rulesets.Catch.Tests/CatchBeatmapConversionTest.cs:line 58
   at InvokeStub_CatchBeatmapConversionTest.Test(Object, Span`1)

33)    at osu.Game.Tests.Beatmaps.BeatmapConversionTest`2.<>c__DisplayClass4_1.<Test>b__2() in /app/osu.Game/Tests/Beatmaps/BeatmapConversionTest.cs:line 98
   at NUnit.Framework.Assert.Multiple(TestDelegate testDelegate)
   at osu.Game.Tests.Beatmaps.BeatmapConversionTest`2.<>c__DisplayClass4_0.<Test>b__1() in /app/osu.Game/Tests/Beatmaps/BeatmapConversionTest.cs:line 77
   at NUnit.Framework.Assert.Multiple(TestDelegate testDelegate)
   at osu.Game.Tests.Beatmaps.BeatmapConversionTest`2.Test(String name, Type[] mods) in /app/osu.Game/Tests/Beatmaps/BeatmapConversionTest.cs:line 50
   at osu.Game.Rulesets.Catch.Tests.CatchBeatmapConversionTest.Test(String name, Type[] mods) in /app/osu.Game.Rulesets.Catch.Tests/CatchBeatmapConversionTest.cs:line 58
   at InvokeStub_CatchBeatmapConversionTest.Test(Object, Span`1)

34)    at osu.Game.Tests.Beatmaps.BeatmapConversionTest`2.<>c__DisplayClass4_1.<Test>b__2() in /app/osu.Game/Tests/Beatmaps/BeatmapConversionTest.cs:line 98
   at NUnit.Framework.Assert.Multiple(TestDelegate testDelegate)
   at osu.Game.Tests.Beatmaps.BeatmapConversionTest`2.<>c__DisplayClass4_0.<Test>b__1() in /app/osu.Game/Tests/Beatmaps/BeatmapConversionTest.cs:line 77
   at NUnit.Framework.Assert.Multiple(TestDelegate testDelegate)
   at osu.Game.Tests.Beatmaps.BeatmapConversionTest`2.Test(String name, Type[] mods) in /app/osu.Game/Tests/Beatmaps/BeatmapConversionTest.cs:line 50
   at osu.Game.Rulesets.Catch.Tests.CatchBeatmapConversionTest.Test(String name, Type[] mods) in /app/osu.Game.Rulesets.Catch.Tests/CatchBeatmapConversionTest.cs:line 58
   at InvokeStub_CatchBeatmapConversionTest.Test(Object, Span`1)

35)    at osu.Game.Tests.Beatmaps.BeatmapConversionTest`2.<>c__DisplayClass4_1.<Test>b__2() in /app/osu.Game/Tests/Beatmaps/BeatmapConversionTest.cs:line 98
   at NUnit.Framework.Assert.Multiple(TestDelegate testDelegate)
   at osu.Game.Tests.Beatmaps.BeatmapConversionTest`2.<>c__DisplayClass4_0.<Test>b__1() in /app/osu.Game/Tests/Beatmaps/BeatmapConversionTest.cs:line 77
   at NUnit.Framework.Assert.Multiple(TestDelegate testDelegate)
   at osu.Game.Tests.Beatmaps.BeatmapConversionTest`2.Test(String name, Type[] mods) in /app/osu.Game/Tests/Beatmaps/BeatmapConversionTest.cs:line 50
   at osu.Game.Rulesets.Catch.Tests.CatchBeatmapConversionTest.Test(String name, Type[] mods) in /app/osu.Game.Rulesets.Catch.Tests/CatchBeatmapConversionTest.cs:line 58
   at InvokeStub_CatchBeatmapConversionTest.Test(Object, Span`1)

36)    at osu.Game.Tests.Beatmaps.BeatmapConversionTest`2.<>c__DisplayClass4_1.<Test>b__2() in /app/osu.Game/Tests/Beatmaps/BeatmapConversionTest.cs:line 98
   at NUnit.Framework.Assert.Multiple(TestDelegate testDelegate)
   at osu.Game.Tests.Beatmaps.BeatmapConversionTest`2.<>c__DisplayClass4_0.<Test>b__1() in /app/osu.Game/Tests/Beatmaps/BeatmapConversionTest.cs:line 77
   at NUnit.Framework.Assert.Multiple(TestDelegate testDelegate)
   at osu.Game.Tests.Beatmaps.BeatmapConversionTest`2.Test(String name, Type[] mods) in /app/osu.Game/Tests/Beatmaps/BeatmapConversionTest.cs:line 50
   at osu.Game.Rulesets.Catch.Tests.CatchBeatmapConversionTest.Test(String name, Type[] mods) in /app/osu.Game.Rulesets.Catch.Tests/CatchBeatmapConversionTest.cs:line 58
   at InvokeStub_CatchBeatmapConversionTest.Test(Object, Span`1)

37)    at osu.Game.Tests.Beatmaps.BeatmapConversionTest`2.<>c__DisplayClass4_1.<Test>b__2() in /app/osu.Game/Tests/Beatmaps/BeatmapConversionTest.cs:line 98
   at NUnit.Framework.Assert.Multiple(TestDelegate testDelegate)
   at osu.Game.Tests.Beatmaps.BeatmapConversionTest`2.<>c__DisplayClass4_0.<Test>b__1() in /app/osu.Game/Tests/Beatmaps/BeatmapConversionTest.cs:line 77
   at NUnit.Framework.Assert.Multiple(TestDelegate testDelegate)
   at osu.Game.Tests.Beatmaps.BeatmapConversionTest`2.Test(String name, Type[] mods) in /app/osu.Game/Tests/Beatmaps/BeatmapConversionTest.cs:line 50
   at osu.Game.Rulesets.Catch.Tests.CatchBeatmapConversionTest.Test(String name, Type[] mods) in /app/osu.Game.Rulesets.Catch.Tests/CatchBeatmapConversionTest.cs:line 58
   at InvokeStub_CatchBeatmapConversionTest.Test(Object, Span`1)

38)    at osu.Game.Tests.Beatmaps.BeatmapConversionTest`2.<>c__DisplayClass4_1.<Test>b__2() in /app/osu.Game/Tests/Beatmaps/BeatmapConversionTest.cs:line 98
   at NUnit.Framework.Assert.Multiple(TestDelegate testDelegate)
   at osu.Game.Tests.Beatmaps.BeatmapConversionTest`2.<>c__DisplayClass4_0.<Test>b__1() in /app/osu.Game/Tests/Beatmaps/BeatmapConversionTest.cs:line 77
   at NUnit.Framework.Assert.Multiple(TestDelegate testDelegate)
   at osu.Game.Tests.Beatmaps.BeatmapConversionTest`2.Test(String name, Type[] mods) in /app/osu.Game/Tests/Beatmaps/BeatmapConversionTest.cs:line 50
   at osu.Game.Rulesets.Catch.Tests.CatchBeatmapConversionTest.Test(String name, Type[] mods) in /app/osu.Game.Rulesets.Catch.Tests/CatchBeatmapConversionTest.cs:line 58
   at InvokeStub_CatchBeatmapConversionTest.Test(Object, Span`1)

39)    at osu.Game.Tests.Beatmaps.BeatmapConversionTest`2.<>c__DisplayClass4_1.<Test>b__2() in /app/osu.Game/Tests/Beatmaps/BeatmapConversionTest.cs:line 98
   at NUnit.Framework.Assert.Multiple(TestDelegate testDelegate)
   at osu.Game.Tests.Beatmaps.BeatmapConversionTest`2.<>c__DisplayClass4_0.<Test>b__1() in /app/osu.Game/Tests/Beatmaps/BeatmapConversionTest.cs:line 77
   at NUnit.Framework.Assert.Multiple(TestDelegate testDelegate)
   at osu.Game.Tests.Beatmaps.BeatmapConversionTest`2.Test(String name, Type[] mods) in /app/osu.Game/Tests/Beatmaps/BeatmapConversionTest.cs:line 50
   at osu.Game.Rulesets.Catch.Tests.CatchBeatmapConversionTest.Test(String name, Type[] mods) in /app/osu.Game.Rulesets.Catch.Tests/CatchBeatmapConversionTest.cs:line 58
   at InvokeStub_CatchBeatmapConversionTest.Test(Object, Span`1)

40)    at osu.Game.Tests.Beatmaps.BeatmapConversionTest`2.<>c__DisplayClass4_1.<Test>b__2() in /app/osu.Game/Tests/Beatmaps/BeatmapConversionTest.cs:line 98
   at NUnit.Framework.Assert.Multiple(TestDelegate testDelegate)
   at osu.Game.Tests.Beatmaps.BeatmapConversionTest`2.<>c__DisplayClass4_0.<Test>b__1() in /app/osu.Game/Tests/Beatmaps/BeatmapConversionTest.cs:line 77
   at NUnit.Framework.Assert.Multiple(TestDelegate testDelegate)
   at osu.Game.Tests.Beatmaps.BeatmapConversionTest`2.Test(String name, Type[] mods) in /app/osu.Game/Tests/Beatmaps/BeatmapConversionTest.cs:line 50
   at osu.Game.Rulesets.Catch.Tests.CatchBeatmapConversionTest.Test(String name, Type[] mods) in /app/osu.Game.Rulesets.Catch.Tests/CatchBeatmapConversionTest.cs:line 58
   at InvokeStub_CatchBeatmapConversionTest.Test(Object, Span`1)

41)    at osu.Game.Tests.Beatmaps.BeatmapConversionTest`2.<>c__DisplayClass4_1.<Test>b__2() in /app/osu.Game/Tests/Beatmaps/BeatmapConversionTest.cs:line 98
   at NUnit.Framework.Assert.Multiple(TestDelegate testDelegate)
   at osu.Game.Tests.Beatmaps.BeatmapConversionTest`2.<>c__DisplayClass4_0.<Test>b__1() in /app/osu.Game/Tests/Beatmaps/BeatmapConversionTest.cs:line 77
   at NUnit.Framework.Assert.Multiple(TestDelegate testDelegate)
   at osu.Game.Tests.Beatmaps.BeatmapConversionTest`2.Test(String name, Type[] mods) in /app/osu.Game/Tests/Beatmaps/BeatmapConversionTest.cs:line 50
   at osu.Game.Rulesets.Catch.Tests.CatchBeatmapConversionTest.Test(String name, Type[] mods) in /app/osu.Game.Rulesets.Catch.Tests/CatchBeatmapConversionTest.cs:line 58
   at InvokeStub_CatchBeatmapConversionTest.Test(Object, Span`1)

42)    at osu.Game.Tests.Beatmaps.BeatmapConversionTest`2.<>c__DisplayClass4_1.<Test>b__2() in /app/osu.Game/Tests/Beatmaps/BeatmapConversionTest.cs:line 98
   at NUnit.Framework.Assert.Multiple(TestDelegate testDelegate)
   at osu.Game.Tests.Beatmaps.BeatmapConversionTest`2.<>c__DisplayClass4_0.<Test>b__1() in /app/osu.Game/Tests/Beatmaps/BeatmapConversionTest.cs:line 77
   at NUnit.Framework.Assert.Multiple(TestDelegate testDelegate)
   at osu.Game.Tests.Beatmaps.BeatmapConversionTest`2.Test(String name, Type[] mods) in /app/osu.Game/Tests/Beatmaps/BeatmapConversionTest.cs:line 50
   at osu.Game.Rulesets.Catch.Tests.CatchBeatmapConversionTest.Test(String name, Type[] mods) in /app/osu.Game.Rulesets.Catch.Tests/CatchBeatmapConversionTest.cs:line 58
   at InvokeStub_CatchBeatmapConversionTest.Test(Object, Span`1)

43)    at osu.Game.Tests.Beatmaps.BeatmapConversionTest`2.<>c__DisplayClass4_1.<Test>b__2() in /app/osu.Game/Tests/Beatmaps/BeatmapConversionTest.cs:line 98
   at NUnit.Framework.Assert.Multiple(TestDelegate testDelegate)
   at osu.Game.Tests.Beatmaps.BeatmapConversionTest`2.<>c__DisplayClass4_0.<Test>b__1() in /app/osu.Game/Tests/Beatmaps/BeatmapConversionTest.cs:line 77
   at NUnit.Framework.Assert.Multiple(TestDelegate testDelegate)
   at osu.Game.Tests.Beatmaps.BeatmapConversionTest`2.Test(String name, Type[] mods) in /app/osu.Game/Tests/Beatmaps/BeatmapConversionTest.cs:line 50
   at osu.Game.Rulesets.Catch.Tests.CatchBeatmapConversionTest.Test(String name, Type[] mods) in /app/osu.Game.Rulesets.Catch.Tests/CatchBeatmapConversionTest.cs:line 58
   at InvokeStub_CatchBeatmapConversionTest.Test(Object, Span`1)

44)    at osu.Game.Tests.Beatmaps.BeatmapConversionTest`2.<>c__DisplayClass4_1.<Test>b__2() in /app/osu.Game/Tests/Beatmaps/BeatmapConversionTest.cs:line 98
   at NUnit.Framework.Assert.Multiple(TestDelegate testDelegate)
   at osu.Game.Tests.Beatmaps.BeatmapConversionTest`2.<>c__DisplayClass4_0.<Test>b__1() in /app/osu.Game/Tests/Beatmaps/BeatmapConversionTest.cs:line 77
   at NUnit.Framework.Assert.Multiple(TestDelegate testDelegate)
   at osu.Game.Tests.Beatmaps.BeatmapConversionTest`2.Test(String name, Type[] mods) in /app/osu.Game/Tests/Beatmaps/BeatmapConversionTest.cs:line 50
   at osu.Game.Rulesets.Catch.Tests.CatchBeatmapConversionTest.Test(String name, Type[] mods) in /app/osu.Game.Rulesets.Catch.Tests/CatchBeatmapConversionTest.cs:line 58
   at InvokeStub_CatchBeatmapConversionTest.Test(Object, Span`1)

45)    at osu.Game.Tests.Beatmaps.BeatmapConversionTest`2.<>c__DisplayClass4_1.<Test>b__2() in /app/osu.Game/Tests/Beatmaps/BeatmapConversionTest.cs:line 98
   at NUnit.Framework.Assert.Multiple(TestDelegate testDelegate)
   at osu.Game.Tests.Beatmaps.BeatmapConversionTest`2.<>c__DisplayClass4_0.<Test>b__1() in /app/osu.Game/Tests/Beatmaps/BeatmapConversionTest.cs:line 77
   at NUnit.Framework.Assert.Multiple(TestDelegate testDelegate)
   at osu.Game.Tests.Beatmaps.BeatmapConversionTest`2.Test(String name, Type[] mods) in /app/osu.Game/Tests/Beatmaps/BeatmapConversionTest.cs:line 50
   at osu.Game.Rulesets.Catch.Tests.CatchBeatmapConversionTest.Test(String name, Type[] mods) in /app/osu.Game.Rulesets.Catch.Tests/CatchBeatmapConversionTest.cs:line 58
   at InvokeStub_CatchBeatmapConversionTest.Test(Object, Span`1)

46)    at osu.Game.Tests.Beatmaps.BeatmapConversionTest`2.<>c__DisplayClass4_1.<Test>b__2() in /app/osu.Game/Tests/Beatmaps/BeatmapConversionTest.cs:line 98
   at NUnit.Framework.Assert.Multiple(TestDelegate testDelegate)
   at osu.Game.Tests.Beatmaps.BeatmapConversionTest`2.<>c__DisplayClass4_0.<Test>b__1() in /app/osu.Game/Tests/Beatmaps/BeatmapConversionTest.cs:line 77
   at NUnit.Framework.Assert.Multiple(TestDelegate testDelegate)
   at osu.Game.Tests.Beatmaps.BeatmapConversionTest`2.Test(String name, Type[] mods) in /app/osu.Game/Tests/Beatmaps/BeatmapConversionTest.cs:line 50
   at osu.Game.Rulesets.Catch.Tests.CatchBeatmapConversionTest.Test(String name, Type[] mods) in /app/osu.Game.Rulesets.Catch.Tests/CatchBeatmapConversionTest.cs:line 58
   at InvokeStub_CatchBeatmapConversionTest.Test(Object, Span`1)

47)    at osu.Game.Tests.Beatmaps.BeatmapConversionTest`2.<>c__DisplayClass4_1.<Test>b__2() in /app/osu.Game/Tests/Beatmaps/BeatmapConversionTest.cs:line 98
   at NUnit.Framework.Assert.Multiple(TestDelegate testDelegate)
   at osu.Game.Tests.Beatmaps.BeatmapConversionTest`2.<>c__DisplayClass4_0.<Test>b__1() in /app/osu.Game/Tests/Beatmaps/BeatmapConversionTest.cs:line 77
   at NUnit.Framework.Assert.Multiple(TestDelegate testDelegate)
   at osu.Game.Tests.Beatmaps.BeatmapConversionTest`2.Test(String name, Type[] mods) in /app/osu.Game/Tests/Beatmaps/BeatmapConversionTest.cs:line 50
   at osu.Game.Rulesets.Catch.Tests.CatchBeatmapConversionTest.Test(String name, Type[] mods) in /app/osu.Game.Rulesets.Catch.Tests/CatchBeatmapConversionTest.cs:line 58
   at InvokeStub_CatchBeatmapConversionTest.Test(Object, Span`1)

48)    at osu.Game.Tests.Beatmaps.BeatmapConversionTest`2.<>c__DisplayClass4_1.<Test>b__2() in /app/osu.Game/Tests/Beatmaps/BeatmapConversionTest.cs:line 98
   at NUnit.Framework.Assert.Multiple(TestDelegate testDelegate)
   at osu.Game.Tests.Beatmaps.BeatmapConversionTest`2.<>c__DisplayClass4_0.<Test>b__1() in /app/osu.Game/Tests/Beatmaps/BeatmapConversionTest.cs:line 77
   at NUnit.Framework.Assert.Multiple(TestDelegate testDelegate)
   at osu.Game.Tests.Beatmaps.BeatmapConversionTest`2.Test(String name, Type[] mods) in /app/osu.Game/Tests/Beatmaps/BeatmapConversionTest.cs:line 50
   at osu.Game.Rulesets.Catch.Tests.CatchBeatmapConversionTest.Test(String name, Type[] mods) in /app/osu.Game.Rulesets.Catch.Tests/CatchBeatmapConversionTest.cs:line 58
   at InvokeStub_CatchBeatmapConversionTest.Test(Object, Span`1)

49)    at osu.Game.Tests.Beatmaps.BeatmapConversionTest`2.<>c__DisplayClass4_1.<Test>b__2() in /app/osu.Game/Tests/Beatmaps/BeatmapConversionTest.cs:line 98
   at NUnit.Framework.Assert.Multiple(TestDelegate testDelegate)
   at osu.Game.Tests.Beatmaps.BeatmapConversionTest`2.<>c__DisplayClass4_0.<Test>b__1() in /app/osu.Game/Tests/Beatmaps/BeatmapConversionTest.cs:line 77
   at NUnit.Framework.Assert.Multiple(TestDelegate testDelegate)
   at osu.Game.Tests.Beatmaps.BeatmapConversionTest`2.Test(String name, Type[] mods) in /app/osu.Game/Tests/Beatmaps/BeatmapConversionTest.cs:line 50
   at osu.Game.Rulesets.Catch.Tests.CatchBeatmapConversionTest.Test(String name, Type[] mods) in /app/osu.Game.Rulesets.Catch.Tests/CatchBeatmapConversionTest.cs:line 58
   at InvokeStub_CatchBeatmapConversionTest.Test(Object, Span`1)

50)    at osu.Game.Tests.Beatmaps.BeatmapConversionTest`2.<>c__DisplayClass4_1.<Test>b__2() in /app/osu.Game/Tests/Beatmaps/BeatmapConversionTest.cs:line 98
   at NUnit.Framework.Assert.Multiple(TestDelegate testDelegate)
   at osu.Game.Tests.Beatmaps.BeatmapConversionTest`2.<>c__DisplayClass4_0.<Test>b__1() in /app/osu.Game/Tests/Beatmaps/BeatmapConversionTest.cs:line 77
   at NUnit.Framework.Assert.Multiple(TestDelegate testDelegate)
   at osu.Game.Tests.Beatmaps.BeatmapConversionTest`2.Test(String name, Type[] mods) in /app/osu.Game/Tests/Beatmaps/BeatmapConversionTest.cs:line 50
   at osu.Game.Rulesets.Catch.Tests.CatchBeatmapConversionTest.Test(String name, Type[] mods) in /app/osu.Game.Rulesets.Catch.Tests/CatchBeatmapConversionTest.cs:line 58
   at InvokeStub_CatchBeatmapConversionTest.Test(Object, Span`1)

51)    at osu.Game.Tests.Beatmaps.BeatmapConversionTest`2.<>c__DisplayClass4_1.<Test>b__2() in /app/osu.Game/Tests/Beatmaps/BeatmapConversionTest.cs:line 98
   at NUnit.Framework.Assert.Multiple(TestDelegate testDelegate)
   at osu.Game.Tests.Beatmaps.BeatmapConversionTest`2.<>c__DisplayClass4_0.<Test>b__1() in /app/osu.Game/Tests/Beatmaps/BeatmapConversionTest.cs:line 77
   at NUnit.Framework.Assert.Multiple(TestDelegate testDelegate)
   at osu.Game.Tests.Beatmaps.BeatmapConversionTest`2.Test(String name, Type[] mods) in /app/osu.Game/Tests/Beatmaps/BeatmapConversionTest.cs:line 50
   at osu.Game.Rulesets.Catch.Tests.CatchBeatmapConversionTest.Test(String name, Type[] mods) in /app/osu.Game.Rulesets.Catch.Tests/CatchBeatmapConversionTest.cs:line 58
   at InvokeStub_CatchBeatmapConversionTest.Test(Object, Span`1)

52)    at osu.Game.Tests.Beatmaps.BeatmapConversionTest`2.<>c__DisplayClass4_1.<Test>b__2() in /app/osu.Game/Tests/Beatmaps/BeatmapConversionTest.cs:line 98
   at NUnit.Framework.Assert.Multiple(TestDelegate testDelegate)
   at osu.Game.Tests.Beatmaps.BeatmapConversionTest`2.<>c__DisplayClass4_0.<Test>b__1() in /app/osu.Game/Tests/Beatmaps/BeatmapConversionTest.cs:line 77
   at NUnit.Framework.Assert.Multiple(TestDelegate testDelegate)
   at osu.Game.Tests.Beatmaps.BeatmapConversionTest`2.Test(String name, Type[] mods) in /app/osu.Game/Tests/Beatmaps/BeatmapConversionTest.cs:line 50
   at osu.Game.Rulesets.Catch.Tests.CatchBeatmapConversionTest.Test(String name, Type[] mods) in /app/osu.Game.Rulesets.Catch.Tests/CatchBeatmapConversionTest.cs:line 58
   at InvokeStub_CatchBeatmapConversionTest.Test(Object, Span`1)

53)    at osu.Game.Tests.Beatmaps.BeatmapConversionTest`2.<>c__DisplayClass4_1.<Test>b__2() in /app/osu.Game/Tests/Beatmaps/BeatmapConversionTest.cs:line 98
   at NUnit.Framework.Assert.Multiple(TestDelegate testDelegate)
   at osu.Game.Tests.Beatmaps.BeatmapConversionTest`2.<>c__DisplayClass4_0.<Test>b__1() in /app/osu.Game/Tests/Beatmaps/BeatmapConversionTest.cs:line 77
   at NUnit.Framework.Assert.Multiple(TestDelegate testDelegate)
   at osu.Game.Tests.Beatmaps.BeatmapConversionTest`2.Test(String name, Type[] mods) in /app/osu.Game/Tests/Beatmaps/BeatmapConversionTest.cs:line 50
   at osu.Game.Rulesets.Catch.Tests.CatchBeatmapConversionTest.Test(String name, Type[] mods) in /app/osu.Game.Rulesets.Catch.Tests/CatchBeatmapConversionTest.cs:line 58
   at InvokeStub_CatchBeatmapConversionTest.Test(Object, Span`1)

54)    at osu.Game.Tests.Beatmaps.BeatmapConversionTest`2.<>c__DisplayClass4_1.<Test>b__2() in /app/osu.Game/Tests/Beatmaps/BeatmapConversionTest.cs:line 98
   at NUnit.Framework.Assert.Multiple(TestDelegate testDelegate)
   at osu.Game.Tests.Beatmaps.BeatmapConversionTest`2.<>c__DisplayClass4_0.<Test>b__1() in /app/osu.Game/Tests/Beatmaps/BeatmapConversionTest.cs:line 77
   at NUnit.Framework.Assert.Multiple(TestDelegate testDelegate)
   at osu.Game.Tests.Beatmaps.BeatmapConversionTest`2.Test(String name, Type[] mods) in /app/osu.Game/Tests/Beatmaps/BeatmapConversionTest.cs:line 50
   at osu.Game.Rulesets.Catch.Tests.CatchBeatmapConversionTest.Test(String name, Type[] mods) in /app/osu.Game.Rulesets.Catch.Tests/CatchBeatmapConversionTest.cs:line 58
   at InvokeStub_CatchBeatmapConversionTest.Test(Object, Span`1)

55)    at osu.Game.Tests.Beatmaps.BeatmapConversionTest`2.<>c__DisplayClass4_1.<Test>b__2() in /app/osu.Game/Tests/Beatmaps/BeatmapConversionTest.cs:line 98
   at NUnit.Framework.Assert.Multiple(TestDelegate testDelegate)
   at osu.Game.Tests.Beatmaps.BeatmapConversionTest`2.<>c__DisplayClass4_0.<Test>b__1() in /app/osu.Game/Tests/Beatmaps/BeatmapConversionTest.cs:line 77
   at NUnit.Framework.Assert.Multiple(TestDelegate testDelegate)
   at osu.Game.Tests.Beatmaps.BeatmapConversionTest`2.Test(String name, Type[] mods) in /app/osu.Game/Tests/Beatmaps/BeatmapConversionTest.cs:line 50
   at osu.Game.Rulesets.Catch.Tests.CatchBeatmapConversionTest.Test(String name, Type[] mods) in /app/osu.Game.Rulesets.Catch.Tests/CatchBeatmapConversionTest.cs:line 58
   at InvokeStub_CatchBeatmapConversionTest.Test(Object, Span`1)

56)    at osu.Game.Tests.Beatmaps.BeatmapConversionTest`2.<>c__DisplayClass4_1.<Test>b__2() in /app/osu.Game/Tests/Beatmaps/BeatmapConversionTest.cs:line 98
   at NUnit.Framework.Assert.Multiple(TestDelegate testDelegate)
   at osu.Game.Tests.Beatmaps.BeatmapConversionTest`2.<>c__DisplayClass4_0.<Test>b__1() in /app/osu.Game/Tests/Beatmaps/BeatmapConversionTest.cs:line 77
   at NUnit.Framework.Assert.Multiple(TestDelegate testDelegate)
   at osu.Game.Tests.Beatmaps.BeatmapConversionTest`2.Test(String name, Type[] mods) in /app/osu.Game/Tests/Beatmaps/BeatmapConversionTest.cs:line 50
   at osu.Game.Rulesets.Catch.Tests.CatchBeatmapConversionTest.Test(String name, Type[] mods) in /app/osu.Game.Rulesets.Catch.Tests/CatchBeatmapConversionTest.cs:line 58
   at InvokeStub_CatchBeatmapConversionTest.Test(Object, Span`1)

57)    at osu.Game.Tests.Beatmaps.BeatmapConversionTest`2.<>c__DisplayClass4_1.<Test>b__2() in /app/osu.Game/Tests/Beatmaps/BeatmapConversionTest.cs:line 98
   at NUnit.Framework.Assert.Multiple(TestDelegate testDelegate)
   at osu.Game.Tests.Beatmaps.BeatmapConversionTest`2.<>c__DisplayClass4_0.<Test>b__1() in /app/osu.Game/Tests/Beatmaps/BeatmapConversionTest.cs:line 77
   at NUnit.Framework.Assert.Multiple(TestDelegate testDelegate)
   at osu.Game.Tests.Beatmaps.BeatmapConversionTest`2.Test(String name, Type[] mods) in /app/osu.Game/Tests/Beatmaps/BeatmapConversionTest.cs:line 50
   at osu.Game.Rulesets.Catch.Tests.CatchBeatmapConversionTest.Test(String name, Type[] mods) in /app/osu.Game.Rulesets.Catch.Tests/CatchBeatmapConversionTest.cs:line 58
   at InvokeStub_CatchBeatmapConversionTest.Test(Object, Span`1)

58)    at osu.Game.Tests.Beatmaps.BeatmapConversionTest`2.<>c__DisplayClass4_1.<Test>b__2() in /app/osu.Game/Tests/Beatmaps/BeatmapConversionTest.cs:line 98
   at NUnit.Framework.Assert.Multiple(TestDelegate testDelegate)
   at osu.Game.Tests.Beatmaps.BeatmapConversionTest`2.<>c__DisplayClass4_0.<Test>b__1() in /app/osu.Game/Tests/Beatmaps/BeatmapConversionTest.cs:line 77
   at NUnit.Framework.Assert.Multiple(TestDelegate testDelegate)
   at osu.Game.Tests.Beatmaps.BeatmapConversionTest`2.Test(String name, Type[] mods) in /app/osu.Game/Tests/Beatmaps/BeatmapConversionTest.cs:line 50
   at osu.Game.Rulesets.Catch.Tests.CatchBeatmapConversionTest.Test(String name, Type[] mods) in /app/osu.Game.Rulesets.Catch.Tests/CatchBeatmapConversionTest.cs:line 58
   at InvokeStub_CatchBeatmapConversionTest.Test(Object, Span`1)

59)    at osu.Game.Tests.Beatmaps.BeatmapConversionTest`2.<>c__DisplayClass4_1.<Test>b__2() in /app/osu.Game/Tests/Beatmaps/BeatmapConversionTest.cs:line 98
   at NUnit.Framework.Assert.Multiple(TestDelegate testDelegate)
   at osu.Game.Tests.Beatmaps.BeatmapConversionTest`2.<>c__DisplayClass4_0.<Test>b__1() in /app/osu.Game/Tests/Beatmaps/BeatmapConversionTest.cs:line 77
   at NUnit.Framework.Assert.Multiple(TestDelegate testDelegate)
   at osu.Game.Tests.Beatmaps.BeatmapConversionTest`2.Test(String name, Type[] mods) in /app/osu.Game/Tests/Beatmaps/BeatmapConversionTest.cs:line 50
   at osu.Game.Rulesets.Catch.Tests.CatchBeatmapConversionTest.Test(String name, Type[] mods) in /app/osu.Game.Rulesets.Catch.Tests/CatchBeatmapConversionTest.cs:line 58
   at InvokeStub_CatchBeatmapConversionTest.Test(Object, Span`1)

60)    at osu.Game.Tests.Beatmaps.BeatmapConversionTest`2.<>c__DisplayClass4_1.<Test>b__2() in /app/osu.Game/Tests/Beatmaps/BeatmapConversionTest.cs:line 98
   at NUnit.Framework.Assert.Multiple(TestDelegate testDelegate)
   at osu.Game.Tests.Beatmaps.BeatmapConversionTest`2.<>c__DisplayClass4_0.<Test>b__1() in /app/osu.Game/Tests/Beatmaps/BeatmapConversionTest.cs:line 77
   at NUnit.Framework.Assert.Multiple(TestDelegate testDelegate)
   at osu.Game.Tests.Beatmaps.BeatmapConversionTest`2.Test(String name, Type[] mods) in /app/osu.Game/Tests/Beatmaps/BeatmapConversionTest.cs:line 50
   at osu.Game.Rulesets.Catch.Tests.CatchBeatmapConversionTest.Test(String name, Type[] mods) in /app/osu.Game.Rulesets.Catch.Tests/CatchBeatmapConversionTest.cs:line 58
   at InvokeStub_CatchBeatmapConversionTest.Test(Object, Span`1)

61)    at osu.Game.Tests.Beatmaps.BeatmapConversionTest`2.<>c__DisplayClass4_1.<Test>b__2() in /app/osu.Game/Tests/Beatmaps/BeatmapConversionTest.cs:line 98
   at NUnit.Framework.Assert.Multiple(TestDelegate testDelegate)
   at osu.Game.Tests.Beatmaps.BeatmapConversionTest`2.<>c__DisplayClass4_0.<Test>b__1() in /app/osu.Game/Tests/Beatmaps/BeatmapConversionTest.cs:line 77
   at NUnit.Framework.Assert.Multiple(TestDelegate testDelegate)
   at osu.Game.Tests.Beatmaps.BeatmapConversionTest`2.Test(String name, Type[] mods) in /app/osu.Game/Tests/Beatmaps/BeatmapConversionTest.cs:line 50
   at osu.Game.Rulesets.Catch.Tests.CatchBeatmapConversionTest.Test(String name, Type[] mods) in /app/osu.Game.Rulesets.Catch.Tests/CatchBeatmapConversionTest.cs:line 58
   at InvokeStub_CatchBeatmapConversionTest.Test(Object, Span`1)

62)    at osu.Game.Tests.Beatmaps.BeatmapConversionTest`2.<>c__DisplayClass4_1.<Test>b__2() in /app/osu.Game/Tests/Beatmaps/BeatmapConversionTest.cs:line 98
   at NUnit.Framework.Assert.Multiple(TestDelegate testDelegate)
   at osu.Game.Tests.Beatmaps.BeatmapConversionTest`2.<>c__DisplayClass4_0.<Test>b__1() in /app/osu.Game/Tests/Beatmaps/BeatmapConversionTest.cs:line 77
   at NUnit.Framework.Assert.Multiple(TestDelegate testDelegate)
   at osu.Game.Tests.Beatmaps.BeatmapConversionTest`2.Test(String name, Type[] mods) in /app/osu.Game/Tests/Beatmaps/BeatmapConversionTest.cs:line 50
   at osu.Game.Rulesets.Catch.Tests.CatchBeatmapConversionTest.Test(String name, Type[] mods) in /app/osu.Game.Rulesets.Catch.Tests/CatchBeatmapConversionTest.cs:line 58
   at InvokeStub_CatchBeatmapConversionTest.Test(Object, Span`1)

63)    at osu.Game.Tests.Beatmaps.BeatmapConversionTest`2.<>c__DisplayClass4_1.<Test>b__2() in /app/osu.Game/Tests/Beatmaps/BeatmapConversionTest.cs:line 98
   at NUnit.Framework.Assert.Multiple(TestDelegate testDelegate)
   at osu.Game.Tests.Beatmaps.BeatmapConversionTest`2.<>c__DisplayClass4_0.<Test>b__1() in /app/osu.Game/Tests/Beatmaps/BeatmapConversionTest.cs:line 77
   at NUnit.Framework.Assert.Multiple(TestDelegate testDelegate)
   at osu.Game.Tests.Beatmaps.BeatmapConversionTest`2.Test(String name, Type[] mods) in /app/osu.Game/Tests/Beatmaps/BeatmapConversionTest.cs:line 50
   at osu.Game.Rulesets.Catch.Tests.CatchBeatmapConversionTest.Test(String name, Type[] mods) in /app/osu.Game.Rulesets.Catch.Tests/CatchBeatmapConversionTest.cs:line 58
   at InvokeStub_CatchBeatmapConversionTest.Test(Object, Span`1)

64)    at osu.Game.Tests.Beatmaps.BeatmapConversionTest`2.<>c__DisplayClass4_1.<Test>b__2() in /app/osu.Game/Tests/Beatmaps/BeatmapConversionTest.cs:line 98
   at NUnit.Framework.Assert.Multiple(TestDelegate testDelegate)
   at osu.Game.Tests.Beatmaps.BeatmapConversionTest`2.<>c__DisplayClass4_0.<Test>b__1() in /app/osu.Game/Tests/Beatmaps/BeatmapConversionTest.cs:line 77
   at NUnit.Framework.Assert.Multiple(TestDelegate testDelegate)
   at osu.Game.Tests.Beatmaps.BeatmapConversionTest`2.Test(String name, Type[] mods) in /app/osu.Game/Tests/Beatmaps/BeatmapConversionTest.cs:line 50
   at osu.Game.Rulesets.Catch.Tests.CatchBeatmapConversionTest.Test(String name, Type[] mods) in /app/osu.Game.Rulesets.Catch.Tests/CatchBeatmapConversionTest.cs:line 58
   at InvokeStub_CatchBeatmapConversionTest.Test(Object, Span`1)

65)    at osu.Game.Tests.Beatmaps.BeatmapConversionTest`2.<>c__DisplayClass4_1.<Test>b__2() in /app/osu.Game/Tests/Beatmaps/BeatmapConversionTest.cs:line 98
   at NUnit.Framework.Assert.Multiple(TestDelegate testDelegate)
   at osu.Game.Tests.Beatmaps.BeatmapConversionTest`2.<>c__DisplayClass4_0.<Test>b__1() in /app/osu.Game/Tests/Beatmaps/BeatmapConversionTest.cs:line 77
   at NUnit.Framework.Assert.Multiple(TestDelegate testDelegate)
   at osu.Game.Tests.Beatmaps.BeatmapConversionTest`2.Test(String name, Type[] mods) in /app/osu.Game/Tests/Beatmaps/BeatmapConversionTest.cs:line 50
   at osu.Game.Rulesets.Catch.Tests.CatchBeatmapConversionTest.Test(String name, Type[] mods) in /app/osu.Game.Rulesets.Catch.Tests/CatchBeatmapConversionTest.cs:line 58
   at InvokeStub_CatchBeatmapConversionTest.Test(Object, Span`1)

66)    at osu.Game.Tests.Beatmaps.BeatmapConversionTest`2.<>c__DisplayClass4_1.<Test>b__2() in /app/osu.Game/Tests/Beatmaps/BeatmapConversionTest.cs:line 98
   at NUnit.Framework.Assert.Multiple(TestDelegate testDelegate)
   at osu.Game.Tests.Beatmaps.BeatmapConversionTest`2.<>c__DisplayClass4_0.<Test>b__1() in /app/osu.Game/Tests/Beatmaps/BeatmapConversionTest.cs:line 77
   at NUnit.Framework.Assert.Multiple(TestDelegate testDelegate)
   at osu.Game.Tests.Beatmaps.BeatmapConversionTest`2.Test(String name, Type[] mods) in /app/osu.Game/Tests/Beatmaps/BeatmapConversionTest.cs:line 50
   at osu.Game.Rulesets.Catch.Tests.CatchBeatmapConversionTest.Test(String name, Type[] mods) in /app/osu.Game.Rulesets.Catch.Tests/CatchBeatmapConversionTest.cs:line 58
   at InvokeStub_CatchBeatmapConversionTest.Test(Object, Span`1)

67)    at osu.Game.Tests.Beatmaps.BeatmapConversionTest`2.<>c__DisplayClass4_1.<Test>b__2() in /app/osu.Game/Tests/Beatmaps/BeatmapConversionTest.cs:line 98
   at NUnit.Framework.Assert.Multiple(TestDelegate testDelegate)
   at osu.Game.Tests.Beatmaps.BeatmapConversionTest`2.<>c__DisplayClass4_0.<Test>b__1() in /app/osu.Game/Tests/Beatmaps/BeatmapConversionTest.cs:line 77
   at NUnit.Framework.Assert.Multiple(TestDelegate testDelegate)
   at osu.Game.Tests.Beatmaps.BeatmapConversionTest`2.Test(String name, Type[] mods) in /app/osu.Game/Tests/Beatmaps/BeatmapConversionTest.cs:line 50
   at osu.Game.Rulesets.Catch.Tests.CatchBeatmapConversionTest.Test(String name, Type[] mods) in /app/osu.Game.Rulesets.Catch.Tests/CatchBeatmapConversionTest.cs:line 58
   at InvokeStub_CatchBeatmapConversionTest.Test(Object, Span`1)

68)    at osu.Game.Tests.Beatmaps.BeatmapConversionTest`2.<>c__DisplayClass4_1.<Test>b__2() in /app/osu.Game/Tests/Beatmaps/BeatmapConversionTest.cs:line 98
   at NUnit.Framework.Assert.Multiple(TestDelegate testDelegate)
   at osu.Game.Tests.Beatmaps.BeatmapConversionTest`2.<>c__DisplayClass4_0.<Test>b__1() in /app/osu.Game/Tests/Beatmaps/BeatmapConversionTest.cs:line 77
   at NUnit.Framework.Assert.Multiple(TestDelegate testDelegate)
   at osu.Game.Tests.Beatmaps.BeatmapConversionTest`2.Test(String name, Type[] mods) in /app/osu.Game/Tests/Beatmaps/BeatmapConversionTest.cs:line 50
   at osu.Game.Rulesets.Catch.Tests.CatchBeatmapConversionTest.Test(String name, Type[] mods) in /app/osu.Game.Rulesets.Catch.Tests/CatchBeatmapConversionTest.cs:line 58
   at InvokeStub_CatchBeatmapConversionTest.Test(Object, Span`1)

69)    at osu.Game.Tests.Beatmaps.BeatmapConversionTest`2.<>c__DisplayClass4_1.<Test>b__2() in /app/osu.Game/Tests/Beatmaps/BeatmapConversionTest.cs:line 98
   at NUnit.Framework.Assert.Multiple(TestDelegate testDelegate)
   at osu.Game.Tests.Beatmaps.BeatmapConversionTest`2.<>c__DisplayClass4_0.<Test>b__1() in /app/osu.Game/Tests/Beatmaps/BeatmapConversionTest.cs:line 77
   at NUnit.Framework.Assert.Multiple(TestDelegate testDelegate)
   at osu.Game.Tests.Beatmaps.BeatmapConversionTest`2.Test(String name, Type[] mods) in /app/osu.Game/Tests/Beatmaps/BeatmapConversionTest.cs:line 50
   at osu.Game.Rulesets.Catch.Tests.CatchBeatmapConversionTest.Test(String name, Type[] mods) in /app/osu.Game.Rulesets.Catch.Tests/CatchBeatmapConversionTest.cs:line 58
   at InvokeStub_CatchBeatmapConversionTest.Test(Object, Span`1)

70)    at osu.Game.Tests.Beatmaps.BeatmapConversionTest`2.<>c__DisplayClass4_1.<Test>b__2() in /app/osu.Game/Tests/Beatmaps/BeatmapConversionTest.cs:line 98
   at NUnit.Framework.Assert.Multiple(TestDelegate testDelegate)
   at osu.Game.Tests.Beatmaps.BeatmapConversionTest`2.<>c__DisplayClass4_0.<Test>b__1() in /app/osu.Game/Tests/Beatmaps/BeatmapConversionTest.cs:line 77
   at NUnit.Framework.Assert.Multiple(TestDelegate testDelegate)
   at osu.Game.Tests.Beatmaps.BeatmapConversionTest`2.Test(String name, Type[] mods) in /app/osu.Game/Tests/Beatmaps/BeatmapConversionTest.cs:line 50
   at osu.Game.Rulesets.Catch.Tests.CatchBeatmapConversionTest.Test(String name, Type[] mods) in /app/osu.Game.Rulesets.Catch.Tests/CatchBeatmapConversionTest.cs:line 58
   at InvokeStub_CatchBeatmapConversionTest.Test(Object, Span`1)

71)    at osu.Game.Tests.Beatmaps.BeatmapConversionTest`2.<>c__DisplayClass4_1.<Test>b__2() in /app/osu.Game/Tests/Beatmaps/BeatmapConversionTest.cs:line 98
   at NUnit.Framework.Assert.Multiple(TestDelegate testDelegate)
   at osu.Game.Tests.Beatmaps.BeatmapConversionTest`2.<>c__DisplayClass4_0.<Test>b__1() in /app/osu.Game/Tests/Beatmaps/BeatmapConversionTest.cs:line 77
   at NUnit.Framework.Assert.Multiple(TestDelegate testDelegate)
   at osu.Game.Tests.Beatmaps.BeatmapConversionTest`2.Test(String name, Type[] mods) in /app/osu.Game/Tests/Beatmaps/BeatmapConversionTest.cs:line 50
   at osu.Game.Rulesets.Catch.Tests.CatchBeatmapConversionTest.Test(String name, Type[] mods) in /app/osu.Game.Rulesets.Catch.Tests/CatchBeatmapConversionTest.cs:line 58
   at InvokeStub_CatchBeatmapConversionTest.Test(Object, Span`1)

72)    at osu.Game.Tests.Beatmaps.BeatmapConversionTest`2.<>c__DisplayClass4_1.<Test>b__2() in /app/osu.Game/Tests/Beatmaps/BeatmapConversionTest.cs:line 98
   at NUnit.Framework.Assert.Multiple(TestDelegate testDelegate)
   at osu.Game.Tests.Beatmaps.BeatmapConversionTest`2.<>c__DisplayClass4_0.<Test>b__1() in /app/osu.Game/Tests/Beatmaps/BeatmapConversionTest.cs:line 77
   at NUnit.Framework.Assert.Multiple(TestDelegate testDelegate)
   at osu.Game.Tests.Beatmaps.BeatmapConversionTest`2.Test(String name, Type[] mods) in /app/osu.Game/Tests/Beatmaps/BeatmapConversionTest.cs:line 50
   at osu.Game.Rulesets.Catch.Tests.CatchBeatmapConversionTest.Test(String name, Type[] mods) in /app/osu.Game.Rulesets.Catch.Tests/CatchBeatmapConversionTest.cs:line 58
   at InvokeStub_CatchBeatmapConversionTest.Test(Object, Span`1)

73)    at osu.Game.Tests.Beatmaps.BeatmapConversionTest`2.<>c__DisplayClass4_1.<Test>b__2() in /app/osu.Game/Tests/Beatmaps/BeatmapConversionTest.cs:line 98
   at NUnit.Framework.Assert.Multiple(TestDelegate testDelegate)
   at osu.Game.Tests.Beatmaps.BeatmapConversionTest`2.<>c__DisplayClass4_0.<Test>b__1() in /app/osu.Game/Tests/Beatmaps/BeatmapConversionTest.cs:line 77
   at NUnit.Framework.Assert.Multiple(TestDelegate testDelegate)
   at osu.Game.Tests.Beatmaps.BeatmapConversionTest`2.Test(String name, Type[] mods) in /app/osu.Game/Tests/Beatmaps/BeatmapConversionTest.cs:line 50
   at osu.Game.Rulesets.Catch.Tests.CatchBeatmapConversionTest.Test(String name, Type[] mods) in /app/osu.Game.Rulesets.Catch.Tests/CatchBeatmapConversionTest.cs:line 58
   at InvokeStub_CatchBeatmapConversionTest.Test(Object, Span`1)

74)    at osu.Game.Tests.Beatmaps.BeatmapConversionTest`2.<>c__DisplayClass4_1.<Test>b__2() in /app/osu.Game/Tests/Beatmaps/BeatmapConversionTest.cs:line 98
   at NUnit.Framework.Assert.Multiple(TestDelegate testDelegate)
   at osu.Game.Tests.Beatmaps.BeatmapConversionTest`2.<>c__DisplayClass4_0.<Test>b__1() in /app/osu.Game/Tests/Beatmaps/BeatmapConversionTest.cs:line 77
   at NUnit.Framework.Assert.Multiple(TestDelegate testDelegate)
   at osu.Game.Tests.Beatmaps.BeatmapConversionTest`2.Test(String name, Type[] mods) in /app/osu.Game/Tests/Beatmaps/BeatmapConversionTest.cs:line 50
   at osu.Game.Rulesets.Catch.Tests.CatchBeatmapConversionTest.Test(String name, Type[] mods) in /app/osu.Game.Rulesets.Catch.Tests/CatchBeatmapConversionTest.cs:line 58
   at InvokeStub_CatchBeatmapConversionTest.Test(Object, Span`1)

75)    at osu.Game.Tests.Beatmaps.BeatmapConversionTest`2.<>c__DisplayClass4_1.<Test>b__2() in /app/osu.Game/Tests/Beatmaps/BeatmapConversionTest.cs:line 98
   at NUnit.Framework.Assert.Multiple(TestDelegate testDelegate)
   at osu.Game.Tests.Beatmaps.BeatmapConversionTest`2.<>c__DisplayClass4_0.<Test>b__1() in /app/osu.Game/Tests/Beatmaps/BeatmapConversionTest.cs:line 77
   at NUnit.Framework.Assert.Multiple(TestDelegate testDelegate)
   at osu.Game.Tests.Beatmaps.BeatmapConversionTest`2.Test(String name, Type[] mods) in /app/osu.Game/Tests/Beatmaps/BeatmapConversionTest.cs:line 50
   at osu.Game.Rulesets.Catch.Tests.CatchBeatmapConversionTest.Test(String name, Type[] mods) in /app/osu.Game.Rulesets.Catch.Tests/CatchBeatmapConversionTest.cs:line 58
   at InvokeStub_CatchBeatmapConversionTest.Test(Object, Span`1)

76)    at osu.Game.Tests.Beatmaps.BeatmapConversionTest`2.<>c__DisplayClass4_1.<Test>b__2() in /app/osu.Game/Tests/Beatmaps/BeatmapConversionTest.cs:line 98
   at NUnit.Framework.Assert.Multiple(TestDelegate testDelegate)
   at osu.Game.Tests.Beatmaps.BeatmapConversionTest`2.<>c__DisplayClass4_0.<Test>b__1() in /app/osu.Game/Tests/Beatmaps/BeatmapConversionTest.cs:line 77
   at NUnit.Framework.Assert.Multiple(TestDelegate testDelegate)
   at osu.Game.Tests.Beatmaps.BeatmapConversionTest`2.Test(String name, Type[] mods) in /app/osu.Game/Tests/Beatmaps/BeatmapConversionTest.cs:line 50
   at osu.Game.Rulesets.Catch.Tests.CatchBeatmapConversionTest.Test(String name, Type[] mods) in /app/osu.Game.Rulesets.Catch.Tests/CatchBeatmapConversionTest.cs:line 58
   at InvokeStub_CatchBeatmapConversionTest.Test(Object, Span`1)

77)    at osu.Game.Tests.Beatmaps.BeatmapConversionTest`2.<>c__DisplayClass4_1.<Test>b__2() in /app/osu.Game/Tests/Beatmaps/BeatmapConversionTest.cs:line 98
   at NUnit.Framework.Assert.Multiple(TestDelegate testDelegate)
   at osu.Game.Tests.Beatmaps.BeatmapConversionTest`2.<>c__DisplayClass4_0.<Test>b__1() in /app/osu.Game/Tests/Beatmaps/BeatmapConversionTest.cs:line 77
   at NUnit.Framework.Assert.Multiple(TestDelegate testDelegate)
   at osu.Game.Tests.Beatmaps.BeatmapConversionTest`2.Test(String name, Type[] mods) in /app/osu.Game/Tests/Beatmaps/BeatmapConversionTest.cs:line 50
   at osu.Game.Rulesets.Catch.Tests.CatchBeatmapConversionTest.Test(String name, Type[] mods) in /app/osu.Game.Rulesets.Catch.Tests/CatchBeatmapConversionTest.cs:line 58
   at InvokeStub_CatchBeatmapConversionTest.Test(Object, Span`1)

78)    at osu.Game.Tests.Beatmaps.BeatmapConversionTest`2.<>c__DisplayClass4_1.<Test>b__2() in /app/osu.Game/Tests/Beatmaps/BeatmapConversionTest.cs:line 98
   at NUnit.Framework.Assert.Multiple(TestDelegate testDelegate)
   at osu.Game.Tests.Beatmaps.BeatmapConversionTest`2.<>c__DisplayClass4_0.<Test>b__1() in /app/osu.Game/Tests/Beatmaps/BeatmapConversionTest.cs:line 77
   at NUnit.Framework.Assert.Multiple(TestDelegate testDelegate)
   at osu.Game.Tests.Beatmaps.BeatmapConversionTest`2.Test(String name, Type[] mods) in /app/osu.Game/Tests/Beatmaps/BeatmapConversionTest.cs:line 50
   at osu.Game.Rulesets.Catch.Tests.CatchBeatmapConversionTest.Test(String name, Type[] mods) in /app/osu.Game.Rulesets.Catch.Tests/CatchBeatmapConversionTest.cs:line 58
   at InvokeStub_CatchBeatmapConversionTest.Test(Object, Span`1)

79)    at osu.Game.Tests.Beatmaps.BeatmapConversionTest`2.<>c__DisplayClass4_1.<Test>b__2() in /app/osu.Game/Tests/Beatmaps/BeatmapConversionTest.cs:line 98
   at NUnit.Framework.Assert.Multiple(TestDelegate testDelegate)
   at osu.Game.Tests.Beatmaps.BeatmapConversionTest`2.<>c__DisplayClass4_0.<Test>b__1() in /app/osu.Game/Tests/Beatmaps/BeatmapConversionTest.cs:line 77
   at NUnit.Framework.Assert.Multiple(TestDelegate testDelegate)
   at osu.Game.Tests.Beatmaps.BeatmapConversionTest`2.Test(String name, Type[] mods) in /app/osu.Game/Tests/Beatmaps/BeatmapConversionTest.cs:line 50
   at osu.Game.Rulesets.Catch.Tests.CatchBeatmapConversionTest.Test(String name, Type[] mods) in /app/osu.Game.Rulesets.Catch.Tests/CatchBeatmapConversionTest.cs:line 58
   at InvokeStub_CatchBeatmapConversionTest.Test(Object, Span`1)

80)    at osu.Game.Tests.Beatmaps.BeatmapConversionTest`2.<>c__DisplayClass4_1.<Test>b__2() in /app/osu.Game/Tests/Beatmaps/BeatmapConversionTest.cs:line 98
   at NUnit.Framework.Assert.Multiple(TestDelegate testDelegate)
   at osu.Game.Tests.Beatmaps.BeatmapConversionTest`2.<>c__DisplayClass4_0.<Test>b__1() in /app/osu.Game/Tests/Beatmaps/BeatmapConversionTest.cs:line 77
   at NUnit.Framework.Assert.Multiple(TestDelegate testDelegate)
   at osu.Game.Tests.Beatmaps.BeatmapConversionTest`2.Test(String name, Type[] mods) in /app/osu.Game/Tests/Beatmaps/BeatmapConversionTest.cs:line 50
   at osu.Game.Rulesets.Catch.Tests.CatchBeatmapConversionTest.Test(String name, Type[] mods) in /app/osu.Game.Rulesets.Catch.Tests/CatchBeatmapConversionTest.cs:line 58
   at InvokeStub_CatchBeatmapConversionTest.Test(Object, Span`1)

81)    at osu.Game.Tests.Beatmaps.BeatmapConversionTest`2.<>c__DisplayClass4_1.<Test>b__2() in /app/osu.Game/Tests/Beatmaps/BeatmapConversionTest.cs:line 98
   at NUnit.Framework.Assert.Multiple(TestDelegate testDelegate)
   at osu.Game.Tests.Beatmaps.BeatmapConversionTest`2.<>c__DisplayClass4_0.<Test>b__1() in /app/osu.Game/Tests/Beatmaps/BeatmapConversionTest.cs:line 77
   at NUnit.Framework.Assert.Multiple(TestDelegate testDelegate)
   at osu.Game.Tests.Beatmaps.BeatmapConversionTest`2.Test(String name, Type[] mods) in /app/osu.Game/Tests/Beatmaps/BeatmapConversionTest.cs:line 50
   at osu.Game.Rulesets.Catch.Tests.CatchBeatmapConversionTest.Test(String name, Type[] mods) in /app/osu.Game.Rulesets.Catch.Tests/CatchBeatmapConversionTest.cs:line 58
   at InvokeStub_CatchBeatmapConversionTest.Test(Object, Span`1)

82)    at osu.Game.Tests.Beatmaps.BeatmapConversionTest`2.<>c__DisplayClass4_1.<Test>b__2() in /app/osu.Game/Tests/Beatmaps/BeatmapConversionTest.cs:line 98
   at NUnit.Framework.Assert.Multiple(TestDelegate testDelegate)
   at osu.Game.Tests.Beatmaps.BeatmapConversionTest`2.<>c__DisplayClass4_0.<Test>b__1() in /app/osu.Game/Tests/Beatmaps/BeatmapConversionTest.cs:line 77
   at NUnit.Framework.Assert.Multiple(TestDelegate testDelegate)
   at osu.Game.Tests.Beatmaps.BeatmapConversionTest`2.Test(String name, Type[] mods) in /app/osu.Game/Tests/Beatmaps/BeatmapConversionTest.cs:line 50
   at osu.Game.Rulesets.Catch.Tests.CatchBeatmapConversionTest.Test(String name, Type[] mods) in /app/osu.Game.Rulesets.Catch.Tests/CatchBeatmapConversionTest.cs:line 58
   at InvokeStub_CatchBeatmapConversionTest.Test(Object, Span`1)

83)    at osu.Game.Tests.Beatmaps.BeatmapConversionTest`2.<>c__DisplayClass4_1.<Test>b__2() in /app/osu.Game/Tests/Beatmaps/BeatmapConversionTest.cs:line 98
   at NUnit.Framework.Assert.Multiple(TestDelegate testDelegate)
   at osu.Game.Tests.Beatmaps.BeatmapConversionTest`2.<>c__DisplayClass4_0.<Test>b__1() in /app/osu.Game/Tests/Beatmaps/BeatmapConversionTest.cs:line 77
   at NUnit.Framework.Assert.Multiple(TestDelegate testDelegate)
   at osu.Game.Tests.Beatmaps.BeatmapConversionTest`2.Test(String name, Type[] mods) in /app/osu.Game/Tests/Beatmaps/BeatmapConversionTest.cs:line 50
   at osu.Game.Rulesets.Catch.Tests.CatchBeatmapConversionTest.Test(String name, Type[] mods) in /app/osu.Game.Rulesets.Catch.Tests/CatchBeatmapConversionTest.cs:line 58
   at InvokeStub_CatchBeatmapConversionTest.Test(Object, Span`1)

84)    at osu.Game.Tests.Beatmaps.BeatmapConversionTest`2.<>c__DisplayClass4_1.<Test>b__2() in /app/osu.Game/Tests/Beatmaps/BeatmapConversionTest.cs:line 98
   at NUnit.Framework.Assert.Multiple(TestDelegate testDelegate)
   at osu.Game.Tests.Beatmaps.BeatmapConversionTest`2.<>c__DisplayClass4_0.<Test>b__1() in /app/osu.Game/Tests/Beatmaps/BeatmapConversionTest.cs:line 77
   at NUnit.Framework.Assert.Multiple(TestDelegate testDelegate)
   at osu.Game.Tests.Beatmaps.BeatmapConversionTest`2.Test(String name, Type[] mods) in /app/osu.Game/Tests/Beatmaps/BeatmapConversionTest.cs:line 50
   at osu.Game.Rulesets.Catch.Tests.CatchBeatmapConversionTest.Test(String name, Type[] mods) in /app/osu.Game.Rulesets.Catch.Tests/CatchBeatmapConversionTest.cs:line 58
   at InvokeStub_CatchBeatmapConversionTest.Test(Object, Span`1)

85)    at osu.Game.Tests.Beatmaps.BeatmapConversionTest`2.<>c__DisplayClass4_1.<Test>b__2() in /app/osu.Game/Tests/Beatmaps/BeatmapConversionTest.cs:line 98
   at NUnit.Framework.Assert.Multiple(TestDelegate testDelegate)
   at osu.Game.Tests.Beatmaps.BeatmapConversionTest`2.<>c__DisplayClass4_0.<Test>b__1() in /app/osu.Game/Tests/Beatmaps/BeatmapConversionTest.cs:line 77
   at NUnit.Framework.Assert.Multiple(TestDelegate testDelegate)
   at osu.Game.Tests.Beatmaps.BeatmapConversionTest`2.Test(String name, Type[] mods) in /app/osu.Game/Tests/Beatmaps/BeatmapConversionTest.cs:line 50
   at osu.Game.Rulesets.Catch.Tests.CatchBeatmapConversionTest.Test(String name, Type[] mods) in /app/osu.Game.Rulesets.Catch.Tests/CatchBeatmapConversionTest.cs:line 58
   at InvokeStub_CatchBeatmapConversionTest.Test(Object, Span`1)

86)    at osu.Game.Tests.Beatmaps.BeatmapConversionTest`2.<>c__DisplayClass4_1.<Test>b__2() in /app/osu.Game/Tests/Beatmaps/BeatmapConversionTest.cs:line 98
   at NUnit.Framework.Assert.Multiple(TestDelegate testDelegate)
   at osu.Game.Tests.Beatmaps.BeatmapConversionTest`2.<>c__DisplayClass4_0.<Test>b__1() in /app/osu.Game/Tests/Beatmaps/BeatmapConversionTest.cs:line 77
   at NUnit.Framework.Assert.Multiple(TestDelegate testDelegate)
   at osu.Game.Tests.Beatmaps.BeatmapConversionTest`2.Test(String name, Type[] mods) in /app/osu.Game/Tests/Beatmaps/BeatmapConversionTest.cs:line 50
   at osu.Game.Rulesets.Catch.Tests.CatchBeatmapConversionTest.Test(String name, Type[] mods) in /app/osu.Game.Rulesets.Catch.Tests/CatchBeatmapConversionTest.cs:line 58
   at InvokeStub_CatchBeatmapConversionTest.Test(Object, Span`1)

87)    at osu.Game.Tests.Beatmaps.BeatmapConversionTest`2.<>c__DisplayClass4_1.<Test>b__2() in /app/osu.Game/Tests/Beatmaps/BeatmapConversionTest.cs:line 98
   at NUnit.Framework.Assert.Multiple(TestDelegate testDelegate)
   at osu.Game.Tests.Beatmaps.BeatmapConversionTest`2.<>c__DisplayClass4_0.<Test>b__1() in /app/osu.Game/Tests/Beatmaps/BeatmapConversionTest.cs:line 77
   at NUnit.Framework.Assert.Multiple(TestDelegate testDelegate)
   at osu.Game.Tests.Beatmaps.BeatmapConversionTest`2.Test(String name, Type[] mods) in /app/osu.Game/Tests/Beatmaps/BeatmapConversionTest.cs:line 50
   at osu.Game.Rulesets.Catch.Tests.CatchBeatmapConversionTest.Test(String name, Type[] mods) in /app/osu.Game.Rulesets.Catch.Tests/CatchBeatmapConversionTest.cs:line 58
   at InvokeStub_CatchBeatmapConversionTest.Test(Object, Span`1)

88)    at osu.Game.Tests.Beatmaps.BeatmapConversionTest`2.<>c__DisplayClass4_1.<Test>b__2() in /app/osu.Game/Tests/Beatmaps/BeatmapConversionTest.cs:line 98
   at NUnit.Framework.Assert.Multiple(TestDelegate testDelegate)
   at osu.Game.Tests.Beatmaps.BeatmapConversionTest`2.<>c__DisplayClass4_0.<Test>b__1() in /app/osu.Game/Tests/Beatmaps/BeatmapConversionTest.cs:line 77
   at NUnit.Framework.Assert.Multiple(TestDelegate testDelegate)
   at osu.Game.Tests.Beatmaps.BeatmapConversionTest`2.Test(String name, Type[] mods) in /app/osu.Game/Tests/Beatmaps/BeatmapConversionTest.cs:line 50
   at osu.Game.Rulesets.Catch.Tests.CatchBeatmapConversionTest.Test(String name, Type[] mods) in /app/osu.Game.Rulesets.Catch.Tests/CatchBeatmapConversionTest.cs:line 58
   at InvokeStub_CatchBeatmapConversionTest.Test(Object, Span`1)

89)    at osu.Game.Tests.Beatmaps.BeatmapConversionTest`2.<>c__DisplayClass4_1.<Test>b__2() in /app/osu.Game/Tests/Beatmaps/BeatmapConversionTest.cs:line 98
   at NUnit.Framework.Assert.Multiple(TestDelegate testDelegate)
   at osu.Game.Tests.Beatmaps.BeatmapConversionTest`2.<>c__DisplayClass4_0.<Test>b__1() in /app/osu.Game/Tests/Beatmaps/BeatmapConversionTest.cs:line 77
   at NUnit.Framework.Assert.Multiple(TestDelegate testDelegate)
   at osu.Game.Tests.Beatmaps.BeatmapConversionTest`2.Test(String name, Type[] mods) in /app/osu.Game/Tests/Beatmaps/BeatmapConversionTest.cs:line 50
   at osu.Game.Rulesets.Catch.Tests.CatchBeatmapConversionTest.Test(String name, Type[] mods) in /app/osu.Game.Rulesets.Catch.Tests/CatchBeatmapConversionTest.cs:line 58
   at InvokeStub_CatchBeatmapConversionTest.Test(Object, Span`1)

90)    at osu.Game.Tests.Beatmaps.BeatmapConversionTest`2.<>c__DisplayClass4_1.<Test>b__2() in /app/osu.Game/Tests/Beatmaps/BeatmapConversionTest.cs:line 98
   at NUnit.Framework.Assert.Multiple(TestDelegate testDelegate)
   at osu.Game.Tests.Beatmaps.BeatmapConversionTest`2.<>c__DisplayClass4_0.<Test>b__1() in /app/osu.Game/Tests/Beatmaps/BeatmapConversionTest.cs:line 77
   at NUnit.Framework.Assert.Multiple(TestDelegate testDelegate)
   at osu.Game.Tests.Beatmaps.BeatmapConversionTest`2.Test(String name, Type[] mods) in /app/osu.Game/Tests/Beatmaps/BeatmapConversionTest.cs:line 50
   at osu.Game.Rulesets.Catch.Tests.CatchBeatmapConversionTest.Test(String name, Type[] mods) in /app/osu.Game.Rulesets.Catch.Tests/CatchBeatmapConversionTest.cs:line 58
   at InvokeStub_CatchBeatmapConversionTest.Test(Object, Span`1)

91)    at osu.Game.Tests.Beatmaps.BeatmapConversionTest`2.<>c__DisplayClass4_1.<Test>b__2() in /app/osu.Game/Tests/Beatmaps/BeatmapConversionTest.cs:line 98
   at NUnit.Framework.Assert.Multiple(TestDelegate testDelegate)
   at osu.Game.Tests.Beatmaps.BeatmapConversionTest`2.<>c__DisplayClass4_0.<Test>b__1() in /app/osu.Game/Tests/Beatmaps/BeatmapConversionTest.cs:line 77
   at NUnit.Framework.Assert.Multiple(TestDelegate testDelegate)
   at osu.Game.Tests.Beatmaps.BeatmapConversionTest`2.Test(String name, Type[] mods) in /app/osu.Game/Tests/Beatmaps/BeatmapConversionTest.cs:line 50
   at osu.Game.Rulesets.Catch.Tests.CatchBeatmapConversionTest.Test(String name, Type[] mods) in /app/osu.Game.Rulesets.Catch.Tests/CatchBeatmapConversionTest.cs:line 58
   at InvokeStub_CatchBeatmapConversionTest.Test(Object, Span`1)

92)    at osu.Game.Tests.Beatmaps.BeatmapConversionTest`2.<>c__DisplayClass4_1.<Test>b__2() in /app/osu.Game/Tests/Beatmaps/BeatmapConversionTest.cs:line 98
   at NUnit.Framework.Assert.Multiple(TestDelegate testDelegate)
   at osu.Game.Tests.Beatmaps.BeatmapConversionTest`2.<>c__DisplayClass4_0.<Test>b__1() in /app/osu.Game/Tests/Beatmaps/BeatmapConversionTest.cs:line 77
   at NUnit.Framework.Assert.Multiple(TestDelegate testDelegate)
   at osu.Game.Tests.Beatmaps.BeatmapConversionTest`2.Test(String name, Type[] mods) in /app/osu.Game/Tests/Beatmaps/BeatmapConversionTest.cs:line 50
   at osu.Game.Rulesets.Catch.Tests.CatchBeatmapConversionTest.Test(String name, Type[] mods) in /app/osu.Game.Rulesets.Catch.Tests/CatchBeatmapConversionTest.cs:line 58
   at InvokeStub_CatchBeatmapConversionTest.Test(Object, Span`1)

93)    at osu.Game.Tests.Beatmaps.BeatmapConversionTest`2.<>c__DisplayClass4_1.<Test>b__2() in /app/osu.Game/Tests/Beatmaps/BeatmapConversionTest.cs:line 98
   at NUnit.Framework.Assert.Multiple(TestDelegate testDelegate)
   at osu.Game.Tests.Beatmaps.BeatmapConversionTest`2.<>c__DisplayClass4_0.<Test>b__1() in /app/osu.Game/Tests/Beatmaps/BeatmapConversionTest.cs:line 77
   at NUnit.Framework.Assert.Multiple(TestDelegate testDelegate)
   at osu.Game.Tests.Beatmaps.BeatmapConversionTest`2.Test(String name, Type[] mods) in /app/osu.Game/Tests/Beatmaps/BeatmapConversionTest.cs:line 50
   at osu.Game.Rulesets.Catch.Tests.CatchBeatmapConversionTest.Test(String name, Type[] mods) in /app/osu.Game.Rulesets.Catch.Tests/CatchBeatmapConversionTest.cs:line 58
   at InvokeStub_CatchBeatmapConversionTest.Test(Object, Span`1)

94)    at osu.Game.Tests.Beatmaps.BeatmapConversionTest`2.<>c__DisplayClass4_1.<Test>b__2() in /app/osu.Game/Tests/Beatmaps/BeatmapConversionTest.cs:line 98
   at NUnit.Framework.Assert.Multiple(TestDelegate testDelegate)
   at osu.Game.Tests.Beatmaps.BeatmapConversionTest`2.<>c__DisplayClass4_0.<Test>b__1() in /app/osu.Game/Tests/Beatmaps/BeatmapConversionTest.cs:line 77
   at NUnit.Framework.Assert.Multiple(TestDelegate testDelegate)
   at osu.Game.Tests.Beatmaps.BeatmapConversionTest`2.Test(String name, Type[] mods) in /app/osu.Game/Tests/Beatmaps/BeatmapConversionTest.cs:line 50
   at osu.Game.Rulesets.Catch.Tests.CatchBeatmapConversionTest.Test(String name, Type[] mods) in /app/osu.Game.Rulesets.Catch.Tests/CatchBeatmapConversionTest.cs:line 58
   at InvokeStub_CatchBeatmapConversionTest.Test(Object, Span`1)

95)    at osu.Game.Tests.Beatmaps.BeatmapConversionTest`2.<>c__DisplayClass4_1.<Test>b__2() in /app/osu.Game/Tests/Beatmaps/BeatmapConversionTest.cs:line 98
   at NUnit.Framework.Assert.Multiple(TestDelegate testDelegate)
   at osu.Game.Tests.Beatmaps.BeatmapConversionTest`2.<>c__DisplayClass4_0.<Test>b__1() in /app/osu.Game/Tests/Beatmaps/BeatmapConversionTest.cs:line 77
   at NUnit.Framework.Assert.Multiple(TestDelegate testDelegate)
   at osu.Game.Tests.Beatmaps.BeatmapConversionTest`2.Test(String name, Type[] mods) in /app/osu.Game/Tests/Beatmaps/BeatmapConversionTest.cs:line 50
   at osu.Game.Rulesets.Catch.Tests.CatchBeatmapConversionTest.Test(String name, Type[] mods) in /app/osu.Game.Rulesets.Catch.Tests/CatchBeatmapConversionTest.cs:line 58
   at InvokeStub_CatchBeatmapConversionTest.Test(Object, Span`1)

96)    at osu.Game.Tests.Beatmaps.BeatmapConversionTest`2.<>c__DisplayClass4_1.<Test>b__2() in /app/osu.Game/Tests/Beatmaps/BeatmapConversionTest.cs:line 98
   at NUnit.Framework.Assert.Multiple(TestDelegate testDelegate)
   at osu.Game.Tests.Beatmaps.BeatmapConversionTest`2.<>c__DisplayClass4_0.<Test>b__1() in /app/osu.Game/Tests/Beatmaps/BeatmapConversionTest.cs:line 77
   at NUnit.Framework.Assert.Multiple(TestDelegate testDelegate)
   at osu.Game.Tests.Beatmaps.BeatmapConversionTest`2.Test(String name, Type[] mods) in /app/osu.Game/Tests/Beatmaps/BeatmapConversionTest.cs:line 50
   at osu.Game.Rulesets.Catch.Tests.CatchBeatmapConversionTest.Test(String name, Type[] mods) in /app/osu.Game.Rulesets.Catch.Tests/CatchBeatmapConversionTest.cs:line 58
   at InvokeStub_CatchBeatmapConversionTest.Test(Object, Span`1)

97)    at osu.Game.Tests.Beatmaps.BeatmapConversionTest`2.<>c__DisplayClass4_1.<Test>b__2() in /app/osu.Game/Tests/Beatmaps/BeatmapConversionTest.cs:line 98
   at NUnit.Framework.Assert.Multiple(TestDelegate testDelegate)
   at osu.Game.Tests.Beatmaps.BeatmapConversionTest`2.<>c__DisplayClass4_0.<Test>b__1() in /app/osu.Game/Tests/Beatmaps/BeatmapConversionTest.cs:line 77
   at NUnit.Framework.Assert.Multiple(TestDelegate testDelegate)
   at osu.Game.Tests.Beatmaps.BeatmapConversionTest`2.Test(String name, Type[] mods) in /app/osu.Game/Tests/Beatmaps/BeatmapConversionTest.cs:line 50
   at osu.Game.Rulesets.Catch.Tests.CatchBeatmapConversionTest.Test(String name, Type[] mods) in /app/osu.Game.Rulesets.Catch.Tests/CatchBeatmapConversionTest.cs:line 58
   at InvokeStub_CatchBeatmapConversionTest.Test(Object, Span`1)

98)    at osu.Game.Tests.Beatmaps.BeatmapConversionTest`2.<>c__DisplayClass4_1.<Test>b__2() in /app/osu.Game/Tests/Beatmaps/BeatmapConversionTest.cs:line 98
   at NUnit.Framework.Assert.Multiple(TestDelegate testDelegate)
   at osu.Game.Tests.Beatmaps.BeatmapConversionTest`2.<>c__DisplayClass4_0.<Test>b__1() in /app/osu.Game/Tests/Beatmaps/BeatmapConversionTest.cs:line 77
   at NUnit.Framework.Assert.Multiple(TestDelegate testDelegate)
   at osu.Game.Tests.Beatmaps.BeatmapConversionTest`2.Test(String name, Type[] mods) in /app/osu.Game/Tests/Beatmaps/BeatmapConversionTest.cs:line 50
   at osu.Game.Rulesets.Catch.Tests.CatchBeatmapConversionTest.Test(String name, Type[] mods) in /app/osu.Game.Rulesets.Catch.Tests/CatchBeatmapConversionTest.cs:line 58
   at InvokeStub_CatchBeatmapConversionTest.Test(Object, Span`1)

99)    at osu.Game.Tests.Beatmaps.BeatmapConversionTest`2.<>c__DisplayClass4_1.<Test>b__2() in /app/osu.Game/Tests/Beatmaps/BeatmapConversionTest.cs:line 98
   at NUnit.Framework.Assert.Multiple(TestDelegate testDelegate)
   at osu.Game.Tests.Beatmaps.BeatmapConversionTest`2.<>c__DisplayClass4_0.<Test>b__1() in /app/osu.Game/Tests/Beatmaps/BeatmapConversionTest.cs:line 77
   at NUnit.Framework.Assert.Multiple(TestDelegate testDelegate)
   at osu.Game.Tests.Beatmaps.BeatmapConversionTest`2.Test(String name, Type[] mods) in /app/osu.Game/Tests/Beatmaps/BeatmapConversionTest.cs:line 50
   at osu.Game.Rulesets.Catch.Tests.CatchBeatmapConversionTest.Test(String name, Type[] mods) in /app/osu.Game.Rulesets.Catch.Tests/CatchBeatmapConversionTest.cs:line 58
   at InvokeStub_CatchBeatmapConversionTest.Test(Object, Span`1)

100)    at osu.Game.Tests.Beatmaps.BeatmapConversionTest`2.<>c__DisplayClass4_1.<Test>b__2() in /app/osu.Game/Tests/Beatmaps/BeatmapConversionTest.cs:line 98
   at NUnit.Framework.Assert.Multiple(TestDelegate testDelegate)
   at osu.Game.Tests.Beatmaps.BeatmapConversionTest`2.<>c__DisplayClass4_0.<Test>b__1() in /app/osu.Game/Tests/Beatmaps/BeatmapConversionTest.cs:line 77
   at NUnit.Framework.Assert.Multiple(TestDelegate testDelegate)
   at osu.Game.Tests.Beatmaps.BeatmapConversionTest`2.Test(String name, Type[] mods) in /app/osu.Game/Tests/Beatmaps/BeatmapConversionTest.cs:line 50
   at osu.Game.Rulesets.Catch.Tests.CatchBeatmapConversionTest.Test(String name, Type[] mods) in /app/osu.Game.Rulesets.Catch.Tests/CatchBeatmapConversionTest.cs:line 58
   at InvokeStub_CatchBeatmapConversionTest.Test(Object, Span`1)

101)    at osu.Game.Tests.Beatmaps.BeatmapConversionTest`2.<>c__DisplayClass4_1.<Test>b__2() in /app/osu.Game/Tests/Beatmaps/BeatmapConversionTest.cs:line 98
   at NUnit.Framework.Assert.Multiple(TestDelegate testDelegate)
   at osu.Game.Tests.Beatmaps.BeatmapConversionTest`2.<>c__DisplayClass4_0.<Test>b__1() in /app/osu.Game/Tests/Beatmaps/BeatmapConversionTest.cs:line 77
   at NUnit.Framework.Assert.Multiple(TestDelegate testDelegate)
   at osu.Game.Tests.Beatmaps.BeatmapConversionTest`2.Test(String name, Type[] mods) in /app/osu.Game/Tests/Beatmaps/BeatmapConversionTest.cs:line 50
   at osu.Game.Rulesets.Catch.Tests.CatchBeatmapConversionTest.Test(String name, Type[] mods) in /app/osu.Game.Rulesets.Catch.Tests/CatchBeatmapConversionTest.cs:line 58
   at InvokeStub_CatchBeatmapConversionTest.Test(Object, Span`1)

102)    at osu.Game.Tests.Beatmaps.BeatmapConversionTest`2.<>c__DisplayClass4_1.<Test>b__2() in /app/osu.Game/Tests/Beatmaps/BeatmapConversionTest.cs:line 98
   at NUnit.Framework.Assert.Multiple(TestDelegate testDelegate)
   at osu.Game.Tests.Beatmaps.BeatmapConversionTest`2.<>c__DisplayClass4_0.<Test>b__1() in /app/osu.Game/Tests/Beatmaps/BeatmapConversionTest.cs:line 77
   at NUnit.Framework.Assert.Multiple(TestDelegate testDelegate)
   at osu.Game.Tests.Beatmaps.BeatmapConversionTest`2.Test(String name, Type[] mods) in /app/osu.Game/Tests/Beatmaps/BeatmapConversionTest.cs:line 50
   at osu.Game.Rulesets.Catch.Tests.CatchBeatmapConversionTest.Test(String name, Type[] mods) in /app/osu.Game.Rulesets.Catch.Tests/CatchBeatmapConversionTest.cs:line 58
   at InvokeStub_CatchBeatmapConversionTest.Test(Object, Span`1)

103)    at osu.Game.Tests.Beatmaps.BeatmapConversionTest`2.<>c__DisplayClass4_1.<Test>b__2() in /app/osu.Game/Tests/Beatmaps/BeatmapConversionTest.cs:line 98
   at NUnit.Framework.Assert.Multiple(TestDelegate testDelegate)
   at osu.Game.Tests.Beatmaps.BeatmapConversionTest`2.<>c__DisplayClass4_0.<Test>b__1() in /app/osu.Game/Tests/Beatmaps/BeatmapConversionTest.cs:line 77
   at NUnit.Framework.Assert.Multiple(TestDelegate testDelegate)
   at osu.Game.Tests.Beatmaps.BeatmapConversionTest`2.Test(String name, Type[] mods) in /app/osu.Game/Tests/Beatmaps/BeatmapConversionTest.cs:line 50
   at osu.Game.Rulesets.Catch.Tests.CatchBeatmapConversionTest.Test(String name, Type[] mods) in /app/osu.Game.Rulesets.Catch.Tests/CatchBeatmapConversionTest.cs:line 58
   at InvokeStub_CatchBeatmapConversionTest.Test(Object, Span`1)

104)    at osu.Game.Tests.Beatmaps.BeatmapConversionTest`2.<>c__DisplayClass4_1.<Test>b__2() in /app/osu.Game/Tests/Beatmaps/BeatmapConversionTest.cs:line 98
   at NUnit.Framework.Assert.Multiple(TestDelegate testDelegate)
   at osu.Game.Tests.Beatmaps.BeatmapConversionTest`2.<>c__DisplayClass4_0.<Test>b__1() in /app/osu.Game/Tests/Beatmaps/BeatmapConversionTest.cs:line 77
   at NUnit.Framework.Assert.Multiple(TestDelegate testDelegate)
   at osu.Game.Tests.Beatmaps.BeatmapConversionTest`2.Test(String name, Type[] mods) in /app/osu.Game/Tests/Beatmaps/BeatmapConversionTest.cs:line 50
   at osu.Game.Rulesets.Catch.Tests.CatchBeatmapConversionTest.Test(String name, Type[] mods) in /app/osu.Game.Rulesets.Catch.Tests/CatchBeatmapConversionTest.cs:line 58
   at InvokeStub_CatchBeatmapConversionTest.Test(Object, Span`1)

105)    at osu.Game.Tests.Beatmaps.BeatmapConversionTest`2.<>c__DisplayClass4_1.<Test>b__2() in /app/osu.Game/Tests/Beatmaps/BeatmapConversionTest.cs:line 98
   at NUnit.Framework.Assert.Multiple(TestDelegate testDelegate)
   at osu.Game.Tests.Beatmaps.BeatmapConversionTest`2.<>c__DisplayClass4_0.<Test>b__1() in /app/osu.Game/Tests/Beatmaps/BeatmapConversionTest.cs:line 77
   at NUnit.Framework.Assert.Multiple(TestDelegate testDelegate)
   at osu.Game.Tests.Beatmaps.BeatmapConversionTest`2.Test(String name, Type[] mods) in /app/osu.Game/Tests/Beatmaps/BeatmapConversionTest.cs:line 50
   at osu.Game.Rulesets.Catch.Tests.CatchBeatmapConversionTest.Test(String name, Type[] mods) in /app/osu.Game.Rulesets.Catch.Tests/CatchBeatmapConversionTest.cs:line 58
   at InvokeStub_CatchBeatmapConversionTest.Test(Object, Span`1)

106)    at osu.Game.Tests.Beatmaps.BeatmapConversionTest`2.<>c__DisplayClass4_1.<Test>b__2() in /app/osu.Game/Tests/Beatmaps/BeatmapConversionTest.cs:line 98
   at NUnit.Framework.Assert.Multiple(TestDelegate testDelegate)
   at osu.Game.Tests.Beatmaps.BeatmapConversionTest`2.<>c__DisplayClass4_0.<Test>b__1() in /app/osu.Game/Tests/Beatmaps/BeatmapConversionTest.cs:line 77
   at NUnit.Framework.Assert.Multiple(TestDelegate testDelegate)
   at osu.Game.Tests.Beatmaps.BeatmapConversionTest`2.Test(String name, Type[] mods) in /app/osu.Game/Tests/Beatmaps/BeatmapConversionTest.cs:line 50
   at osu.Game.Rulesets.Catch.Tests.CatchBeatmapConversionTest.Test(String name, Type[] mods) in /app/osu.Game.Rulesets.Catch.Tests/CatchBeatmapConversionTest.cs:line 58
   at InvokeStub_CatchBeatmapConversionTest.Test(Object, Span`1)

107)    at osu.Game.Tests.Beatmaps.BeatmapConversionTest`2.<>c__DisplayClass4_1.<Test>b__2() in /app/osu.Game/Tests/Beatmaps/BeatmapConversionTest.cs:line 98
   at NUnit.Framework.Assert.Multiple(TestDelegate testDelegate)
   at osu.Game.Tests.Beatmaps.BeatmapConversionTest`2.<>c__DisplayClass4_0.<Test>b__1() in /app/osu.Game/Tests/Beatmaps/BeatmapConversionTest.cs:line 77
   at NUnit.Framework.Assert.Multiple(TestDelegate testDelegate)
   at osu.Game.Tests.Beatmaps.BeatmapConversionTest`2.Test(String name, Type[] mods) in /app/osu.Game/Tests/Beatmaps/BeatmapConversionTest.cs:line 50
   at osu.Game.Rulesets.Catch.Tests.CatchBeatmapConversionTest.Test(String name, Type[] mods) in /app/osu.Game.Rulesets.Catch.Tests/CatchBeatmapConversionTest.cs:line 58
   at InvokeStub_CatchBeatmapConversionTest.Test(Object, Span`1)

108)    at osu.Game.Tests.Beatmaps.BeatmapConversionTest`2.<>c__DisplayClass4_1.<Test>b__2() in /app/osu.Game/Tests/Beatmaps/BeatmapConversionTest.cs:line 98
   at NUnit.Framework.Assert.Multiple(TestDelegate testDelegate)
   at osu.Game.Tests.Beatmaps.BeatmapConversionTest`2.<>c__DisplayClass4_0.<Test>b__1() in /app/osu.Game/Tests/Beatmaps/BeatmapConversionTest.cs:line 77
   at NUnit.Framework.Assert.Multiple(TestDelegate testDelegate)
   at osu.Game.Tests.Beatmaps.BeatmapConversionTest`2.Test(String name, Type[] mods) in /app/osu.Game/Tests/Beatmaps/BeatmapConversionTest.cs:line 50
   at osu.Game.Rulesets.Catch.Tests.CatchBeatmapConversionTest.Test(String name, Type[] mods) in /app/osu.Game.Rulesets.Catch.Tests/CatchBeatmapConversionTest.cs:line 58
   at InvokeStub_CatchBeatmapConversionTest.Test(Object, Span`1)

109)    at osu.Game.Tests.Beatmaps.BeatmapConversionTest`2.<>c__DisplayClass4_1.<Test>b__2() in /app/osu.Game/Tests/Beatmaps/BeatmapConversionTest.cs:line 98
   at NUnit.Framework.Assert.Multiple(TestDelegate testDelegate)
   at osu.Game.Tests.Beatmaps.BeatmapConversionTest`2.<>c__DisplayClass4_0.<Test>b__1() in /app/osu.Game/Tests/Beatmaps/BeatmapConversionTest.cs:line 77
   at NUnit.Framework.Assert.Multiple(TestDelegate testDelegate)
   at osu.Game.Tests.Beatmaps.BeatmapConversionTest`2.Test(String name, Type[] mods) in /app/osu.Game/Tests/Beatmaps/BeatmapConversionTest.cs:line 50
   at osu.Game.Rulesets.Catch.Tests.CatchBeatmapConversionTest.Test(String name, Type[] mods) in /app/osu.Game.Rulesets.Catch.Tests/CatchBeatmapConversionTest.cs:line 58
   at InvokeStub_CatchBeatmapConversionTest.Test(Object, Span`1)

110)    at osu.Game.Tests.Beatmaps.BeatmapConversionTest`2.<>c__DisplayClass4_1.<Test>b__2() in /app/osu.Game/Tests/Beatmaps/BeatmapConversionTest.cs:line 98
   at NUnit.Framework.Assert.Multiple(TestDelegate testDelegate)
   at osu.Game.Tests.Beatmaps.BeatmapConversionTest`2.<>c__DisplayClass4_0.<Test>b__1() in /app/osu.Game/Tests/Beatmaps/BeatmapConversionTest.cs:line 77
   at NUnit.Framework.Assert.Multiple(TestDelegate testDelegate)
   at osu.Game.Tests.Beatmaps.BeatmapConversionTest`2.Test(String name, Type[] mods) in /app/osu.Game/Tests/Beatmaps/BeatmapConversionTest.cs:line 50
   at osu.Game.Rulesets.Catch.Tests.CatchBeatmapConversionTest.Test(String name, Type[] mods) in /app/osu.Game.Rulesets.Catch.Tests/CatchBeatmapConversionTest.cs:line 58
   at InvokeStub_CatchBeatmapConversionTest.Test(Object, Span`1)

111)    at osu.Game.Tests.Beatmaps.BeatmapConversionTest`2.<>c__DisplayClass4_1.<Test>b__2() in /app/osu.Game/Tests/Beatmaps/BeatmapConversionTest.cs:line 98
   at NUnit.Framework.Assert.Multiple(TestDelegate testDelegate)
   at osu.Game.Tests.Beatmaps.BeatmapConversionTest`2.<>c__DisplayClass4_0.<Test>b__1() in /app/osu.Game/Tests/Beatmaps/BeatmapConversionTest.cs:line 77
   at NUnit.Framework.Assert.Multiple(TestDelegate testDelegate)
   at osu.Game.Tests.Beatmaps.BeatmapConversionTest`2.Test(String name, Type[] mods) in /app/osu.Game/Tests/Beatmaps/BeatmapConversionTest.cs:line 50
   at osu.Game.Rulesets.Catch.Tests.CatchBeatmapConversionTest.Test(String name, Type[] mods) in /app/osu.Game.Rulesets.Catch.Tests/CatchBeatmapConversionTest.cs:line 58
   at InvokeStub_CatchBeatmapConversionTest.Test(Object, Span`1)

112)    at osu.Game.Tests.Beatmaps.BeatmapConversionTest`2.<>c__DisplayClass4_1.<Test>b__2() in /app/osu.Game/Tests/Beatmaps/BeatmapConversionTest.cs:line 98
   at NUnit.Framework.Assert.Multiple(TestDelegate testDelegate)
   at osu.Game.Tests.Beatmaps.BeatmapConversionTest`2.<>c__DisplayClass4_0.<Test>b__1() in /app/osu.Game/Tests/Beatmaps/BeatmapConversionTest.cs:line 77
   at NUnit.Framework.Assert.Multiple(TestDelegate testDelegate)
   at osu.Game.Tests.Beatmaps.BeatmapConversionTest`2.Test(String name, Type[] mods) in /app/osu.Game/Tests/Beatmaps/BeatmapConversionTest.cs:line 50
   at osu.Game.Rulesets.Catch.Tests.CatchBeatmapConversionTest.Test(String name, Type[] mods) in /app/osu.Game.Rulesets.Catch.Tests/CatchBeatmapConversionTest.cs:line 58
   at InvokeStub_CatchBeatmapConversionTest.Test(Object, Span`1)

113)    at osu.Game.Tests.Beatmaps.BeatmapConversionTest`2.<>c__DisplayClass4_1.<Test>b__2() in /app/osu.Game/Tests/Beatmaps/BeatmapConversionTest.cs:line 98
   at NUnit.Framework.Assert.Multiple(TestDelegate testDelegate)
   at osu.Game.Tests.Beatmaps.BeatmapConversionTest`2.<>c__DisplayClass4_0.<Test>b__1() in /app/osu.Game/Tests/Beatmaps/BeatmapConversionTest.cs:line 77
   at NUnit.Framework.Assert.Multiple(TestDelegate testDelegate)
   at osu.Game.Tests.Beatmaps.BeatmapConversionTest`2.Test(String name, Type[] mods) in /app/osu.Game/Tests/Beatmaps/BeatmapConversionTest.cs:line 50
   at osu.Game.Rulesets.Catch.Tests.CatchBeatmapConversionTest.Test(String name, Type[] mods) in /app/osu.Game.Rulesets.Catch.Tests/CatchBeatmapConversionTest.cs:line 58
   at InvokeStub_CatchBeatmapConversionTest.Test(Object, Span`1)

114)    at osu.Game.Tests.Beatmaps.BeatmapConversionTest`2.<>c__DisplayClass4_1.<Test>b__2() in /app/osu.Game/Tests/Beatmaps/BeatmapConversionTest.cs:line 98
   at NUnit.Framework.Assert.Multiple(TestDelegate testDelegate)
   at osu.Game.Tests.Beatmaps.BeatmapConversionTest`2.<>c__DisplayClass4_0.<Test>b__1() in /app/osu.Game/Tests/Beatmaps/BeatmapConversionTest.cs:line 77
   at NUnit.Framework.Assert.Multiple(TestDelegate testDelegate)
   at osu.Game.Tests.Beatmaps.BeatmapConversionTest`2.Test(String name, Type[] mods) in /app/osu.Game/Tests/Beatmaps/BeatmapConversionTest.cs:line 50
   at osu.Game.Rulesets.Catch.Tests.CatchBeatmapConversionTest.Test(String name, Type[] mods) in /app/osu.Game.Rulesets.Catch.Tests/CatchBeatmapConversionTest.cs:line 58
   at InvokeStub_CatchBeatmapConversionTest.Test(Object, Span`1)

115)    at osu.Game.Tests.Beatmaps.BeatmapConversionTest`2.<>c__DisplayClass4_1.<Test>b__2() in /app/osu.Game/Tests/Beatmaps/BeatmapConversionTest.cs:line 98
   at NUnit.Framework.Assert.Multiple(TestDelegate testDelegate)
   at osu.Game.Tests.Beatmaps.BeatmapConversionTest`2.<>c__DisplayClass4_0.<Test>b__1() in /app/osu.Game/Tests/Beatmaps/BeatmapConversionTest.cs:line 77
   at NUnit.Framework.Assert.Multiple(TestDelegate testDelegate)
   at osu.Game.Tests.Beatmaps.BeatmapConversionTest`2.Test(String name, Type[] mods) in /app/osu.Game/Tests/Beatmaps/BeatmapConversionTest.cs:line 50
   at osu.Game.Rulesets.Catch.Tests.CatchBeatmapConversionTest.Test(String name, Type[] mods) in /app/osu.Game.Rulesets.Catch.Tests/CatchBeatmapConversionTest.cs:line 58
   at InvokeStub_CatchBeatmapConversionTest.Test(Object, Span`1)

116)    at osu.Game.Tests.Beatmaps.BeatmapConversionTest`2.<>c__DisplayClass4_1.<Test>b__2() in /app/osu.Game/Tests/Beatmaps/BeatmapConversionTest.cs:line 98
   at NUnit.Framework.Assert.Multiple(TestDelegate testDelegate)
   at osu.Game.Tests.Beatmaps.BeatmapConversionTest`2.<>c__DisplayClass4_0.<Test>b__1() in /app/osu.Game/Tests/Beatmaps/BeatmapConversionTest.cs:line 77
   at NUnit.Framework.Assert.Multiple(TestDelegate testDelegate)
   at osu.Game.Tests.Beatmaps.BeatmapConversionTest`2.Test(String name, Type[] mods) in /app/osu.Game/Tests/Beatmaps/BeatmapConversionTest.cs:line 50
   at osu.Game.Rulesets.Catch.Tests.CatchBeatmapConversionTest.Test(String name, Type[] mods) in /app/osu.Game.Rulesets.Catch.Tests/CatchBeatmapConversionTest.cs:line 58
   at InvokeStub_CatchBeatmapConversionTest.Test(Object, Span`1)

117)    at osu.Game.Tests.Beatmaps.BeatmapConversionTest`2.<>c__DisplayClass4_1.<Test>b__2() in /app/osu.Game/Tests/Beatmaps/BeatmapConversionTest.cs:line 98
   at NUnit.Framework.Assert.Multiple(TestDelegate testDelegate)
   at osu.Game.Tests.Beatmaps.BeatmapConversionTest`2.<>c__DisplayClass4_0.<Test>b__1() in /app/osu.Game/Tests/Beatmaps/BeatmapConversionTest.cs:line 77
   at NUnit.Framework.Assert.Multiple(TestDelegate testDelegate)
   at osu.Game.Tests.Beatmaps.BeatmapConversionTest`2.Test(String name, Type[] mods) in /app/osu.Game/Tests/Beatmaps/BeatmapConversionTest.cs:line 50
   at osu.Game.Rulesets.Catch.Tests.CatchBeatmapConversionTest.Test(String name, Type[] mods) in /app/osu.Game.Rulesets.Catch.Tests/CatchBeatmapConversionTest.cs:line 58
   at InvokeStub_CatchBeatmapConversionTest.Test(Object, Span`1)

118)    at osu.Game.Tests.Beatmaps.BeatmapConversionTest`2.<>c__DisplayClass4_1.<Test>b__2() in /app/osu.Game/Tests/Beatmaps/BeatmapConversionTest.cs:line 98
   at NUnit.Framework.Assert.Multiple(TestDelegate testDelegate)
   at osu.Game.Tests.Beatmaps.BeatmapConversionTest`2.<>c__DisplayClass4_0.<Test>b__1() in /app/osu.Game/Tests/Beatmaps/BeatmapConversionTest.cs:line 77
   at NUnit.Framework.Assert.Multiple(TestDelegate testDelegate)
   at osu.Game.Tests.Beatmaps.BeatmapConversionTest`2.Test(String name, Type[] mods) in /app/osu.Game/Tests/Beatmaps/BeatmapConversionTest.cs:line 50
   at osu.Game.Rulesets.Catch.Tests.CatchBeatmapConversionTest.Test(String name, Type[] mods) in /app/osu.Game.Rulesets.Catch.Tests/CatchBeatmapConversionTest.cs:line 58
   at InvokeStub_CatchBeatmapConversionTest.Test(Object, Span`1)

119)    at osu.Game.Tests.Beatmaps.BeatmapConversionTest`2.<>c__DisplayClass4_1.<Test>b__2() in /app/osu.Game/Tests/Beatmaps/BeatmapConversionTest.cs:line 98
   at NUnit.Framework.Assert.Multiple(TestDelegate testDelegate)
   at osu.Game.Tests.Beatmaps.BeatmapConversionTest`2.<>c__DisplayClass4_0.<Test>b__1() in /app/osu.Game/Tests/Beatmaps/BeatmapConversionTest.cs:line 77
   at NUnit.Framework.Assert.Multiple(TestDelegate testDelegate)
   at osu.Game.Tests.Beatmaps.BeatmapConversionTest`2.Test(String name, Type[] mods) in /app/osu.Game/Tests/Beatmaps/BeatmapConversionTest.cs:line 50
   at osu.Game.Rulesets.Catch.Tests.CatchBeatmapConversionTest.Test(String name, Type[] mods) in /app/osu.Game.Rulesets.Catch.Tests/CatchBeatmapConversionTest.cs:line 58
   at InvokeStub_CatchBeatmapConversionTest.Test(Object, Span`1)

120)    at osu.Game.Tests.Beatmaps.BeatmapConversionTest`2.<>c__DisplayClass4_1.<Test>b__2() in /app/osu.Game/Tests/Beatmaps/BeatmapConversionTest.cs:line 98
   at NUnit.Framework.Assert.Multiple(TestDelegate testDelegate)
   at osu.Game.Tests.Beatmaps.BeatmapConversionTest`2.<>c__DisplayClass4_0.<Test>b__1() in /app/osu.Game/Tests/Beatmaps/BeatmapConversionTest.cs:line 77
   at NUnit.Framework.Assert.Multiple(TestDelegate testDelegate)
   at osu.Game.Tests.Beatmaps.BeatmapConversionTest`2.Test(String name, Type[] mods) in /app/osu.Game/Tests/Beatmaps/BeatmapConversionTest.cs:line 50
   at osu.Game.Rulesets.Catch.Tests.CatchBeatmapConversionTest.Test(String name, Type[] mods) in /app/osu.Game.Rulesets.Catch.Tests/CatchBeatmapConversionTest.cs:line 58
   at InvokeStub_CatchBeatmapConversionTest.Test(Object, Span`1)

121)    at osu.Game.Tests.Beatmaps.BeatmapConversionTest`2.<>c__DisplayClass4_1.<Test>b__2() in /app/osu.Game/Tests/Beatmaps/BeatmapConversionTest.cs:line 98
   at NUnit.Framework.Assert.Multiple(TestDelegate testDelegate)
   at osu.Game.Tests.Beatmaps.BeatmapConversionTest`2.<>c__DisplayClass4_0.<Test>b__1() in /app/osu.Game/Tests/Beatmaps/BeatmapConversionTest.cs:line 77
   at NUnit.Framework.Assert.Multiple(TestDelegate testDelegate)
   at osu.Game.Tests.Beatmaps.BeatmapConversionTest`2.Test(String name, Type[] mods) in /app/osu.Game/Tests/Beatmaps/BeatmapConversionTest.cs:line 50
   at osu.Game.Rulesets.Catch.Tests.CatchBeatmapConversionTest.Test(String name, Type[] mods) in /app/osu.Game.Rulesets.Catch.Tests/CatchBeatmapConversionTest.cs:line 58
   at InvokeStub_CatchBeatmapConversionTest.Test(Object, Span`1)

122)    at osu.Game.Tests.Beatmaps.BeatmapConversionTest`2.<>c__DisplayClass4_1.<Test>b__2() in /app/osu.Game/Tests/Beatmaps/BeatmapConversionTest.cs:line 98
   at NUnit.Framework.Assert.Multiple(TestDelegate testDelegate)
   at osu.Game.Tests.Beatmaps.BeatmapConversionTest`2.<>c__DisplayClass4_0.<Test>b__1() in /app/osu.Game/Tests/Beatmaps/BeatmapConversionTest.cs:line 77
   at NUnit.Framework.Assert.Multiple(TestDelegate testDelegate)
   at osu.Game.Tests.Beatmaps.BeatmapConversionTest`2.Test(String name, Type[] mods) in /app/osu.Game/Tests/Beatmaps/BeatmapConversionTest.cs:line 50
   at osu.Game.Rulesets.Catch.Tests.CatchBeatmapConversionTest.Test(String name, Type[] mods) in /app/osu.Game.Rulesets.Catch.Tests/CatchBeatmapConversionTest.cs:line 58
   at InvokeStub_CatchBeatmapConversionTest.Test(Object, Span`1)

123)    at osu.Game.Tests.Beatmaps.BeatmapConversionTest`2.<>c__DisplayClass4_1.<Test>b__2() in /app/osu.Game/Tests/Beatmaps/BeatmapConversionTest.cs:line 98
   at NUnit.Framework.Assert.Multiple(TestDelegate testDelegate)
   at osu.Game.Tests.Beatmaps.BeatmapConversionTest`2.<>c__DisplayClass4_0.<Test>b__1() in /app/osu.Game/Tests/Beatmaps/BeatmapConversionTest.cs:line 77
   at NUnit.Framework.Assert.Multiple(TestDelegate testDelegate)
   at osu.Game.Tests.Beatmaps.BeatmapConversionTest`2.Test(String name, Type[] mods) in /app/osu.Game/Tests/Beatmaps/BeatmapConversionTest.cs:line 50
   at osu.Game.Rulesets.Catch.Tests.CatchBeatmapConversionTest.Test(String name, Type[] mods) in /app/osu.Game.Rulesets.Catch.Tests/CatchBeatmapConversionTest.cs:line 58
   at InvokeStub_CatchBeatmapConversionTest.Test(Object, Span`1)

124)    at osu.Game.Tests.Beatmaps.BeatmapConversionTest`2.<>c__DisplayClass4_1.<Test>b__2() in /app/osu.Game/Tests/Beatmaps/BeatmapConversionTest.cs:line 98
   at NUnit.Framework.Assert.Multiple(TestDelegate testDelegate)
   at osu.Game.Tests.Beatmaps.BeatmapConversionTest`2.<>c__DisplayClass4_0.<Test>b__1() in /app/osu.Game/Tests/Beatmaps/BeatmapConversionTest.cs:line 77
   at NUnit.Framework.Assert.Multiple(TestDelegate testDelegate)
   at osu.Game.Tests.Beatmaps.BeatmapConversionTest`2.Test(String name, Type[] mods) in /app/osu.Game/Tests/Beatmaps/BeatmapConversionTest.cs:line 50
   at osu.Game.Rulesets.Catch.Tests.CatchBeatmapConversionTest.Test(String name, Type[] mods) in /app/osu.Game.Rulesets.Catch.Tests/CatchBeatmapConversionTest.cs:line 58
   at InvokeStub_CatchBeatmapConversionTest.Test(Object, Span`1)

125)    at osu.Game.Tests.Beatmaps.BeatmapConversionTest`2.<>c__DisplayClass4_1.<Test>b__2() in /app/osu.Game/Tests/Beatmaps/BeatmapConversionTest.cs:line 98
   at NUnit.Framework.Assert.Multiple(TestDelegate testDelegate)
   at osu.Game.Tests.Beatmaps.BeatmapConversionTest`2.<>c__DisplayClass4_0.<Test>b__1() in /app/osu.Game/Tests/Beatmaps/BeatmapConversionTest.cs:line 77
   at NUnit.Framework.Assert.Multiple(TestDelegate testDelegate)
   at osu.Game.Tests.Beatmaps.BeatmapConversionTest`2.Test(String name, Type[] mods) in /app/osu.Game/Tests/Beatmaps/BeatmapConversionTest.cs:line 50
   at osu.Game.Rulesets.Catch.Tests.CatchBeatmapConversionTest.Test(String name, Type[] mods) in /app/osu.Game.Rulesets.Catch.Tests/CatchBeatmapConversionTest.cs:line 58
   at InvokeStub_CatchBeatmapConversionTest.Test(Object, Span`1)

126)    at osu.Game.Tests.Beatmaps.BeatmapConversionTest`2.<>c__DisplayClass4_1.<Test>b__2() in /app/osu.Game/Tests/Beatmaps/BeatmapConversionTest.cs:line 98
   at NUnit.Framework.Assert.Multiple(TestDelegate testDelegate)
   at osu.Game.Tests.Beatmaps.BeatmapConversionTest`2.<>c__DisplayClass4_0.<Test>b__1() in /app/osu.Game/Tests/Beatmaps/BeatmapConversionTest.cs:line 77
   at NUnit.Framework.Assert.Multiple(TestDelegate testDelegate)
   at osu.Game.Tests.Beatmaps.BeatmapConversionTest`2.Test(String name, Type[] mods) in /app/osu.Game/Tests/Beatmaps/BeatmapConversionTest.cs:line 50
   at osu.Game.Rulesets.Catch.Tests.CatchBeatmapConversionTest.Test(String name, Type[] mods) in /app/osu.Game.Rulesets.Catch.Tests/CatchBeatmapConversionTest.cs:line 58
   at InvokeStub_CatchBeatmapConversionTest.Test(Object, Span`1)

127)    at osu.Game.Tests.Beatmaps.BeatmapConversionTest`2.<>c__DisplayClass4_1.<Test>b__2() in /app/osu.Game/Tests/Beatmaps/BeatmapConversionTest.cs:line 98
   at NUnit.Framework.Assert.Multiple(TestDelegate testDelegate)
   at osu.Game.Tests.Beatmaps.BeatmapConversionTest`2.<>c__DisplayClass4_0.<Test>b__1() in /app/osu.Game/Tests/Beatmaps/BeatmapConversionTest.cs:line 77
   at NUnit.Framework.Assert.Multiple(TestDelegate testDelegate)
   at osu.Game.Tests.Beatmaps.BeatmapConversionTest`2.Test(String name, Type[] mods) in /app/osu.Game/Tests/Beatmaps/BeatmapConversionTest.cs:line 50
   at osu.Game.Rulesets.Catch.Tests.CatchBeatmapConversionTest.Test(String name, Type[] mods) in /app/osu.Game.Rulesets.Catch.Tests/CatchBeatmapConversionTest.cs:line 58
   at InvokeStub_CatchBeatmapConversionTest.Test(Object, Span`1)

128)    at osu.Game.Tests.Beatmaps.BeatmapConversionTest`2.<>c__DisplayClass4_1.<Test>b__2() in /app/osu.Game/Tests/Beatmaps/BeatmapConversionTest.cs:line 98
   at NUnit.Framework.Assert.Multiple(TestDelegate testDelegate)
   at osu.Game.Tests.Beatmaps.BeatmapConversionTest`2.<>c__DisplayClass4_0.<Test>b__1() in /app/osu.Game/Tests/Beatmaps/BeatmapConversionTest.cs:line 77
   at NUnit.Framework.Assert.Multiple(TestDelegate testDelegate)
   at osu.Game.Tests.Beatmaps.BeatmapConversionTest`2.Test(String name, Type[] mods) in /app/osu.Game/Tests/Beatmaps/BeatmapConversionTest.cs:line 50
   at osu.Game.Rulesets.Catch.Tests.CatchBeatmapConversionTest.Test(String name, Type[] mods) in /app/osu.Game.Rulesets.Catch.Tests/CatchBeatmapConversionTest.cs:line 58
   at InvokeStub_CatchBeatmapConversionTest.Test(Object, Span`1)

129)    at osu.Game.Tests.Beatmaps.BeatmapConversionTest`2.<>c__DisplayClass4_1.<Test>b__2() in /app/osu.Game/Tests/Beatmaps/BeatmapConversionTest.cs:line 98
   at NUnit.Framework.Assert.Multiple(TestDelegate testDelegate)
   at osu.Game.Tests.Beatmaps.BeatmapConversionTest`2.<>c__DisplayClass4_0.<Test>b__1() in /app/osu.Game/Tests/Beatmaps/BeatmapConversionTest.cs:line 77
   at NUnit.Framework.Assert.Multiple(TestDelegate testDelegate)
   at osu.Game.Tests.Beatmaps.BeatmapConversionTest`2.Test(String name, Type[] mods) in /app/osu.Game/Tests/Beatmaps/BeatmapConversionTest.cs:line 50
   at osu.Game.Rulesets.Catch.Tests.CatchBeatmapConversionTest.Test(String name, Type[] mods) in /app/osu.Game.Rulesets.Catch.Tests/CatchBeatmapConversionTest.cs:line 58
   at InvokeStub_CatchBeatmapConversionTest.Test(Object, Span`1)

130)    at osu.Game.Tests.Beatmaps.BeatmapConversionTest`2.<>c__DisplayClass4_1.<Test>b__2() in /app/osu.Game/Tests/Beatmaps/BeatmapConversionTest.cs:line 98
   at NUnit.Framework.Assert.Multiple(TestDelegate testDelegate)
   at osu.Game.Tests.Beatmaps.BeatmapConversionTest`2.<>c__DisplayClass4_0.<Test>b__1() in /app/osu.Game/Tests/Beatmaps/BeatmapConversionTest.cs:line 77
   at NUnit.Framework.Assert.Multiple(TestDelegate testDelegate)
   at osu.Game.Tests.Beatmaps.BeatmapConversionTest`2.Test(String name, Type[] mods) in /app/osu.Game/Tests/Beatmaps/BeatmapConversionTest.cs:line 50
   at osu.Game.Rulesets.Catch.Tests.CatchBeatmapConversionTest.Test(String name, Type[] mods) in /app/osu.Game.Rulesets.Catch.Tests/CatchBeatmapConversionTest.cs:line 58
   at InvokeStub_CatchBeatmapConversionTest.Test(Object, Span`1)

131)    at osu.Game.Tests.Beatmaps.BeatmapConversionTest`2.<>c__DisplayClass4_1.<Test>b__2() in /app/osu.Game/Tests/Beatmaps/BeatmapConversionTest.cs:line 98
   at NUnit.Framework.Assert.Multiple(TestDelegate testDelegate)
   at osu.Game.Tests.Beatmaps.BeatmapConversionTest`2.<>c__DisplayClass4_0.<Test>b__1() in /app/osu.Game/Tests/Beatmaps/BeatmapConversionTest.cs:line 77
   at NUnit.Framework.Assert.Multiple(TestDelegate testDelegate)
   at osu.Game.Tests.Beatmaps.BeatmapConversionTest`2.Test(String name, Type[] mods) in /app/osu.Game/Tests/Beatmaps/BeatmapConversionTest.cs:line 50
   at osu.Game.Rulesets.Catch.Tests.CatchBeatmapConversionTest.Test(String name, Type[] mods) in /app/osu.Game.Rulesets.Catch.Tests/CatchBeatmapConversionTest.cs:line 58
   at InvokeStub_CatchBeatmapConversionTest.Test(Object, Span`1)

132)    at osu.Game.Tests.Beatmaps.BeatmapConversionTest`2.<>c__DisplayClass4_1.<Test>b__2() in /app/osu.Game/Tests/Beatmaps/BeatmapConversionTest.cs:line 98
   at NUnit.Framework.Assert.Multiple(TestDelegate testDelegate)
   at osu.Game.Tests.Beatmaps.BeatmapConversionTest`2.<>c__DisplayClass4_0.<Test>b__1() in /app/osu.Game/Tests/Beatmaps/BeatmapConversionTest.cs:line 77
   at NUnit.Framework.Assert.Multiple(TestDelegate testDelegate)
   at osu.Game.Tests.Beatmaps.BeatmapConversionTest`2.Test(String name, Type[] mods) in /app/osu.Game/Tests/Beatmaps/BeatmapConversionTest.cs:line 50
   at osu.Game.Rulesets.Catch.Tests.CatchBeatmapConversionTest.Test(String name, Type[] mods) in /app/osu.Game.Rulesets.Catch.Tests/CatchBeatmapConversionTest.cs:line 58
   at InvokeStub_CatchBeatmapConversionTest.Test(Object, Span`1)

133)    at osu.Game.Tests.Beatmaps.BeatmapConversionTest`2.<>c__DisplayClass4_1.<Test>b__2() in /app/osu.Game/Tests/Beatmaps/BeatmapConversionTest.cs:line 98
   at NUnit.Framework.Assert.Multiple(TestDelegate testDelegate)
   at osu.Game.Tests.Beatmaps.BeatmapConversionTest`2.<>c__DisplayClass4_0.<Test>b__1() in /app/osu.Game/Tests/Beatmaps/BeatmapConversionTest.cs:line 77
   at NUnit.Framework.Assert.Multiple(TestDelegate testDelegate)
   at osu.Game.Tests.Beatmaps.BeatmapConversionTest`2.Test(String name, Type[] mods) in /app/osu.Game/Tests/Beatmaps/BeatmapConversionTest.cs:line 50
   at osu.Game.Rulesets.Catch.Tests.CatchBeatmapConversionTest.Test(String name, Type[] mods) in /app/osu.Game.Rulesets.Catch.Tests/CatchBeatmapConversionTest.cs:line 58
   at InvokeStub_CatchBeatmapConversionTest.Test(Object, Span`1)

134)    at osu.Game.Tests.Beatmaps.BeatmapConversionTest`2.<>c__DisplayClass4_1.<Test>b__2() in /app/osu.Game/Tests/Beatmaps/BeatmapConversionTest.cs:line 98
   at NUnit.Framework.Assert.Multiple(TestDelegate testDelegate)
   at osu.Game.Tests.Beatmaps.BeatmapConversionTest`2.<>c__DisplayClass4_0.<Test>b__1() in /app/osu.Game/Tests/Beatmaps/BeatmapConversionTest.cs:line 77
   at NUnit.Framework.Assert.Multiple(TestDelegate testDelegate)
   at osu.Game.Tests.Beatmaps.BeatmapConversionTest`2.Test(String name, Type[] mods) in /app/osu.Game/Tests/Beatmaps/BeatmapConversionTest.cs:line 50
   at osu.Game.Rulesets.Catch.Tests.CatchBeatmapConversionTest.Test(String name, Type[] mods) in /app/osu.Game.Rulesets.Catch.Tests/CatchBeatmapConversionTest.cs:line 58
   at InvokeStub_CatchBeatmapConversionTest.Test(Object, Span`1)

135)    at osu.Game.Tests.Beatmaps.BeatmapConversionTest`2.<>c__DisplayClass4_1.<Test>b__2() in /app/osu.Game/Tests/Beatmaps/BeatmapConversionTest.cs:line 98
   at NUnit.Framework.Assert.Multiple(TestDelegate testDelegate)
   at osu.Game.Tests.Beatmaps.BeatmapConversionTest`2.<>c__DisplayClass4_0.<Test>b__1() in /app/osu.Game/Tests/Beatmaps/BeatmapConversionTest.cs:line 77
   at NUnit.Framework.Assert.Multiple(TestDelegate testDelegate)
   at osu.Game.Tests.Beatmaps.BeatmapConversionTest`2.Test(String name, Type[] mods) in /app/osu.Game/Tests/Beatmaps/BeatmapConversionTest.cs:line 50
   at osu.Game.Rulesets.Catch.Tests.CatchBeatmapConversionTest.Test(String name, Type[] mods) in /app/osu.Game.Rulesets.Catch.Tests/CatchBeatmapConversionTest.cs:line 58
   at InvokeStub_CatchBeatmapConversionTest.Test(Object, Span`1)

136)    at osu.Game.Tests.Beatmaps.BeatmapConversionTest`2.<>c__DisplayClass4_1.<Test>b__2() in /app/osu.Game/Tests/Beatmaps/BeatmapConversionTest.cs:line 98
   at NUnit.Framework.Assert.Multiple(TestDelegate testDelegate)
   at osu.Game.Tests.Beatmaps.BeatmapConversionTest`2.<>c__DisplayClass4_0.<Test>b__1() in /app/osu.Game/Tests/Beatmaps/BeatmapConversionTest.cs:line 77
   at NUnit.Framework.Assert.Multiple(TestDelegate testDelegate)
   at osu.Game.Tests.Beatmaps.BeatmapConversionTest`2.Test(String name, Type[] mods) in /app/osu.Game/Tests/Beatmaps/BeatmapConversionTest.cs:line 50
   at osu.Game.Rulesets.Catch.Tests.CatchBeatmapConversionTest.Test(String name, Type[] mods) in /app/osu.Game.Rulesets.Catch.Tests/CatchBeatmapConversionTest.cs:line 58
   at InvokeStub_CatchBeatmapConversionTest.Test(Object, Span`1)

137)    at osu.Game.Tests.Beatmaps.BeatmapConversionTest`2.<>c__DisplayClass4_1.<Test>b__2() in /app/osu.Game/Tests/Beatmaps/BeatmapConversionTest.cs:line 98
   at NUnit.Framework.Assert.Multiple(TestDelegate testDelegate)
   at osu.Game.Tests.Beatmaps.BeatmapConversionTest`2.<>c__DisplayClass4_0.<Test>b__1() in /app/osu.Game/Tests/Beatmaps/BeatmapConversionTest.cs:line 77
   at NUnit.Framework.Assert.Multiple(TestDelegate testDelegate)
   at osu.Game.Tests.Beatmaps.BeatmapConversionTest`2.Test(String name, Type[] mods) in /app/osu.Game/Tests/Beatmaps/BeatmapConversionTest.cs:line 50
   at osu.Game.Rulesets.Catch.Tests.CatchBeatmapConversionTest.Test(String name, Type[] mods) in /app/osu.Game.Rulesets.Catch.Tests/CatchBeatmapConversionTest.cs:line 58
   at InvokeStub_CatchBeatmapConversionTest.Test(Object, Span`1)

138)    at osu.Game.Tests.Beatmaps.BeatmapConversionTest`2.<>c__DisplayClass4_1.<Test>b__2() in /app/osu.Game/Tests/Beatmaps/BeatmapConversionTest.cs:line 98
   at NUnit.Framework.Assert.Multiple(TestDelegate testDelegate)
   at osu.Game.Tests.Beatmaps.BeatmapConversionTest`2.<>c__DisplayClass4_0.<Test>b__1() in /app/osu.Game/Tests/Beatmaps/BeatmapConversionTest.cs:line 77
   at NUnit.Framework.Assert.Multiple(TestDelegate testDelegate)
   at osu.Game.Tests.Beatmaps.BeatmapConversionTest`2.Test(String name, Type[] mods) in /app/osu.Game/Tests/Beatmaps/BeatmapConversionTest.cs:line 50
   at osu.Game.Rulesets.Catch.Tests.CatchBeatmapConversionTest.Test(String name, Type[] mods) in /app/osu.Game.Rulesets.Catch.Tests/CatchBeatmapConversionTest.cs:line 58
   at InvokeStub_CatchBeatmapConversionTest.Test(Object, Span`1)

139)    at osu.Game.Tests.Beatmaps.BeatmapConversionTest`2.<>c__DisplayClass4_1.<Test>b__2() in /app/osu.Game/Tests/Beatmaps/BeatmapConversionTest.cs:line 98
   at NUnit.Framework.Assert.Multiple(TestDelegate testDelegate)
   at osu.Game.Tests.Beatmaps.BeatmapConversionTest`2.<>c__DisplayClass4_0.<Test>b__1() in /app/osu.Game/Tests/Beatmaps/BeatmapConversionTest.cs:line 77
   at NUnit.Framework.Assert.Multiple(TestDelegate testDelegate)
   at osu.Game.Tests.Beatmaps.BeatmapConversionTest`2.Test(String name, Type[] mods) in /app/osu.Game/Tests/Beatmaps/BeatmapConversionTest.cs:line 50
   at osu.Game.Rulesets.Catch.Tests.CatchBeatmapConversionTest.Test(String name, Type[] mods) in /app/osu.Game.Rulesets.Catch.Tests/CatchBeatmapConversionTest.cs:line 58
   at InvokeStub_CatchBeatmapConversionTest.Test(Object, Span`1)

140)    at osu.Game.Tests.Beatmaps.BeatmapConversionTest`2.<>c__DisplayClass4_1.<Test>b__2() in /app/osu.Game/Tests/Beatmaps/BeatmapConversionTest.cs:line 98
   at NUnit.Framework.Assert.Multiple(TestDelegate testDelegate)
   at osu.Game.Tests.Beatmaps.BeatmapConversionTest`2.<>c__DisplayClass4_0.<Test>b__1() in /app/osu.Game/Tests/Beatmaps/BeatmapConversionTest.cs:line 77
   at NUnit.Framework.Assert.Multiple(TestDelegate testDelegate)
   at osu.Game.Tests.Beatmaps.BeatmapConversionTest`2.Test(String name, Type[] mods) in /app/osu.Game/Tests/Beatmaps/BeatmapConversionTest.cs:line 50
   at osu.Game.Rulesets.Catch.Tests.CatchBeatmapConversionTest.Test(String name, Type[] mods) in /app/osu.Game.Rulesets.Catch.Tests/CatchBeatmapConversionTest.cs:line 58
   at InvokeStub_CatchBeatmapConversionTest.Test(Object, Span`1)

141)    at osu.Game.Tests.Beatmaps.BeatmapConversionTest`2.<>c__DisplayClass4_1.<Test>b__2() in /app/osu.Game/Tests/Beatmaps/BeatmapConversionTest.cs:line 98
   at NUnit.Framework.Assert.Multiple(TestDelegate testDelegate)
   at osu.Game.Tests.Beatmaps.BeatmapConversionTest`2.<>c__DisplayClass4_0.<Test>b__1() in /app/osu.Game/Tests/Beatmaps/BeatmapConversionTest.cs:line 77
   at NUnit.Framework.Assert.Multiple(TestDelegate testDelegate)
   at osu.Game.Tests.Beatmaps.BeatmapConversionTest`2.Test(String name, Type[] mods) in /app/osu.Game/Tests/Beatmaps/BeatmapConversionTest.cs:line 50
   at osu.Game.Rulesets.Catch.Tests.CatchBeatmapConversionTest.Test(String name, Type[] mods) in /app/osu.Game.Rulesets.Catch.Tests/CatchBeatmapConversionTest.cs:line 58
   at InvokeStub_CatchBeatmapConversionTest.Test(Object, Span`1)

142)    at osu.Game.Tests.Beatmaps.BeatmapConversionTest`2.<>c__DisplayClass4_1.<Test>b__2() in /app/osu.Game/Tests/Beatmaps/BeatmapConversionTest.cs:line 98
   at NUnit.Framework.Assert.Multiple(TestDelegate testDelegate)
   at osu.Game.Tests.Beatmaps.BeatmapConversionTest`2.<>c__DisplayClass4_0.<Test>b__1() in /app/osu.Game/Tests/Beatmaps/BeatmapConversionTest.cs:line 77
   at NUnit.Framework.Assert.Multiple(TestDelegate testDelegate)
   at osu.Game.Tests.Beatmaps.BeatmapConversionTest`2.Test(String name, Type[] mods) in /app/osu.Game/Tests/Beatmaps/BeatmapConversionTest.cs:line 50
   at osu.Game.Rulesets.Catch.Tests.CatchBeatmapConversionTest.Test(String name, Type[] mods) in /app/osu.Game.Rulesets.Catch.Tests/CatchBeatmapConversionTest.cs:line 58
   at InvokeStub_CatchBeatmapConversionTest.Test(Object, Span`1)

143)    at osu.Game.Tests.Beatmaps.BeatmapConversionTest`2.<>c__DisplayClass4_1.<Test>b__2() in /app/osu.Game/Tests/Beatmaps/BeatmapConversionTest.cs:line 98
   at NUnit.Framework.Assert.Multiple(TestDelegate testDelegate)
   at osu.Game.Tests.Beatmaps.BeatmapConversionTest`2.<>c__DisplayClass4_0.<Test>b__1() in /app/osu.Game/Tests/Beatmaps/BeatmapConversionTest.cs:line 77
   at NUnit.Framework.Assert.Multiple(TestDelegate testDelegate)
   at osu.Game.Tests.Beatmaps.BeatmapConversionTest`2.Test(String name, Type[] mods) in /app/osu.Game/Tests/Beatmaps/BeatmapConversionTest.cs:line 50
   at osu.Game.Rulesets.Catch.Tests.CatchBeatmapConversionTest.Test(String name, Type[] mods) in /app/osu.Game.Rulesets.Catch.Tests/CatchBeatmapConversionTest.cs:line 58
   at InvokeStub_CatchBeatmapConversionTest.Test(Object, Span`1)

144)    at osu.Game.Tests.Beatmaps.BeatmapConversionTest`2.<>c__DisplayClass4_1.<Test>b__2() in /app/osu.Game/Tests/Beatmaps/BeatmapConversionTest.cs:line 98
   at NUnit.Framework.Assert.Multiple(TestDelegate testDelegate)
   at osu.Game.Tests.Beatmaps.BeatmapConversionTest`2.<>c__DisplayClass4_0.<Test>b__1() in /app/osu.Game/Tests/Beatmaps/BeatmapConversionTest.cs:line 77
   at NUnit.Framework.Assert.Multiple(TestDelegate testDelegate)
   at osu.Game.Tests.Beatmaps.BeatmapConversionTest`2.Test(String name, Type[] mods) in /app/osu.Game/Tests/Beatmaps/BeatmapConversionTest.cs:line 50
   at osu.Game.Rulesets.Catch.Tests.CatchBeatmapConversionTest.Test(String name, Type[] mods) in /app/osu.Game.Rulesets.Catch.Tests/CatchBeatmapConversionTest.cs:line 58
   at InvokeStub_CatchBeatmapConversionTest.Test(Object, Span`1)

145)    at osu.Game.Tests.Beatmaps.BeatmapConversionTest`2.<>c__DisplayClass4_1.<Test>b__2() in /app/osu.Game/Tests/Beatmaps/BeatmapConversionTest.cs:line 98
   at NUnit.Framework.Assert.Multiple(TestDelegate testDelegate)
   at osu.Game.Tests.Beatmaps.BeatmapConversionTest`2.<>c__DisplayClass4_0.<Test>b__1() in /app/osu.Game/Tests/Beatmaps/BeatmapConversionTest.cs:line 77
   at NUnit.Framework.Assert.Multiple(TestDelegate testDelegate)
   at osu.Game.Tests.Beatmaps.BeatmapConversionTest`2.Test(String name, Type[] mods) in /app/osu.Game/Tests/Beatmaps/BeatmapConversionTest.cs:line 50
   at osu.Game.Rulesets.Catch.Tests.CatchBeatmapConversionTest.Test(String name, Type[] mods) in /app/osu.Game.Rulesets.Catch.Tests/CatchBeatmapConversionTest.cs:line 58
   at InvokeStub_CatchBeatmapConversionTest.Test(Object, Span`1)

146)    at osu.Game.Tests.Beatmaps.BeatmapConversionTest`2.<>c__DisplayClass4_1.<Test>b__2() in /app/osu.Game/Tests/Beatmaps/BeatmapConversionTest.cs:line 98
   at NUnit.Framework.Assert.Multiple(TestDelegate testDelegate)
   at osu.Game.Tests.Beatmaps.BeatmapConversionTest`2.<>c__DisplayClass4_0.<Test>b__1() in /app/osu.Game/Tests/Beatmaps/BeatmapConversionTest.cs:line 77
   at NUnit.Framework.Assert.Multiple(TestDelegate testDelegate)
   at osu.Game.Tests.Beatmaps.BeatmapConversionTest`2.Test(String name, Type[] mods) in /app/osu.Game/Tests/Beatmaps/BeatmapConversionTest.cs:line 50
   at osu.Game.Rulesets.Catch.Tests.CatchBeatmapConversionTest.Test(String name, Type[] mods) in /app/osu.Game.Rulesets.Catch.Tests/CatchBeatmapConversionTest.cs:line 58
   at InvokeStub_CatchBeatmapConversionTest.Test(Object, Span`1)

147)    at osu.Game.Tests.Beatmaps.BeatmapConversionTest`2.<>c__DisplayClass4_1.<Test>b__2() in /app/osu.Game/Tests/Beatmaps/BeatmapConversionTest.cs:line 98
   at NUnit.Framework.Assert.Multiple(TestDelegate testDelegate)
   at osu.Game.Tests.Beatmaps.BeatmapConversionTest`2.<>c__DisplayClass4_0.<Test>b__1() in /app/osu.Game/Tests/Beatmaps/BeatmapConversionTest.cs:line 77
   at NUnit.Framework.Assert.Multiple(TestDelegate testDelegate)
   at osu.Game.Tests.Beatmaps.BeatmapConversionTest`2.Test(String name, Type[] mods) in /app/osu.Game/Tests/Beatmaps/BeatmapConversionTest.cs:line 50
   at osu.Game.Rulesets.Catch.Tests.CatchBeatmapConversionTest.Test(String name, Type[] mods) in /app/osu.Game.Rulesets.Catch.Tests/CatchBeatmapConversionTest.cs:line 58
   at InvokeStub_CatchBeatmapConversionTest.Test(Object, Span`1)

148)    at osu.Game.Tests.Beatmaps.BeatmapConversionTest`2.<>c__DisplayClass4_1.<Test>b__2() in /app/osu.Game/Tests/Beatmaps/BeatmapConversionTest.cs:line 98
   at NUnit.Framework.Assert.Multiple(TestDelegate testDelegate)
   at osu.Game.Tests.Beatmaps.BeatmapConversionTest`2.<>c__DisplayClass4_0.<Test>b__1() in /app/osu.Game/Tests/Beatmaps/BeatmapConversionTest.cs:line 77
   at NUnit.Framework.Assert.Multiple(TestDelegate testDelegate)
   at osu.Game.Tests.Beatmaps.BeatmapConversionTest`2.Test(String name, Type[] mods) in /app/osu.Game/Tests/Beatmaps/BeatmapConversionTest.cs:line 50
   at osu.Game.Rulesets.Catch.Tests.CatchBeatmapConversionTest.Test(String name, Type[] mods) in /app/osu.Game.Rulesets.Catch.Tests/CatchBeatmapConversionTest.cs:line 58
   at InvokeStub_CatchBeatmapConversionTest.Test(Object, Span`1)

149)    at osu.Game.Tests.Beatmaps.BeatmapConversionTest`2.<>c__DisplayClass4_1.<Test>b__2() in /app/osu.Game/Tests/Beatmaps/BeatmapConversionTest.cs:line 98
   at NUnit.Framework.Assert.Multiple(TestDelegate testDelegate)
   at osu.Game.Tests.Beatmaps.BeatmapConversionTest`2.<>c__DisplayClass4_0.<Test>b__1() in /app/osu.Game/Tests/Beatmaps/BeatmapConversionTest.cs:line 77
   at NUnit.Framework.Assert.Multiple(TestDelegate testDelegate)
   at osu.Game.Tests.Beatmaps.BeatmapConversionTest`2.Test(String name, Type[] mods) in /app/osu.Game/Tests/Beatmaps/BeatmapConversionTest.cs:line 50
   at osu.Game.Rulesets.Catch.Tests.CatchBeatmapConversionTest.Test(String name, Type[] mods) in /app/osu.Game.Rulesets.Catch.Tests/CatchBeatmapConversionTest.cs:line 58
   at InvokeStub_CatchBeatmapConversionTest.Test(Object, Span`1)

150)    at osu.Game.Tests.Beatmaps.BeatmapConversionTest`2.<>c__DisplayClass4_1.<Test>b__2() in /app/osu.Game/Tests/Beatmaps/BeatmapConversionTest.cs:line 98
   at NUnit.Framework.Assert.Multiple(TestDelegate testDelegate)
   at osu.Game.Tests.Beatmaps.BeatmapConversionTest`2.<>c__DisplayClass4_0.<Test>b__1() in /app/osu.Game/Tests/Beatmaps/BeatmapConversionTest.cs:line 77
   at NUnit.Framework.Assert.Multiple(TestDelegate testDelegate)
   at osu.Game.Tests.Beatmaps.BeatmapConversionTest`2.Test(String name, Type[] mods) in /app/osu.Game/Tests/Beatmaps/BeatmapConversionTest.cs:line 50
   at osu.Game.Rulesets.Catch.Tests.CatchBeatmapConversionTest.Test(String name, Type[] mods) in /app/osu.Game.Rulesets.Catch.Tests/CatchBeatmapConversionTest.cs:line 58
   at InvokeStub_CatchBeatmapConversionTest.Test(Object, Span`1)

151)    at osu.Game.Tests.Beatmaps.BeatmapConversionTest`2.<>c__DisplayClass4_1.<Test>b__2() in /app/osu.Game/Tests/Beatmaps/BeatmapConversionTest.cs:line 98
   at NUnit.Framework.Assert.Multiple(TestDelegate testDelegate)
   at osu.Game.Tests.Beatmaps.BeatmapConversionTest`2.<>c__DisplayClass4_0.<Test>b__1() in /app/osu.Game/Tests/Beatmaps/BeatmapConversionTest.cs:line 77
   at NUnit.Framework.Assert.Multiple(TestDelegate testDelegate)
   at osu.Game.Tests.Beatmaps.BeatmapConversionTest`2.Test(String name, Type[] mods) in /app/osu.Game/Tests/Beatmaps/BeatmapConversionTest.cs:line 50
   at osu.Game.Rulesets.Catch.Tests.CatchBeatmapConversionTest.Test(String name, Type[] mods) in /app/osu.Game.Rulesets.Catch.Tests/CatchBeatmapConversionTest.cs:line 58
   at InvokeStub_CatchBeatmapConversionTest.Test(Object, Span`1)

152)    at osu.Game.Tests.Beatmaps.BeatmapConversionTest`2.<>c__DisplayClass4_1.<Test>b__2() in /app/osu.Game/Tests/Beatmaps/BeatmapConversionTest.cs:line 98
   at NUnit.Framework.Assert.Multiple(TestDelegate testDelegate)
   at osu.Game.Tests.Beatmaps.BeatmapConversionTest`2.<>c__DisplayClass4_0.<Test>b__1() in /app/osu.Game/Tests/Beatmaps/BeatmapConversionTest.cs:line 77
   at NUnit.Framework.Assert.Multiple(TestDelegate testDelegate)
   at osu.Game.Tests.Beatmaps.BeatmapConversionTest`2.Test(String name, Type[] mods) in /app/osu.Game/Tests/Beatmaps/BeatmapConversionTest.cs:line 50
   at osu.Game.Rulesets.Catch.Tests.CatchBeatmapConversionTest.Test(String name, Type[] mods) in /app/osu.Game.Rulesets.Catch.Tests/CatchBeatmapConversionTest.cs:line 58
   at InvokeStub_CatchBeatmapConversionTest.Test(Object, Span`1)

153)    at osu.Game.Tests.Beatmaps.BeatmapConversionTest`2.<>c__DisplayClass4_1.<Test>b__2() in /app/osu.Game/Tests/Beatmaps/BeatmapConversionTest.cs:line 98
   at NUnit.Framework.Assert.Multiple(TestDelegate testDelegate)
   at osu.Game.Tests.Beatmaps.BeatmapConversionTest`2.<>c__DisplayClass4_0.<Test>b__1() in /app/osu.Game/Tests/Beatmaps/BeatmapConversionTest.cs:line 77
   at NUnit.Framework.Assert.Multiple(TestDelegate testDelegate)
   at osu.Game.Tests.Beatmaps.BeatmapConversionTest`2.Test(String name, Type[] mods) in /app/osu.Game/Tests/Beatmaps/BeatmapConversionTest.cs:line 50
   at osu.Game.Rulesets.Catch.Tests.CatchBeatmapConversionTest.Test(String name, Type[] mods) in /app/osu.Game.Rulesets.Catch.Tests/CatchBeatmapConversionTest.cs:line 58
   at InvokeStub_CatchBeatmapConversionTest.Test(Object, Span`1)

154)    at osu.Game.Tests.Beatmaps.BeatmapConversionTest`2.<>c__DisplayClass4_1.<Test>b__2() in /app/osu.Game/Tests/Beatmaps/BeatmapConversionTest.cs:line 98
   at NUnit.Framework.Assert.Multiple(TestDelegate testDelegate)
   at osu.Game.Tests.Beatmaps.BeatmapConversionTest`2.<>c__DisplayClass4_0.<Test>b__1() in /app/osu.Game/Tests/Beatmaps/BeatmapConversionTest.cs:line 77
   at NUnit.Framework.Assert.Multiple(TestDelegate testDelegate)
   at osu.Game.Tests.Beatmaps.BeatmapConversionTest`2.Test(String name, Type[] mods) in /app/osu.Game/Tests/Beatmaps/BeatmapConversionTest.cs:line 50
   at osu.Game.Rulesets.Catch.Tests.CatchBeatmapConversionTest.Test(String name, Type[] mods) in /app/osu.Game.Rulesets.Catch.Tests/CatchBeatmapConversionTest.cs:line 58
   at InvokeStub_CatchBeatmapConversionTest.Test(Object, Span`1)

155)    at osu.Game.Tests.Beatmaps.BeatmapConversionTest`2.<>c__DisplayClass4_1.<Test>b__2() in /app/osu.Game/Tests/Beatmaps/BeatmapConversionTest.cs:line 98
   at NUnit.Framework.Assert.Multiple(TestDelegate testDelegate)
   at osu.Game.Tests.Beatmaps.BeatmapConversionTest`2.<>c__DisplayClass4_0.<Test>b__1() in /app/osu.Game/Tests/Beatmaps/BeatmapConversionTest.cs:line 77
   at NUnit.Framework.Assert.Multiple(TestDelegate testDelegate)
   at osu.Game.Tests.Beatmaps.BeatmapConversionTest`2.Test(String name, Type[] mods) in /app/osu.Game/Tests/Beatmaps/BeatmapConversionTest.cs:line 50
   at osu.Game.Rulesets.Catch.Tests.CatchBeatmapConversionTest.Test(String name, Type[] mods) in /app/osu.Game.Rulesets.Catch.Tests/CatchBeatmapConversionTest.cs:line 58
   at InvokeStub_CatchBeatmapConversionTest.Test(Object, Span`1)

156)    at osu.Game.Tests.Beatmaps.BeatmapConversionTest`2.<>c__DisplayClass4_1.<Test>b__2() in /app/osu.Game/Tests/Beatmaps/BeatmapConversionTest.cs:line 98
   at NUnit.Framework.Assert.Multiple(TestDelegate testDelegate)
   at osu.Game.Tests.Beatmaps.BeatmapConversionTest`2.<>c__DisplayClass4_0.<Test>b__1() in /app/osu.Game/Tests/Beatmaps/BeatmapConversionTest.cs:line 77
   at NUnit.Framework.Assert.Multiple(TestDelegate testDelegate)
   at osu.Game.Tests.Beatmaps.BeatmapConversionTest`2.Test(String name, Type[] mods) in /app/osu.Game/Tests/Beatmaps/BeatmapConversionTest.cs:line 50
   at osu.Game.Rulesets.Catch.Tests.CatchBeatmapConversionTest.Test(String name, Type[] mods) in /app/osu.Game.Rulesets.Catch.Tests/CatchBeatmapConversionTest.cs:line 58
   at InvokeStub_CatchBeatmapConversionTest.Test(Object, Span`1)

157)    at osu.Game.Tests.Beatmaps.BeatmapConversionTest`2.<>c__DisplayClass4_1.<Test>b__2() in /app/osu.Game/Tests/Beatmaps/BeatmapConversionTest.cs:line 98
   at NUnit.Framework.Assert.Multiple(TestDelegate testDelegate)
   at osu.Game.Tests.Beatmaps.BeatmapConversionTest`2.<>c__DisplayClass4_0.<Test>b__1() in /app/osu.Game/Tests/Beatmaps/BeatmapConversionTest.cs:line 77
   at NUnit.Framework.Assert.Multiple(TestDelegate testDelegate)
   at osu.Game.Tests.Beatmaps.BeatmapConversionTest`2.Test(String name, Type[] mods) in /app/osu.Game/Tests/Beatmaps/BeatmapConversionTest.cs:line 50
   at osu.Game.Rulesets.Catch.Tests.CatchBeatmapConversionTest.Test(String name, Type[] mods) in /app/osu.Game.Rulesets.Catch.Tests/CatchBeatmapConversionTest.cs:line 58
   at InvokeStub_CatchBeatmapConversionTest.Test(Object, Span`1)

158)    at osu.Game.Tests.Beatmaps.BeatmapConversionTest`2.<>c__DisplayClass4_1.<Test>b__2() in /app/osu.Game/Tests/Beatmaps/BeatmapConversionTest.cs:line 98
   at NUnit.Framework.Assert.Multiple(TestDelegate testDelegate)
   at osu.Game.Tests.Beatmaps.BeatmapConversionTest`2.<>c__DisplayClass4_0.<Test>b__1() in /app/osu.Game/Tests/Beatmaps/BeatmapConversionTest.cs:line 77
   at NUnit.Framework.Assert.Multiple(TestDelegate testDelegate)
   at osu.Game.Tests.Beatmaps.BeatmapConversionTest`2.Test(String name, Type[] mods) in /app/osu.Game/Tests/Beatmaps/BeatmapConversionTest.cs:line 50
   at osu.Game.Rulesets.Catch.Tests.CatchBeatmapConversionTest.Test(String name, Type[] mods) in /app/osu.Game.Rulesets.Catch.Tests/CatchBeatmapConversionTest.cs:line 58
   at InvokeStub_CatchBeatmapConversionTest.Test(Object, Span`1)

159)    at osu.Game.Tests.Beatmaps.BeatmapConversionTest`2.<>c__DisplayClass4_1.<Test>b__2() in /app/osu.Game/Tests/Beatmaps/BeatmapConversionTest.cs:line 98
   at NUnit.Framework.Assert.Multiple(TestDelegate testDelegate)
   at osu.Game.Tests.Beatmaps.BeatmapConversionTest`2.<>c__DisplayClass4_0.<Test>b__1() in /app/osu.Game/Tests/Beatmaps/BeatmapConversionTest.cs:line 77
   at NUnit.Framework.Assert.Multiple(TestDelegate testDelegate)
   at osu.Game.Tests.Beatmaps.BeatmapConversionTest`2.Test(String name, Type[] mods) in /app/osu.Game/Tests/Beatmaps/BeatmapConversionTest.cs:line 50
   at osu.Game.Rulesets.Catch.Tests.CatchBeatmapConversionTest.Test(String name, Type[] mods) in /app/osu.Game.Rulesets.Catch.Tests/CatchBeatmapConversionTest.cs:line 58
   at InvokeStub_CatchBeatmapConversionTest.Test(Object, Span`1)

160)    at osu.Game.Tests.Beatmaps.BeatmapConversionTest`2.<>c__DisplayClass4_1.<Test>b__2() in /app/osu.Game/Tests/Beatmaps/BeatmapConversionTest.cs:line 98
   at NUnit.Framework.Assert.Multiple(TestDelegate testDelegate)
   at osu.Game.Tests.Beatmaps.BeatmapConversionTest`2.<>c__DisplayClass4_0.<Test>b__1() in /app/osu.Game/Tests/Beatmaps/BeatmapConversionTest.cs:line 77
   at NUnit.Framework.Assert.Multiple(TestDelegate testDelegate)
   at osu.Game.Tests.Beatmaps.BeatmapConversionTest`2.Test(String name, Type[] mods) in /app/osu.Game/Tests/Beatmaps/BeatmapConversionTest.cs:line 50
   at osu.Game.Rulesets.Catch.Tests.CatchBeatmapConversionTest.Test(String name, Type[] mods) in /app/osu.Game.Rulesets.Catch.Tests/CatchBeatmapConversionTest.cs:line 58
   at InvokeStub_CatchBeatmapConversionTest.Test(Object, Span`1)

161)    at osu.Game.Tests.Beatmaps.BeatmapConversionTest`2.<>c__DisplayClass4_1.<Test>b__2() in /app/osu.Game/Tests/Beatmaps/BeatmapConversionTest.cs:line 98
   at NUnit.Framework.Assert.Multiple(TestDelegate testDelegate)
   at osu.Game.Tests.Beatmaps.BeatmapConversionTest`2.<>c__DisplayClass4_0.<Test>b__1() in /app/osu.Game/Tests/Beatmaps/BeatmapConversionTest.cs:line 77
   at NUnit.Framework.Assert.Multiple(TestDelegate testDelegate)
   at osu.Game.Tests.Beatmaps.BeatmapConversionTest`2.Test(String name, Type[] mods) in /app/osu.Game/Tests/Beatmaps/BeatmapConversionTest.cs:line 50
   at osu.Game.Rulesets.Catch.Tests.CatchBeatmapConversionTest.Test(String name, Type[] mods) in /app/osu.Game.Rulesets.Catch.Tests/CatchBeatmapConversionTest.cs:line 58
   at InvokeStub_CatchBeatmapConversionTest.Test(Object, Span`1)

162)    at osu.Game.Tests.Beatmaps.BeatmapConversionTest`2.<>c__DisplayClass4_1.<Test>b__2() in /app/osu.Game/Tests/Beatmaps/BeatmapConversionTest.cs:line 98
   at NUnit.Framework.Assert.Multiple(TestDelegate testDelegate)
   at osu.Game.Tests.Beatmaps.BeatmapConversionTest`2.<>c__DisplayClass4_0.<Test>b__1() in /app/osu.Game/Tests/Beatmaps/BeatmapConversionTest.cs:line 77
   at NUnit.Framework.Assert.Multiple(TestDelegate testDelegate)
   at osu.Game.Tests.Beatmaps.BeatmapConversionTest`2.Test(String name, Type[] mods) in /app/osu.Game/Tests/Beatmaps/BeatmapConversionTest.cs:line 50
   at osu.Game.Rulesets.Catch.Tests.CatchBeatmapConversionTest.Test(String name, Type[] mods) in /app/osu.Game.Rulesets.Catch.Tests/CatchBeatmapConversionTest.cs:line 58
   at InvokeStub_CatchBeatmapConversionTest.Test(Object, Span`1)

163)    at osu.Game.Tests.Beatmaps.BeatmapConversionTest`2.<>c__DisplayClass4_1.<Test>b__2() in /app/osu.Game/Tests/Beatmaps/BeatmapConversionTest.cs:line 98
   at NUnit.Framework.Assert.Multiple(TestDelegate testDelegate)
   at osu.Game.Tests.Beatmaps.BeatmapConversionTest`2.<>c__DisplayClass4_0.<Test>b__1() in /app/osu.Game/Tests/Beatmaps/BeatmapConversionTest.cs:line 77
   at NUnit.Framework.Assert.Multiple(TestDelegate testDelegate)
   at osu.Game.Tests.Beatmaps.BeatmapConversionTest`2.Test(String name, Type[] mods) in /app/osu.Game/Tests/Beatmaps/BeatmapConversionTest.cs:line 50
   at osu.Game.Rulesets.Catch.Tests.CatchBeatmapConversionTest.Test(String name, Type[] mods) in /app/osu.Game.Rulesets.Catch.Tests/CatchBeatmapConversionTest.cs:line 58
   at InvokeStub_CatchBeatmapConversionTest.Test(Object, Span`1)

164)    at osu.Game.Tests.Beatmaps.BeatmapConversionTest`2.<>c__DisplayClass4_1.<Test>b__2() in /app/osu.Game/Tests/Beatmaps/BeatmapConversionTest.cs:line 98
   at NUnit.Framework.Assert.Multiple(TestDelegate testDelegate)
   at osu.Game.Tests.Beatmaps.BeatmapConversionTest`2.<>c__DisplayClass4_0.<Test>b__1() in /app/osu.Game/Tests/Beatmaps/BeatmapConversionTest.cs:line 77
   at NUnit.Framework.Assert.Multiple(TestDelegate testDelegate)
   at osu.Game.Tests.Beatmaps.BeatmapConversionTest`2.Test(String name, Type[] mods) in /app/osu.Game/Tests/Beatmaps/BeatmapConversionTest.cs:line 50
   at osu.Game.Rulesets.Catch.Tests.CatchBeatmapConversionTest.Test(String name, Type[] mods) in /app/osu.Game.Rulesets.Catch.Tests/CatchBeatmapConversionTest.cs:line 58
   at InvokeStub_CatchBeatmapConversionTest.Test(Object, Span`1)

165)    at osu.Game.Tests.Beatmaps.BeatmapConversionTest`2.<>c__DisplayClass4_1.<Test>b__2() in /app/osu.Game/Tests/Beatmaps/BeatmapConversionTest.cs:line 98
   at NUnit.Framework.Assert.Multiple(TestDelegate testDelegate)
   at osu.Game.Tests.Beatmaps.BeatmapConversionTest`2.<>c__DisplayClass4_0.<Test>b__1() in /app/osu.Game/Tests/Beatmaps/BeatmapConversionTest.cs:line 77
   at NUnit.Framework.Assert.Multiple(TestDelegate testDelegate)
   at osu.Game.Tests.Beatmaps.BeatmapConversionTest`2.Test(String name, Type[] mods) in /app/osu.Game/Tests/Beatmaps/BeatmapConversionTest.cs:line 50
   at osu.Game.Rulesets.Catch.Tests.CatchBeatmapConversionTest.Test(String name, Type[] mods) in /app/osu.Game.Rulesets.Catch.Tests/CatchBeatmapConversionTest.cs:line 58
   at InvokeStub_CatchBeatmapConversionTest.Test(Object, Span`1)

166)    at osu.Game.Tests.Beatmaps.BeatmapConversionTest`2.<>c__DisplayClass4_1.<Test>b__2() in /app/osu.Game/Tests/Beatmaps/BeatmapConversionTest.cs:line 98
   at NUnit.Framework.Assert.Multiple(TestDelegate testDelegate)
   at osu.Game.Tests.Beatmaps.BeatmapConversionTest`2.<>c__DisplayClass4_0.<Test>b__1() in /app/osu.Game/Tests/Beatmaps/BeatmapConversionTest.cs:line 77
   at NUnit.Framework.Assert.Multiple(TestDelegate testDelegate)
   at osu.Game.Tests.Beatmaps.BeatmapConversionTest`2.Test(String name, Type[] mods) in /app/osu.Game/Tests/Beatmaps/BeatmapConversionTest.cs:line 50
   at osu.Game.Rulesets.Catch.Tests.CatchBeatmapConversionTest.Test(String name, Type[] mods) in /app/osu.Game.Rulesets.Catch.Tests/CatchBeatmapConversionTest.cs:line 58
   at InvokeStub_CatchBeatmapConversionTest.Test(Object, Span`1)

167)    at osu.Game.Tests.Beatmaps.BeatmapConversionTest`2.<>c__DisplayClass4_1.<Test>b__2() in /app/osu.Game/Tests/Beatmaps/BeatmapConversionTest.cs:line 98
   at NUnit.Framework.Assert.Multiple(TestDelegate testDelegate)
   at osu.Game.Tests.Beatmaps.BeatmapConversionTest`2.<>c__DisplayClass4_0.<Test>b__1() in /app/osu.Game/Tests/Beatmaps/BeatmapConversionTest.cs:line 77
   at NUnit.Framework.Assert.Multiple(TestDelegate testDelegate)
   at osu.Game.Tests.Beatmaps.BeatmapConversionTest`2.Test(String name, Type[] mods) in /app/osu.Game/Tests/Beatmaps/BeatmapConversionTest.cs:line 50
   at osu.Game.Rulesets.Catch.Tests.CatchBeatmapConversionTest.Test(String name, Type[] mods) in /app/osu.Game.Rulesets.Catch.Tests/CatchBeatmapConversionTest.cs:line 58
   at InvokeStub_CatchBeatmapConversionTest.Test(Object, Span`1)

168)    at osu.Game.Tests.Beatmaps.BeatmapConversionTest`2.<>c__DisplayClass4_1.<Test>b__2() in /app/osu.Game/Tests/Beatmaps/BeatmapConversionTest.cs:line 98
   at NUnit.Framework.Assert.Multiple(TestDelegate testDelegate)
   at osu.Game.Tests.Beatmaps.BeatmapConversionTest`2.<>c__DisplayClass4_0.<Test>b__1() in /app/osu.Game/Tests/Beatmaps/BeatmapConversionTest.cs:line 77
   at NUnit.Framework.Assert.Multiple(TestDelegate testDelegate)
   at osu.Game.Tests.Beatmaps.BeatmapConversionTest`2.Test(String name, Type[] mods) in /app/osu.Game/Tests/Beatmaps/BeatmapConversionTest.cs:line 50
   at osu.Game.Rulesets.Catch.Tests.CatchBeatmapConversionTest.Test(String name, Type[] mods) in /app/osu.Game.Rulesets.Catch.Tests/CatchBeatmapConversionTest.cs:line 58
   at InvokeStub_CatchBeatmapConversionTest.Test(Object, Span`1)

169)    at osu.Game.Tests.Beatmaps.BeatmapConversionTest`2.<>c__DisplayClass4_1.<Test>b__2() in /app/osu.Game/Tests/Beatmaps/BeatmapConversionTest.cs:line 98
   at NUnit.Framework.Assert.Multiple(TestDelegate testDelegate)
   at osu.Game.Tests.Beatmaps.BeatmapConversionTest`2.<>c__DisplayClass4_0.<Test>b__1() in /app/osu.Game/Tests/Beatmaps/BeatmapConversionTest.cs:line 77
   at NUnit.Framework.Assert.Multiple(TestDelegate testDelegate)
   at osu.Game.Tests.Beatmaps.BeatmapConversionTest`2.Test(String name, Type[] mods) in /app/osu.Game/Tests/Beatmaps/BeatmapConversionTest.cs:line 50
   at osu.Game.Rulesets.Catch.Tests.CatchBeatmapConversionTest.Test(String name, Type[] mods) in /app/osu.Game.Rulesets.Catch.Tests/CatchBeatmapConversionTest.cs:line 58
   at InvokeStub_CatchBeatmapConversionTest.Test(Object, Span`1)

170)    at osu.Game.Tests.Beatmaps.BeatmapConversionTest`2.<>c__DisplayClass4_1.<Test>b__2() in /app/osu.Game/Tests/Beatmaps/BeatmapConversionTest.cs:line 98
   at NUnit.Framework.Assert.Multiple(TestDelegate testDelegate)
   at osu.Game.Tests.Beatmaps.BeatmapConversionTest`2.<>c__DisplayClass4_0.<Test>b__1() in /app/osu.Game/Tests/Beatmaps/BeatmapConversionTest.cs:line 77
   at NUnit.Framework.Assert.Multiple(TestDelegate testDelegate)
   at osu.Game.Tests.Beatmaps.BeatmapConversionTest`2.Test(String name, Type[] mods) in /app/osu.Game/Tests/Beatmaps/BeatmapConversionTest.cs:line 50
   at osu.Game.Rulesets.Catch.Tests.CatchBeatmapConversionTest.Test(String name, Type[] mods) in /app/osu.Game.Rulesets.Catch.Tests/CatchBeatmapConversionTest.cs:line 58
   at InvokeStub_CatchBeatmapConversionTest.Test(Object, Span`1)

171)    at osu.Game.Tests.Beatmaps.BeatmapConversionTest`2.<>c__DisplayClass4_1.<Test>b__2() in /app/osu.Game/Tests/Beatmaps/BeatmapConversionTest.cs:line 98
   at NUnit.Framework.Assert.Multiple(TestDelegate testDelegate)
   at osu.Game.Tests.Beatmaps.BeatmapConversionTest`2.<>c__DisplayClass4_0.<Test>b__1() in /app/osu.Game/Tests/Beatmaps/BeatmapConversionTest.cs:line 77
   at NUnit.Framework.Assert.Multiple(TestDelegate testDelegate)
   at osu.Game.Tests.Beatmaps.BeatmapConversionTest`2.Test(String name, Type[] mods) in /app/osu.Game/Tests/Beatmaps/BeatmapConversionTest.cs:line 50
   at osu.Game.Rulesets.Catch.Tests.CatchBeatmapConversionTest.Test(String name, Type[] mods) in /app/osu.Game.Rulesets.Catch.Tests/CatchBeatmapConversionTest.cs:line 58
   at InvokeStub_CatchBeatmapConversionTest.Test(Object, Span`1)

172)    at osu.Game.Tests.Beatmaps.BeatmapConversionTest`2.<>c__DisplayClass4_1.<Test>b__2() in /app/osu.Game/Tests/Beatmaps/BeatmapConversionTest.cs:line 98
   at NUnit.Framework.Assert.Multiple(TestDelegate testDelegate)
   at osu.Game.Tests.Beatmaps.BeatmapConversionTest`2.<>c__DisplayClass4_0.<Test>b__1() in /app/osu.Game/Tests/Beatmaps/BeatmapConversionTest.cs:line 77
   at NUnit.Framework.Assert.Multiple(TestDelegate testDelegate)
   at osu.Game.Tests.Beatmaps.BeatmapConversionTest`2.Test(String name, Type[] mods) in /app/osu.Game/Tests/Beatmaps/BeatmapConversionTest.cs:line 50
   at osu.Game.Rulesets.Catch.Tests.CatchBeatmapConversionTest.Test(String name, Type[] mods) in /app/osu.Game.Rulesets.Catch.Tests/CatchBeatmapConversionTest.cs:line 58
   at InvokeStub_CatchBeatmapConversionTest.Test(Object, Span`1)

173)    at osu.Game.Tests.Beatmaps.BeatmapConversionTest`2.<>c__DisplayClass4_1.<Test>b__2() in /app/osu.Game/Tests/Beatmaps/BeatmapConversionTest.cs:line 98
   at NUnit.Framework.Assert.Multiple(TestDelegate testDelegate)
   at osu.Game.Tests.Beatmaps.BeatmapConversionTest`2.<>c__DisplayClass4_0.<Test>b__1() in /app/osu.Game/Tests/Beatmaps/BeatmapConversionTest.cs:line 77
   at NUnit.Framework.Assert.Multiple(TestDelegate testDelegate)
   at osu.Game.Tests.Beatmaps.BeatmapConversionTest`2.Test(String name, Type[] mods) in /app/osu.Game/Tests/Beatmaps/BeatmapConversionTest.cs:line 50
   at osu.Game.Rulesets.Catch.Tests.CatchBeatmapConversionTest.Test(String name, Type[] mods) in /app/osu.Game.Rulesets.Catch.Tests/CatchBeatmapConversionTest.cs:line 58
   at InvokeStub_CatchBeatmapConversionTest.Test(Object, Span`1)

174)    at osu.Game.Tests.Beatmaps.BeatmapConversionTest`2.<>c__DisplayClass4_1.<Test>b__2() in /app/osu.Game/Tests/Beatmaps/BeatmapConversionTest.cs:line 98
   at NUnit.Framework.Assert.Multiple(TestDelegate testDelegate)
   at osu.Game.Tests.Beatmaps.BeatmapConversionTest`2.<>c__DisplayClass4_0.<Test>b__1() in /app/osu.Game/Tests/Beatmaps/BeatmapConversionTest.cs:line 77
   at NUnit.Framework.Assert.Multiple(TestDelegate testDelegate)
   at osu.Game.Tests.Beatmaps.BeatmapConversionTest`2.Test(String name, Type[] mods) in /app/osu.Game/Tests/Beatmaps/BeatmapConversionTest.cs:line 50
   at osu.Game.Rulesets.Catch.Tests.CatchBeatmapConversionTest.Test(String name, Type[] mods) in /app/osu.Game.Rulesets.Catch.Tests/CatchBeatmapConversionTest.cs:line 58
   at InvokeStub_CatchBeatmapConversionTest.Test(Object, Span`1)

175)    at osu.Game.Tests.Beatmaps.BeatmapConversionTest`2.<>c__DisplayClass4_1.<Test>b__2() in /app/osu.Game/Tests/Beatmaps/BeatmapConversionTest.cs:line 98
   at NUnit.Framework.Assert.Multiple(TestDelegate testDelegate)
   at osu.Game.Tests.Beatmaps.BeatmapConversionTest`2.<>c__DisplayClass4_0.<Test>b__1() in /app/osu.Game/Tests/Beatmaps/BeatmapConversionTest.cs:line 77
   at NUnit.Framework.Assert.Multiple(TestDelegate testDelegate)
   at osu.Game.Tests.Beatmaps.BeatmapConversionTest`2.Test(String name, Type[] mods) in /app/osu.Game/Tests/Beatmaps/BeatmapConversionTest.cs:line 50
   at osu.Game.Rulesets.Catch.Tests.CatchBeatmapConversionTest.Test(String name, Type[] mods) in /app/osu.Game.Rulesets.Catch.Tests/CatchBeatmapConversionTest.cs:line 58
   at InvokeStub_CatchBeatmapConversionTest.Test(Object, Span`1)

176)    at osu.Game.Tests.Beatmaps.BeatmapConversionTest`2.<>c__DisplayClass4_1.<Test>b__2() in /app/osu.Game/Tests/Beatmaps/BeatmapConversionTest.cs:line 98
   at NUnit.Framework.Assert.Multiple(TestDelegate testDelegate)
   at osu.Game.Tests.Beatmaps.BeatmapConversionTest`2.<>c__DisplayClass4_0.<Test>b__1() in /app/osu.Game/Tests/Beatmaps/BeatmapConversionTest.cs:line 77
   at NUnit.Framework.Assert.Multiple(TestDelegate testDelegate)
   at osu.Game.Tests.Beatmaps.BeatmapConversionTest`2.Test(String name, Type[] mods) in /app/osu.Game/Tests/Beatmaps/BeatmapConversionTest.cs:line 50
   at osu.Game.Rulesets.Catch.Tests.CatchBeatmapConversionTest.Test(String name, Type[] mods) in /app/osu.Game.Rulesets.Catch.Tests/CatchBeatmapConversionTest.cs:line 58
   at InvokeStub_CatchBeatmapConversionTest.Test(Object, Span`1)

177)    at osu.Game.Tests.Beatmaps.BeatmapConversionTest`2.<>c__DisplayClass4_1.<Test>b__2() in /app/osu.Game/Tests/Beatmaps/BeatmapConversionTest.cs:line 98
   at NUnit.Framework.Assert.Multiple(TestDelegate testDelegate)
   at osu.Game.Tests.Beatmaps.BeatmapConversionTest`2.<>c__DisplayClass4_0.<Test>b__1() in /app/osu.Game/Tests/Beatmaps/BeatmapConversionTest.cs:line 77
   at NUnit.Framework.Assert.Multiple(TestDelegate testDelegate)
   at osu.Game.Tests.Beatmaps.BeatmapConversionTest`2.Test(String name, Type[] mods) in /app/osu.Game/Tests/Beatmaps/BeatmapConversionTest.cs:line 50
   at osu.Game.Rulesets.Catch.Tests.CatchBeatmapConversionTest.Test(String name, Type[] mods) in /app/osu.Game.Rulesets.Catch.Tests/CatchBeatmapConversionTest.cs:line 58
   at InvokeStub_CatchBeatmapConversionTest.Test(Object, Span`1)

178)    at osu.Game.Tests.Beatmaps.BeatmapConversionTest`2.<>c__DisplayClass4_1.<Test>b__2() in /app/osu.Game/Tests/Beatmaps/BeatmapConversionTest.cs:line 98
   at NUnit.Framework.Assert.Multiple(TestDelegate testDelegate)
   at osu.Game.Tests.Beatmaps.BeatmapConversionTest`2.<>c__DisplayClass4_0.<Test>b__1() in /app/osu.Game/Tests/Beatmaps/BeatmapConversionTest.cs:line 77
   at NUnit.Framework.Assert.Multiple(TestDelegate testDelegate)
   at osu.Game.Tests.Beatmaps.BeatmapConversionTest`2.Test(String name, Type[] mods) in /app/osu.Game/Tests/Beatmaps/BeatmapConversionTest.cs:line 50
   at osu.Game.Rulesets.Catch.Tests.CatchBeatmapConversionTest.Test(String name, Type[] mods) in /app/osu.Game.Rulesets.Catch.Tests/CatchBeatmapConversionTest.cs:line 58
   at InvokeStub_CatchBeatmapConversionTest.Test(Object, Span`1)

179)    at osu.Game.Tests.Beatmaps.BeatmapConversionTest`2.<>c__DisplayClass4_1.<Test>b__2() in /app/osu.Game/Tests/Beatmaps/BeatmapConversionTest.cs:line 98
   at NUnit.Framework.Assert.Multiple(TestDelegate testDelegate)
   at osu.Game.Tests.Beatmaps.BeatmapConversionTest`2.<>c__DisplayClass4_0.<Test>b__1() in /app/osu.Game/Tests/Beatmaps/BeatmapConversionTest.cs:line 77
   at NUnit.Framework.Assert.Multiple(TestDelegate testDelegate)
   at osu.Game.Tests.Beatmaps.BeatmapConversionTest`2.Test(String name, Type[] mods) in /app/osu.Game/Tests/Beatmaps/BeatmapConversionTest.cs:line 50
   at osu.Game.Rulesets.Catch.Tests.CatchBeatmapConversionTest.Test(String name, Type[] mods) in /app/osu.Game.Rulesets.Catch.Tests/CatchBeatmapConversionTest.cs:line 58
   at InvokeStub_CatchBeatmapConversionTest.Test(Object, Span`1)

180)    at osu.Game.Tests.Beatmaps.BeatmapConversionTest`2.<>c__DisplayClass4_1.<Test>b__2() in /app/osu.Game/Tests/Beatmaps/BeatmapConversionTest.cs:line 98
   at NUnit.Framework.Assert.Multiple(TestDelegate testDelegate)
   at osu.Game.Tests.Beatmaps.BeatmapConversionTest`2.<>c__DisplayClass4_0.<Test>b__1() in /app/osu.Game/Tests/Beatmaps/BeatmapConversionTest.cs:line 77
   at NUnit.Framework.Assert.Multiple(TestDelegate testDelegate)
   at osu.Game.Tests.Beatmaps.BeatmapConversionTest`2.Test(String name, Type[] mods) in /app/osu.Game/Tests/Beatmaps/BeatmapConversionTest.cs:line 50
   at osu.Game.Rulesets.Catch.Tests.CatchBeatmapConversionTest.Test(String name, Type[] mods) in /app/osu.Game.Rulesets.Catch.Tests/CatchBeatmapConversionTest.cs:line 58
   at InvokeStub_CatchBeatmapConversionTest.Test(Object, Span`1)

181)    at osu.Game.Tests.Beatmaps.BeatmapConversionTest`2.<>c__DisplayClass4_1.<Test>b__2() in /app/osu.Game/Tests/Beatmaps/BeatmapConversionTest.cs:line 98
   at NUnit.Framework.Assert.Multiple(TestDelegate testDelegate)
   at osu.Game.Tests.Beatmaps.BeatmapConversionTest`2.<>c__DisplayClass4_0.<Test>b__1() in /app/osu.Game/Tests/Beatmaps/BeatmapConversionTest.cs:line 77
   at NUnit.Framework.Assert.Multiple(TestDelegate testDelegate)
   at osu.Game.Tests.Beatmaps.BeatmapConversionTest`2.Test(String name, Type[] mods) in /app/osu.Game/Tests/Beatmaps/BeatmapConversionTest.cs:line 50
   at osu.Game.Rulesets.Catch.Tests.CatchBeatmapConversionTest.Test(String name, Type[] mods) in /app/osu.Game.Rulesets.Catch.Tests/CatchBeatmapConversionTest.cs:line 58
   at InvokeStub_CatchBeatmapConversionTest.Test(Object, Span`1)

182)    at osu.Game.Tests.Beatmaps.BeatmapConversionTest`2.<>c__DisplayClass4_1.<Test>b__2() in /app/osu.Game/Tests/Beatmaps/BeatmapConversionTest.cs:line 98
   at NUnit.Framework.Assert.Multiple(TestDelegate testDelegate)
   at osu.Game.Tests.Beatmaps.BeatmapConversionTest`2.<>c__DisplayClass4_0.<Test>b__1() in /app/osu.Game/Tests/Beatmaps/BeatmapConversionTest.cs:line 77
   at NUnit.Framework.Assert.Multiple(TestDelegate testDelegate)
   at osu.Game.Tests.Beatmaps.BeatmapConversionTest`2.Test(String name, Type[] mods) in /app/osu.Game/Tests/Beatmaps/BeatmapConversionTest.cs:line 50
   at osu.Game.Rulesets.Catch.Tests.CatchBeatmapConversionTest.Test(String name, Type[] mods) in /app/osu.Game.Rulesets.Catch.Tests/CatchBeatmapConversionTest.cs:line 58
   at InvokeStub_CatchBeatmapConversionTest.Test(Object, Span`1)

183)    at osu.Game.Tests.Beatmaps.BeatmapConversionTest`2.<>c__DisplayClass4_1.<Test>b__2() in /app/osu.Game/Tests/Beatmaps/BeatmapConversionTest.cs:line 98
   at NUnit.Framework.Assert.Multiple(TestDelegate testDelegate)
   at osu.Game.Tests.Beatmaps.BeatmapConversionTest`2.<>c__DisplayClass4_0.<Test>b__1() in /app/osu.Game/Tests/Beatmaps/BeatmapConversionTest.cs:line 77
   at NUnit.Framework.Assert.Multiple(TestDelegate testDelegate)
   at osu.Game.Tests.Beatmaps.BeatmapConversionTest`2.Test(String name, Type[] mods) in /app/osu.Game/Tests/Beatmaps/BeatmapConversionTest.cs:line 50
   at osu.Game.Rulesets.Catch.Tests.CatchBeatmapConversionTest.Test(String name, Type[] mods) in /app/osu.Game.Rulesets.Catch.Tests/CatchBeatmapConversionTest.cs:line 58
   at InvokeStub_CatchBeatmapConversionTest.Test(Object, Span`1)

184)    at osu.Game.Tests.Beatmaps.BeatmapConversionTest`2.<>c__DisplayClass4_1.<Test>b__2() in /app/osu.Game/Tests/Beatmaps/BeatmapConversionTest.cs:line 98
   at NUnit.Framework.Assert.Multiple(TestDelegate testDelegate)
   at osu.Game.Tests.Beatmaps.BeatmapConversionTest`2.<>c__DisplayClass4_0.<Test>b__1() in /app/osu.Game/Tests/Beatmaps/BeatmapConversionTest.cs:line 77
   at NUnit.Framework.Assert.Multiple(TestDelegate testDelegate)
   at osu.Game.Tests.Beatmaps.BeatmapConversionTest`2.Test(String name, Type[] mods) in /app/osu.Game/Tests/Beatmaps/BeatmapConversionTest.cs:line 50
   at osu.Game.Rulesets.Catch.Tests.CatchBeatmapConversionTest.Test(String name, Type[] mods) in /app/osu.Game.Rulesets.Catch.Tests/CatchBeatmapConversionTest.cs:line 58
   at InvokeStub_CatchBeatmapConversionTest.Test(Object, Span`1)

185)    at osu.Game.Tests.Beatmaps.BeatmapConversionTest`2.<>c__DisplayClass4_1.<Test>b__2() in /app/osu.Game/Tests/Beatmaps/BeatmapConversionTest.cs:line 98
   at NUnit.Framework.Assert.Multiple(TestDelegate testDelegate)
   at osu.Game.Tests.Beatmaps.BeatmapConversionTest`2.<>c__DisplayClass4_0.<Test>b__1() in /app/osu.Game/Tests/Beatmaps/BeatmapConversionTest.cs:line 77
   at NUnit.Framework.Assert.Multiple(TestDelegate testDelegate)
   at osu.Game.Tests.Beatmaps.BeatmapConversionTest`2.Test(String name, Type[] mods) in /app/osu.Game/Tests/Beatmaps/BeatmapConversionTest.cs:line 50
   at osu.Game.Rulesets.Catch.Tests.CatchBeatmapConversionTest.Test(String name, Type[] mods) in /app/osu.Game.Rulesets.Catch.Tests/CatchBeatmapConversionTest.cs:line 58
   at InvokeStub_CatchBeatmapConversionTest.Test(Object, Span`1)

186)    at osu.Game.Tests.Beatmaps.BeatmapConversionTest`2.<>c__DisplayClass4_1.<Test>b__2() in /app/osu.Game/Tests/Beatmaps/BeatmapConversionTest.cs:line 98
   at NUnit.Framework.Assert.Multiple(TestDelegate testDelegate)
   at osu.Game.Tests.Beatmaps.BeatmapConversionTest`2.<>c__DisplayClass4_0.<Test>b__1() in /app/osu.Game/Tests/Beatmaps/BeatmapConversionTest.cs:line 77
   at NUnit.Framework.Assert.Multiple(TestDelegate testDelegate)
   at osu.Game.Tests.Beatmaps.BeatmapConversionTest`2.Test(String name, Type[] mods) in /app/osu.Game/Tests/Beatmaps/BeatmapConversionTest.cs:line 50
   at osu.Game.Rulesets.Catch.Tests.CatchBeatmapConversionTest.Test(String name, Type[] mods) in /app/osu.Game.Rulesets.Catch.Tests/CatchBeatmapConversionTest.cs:line 58
   at InvokeStub_CatchBeatmapConversionTest.Test(Object, Span`1)

187)    at osu.Game.Tests.Beatmaps.BeatmapConversionTest`2.<>c__DisplayClass4_1.<Test>b__2() in /app/osu.Game/Tests/Beatmaps/BeatmapConversionTest.cs:line 98
   at NUnit.Framework.Assert.Multiple(TestDelegate testDelegate)
   at osu.Game.Tests.Beatmaps.BeatmapConversionTest`2.<>c__DisplayClass4_0.<Test>b__1() in /app/osu.Game/Tests/Beatmaps/BeatmapConversionTest.cs:line 77
   at NUnit.Framework.Assert.Multiple(TestDelegate testDelegate)
   at osu.Game.Tests.Beatmaps.BeatmapConversionTest`2.Test(String name, Type[] mods) in /app/osu.Game/Tests/Beatmaps/BeatmapConversionTest.cs:line 50
   at osu.Game.Rulesets.Catch.Tests.CatchBeatmapConversionTest.Test(String name, Type[] mods) in /app/osu.Game.Rulesets.Catch.Tests/CatchBeatmapConversionTest.cs:line 58
   at InvokeStub_CatchBeatmapConversionTest.Test(Object, Span`1)

188)    at osu.Game.Tests.Beatmaps.BeatmapConversionTest`2.<>c__DisplayClass4_1.<Test>b__2() in /app/osu.Game/Tests/Beatmaps/BeatmapConversionTest.cs:line 98
   at NUnit.Framework.Assert.Multiple(TestDelegate testDelegate)
   at osu.Game.Tests.Beatmaps.BeatmapConversionTest`2.<>c__DisplayClass4_0.<Test>b__1() in /app/osu.Game/Tests/Beatmaps/BeatmapConversionTest.cs:line 77
   at NUnit.Framework.Assert.Multiple(TestDelegate testDelegate)
   at osu.Game.Tests.Beatmaps.BeatmapConversionTest`2.Test(String name, Type[] mods) in /app/osu.Game/Tests/Beatmaps/BeatmapConversionTest.cs:line 50
   at osu.Game.Rulesets.Catch.Tests.CatchBeatmapConversionTest.Test(String name, Type[] mods) in /app/osu.Game.Rulesets.Catch.Tests/CatchBeatmapConversionTest.cs:line 58
   at InvokeStub_CatchBeatmapConversionTest.Test(Object, Span`1)

189)    at osu.Game.Tests.Beatmaps.BeatmapConversionTest`2.<>c__DisplayClass4_1.<Test>b__2() in /app/osu.Game/Tests/Beatmaps/BeatmapConversionTest.cs:line 98
   at NUnit.Framework.Assert.Multiple(TestDelegate testDelegate)
   at osu.Game.Tests.Beatmaps.BeatmapConversionTest`2.<>c__DisplayClass4_0.<Test>b__1() in /app/osu.Game/Tests/Beatmaps/BeatmapConversionTest.cs:line 77
   at NUnit.Framework.Assert.Multiple(TestDelegate testDelegate)
   at osu.Game.Tests.Beatmaps.BeatmapConversionTest`2.Test(String name, Type[] mods) in /app/osu.Game/Tests/Beatmaps/BeatmapConversionTest.cs:line 50
   at osu.Game.Rulesets.Catch.Tests.CatchBeatmapConversionTest.Test(String name, Type[] mods) in /app/osu.Game.Rulesets.Catch.Tests/CatchBeatmapConversionTest.cs:line 58
   at InvokeStub_CatchBeatmapConversionTest.Test(Object, Span`1)

190)    at osu.Game.Tests.Beatmaps.BeatmapConversionTest`2.<>c__DisplayClass4_1.<Test>b__2() in /app/osu.Game/Tests/Beatmaps/BeatmapConversionTest.cs:line 98
   at NUnit.Framework.Assert.Multiple(TestDelegate testDelegate)
   at osu.Game.Tests.Beatmaps.BeatmapConversionTest`2.<>c__DisplayClass4_0.<Test>b__1() in /app/osu.Game/Tests/Beatmaps/BeatmapConversionTest.cs:line 77
   at NUnit.Framework.Assert.Multiple(TestDelegate testDelegate)
   at osu.Game.Tests.Beatmaps.BeatmapConversionTest`2.Test(String name, Type[] mods) in /app/osu.Game/Tests/Beatmaps/BeatmapConversionTest.cs:line 50
   at osu.Game.Rulesets.Catch.Tests.CatchBeatmapConversionTest.Test(String name, Type[] mods) in /app/osu.Game.Rulesets.Catch.Tests/CatchBeatmapConversionTest.cs:line 58
   at InvokeStub_CatchBeatmapConversionTest.Test(Object, Span`1)

191)    at osu.Game.Tests.Beatmaps.BeatmapConversionTest`2.<>c__DisplayClass4_1.<Test>b__2() in /app/osu.Game/Tests/Beatmaps/BeatmapConversionTest.cs:line 98
   at NUnit.Framework.Assert.Multiple(TestDelegate testDelegate)
   at osu.Game.Tests.Beatmaps.BeatmapConversionTest`2.<>c__DisplayClass4_0.<Test>b__1() in /app/osu.Game/Tests/Beatmaps/BeatmapConversionTest.cs:line 77
   at NUnit.Framework.Assert.Multiple(TestDelegate testDelegate)
   at osu.Game.Tests.Beatmaps.BeatmapConversionTest`2.Test(String name, Type[] mods) in /app/osu.Game/Tests/Beatmaps/BeatmapConversionTest.cs:line 50
   at osu.Game.Rulesets.Catch.Tests.CatchBeatmapConversionTest.Test(String name, Type[] mods) in /app/osu.Game.Rulesets.Catch.Tests/CatchBeatmapConversionTest.cs:line 58
   at InvokeStub_CatchBeatmapConversionTest.Test(Object, Span`1)

192)    at osu.Game.Tests.Beatmaps.BeatmapConversionTest`2.<>c__DisplayClass4_1.<Test>b__2() in /app/osu.Game/Tests/Beatmaps/BeatmapConversionTest.cs:line 98
   at NUnit.Framework.Assert.Multiple(TestDelegate testDelegate)
   at osu.Game.Tests.Beatmaps.BeatmapConversionTest`2.<>c__DisplayClass4_0.<Test>b__1() in /app/osu.Game/Tests/Beatmaps/BeatmapConversionTest.cs:line 77
   at NUnit.Framework.Assert.Multiple(TestDelegate testDelegate)
   at osu.Game.Tests.Beatmaps.BeatmapConversionTest`2.Test(String name, Type[] mods) in /app/osu.Game/Tests/Beatmaps/BeatmapConversionTest.cs:line 50
   at osu.Game.Rulesets.Catch.Tests.CatchBeatmapConversionTest.Test(String name, Type[] mods) in /app/osu.Game.Rulesets.Catch.Tests/CatchBeatmapConversionTest.cs:line 58
   at InvokeStub_CatchBeatmapConversionTest.Test(Object, Span`1)

193)    at osu.Game.Tests.Beatmaps.BeatmapConversionTest`2.<>c__DisplayClass4_1.<Test>b__2() in /app/osu.Game/Tests/Beatmaps/BeatmapConversionTest.cs:line 98
   at NUnit.Framework.Assert.Multiple(TestDelegate testDelegate)
   at osu.Game.Tests.Beatmaps.BeatmapConversionTest`2.<>c__DisplayClass4_0.<Test>b__1() in /app/osu.Game/Tests/Beatmaps/BeatmapConversionTest.cs:line 77
   at NUnit.Framework.Assert.Multiple(TestDelegate testDelegate)
   at osu.Game.Tests.Beatmaps.BeatmapConversionTest`2.Test(String name, Type[] mods) in /app/osu.Game/Tests/Beatmaps/BeatmapConversionTest.cs:line 50
   at osu.Game.Rulesets.Catch.Tests.CatchBeatmapConversionTest.Test(String name, Type[] mods) in /app/osu.Game.Rulesets.Catch.Tests/CatchBeatmapConversionTest.cs:line 58
   at InvokeStub_CatchBeatmapConversionTest.Test(Object, Span`1)

194)    at osu.Game.Tests.Beatmaps.BeatmapConversionTest`2.<>c__DisplayClass4_1.<Test>b__2() in /app/osu.Game/Tests/Beatmaps/BeatmapConversionTest.cs:line 98
   at NUnit.Framework.Assert.Multiple(TestDelegate testDelegate)
   at osu.Game.Tests.Beatmaps.BeatmapConversionTest`2.<>c__DisplayClass4_0.<Test>b__1() in /app/osu.Game/Tests/Beatmaps/BeatmapConversionTest.cs:line 77
   at NUnit.Framework.Assert.Multiple(TestDelegate testDelegate)
   at osu.Game.Tests.Beatmaps.BeatmapConversionTest`2.Test(String name, Type[] mods) in /app/osu.Game/Tests/Beatmaps/BeatmapConversionTest.cs:line 50
   at osu.Game.Rulesets.Catch.Tests.CatchBeatmapConversionTest.Test(String name, Type[] mods) in /app/osu.Game.Rulesets.Catch.Tests/CatchBeatmapConversionTest.cs:line 58
   at InvokeStub_CatchBeatmapConversionTest.Test(Object, Span`1)

195)    at osu.Game.Tests.Beatmaps.BeatmapConversionTest`2.<>c__DisplayClass4_1.<Test>b__2() in /app/osu.Game/Tests/Beatmaps/BeatmapConversionTest.cs:line 98
   at NUnit.Framework.Assert.Multiple(TestDelegate testDelegate)
   at osu.Game.Tests.Beatmaps.BeatmapConversionTest`2.<>c__DisplayClass4_0.<Test>b__1() in /app/osu.Game/Tests/Beatmaps/BeatmapConversionTest.cs:line 77
   at NUnit.Framework.Assert.Multiple(TestDelegate testDelegate)
   at osu.Game.Tests.Beatmaps.BeatmapConversionTest`2.Test(String name, Type[] mods) in /app/osu.Game/Tests/Beatmaps/BeatmapConversionTest.cs:line 50
   at osu.Game.Rulesets.Catch.Tests.CatchBeatmapConversionTest.Test(String name, Type[] mods) in /app/osu.Game.Rulesets.Catch.Tests/CatchBeatmapConversionTest.cs:line 58
   at InvokeStub_CatchBeatmapConversionTest.Test(Object, Span`1)

196)    at osu.Game.Tests.Beatmaps.BeatmapConversionTest`2.<>c__DisplayClass4_1.<Test>b__2() in /app/osu.Game/Tests/Beatmaps/BeatmapConversionTest.cs:line 98
   at NUnit.Framework.Assert.Multiple(TestDelegate testDelegate)
   at osu.Game.Tests.Beatmaps.BeatmapConversionTest`2.<>c__DisplayClass4_0.<Test>b__1() in /app/osu.Game/Tests/Beatmaps/BeatmapConversionTest.cs:line 77
   at NUnit.Framework.Assert.Multiple(TestDelegate testDelegate)
   at osu.Game.Tests.Beatmaps.BeatmapConversionTest`2.Test(String name, Type[] mods) in /app/osu.Game/Tests/Beatmaps/BeatmapConversionTest.cs:line 50
   at osu.Game.Rulesets.Catch.Tests.CatchBeatmapConversionTest.Test(String name, Type[] mods) in /app/osu.Game.Rulesets.Catch.Tests/CatchBeatmapConversionTest.cs:line 58
   at InvokeStub_CatchBeatmapConversionTest.Test(Object, Span`1)

197)    at osu.Game.Tests.Beatmaps.BeatmapConversionTest`2.<>c__DisplayClass4_1.<Test>b__2() in /app/osu.Game/Tests/Beatmaps/BeatmapConversionTest.cs:line 98
   at NUnit.Framework.Assert.Multiple(TestDelegate testDelegate)
   at osu.Game.Tests.Beatmaps.BeatmapConversionTest`2.<>c__DisplayClass4_0.<Test>b__1() in /app/osu.Game/Tests/Beatmaps/BeatmapConversionTest.cs:line 77
   at NUnit.Framework.Assert.Multiple(TestDelegate testDelegate)
   at osu.Game.Tests.Beatmaps.BeatmapConversionTest`2.Test(String name, Type[] mods) in /app/osu.Game/Tests/Beatmaps/BeatmapConversionTest.cs:line 50
   at osu.Game.Rulesets.Catch.Tests.CatchBeatmapConversionTest.Test(String name, Type[] mods) in /app/osu.Game.Rulesets.Catch.Tests/CatchBeatmapConversionTest.cs:line 58
   at InvokeStub_CatchBeatmapConversionTest.Test(Object, Span`1)

198)    at osu.Game.Tests.Beatmaps.BeatmapConversionTest`2.<>c__DisplayClass4_1.<Test>b__2() in /app/osu.Game/Tests/Beatmaps/BeatmapConversionTest.cs:line 98
   at NUnit.Framework.Assert.Multiple(TestDelegate testDelegate)
   at osu.Game.Tests.Beatmaps.BeatmapConversionTest`2.<>c__DisplayClass4_0.<Test>b__1() in /app/osu.Game/Tests/Beatmaps/BeatmapConversionTest.cs:line 77
   at NUnit.Framework.Assert.Multiple(TestDelegate testDelegate)
   at osu.Game.Tests.Beatmaps.BeatmapConversionTest`2.Test(String name, Type[] mods) in /app/osu.Game/Tests/Beatmaps/BeatmapConversionTest.cs:line 50
   at osu.Game.Rulesets.Catch.Tests.CatchBeatmapConversionTest.Test(String name, Type[] mods) in /app/osu.Game.Rulesets.Catch.Tests/CatchBeatmapConversionTest.cs:line 58
   at InvokeStub_CatchBeatmapConversionTest.Test(Object, Span`1)

199)    at osu.Game.Tests.Beatmaps.BeatmapConversionTest`2.<>c__DisplayClass4_1.<Test>b__2() in /app/osu.Game/Tests/Beatmaps/BeatmapConversionTest.cs:line 98
   at NUnit.Framework.Assert.Multiple(TestDelegate testDelegate)
   at osu.Game.Tests.Beatmaps.BeatmapConversionTest`2.<>c__DisplayClass4_0.<Test>b__1() in /app/osu.Game/Tests/Beatmaps/BeatmapConversionTest.cs:line 77
   at NUnit.Framework.Assert.Multiple(TestDelegate testDelegate)
   at osu.Game.Tests.Beatmaps.BeatmapConversionTest`2.Test(String name, Type[] mods) in /app/osu.Game/Tests/Beatmaps/BeatmapConversionTest.cs:line 50
   at osu.Game.Rulesets.Catch.Tests.CatchBeatmapConversionTest.Test(String name, Type[] mods) in /app/osu.Game.Rulesets.Catch.Tests/CatchBeatmapConversionTest.cs:line 58
   at InvokeStub_CatchBeatmapConversionTest.Test(Object, Span`1)

200)    at osu.Game.Tests.Beatmaps.BeatmapConversionTest`2.<>c__DisplayClass4_1.<Test>b__2() in /app/osu.Game/Tests/Beatmaps/BeatmapConversionTest.cs:line 98
   at NUnit.Framework.Assert.Multiple(TestDelegate testDelegate)
   at osu.Game.Tests.Beatmaps.BeatmapConversionTest`2.<>c__DisplayClass4_0.<Test>b__1() in /app/osu.Game/Tests/Beatmaps/BeatmapConversionTest.cs:line 77
   at NUnit.Framework.Assert.Multiple(TestDelegate testDelegate)
   at osu.Game.Tests.Beatmaps.BeatmapConversionTest`2.Test(String name, Type[] mods) in /app/osu.Game/Tests/Beatmaps/BeatmapConversionTest.cs:line 50
   at osu.Game.Rulesets.Catch.Tests.CatchBeatmapConversionTest.Test(String name, Type[] mods) in /app/osu.Game.Rulesets.Catch.Tests/CatchBeatmapConversionTest.cs:line 58
   at InvokeStub_CatchBeatmapConversionTest.Test(Object, Span`1)

201)    at osu.Game.Tests.Beatmaps.BeatmapConversionTest`2.<>c__DisplayClass4_1.<Test>b__2() in /app/osu.Game/Tests/Beatmaps/BeatmapConversionTest.cs:line 98
   at NUnit.Framework.Assert.Multiple(TestDelegate testDelegate)
   at osu.Game.Tests.Beatmaps.BeatmapConversionTest`2.<>c__DisplayClass4_0.<Test>b__1() in /app/osu.Game/Tests/Beatmaps/BeatmapConversionTest.cs:line 77
   at NUnit.Framework.Assert.Multiple(TestDelegate testDelegate)
   at osu.Game.Tests.Beatmaps.BeatmapConversionTest`2.Test(String name, Type[] mods) in /app/osu.Game/Tests/Beatmaps/BeatmapConversionTest.cs:line 50
   at osu.Game.Rulesets.Catch.Tests.CatchBeatmapConversionTest.Test(String name, Type[] mods) in /app/osu.Game.Rulesets.Catch.Tests/CatchBeatmapConversionTest.cs:line 58
   at InvokeStub_CatchBeatmapConversionTest.Test(Object, Span`1)

202)    at osu.Game.Tests.Beatmaps.BeatmapConversionTest`2.<>c__DisplayClass4_1.<Test>b__2() in /app/osu.Game/Tests/Beatmaps/BeatmapConversionTest.cs:line 98
   at NUnit.Framework.Assert.Multiple(TestDelegate testDelegate)
   at osu.Game.Tests.Beatmaps.BeatmapConversionTest`2.<>c__DisplayClass4_0.<Test>b__1() in /app/osu.Game/Tests/Beatmaps/BeatmapConversionTest.cs:line 77
   at NUnit.Framework.Assert.Multiple(TestDelegate testDelegate)
   at osu.Game.Tests.Beatmaps.BeatmapConversionTest`2.Test(String name, Type[] mods) in /app/osu.Game/Tests/Beatmaps/BeatmapConversionTest.cs:line 50
   at osu.Game.Rulesets.Catch.Tests.CatchBeatmapConversionTest.Test(String name, Type[] mods) in /app/osu.Game.Rulesets.Catch.Tests/CatchBeatmapConversionTest.cs:line 58
   at InvokeStub_CatchBeatmapConversionTest.Test(Object, Span`1)

203)    at osu.Game.Tests.Beatmaps.BeatmapConversionTest`2.<>c__DisplayClass4_1.<Test>b__2() in /app/osu.Game/Tests/Beatmaps/BeatmapConversionTest.cs:line 98
   at NUnit.Framework.Assert.Multiple(TestDelegate testDelegate)
   at osu.Game.Tests.Beatmaps.BeatmapConversionTest`2.<>c__DisplayClass4_0.<Test>b__1() in /app/osu.Game/Tests/Beatmaps/BeatmapConversionTest.cs:line 77
   at NUnit.Framework.Assert.Multiple(TestDelegate testDelegate)
   at osu.Game.Tests.Beatmaps.BeatmapConversionTest`2.Test(String name, Type[] mods) in /app/osu.Game/Tests/Beatmaps/BeatmapConversionTest.cs:line 50
   at osu.Game.Rulesets.Catch.Tests.CatchBeatmapConversionTest.Test(String name, Type[] mods) in /app/osu.Game.Rulesets.Catch.Tests/CatchBeatmapConversionTest.cs:line 58
   at InvokeStub_CatchBeatmapConversionTest.Test(Object, Span`1)

204)    at osu.Game.Tests.Beatmaps.BeatmapConversionTest`2.<>c__DisplayClass4_1.<Test>b__2() in /app/osu.Game/Tests/Beatmaps/BeatmapConversionTest.cs:line 98
   at NUnit.Framework.Assert.Multiple(TestDelegate testDelegate)
   at osu.Game.Tests.Beatmaps.BeatmapConversionTest`2.<>c__DisplayClass4_0.<Test>b__1() in /app/osu.Game/Tests/Beatmaps/BeatmapConversionTest.cs:line 77
   at NUnit.Framework.Assert.Multiple(TestDelegate testDelegate)
   at osu.Game.Tests.Beatmaps.BeatmapConversionTest`2.Test(String name, Type[] mods) in /app/osu.Game/Tests/Beatmaps/BeatmapConversionTest.cs:line 50
   at osu.Game.Rulesets.Catch.Tests.CatchBeatmapConversionTest.Test(String name, Type[] mods) in /app/osu.Game.Rulesets.Catch.Tests/CatchBeatmapConversionTest.cs:line 58
   at InvokeStub_CatchBeatmapConversionTest.Test(Object, Span`1)

205)    at osu.Game.Tests.Beatmaps.BeatmapConversionTest`2.<>c__DisplayClass4_1.<Test>b__2() in /app/osu.Game/Tests/Beatmaps/BeatmapConversionTest.cs:line 98
   at NUnit.Framework.Assert.Multiple(TestDelegate testDelegate)
   at osu.Game.Tests.Beatmaps.BeatmapConversionTest`2.<>c__DisplayClass4_0.<Test>b__1() in /app/osu.Game/Tests/Beatmaps/BeatmapConversionTest.cs:line 77
   at NUnit.Framework.Assert.Multiple(TestDelegate testDelegate)
   at osu.Game.Tests.Beatmaps.BeatmapConversionTest`2.Test(String name, Type[] mods) in /app/osu.Game/Tests/Beatmaps/BeatmapConversionTest.cs:line 50
   at osu.Game.Rulesets.Catch.Tests.CatchBeatmapConversionTest.Test(String name, Type[] mods) in /app/osu.Game.Rulesets.Catch.Tests/CatchBeatmapConversionTest.cs:line 58
   at InvokeStub_CatchBeatmapConversionTest.Test(Object, Span`1)



Failed!  - Failed:     9, Passed:    28, Skipped:     0, Total:    37, Duration: 19 s - osu.Game.Rulesets.Catch.Tests.dll (net8.0)
